The no-dev option is deprecated.  Use -Wno-author instead.
-- The C compiler identification is GNU 16.1.1
-- The CXX compiler identification is GNU 16.1.1
-- Detecting C compiler ABI info
-- Detecting C compiler ABI info - done
-- Check for working C compiler: /usr/bin/cc - skipped
-- Detecting C compile features
-- Detecting C compile features - done
-- Detecting CXX compiler ABI info
-- Detecting CXX compiler ABI info - done
-- Check for working CXX compiler: /usr/bin/c++ - skipped
-- Detecting CXX compile features
-- Detecting CXX compile features - done
-- Use little endian
-- Configuring done (0.5s)
-- Generating done (0.0s)
-- Build files have been written to: /build/alacenc/src/build
[ 10%] Building CXX object vendor/alac/CMakeFiles/alac_s.dir/codec/ALACEncoder.cpp.o
[ 10%] Building C object vendor/alac/CMakeFiles/alac_s.dir/codec/ALACBitUtilities.c.o
[ 20%] Building C object vendor/alac/CMakeFiles/alac_s.dir/codec/EndianPortable.c.o
[ 20%] Building C object vendor/alac/CMakeFiles/alac_s.dir/codec/ag_dec.c.o
[ 35%] Building C object vendor/alac/CMakeFiles/alac_s.dir/codec/ag_enc.c.o
[ 35%] Building CXX object vendor/docopt/CMakeFiles/docopt_o.dir/docopt.cpp.o
[ 40%] Building C object vendor/alac/CMakeFiles/alac_s.dir/codec/dp_enc.c.o
[ 40%] Building C object vendor/alac/CMakeFiles/alac_s.dir/codec/matrix_dec.c.o
[ 55%] Building C object vendor/alac/CMakeFiles/alac_s.dir/codec/matrix_enc.c.o
[ 55%] Building CXX object vendor/alac/CMakeFiles/alac_s.dir/codec/ALACDecoder.cpp.o
[ 55%] Building C object vendor/alac/CMakeFiles/alac_s.dir/codec/dp_dec.c.o
[ 60%] Linking CXX static library libalac_s.a
[ 60%] Built target alac_s
[ 60%] Built target docopt_o
[ 65%] Linking CXX static library libdocopt.a
[ 65%] Built target docopt_s
[ 70%] Building CXX object CMakeFiles/alacenc.dir/main.cpp.o
[ 75%] Building CXX object CMakeFiles/alacenc.dir/atoms.cpp.o
[ 90%] Building CXX object CMakeFiles/alacenc.dir/tags.cpp.o
[ 90%] Building CXX object CMakeFiles/alacenc.dir/encoder.cpp.o
[ 90%] Building CXX object CMakeFiles/alacenc.dir/types.cpp.o
[ 95%] Building CXX object CMakeFiles/alacenc.dir/wavheader.cpp.o
[100%] Linking CXX executable alacenc
[100%] Built target alacenc
