The no-dev option is deprecated.  Use -Wno-author instead.
-- The C compiler identification is GNU 16.2.1
-- The CXX compiler identification is GNU 16.2.1
-- Detecting C compiler ABI info
-- Detecting C compiler ABI info - done
-- Check for working C compiler: /usr/bin/cc - skipped
-- Detecting C compile features
-- Detecting C compile features - done
-- Detecting CXX compiler ABI info
-- Detecting CXX compiler ABI info - done
-- Check for working CXX compiler: /usr/bin/c++ - skipped
-- Detecting CXX compile features
-- Detecting CXX compile features - done
-- ccache not found.
-- Found Git: /usr/bin/git (found version "2.56.0")
-- Looking for readline
-- Looking for readline - found
-- Looking for add_history
-- Looking for add_history - found
-- Looking for stdio.h
-- Looking for stdio.h - found
-- Looking for readline.h
-- Looking for readline.h - not found.
-- Looking for readline/readline.h
-- Looking for readline/readline.h - found
-- Looking for readline/history.h
-- Looking for readline/history.h - found
-- Found readline: /usr/lib/libreadline.so
-- Found PkgConfig: /usr/bin/pkg-config (found version "3.0.7")
-- Checking for one of the modules 'gdlib'
-- gdlib version: 2.3.3 -- OK
-- Looking for getopt_long
-- Looking for getopt_long - found
-- Found ZLIB: /usr/lib/libz.so (found version "1.3.2")
-- Found PNG: /usr/lib/libpng.so (found version "1.6.59")
-- Performing Test CMAKE_HAVE_LIBC_PTHREAD
-- Performing Test CMAKE_HAVE_LIBC_PTHREAD - Success
-- Found Threads: TRUE
-- Looking for include files boost/system/error_code.hpp, boost/asio.hpp
-- Looking for include files boost/system/error_code.hpp, boost/asio.hpp - found
-- libmaxminddb found, IP2Country support enabled
-- Looking for argz.h
-- Looking for argz.h - found
-- Looking for limits.h
-- Looking for limits.h - found
-- Looking for locale.h
-- Looking for locale.h - found
-- Looking for nl_types.h
-- Looking for nl_types.h - found
-- Looking for stdlib.h
-- Looking for stdlib.h - found
-- Looking for string.h
-- Looking for string.h - found
-- Looking for sys/param.h
-- Looking for sys/param.h - found
-- Looking for stddef.h
-- Looking for stddef.h - found
-- Found Gettext: /usr/bin/msgmerge (found version "1.0")
-- Everything is fine. aMule can be localized
-- Found Intl: built in to C library
-- Looking for fallocate
-- Looking for fallocate - found
-- Looking for getrlimit
-- Looking for getrlimit - found
-- Looking for setrlimit
-- Looking for setrlimit - found
-- Looking for fcntl.h
-- Looking for fcntl.h - found
-- Looking for sys/resource.h
-- Looking for sys/resource.h - found
-- Looking for sys/statvfs.h
-- Looking for sys/statvfs.h - found
-- Looking for posix_fallocate
-- Looking for posix_fallocate - found
-- Looking for sys/select.h
-- Looking for sys/select.h - found
-- Looking for sys/time.h
-- Looking for sys/time.h - found
-- Looking for sys/wait.h
-- Looking for sys/wait.h - found
-- Looking for unistd.h
-- Looking for unistd.h - found
-- Looking for sys/types.h
-- Looking for sys/types.h - found
-- Looking for stdint.h
-- Looking for stdint.h - found
-- Check size of int
-- Check size of int - done
-- Looking for errno.h
-- Looking for errno.h - found
-- Looking for float.h
-- Looking for float.h - found
-- Looking for signal.h
-- Looking for signal.h - found
-- Looking for stdarg.h
-- Looking for stdarg.h - found
-- Looking for free
-- Looking for free - found
-- Looking for sys/mman.h
-- Looking for sys/mman.h - found
-- Looking for mmap
-- Looking for mmap - found
-- Looking for munmap
-- Looking for munmap - found
-- Looking for sigaction
-- Looking for sigaction - found
-- Looking for sysconf
-- Looking for sysconf - found
-- _SC_PAGESIZE found
-- mmap support available (runtime-toggleable via MMapEnabled)
-- Looking for C++ include cxxabi.h
-- Looking for C++ include cxxabi.h - found
-- Looking for execinfo.h
-- Looking for execinfo.h - found
-- Looking for inttypes.h
-- Looking for inttypes.h - found
-- Looking for strerror_r
-- Looking for strerror_r - found
-- Looking for C++ include cryptlib.h
-- Looking for C++ include cryptlib.h - not found
-- Looking for C++ include cryptopp/cryptlib.h
-- Looking for C++ include cryptopp/cryptlib.h - found
-- cryptopp prefix found: cryptopp
-- Found libcrypto++ in /usr/lib/libcryptopp.so
-- Looking for C++ include cryptopp/config.h
-- Looking for C++ include cryptopp/config.h - found
-- crypto++ version 8.9.0 -- OK
-- Found wxWidgets: -lwx_baseu-3.2;-lwx_gtk3u_core-3.2;-lwx_baseu_net-3.2;-lwx_gtk3u_stc-3.2 (found suitable version "3.2.11", minimum required is "3.2.0")
-- Performing Test amule_HAVE_WXWEBREQUEST
-- Performing Test amule_HAVE_WXWEBREQUEST - Success
-- libcurl headers found (8.22.0) — CHTTPDownloadThread CURLOPT tuning enabled
-- git revision rev. 3.1.0-150-g0db74652c found
-- Looking for bfd.h
-- Looking for bfd.h - found
-- bfd link set: /usr/lib/libbfd.so;/usr/lib/libiberty.a;/usr/lib/libzstd.so;/usr/lib/libsframe.so;/usr/lib/libz.so;/usr/lib/libdl.a
-- AppIndicator3 found: ayatana-appindicator3-0.1 0.6.0 — tray icon uses SNI backend
-- Found Python3: /usr/bin/python3.14 (found version "3.14.7") found components: Interpreter
-- Icon data: regenerating at build time via /usr/bin/python3.14
-- 

	Configured aMule GIT for 'Linux-7.2.8-arch1-2' on 'x86_64'.

	aMule enabled options:

	**** aMule Core ****
	Prefix where aMule should be installed?				
	Should aMule be compiled with i18n support?			ON
	Which mode should aMule be compiled in?				None
	Should aMule be compiled with UPnP support?			ON
	Should aMule be compiled with IP2country support?		ON
	Should aMule monolithic application be built?			ON
	Should aMule daemon version be built?				ON
	Should aMule remote gui be built?				ON

	**** aMule TextClient ****
	Should aMule Command Line Client be built?			ON

	**** aMule WebServer ****
	Should aMule WebServer be built?				ON

	**** aMule REST API ****
	Should aMule REST API be built?					OFF

	**** aMule ED2K Links Handler ****
	Should aMule ED2K Links Handler be built?			ON

	**** aMuleLinkCreator ****
	Should aMuleLinkCreator GUI version (alc) be built?		ON
	Should aMuleLinkCreator for console (alcc) be built?		ON

	**** aMule Statistics ****
	Should C aMule Statistics (CAS) be built?			ON
	Should aMule GUI Statistics (wxCas) be built?			ON

	**** General Libraries and Tools ****
	Should aMule file viewer for console be built?			ON

	Libraries aMule will use to build:
			boost				1.92.0
			crypto++			8.9.0 in cryptopp
			libupnp				1.14.31
			libintl				ON
			libmaxminddb			/usr/lib/libmaxminddb.so
			libpng				1.6.59
			libgd				2.3.3
			zlib				1.3.2
			tray-icon backend		StatusNotifierItem (ayatana-appindicator3-0.1 0.6.0)
-- Configuring done (10.8s)
-- Generating done (0.3s)
-- Build files have been written to: /build/amule-git/src/build
[  1%] Generating ar.gmo
[  1%] Generating ca.gmo
[  2%] Building CXX object unittests/tests/CMakeFiles/DialogLayoutTest.dir/DialogLayoutTest.cpp.o
[  2%] Generating ast.gmo
[  2%] Generating libs/ec/cpp/ECCodes.h
[  2%] Generating libs/ec/cpp/ECTagTypes.h
[  2%] Generating bg.gmo
[  5%] Generating bn.gmo
[  5%] Building CXX object src/CMakeFiles/mulesocket.dir/LibSocket.cpp.o
[  5%] Embedding /build/amule-git/src/amule/src/icons -> icon_data.c
[  5%] Building CXX object src/libs/common/CMakeFiles/mulecommon.dir/FileFunctions.cpp.o
[  5%] Generating AppStream metainfo releases from docs/CHANGELOG.md
[  5%] Building CXX object src/CMakeFiles/mulesocket.dir/NetworkInterfaces.cpp.o
[  5%] Building CXX object src/libwebcommon/CMakeFiles/webcommon.dir/AtomicFile.cpp.o
[  5%] Generating cs.gmo
[  5%] Building CXX object src/CMakeFiles/mulesocket.dir/NetworkAddress.cpp.o
[  5%] Building CXX object src/libs/common/CMakeFiles/mulecommon.dir/Format.cpp.o
[  5%] Building CXX object unittests/muleunit/CMakeFiles/muleunit.dir/test.cpp.o
[  6%] Building CXX object src/libs/common/CMakeFiles/mulecommon.dir/LocaleInit.cpp.o
[  6%] Rendering translated manpages via po4a
-- Generating /build/amule-git/src/build/src/libs/ec/cpp/ECTagTypes.h
-- Generating /build/amule-git/src/build/src/libs/ec/cpp/ECCodes.h
[  6%] Built target generate_ECTagTypes.h
[  6%] Building CXX object src/libs/common/CMakeFiles/mulecommon.dir/MD5Sum.cpp.o
[  6%] Building CXX object src/libwebcommon/CMakeFiles/webcommon.dir/ConstantTime.cpp.o
[  6%] Generating da.gmo
[  6%] Generating de.gmo
[  6%] Building CXX object unittests/muleunit/CMakeFiles/muleunit.dir/main.cpp.o
[  6%] Building CXX object src/libs/common/CMakeFiles/mulecommon.dir/MediaCodecName.cpp.o
[  6%] Building CXX object unittests/muleunit/CMakeFiles/muleunit.dir/testcase.cpp.o
[  6%] Building CXX object src/libs/common/CMakeFiles/mulecommon.dir/MuleDebug.cpp.o
[  6%] Built target generate_ECCodes.h
[  6%] Building CXX object unittests/muleunit/CMakeFiles/muleunit.dir/testregistry.cpp.o
[  6%] Building CXX object src/libs/common/CMakeFiles/mulecommon.dir/Path.cpp.o
[  6%] Generating el.gmo
[  6%] Built target amule_metainfo
[  6%] Generating en_GB.gmo
[  6%] Building CXX object src/libs/ec/cpp/CMakeFiles/ec.dir/ECCrypt.cpp.o
[  7%] Generating es.gmo
[  7%] Generating et_EE.gmo
emitted 338 icons (81 with SVG) -> /build/amule-git/src/build/src/icons/icon_data.c
[  7%] Generating eu.gmo
[  7%] Built target generate_icon_data
[  7%] Building CXX object src/libwebcommon/CMakeFiles/webcommon.dir/Credentials.cpp.o
[  7%] Generating fi.gmo
[  7%] Building CXX object src/libs/common/CMakeFiles/mulecommon.dir/RateLimiter.cpp.o
[  7%] Generating fr.gmo
[  7%] Generating gl.gmo
[  7%] Building CXX object unittests/muleunit/CMakeFiles/muleunit.dir/__/__/src/libs/common/MuleDebug.cpp.o
[  7%] Generating he.gmo
[  7%] Generating hr.gmo
[  7%] Generating hu.gmo
[  7%] Generating it.gmo
[  8%] Generating ja.gmo
[  8%] Generating ko_KR.gmo
[  8%] Generating lt.gmo
[  8%] Generating lv.gmo
[  8%] Generating nl.gmo
[  8%] Generating nn.gmo
[  8%] Building CXX object unittests/muleunit/CMakeFiles/muleunit.dir/__/__/src/libs/common/StringFunctions.cpp.o
[  8%] Generating pl.gmo
[  8%] Building CXX object src/CMakeFiles/muleappcommon.dir/UPnPBase.cpp.o
[  8%] Generating pt_BR.gmo
[  8%] Generating pt_PT.gmo
[  8%] Building C object src/libs/common/CMakeFiles/mulecommon.dir/strerror_r.c.o
[  8%] Building CXX object src/libs/ec/cpp/CMakeFiles/ec.dir/ECMemSocket.cpp.o
[  8%] Generating ro.gmo
[  8%] Building CXX object src/libwebcommon/CMakeFiles/webcommon.dir/Etag.cpp.o
[  9%] Generating ru.gmo
[  9%] Generating sl.gmo
[  9%] Building CXX object src/libwebcommon/CMakeFiles/webcommon.dir/HeaderParse.cpp.o
[  9%] Building CXX object src/CMakeFiles/muleappcommon.dir/CFile.cpp.o
[  9%] Generating sq.gmo
[ 10%] Building CXX object src/CMakeFiles/muleappgui.dir/CountryFlags.cpp.o
[ 10%] Generating sv.gmo
[ 10%] Building CXX object src/libs/ec/cpp/CMakeFiles/ec.dir/ECMuleSocket.cpp.o
[ 10%] Building CXX object src/libs/ec/cpp/CMakeFiles/ec.dir/ECPacket.cpp.o
[ 10%] Generating ta.gmo
[ 10%] Generating tr.gmo
[ 10%] Generating uk.gmo
[ 10%] Generating vi.gmo
[ 10%] Generating zh_CN.gmo
[ 10%] Generating zh_TW.gmo
[ 10%] Built target pofiles_1
[ 10%] Building CXX object src/CMakeFiles/muleappcommon.dir/ClientCredits.cpp.o
[ 10%] Building CXX object src/CMakeFiles/muleappcommon.dir/ClientMetaTrailer.cpp.o
[ 10%] Building CXX object src/libwebcommon/CMakeFiles/webcommon.dir/JsonWriter.cpp.o
[ 10%] Built target pofiles
[ 10%] Building CXX object src/libs/common/CMakeFiles/mulecommon.dir/StringFunctions.cpp.o
[ 10%] Building CXX object src/libs/common/CMakeFiles/mulecommon.dir/TextFile.cpp.o
[ 10%] Building CXX object src/CMakeFiles/ed2k.dir/ED2KLinkParser.cpp.o
[ 10%] Building CXX object src/utils/aLinkCreator/src/CMakeFiles/alcc.dir/alcc.cpp.o
[ 10%] Building CXX object src/CMakeFiles/ed2k.dir/MagnetURI.cpp.o
[ 10%] Building CXX object src/CMakeFiles/ed2k.dir/MuleCollection.cpp.o
[ 10%] Built target muleunit
[ 10%] Building CXX object src/CMakeFiles/muleappgui.dir/BarShader.cpp.o
[ 10%] Building CXX object src/CMakeFiles/muleappgui.dir/ColorFrameCtrl.cpp.o
[ 10%] Building CXX object src/utils/aLinkCreator/src/CMakeFiles/alcc.dir/ed2khash.cpp.o
[ 10%] Building CXX object src/CMakeFiles/muleappcommon.dir/DataToText.cpp.o
[ 10%] Building CXX object src/libs/ec/cpp/CMakeFiles/ec.dir/ECSpecialTags.cpp.o
[ 10%] Building CXX object src/libwebcommon/CMakeFiles/webcommon.dir/Jwt.cpp.o
[ 10%] Building CXX object src/utils/aLinkCreator/src/CMakeFiles/alc.dir/alc.cpp.o
[ 10%] Building CXX object src/CMakeFiles/muleappgui.dir/EditServerListDlg.cpp.o
[ 10%] Linking CXX executable ed2k
[ 11%] Generating amule.ca.1
[ 11%] Building CXX object src/utils/aLinkCreator/src/CMakeFiles/alc.dir/alcframe.cpp.o
[ 11%] Linking CXX executable DialogLayoutTest
[ 11%] Building CXX object src/CMakeFiles/muleappgui.dir/FileDetailListCtrl.cpp.o
[ 11%] Building CXX object src/CMakeFiles/muleappcommon.dir/ED2KLink.cpp.o
[ 11%] Linking CXX static library libmulecommon.a
[ 11%] Building CXX object src/CMakeFiles/muleappcommon.dir/Friend.cpp.o
[ 11%] Built target mulecommon
[ 11%] Building CXX object src/utils/aLinkCreator/src/CMakeFiles/alcc.dir/md4.cpp.o
[ 11%] Building CXX object src/CMakeFiles/muleappcommon.dir/GapList.cpp.o
[ 11%] Building CXX object src/libs/ec/cpp/CMakeFiles/ec.dir/ECSocket.cpp.o
[ 11%] Building CXX object src/libwebcommon/CMakeFiles/webcommon.dir/PathPatterns.cpp.o
[ 11%] Building C object src/utils/cas/CMakeFiles/cas.dir/cas.c.o
[ 11%] Building C object src/utils/cas/CMakeFiles/cas.dir/configfile.c.o
[ 11%] Building C object src/utils/cas/CMakeFiles/cas.dir/functions.c.o
[ 12%] Building C object src/utils/cas/CMakeFiles/cas.dir/graphics.c.o
[ 12%] Building C object src/utils/cas/CMakeFiles/cas.dir/html.c.o
[ 12%] Building CXX object src/CMakeFiles/muleappgui.dir/InfoGridDialog.cpp.o
[ 12%] Building C object src/utils/cas/CMakeFiles/cas.dir/lines.c.o
[ 12%] Linking C executable cas
[ 13%] Building CXX object src/libs/ec/cpp/CMakeFiles/ec.dir/ECTag.cpp.o
[ 13%] Building CXX object src/CMakeFiles/muleappgui.dir/ListColumnStore.cpp.o
[ 13%] Building CXX object src/utils/aLinkCreator/src/CMakeFiles/alc.dir/alcpix.cpp.o
[ 13%] Generating amulecmd.ca.1
[ 13%] Generating amuled.ca.1
[ 13%] Generating amulegui.ca.1
[ 13%] Generating amuleweb.ca.1
[ 13%] Generating ed2k.ca.1
[ 13%] Generating ../../src/utils/aLinkCreator/docs/alc.ca.1
[ 13%] Generating ../../src/utils/aLinkCreator/docs/alcc.ca.1
[ 14%] Linking CXX static library libwebcommon.a
[ 15%] Linking CXX executable alcc
[ 15%] Generating ../../src/utils/cas/docs/cas.ca.1
[ 15%] Generating ../../src/utils/wxCas/docs/wxcas.ca.1
[ 15%] Generating amule.de.1
[ 15%] Generating amulecmd.de.1
[ 15%] Built target cas
[ 15%] Built target webcommon
[ 15%] Generating amuled.de.1
[ 15%] Building CXX object src/utils/fileview/CMakeFiles/fileview.dir/__/__/kademlia/utils/UInt128.cpp.o
[ 15%] Building CXX object src/utils/wxCas/src/CMakeFiles/wxcas.dir/linuxmon.cpp.o
[ 15%] Generating amulegui.de.1
[ 16%] Generating amuleweb.de.1
[ 16%] Generating ed2k.de.1
[ 16%] Generating ../../src/utils/aLinkCreator/docs/alc.de.1
[ 16%] Generating ../../src/utils/aLinkCreator/docs/alcc.de.1
[ 16%] Generating ../../src/utils/cas/docs/cas.de.1
[ 17%] Generating ../../src/utils/wxCas/docs/wxcas.de.1
[ 17%] Generating amule.es.1
[ 17%] Generating amulecmd.es.1
[ 17%] Built target DialogLayoutTest
[ 17%] Generating amuled.es.1
[ 17%] Building CXX object src/utils/wxCas/src/CMakeFiles/wxcas.dir/onlinesig.cpp.o
[ 17%] Building CXX object src/utils/wxCas/src/CMakeFiles/wxcas.dir/wxcas.cpp.o
[ 17%] Generating amulegui.es.1
[ 17%] Generating amuleweb.es.1
[ 17%] Generating ed2k.es.1
[ 17%] Generating ../../src/utils/aLinkCreator/docs/alc.es.1
[ 17%] Building CXX object src/utils/aLinkCreator/src/CMakeFiles/alc.dir/ed2khash.cpp.o
[ 17%] Generating ../../src/utils/aLinkCreator/docs/alcc.es.1
[ 17%] Generating ../../src/utils/cas/docs/cas.es.1
[ 17%] Generating ../../src/utils/wxCas/docs/wxcas.es.1
[ 17%] Generating amule.fr.1
[ 17%] Generating amulecmd.fr.1
[ 17%] Generating amuled.fr.1
[ 18%] Generating amulegui.fr.1
[ 18%] Building CXX object src/CMakeFiles/muleappcommon.dir/LanguageList.cpp.o
[ 18%] Generating amuleweb.fr.1
[ 18%] Generating ed2k.fr.1
[ 18%] Building CXX object src/libs/ec/cpp/CMakeFiles/ec.dir/ECUInt128.cpp.o
[ 18%] Generating ../../src/utils/aLinkCreator/docs/alc.fr.1
[ 18%] Generating ../../src/utils/aLinkCreator/docs/alcc.fr.1
[ 19%] Generating ../../src/utils/cas/docs/cas.fr.1
[ 19%] Generating ../../src/utils/wxCas/docs/wxcas.fr.1
[ 19%] Generating amule.hu.1
[ 19%] Building CXX object src/utils/fileview/CMakeFiles/fileview.dir/__/__/CFile.cpp.o
[ 19%] Generating amulecmd.hu.1
[ 19%] Generating amuled.hu.1
[ 19%] Building CXX object src/CMakeFiles/muleappgui.dir/MuleBarRenderer.cpp.o
[ 19%] Generating amulegui.hu.1
[ 19%] Generating amuleweb.hu.1
[ 19%] Generating ed2k.hu.1
[ 20%] Building CXX object src/utils/fileview/CMakeFiles/fileview.dir/__/__/OtherFunctions.cpp.o
[ 20%] Generating ../../src/utils/aLinkCreator/docs/alc.hu.1
[ 20%] Generating ../../src/utils/aLinkCreator/docs/alcc.hu.1
[ 21%] Building CXX object src/CMakeFiles/muleappcommon.dir/MagnetURI.cpp.o
[ 21%] Generating ../../src/utils/cas/docs/cas.hu.1
[ 21%] Built target ed2k
[ 21%] Generating ../../src/utils/wxCas/docs/wxcas.hu.1
[ 21%] Building CXX object src/libs/ec/cpp/CMakeFiles/ec.dir/RemoteConnect.cpp.o
[ 21%] Generating amule.it.1
[ 21%] Building CXX object src/CMakeFiles/muleappgui.dir/MuleIconTextRenderer.cpp.o
[ 21%] Building CXX object unittests/tests/CMakeFiles/IPFilterIPv6Test.dir/IPFilterIPv6Test.cpp.o
[ 21%] Generating amulecmd.it.1
[ 22%] Generating amuled.it.1
[ 22%] Generating amulegui.it.1
[ 22%] Generating amuleweb.it.1
[ 22%] Generating ed2k.it.1
[ 22%] Building CXX object src/utils/fileview/CMakeFiles/fileview.dir/__/__/SafeFile.cpp.o
[ 22%] Building CXX object src/utils/aLinkCreator/src/CMakeFiles/alc.dir/md4.cpp.o
[ 22%] Generating ../../src/utils/aLinkCreator/docs/alc.it.1
[ 23%] Generating ../../src/utils/aLinkCreator/docs/alcc.it.1
[ 23%] Generating ../../src/utils/cas/docs/cas.it.1
[ 23%] Generating ../../src/utils/wxCas/docs/wxcas.it.1
[ 23%] Generating amule.nl.1
[ 23%] Building CXX object src/utils/wxCas/src/CMakeFiles/wxcas.dir/wxcascte.cpp.o
[ 23%] Generating amulecmd.nl.1
[ 23%] Generating amuled.nl.1
[ 23%] Generating amulegui.nl.1
[ 23%] Generating amuleweb.nl.1
[ 23%] Built target alcc
[ 23%] Building CXX object src/CMakeFiles/muleappcommon.dir/MemFile.cpp.o
[ 23%] Generating ed2k.nl.1
[ 23%] Generating ../../src/utils/aLinkCreator/docs/alc.nl.1
[ 23%] Building CXX object unittests/tests/CMakeFiles/ClientCreditsTest.dir/ClientCreditsTest.cpp.o
[ 23%] Generating ../../src/utils/aLinkCreator/docs/alcc.nl.1
[ 23%] Generating ../../src/utils/cas/docs/cas.nl.1
[ 23%] Generating ../../src/utils/wxCas/docs/wxcas.nl.1
[ 23%] Generating amule.pt_BR.1
[ 23%] Generating amulecmd.pt_BR.1
[ 23%] Generating amuled.pt_BR.1
[ 23%] Generating amulegui.pt_BR.1
[ 23%] Generating amuleweb.pt_BR.1
[ 23%] Generating ed2k.pt_BR.1
[ 23%] Building CXX object unittests/tests/CMakeFiles/ClientCreditsTest.dir/__/__/src/ClientCredits.cpp.o
[ 24%] Generating ../../src/utils/aLinkCreator/docs/alc.pt_BR.1
[ 24%] Generating ../../src/utils/aLinkCreator/docs/alcc.pt_BR.1
[ 24%] Generating ../../src/utils/cas/docs/cas.pt_BR.1
[ 24%] Generating ../../src/utils/wxCas/docs/wxcas.pt_BR.1
[ 24%] Generating amule.ro.1
[ 25%] Generating amulecmd.ro.1
[ 25%] Generating amuled.ro.1
[ 25%] Building CXX object unittests/tests/CMakeFiles/IPFilterIPv6Test.dir/__/__/src/IPFilterScanner.cpp.o
[ 25%] Generating amulegui.ro.1
[ 25%] Generating amuleweb.ro.1
[ 25%] Building CXX object src/CMakeFiles/muleappgui.dir/MuleColour.cpp.o
[ 25%] Generating ed2k.ro.1
[ 25%] Generating ../../src/utils/aLinkCreator/docs/alc.ro.1
[ 25%] Generating ../../src/utils/aLinkCreator/docs/alcc.ro.1
[ 25%] Generating ../../src/utils/cas/docs/cas.ro.1
[ 25%] Building CXX object unittests/tests/CMakeFiles/IPFilterIPv6Test.dir/__/__/src/NetworkAddress.cpp.o
[ 25%] Generating ../../src/utils/wxCas/docs/wxcas.ro.1
[ 25%] Generating amule.ru.1
[ 25%] Generating amulecmd.ru.1
[ 25%] Generating amuled.ru.1
[ 25%] Generating amulegui.ru.1
[ 25%] Generating amuleweb.ru.1
[ 26%] Generating ed2k.ru.1
[ 26%] Generating ../../src/utils/aLinkCreator/docs/alc.ru.1
[ 26%] Generating ../../src/utils/aLinkCreator/docs/alcc.ru.1
[ 26%] Generating ../../src/utils/cas/docs/cas.ru.1
[ 26%] Linking CXX executable alc
[ 26%] Building CXX object unittests/tests/CMakeFiles/ClientMetaTrailerTest.dir/ClientMetaTrailerTest.cpp.o
[ 26%] Generating ../../src/utils/wxCas/docs/wxcas.ru.1
[ 26%] Building CXX object src/utils/wxCas/src/CMakeFiles/wxcas.dir/wxcasframe.cpp.o
[ 27%] Generating amule.tr.1
[ 27%] Generating amulecmd.tr.1
[ 27%] Building CXX object src/utils/fileview/CMakeFiles/fileview.dir/__/__/Tag.cpp.o
[ 27%] Generating amuled.tr.1
[ 27%] Generating amulegui.tr.1
[ 28%] Generating amuleweb.tr.1
[ 28%] Building CXX object src/CMakeFiles/muleappgui.dir/MuleGifCtrl.cpp.o
[ 28%] Generating ed2k.tr.1
[ 28%] Generating ../../src/utils/aLinkCreator/docs/alc.tr.1
[ 28%] Building CXX object src/CMakeFiles/muleappgui.dir/MuleDataViewCtrl.cpp.o
[ 28%] Generating ../../src/utils/aLinkCreator/docs/alcc.tr.1
[ 28%] Generating ../../src/utils/cas/docs/cas.tr.1
[ 28%] Generating ../../src/utils/wxCas/docs/wxcas.tr.1
[ 28%] Generating amule.zh_TW.1
[ 28%] Generating amulecmd.zh_TW.1
[ 28%] Generating amuled.zh_TW.1
[ 28%] Generating amulegui.zh_TW.1
[ 28%] Building CXX object unittests/tests/CMakeFiles/TrackedClientRecordTest.dir/TrackedClientRecordTest.cpp.o
[ 29%] Generating amuleweb.zh_TW.1
[ 29%] Generating ed2k.zh_TW.1
[ 29%] Generating ../../src/utils/aLinkCreator/docs/alc.zh_TW.1
[ 29%] Generating ../../src/utils/aLinkCreator/docs/alcc.zh_TW.1
[ 29%] Building CXX object unittests/tests/CMakeFiles/IPFilterIPv6Test.dir/__/__/src/LoggerConsole.cpp.o
[ 29%] Generating ../../src/utils/cas/docs/cas.zh_TW.1
[ 30%] Generating ../../src/utils/wxCas/docs/wxcas.zh_TW.1
[ 30%] Built target translated_manpages
[ 31%] Building CXX object unittests/tests/CMakeFiles/ClientMetaTrailerTest.dir/__/__/src/ClientMetaTrailer.cpp.o
[ 31%] Building CXX object src/utils/wxCas/src/CMakeFiles/wxcas.dir/wxcasprefs.cpp.o
[ 31%] Linking CXX static library libmulesocket.a
[ 31%] Building CXX object unittests/tests/CMakeFiles/ClientCreditsTest.dir/__/__/src/LoggerConsole.cpp.o
[ 31%] Built target mulesocket
[ 31%] Building CXX object unittests/tests/CMakeFiles/SecIdentTest.dir/SecIdentTest.cpp.o
[ 31%] Building CXX object src/utils/wxCas/src/CMakeFiles/wxcas.dir/wxcaspix.cpp.o
[ 31%] Building CXX object src/CMakeFiles/muleappcommon.dir/MuleCollection.cpp.o
[ 31%] Building CXX object src/utils/wxCas/src/CMakeFiles/wxcas.dir/wxcasprint.cpp.o
[ 31%] Building CXX object unittests/tests/CMakeFiles/QuicNattProtocolTest.dir/QuicNattProtocolTest.cpp.o
[ 31%] Linking CXX static library libec.a
[ 31%] Built target ec
[ 31%] Building CXX object src/CMakeFiles/muleappcommon.dir/NetworkFunctions.cpp.o
[ 31%] Linking CXX executable TrackedClientRecordTest
[ 31%] Building CXX object unittests/tests/CMakeFiles/ClientMetaTrailerTest.dir/__/__/src/SafeFile.cpp.o
[ 31%] Building CXX object src/utils/fileview/CMakeFiles/fileview.dir/eD2kFiles.cpp.o
[ 32%] Linking CXX executable SecIdentTest
[ 32%] Building CXX object src/utils/fileview/CMakeFiles/fileview.dir/FileView.cpp.o
[ 32%] Linking CXX executable IPFilterIPv6Test
[ 32%] Building CXX object unittests/tests/CMakeFiles/UtpDialPolicyTest.dir/UtpDialPolicyTest.cpp.o
[ 32%] Linking CXX executable QuicNattProtocolTest
[ 32%] Building CXX object unittests/tests/CMakeFiles/ClientMetaTrailerTest.dir/__/__/src/CFile.cpp.o
[ 32%] Building CXX object unittests/tests/CMakeFiles/ClientMetaTrailerTest.dir/__/__/src/MemFile.cpp.o
[ 32%] Building CXX object src/CMakeFiles/muleappcommon.dir/OtherFunctions.cpp.o
[ 32%] Linking CXX executable ClientCreditsTest
[ 32%] Building CXX object src/CMakeFiles/muleappgui.dir/MuleVirtualDataViewCtrl.cpp.o
[ 32%] Building CXX object src/CMakeFiles/muleappgui.dir/MuleNotebook.cpp.o
[ 32%] Building CXX object unittests/tests/CMakeFiles/NatRendezvousPolicyTest.dir/NatRendezvousPolicyTest.cpp.o
[ 32%] Building CXX object src/utils/fileview/CMakeFiles/fileview.dir/KadFiles.cpp.o
[ 32%] Building CXX object src/utils/fileview/CMakeFiles/fileview.dir/Print.cpp.o
[ 32%] Linking CXX executable UtpDialPolicyTest
[ 33%] Linking CXX executable wxcas
[ 34%] Building CXX object unittests/tests/CMakeFiles/NatRendezvousPolicyTest.dir/__/__/src/libs/common/Format.cpp.o
[ 34%] Building CXX object src/CMakeFiles/muleappcommon.dir/Packet.cpp.o
[ 34%] Built target alc
[ 34%] Building CXX object unittests/tests/CMakeFiles/ClientMetaTrailerTest.dir/__/__/src/kademlia/utils/UInt128.cpp.o
[ 34%] Building CXX object unittests/tests/CMakeFiles/NatServerHolePunchTest.dir/NatServerHolePunchTest.cpp.o
[ 34%] Built target TrackedClientRecordTest
[ 34%] Building CXX object unittests/tests/CMakeFiles/ClientMetaTrailerTest.dir/__/__/src/Tag.cpp.o
[ 34%] Building CXX object unittests/tests/CMakeFiles/NatRendezvousProtocolTest.dir/NatRendezvousProtocolTest.cpp.o
[ 34%] Building C object unittests/tests/CMakeFiles/NatRendezvousPolicyTest.dir/__/__/src/libs/common/strerror_r.c.o
[ 34%] Building CXX object src/CMakeFiles/muleappgui.dir/MuleTextCtrl.cpp.o
[ 34%] Built target SecIdentTest
[ 34%] Building CXX object unittests/tests/CMakeFiles/UtpStreamTest.dir/UtpStreamTest.cpp.o
[ 34%] Building CXX object unittests/tests/CMakeFiles/ClientMetaTrailerTest.dir/__/__/src/LoggerConsole.cpp.o
[ 34%] Building CXX object src/CMakeFiles/muleappcommon.dir/RLE.cpp.o
[ 34%] Built target QuicNattProtocolTest
[ 34%] Building CXX object unittests/tests/CMakeFiles/ClientMetaTrailerTest.dir/__/__/src/libs/common/Path.cpp.o
[ 34%] Built target IPFilterIPv6Test
[ 34%] Building CXX object unittests/tests/CMakeFiles/QuicSocketTransportTest.dir/QuicSocketTransportTest.cpp.o
[ 34%] Building CXX object unittests/tests/CMakeFiles/NatRendezvousProtocolTest.dir/__/__/src/libs/common/Format.cpp.o
[ 34%] Building CXX object unittests/tests/CMakeFiles/NatRendezvousPolicyTest.dir/__/__/src/NetworkAddress.cpp.o
[ 34%] Built target ClientCreditsTest
[ 34%] Building CXX object unittests/tests/CMakeFiles/UtpStreamTest.dir/__/__/src/libs/common/Format.cpp.o
[ 35%] Linking CXX executable NatServerHolePunchTest
[ 36%] Building CXX object unittests/tests/CMakeFiles/UtpSocketTransportTest.dir/UtpSocketTransportTest.cpp.o
[ 36%] Built target UtpDialPolicyTest
[ 36%] Building CXX object src/CMakeFiles/muleappgui.dir/MuleLogCtrl.cpp.o
[ 36%] Building CXX object unittests/tests/CMakeFiles/LibSocketTransportTest.dir/LibSocketTransportTest.cpp.o
[ 36%] Linking CXX executable fileview
[ 36%] Building CXX object src/CMakeFiles/muleappcommon.dir/SafeFile.cpp.o
/usr/src/debug/amule-git/amule/src/Logger.h:161:7: warning: type ‘struct CLogger’ violates the C++ One Definition Rule [-Wodr]
/usr/src/debug/amule-git/amule/src/utils/fileview/FileView.cpp:57:7: note: a type with different bases is defined in another translation unit
/usr/src/debug/amule-git/amule/src/Logger.h:32:6: warning: type ‘DebugType’ violates the C++ One Definition Rule [-Wodr]
/usr/src/debug/amule-git/amule/src/utils/fileview/FileView.cpp:53:6: note: a type with different signedness is defined in another translation unit
/usr/src/debug/amule-git/amule/src/Logger.h:190:7: warning: type of ‘AddLogLine’ does not match original declaration [-Wlto-type-mismatch]
/usr/src/debug/amule-git/amule/src/utils/fileview/FileView.cpp:77:6: note: type mismatch in parameter 4
/usr/src/debug/amule-git/amule/src/utils/fileview/FileView.cpp:53:6: note: type ‘DebugType’ itself violates the C++ One Definition Rule
/usr/src/debug/amule-git/amule/src/Logger.h:32:6: note: the incompatible type is defined here
/usr/src/debug/amule-git/amule/src/utils/fileview/FileView.cpp:77:6: note: ‘AddLogLine’ was previously declared here
/usr/src/debug/amule-git/amule/src/utils/fileview/FileView.cpp:77:6: note: code may be misoptimized unless ‘-fno-strict-aliasing’ is used
/usr/src/debug/amule-git/amule/src/Logger.h:257:16: warning: ‘theLogger’ violates the C++ One Definition Rule [-Wodr]
/usr/src/debug/amule-git/amule/src/utils/fileview/FileView.cpp:57:7: note: type ‘struct CLogger’ itself violates the C++ One Definition Rule
/usr/src/debug/amule-git/amule/src/Logger.h:161:7: note: the incompatible type is defined here
/usr/src/debug/amule-git/amule/src/utils/fileview/FileView.cpp:88:9: note: ‘theLogger’ was previously declared here
/usr/src/debug/amule-git/amule/src/utils/fileview/FileView.cpp:88:9: note: code may be misoptimized unless ‘-fno-strict-aliasing’ is used
[ 36%] Building C object unittests/tests/CMakeFiles/NatRendezvousProtocolTest.dir/__/__/src/libs/common/strerror_r.c.o
[ 36%] Building C object unittests/tests/CMakeFiles/UtpStreamTest.dir/__/__/src/libs/common/strerror_r.c.o
[ 36%] Building CXX object unittests/tests/CMakeFiles/QuicSocketTransportTest.dir/__/__/src/QuicSocketTransport.cpp.o
[ 36%] Building CXX object unittests/tests/CMakeFiles/UtpSocketTransportTest.dir/__/__/src/NetworkAddress.cpp.o
[ 36%] Building CXX object unittests/tests/CMakeFiles/PacketTest.dir/PacketTest.cpp.o
[ 36%] Building CXX object unittests/tests/CMakeFiles/ClientMetaTrailerTest.dir/__/__/src/libs/common/Format.cpp.o
[ 37%] Building CXX object unittests/tests/CMakeFiles/PacketTest.dir/__/__/src/Packet.cpp.o
[ 37%] Linking CXX executable UtpStreamTest
[ 37%] Building CXX object unittests/tests/CMakeFiles/NatRendezvousProtocolTest.dir/__/__/src/NetworkAddress.cpp.o
[ 37%] Building CXX object unittests/tests/CMakeFiles/PacketTest.dir/__/__/src/MemFile.cpp.o
[ 37%] Building CXX object unittests/tests/CMakeFiles/LibSocketTransportTest.dir/__/__/src/LibSocket.cpp.o
[ 37%] Linking CXX executable NatRendezvousPolicyTest
[ 37%] Building CXX object unittests/tests/CMakeFiles/LibSocketTransportTest.dir/__/__/src/NetworkInterfaces.cpp.o
[ 37%] Building CXX object unittests/tests/CMakeFiles/LibSocketTransportTest.dir/__/__/src/NetworkAddress.cpp.o
[ 37%] Building CXX object src/CMakeFiles/muleappgui.dir/PartBarLegendUI.cpp.o
[ 37%] Built target wxcas
[ 37%] Building C object unittests/tests/CMakeFiles/ClientMetaTrailerTest.dir/__/__/src/libs/common/strerror_r.c.o
[ 37%] Building CXX object unittests/tests/CMakeFiles/QuicSocketTransportTest.dir/__/__/src/NetworkAddress.cpp.o
[ 38%] Linking CXX executable ClientMetaTrailerTest
[ 38%] Building CXX object unittests/tests/CMakeFiles/UtpSocketTransportTest.dir/__/__/src/libs/common/Format.cpp.o
[ 38%] Building C object unittests/tests/CMakeFiles/UtpSocketTransportTest.dir/__/__/src/libs/common/strerror_r.c.o
[ 38%] Linking CXX executable NatRendezvousProtocolTest
[ 38%] Built target NatServerHolePunchTest
[ 38%] Building CXX object src/CMakeFiles/muleappcommon.dir/SHA.cpp.o
[ 38%] Building CXX object src/CMakeFiles/muleappcommon.dir/Tag.cpp.o
[ 38%] Building CXX object unittests/tests/CMakeFiles/LibSocketTransportTest.dir/__/__/src/libs/common/Format.cpp.o
[ 38%] Building C object unittests/tests/CMakeFiles/LibSocketTransportTest.dir/__/__/src/libs/common/strerror_r.c.o
[ 38%] Building CXX object unittests/tests/CMakeFiles/QuicSocketTransportTest.dir/__/__/src/GetTickCount.cpp.o
[ 39%] Building CXX object src/CMakeFiles/muleappcommon.dir/TerminationProcess.cpp.o
[ 39%] Building CXX object unittests/tests/CMakeFiles/PacketTest.dir/__/__/src/SafeFile.cpp.o
[ 39%] Building CXX object unittests/tests/CMakeFiles/PacketTest.dir/__/__/src/Tag.cpp.o
[ 40%] Building CXX object unittests/tests/CMakeFiles/QuicSocketTransportTest.dir/__/__/src/libs/common/Format.cpp.o
[ 40%] Building CXX object unittests/tests/CMakeFiles/PacketTest.dir/__/__/src/libs/common/Format.cpp.o
[ 40%] Building CXX object unittests/tests/CMakeFiles/CTagTest.dir/CTagTest.cpp.o
[ 40%] Linking CXX executable UtpSocketTransportTest
[ 40%] Building CXX object src/CMakeFiles/muleappcommon.dir/Timer.cpp.o
[ 40%] Building CXX object unittests/tests/CMakeFiles/ClientVersionStringTest.dir/ClientVersionStringTest.cpp.o
[ 40%] Built target NatRendezvousPolicyTest
[ 40%] Building CXX object unittests/tests/CMakeFiles/ECPrefsDiffTest.dir/ECPrefsDiffTest.cpp.o
[ 40%] Building CXX object unittests/tests/CMakeFiles/ClientVersionStringTest.dir/__/__/src/ClientVersionString.cpp.o
[ 40%] Built target UtpStreamTest
[ 40%] Building CXX object unittests/tests/CMakeFiles/ECPrefsDiffTest.dir/__/__/src/ECPrefsDiff.cpp.o
[ 40%] Building CXX object unittests/tests/CMakeFiles/ECIdDiffTest.dir/ECIdDiffTest.cpp.o
[ 40%] Building CXX object unittests/tests/CMakeFiles/ECPrefsDiffTest.dir/__/__/src/LoggerConsole.cpp.o
[ 40%] Building CXX object unittests/tests/CMakeFiles/ECIdDiffTest.dir/__/__/src/LoggerConsole.cpp.o
[ 40%] Building C object unittests/tests/CMakeFiles/QuicSocketTransportTest.dir/__/__/src/libs/common/strerror_r.c.o
[ 40%] Linking CXX executable QuicSocketTransportTest
[ 40%] Building CXX object unittests/tests/CMakeFiles/SearchProgressReportTest.dir/SearchProgressReportTest.cpp.o
[ 40%] Building CXX object unittests/tests/CMakeFiles/SearchProgressReportTest.dir/__/__/src/SearchProgressReport.cpp.o
[ 40%] Linking CXX executable ClientVersionStringTest
[ 40%] Linking CXX static library libmuleappgui.a
[ 40%] Building C object unittests/tests/CMakeFiles/PacketTest.dir/__/__/src/libs/common/strerror_r.c.o
[ 40%] Building CXX object unittests/tests/CMakeFiles/SearchProgressReportTest.dir/__/__/src/LoggerConsole.cpp.o
[ 40%] Building CXX object unittests/tests/CMakeFiles/CTagTest.dir/__/__/src/SafeFile.cpp.o
[ 40%] Built target fileview
[ 40%] Built target muleappgui
[ 40%] Linking CXX static library libmuleappcommon.a
[ 40%] Building CXX object unittests/tests/CMakeFiles/ECSocketFlagsTest.dir/ECSocketFlagsTest.cpp.o
[ 40%] Built target muleappcommon
[ 40%] Built target ClientMetaTrailerTest
[ 40%] Building CXX object unittests/tests/CMakeFiles/CValueMapTest.dir/CValueMapTest.cpp.o
[ 40%] Building CXX object unittests/tests/CMakeFiles/BanRecordTest.dir/BanRecordTest.cpp.o
[ 40%] Built target NatRendezvousProtocolTest
[ 40%] Linking CXX executable PacketTest
[ 40%] Building CXX object unittests/tests/CMakeFiles/CTagTest.dir/__/__/src/MemFile.cpp.o
[ 40%] Building CXX object unittests/tests/CMakeFiles/ECSocketFlagsTest.dir/__/__/src/LoggerConsole.cpp.o
[ 41%] Building CXX object unittests/tests/CMakeFiles/CTagTest.dir/__/__/src/Tag.cpp.o
[ 41%] Linking CXX executable ECPrefsDiffTest
[ 42%] Building CXX object unittests/tests/CMakeFiles/NetworkAddressTest.dir/NetworkAddressTest.cpp.o
[ 42%] Building CXX object unittests/tests/CMakeFiles/CValueMapTest.dir/__/__/src/LoggerConsole.cpp.o
[ 42%] Building CXX object unittests/tests/CMakeFiles/CTagTest.dir/__/__/src/libs/common/Format.cpp.o
[ 42%] Building C object unittests/tests/CMakeFiles/CTagTest.dir/__/__/src/libs/common/strerror_r.c.o
[ 43%] Linking CXX executable ECIdDiffTest
[ 43%] Building CXX object unittests/tests/CMakeFiles/ProxyTest.dir/ProxyTest.cpp.o
[ 43%] Linking CXX executable BanRecordTest
[ 43%] Linking CXX executable SearchProgressReportTest
[ 43%] Building CXX object unittests/tests/CMakeFiles/NetworkAddressTest.dir/NetworkAddressTableLinkage.cpp.o
[ 44%] Building CXX object unittests/tests/CMakeFiles/PeerAddressingTest.dir/PeerAddressingTest.cpp.o
[ 44%] Built target UtpSocketTransportTest
[ 44%] Building CXX object unittests/tests/CMakeFiles/UploadQueueAddressPolicyTest.dir/UploadQueueAddressPolicyTest.cpp.o
[ 44%] Building CXX object unittests/tests/CMakeFiles/AddressFamilyPolicyTest.dir/AddressFamilyPolicyTest.cpp.o
[ 44%] Building CXX object unittests/tests/CMakeFiles/CUInt128Test.dir/CUInt128Test.cpp.o
[ 44%] Building CXX object unittests/tests/CMakeFiles/CUInt128Test.dir/__/__/src/kademlia/utils/UInt128.cpp.o
[ 44%] Linking CXX executable ECSocketFlagsTest
[ 44%] Building CXX object unittests/tests/CMakeFiles/PeerAddressingTest.dir/__/__/src/libs/common/Format.cpp.o
[ 44%] Built target QuicSocketTransportTest
[ 44%] Building C object unittests/tests/CMakeFiles/PeerAddressingTest.dir/__/__/src/libs/common/strerror_r.c.o
[ 44%] Building CXX object unittests/tests/CMakeFiles/KadAICHHashListTest.dir/KadAICHHashListTest.cpp.o
[ 44%] Building CXX object unittests/tests/CMakeFiles/KadEntryTagListTest.dir/KadEntryTagListTest.cpp.o
[ 44%] Built target ClientVersionStringTest
[ 44%] Building CXX object unittests/tests/CMakeFiles/KadAICHHashListTest.dir/__/__/src/kademlia/kademlia/AICHHashList.cpp.o
[ 44%] Linking CXX executable CValueMapTest
[ 44%] Linking CXX executable CTagTest
[ 44%] Building CXX object unittests/tests/CMakeFiles/UploadQueueAddressPolicyTest.dir/__/__/src/libs/common/Format.cpp.o
[ 44%] Built target PacketTest
[ 45%] Building CXX object unittests/tests/CMakeFiles/FastKadTest.dir/FastKadTest.cpp.o
[ 45%] Building CXX object unittests/tests/CMakeFiles/NetworkAddressTest.dir/__/__/src/libs/common/Format.cpp.o
[ 45%] Building CXX object unittests/tests/CMakeFiles/SafeKadTest.dir/SafeKadTest.cpp.o
[ 45%] Building CXX object unittests/tests/CMakeFiles/PeerAddressingTest.dir/__/__/src/NetworkAddress.cpp.o
[ 45%] Building CXX object unittests/tests/CMakeFiles/CUInt128Test.dir/__/__/src/libs/common/Format.cpp.o
[ 45%] Building C object unittests/tests/CMakeFiles/CUInt128Test.dir/__/__/src/libs/common/strerror_r.c.o
[ 45%] Building CXX object unittests/tests/CMakeFiles/FastKadTest.dir/__/__/src/kademlia/net/FastKad.cpp.o
[ 45%] Building CXX object unittests/tests/CMakeFiles/FileDataIOTest.dir/FileDataIOTest.cpp.o
[ 45%] Linking CXX executable KadAICHHashListTest
[ 45%] Linking CXX executable LibSocketTransportTest
[ 45%] Building CXX object unittests/tests/CMakeFiles/ProxyTest.dir/__/__/src/NetworkAddress.cpp.o
[ 45%] Built target ECPrefsDiffTest
[ 45%] Building CXX object unittests/tests/CMakeFiles/ProxyTest.dir/__/__/src/libs/common/Format.cpp.o
[ 45%] Building C object unittests/tests/CMakeFiles/UploadQueueAddressPolicyTest.dir/__/__/src/libs/common/strerror_r.c.o
[ 45%] Building CXX object unittests/tests/CMakeFiles/UploadQueueAddressPolicyTest.dir/__/__/src/NetworkAddress.cpp.o
[ 45%] Building C object unittests/tests/CMakeFiles/NetworkAddressTest.dir/__/__/src/libs/common/strerror_r.c.o
[ 45%] Built target ECIdDiffTest
[ 45%] Building CXX object unittests/tests/CMakeFiles/NetworkAddressTest.dir/__/__/src/NetworkAddress.cpp.o
[ 45%] Building CXX object unittests/tests/CMakeFiles/CloneFileTest.dir/CloneFileTest.cpp.o
[ 45%] Building CXX object unittests/tests/CMakeFiles/AddressFamilyPolicyTest.dir/__/__/src/libs/common/Format.cpp.o
[ 45%] Linking CXX executable CUInt128Test
[ 45%] Linking CXX executable FastKadTest
[ 46%] Building CXX object unittests/tests/CMakeFiles/KadEntryTagListTest.dir/__/__/src/kademlia/kademlia/Entry.cpp.o
[ 46%] Building CXX object unittests/tests/CMakeFiles/SafeKadTest.dir/__/__/src/kademlia/net/SafeKad.cpp.o
[ 46%] Built target BanRecordTest
[ 46%] Linking CXX executable PeerAddressingTest
[ 46%] Building CXX object unittests/tests/CMakeFiles/KadEntryTagListTest.dir/__/__/src/kademlia/kademlia/AICHHashList.cpp.o
[ 47%] Building C object unittests/tests/CMakeFiles/ProxyTest.dir/__/__/src/libs/common/strerror_r.c.o
[ 47%] Linking CXX executable ProxyTest
[ 47%] Built target ECSocketFlagsTest
[ 47%] Built target SearchProgressReportTest
[ 47%] Building CXX object unittests/tests/CMakeFiles/CloneFileTest.dir/__/__/src/SafeFile.cpp.o
[ 47%] Linking CXX executable UploadQueueAddressPolicyTest
[ 47%] Linking CXX executable NetworkAddressTest
[ 47%] Building C object unittests/tests/CMakeFiles/AddressFamilyPolicyTest.dir/__/__/src/libs/common/strerror_r.c.o
[ 48%] Building CXX object unittests/tests/CMakeFiles/AddressFamilyPolicyTest.dir/__/__/src/NetworkAddress.cpp.o
[ 48%] Building CXX object unittests/tests/CMakeFiles/CloneFileTest.dir/__/__/src/CFile.cpp.o
[ 48%] Building CXX object unittests/tests/CMakeFiles/SafeKadTest.dir/__/__/src/kademlia/utils/UInt128.cpp.o
[ 48%] Building CXX object unittests/tests/CMakeFiles/FormatTest.dir/FormatTest.cpp.o
[ 48%] Building CXX object unittests/tests/CMakeFiles/FileDataIOTest.dir/__/__/src/SafeFile.cpp.o
[ 48%] Building CXX object unittests/tests/CMakeFiles/FileDataIOTest.dir/__/__/src/CFile.cpp.o
[ 48%] Built target KadAICHHashListTest
[ 48%] Building CXX object unittests/tests/CMakeFiles/FormatTest.dir/__/__/src/libs/common/Format.cpp.o
[ 48%] Linking CXX executable SafeKadTest
[ 48%] Built target CValueMapTest
[ 48%] Building CXX object unittests/tests/CMakeFiles/KadEntryTagListTest.dir/__/__/src/SafeFile.cpp.o
[ 48%] Linking CXX executable AddressFamilyPolicyTest
[ 48%] Built target FastKadTest
[ 48%] Building CXX object unittests/tests/CMakeFiles/FileDataIOTest.dir/__/__/src/MemFile.cpp.o
[ 48%] Building CXX object unittests/tests/CMakeFiles/KadEntryTagListTest.dir/__/__/src/MemFile.cpp.o
[ 48%] Building CXX object unittests/tests/CMakeFiles/KadEntryTagListTest.dir/__/__/src/Tag.cpp.o
[ 48%] Building CXX object unittests/tests/CMakeFiles/CloneFileTest.dir/__/__/src/MemFile.cpp.o
[ 48%] Built target CUInt128Test
[ 48%] Building C object unittests/tests/CMakeFiles/FormatTest.dir/__/__/src/libs/common/strerror_r.c.o
[ 48%] Building CXX object unittests/tests/CMakeFiles/FileDataIOTest.dir/__/__/src/kademlia/utils/UInt128.cpp.o
[ 48%] Built target UploadQueueAddressPolicyTest
[ 48%] Built target CTagTest
[ 49%] Building CXX object unittests/tests/CMakeFiles/FileDataIOTest.dir/__/__/src/Tag.cpp.o
[ 50%] Built target ProxyTest
[ 50%] Linking CXX executable FormatTest
[ 50%] Building CXX object unittests/tests/CMakeFiles/CloneFileTest.dir/__/__/src/kademlia/utils/UInt128.cpp.o
[ 50%] Building CXX object unittests/tests/CMakeFiles/CloneFileTest.dir/__/__/src/Tag.cpp.o
[ 51%] Building CXX object unittests/tests/CMakeFiles/CloneFileTest.dir/__/__/src/libs/common/Path.cpp.o
[ 51%] Building CXX object unittests/tests/CMakeFiles/CloneFileTest.dir/__/__/src/libs/common/Format.cpp.o
[ 51%] Building CXX object unittests/tests/CMakeFiles/NetworkFunctionsTest.dir/NetworkFunctionsTest.cpp.o
[ 51%] Built target LibSocketTransportTest
[ 51%] Building CXX object unittests/tests/CMakeFiles/KadEntryTagListTest.dir/__/__/src/GetTickCount.cpp.o
[ 51%] Building CXX object unittests/tests/CMakeFiles/KadEntryTagListTest.dir/__/__/src/LoggerConsole.cpp.o
[ 51%] Building CXX object unittests/tests/CMakeFiles/FileDataIOTest.dir/__/__/src/libs/common/Path.cpp.o
[ 51%] Built target PeerAddressingTest
[ 51%] Building CXX object unittests/tests/CMakeFiles/KadEntryTagListTest.dir/KadPrefsStub.cpp.o
[ 51%] Building CXX object unittests/tests/CMakeFiles/FileDataIOTest.dir/__/__/src/libs/common/Format.cpp.o
[ 51%] Building CXX object unittests/tests/CMakeFiles/NetworkFunctionsTest.dir/__/__/src/NetworkFunctions.cpp.o
[ 51%] Building C object unittests/tests/CMakeFiles/FileDataIOTest.dir/__/__/src/libs/common/strerror_r.c.o
[ 52%] Building CXX object unittests/tests/CMakeFiles/NetworkFunctionsTest.dir/__/__/src/LibSocket.cpp.o
[ 52%] Built target AddressFamilyPolicyTest
[ 52%] Building CXX object unittests/tests/CMakeFiles/PathTest.dir/PathTest.cpp.o
[ 52%] Building C object unittests/tests/CMakeFiles/CloneFileTest.dir/__/__/src/libs/common/strerror_r.c.o
[ 52%] Building CXX object unittests/tests/CMakeFiles/FileFunctionsTest.dir/FileFunctionsTest.cpp.o
[ 52%] Building CXX object unittests/tests/CMakeFiles/RangeMapTest.dir/RangeMapTest.cpp.o
[ 52%] Building CXX object unittests/tests/CMakeFiles/StringFunctionsTest.dir/StringFunctionsTest.cpp.o
[ 52%] Building CXX object unittests/tests/CMakeFiles/StringFunctionsTest.dir/__/__/src/libs/common/Format.cpp.o
[ 52%] Building CXX object unittests/tests/CMakeFiles/RangeMapTest.dir/__/__/src/libs/common/Format.cpp.o
[ 52%] Built target NetworkAddressTest
[ 52%] Building CXX object unittests/tests/CMakeFiles/PathTest.dir/__/__/src/libs/common/Format.cpp.o
[ 52%] Building C object unittests/tests/CMakeFiles/RangeMapTest.dir/__/__/src/libs/common/strerror_r.c.o
[ 52%] Building C object unittests/tests/CMakeFiles/StringFunctionsTest.dir/__/__/src/libs/common/strerror_r.c.o
[ 52%] Building C object unittests/tests/CMakeFiles/PathTest.dir/__/__/src/libs/common/strerror_r.c.o
[ 52%] Building CXX object unittests/tests/CMakeFiles/PhpArrayTest.dir/__/__/src/webserver/src/php_syntree.cpp.o
[ 52%] Building CXX object unittests/tests/CMakeFiles/PhpArrayTest.dir/PhpArrayTest.cpp.o
[ 52%] Built target SafeKadTest
[ 52%] Building CXX object unittests/tests/CMakeFiles/CMuleCollectionTest.dir/CMuleCollectionTest.cpp.o
[ 52%] Building CXX object unittests/tests/CMakeFiles/MagnetURITest.dir/MagnetURITest.cpp.o
[ 52%] Building CXX object unittests/tests/CMakeFiles/StringFunctionsTest.dir/__/__/src/libs/common/Path.cpp.o
[ 52%] Linking CXX executable FileDataIOTest
[ 52%] Building CXX object unittests/tests/CMakeFiles/NetworkFunctionsTest.dir/__/__/src/NetworkInterfaces.cpp.o
[ 52%] Linking CXX executable CloneFileTest
[ 52%] Building CXX object unittests/tests/CMakeFiles/PhpArrayTest.dir/__/__/src/libs/common/Format.cpp.o
[ 52%] Building CXX object unittests/tests/CMakeFiles/PathTest.dir/__/__/src/libs/common/Path.cpp.o
[ 52%] Linking CXX executable FileFunctionsTest
[ 52%] Linking CXX executable KadEntryTagListTest
[ 52%] Building CXX object unittests/tests/CMakeFiles/SearchHistoryTest.dir/SearchHistoryTest.cpp.o
[ 52%] Building CXX object unittests/tests/CMakeFiles/CMuleCollectionTest.dir/__/__/src/MuleCollection.cpp.o
[ 52%] Building CXX object unittests/tests/CMakeFiles/MagnetURITest.dir/__/__/src/MagnetURI.cpp.o
[ 52%] Linking CXX executable RangeMapTest
[ 52%] Building CXX object unittests/tests/CMakeFiles/TextFileTest.dir/TextFileTest.cpp.o
[ 52%] Building C object unittests/tests/CMakeFiles/PhpArrayTest.dir/__/__/src/libs/common/strerror_r.c.o
[ 52%] Linking CXX executable PhpArrayTest
[ 53%] Linking CXX executable StringFunctionsTest
[ 53%] Building CXX object unittests/tests/CMakeFiles/NetworkFunctionsTest.dir/__/__/src/NetworkAddress.cpp.o
[ 53%] Building CXX object unittests/tests/CMakeFiles/SearchHistoryTest.dir/__/__/src/SearchHistory.cpp.o
[ 53%] Linking CXX executable PathTest
[ 53%] Building CXX object unittests/tests/CMakeFiles/MagnetURITest.dir/__/__/src/libs/common/Format.cpp.o
[ 53%] Building CXX object unittests/tests/CMakeFiles/TextFileTest.dir/__/__/src/libs/common/Format.cpp.o
[ 53%] Building C object unittests/tests/CMakeFiles/TextFileTest.dir/__/__/src/libs/common/strerror_r.c.o
[ 53%] Building CXX object unittests/tests/CMakeFiles/TextFileTest.dir/__/__/src/libs/common/Path.cpp.o
[ 53%] Building CXX object unittests/tests/CMakeFiles/CMuleCollectionTest.dir/__/__/src/libs/common/Format.cpp.o
[ 53%] Building CXX object unittests/tests/CMakeFiles/NetworkFunctionsTest.dir/__/__/src/libs/common/Format.cpp.o
[ 53%] Building C object unittests/tests/CMakeFiles/NetworkFunctionsTest.dir/__/__/src/libs/common/strerror_r.c.o
[ 53%] Building CXX object unittests/tests/CMakeFiles/SearchHistoryTest.dir/__/__/src/libs/common/Format.cpp.o
[ 53%] Building C object unittests/tests/CMakeFiles/MagnetURITest.dir/__/__/src/libs/common/strerror_r.c.o
[ 53%] Building C object unittests/tests/CMakeFiles/CMuleCollectionTest.dir/__/__/src/libs/common/strerror_r.c.o
[ 53%] Building C object unittests/tests/CMakeFiles/SearchHistoryTest.dir/__/__/src/libs/common/strerror_r.c.o
[ 53%] Building CXX object unittests/tests/CMakeFiles/TextFileTest.dir/__/__/src/libs/common/TextFile.cpp.o
[ 54%] Linking CXX executable MagnetURITest
[ 54%] Built target CloneFileTest
[ 54%] Building CXX object unittests/tests/CMakeFiles/OtherFunctionsTest.dir/OtherFunctionsTest.cpp.o
[ 54%] Linking CXX executable CMuleCollectionTest
[ 54%] Building CXX object unittests/tests/CMakeFiles/LanguageListTest.dir/LanguageListTest.cpp.o
[ 54%] Building CXX object unittests/tests/CMakeFiles/OtherFunctionsTest.dir/__/__/src/OtherFunctions.cpp.o
[ 54%] Built target FileDataIOTest
[ 54%] Building CXX object unittests/tests/CMakeFiles/CredentialsTest.dir/CredentialsTest.cpp.o
[ 54%] Building CXX object unittests/tests/CMakeFiles/CredentialsTest.dir/__/__/src/libs/common/Format.cpp.o
[ 54%] Building C object unittests/tests/CMakeFiles/CredentialsTest.dir/__/__/src/libs/common/strerror_r.c.o
[ 55%] Linking CXX executable SearchHistoryTest
[ 56%] Building CXX object unittests/tests/CMakeFiles/LanguageListTest.dir/__/__/src/LanguageList.cpp.o
[ 56%] Built target KadEntryTagListTest
[ 56%] Building CXX object unittests/tests/CMakeFiles/LanguageListTest.dir/__/__/src/OtherFunctions.cpp.o
[ 56%] Built target FormatTest
[ 56%] Building CXX object unittests/tests/CMakeFiles/JwtTest.dir/JwtTest.cpp.o
[ 56%] Linking CXX executable TextFileTest
[ 56%] Built target FileFunctionsTest
[ 56%] Built target PhpArrayTest
[ 56%] Building CXX object unittests/tests/CMakeFiles/ECCryptTest.dir/ECCryptTest.cpp.o
[ 56%] Built target StringFunctionsTest
[ 56%] Building CXX object unittests/tests/CMakeFiles/SharedFilesReloadLatchTest.dir/SharedFilesReloadLatchTest.cpp.o
[ 56%] Built target RangeMapTest
[ 56%] Building CXX object unittests/tests/CMakeFiles/ShareExcludeTest.dir/ShareExcludeTest.cpp.o
[ 56%] Building CXX object unittests/tests/CMakeFiles/ECCryptTest.dir/__/__/src/libs/ec/cpp/ECCrypt.cpp.o
[ 56%] Building CXX object unittests/tests/CMakeFiles/ShareExcludeTest.dir/__/__/src/ShareExclude.cpp.o
[ 56%] Linking CXX executable SharedFilesReloadLatchTest
[ 56%] Building CXX object unittests/tests/CMakeFiles/ChatSessionStoreTest.dir/ChatSessionStoreTest.cpp.o
[ 56%] Linking CXX executable CredentialsTest
[ 56%] Building CXX object unittests/tests/CMakeFiles/ThreadSchedulerTest.dir/ThreadSchedulerTest.cpp.o
[ 56%] Built target PathTest
[ 56%] Building CXX object unittests/tests/CMakeFiles/MediaProbeParseTest.dir/MediaProbeParseTest.cpp.o
[ 56%] Building CXX object unittests/tests/CMakeFiles/ChatSessionStoreTest.dir/__/__/src/ChatSessionStore.cpp.o
[ 56%] Building CXX object unittests/tests/CMakeFiles/MediaProbeEnvTest.dir/MediaProbeEnvTest.cpp.o
[ 56%] Building CXX object unittests/tests/CMakeFiles/MediaProbeEnvTest.dir/__/__/src/MediaProbe.cpp.o
[ 56%] Building CXX object unittests/tests/CMakeFiles/ThreadSchedulerTest.dir/__/__/src/ThreadScheduler.cpp.o
[ 56%] Linking CXX executable JwtTest
[ 56%] Built target MagnetURITest
[ 56%] Building CXX object unittests/tests/CMakeFiles/MediaProbeParseTest.dir/__/__/src/MediaProbe.cpp.o
[ 56%] Building CXX object unittests/tests/CMakeFiles/ThreadSchedulerTest.dir/__/__/src/LoggerConsole.cpp.o
[ 56%] Linking CXX executable ShareExcludeTest
[ 56%] Built target CMuleCollectionTest
[ 56%] Linking CXX executable NetworkFunctionsTest
[ 56%] Built target SearchHistoryTest
[ 56%] Building CXX object unittests/tests/CMakeFiles/JsonWriterTest.dir/JsonWriterTest.cpp.o
[ 56%] Building CXX object unittests/tests/CMakeFiles/PathPatternsTest.dir/PathPatternsTest.cpp.o
[ 56%] Built target TextFileTest
[ 56%] Building CXX object unittests/tests/CMakeFiles/EtagTest.dir/EtagTest.cpp.o
[ 56%] Linking CXX executable ECCryptTest
[ 56%] Linking CXX executable OtherFunctionsTest
[ 56%] Building CXX object unittests/tests/CMakeFiles/MediaProbeEnvTest.dir/__/__/src/AppImageEnv.cpp.o
[ 56%] Building CXX object unittests/tests/CMakeFiles/MediaProbeParseTest.dir/__/__/src/AppImageEnv.cpp.o
[ 56%] Linking CXX executable LanguageListTest
[ 56%] Built target SharedFilesReloadLatchTest
[ 56%] Building CXX object unittests/tests/CMakeFiles/FatalAbortBacktraceTest.dir/FatalAbortBacktraceTest.cpp.o
[ 56%] Linking CXX executable JsonWriterTest
[ 57%] Linking CXX executable ThreadSchedulerTest
[ 58%] Linking CXX executable EtagTest
[ 58%] Building CXX object unittests/tests/CMakeFiles/StaticFsTest.dir/StaticFsTest.cpp.o
[ 58%] Linking CXX executable PathPatternsTest
[ 58%] Linking CXX executable MediaProbeParseTest
[ 58%] Linking CXX executable MediaProbeEnvTest
[ 58%] Linking CXX executable ChatSessionStoreTest
[ 58%] Building CXX object unittests/tests/CMakeFiles/SharedContentTest.dir/SharedContentTest.cpp.o
/build/amule-git/src/amule/unittests/tests/StaticFsTest.cpp: In function ‘void {anonymous}::RemoveAll(const std::string&)’:
/build/amule-git/src/amule/unittests/tests/StaticFsTest.cpp:93:26: warning: ignoring return value of ‘int system(const char*)’ declared with attribute ‘warn_unused_result’ [-Wunused-result]
   93 |         (void)std::system(cmd.c_str());
      |               ~~~~~~~~~~~^~~~~~~~~~~~~
[ 58%] Linking CXX executable FatalAbortBacktraceTest
[ 58%] Built target JwtTest
[ 58%] Building CXX object unittests/tests/CMakeFiles/StaticFsTest.dir/__/__/src/webapi/StaticFs.cpp.o
[ 58%] Linking CXX executable StaticFsTest
[ 58%] Built target ShareExcludeTest
/build/amule-git/src/amule/unittests/tests/SharedContentTest.cpp: In function ‘void {anonymous}::RemoveAll(const std::string&)’:
/build/amule-git/src/amule/unittests/tests/SharedContentTest.cpp:92:26: warning: ignoring return value of ‘int system(const char*)’ declared with attribute ‘warn_unused_result’ [-Wunused-result]
   92 |         (void)std::system(cmd.c_str());
      |               ~~~~~~~~~~~^~~~~~~~~~~~~
[ 58%] Built target CredentialsTest
[ 58%] Building CXX object unittests/tests/CMakeFiles/EventBusTest.dir/EventBusTest.cpp.o
[ 58%] Building CXX object unittests/tests/CMakeFiles/EventBusTest.dir/__/__/src/webapi/EventBus.cpp.o
[ 58%] Built target NetworkFunctionsTest
[ 58%] Building CXX object unittests/tests/CMakeFiles/LogTeeTest.dir/LogTeeTest.cpp.o
[ 58%] Building CXX object unittests/tests/CMakeFiles/SharedContentTest.dir/__/__/src/webapi/SharedContent.cpp.o
[ 58%] Building CXX object unittests/tests/CMakeFiles/LogTeeTest.dir/__/__/src/webapi/LogTee.cpp.o
[ 58%] Built target ThreadSchedulerTest
[ 58%] Building CXX object unittests/tests/CMakeFiles/EventDiffTest.dir/EventDiffTest.cpp.o
[ 58%] Building CXX object unittests/tests/CMakeFiles/AmuleApiConfigTest.dir/AmuleApiConfigTest.cpp.o
[ 58%] Building CXX object unittests/tests/CMakeFiles/EventDiffTest.dir/__/__/src/webapi/EventBus.cpp.o
[ 58%] Built target LanguageListTest
[ 58%] Building CXX object unittests/tests/CMakeFiles/AuthTest.dir/AuthTest.cpp.o
[ 58%] Linking CXX executable SharedContentTest
[ 58%] Building CXX object unittests/tests/CMakeFiles/AmuleApiConfigTest.dir/__/__/src/webapi/AmuleApiConfig.cpp.o
[ 58%] Built target OtherFunctionsTest
[ 58%] Building CXX object unittests/tests/CMakeFiles/EventDiffTest.dir/__/__/src/webapi/EventDiff.cpp.o
[ 58%] Built target EtagTest
[ 58%] Building CXX object unittests/tests/CMakeFiles/AuthTest.dir/__/__/src/webapi/Auth.cpp.o
[ 58%] Building CXX object unittests/tests/CMakeFiles/RateLimiterTest.dir/RateLimiterTest.cpp.o
[ 58%] Built target MediaProbeEnvTest
[ 58%] Building CXX object unittests/tests/CMakeFiles/EventDiffTest.dir/__/__/src/webapi/SearchJson.cpp.o
[ 58%] Linking CXX executable EventBusTest
[ 58%] Building CXX object unittests/tests/CMakeFiles/EventDiffTest.dir/__/__/src/webapi/State.cpp.o
[ 58%] Built target MediaProbeParseTest
[ 58%] Built target JsonWriterTest
[ 59%] Building CXX object unittests/tests/CMakeFiles/StateTest.dir/StateTest.cpp.o
[ 59%] Built target ECCryptTest
[ 59%] Building CXX object unittests/tests/CMakeFiles/Ipv4AddressTest.dir/Ipv4AddressTest.cpp.o
[ 59%] Building CXX object unittests/tests/CMakeFiles/RefresherTest.dir/RefresherTest.cpp.o
[ 59%] Linking CXX executable LogTeeTest
[ 59%] Built target PathPatternsTest
[ 59%] Building CXX object unittests/tests/CMakeFiles/StateTest.dir/__/__/src/webapi/State.cpp.o
[ 59%] Built target FatalAbortBacktraceTest
[ 60%] Building CXX object unittests/tests/CMakeFiles/JsonDepthScanTest.dir/JsonDepthScanTest.cpp.o
[ 60%] Building CXX object unittests/tests/CMakeFiles/CompleteSourcesThrottleTest.dir/CompleteSourcesThrottleTest.cpp.o
[ 60%] Built target StaticFsTest
[ 61%] Linking CXX executable RateLimiterTest
[ 61%] Linking CXX executable AuthTest
[ 61%] Building CXX object unittests/tests/CMakeFiles/VerifyLocalDataResultTest.dir/VerifyLocalDataResultTest.cpp.o
[ 61%] Built target ChatSessionStoreTest
[ 61%] Building CXX object unittests/tests/CMakeFiles/RefresherTest.dir/__/__/src/kademlia/utils/UInt128.cpp.o
[ 61%] Building CXX object unittests/tests/CMakeFiles/BrowseLifecycleTest.dir/BrowseLifecycleTest.cpp.o
[ 61%] Linking CXX executable Ipv4AddressTest
[ 61%] Linking CXX executable JsonDepthScanTest
[ 61%] Linking CXX executable CompleteSourcesThrottleTest
[ 61%] Linking CXX executable AmuleApiConfigTest
[ 61%] Building CXX object unittests/tests/CMakeFiles/BrowseStoreTest.dir/BrowseStoreTest.cpp.o
[ 61%] Building CXX object unittests/tests/CMakeFiles/RefresherTest.dir/__/__/src/webapi/PrefsSchema.cpp.o
[ 61%] Building CXX object unittests/tests/CMakeFiles/BrowseLifecycleTest.dir/__/__/src/BrowseLifecycle.cpp.o
[ 61%] Linking CXX executable BrowseLifecycleTest
[ 62%] Building CXX object unittests/tests/CMakeFiles/ListColumnStoreTest.dir/ListColumnStoreTest.cpp.o
[ 63%] Linking CXX executable VerifyLocalDataResultTest
[ 63%] Built target EventBusTest
[ 63%] Built target SharedContentTest
[ 63%] Building CXX object unittests/tests/CMakeFiles/ListColumnStoreTest.dir/__/__/src/ListColumnStore.cpp.o
[ 63%] Building CXX object unittests/tests/CMakeFiles/RangeFileBodyTest.dir/RangeFileBodyTest.cpp.o
[ 63%] Building CXX object unittests/tests/CMakeFiles/PartBarSpansTest.dir/PartBarSpansTest.cpp.o
[ 63%] Building CXX object unittests/tests/CMakeFiles/BrowseStoreTest.dir/__/__/src/BrowseStore.cpp.o
[ 64%] Building CXX object unittests/tests/CMakeFiles/BrowseStoreTest.dir/__/__/src/BrowseLifecycle.cpp.o
[ 64%] Linking CXX executable BrowseStoreTest
[ 64%] Built target LogTeeTest
[ 64%] Building CXX object unittests/tests/CMakeFiles/PartBarLegendTest.dir/PartBarLegendTest.cpp.o
[ 64%] Building CXX object unittests/tests/CMakeFiles/PeerCapabilitiesTest.dir/PeerCapabilitiesTest.cpp.o
[ 64%] Building CXX object unittests/tests/CMakeFiles/RefresherTest.dir/__/__/src/webapi/Refresher.cpp.o
[ 64%] Built target CompleteSourcesThrottleTest
[ 64%] Building CXX object unittests/tests/CMakeFiles/PublicIPv6CorroborationTest.dir/PublicIPv6CorroborationTest.cpp.o
[ 64%] Linking CXX executable EventDiffTest
[ 64%] Built target RateLimiterTest
[ 64%] Building CXX object unittests/tests/CMakeFiles/RefresherTest.dir/__/__/src/webapi/State.cpp.o
[ 65%] Linking CXX executable PartBarSpansTest
[ 65%] Built target Ipv4AddressTest
[ 65%] Building CXX object unittests/tests/CMakeFiles/RefresherTest.dir/__/__/src/OtherFunctions.cpp.o
[ 65%] Built target JsonDepthScanTest
[ 66%] Building CXX object unittests/tests/CMakeFiles/ReservedProtocolFramesTest.dir/ReservedProtocolFramesTest.cpp.o
[ 66%] Linking CXX executable ListColumnStoreTest
[ 66%] Linking CXX executable StateTest
[ 66%] Built target BrowseLifecycleTest
[ 66%] Building CXX object unittests/tests/CMakeFiles/PeerCapabilitiesTest.dir/__/__/src/SafeFile.cpp.o
[ 66%] Built target AuthTest
[ 66%] Building CXX object unittests/tests/CMakeFiles/RefresherTest.dir/__/__/src/RLE.cpp.o
[ 66%] Linking CXX executable PublicIPv6CorroborationTest
[ 66%] Linking CXX executable ReservedProtocolFramesTest
[ 66%] Building CXX object unittests/tests/CMakeFiles/PeerCapabilitiesTest.dir/__/__/src/MemFile.cpp.o
[ 66%] Built target BrowseStoreTest
[ 66%] Built target VerifyLocalDataResultTest
[ 66%] Built target PartBarSpansTest
[ 66%] Built target AmuleApiConfigTest
[ 66%] Building CXX object unittests/tests/CMakeFiles/PeerCapabilitiesTest.dir/__/__/src/Tag.cpp.o
[ 66%] Building CXX object unittests/tests/CMakeFiles/RefresherTest.dir/__/__/src/LoggerConsole.cpp.o
[ 66%] Linking CXX executable PartBarLegendTest
[ 66%] Building CXX object unittests/tests/CMakeFiles/PeerCapabilitiesTest.dir/__/__/src/libs/common/Format.cpp.o
[ 67%] Building C object unittests/tests/CMakeFiles/PeerCapabilitiesTest.dir/__/__/src/libs/common/strerror_r.c.o
[ 67%] Built target ListColumnStoreTest
[ 67%] Building CXX object unittests/tests/CMakeFiles/PartIndexTest.dir/PartIndexTest.cpp.o
[ 67%] Building CXX object unittests/tests/CMakeFiles/ECClientCapabilitiesTest.dir/ECClientCapabilitiesTest.cpp.o
[ 67%] Building CXX object unittests/tests/CMakeFiles/ECClientCapabilitiesTest.dir/__/__/src/LoggerConsole.cpp.o
[ 67%] Built target ReservedProtocolFramesTest
[ 67%] Building CXX object unittests/tests/CMakeFiles/SearchRequestTest.dir/SearchRequestTest.cpp.o
[ 67%] Linking CXX executable RangeFileBodyTest
[ 67%] Built target PublicIPv6CorroborationTest
[ 67%] Linking CXX executable PartIndexTest
[ 67%] Linking CXX executable PeerCapabilitiesTest
[ 67%] Linking CXX executable ECClientCapabilitiesTest
[ 67%] Building CXX object unittests/tests/CMakeFiles/SearchSourceCountTest.dir/SearchSourceCountTest.cpp.o
[ 67%] Building CXX object unittests/tests/CMakeFiles/AllSearchTypeTest.dir/AllSearchTypeTest.cpp.o
[ 67%] Linking CXX executable RefresherTest
[ 67%] Building CXX object unittests/tests/CMakeFiles/HelperBinaryPathTest.dir/HelperBinaryPathTest.cpp.o
[ 68%] Building CXX object unittests/tests/CMakeFiles/AutostartManagerTest.dir/AutostartManagerTest.cpp.o
[ 68%] Building CXX object unittests/tests/CMakeFiles/AICHSearchResultTest.dir/AICHSearchResultTest.cpp.o
[ 68%] Building CXX object src/CMakeFiles/amulecmd.dir/DataToText.cpp.o
[ 68%] Building CXX object src/CMakeFiles/muleappcore.dir/IPFilterScanner.cpp.o
[ 68%] Building CXX object src/CMakeFiles/muleappcore.dir/Parser.cpp.o
[ 68%] Built target PartBarLegendTest
[ 68%] Building CXX object unittests/tests/CMakeFiles/AICHSearchResultTest.dir/AICHSearchResultStubs.cpp.o
[ 68%] Building CXX object src/CMakeFiles/amulegui.dir/amuleAppCommon.cpp.o
[ 68%] Built target PartIndexTest
[ 68%] Linking CXX executable SearchSourceCountTest
[ 68%] Linking CXX executable SearchRequestTest
[ 68%] Building CXX object src/webserver/src/CMakeFiles/amuleweb.dir/__/__/ExternalConnector.cpp.o
[ 68%] Building CXX object src/CMakeFiles/amulegui.dir/AppImageEnv.cpp.o
[ 68%] Built target PeerCapabilitiesTest
[ 69%] Building CXX object src/CMakeFiles/amulegui.dir/AutostartManager.cpp.o
[ 69%] Building CXX object src/CMakeFiles/amulecmd.dir/ExternalConnector.cpp.o
[ 69%] Linking CXX executable HelperBinaryPathTest
[ 69%] Building CXX object unittests/tests/CMakeFiles/AutostartManagerTest.dir/__/__/src/AutostartManager.cpp.o
[ 69%] Built target ECClientCapabilitiesTest
[ 69%] Built target StateTest
[ 69%] Building CXX object src/CMakeFiles/amulegui.dir/ProtocolHandlerManager.cpp.o
[ 69%] Building CXX object src/CMakeFiles/amulegui.dir/ClientRef.cpp.o
[ 69%] Building CXX object unittests/tests/CMakeFiles/AICHSearchResultTest.dir/__/__/src/KadAICHVotes.cpp.o
[ 69%] Built target RangeFileBodyTest
[ 69%] Building CXX object unittests/tests/CMakeFiles/AICHSearchResultTest.dir/__/__/src/AbstractFile.cpp.o
[ 69%] Building CXX object unittests/tests/CMakeFiles/AICHSearchResultTest.dir/__/__/src/SearchFile.cpp.o
[ 69%] Building CXX object src/CMakeFiles/muleappcore.dir/Scanner.cpp.o
[ 69%] Linking CXX executable AllSearchTypeTest
[ 69%] Linking CXX executable AutostartManagerTest
[ 69%] Building CXX object src/CMakeFiles/muleappcore.dir/IP2Country.cpp.o
[ 69%] Building CXX object src/CMakeFiles/muleappcore.dir/geoip/MaxMindDBDatabase.cpp.o
[ 69%] Building CXX object src/webserver/src/CMakeFiles/amuleweb.dir/__/__/OtherFunctions.cpp.o
[ 69%] Building CXX object src/CMakeFiles/amulecmd.dir/LoggerConsole.cpp.o
[ 69%] Built target EventDiffTest
[ 69%] Building CXX object src/CMakeFiles/amulecmd.dir/NetworkFunctions.cpp.o
[ 69%] Built target SearchSourceCountTest
[ 69%] Building CXX object src/CMakeFiles/amulegui.dir/ClientVersionString.cpp.o
[ 69%] Building CXX object unittests/tests/CMakeFiles/AICHSearchResultTest.dir/__/__/src/MemFile.cpp.o
[ 69%] Building CXX object src/CMakeFiles/amulegui.dir/ECSpecialMuleTags.cpp.o
[ 69%] Built target HelperBinaryPathTest
[ 69%] Building CXX object src/CMakeFiles/amulegui.dir/GetTickCount.cpp.o
[ 69%] Building CXX object src/CMakeFiles/amulecmd.dir/OtherFunctions.cpp.o
[ 69%] Built target SearchRequestTest
[ 69%] Building CXX object src/webserver/src/CMakeFiles/amuleweb.dir/__/__/RLE.cpp.o
[ 69%] Building CXX object src/webserver/src/CMakeFiles/amuleweb.dir/__/__/NetworkFunctions.cpp.o
[ 69%] Building CXX object src/CMakeFiles/amulegui.dir/GuiEvents.cpp.o
[ 69%] Building CXX object src/CMakeFiles/amulegui.dir/HTTPDownload.cpp.o
[ 69%] Building CXX object src/CMakeFiles/muleappcore.dir/AmuleApiCredentials.cpp.o
[ 69%] Building CXX object src/webserver/src/CMakeFiles/amuleweb.dir/__/__/LoggerConsole.cpp.o
[ 69%] Building CXX object src/CMakeFiles/muleappcore.dir/kademlia/kademlia/AICHHashList.cpp.o
[ 70%] Building CXX object src/CMakeFiles/muleappcore.dir/kademlia/kademlia/Entry.cpp.o
[ 70%] Building CXX object src/CMakeFiles/muleappcore.dir/kademlia/kademlia/Indexed.cpp.o
[ 70%] Built target AllSearchTypeTest
[ 70%] Built target AutostartManagerTest
[ 70%] Building CXX object unittests/tests/CMakeFiles/AICHSearchResultTest.dir/__/__/src/LoggerConsole.cpp.o
[ 70%] Building CXX object src/CMakeFiles/amulegui.dir/InstanceLock.cpp.o
[ 70%] Building CXX object src/webserver/src/CMakeFiles/amuleweb.dir/__/__/UPnPBase.cpp.o
[ 70%] Building CXX object src/webserver/src/CMakeFiles/amuleweb.dir/php_amule_lib.cpp.o
[ 70%] Building CXX object src/CMakeFiles/amulecmd.dir/SearchProgressReport.cpp.o
[ 70%] Building CXX object unittests/tests/CMakeFiles/AICHSearchResultTest.dir/__/__/src/Tag.cpp.o
[ 70%] Building CXX object src/CMakeFiles/amulegui.dir/AbstractFile.cpp.o
[ 70%] Building CXX object src/CMakeFiles/muleappcore.dir/kademlia/kademlia/SearchManager.cpp.o
[ 70%] Building CXX object src/CMakeFiles/amulecmd.dir/TextClient.cpp.o
[ 70%] Building CXX object unittests/tests/CMakeFiles/AICHSearchResultTest.dir/__/__/src/kademlia/utils/UInt128.cpp.o
[ 70%] Building CXX object src/webserver/src/CMakeFiles/amuleweb.dir/php_core_lib.cpp.o
[ 71%] Building C object src/webserver/src/CMakeFiles/amuleweb.dir/php_lexer.c.o
[ 72%] Building CXX object unittests/tests/CMakeFiles/AICHSearchResultTest.dir/__/__/src/CFile.cpp.o
[ 72%] Building C object src/webserver/src/CMakeFiles/amuleweb.dir/php_parser.c.o
[ 73%] Building CXX object src/CMakeFiles/amulegui.dir/KnownFile.cpp.o
[ 73%] Building CXX object src/CMakeFiles/muleappcore.dir/kademlia/routing/RoutingBin.cpp.o
[ 73%] Building CXX object src/webserver/src/CMakeFiles/amuleweb.dir/php_syntree.cpp.o
[ 73%] Building CXX object src/webserver/src/CMakeFiles/amuleweb.dir/WebInterface.cpp.o
[ 73%] Building CXX object src/CMakeFiles/amulegui.dir/Logger.cpp.o
[ 73%] Building CXX object src/CMakeFiles/muleappcore.dir/kademlia/utils/UInt128.cpp.o
[ 73%] Building CXX object unittests/tests/CMakeFiles/AICHSearchResultTest.dir/__/__/src/SafeFile.cpp.o
[ 73%] Building CXX object src/webserver/src/CMakeFiles/amuleweb.dir/WebServer.cpp.o
[ 73%] Building CXX object src/CMakeFiles/amulegui.dir/MediaProbe.cpp.o
[ 73%] Building CXX object src/CMakeFiles/muleappcore.dir/AsyncDNS.cpp.o
[ 73%] Building CXX object src/CMakeFiles/amulegui.dir/PartFile.cpp.o
[ 73%] Building CXX object src/CMakeFiles/amulegui.dir/Preferences.cpp.o
[ 73%] Building CXX object src/CMakeFiles/muleappcore.dir/CanceledFileList.cpp.o
[ 73%] Building CXX object src/webserver/src/CMakeFiles/amuleweb.dir/WebSocket.cpp.o
[ 73%] Building CXX object src/CMakeFiles/muleappcore.dir/DeadSourceList.cpp.o
[ 73%] Building CXX object unittests/tests/CMakeFiles/AICHSearchResultTest.dir/__/__/src/SHA.cpp.o
[ 73%] Building CXX object src/CMakeFiles/muleappcore.dir/FileArea.cpp.o
[ 73%] Building CXX object src/CMakeFiles/amulegui.dir/Proxy.cpp.o
[ 73%] Building CXX object src/CMakeFiles/amulegui.dir/ShareExclude.cpp.o
[ 73%] Building CXX object unittests/tests/CMakeFiles/AICHSearchResultTest.dir/__/__/src/OtherFunctions.cpp.o
[ 73%] Building CXX object unittests/tests/CMakeFiles/AICHSearchResultTest.dir/__/__/src/SHAHashSet.cpp.o
[ 73%] Building CXX object src/CMakeFiles/muleappcore.dir/FileAutoClose.cpp.o
[ 73%] Building CXX object unittests/tests/CMakeFiles/AICHSearchResultTest.dir/__/__/src/kademlia/kademlia/AICHHashList.cpp.o
[ 73%] Built target RefresherTest
[ 73%] Building CXX object src/CMakeFiles/amulegui.dir/Server.cpp.o
[ 74%] Building CXX object src/CMakeFiles/muleappcore.dir/PlatformSpecific.cpp.o
[ 74%] Linking CXX executable amulecmd
[ 74%] Building CXX object src/CMakeFiles/muleappcore.dir/RandomFunctions.cpp.o
[ 74%] Building CXX object src/CMakeFiles/muleappcore.dir/RC4Encrypt.cpp.o
[ 74%] Building CXX object src/CMakeFiles/muleappcore.dir/StateMachine.cpp.o
[ 74%] Building CXX object src/CMakeFiles/amulegui.dir/Statistics.cpp.o
[ 74%] Building CXX object src/CMakeFiles/amulegui.dir/StatTree.cpp.o
[ 75%] Building CXX object src/CMakeFiles/amulegui.dir/UserEvents.cpp.o
[ 75%] Building CXX object src/CMakeFiles/amulegui.dir/CamuleArtProvider.cpp.o
[ 75%] Building CXX object src/CMakeFiles/muleappcore.dir/TerminationProcessAmuleApi.cpp.o
[ 75%] Building C object src/CMakeFiles/amulegui.dir/icons/icon_data.c.o
[ 75%] Building CXX object src/CMakeFiles/muleappcore.dir/TerminationProcessAmuleweb.cpp.o
[ 75%] Building CXX object src/CMakeFiles/amulegui.dir/AddFriend.cpp.o
[ 75%] Building CXX object src/CMakeFiles/muleappcore.dir/ThreadScheduler.cpp.o
[ 75%] Building CXX object src/CMakeFiles/amulegui.dir/amule-gui.cpp.o
[ 75%] Building CXX object src/CMakeFiles/amulegui.dir/AppImageIntegration.cpp.o
[ 75%] Building CXX object src/CMakeFiles/muleappcore.dir/UPnPBase.cpp.o
[ 75%] Linking CXX executable amuleweb
[ 75%] Building CXX object src/CMakeFiles/amulegui.dir/amuleDlg.cpp.o
[ 75%] Building CXX object src/CMakeFiles/amulegui.dir/AboutDialog.cpp.o
[ 75%] Linking CXX executable AICHSearchResultTest
[ 75%] Building CXX object src/CMakeFiles/amulegui.dir/VersionCheck.cpp.o
[ 75%] Building CXX object src/CMakeFiles/amulegui.dir/BrowseListModel.cpp.o
[ 76%] Building CXX object src/CMakeFiles/amulegui.dir/CatDialog.cpp.o
[ 76%] Linking CXX static library libmuleappcore.a
[ 76%] Built target muleappcore
[ 76%] Building CXX object src/CMakeFiles/amulegui.dir/ChatSelector.cpp.o
[ 76%] Building CXX object src/CMakeFiles/amuled.dir/kademlia/kademlia/Kademlia.cpp.o
[ 76%] Building CXX object src/CMakeFiles/amule.dir/amuleAppCommon.cpp.o
[ 76%] Building CXX object src/CMakeFiles/amulegui.dir/ChatWnd.cpp.o
[ 76%] Building CXX object src/CMakeFiles/amulegui.dir/ClientDetailDialog.cpp.o
[ 77%] Building CXX object src/CMakeFiles/amuled.dir/kademlia/kademlia/Prefs.cpp.o
[ 77%] Building CXX object src/CMakeFiles/amulegui.dir/ClientHistoryListCtrl.cpp.o
[ 77%] Building CXX object src/CMakeFiles/amule.dir/AppImageEnv.cpp.o
/usr/bin/ld: /tmp/ccgWKpiA.ltrans1.ltrans.o: warning: relocation against `MULE_EVT_NOTIFY' in read-only section `.text'
/usr/bin/ld: /tmp/ccgWKpiA.ltrans1.ltrans.o: in function `MuleNotify::CMuleGUIEvent::Clone() const':
/usr/src/debug/amule-git/amule/src/GuiEvents.h:389:(.text+0x16be): undefined reference to `MULE_EVT_NOTIFY'
/usr/bin/ld: /tmp/ccgWKpiA.ltrans1.ltrans.o: in function `wxEvtHandler::AddPendingEvent(wxEvent const&)':
/usr/src/debug/amule-git/amule/src/GuiEvents.h:389:(.text+0x1a96): undefined reference to `MULE_EVT_NOTIFY'
/usr/bin/ld: warning: creating DT_TEXTREL in a PIE
collect2: error: ld returned 1 exit status
make[2]: *** [unittests/tests/CMakeFiles/AICHSearchResultTest.dir/build.make:345: unittests/tests/AICHSearchResultTest] Error 1
make[1]: *** [CMakeFiles/Makefile2:4845: unittests/tests/CMakeFiles/AICHSearchResultTest.dir/all] Error 2
make[1]: *** Waiting for unfinished jobs....
[ 77%] Building CXX object src/CMakeFiles/amulegui.dir/ClientNameCell.cpp.o
[ 77%] Building CXX object src/CMakeFiles/amule.dir/AutostartManager.cpp.o
[ 77%] Building CXX object src/CMakeFiles/amule.dir/ProtocolHandlerManager.cpp.o
[ 77%] Building CXX object src/CMakeFiles/amule.dir/ClientRef.cpp.o
[ 77%] Built target amulecmd
[ 77%] Building CXX object src/CMakeFiles/amuled.dir/kademlia/kademlia/Search.cpp.o
[ 77%] Building CXX object src/CMakeFiles/amuled.dir/kademlia/kademlia/UDPFirewallTester.cpp.o
[ 77%] Building CXX object src/CMakeFiles/amulegui.dir/ClientRowListCtrl.cpp.o
[ 77%] Building CXX object src/CMakeFiles/amulegui.dir/ClientContextActions.cpp.o
[ 77%] Building CXX object src/CMakeFiles/amulegui.dir/ClientsListCtrl.cpp.o
[ 77%] Building CXX object src/CMakeFiles/amulegui.dir/ClientsWnd.cpp.o
[ 77%] Building CXX object src/CMakeFiles/amuled.dir/kademlia/net/KademliaUDPListener.cpp.o
[ 77%] Building CXX object src/CMakeFiles/amule.dir/ClientVersionString.cpp.o
[ 77%] Building CXX object src/CMakeFiles/amule.dir/ECSpecialMuleTags.cpp.o
[ 77%] Building CXX object src/CMakeFiles/amuled.dir/kademlia/net/PacketTracking.cpp.o
[ 77%] Building CXX object src/CMakeFiles/amuled.dir/kademlia/routing/Contact.cpp.o
[ 77%] Building CXX object src/CMakeFiles/amule.dir/GetTickCount.cpp.o
[ 78%] Building CXX object src/CMakeFiles/amulegui.dir/CommentDialog.cpp.o
[ 78%] Building CXX object src/CMakeFiles/amuled.dir/kademlia/routing/RoutingZone.cpp.o
[ 78%] Building CXX object src/CMakeFiles/amule.dir/GuiEvents.cpp.o
[ 78%] Building CXX object src/CMakeFiles/amuled.dir/amule.cpp.o
[ 79%] Building CXX object src/CMakeFiles/amule.dir/HTTPDownload.cpp.o
[ 79%] Building CXX object src/CMakeFiles/amuled.dir/BaseClient.cpp.o
[ 79%] Building CXX object src/CMakeFiles/amule.dir/InstanceLock.cpp.o
[ 79%] Building CXX object src/CMakeFiles/amule.dir/AbstractFile.cpp.o
[ 79%] Building CXX object src/CMakeFiles/amule.dir/KnownFile.cpp.o
[ 79%] Building CXX object src/CMakeFiles/amuled.dir/BrowseLifecycle.cpp.o
[ 79%] Building CXX object src/CMakeFiles/amulegui.dir/CommentDialogLst.cpp.o
[ 80%] Building CXX object src/CMakeFiles/amuled.dir/BrowseManager.cpp.o
[ 80%] Building CXX object src/CMakeFiles/amuled.dir/BrowseStore.cpp.o
[ 80%] Building CXX object src/CMakeFiles/amule.dir/Logger.cpp.o
[ 80%] Building CXX object src/CMakeFiles/amulegui.dir/DirectoryTreeCtrl.cpp.o
[ 80%] Building CXX object src/CMakeFiles/amule.dir/MediaProbe.cpp.o
[ 80%] Building CXX object src/CMakeFiles/amuled.dir/ChatSessionStore.cpp.o
[ 80%] Building CXX object src/CMakeFiles/amuled.dir/ClientCreditsList.cpp.o
[ 80%] Building CXX object src/CMakeFiles/amulegui.dir/DownloadListCtrl.cpp.o
[ 80%] Building CXX object src/CMakeFiles/amule.dir/PartFile.cpp.o
[ 80%] Building CXX object src/CMakeFiles/amulegui.dir/FileDetailDialog.cpp.o
[ 80%] Building CXX object src/CMakeFiles/amulegui.dir/FileLaunch.cpp.o
[ 80%] Building CXX object src/CMakeFiles/amulegui.dir/FriendListCtrl.cpp.o
[ 80%] Building CXX object src/CMakeFiles/amulegui.dir/GenericClientListCtrl.cpp.o
[ 80%] Building CXX object src/CMakeFiles/amule.dir/Preferences.cpp.o
[ 80%] Building CXX object src/CMakeFiles/amuled.dir/ClientList.cpp.o
[ 80%] Building CXX object src/CMakeFiles/amule.dir/Proxy.cpp.o
[ 80%] Building CXX object src/CMakeFiles/amuled.dir/ClientTCPSocket.cpp.o
[ 80%] Building CXX object src/CMakeFiles/amule.dir/ShareExclude.cpp.o
[ 80%] Building CXX object src/CMakeFiles/amulegui.dir/KadDlg.cpp.o
[ 80%] Building CXX object src/CMakeFiles/amuled.dir/ClientUDPSocket.cpp.o
[ 80%] Built target amuleweb
[ 80%] Building CXX object src/CMakeFiles/amulegui.dir/MuleTrayIcon.cpp.o
[ 81%] Building CXX object src/CMakeFiles/amulegui.dir/muuli_wdr.cpp.o
[ 81%] Building CXX object src/CMakeFiles/amuled.dir/CorruptionBlackBox.cpp.o
[ 81%] Building CXX object src/CMakeFiles/amulegui.dir/OScopeCtrl.cpp.o
[ 82%] Building CXX object src/CMakeFiles/amule.dir/Server.cpp.o
[ 82%] Building CXX object src/CMakeFiles/amulegui.dir/PrefsUnifiedDlg.cpp.o
[ 82%] Building CXX object src/CMakeFiles/amule.dir/Statistics.cpp.o
[ 82%] Building CXX object src/CMakeFiles/amuled.dir/DownloadBandwidthThrottler.cpp.o
[ 82%] Building CXX object src/CMakeFiles/amulegui.dir/SearchDlg.cpp.o
[ 82%] Building CXX object src/CMakeFiles/amuled.dir/DownloadClient.cpp.o
[ 83%] Building CXX object src/CMakeFiles/amuled.dir/DownloadQueue.cpp.o
[ 83%] Building CXX object src/CMakeFiles/amulegui.dir/SearchHistory.cpp.o
[ 83%] Building CXX object src/CMakeFiles/amule.dir/StatTree.cpp.o
[ 83%] Building CXX object src/CMakeFiles/amulegui.dir/SearchListCtrl.cpp.o
[ 83%] Building CXX object src/CMakeFiles/amule.dir/UserEvents.cpp.o
[ 83%] Building CXX object src/CMakeFiles/amulegui.dir/SearchListModel.cpp.o
[ 83%] Building CXX object src/CMakeFiles/amuled.dir/ECFullResponseCache.cpp.o
[ 83%] Building CXX object src/CMakeFiles/amulegui.dir/ServerListCtrl.cpp.o
[ 83%] Building CXX object src/CMakeFiles/amule.dir/kademlia/kademlia/Kademlia.cpp.o
[ 83%] Building CXX object src/CMakeFiles/amuled.dir/ECSpecialCoreTags.cpp.o
[ 83%] Building CXX object src/CMakeFiles/amule.dir/kademlia/kademlia/Prefs.cpp.o
[ 83%] Building CXX object src/CMakeFiles/amulegui.dir/ServerWnd.cpp.o
[ 83%] Building CXX object src/CMakeFiles/amule.dir/kademlia/kademlia/Search.cpp.o
[ 84%] Building CXX object src/CMakeFiles/amulegui.dir/SharedDirsApplyTask.cpp.o
[ 84%] Building CXX object src/CMakeFiles/amulegui.dir/SharedFilePeersListCtrl.cpp.o
[ 84%] Building CXX object src/CMakeFiles/amulegui.dir/SharedFilesCtrl.cpp.o
[ 84%] Building CXX object src/CMakeFiles/amulegui.dir/SharedFilesReloadProgress.cpp.o
[ 84%] Building CXX object src/CMakeFiles/amulegui.dir/SharedFilesWnd.cpp.o
[ 84%] Building CXX object src/CMakeFiles/amulegui.dir/SourceListCtrl.cpp.o
[ 84%] Building CXX object src/CMakeFiles/amulegui.dir/StatisticsDlg.cpp.o
[ 84%] Building CXX object src/CMakeFiles/amule.dir/kademlia/kademlia/UDPFirewallTester.cpp.o
[ 84%] Building CXX object src/CMakeFiles/amuled.dir/EMSocket.cpp.o
[ 84%] Building CXX object src/CMakeFiles/amule.dir/kademlia/net/KademliaUDPListener.cpp.o
[ 84%] Building CXX object src/CMakeFiles/amulegui.dir/TransferWnd.cpp.o
[ 84%] Building CXX object src/CMakeFiles/amule.dir/kademlia/net/PacketTracking.cpp.o
[ 84%] Building CXX object src/CMakeFiles/amuled.dir/EncryptedStreamSocket.cpp.o
[ 85%] Building CXX object src/CMakeFiles/amule.dir/kademlia/routing/Contact.cpp.o
[ 85%] Building CXX object src/CMakeFiles/amule.dir/kademlia/routing/RoutingZone.cpp.o
[ 85%] Building CXX object src/CMakeFiles/amulegui.dir/kademlia/utils/UInt128.cpp.o
[ 85%] Building CXX object src/CMakeFiles/amulegui.dir/amule-remote-gui.cpp.o
[ 86%] Building CXX object src/CMakeFiles/amulegui.dir/ECPrefsDiff.cpp.o
[ 86%] Building CXX object src/CMakeFiles/amuled.dir/EncryptedDatagramSocket.cpp.o
[ 86%] Building CXX object src/CMakeFiles/amule.dir/amule.cpp.o
[ 86%] Building CXX object src/CMakeFiles/amuled.dir/ExternalConn.cpp.o
[ 86%] Building CXX object src/CMakeFiles/amuled.dir/FirstRunWizard.cpp.o
[ 86%] Building CXX object src/CMakeFiles/amule.dir/BaseClient.cpp.o
[ 86%] Building CXX object src/CMakeFiles/amuled.dir/FriendList.cpp.o
[ 87%] Building CXX object src/CMakeFiles/amuled.dir/IPFilter.cpp.o
[ 87%] Building CXX object src/CMakeFiles/amuled.dir/KadAICHVotes.cpp.o
[ 87%] Building CXX object src/CMakeFiles/amule.dir/BrowseLifecycle.cpp.o
[ 87%] Building CXX object src/CMakeFiles/amule.dir/BrowseManager.cpp.o
[ 87%] Building CXX object src/CMakeFiles/amuled.dir/KnownFileList.cpp.o
[ 87%] Building CXX object src/CMakeFiles/amule.dir/BrowseStore.cpp.o
[ 87%] Building CXX object src/CMakeFiles/amule.dir/ChatSessionStore.cpp.o
[ 87%] Building CXX object src/CMakeFiles/amule.dir/ClientCreditsList.cpp.o
[ 87%] Building CXX object src/CMakeFiles/amuled.dir/ListenSocket.cpp.o
[ 87%] Building CXX object src/CMakeFiles/amule.dir/ClientList.cpp.o
[ 88%] Building CXX object src/CMakeFiles/amule.dir/ClientTCPSocket.cpp.o
[ 88%] Building CXX object src/CMakeFiles/amuled.dir/MuleUDPSocket.cpp.o
[ 88%] Building CXX object src/CMakeFiles/amule.dir/ClientUDPSocket.cpp.o
[ 88%] Building CXX object src/CMakeFiles/amule.dir/CorruptionBlackBox.cpp.o
[ 88%] Building CXX object src/CMakeFiles/amule.dir/DownloadBandwidthThrottler.cpp.o
[ 88%] Building CXX object src/CMakeFiles/amule.dir/DownloadClient.cpp.o
[ 88%] Building CXX object src/CMakeFiles/amule.dir/DownloadQueue.cpp.o
[ 88%] Building CXX object src/CMakeFiles/amuled.dir/SearchFile.cpp.o
[ 88%] Building CXX object src/CMakeFiles/amuled.dir/SearchList.cpp.o
[ 88%] Building CXX object src/CMakeFiles/amuled.dir/ServerConnect.cpp.o
[ 88%] Building CXX object src/CMakeFiles/amuled.dir/ServerList.cpp.o
[ 88%] Building CXX object src/CMakeFiles/amuled.dir/ServerSocket.cpp.o
[ 89%] Building CXX object src/CMakeFiles/amuled.dir/ServerUDPSocket.cpp.o
[ 89%] Building CXX object src/CMakeFiles/amule.dir/ECFullResponseCache.cpp.o
[ 89%] Building CXX object src/CMakeFiles/amuled.dir/SHAHashSet.cpp.o
[ 89%] Building CXX object src/CMakeFiles/amuled.dir/SharedDirWatcher.cpp.o
[ 89%] Building CXX object src/CMakeFiles/amuled.dir/SharedFileList.cpp.o
[ 89%] Building CXX object src/CMakeFiles/amuled.dir/UploadBandwidthThrottler.cpp.o
[ 89%] Building CXX object src/CMakeFiles/amule.dir/ECSpecialCoreTags.cpp.o
[ 89%] Building CXX object src/CMakeFiles/amuled.dir/UploadClient.cpp.o
[ 89%] Building CXX object src/CMakeFiles/amule.dir/EMSocket.cpp.o
[ 89%] Building CXX object src/CMakeFiles/amuled.dir/UploadDiskIOThread.cpp.o
[ 89%] Building CXX object src/CMakeFiles/amuled.dir/UploadQueue.cpp.o
[ 89%] Building CXX object src/CMakeFiles/amule.dir/EncryptedStreamSocket.cpp.o
[ 90%] Building CXX object src/CMakeFiles/amule.dir/EncryptedDatagramSocket.cpp.o
[ 90%] Building CXX object src/CMakeFiles/amule.dir/ExternalConn.cpp.o
[ 90%] Building CXX object src/CMakeFiles/amule.dir/FirstRunWizard.cpp.o
[ 90%] Building CXX object src/CMakeFiles/amuled.dir/PartFileWriteThread.cpp.o
[ 90%] Building CXX object src/CMakeFiles/amule.dir/FriendList.cpp.o
[ 90%] Building CXX object src/CMakeFiles/amuled.dir/PartFileHashThread.cpp.o
[ 91%] Building CXX object src/CMakeFiles/amuled.dir/MediaProbeThread.cpp.o
[ 91%] Linking CXX executable amulegui
[ 91%] Building CXX object src/CMakeFiles/amuled.dir/FreeSpaceThread.cpp.o
[ 91%] Building CXX object src/CMakeFiles/amuled.dir/ThreadTasks.cpp.o
[ 91%] Building CXX object src/CMakeFiles/amule.dir/IPFilter.cpp.o
[ 91%] Building CXX object src/CMakeFiles/amuled.dir/amuleAppCommon.cpp.o
[ 91%] Building CXX object src/CMakeFiles/amule.dir/KadAICHVotes.cpp.o
[ 91%] Building CXX object src/CMakeFiles/amuled.dir/AppImageEnv.cpp.o
[ 91%] Building CXX object src/CMakeFiles/amuled.dir/AutostartManager.cpp.o
[ 91%] Building CXX object src/CMakeFiles/amuled.dir/ProtocolHandlerManager.cpp.o
[ 91%] Building CXX object src/CMakeFiles/amuled.dir/ClientRef.cpp.o
[ 91%] Building CXX object src/CMakeFiles/amule.dir/KnownFileList.cpp.o
[ 91%] Building CXX object src/CMakeFiles/amule.dir/ListenSocket.cpp.o
[ 91%] Building CXX object src/CMakeFiles/amuled.dir/ClientVersionString.cpp.o
[ 91%] Building CXX object src/CMakeFiles/amuled.dir/ECSpecialMuleTags.cpp.o
[ 92%] Building CXX object src/CMakeFiles/amuled.dir/GetTickCount.cpp.o
[ 92%] Building CXX object src/CMakeFiles/amuled.dir/GuiEvents.cpp.o
[ 92%] Building CXX object src/CMakeFiles/amule.dir/MuleUDPSocket.cpp.o
[ 93%] Building CXX object src/CMakeFiles/amule.dir/SearchFile.cpp.o
[ 93%] Building CXX object src/CMakeFiles/amule.dir/SearchList.cpp.o
[ 93%] Building CXX object src/CMakeFiles/amule.dir/ServerConnect.cpp.o
[ 93%] Building CXX object src/CMakeFiles/amule.dir/ServerList.cpp.o
[ 93%] Building CXX object src/CMakeFiles/amuled.dir/HTTPDownload.cpp.o
[ 93%] Building CXX object src/CMakeFiles/amule.dir/ServerSocket.cpp.o
[ 93%] Building CXX object src/CMakeFiles/amuled.dir/InstanceLock.cpp.o
[ 93%] Building CXX object src/CMakeFiles/amuled.dir/AbstractFile.cpp.o
[ 93%] Building CXX object src/CMakeFiles/amule.dir/ServerUDPSocket.cpp.o
[ 93%] Building CXX object src/CMakeFiles/amuled.dir/KnownFile.cpp.o
[ 93%] Building CXX object src/CMakeFiles/amuled.dir/Logger.cpp.o
[ 93%] Building CXX object src/CMakeFiles/amule.dir/SHAHashSet.cpp.o
[ 93%] Building CXX object src/CMakeFiles/amuled.dir/MediaProbe.cpp.o
[ 93%] Building CXX object src/CMakeFiles/amule.dir/SharedDirWatcher.cpp.o
[ 93%] Building CXX object src/CMakeFiles/amule.dir/SharedFileList.cpp.o
[ 93%] Building CXX object src/CMakeFiles/amuled.dir/PartFile.cpp.o
[ 93%] Building CXX object src/CMakeFiles/amule.dir/UploadBandwidthThrottler.cpp.o
[ 94%] Building CXX object src/CMakeFiles/amule.dir/UploadClient.cpp.o
[ 94%] Building CXX object src/CMakeFiles/amuled.dir/Preferences.cpp.o
[ 94%] Building CXX object src/CMakeFiles/amule.dir/UploadDiskIOThread.cpp.o
[ 95%] Building CXX object src/CMakeFiles/amuled.dir/Proxy.cpp.o
[ 95%] Building CXX object src/CMakeFiles/amule.dir/UploadQueue.cpp.o
[ 95%] Building CXX object src/CMakeFiles/amuled.dir/ShareExclude.cpp.o
[ 95%] Building CXX object src/CMakeFiles/amule.dir/PartFileWriteThread.cpp.o
[ 95%] Building CXX object src/CMakeFiles/amule.dir/PartFileHashThread.cpp.o
[ 95%] Building CXX object src/CMakeFiles/amule.dir/MediaProbeThread.cpp.o
[ 95%] Building CXX object src/CMakeFiles/amule.dir/FreeSpaceThread.cpp.o
[ 95%] Building CXX object src/CMakeFiles/amule.dir/ThreadTasks.cpp.o
[ 95%] Building CXX object src/CMakeFiles/amule.dir/CamuleArtProvider.cpp.o
[ 95%] Building CXX object src/CMakeFiles/amuled.dir/Server.cpp.o
[ 95%] Building C object src/CMakeFiles/amule.dir/icons/icon_data.c.o
[ 95%] Building CXX object src/CMakeFiles/amuled.dir/Statistics.cpp.o
[ 96%] Building CXX object src/CMakeFiles/amule.dir/AddFriend.cpp.o
[ 96%] Building CXX object src/CMakeFiles/amuled.dir/StatTree.cpp.o
[ 96%] Building CXX object src/CMakeFiles/amule.dir/amule-gui.cpp.o
[ 96%] Building CXX object src/CMakeFiles/amule.dir/AppImageIntegration.cpp.o
[ 96%] Building CXX object src/CMakeFiles/amuled.dir/UserEvents.cpp.o
[ 96%] Building CXX object src/CMakeFiles/amule.dir/amuleDlg.cpp.o
[ 96%] Building CXX object src/CMakeFiles/amuled.dir/amuled.cpp.o
[ 96%] Building CXX object src/CMakeFiles/amule.dir/AboutDialog.cpp.o
[ 96%] Building CXX object src/CMakeFiles/amule.dir/VersionCheck.cpp.o
[ 96%] Building CXX object src/CMakeFiles/amule.dir/BrowseListModel.cpp.o
[ 96%] Building CXX object src/CMakeFiles/amule.dir/CatDialog.cpp.o
[ 96%] Building CXX object src/CMakeFiles/amule.dir/ChatSelector.cpp.o
[ 96%] Building CXX object src/CMakeFiles/amule.dir/ChatWnd.cpp.o
[ 97%] Building CXX object src/CMakeFiles/amule.dir/ClientDetailDialog.cpp.o
[ 97%] Building CXX object src/CMakeFiles/amule.dir/ClientHistoryListCtrl.cpp.o
[ 97%] Building CXX object src/CMakeFiles/amule.dir/ClientNameCell.cpp.o
[ 97%] Building CXX object src/CMakeFiles/amule.dir/ClientRowListCtrl.cpp.o
[ 97%] Building CXX object src/CMakeFiles/amule.dir/ClientContextActions.cpp.o
[ 97%] Linking CXX executable amuled
[ 97%] Building CXX object src/CMakeFiles/amule.dir/ClientsListCtrl.cpp.o
[ 97%] Building CXX object src/CMakeFiles/amule.dir/ClientsWnd.cpp.o
[ 97%] Building CXX object src/CMakeFiles/amule.dir/CommentDialog.cpp.o
[ 97%] Building CXX object src/CMakeFiles/amule.dir/CommentDialogLst.cpp.o
[ 97%] Building CXX object src/CMakeFiles/amule.dir/DirectoryTreeCtrl.cpp.o
[ 98%] Building CXX object src/CMakeFiles/amule.dir/DownloadListCtrl.cpp.o
[ 98%] Building CXX object src/CMakeFiles/amule.dir/FileDetailDialog.cpp.o
[ 98%] Building CXX object src/CMakeFiles/amule.dir/FileLaunch.cpp.o
[ 98%] Building CXX object src/CMakeFiles/amule.dir/FriendListCtrl.cpp.o
[ 98%] Building CXX object src/CMakeFiles/amule.dir/GenericClientListCtrl.cpp.o
[ 98%] Building CXX object src/CMakeFiles/amule.dir/KadDlg.cpp.o
[ 98%] Building CXX object src/CMakeFiles/amule.dir/MuleTrayIcon.cpp.o
[ 98%] Building CXX object src/CMakeFiles/amule.dir/muuli_wdr.cpp.o
[ 98%] Building CXX object src/CMakeFiles/amule.dir/OScopeCtrl.cpp.o
[ 98%] Building CXX object src/CMakeFiles/amule.dir/PrefsUnifiedDlg.cpp.o
[ 99%] Building CXX object src/CMakeFiles/amule.dir/SearchDlg.cpp.o
[ 99%] Building CXX object src/CMakeFiles/amule.dir/SearchHistory.cpp.o
[ 99%] Building CXX object src/CMakeFiles/amule.dir/SearchListCtrl.cpp.o
[ 99%] Building CXX object src/CMakeFiles/amule.dir/SearchListModel.cpp.o
[ 99%] Building CXX object src/CMakeFiles/amule.dir/ServerListCtrl.cpp.o
[ 99%] Building CXX object src/CMakeFiles/amule.dir/ServerWnd.cpp.o
[ 99%] Building CXX object src/CMakeFiles/amule.dir/SharedDirsApplyTask.cpp.o
[ 99%] Building CXX object src/CMakeFiles/amule.dir/SharedFilePeersListCtrl.cpp.o
[ 99%] Building CXX object src/CMakeFiles/amule.dir/SharedFilesCtrl.cpp.o
[ 99%] Building CXX object src/CMakeFiles/amule.dir/SharedFilesReloadProgress.cpp.o
[100%] Building CXX object src/CMakeFiles/amule.dir/SharedFilesWnd.cpp.o
[100%] Building CXX object src/CMakeFiles/amule.dir/SourceListCtrl.cpp.o
[100%] Building CXX object src/CMakeFiles/amule.dir/StatisticsDlg.cpp.o
[100%] Building CXX object src/CMakeFiles/amule.dir/TransferWnd.cpp.o
[100%] Building CXX object src/CMakeFiles/amule.dir/CaptchaDialog.cpp.o
[100%] Building CXX object src/CMakeFiles/amule.dir/CaptchaGenerator.cpp.o
[100%] Building CXX object src/CMakeFiles/amule.dir/PartFileConvert.cpp.o
[100%] Building CXX object src/CMakeFiles/amule.dir/PartFileConvertDlg.cpp.o
[100%] Building CXX object src/CMakeFiles/amule.dir/SplashScreen.cpp.o
[100%] Linking CXX executable amule
[100%] Built target amulegui
[100%] Built target amuled
[100%] Built target amule
make: *** [Makefile:146: all] Error 2
[1m[31m==> ERROR:(B[m[1m A failure occurred in build().(B[m
[1m    Aborting...(B[m
