-- The C compiler identification is GNU 16.1.1
-- The CXX compiler identification is GNU 16.1.1
-- Detecting C compiler ABI info
-- Detecting C compiler ABI info - done
-- Check for working C compiler: /usr/bin/cc - skipped
-- Detecting C compile features
-- Detecting C compile features - done
-- Detecting CXX compiler ABI info
-- Detecting CXX compiler ABI info - done
-- Check for working CXX compiler: /usr/bin/c++ - skipped
-- Detecting CXX compile features
-- Detecting CXX compile features - done
-- ccache not found.
-- Found Git: /usr/bin/git (found version "2.55.0")
-- Looking for readline
-- Looking for readline - found
-- Looking for add_history
-- Looking for add_history - found
-- Looking for stdio.h
-- Looking for stdio.h - found
-- Looking for readline.h
-- Looking for readline.h - not found.
-- Looking for readline/readline.h
-- Looking for readline/readline.h - found
-- Looking for readline/history.h
-- Looking for readline/history.h - found
-- Found readline: /usr/lib/libreadline.so
-- Found PkgConfig: /usr/bin/pkg-config (found version "2.5.1")
-- Checking for one of the modules 'gdlib'
-- gdlib version: 2.3.3 -- OK
-- Looking for getopt_long
-- Looking for getopt_long - found
-- Found ZLIB: /usr/lib/libz.so (found version "1.3.2")
-- Found PNG: /usr/lib/libpng.so (found version "1.6.58")
-- Looking for include files boost/system/error_code.hpp, boost/asio.hpp
-- Looking for include files boost/system/error_code.hpp, boost/asio.hpp - found
-- libmaxminddb found, IP2Country support enabled
-- Looking for argz.h
-- Looking for argz.h - found
-- Looking for limits.h
-- Looking for limits.h - found
-- Looking for locale.h
-- Looking for locale.h - found
-- Looking for nl_types.h
-- Looking for nl_types.h - found
-- Looking for stdlib.h
-- Looking for stdlib.h - found
-- Looking for string.h
-- Looking for string.h - found
-- Looking for sys/param.h
-- Looking for sys/param.h - found
-- Looking for stddef.h
-- Looking for stddef.h - found
-- Found Gettext: /usr/bin/msgmerge (found version "1.0")
-- Everything is fine. aMule can be localized
-- Found Intl: built in to C library
-- Performing Test CMAKE_HAVE_LIBC_PTHREAD
-- Performing Test CMAKE_HAVE_LIBC_PTHREAD - Success
-- Found Threads: TRUE
-- Looking for fallocate
-- Looking for fallocate - found
-- Looking for getrlimit
-- Looking for getrlimit - found
-- Looking for setrlimit
-- Looking for setrlimit - found
-- Looking for fcntl.h
-- Looking for fcntl.h - found
-- Looking for sys/resource.h
-- Looking for sys/resource.h - found
-- Looking for sys/statvfs.h
-- Looking for sys/statvfs.h - found
-- Looking for posix_fallocate
-- Looking for posix_fallocate - found
-- Looking for sys/select.h
-- Looking for sys/select.h - found
-- Looking for sys/time.h
-- Looking for sys/time.h - found
-- Looking for sys/wait.h
-- Looking for sys/wait.h - found
-- Looking for unistd.h
-- Looking for unistd.h - found
-- Looking for sys/types.h
-- Looking for sys/types.h - found
-- Looking for stdint.h
-- Looking for stdint.h - found
-- Check size of int
-- Check size of int - done
-- Looking for errno.h
-- Looking for errno.h - found
-- Looking for float.h
-- Looking for float.h - found
-- Looking for signal.h
-- Looking for signal.h - found
-- Looking for stdarg.h
-- Looking for stdarg.h - found
-- Looking for free
-- Looking for free - found
-- Looking for C++ include cxxabi.h
-- Looking for C++ include cxxabi.h - found
-- Looking for execinfo.h
-- Looking for execinfo.h - found
-- Looking for inttypes.h
-- Looking for inttypes.h - found
-- Looking for strerror_r
-- Looking for strerror_r - found
-- Looking for C++ include cryptlib.h
-- Looking for C++ include cryptlib.h - not found
-- Looking for C++ include cryptopp/cryptlib.h
-- Looking for C++ include cryptopp/cryptlib.h - found
-- cryptopp prefix found: cryptopp
-- Found libcrypto++ in /usr/lib/libcryptopp.so
-- Looking for C++ include cryptopp/config.h
-- Looking for C++ include cryptopp/config.h - found
-- crypto++ version 8.9.0 -- OK
-- Found wxWidgets: -lwx_baseu-3.2;-lwx_gtk3u_core-3.2;-lwx_baseu_net-3.2 (found suitable version "3.2.11", minimum required is "3.2.0")
-- Performing Test amule_HAVE_WXWEBREQUEST
-- Performing Test amule_HAVE_WXWEBREQUEST - Success
-- libcurl headers found (8.21.0) — CHTTPDownloadThread CURLOPT tuning enabled
-- git revision rev. 3.0.1-100-g6637b9d5d found
-- Looking for bfd.h
-- Looking for bfd.h - found
-- bfd link set: /usr/lib/libbfd.so;/usr/lib/libiberty.a;/usr/lib/libzstd.so;/usr/lib/libsframe.so;/usr/lib/libz.so;/usr/lib/libdl.a
-- AppIndicator3 found: ayatana-appindicator3-0.1 0.6.0 — tray icon uses SNI backend
-- Found Python3: /usr/bin/python3.14 (found version "3.14.6") found components: Interpreter
-- Icon data: regenerating at build time via /usr/bin/python3.14
-- 

	Configured aMule GIT for 'Linux-7.1.2-arch3-1' on 'x86_64'.

	aMule enabled options:

	**** aMule Core ****
	Prefix where aMule should be installed?				
	Should aMule be compiled with i18n support?			ON
	Which mode should aMule be compiled in?				None
	Should aMule be compiled with UPnP support?			ON
	Should aMule be compiled with IP2country support?		ON
	Should aMule monolithic application be built?			ON
	Should aMule daemon version be built?				ON
	Should aMule remote gui be built?				ON

	**** aMule TextClient ****
	Should aMule Command Line Client be built?			ON

	**** aMule WebServer ****
	Should aMule WebServer be built?				ON

	**** aMule ED2K Links Handler ****
	Should aMule ED2K Links Handler be built?			ON

	**** aMuleLinkCreator ****
	Should aMuleLinkCreator GUI version (alc) be built?		ON
	Should aMuleLinkCreator for console (alcc) be built?		ON

	**** aMule Statistics ****
	Should C aMule Statistics (CAS) be built?			ON
	Should aMule GUI Statistics (wxCas) be built?			ON

	**** General Libraries and Tools ****
	Should aMule file viewer for console be built?			ON

	Libraries aMule will use to build:
			boost				1.91.0
			crypto++			8.9.0 in cryptopp
			libupnp				1.14.31
			libintl				ON
			libmaxminddb			/usr/lib/libmaxminddb.so
			libpng				1.6.58
			libgd				2.3.3
			zlib				1.3.2
			tray-icon backend		StatusNotifierItem (libayatana-appindicator 0.6.0)
-- Configuring done (11.0s)
-- Generating done (0.1s)
-- Build files have been written to: /build/amule-git/src/build
[  0%] Building CXX object src/libs/common/CMakeFiles/mulecommon.dir/FileFunctions.cpp.o
[  0%] Building CXX object unittests/muleunit/CMakeFiles/muleunit.dir/testregistry.cpp.o
[  0%] Generating ar.gmo
[  0%] Building CXX object src/libs/common/CMakeFiles/mulecommon.dir/LocaleInit.cpp.o
[  1%] Generating AppStream metainfo releases from docs/CHANGELOG.md
[  1%] Generating libs/ec/cpp/ECCodes.h
[  1%] Building CXX object src/CMakeFiles/muleappcore.dir/IPFilterScanner.cpp.o
[  1%] Generating ast.gmo
[  2%] Building CXX object unittests/muleunit/CMakeFiles/muleunit.dir/test.cpp.o
[  2%] Building CXX object src/CMakeFiles/mulesocket.dir/LibSocket.cpp.o
[  2%] Building CXX object unittests/muleunit/CMakeFiles/muleunit.dir/main.cpp.o
[  2%] Generating bn.gmo
[  2%] Building CXX object src/libs/common/CMakeFiles/mulecommon.dir/Format.cpp.o
[  2%] Building CXX object src/libs/common/CMakeFiles/mulecommon.dir/MD5Sum.cpp.o
[  2%] Building CXX object unittests/muleunit/CMakeFiles/muleunit.dir/testcase.cpp.o
[  2%] Generating bg.gmo
[  2%] Generating libs/ec/cpp/ECTagTypes.h
[  2%] Rendering translated manpages via po4a
[  2%] Embedding /build/amule-git/src/amule/src/icons -> icon_data.c
[  2%] Building CXX object src/libwebcommon/CMakeFiles/webcommon.dir/ConstantTime.cpp.o
-- Generating /build/amule-git/src/build/src/libs/ec/cpp/ECCodes.h
-- Generating /build/amule-git/src/build/src/libs/ec/cpp/ECTagTypes.h
[  2%] Built target generate_ECTagTypes.h
[  2%] Building CXX object src/libwebcommon/CMakeFiles/webcommon.dir/HeaderParse.cpp.o
[  2%] Building CXX object src/libwebcommon/CMakeFiles/webcommon.dir/Etag.cpp.o
[  2%] Generating ca.gmo
[  3%] Generating cs.gmo
[  3%] Generating da.gmo
[  3%] Building CXX object src/CMakeFiles/muleappcore.dir/Parser.cpp.o
[  3%] Generating de.gmo
[  3%] Generating el.gmo
[  4%] Building CXX object unittests/muleunit/CMakeFiles/muleunit.dir/__/__/src/libs/common/MuleDebug.cpp.o
[  4%] Built target amule_metainfo
[  4%] Built target generate_ECCodes.h
[  5%] Building CXX object src/libs/common/CMakeFiles/mulecommon.dir/MuleDebug.cpp.o
[  6%] Building CXX object src/CMakeFiles/muleappcore.dir/Scanner.cpp.o
[  6%] Generating en_GB.gmo
[  6%] Building CXX object unittests/muleunit/CMakeFiles/muleunit.dir/__/__/src/libs/common/StringFunctions.cpp.o
[  7%] Building CXX object src/libwebcommon/CMakeFiles/webcommon.dir/JsonWriter.cpp.o
[  7%] Generating es.gmo
emitted 259 icons -> /build/amule-git/src/build/src/icons/icon_data.c
[  7%] Built target generate_icon_data
[  7%] Building CXX object src/CMakeFiles/muleappcore.dir/kademlia/kademlia/Entry.cpp.o
[  8%] Generating et_EE.gmo
[  8%] Generating eu.gmo
[  8%] Generating fi.gmo
[  8%] Generating fr.gmo
[  8%] Generating gl.gmo
[  8%] Generating he.gmo
[  9%] Generating hr.gmo
[  9%] Generating hu.gmo
[  9%] Generating it.gmo
[  9%] Generating it_CH.gmo
[  9%] Generating ja.gmo
[  9%] Generating ko_KR.gmo
[  9%] Generating lt.gmo
[ 10%] Generating lv.gmo
[ 10%] Generating nl.gmo
[ 10%] Building CXX object src/libwebcommon/CMakeFiles/webcommon.dir/Jwt.cpp.o
[ 10%] Generating nn.gmo
[ 10%] Generating pl.gmo
[ 10%] Generating pt_BR.gmo
[ 10%] Generating pt_PT.gmo
[ 11%] Generating ro.gmo
[ 11%] Generating ru.gmo
[ 11%] Building CXX object src/libs/common/CMakeFiles/mulecommon.dir/Path.cpp.o
[ 11%] Generating sl.gmo
[ 11%] Generating sq.gmo
[ 11%] Generating sv.gmo
[ 11%] Generating ta.gmo
[ 11%] Building CXX object src/libs/ec/cpp/CMakeFiles/ec.dir/ECMemSocket.cpp.o
[ 12%] Generating tr.gmo
[ 12%] Generating uk.gmo
[ 12%] Generating zh_CN.gmo
[ 12%] Building CXX object src/CMakeFiles/muleappcore.dir/kademlia/kademlia/Indexed.cpp.o
[ 12%] Building CXX object src/libwebcommon/CMakeFiles/webcommon.dir/PathPatterns.cpp.o
[ 12%] Generating zh_TW.gmo
[ 12%] Built target pofiles_1
[ 12%] Building CXX object src/libs/ec/cpp/CMakeFiles/ec.dir/ECMuleSocket.cpp.o
[ 13%] Building CXX object src/libs/ec/cpp/CMakeFiles/ec.dir/ECPacket.cpp.o
[ 13%] Building CXX object src/libs/ec/cpp/CMakeFiles/ec.dir/ECSpecialTags.cpp.o
[ 13%] Building CXX object src/CMakeFiles/muleappcommon.dir/UPnPBase.cpp.o
[ 13%] Building C object src/libs/common/CMakeFiles/mulecommon.dir/strerror_r.c.o
[ 14%] Building CXX object src/CMakeFiles/muleappgui.dir/IP2Country.cpp.o
cc1: warning: command-line option ‘-Wdeprecated-copy’ is valid for C++/ObjC++ but not for C
cc1: warning: ‘-Werror=’ argument ‘-Werror=deprecated-copy’ is not valid for C
[ 14%] Building CXX object src/libs/common/CMakeFiles/mulecommon.dir/StringFunctions.cpp.o
[ 14%] Building CXX object src/libs/ec/cpp/CMakeFiles/ec.dir/ECSocket.cpp.o
[ 14%] Building CXX object src/CMakeFiles/muleappcommon.dir/CFile.cpp.o
[ 15%] Building CXX object src/CMakeFiles/muleappcommon.dir/ClientCredits.cpp.o
[ 15%] Built target muleunit
[ 15%] Built target pofiles
[ 15%] Building CXX object src/CMakeFiles/muleappcommon.dir/DataToText.cpp.o
[ 15%] Building CXX object src/CMakeFiles/muleappcore.dir/kademlia/kademlia/SearchManager.cpp.o
[ 15%] Building CXX object src/libs/common/CMakeFiles/mulecommon.dir/TextFile.cpp.o
[ 15%] Generating amule.de.1
[ 15%] Building CXX object src/CMakeFiles/muleappgui.dir/geoip/MaxMindDBDatabase.cpp.o
[ 15%] Building CXX object src/CMakeFiles/muleappcore.dir/kademlia/routing/RoutingBin.cpp.o
[ 15%] Building CXX object src/CMakeFiles/muleappcommon.dir/ED2KLink.cpp.o
[ 16%] Building CXX object unittests/tests/CMakeFiles/CTagTest.dir/CTagTest.cpp.o
[ 16%] Building CXX object unittests/tests/CMakeFiles/CUInt128Test.dir/CUInt128Test.cpp.o
[ 16%] Linking CXX static library libwebcommon.a
[ 16%] Built target webcommon
[ 16%] Building CXX object unittests/tests/CMakeFiles/FileDataIOTest.dir/FileDataIOTest.cpp.o
[ 16%] Building CXX object src/CMakeFiles/muleappcommon.dir/Friend.cpp.o
[ 16%] Building CXX object src/libs/ec/cpp/CMakeFiles/ec.dir/ECTag.cpp.o
[ 16%] Building CXX object src/CMakeFiles/muleappcore.dir/kademlia/utils/UInt128.cpp.o
[ 16%] Generating amulecmd.de.1
[ 16%] Generating amuled.de.1
[ 16%] Building CXX object unittests/tests/CMakeFiles/CTagTest.dir/__/__/src/SafeFile.cpp.o
[ 16%] Generating amulegui.de.1
[ 16%] Generating amuleweb.de.1
[ 16%] Generating ed2k.de.1
[ 17%] Generating ../../src/utils/aLinkCreator/docs/alc.de.1
[ 17%] Generating ../../src/utils/aLinkCreator/docs/alcc.de.1
[ 17%] Generating ../../src/utils/cas/docs/cas.de.1
[ 17%] Generating ../../src/utils/wxCas/docs/wxcas.de.1
[ 17%] Generating amule.es.1
[ 17%] Linking CXX static library libmulecommon.a
[ 17%] Generating amulecmd.es.1
[ 17%] Generating amuled.es.1
[ 17%] Generating amulegui.es.1
[ 18%] Generating amuleweb.es.1
[ 18%] Built target mulecommon
[ 18%] Generating ed2k.es.1
[ 18%] Generating ../../src/utils/aLinkCreator/docs/alc.es.1
[ 19%] Building CXX object unittests/tests/CMakeFiles/CloneFileTest.dir/CloneFileTest.cpp.o
[ 19%] Building CXX object src/CMakeFiles/muleappcommon.dir/GapList.cpp.o
[ 19%] Generating ../../src/utils/aLinkCreator/docs/alcc.es.1
[ 19%] Generating ../../src/utils/cas/docs/cas.es.1
[ 20%] Generating ../../src/utils/wxCas/docs/wxcas.es.1
[ 20%] Generating amule.fr.1
[ 20%] Generating amulecmd.fr.1
[ 21%] Generating amuled.fr.1
[ 21%] Generating amulegui.fr.1
[ 21%] Generating amuleweb.fr.1
[ 21%] Generating ed2k.fr.1
[ 21%] Generating ../../src/utils/aLinkCreator/docs/alc.fr.1
[ 22%] Generating ../../src/utils/aLinkCreator/docs/alcc.fr.1
[ 22%] Generating ../../src/utils/cas/docs/cas.fr.1
[ 22%] Generating ../../src/utils/wxCas/docs/wxcas.fr.1
[ 23%] Generating amule.hu.1
[ 23%] Generating amulecmd.hu.1
[ 23%] Generating amuled.hu.1
[ 23%] Generating amulegui.hu.1
[ 23%] Generating amuleweb.hu.1
[ 24%] Generating ed2k.hu.1
[ 24%] Building CXX object src/CMakeFiles/muleappgui.dir/extern/wxWidgets/listctrl.cpp.o
[ 24%] Generating ../../src/utils/aLinkCreator/docs/alc.hu.1
[ 24%] Generating ../../src/utils/aLinkCreator/docs/alcc.hu.1
[ 24%] Generating ../../src/utils/cas/docs/cas.hu.1
[ 24%] Generating ../../src/utils/wxCas/docs/wxcas.hu.1
[ 24%] Generating amule.it.1
[ 24%] Building CXX object unittests/tests/CMakeFiles/FileDataIOTest.dir/__/__/src/SafeFile.cpp.o
[ 24%] Generating amulecmd.it.1
[ 24%] Generating amuled.it.1
[ 25%] Generating amulegui.it.1
[ 25%] Building CXX object unittests/tests/CMakeFiles/FileDataIOTest.dir/__/__/src/CFile.cpp.o
[ 25%] Building CXX object unittests/tests/CMakeFiles/FileDataIOTest.dir/__/__/src/MemFile.cpp.o
[ 25%] Generating amuleweb.it.1
[ 25%] Building CXX object unittests/tests/CMakeFiles/CUInt128Test.dir/__/__/src/kademlia/utils/UInt128.cpp.o
[ 25%] Generating ed2k.it.1
[ 25%] Generating ../../src/utils/aLinkCreator/docs/alc.it.1
[ 25%] Generating ../../src/utils/aLinkCreator/docs/alcc.it.1
[ 25%] Generating ../../src/utils/cas/docs/cas.it.1
[ 25%] Building CXX object unittests/tests/CMakeFiles/CTagTest.dir/__/__/src/MemFile.cpp.o
[ 25%] Building CXX object unittests/tests/CMakeFiles/CTagTest.dir/__/__/src/Tag.cpp.o
[ 25%] Generating ../../src/utils/wxCas/docs/wxcas.it.1
[ 25%] Generating amule.pt_BR.1
[ 26%] Generating amulecmd.pt_BR.1
[ 26%] Generating amuled.pt_BR.1
[ 26%] Generating amulegui.pt_BR.1
[ 26%] Generating amuleweb.pt_BR.1
[ 26%] Generating ed2k.pt_BR.1
[ 26%] Generating ../../src/utils/aLinkCreator/docs/alc.pt_BR.1
[ 26%] Generating ../../src/utils/aLinkCreator/docs/alcc.pt_BR.1
[ 27%] Generating ../../src/utils/cas/docs/cas.pt_BR.1
[ 27%] Building CXX object unittests/tests/CMakeFiles/CloneFileTest.dir/__/__/src/SafeFile.cpp.o
[ 27%] Generating ../../src/utils/wxCas/docs/wxcas.pt_BR.1
[ 27%] Generating amule.ro.1
[ 27%] Generating amulecmd.ro.1
[ 27%] Generating amuled.ro.1
[ 27%] Generating amulegui.ro.1
[ 27%] Generating amuleweb.ro.1
[ 27%] Generating ed2k.ro.1
[ 28%] Generating ../../src/utils/aLinkCreator/docs/alc.ro.1
[ 28%] Generating ../../src/utils/aLinkCreator/docs/alcc.ro.1
[ 28%] Generating ../../src/utils/cas/docs/cas.ro.1
[ 28%] Building CXX object unittests/tests/CMakeFiles/FormatTest.dir/FormatTest.cpp.o
[ 28%] Generating ../../src/utils/wxCas/docs/wxcas.ro.1
[ 28%] Generating amule.ru.1
[ 28%] Generating amulecmd.ru.1
[ 28%] Generating amuled.ru.1
[ 28%] Generating amulegui.ru.1
[ 29%] Generating amuleweb.ru.1
[ 29%] Generating ed2k.ru.1
[ 30%] Building CXX object src/CMakeFiles/muleappcore.dir/AsyncDNS.cpp.o
[ 30%] Generating ../../src/utils/aLinkCreator/docs/alc.ru.1
[ 30%] Generating ../../src/utils/aLinkCreator/docs/alcc.ru.1
[ 30%] Generating ../../src/utils/cas/docs/cas.ru.1
[ 30%] Generating ../../src/utils/wxCas/docs/wxcas.ru.1
[ 30%] Building CXX object src/libs/ec/cpp/CMakeFiles/ec.dir/ECUInt128.cpp.o
[ 30%] Building CXX object unittests/tests/CMakeFiles/FormatTest.dir/__/__/src/libs/common/Format.cpp.o
[ 30%] Generating amule.tr.1
[ 30%] Generating amulecmd.tr.1
[ 30%] Building CXX object unittests/tests/CMakeFiles/CUInt128Test.dir/__/__/src/libs/common/Format.cpp.o
[ 31%] Generating amuled.tr.1
[ 31%] Generating amulegui.tr.1
[ 31%] Generating amuleweb.tr.1
[ 31%] Generating ../../src/utils/aLinkCreator/docs/alc.tr.1
[ 31%] Generating ed2k.tr.1
[ 31%] Generating ../../src/utils/aLinkCreator/docs/alcc.tr.1
[ 31%] Building CXX object unittests/tests/CMakeFiles/CloneFileTest.dir/__/__/src/CFile.cpp.o
[ 31%] Generating ../../src/utils/cas/docs/cas.tr.1
[ 31%] Building CXX object unittests/tests/CMakeFiles/CloneFileTest.dir/__/__/src/MemFile.cpp.o
[ 32%] Generating ../../src/utils/wxCas/docs/wxcas.tr.1
[ 33%] Generating amule.zh_TW.1
[ 33%] Generating amulecmd.zh_TW.1
[ 33%] Generating amuled.zh_TW.1
[ 33%] Building CXX object src/CMakeFiles/muleappcommon.dir/MagnetURI.cpp.o
[ 33%] Generating amulegui.zh_TW.1
[ 33%] Generating amuleweb.zh_TW.1
[ 33%] Generating ed2k.zh_TW.1
[ 33%] Generating ../../src/utils/aLinkCreator/docs/alc.zh_TW.1
[ 34%] Generating ../../src/utils/aLinkCreator/docs/alcc.zh_TW.1
[ 34%] Building CXX object unittests/tests/CMakeFiles/CTagTest.dir/__/__/src/libs/common/Format.cpp.o
[ 34%] Generating ../../src/utils/cas/docs/cas.zh_TW.1
[ 34%] Generating ../../src/utils/wxCas/docs/wxcas.zh_TW.1
[ 34%] Built target translated_manpages
[ 34%] Building CXX object unittests/tests/CMakeFiles/FileDataIOTest.dir/__/__/src/kademlia/utils/UInt128.cpp.o
[ 34%] Building C object unittests/tests/CMakeFiles/CTagTest.dir/__/__/src/libs/common/strerror_r.c.o
[ 34%] Building CXX object unittests/tests/CMakeFiles/CloneFileTest.dir/__/__/src/kademlia/utils/UInt128.cpp.o
[ 34%] Building CXX object unittests/tests/CMakeFiles/FileDataIOTest.dir/__/__/src/Tag.cpp.o
[ 34%] Building CXX object src/libs/ec/cpp/CMakeFiles/ec.dir/RemoteConnect.cpp.o
[ 34%] Building C object unittests/tests/CMakeFiles/CUInt128Test.dir/__/__/src/libs/common/strerror_r.c.o
[ 34%] Linking CXX executable CUInt128Test
[ 34%] Building CXX object unittests/tests/CMakeFiles/CloneFileTest.dir/__/__/src/Tag.cpp.o
[ 34%] Building CXX object src/CMakeFiles/muleappcore.dir/CanceledFileList.cpp.o
[ 35%] Building C object unittests/tests/CMakeFiles/FormatTest.dir/__/__/src/libs/common/strerror_r.c.o
[ 36%] Building CXX object src/CMakeFiles/muleappcommon.dir/MemFile.cpp.o
[ 36%] Building CXX object unittests/tests/CMakeFiles/CloneFileTest.dir/__/__/src/libs/common/Path.cpp.o
[ 37%] Building CXX object unittests/tests/CMakeFiles/NetworkFunctionsTest.dir/NetworkFunctionsTest.cpp.o
[ 37%] Building CXX object src/CMakeFiles/muleappcommon.dir/NetworkFunctions.cpp.o
[ 37%] Building CXX object src/CMakeFiles/muleappgui.dir/BarShader.cpp.o
[ 38%] Building CXX object unittests/tests/CMakeFiles/FileDataIOTest.dir/__/__/src/libs/common/Path.cpp.o
[ 39%] Linking CXX executable CTagTest
[ 39%] Linking CXX executable FormatTest
[ 39%] Building CXX object src/CMakeFiles/muleappcommon.dir/OtherFunctions.cpp.o
[ 39%] Building CXX object src/CMakeFiles/muleappcommon.dir/Packet.cpp.o
[ 39%] Building CXX object src/CMakeFiles/muleappcommon.dir/RLE.cpp.o
[ 39%] Linking CXX static library libmulesocket.a
[ 39%] Built target mulesocket
[ 40%] Building CXX object unittests/tests/CMakeFiles/CloneFileTest.dir/__/__/src/libs/common/Format.cpp.o
[ 40%] Building CXX object src/CMakeFiles/muleappcommon.dir/SafeFile.cpp.o
[ 40%] Building CXX object unittests/tests/CMakeFiles/NetworkFunctionsTest.dir/__/__/src/NetworkFunctions.cpp.o
[ 40%] Building CXX object src/CMakeFiles/muleappcore.dir/DeadSourceList.cpp.o
[ 40%] Building CXX object unittests/tests/CMakeFiles/FileDataIOTest.dir/__/__/src/libs/common/Format.cpp.o
[ 40%] Building CXX object src/CMakeFiles/muleappgui.dir/ColorFrameCtrl.cpp.o
[ 41%] Building CXX object src/CMakeFiles/muleappcommon.dir/SHA.cpp.o
[ 41%] Building CXX object src/CMakeFiles/muleappgui.dir/EditServerListDlg.cpp.o
[ 42%] Building CXX object src/CMakeFiles/muleappgui.dir/FileDetailListCtrl.cpp.o
[ 42%] Building CXX object src/CMakeFiles/muleappcommon.dir/Tag.cpp.o
[ 42%] Building CXX object src/CMakeFiles/muleappcore.dir/FileArea.cpp.o
[ 42%] Building CXX object unittests/tests/CMakeFiles/NetworkFunctionsTest.dir/__/__/src/LibSocket.cpp.o
[ 42%] Linking CXX static library libec.a
[ 42%] Built target ec
[ 42%] Building CXX object src/CMakeFiles/muleappcore.dir/FileAutoClose.cpp.o
[ 42%] Building C object unittests/tests/CMakeFiles/CloneFileTest.dir/__/__/src/libs/common/strerror_r.c.o
[ 42%] Linking CXX executable CloneFileTest
[ 42%] Building CXX object unittests/tests/CMakeFiles/NetworkFunctionsTest.dir/__/__/src/libs/common/Format.cpp.o
[ 42%] Building C object unittests/tests/CMakeFiles/FileDataIOTest.dir/__/__/src/libs/common/strerror_r.c.o
[ 42%] Linking CXX executable FileDataIOTest
[ 42%] Building CXX object src/CMakeFiles/muleappcommon.dir/TerminationProcess.cpp.o
[ 42%] Building CXX object src/CMakeFiles/muleappcommon.dir/Timer.cpp.o
[ 42%] Built target CUInt128Test
[ 42%] Building CXX object unittests/tests/CMakeFiles/PathTest.dir/PathTest.cpp.o
[ 42%] Built target CTagTest
[ 42%] Building CXX object unittests/tests/CMakeFiles/PathTest.dir/__/__/src/libs/common/Format.cpp.o
[ 43%] Building C object unittests/tests/CMakeFiles/PathTest.dir/__/__/src/libs/common/strerror_r.c.o
[ 43%] Building CXX object src/CMakeFiles/muleappgui.dir/MuleCollection.cpp.o
[ 43%] Building CXX object src/CMakeFiles/muleappcore.dir/PlatformSpecific.cpp.o
[ 43%] Building CXX object src/CMakeFiles/muleappgui.dir/MuleColour.cpp.o
[ 43%] Building CXX object unittests/tests/CMakeFiles/RangeMapTest.dir/RangeMapTest.cpp.o
[ 43%] Building CXX object unittests/tests/CMakeFiles/RangeMapTest.dir/__/__/src/libs/common/Format.cpp.o
[ 43%] Building C object unittests/tests/CMakeFiles/RangeMapTest.dir/__/__/src/libs/common/strerror_r.c.o
[ 44%] Building CXX object unittests/tests/CMakeFiles/StringFunctionsTest.dir/StringFunctionsTest.cpp.o
[ 45%] Building CXX object src/CMakeFiles/muleappcore.dir/RandomFunctions.cpp.o
[ 45%] Building CXX object src/CMakeFiles/muleappcore.dir/RC4Encrypt.cpp.o
[ 45%] Building CXX object src/CMakeFiles/muleappgui.dir/MuleGifCtrl.cpp.o
[ 45%] Building CXX object unittests/tests/CMakeFiles/PathTest.dir/__/__/src/libs/common/Path.cpp.o
[ 45%] Linking CXX static library libmuleappcommon.a
[ 45%] Building C object unittests/tests/CMakeFiles/NetworkFunctionsTest.dir/__/__/src/libs/common/strerror_r.c.o
[ 45%] Building CXX object unittests/tests/CMakeFiles/StringFunctionsTest.dir/__/__/src/libs/common/Format.cpp.o
[ 45%] Building C object unittests/tests/CMakeFiles/StringFunctionsTest.dir/__/__/src/libs/common/strerror_r.c.o
[ 45%] Building CXX object src/CMakeFiles/muleappgui.dir/MuleListCtrl.cpp.o
[ 45%] Built target muleappcommon
[ 45%] Building CXX object src/CMakeFiles/muleappgui.dir/MuleNotebook.cpp.o
[ 46%] Building CXX object src/CMakeFiles/muleappgui.dir/MuleTextCtrl.cpp.o
[ 46%] Building CXX object unittests/tests/CMakeFiles/StringFunctionsTest.dir/__/__/src/libs/common/Path.cpp.o
[ 46%] Building CXX object src/CMakeFiles/muleappcore.dir/StateMachine.cpp.o
[ 46%] Built target CloneFileTest
[ 46%] Built target FormatTest
[ 46%] Building CXX object src/CMakeFiles/muleappcore.dir/TerminationProcessAmuleweb.cpp.o
[ 46%] Building CXX object unittests/tests/CMakeFiles/PhpArrayTest.dir/PhpArrayTest.cpp.o
[ 46%] Building CXX object unittests/tests/CMakeFiles/PhpArrayTest.dir/__/__/src/webserver/src/php_syntree.cpp.o
[ 46%] Building CXX object src/CMakeFiles/muleappgui.dir/muuli_wdr.cpp.o
[ 46%] Building CXX object unittests/tests/CMakeFiles/PhpArrayTest.dir/__/__/src/libs/common/Format.cpp.o
[ 46%] Building CXX object src/CMakeFiles/muleappcore.dir/ThreadScheduler.cpp.o
[ 46%] Building CXX object src/CMakeFiles/muleappcore.dir/UPnPBase.cpp.o
[ 46%] Linking CXX executable RangeMapTest
[ 46%] Linking CXX executable PathTest
[ 47%] Building C object unittests/tests/CMakeFiles/PhpArrayTest.dir/__/__/src/libs/common/strerror_r.c.o
[ 47%] Building CXX object unittests/tests/CMakeFiles/TextFileTest.dir/TextFileTest.cpp.o
[ 47%] Building CXX object unittests/tests/CMakeFiles/TextFileTest.dir/__/__/src/libs/common/Format.cpp.o
[ 47%] Built target FileDataIOTest
[ 48%] Building C object unittests/tests/CMakeFiles/TextFileTest.dir/__/__/src/libs/common/strerror_r.c.o
[ 48%] Building CXX object unittests/tests/CMakeFiles/TextFileTest.dir/__/__/src/libs/common/Path.cpp.o
[ 48%] Building CXX object unittests/tests/CMakeFiles/TextFileTest.dir/__/__/src/libs/common/TextFile.cpp.o
[ 48%] Building CXX object unittests/tests/CMakeFiles/OtherFunctionsTest.dir/OtherFunctionsTest.cpp.o
[ 48%] Linking CXX executable StringFunctionsTest
[ 48%] Linking CXX executable PhpArrayTest
[ 49%] Building CXX object unittests/tests/CMakeFiles/OtherFunctionsTest.dir/__/__/src/OtherFunctions.cpp.o
[ 49%] Building CXX object unittests/tests/CMakeFiles/JwtTest.dir/JwtTest.cpp.o
[ 49%] Building CXX object unittests/tests/CMakeFiles/JsonWriterTest.dir/JsonWriterTest.cpp.o
[ 49%] Building CXX object unittests/tests/CMakeFiles/PathPatternsTest.dir/PathPatternsTest.cpp.o
[ 49%] Building CXX object unittests/tests/CMakeFiles/EtagTest.dir/EtagTest.cpp.o
[ 49%] Building CXX object unittests/tests/CMakeFiles/StaticFsTest.dir/StaticFsTest.cpp.o
[ 49%] Building CXX object unittests/tests/CMakeFiles/StaticFsTest.dir/__/__/src/webapi/StaticFs.cpp.o
[ 49%] Building CXX object unittests/tests/CMakeFiles/EventBusTest.dir/EventBusTest.cpp.o
[ 50%] Building CXX object unittests/tests/CMakeFiles/EventBusTest.dir/__/__/src/webapi/EventBus.cpp.o
[ 50%] Linking CXX executable TextFileTest
[ 50%] Building CXX object unittests/tests/CMakeFiles/EventDiffTest.dir/EventDiffTest.cpp.o
[ 50%] Building CXX object unittests/tests/CMakeFiles/EventDiffTest.dir/__/__/src/webapi/EventBus.cpp.o
[ 50%] Building CXX object unittests/tests/CMakeFiles/AmuleApiConfigTest.dir/AmuleApiConfigTest.cpp.o
[ 50%] Built target PathTest
[ 50%] Built target RangeMapTest
[ 50%] Building CXX object unittests/tests/CMakeFiles/EventDiffTest.dir/__/__/src/webapi/EventDiff.cpp.o
[ 50%] Linking CXX executable JsonWriterTest
[ 50%] Linking CXX executable EtagTest
[ 50%] Building CXX object unittests/tests/CMakeFiles/AmuleApiConfigTest.dir/__/__/src/webapi/AmuleApiConfig.cpp.o
/build/amule-git/src/amule/unittests/tests/StaticFsTest.cpp: In function ‘void {anonymous}::RemoveAll(const std::string&)’:
/build/amule-git/src/amule/unittests/tests/StaticFsTest.cpp:95:26: warning: ignoring return value of ‘int system(const char*)’ declared with attribute ‘warn_unused_result’ [-Wunused-result]
   95 |         (void)std::system(cmd.c_str());
      |               ~~~~~~~~~~~^~~~~~~~~~~~~
[ 50%] Linking CXX static library libmuleappcore.a
[ 50%] Linking CXX executable PathPatternsTest
[ 50%] Linking CXX executable StaticFsTest
[ 50%] Built target muleappcore
[ 50%] Building CXX object unittests/tests/CMakeFiles/EventDiffTest.dir/__/__/src/webapi/State.cpp.o
[ 50%] Built target StringFunctionsTest
[ 50%] Building CXX object unittests/tests/CMakeFiles/AuthTest.dir/AuthTest.cpp.o
[ 50%] Linking CXX executable JwtTest
[ 50%] Built target PhpArrayTest
[ 50%] Linking CXX executable NetworkFunctionsTest
[ 51%] Building CXX object unittests/tests/CMakeFiles/StateTest.dir/StateTest.cpp.o
[ 51%] Building CXX object unittests/tests/CMakeFiles/StateTest.dir/__/__/src/webapi/State.cpp.o
[ 51%] Linking CXX executable OtherFunctionsTest
[ 51%] Building CXX object unittests/tests/CMakeFiles/AuthTest.dir/__/__/src/webapi/Auth.cpp.o
[ 51%] Linking CXX executable EventBusTest
[ 51%] Building CXX object unittests/tests/CMakeFiles/RefresherTest.dir/RefresherTest.cpp.o
[ 51%] Built target TextFileTest
[ 51%] Linking CXX executable AmuleApiConfigTest
[ 51%] Linking CXX static library libmuleappgui.a
[ 51%] Building CXX object src/CMakeFiles/amulecmd.dir/DataToText.cpp.o
[ 51%] Built target muleappgui
[ 51%] Building CXX object src/CMakeFiles/amuled.dir/kademlia/kademlia/Kademlia.cpp.o
[ 51%] Building CXX object src/CMakeFiles/amulecmd.dir/ExternalConnector.cpp.o
[ 52%] Linking CXX executable EventDiffTest
[ 52%] Built target EtagTest
[ 53%] Building CXX object unittests/tests/CMakeFiles/RefresherTest.dir/__/__/src/webapi/Refresher.cpp.o
[ 53%] Building CXX object unittests/tests/CMakeFiles/RefresherTest.dir/__/__/src/webapi/State.cpp.o
[ 53%] Building CXX object src/CMakeFiles/amuled.dir/kademlia/kademlia/Prefs.cpp.o
[ 53%] Built target JsonWriterTest
[ 53%] Building CXX object src/CMakeFiles/amulecmd.dir/LoggerConsole.cpp.o
[ 53%] Built target StaticFsTest
[ 54%] Building CXX object src/CMakeFiles/ed2k.dir/ED2KLinkParser.cpp.o
[ 54%] Linking CXX executable AuthTest
[ 54%] Built target PathPatternsTest
[ 54%] Built target JwtTest
[ 54%] Building CXX object unittests/tests/CMakeFiles/RefresherTest.dir/__/__/src/OtherFunctions.cpp.o
[ 54%] Building CXX object src/CMakeFiles/ed2k.dir/MagnetURI.cpp.o
[ 54%] Building CXX object src/CMakeFiles/amulecmd.dir/NetworkFunctions.cpp.o
[ 54%] Building CXX object unittests/tests/CMakeFiles/RefresherTest.dir/__/__/src/RLE.cpp.o
[ 54%] Building CXX object src/CMakeFiles/amuled.dir/kademlia/kademlia/Search.cpp.o
[ 54%] Built target NetworkFunctionsTest
[ 54%] Building CXX object src/CMakeFiles/amuled.dir/kademlia/kademlia/UDPFirewallTester.cpp.o
[ 54%] Building CXX object src/CMakeFiles/ed2k.dir/MuleCollection.cpp.o
[ 54%] Building CXX object src/CMakeFiles/amule.dir/amuleAppCommon.cpp.o
[ 54%] Built target EventBusTest
[ 54%] Building CXX object src/CMakeFiles/amuled.dir/kademlia/net/KademliaUDPListener.cpp.o
[ 54%] Building CXX object src/CMakeFiles/amulecmd.dir/OtherFunctions.cpp.o
[ 54%] Built target OtherFunctionsTest
[ 55%] Building CXX object src/CMakeFiles/amulecmd.dir/TextClient.cpp.o
[ 56%] Building CXX object src/CMakeFiles/amuled.dir/kademlia/net/PacketTracking.cpp.o
[ 56%] Linking CXX executable StateTest
[ 56%] Building CXX object src/CMakeFiles/amulegui.dir/amuleAppCommon.cpp.o
[ 56%] Built target AmuleApiConfigTest
[ 56%] Linking CXX executable ed2k
[ 56%] Building CXX object src/utils/aLinkCreator/src/CMakeFiles/alcc.dir/alcc.cpp.o
[ 56%] Building CXX object src/CMakeFiles/amuled.dir/kademlia/routing/Contact.cpp.o
[ 56%] Building CXX object src/utils/aLinkCreator/src/CMakeFiles/alcc.dir/ed2khash.cpp.o
[ 56%] Building CXX object unittests/tests/CMakeFiles/RefresherTest.dir/__/__/src/LoggerConsole.cpp.o
[ 57%] Building CXX object src/utils/aLinkCreator/src/CMakeFiles/alcc.dir/md4.cpp.o
[ 57%] Built target EventDiffTest
[ 57%] Building CXX object src/CMakeFiles/amuled.dir/kademlia/routing/RoutingZone.cpp.o
[ 57%] Building CXX object src/utils/aLinkCreator/src/CMakeFiles/alc.dir/alc.cpp.o
[ 57%] Built target AuthTest
[ 57%] Building CXX object src/CMakeFiles/amulegui.dir/AppImageEnv.cpp.o
[ 57%] Building CXX object src/CMakeFiles/amuled.dir/amule.cpp.o
[ 57%] Building CXX object src/CMakeFiles/amule.dir/AppImageEnv.cpp.o
[ 57%] Building CXX object src/CMakeFiles/amule.dir/AutostartManager.cpp.o
[ 57%] Building C object src/utils/cas/CMakeFiles/cas.dir/cas.c.o
cc1: warning: command-line option ‘-Wdeprecated-copy’ is valid for C++/ObjC++ but not for C
cc1: warning: ‘-Werror=’ argument ‘-Werror=deprecated-copy’ is not valid for C
[ 57%] Building C object src/utils/cas/CMakeFiles/cas.dir/configfile.c.o
cc1: warning: command-line option ‘-Wdeprecated-copy’ is valid for C++/ObjC++ but not for C
cc1: warning: ‘-Werror=’ argument ‘-Werror=deprecated-copy’ is not valid for C
[ 57%] Building C object src/utils/cas/CMakeFiles/cas.dir/functions.c.o
cc1: warning: command-line option ‘-Wdeprecated-copy’ is valid for C++/ObjC++ but not for C
cc1: warning: ‘-Werror=’ argument ‘-Werror=deprecated-copy’ is not valid for C
[ 58%] Building C object src/utils/cas/CMakeFiles/cas.dir/graphics.c.o
cc1: warning: command-line option ‘-Wdeprecated-copy’ is valid for C++/ObjC++ but not for C
cc1: warning: ‘-Werror=’ argument ‘-Werror=deprecated-copy’ is not valid for C
[ 58%] Building C object src/utils/cas/CMakeFiles/cas.dir/html.c.o
cc1: warning: command-line option ‘-Wdeprecated-copy’ is valid for C++/ObjC++ but not for C
cc1: warning: ‘-Werror=’ argument ‘-Werror=deprecated-copy’ is not valid for C
[ 58%] Built target ed2k
[ 58%] Building C object src/utils/cas/CMakeFiles/cas.dir/lines.c.o
[ 58%] Building CXX object src/utils/aLinkCreator/src/CMakeFiles/alc.dir/alcframe.cpp.o
cc1: warning: command-line option ‘-Wdeprecated-copy’ is valid for C++/ObjC++ but not for C
cc1: warning: ‘-Werror=’ argument ‘-Werror=deprecated-copy’ is not valid for C
[ 58%] Linking CXX executable alcc
[ 58%] Linking C executable cas
[ 59%] Building CXX object src/utils/aLinkCreator/src/CMakeFiles/alc.dir/alcpix.cpp.o
[ 59%] Building CXX object src/utils/aLinkCreator/src/CMakeFiles/alc.dir/ed2khash.cpp.o
[ 59%] Linking CXX executable RefresherTest
[ 59%] Building CXX object src/CMakeFiles/amule.dir/ProtocolHandlerManager.cpp.o
[ 59%] Built target cas
[ 59%] Building CXX object src/CMakeFiles/amulegui.dir/AutostartManager.cpp.o
[ 59%] Building CXX object src/CMakeFiles/amuled.dir/BaseClient.cpp.o
[ 59%] Building CXX object src/utils/aLinkCreator/src/CMakeFiles/alc.dir/md4.cpp.o
[ 59%] Building CXX object src/CMakeFiles/amule.dir/ClientRef.cpp.o
[ 59%] Linking CXX executable amulecmd
[ 60%] Building CXX object src/CMakeFiles/amule.dir/ECSpecialMuleTags.cpp.o
[ 60%] Building CXX object src/CMakeFiles/amuled.dir/ClientCreditsList.cpp.o
[ 60%] Building CXX object src/utils/fileview/CMakeFiles/fileview.dir/__/__/kademlia/utils/UInt128.cpp.o
[ 60%] Built target alcc
[ 60%] Building CXX object src/utils/fileview/CMakeFiles/fileview.dir/__/__/CFile.cpp.o
[ 60%] Building CXX object src/CMakeFiles/amule.dir/GetTickCount.cpp.o
[ 61%] Building CXX object src/CMakeFiles/amuled.dir/ClientList.cpp.o
[ 61%] Building CXX object src/CMakeFiles/amulegui.dir/ProtocolHandlerManager.cpp.o
[ 61%] Built target StateTest
[ 61%] Building CXX object src/utils/wxCas/src/CMakeFiles/wxcas.dir/linuxmon.cpp.o
[ 61%] Building CXX object src/webserver/src/CMakeFiles/amuleweb.dir/__/__/ExternalConnector.cpp.o
[ 62%] Building CXX object src/utils/fileview/CMakeFiles/fileview.dir/__/__/OtherFunctions.cpp.o
[ 62%] Building CXX object src/utils/wxCas/src/CMakeFiles/wxcas.dir/onlinesig.cpp.o
[ 63%] Building CXX object src/utils/wxCas/src/CMakeFiles/wxcas.dir/wxcas.cpp.o
[ 63%] Linking CXX executable alc
[ 63%] Building CXX object src/utils/wxCas/src/CMakeFiles/wxcas.dir/wxcascte.cpp.o
[ 63%] Building CXX object src/utils/wxCas/src/CMakeFiles/wxcas.dir/wxcasframe.cpp.o
[ 63%] Building CXX object src/CMakeFiles/amulegui.dir/ClientRef.cpp.o
[ 63%] Building CXX object src/CMakeFiles/amule.dir/GuiEvents.cpp.o
[ 63%] Built target RefresherTest
[ 63%] Building CXX object src/CMakeFiles/amuled.dir/ClientTCPSocket.cpp.o
[ 63%] Building CXX object src/webserver/src/CMakeFiles/amuleweb.dir/__/__/OtherFunctions.cpp.o
[ 63%] Building CXX object src/utils/wxCas/src/CMakeFiles/wxcas.dir/wxcasprefs.cpp.o
[ 63%] Building CXX object src/webserver/src/CMakeFiles/amuleweb.dir/__/__/RLE.cpp.o
[ 63%] Building CXX object src/utils/wxCas/src/CMakeFiles/wxcas.dir/wxcaspix.cpp.o
[ 63%] Building CXX object src/utils/wxCas/src/CMakeFiles/wxcas.dir/wxcasprint.cpp.o
[ 64%] Building CXX object src/CMakeFiles/amulegui.dir/ECSpecialMuleTags.cpp.o
[ 64%] Building CXX object src/CMakeFiles/amulegui.dir/GetTickCount.cpp.o
[ 64%] Building CXX object src/utils/fileview/CMakeFiles/fileview.dir/__/__/SafeFile.cpp.o
[ 64%] Building CXX object src/utils/fileview/CMakeFiles/fileview.dir/__/__/Tag.cpp.o
[ 64%] Building CXX object src/CMakeFiles/amulegui.dir/GuiEvents.cpp.o
[ 64%] Building CXX object src/CMakeFiles/amulegui.dir/HTTPDownload.cpp.o
[ 64%] Building CXX object src/CMakeFiles/amule.dir/HTTPDownload.cpp.o
[ 64%] Building CXX object src/webserver/src/CMakeFiles/amuleweb.dir/__/__/NetworkFunctions.cpp.o
[ 64%] Building CXX object src/CMakeFiles/amuled.dir/ClientUDPSocket.cpp.o
[ 64%] Building CXX object src/CMakeFiles/amulegui.dir/InstanceLock.cpp.o
[ 64%] Building CXX object src/CMakeFiles/amule.dir/InstanceLock.cpp.o
[ 64%] Built target alc
[ 64%] Building CXX object src/utils/fileview/CMakeFiles/fileview.dir/eD2kFiles.cpp.o
[ 64%] Building CXX object src/utils/fileview/CMakeFiles/fileview.dir/FileView.cpp.o
[ 65%] Building CXX object src/CMakeFiles/amulegui.dir/KnownFile.cpp.o
[ 65%] Linking CXX executable wxcas
[ 65%] Building CXX object src/CMakeFiles/amulegui.dir/Logger.cpp.o
/build/amule-git/src/amule/src/InstanceLock.cpp: In member function ‘InstanceLock::Result InstanceLock::Acquire(const wxString&, const wxString&)’:
/build/amule-git/src/amule/src/InstanceLock.cpp:130:24: warning: ignoring return value of ‘int ftruncate(int, __off64_t)’ declared with attribute ‘warn_unused_result’ [-Wunused-result]
  130 |         (void)ftruncate(m_fd, 0);
      |               ~~~~~~~~~^~~~~~~~~
[ 66%] Building CXX object src/CMakeFiles/amulegui.dir/MediaProbe.cpp.o
[ 66%] Building CXX object src/webserver/src/CMakeFiles/amuleweb.dir/__/__/LoggerConsole.cpp.o
/build/amule-git/src/amule/src/InstanceLock.cpp: In member function ‘InstanceLock::Result InstanceLock::Acquire(const wxString&, const wxString&)’:
/build/amule-git/src/amule/src/InstanceLock.cpp:130:24: warning: ignoring return value of ‘int ftruncate(int, __off64_t)’ declared with attribute ‘warn_unused_result’ [-Wunused-result]
  130 |         (void)ftruncate(m_fd, 0);
      |               ~~~~~~~~~^~~~~~~~~
[ 66%] Building CXX object src/utils/fileview/CMakeFiles/fileview.dir/KadFiles.cpp.o
[ 66%] Building CXX object src/CMakeFiles/amuled.dir/CorruptionBlackBox.cpp.o
[ 67%] Building CXX object src/webserver/src/CMakeFiles/amuleweb.dir/__/__/UPnPBase.cpp.o
[ 67%] Building CXX object src/webserver/src/CMakeFiles/amuleweb.dir/php_amule_lib.cpp.o
[ 67%] Building CXX object src/CMakeFiles/amuled.dir/DownloadBandwidthThrottler.cpp.o
[ 68%] Building CXX object src/utils/fileview/CMakeFiles/fileview.dir/Print.cpp.o
[ 68%] Building CXX object src/CMakeFiles/amule.dir/KnownFile.cpp.o
[ 68%] Building CXX object src/CMakeFiles/amulegui.dir/PartFile.cpp.o
[ 68%] Building CXX object src/webserver/src/CMakeFiles/amuleweb.dir/php_core_lib.cpp.o
[ 68%] Building CXX object src/CMakeFiles/amulegui.dir/Preferences.cpp.o
[ 68%] Building CXX object src/CMakeFiles/amuled.dir/DownloadClient.cpp.o
[ 68%] Building C object src/webserver/src/CMakeFiles/amuleweb.dir/php_lexer.c.o
cc1: warning: command-line option ‘-Wdeprecated-copy’ is valid for C++/ObjC++ but not for C
cc1: warning: ‘-Werror=’ argument ‘-Werror=deprecated-copy’ is not valid for C
[ 68%] Built target amulecmd
[ 69%] Building CXX object src/CMakeFiles/amule.dir/Logger.cpp.o
[ 69%] Building CXX object src/CMakeFiles/amulegui.dir/Proxy.cpp.o
[ 70%] Building CXX object src/CMakeFiles/amuled.dir/DownloadQueue.cpp.o
[ 70%] Building C object src/webserver/src/CMakeFiles/amuleweb.dir/php_parser.c.o
cc1: warning: command-line option ‘-Wdeprecated-copy’ is valid for C++/ObjC++ but not for C
cc1: warning: ‘-Werror=’ argument ‘-Werror=deprecated-copy’ is not valid for C
[ 70%] Building CXX object src/CMakeFiles/amulegui.dir/Server.cpp.o
[ 70%] Building CXX object src/CMakeFiles/amulegui.dir/Statistics.cpp.o
[ 70%] Building CXX object src/CMakeFiles/amule.dir/MediaProbe.cpp.o
[ 70%] Building CXX object src/webserver/src/CMakeFiles/amuleweb.dir/php_syntree.cpp.o
[ 70%] Built target wxcas
[ 70%] Building CXX object src/CMakeFiles/amuled.dir/ECFullResponseCache.cpp.o
[ 70%] Building CXX object src/CMakeFiles/amuled.dir/ECSpecialCoreTags.cpp.o
[ 70%] Building CXX object src/CMakeFiles/amule.dir/PartFile.cpp.o
[ 71%] Building CXX object src/CMakeFiles/amulegui.dir/StatTree.cpp.o
[ 71%] Building CXX object src/CMakeFiles/amuled.dir/EMSocket.cpp.o
[ 71%] Building CXX object src/CMakeFiles/amulegui.dir/UserEvents.cpp.o
[ 71%] Linking CXX executable fileview
/usr/src/debug/amule-git/amule/src/Logger.h:173:7: warning: type ‘struct CLogger’ violates the C++ One Definition Rule [-Wodr]
/usr/src/debug/amule-git/amule/src/utils/fileview/FileView.cpp:57:7: note: a type with different bases is defined in another translation unit
/usr/src/debug/amule-git/amule/src/Logger.h:32:6: warning: type ‘DebugType’ violates the C++ One Definition Rule [-Wodr]
/usr/src/debug/amule-git/amule/src/utils/fileview/FileView.cpp:53:6: note: a type with different signedness is defined in another translation unit
/usr/src/debug/amule-git/amule/src/Logger.h:226:7: warning: type of ‘AddLogLine’ does not match original declaration [-Wlto-type-mismatch]
/usr/src/debug/amule-git/amule/src/utils/fileview/FileView.cpp:78:6: note: type mismatch in parameter 4
/usr/src/debug/amule-git/amule/src/utils/fileview/FileView.cpp:53:6: note: type ‘DebugType’ itself violates the C++ One Definition Rule
/usr/src/debug/amule-git/amule/src/Logger.h:32:6: note: the incompatible type is defined here
/usr/src/debug/amule-git/amule/src/utils/fileview/FileView.cpp:78:6: note: ‘AddLogLine’ was previously declared here
/usr/src/debug/amule-git/amule/src/utils/fileview/FileView.cpp:78:6: note: code may be misoptimized unless ‘-fno-strict-aliasing’ is used
/usr/src/debug/amule-git/amule/src/Logger.h:311:16: warning: ‘theLogger’ violates the C++ One Definition Rule [-Wodr]
/usr/src/debug/amule-git/amule/src/utils/fileview/FileView.cpp:57:7: note: type ‘struct CLogger’ itself violates the C++ One Definition Rule
/usr/src/debug/amule-git/amule/src/Logger.h:173:7: note: the incompatible type is defined here
/usr/src/debug/amule-git/amule/src/utils/fileview/FileView.cpp:89:9: note: ‘theLogger’ was previously declared here
/usr/src/debug/amule-git/amule/src/utils/fileview/FileView.cpp:89:9: note: code may be misoptimized unless ‘-fno-strict-aliasing’ is used
[ 71%] Building CXX object src/webserver/src/CMakeFiles/amuleweb.dir/WebInterface.cpp.o
[ 71%] Building CXX object src/CMakeFiles/amulegui.dir/CamuleArtProvider.cpp.o
[ 71%] Building CXX object src/CMakeFiles/amuled.dir/EncryptedStreamSocket.cpp.o
[ 71%] Building C object src/CMakeFiles/amulegui.dir/icons/icon_data.c.o
cc1: warning: command-line option ‘-Wdeprecated-copy’ is valid for C++/ObjC++ but not for C
cc1: warning: ‘-Werror=’ argument ‘-Werror=deprecated-copy’ is not valid for C
[ 71%] Building CXX object src/CMakeFiles/amule.dir/Preferences.cpp.o
[ 71%] Building CXX object src/CMakeFiles/amulegui.dir/AddFriend.cpp.o
[ 71%] Building CXX object src/CMakeFiles/amule.dir/Proxy.cpp.o
[ 72%] Building CXX object src/webserver/src/CMakeFiles/amuleweb.dir/WebServer.cpp.o
[ 72%] Building CXX object src/CMakeFiles/amuled.dir/EncryptedDatagramSocket.cpp.o
[ 72%] Building CXX object src/CMakeFiles/amulegui.dir/amule-gui.cpp.o
[ 72%] Building CXX object src/CMakeFiles/amuled.dir/ExternalConn.cpp.o
[ 72%] Building CXX object src/webserver/src/CMakeFiles/amuleweb.dir/WebSocket.cpp.o
[ 73%] Building CXX object src/CMakeFiles/amuled.dir/FirstRunWizard.cpp.o
[ 73%] Building CXX object src/CMakeFiles/amuled.dir/FriendList.cpp.o
[ 73%] Building CXX object src/CMakeFiles/amuled.dir/IPFilter.cpp.o
[ 73%] Building CXX object src/CMakeFiles/amuled.dir/KnownFileList.cpp.o
[ 73%] Building CXX object src/CMakeFiles/amule.dir/Server.cpp.o
[ 74%] Building CXX object src/CMakeFiles/amule.dir/Statistics.cpp.o
[ 75%] Building CXX object src/CMakeFiles/amulegui.dir/AppImageIntegration.cpp.o
[ 75%] Building CXX object src/CMakeFiles/amulegui.dir/amuleDlg.cpp.o
[ 75%] Building CXX object src/CMakeFiles/amuled.dir/ListenSocket.cpp.o
[ 75%] Building CXX object src/CMakeFiles/amule.dir/StatTree.cpp.o
[ 75%] Building CXX object src/CMakeFiles/amuled.dir/MuleUDPSocket.cpp.o
[ 75%] Built target fileview
[ 76%] Building CXX object src/CMakeFiles/amuled.dir/SearchFile.cpp.o
[ 76%] Building CXX object src/CMakeFiles/amule.dir/UserEvents.cpp.o
[ 76%] Building CXX object src/CMakeFiles/amule.dir/kademlia/kademlia/Kademlia.cpp.o
[ 76%] Building CXX object src/CMakeFiles/amulegui.dir/AboutDialog.cpp.o
[ 76%] Building CXX object src/CMakeFiles/amule.dir/kademlia/kademlia/Prefs.cpp.o
[ 76%] Building CXX object src/CMakeFiles/amulegui.dir/VersionCheck.cpp.o
[ 76%] Building CXX object src/CMakeFiles/amulegui.dir/CatDialog.cpp.o
[ 76%] Building CXX object src/CMakeFiles/amule.dir/kademlia/kademlia/Search.cpp.o
[ 76%] Building CXX object src/CMakeFiles/amuled.dir/SearchList.cpp.o
[ 76%] Building CXX object src/CMakeFiles/amulegui.dir/ChatSelector.cpp.o
[ 76%] Building CXX object src/CMakeFiles/amule.dir/kademlia/kademlia/UDPFirewallTester.cpp.o
[ 76%] Building CXX object src/CMakeFiles/amulegui.dir/ChatWnd.cpp.o
[ 77%] Building CXX object src/CMakeFiles/amule.dir/kademlia/net/KademliaUDPListener.cpp.o
[ 78%] Building CXX object src/CMakeFiles/amulegui.dir/ClientDetailDialog.cpp.o
[ 78%] Building CXX object src/CMakeFiles/amuled.dir/ServerConnect.cpp.o
[ 78%] Building CXX object src/CMakeFiles/amulegui.dir/CommentDialog.cpp.o
[ 78%] Building CXX object src/CMakeFiles/amule.dir/kademlia/net/PacketTracking.cpp.o
[ 78%] Linking CXX executable amuleweb
[ 78%] Building CXX object src/CMakeFiles/amulegui.dir/CommentDialogLst.cpp.o
[ 78%] Building CXX object src/CMakeFiles/amule.dir/kademlia/routing/Contact.cpp.o
[ 78%] Building CXX object src/CMakeFiles/amulegui.dir/DirectoryTreeCtrl.cpp.o
[ 78%] Building CXX object src/CMakeFiles/amuled.dir/ServerList.cpp.o
[ 78%] Building CXX object src/CMakeFiles/amuled.dir/ServerSocket.cpp.o
[ 78%] Building CXX object src/CMakeFiles/amule.dir/kademlia/routing/RoutingZone.cpp.o
[ 78%] Building CXX object src/CMakeFiles/amulegui.dir/DownloadListCtrl.cpp.o
[ 78%] Building CXX object src/CMakeFiles/amule.dir/amule.cpp.o
[ 78%] Building CXX object src/CMakeFiles/amulegui.dir/FileDetailDialog.cpp.o
[ 78%] Building CXX object src/CMakeFiles/amuled.dir/ServerUDPSocket.cpp.o
[ 79%] Building CXX object src/CMakeFiles/amuled.dir/SHAHashSet.cpp.o
[ 79%] Building CXX object src/CMakeFiles/amule.dir/BaseClient.cpp.o
[ 80%] Building CXX object src/CMakeFiles/amulegui.dir/FriendListCtrl.cpp.o
[ 80%] Building CXX object src/CMakeFiles/amulegui.dir/GenericClientListCtrl.cpp.o
[ 81%] Building CXX object src/CMakeFiles/amule.dir/ClientCreditsList.cpp.o
[ 81%] Building CXX object src/CMakeFiles/amuled.dir/SharedDirWatcher.cpp.o
[ 81%] Building CXX object src/CMakeFiles/amule.dir/ClientList.cpp.o
[ 81%] Building CXX object src/CMakeFiles/amulegui.dir/KadDlg.cpp.o
[ 81%] Building CXX object src/CMakeFiles/amulegui.dir/MuleTrayIcon.cpp.o
[ 81%] Building CXX object src/CMakeFiles/amuled.dir/SharedFileList.cpp.o
[ 81%] Building CXX object src/CMakeFiles/amule.dir/ClientTCPSocket.cpp.o
[ 81%] Building CXX object src/CMakeFiles/amuled.dir/UploadBandwidthThrottler.cpp.o
[ 81%] Building CXX object src/CMakeFiles/amule.dir/ClientUDPSocket.cpp.o
[ 81%] Building CXX object src/CMakeFiles/amulegui.dir/OScopeCtrl.cpp.o
[ 81%] Building CXX object src/CMakeFiles/amuled.dir/UploadClient.cpp.o
[ 81%] Building CXX object src/CMakeFiles/amuled.dir/UploadDiskIOThread.cpp.o
[ 81%] Building CXX object src/CMakeFiles/amulegui.dir/PrefsUnifiedDlg.cpp.o
[ 82%] Building CXX object src/CMakeFiles/amulegui.dir/SearchDlg.cpp.o
[ 82%] Building CXX object src/CMakeFiles/amulegui.dir/SearchListCtrl.cpp.o
[ 82%] Building CXX object src/CMakeFiles/amulegui.dir/ServerListCtrl.cpp.o
[ 82%] Building CXX object src/CMakeFiles/amulegui.dir/ServerWnd.cpp.o
[ 82%] Building CXX object src/CMakeFiles/amule.dir/CorruptionBlackBox.cpp.o
[ 82%] Building CXX object src/CMakeFiles/amule.dir/DownloadBandwidthThrottler.cpp.o
[ 82%] Building CXX object src/CMakeFiles/amuled.dir/UploadQueue.cpp.o
[ 82%] Building CXX object src/CMakeFiles/amulegui.dir/SharedDirsApplyTask.cpp.o
[ 82%] Building CXX object src/CMakeFiles/amulegui.dir/SharedFilePeersListCtrl.cpp.o
[ 83%] Building CXX object src/CMakeFiles/amule.dir/DownloadClient.cpp.o
[ 84%] Building CXX object src/CMakeFiles/amuled.dir/PartFileWriteThread.cpp.o
[ 84%] Building CXX object src/CMakeFiles/amulegui.dir/SharedFilesCtrl.cpp.o
[ 85%] Building CXX object src/CMakeFiles/amulegui.dir/SharedFilesWnd.cpp.o
[ 85%] Building CXX object src/CMakeFiles/amuled.dir/PartFileHashThread.cpp.o
[ 85%] Building CXX object src/CMakeFiles/amulegui.dir/SourceListCtrl.cpp.o
[ 85%] Building CXX object src/CMakeFiles/amule.dir/DownloadQueue.cpp.o
[ 85%] Building CXX object src/CMakeFiles/amulegui.dir/StatisticsDlg.cpp.o
[ 85%] Building CXX object src/CMakeFiles/amuled.dir/MediaProbeThread.cpp.o
[ 85%] Building CXX object src/CMakeFiles/amule.dir/ECFullResponseCache.cpp.o
[ 85%] Built target amuleweb
[ 85%] Building CXX object src/CMakeFiles/amule.dir/ECSpecialCoreTags.cpp.o
[ 85%] Building CXX object src/CMakeFiles/amule.dir/EMSocket.cpp.o
[ 85%] Building CXX object src/CMakeFiles/amulegui.dir/TransferWnd.cpp.o
[ 85%] Building CXX object src/CMakeFiles/amule.dir/EncryptedStreamSocket.cpp.o
[ 85%] Building CXX object src/CMakeFiles/amulegui.dir/kademlia/utils/UInt128.cpp.o
[ 85%] Building CXX object src/CMakeFiles/amulegui.dir/amule-remote-gui.cpp.o
[ 85%] Building CXX object src/CMakeFiles/amule.dir/EncryptedDatagramSocket.cpp.o
[ 85%] Building CXX object src/CMakeFiles/amuled.dir/ThreadTasks.cpp.o
[ 85%] Building CXX object src/CMakeFiles/amuled.dir/amuleAppCommon.cpp.o
[ 85%] Building CXX object src/CMakeFiles/amuled.dir/AppImageEnv.cpp.o
[ 87%] Building CXX object src/CMakeFiles/amule.dir/ExternalConn.cpp.o
[ 87%] Building CXX object src/CMakeFiles/amuled.dir/AutostartManager.cpp.o
[ 87%] Building CXX object src/CMakeFiles/amule.dir/FirstRunWizard.cpp.o
[ 87%] Building CXX object src/CMakeFiles/amuled.dir/ProtocolHandlerManager.cpp.o
[ 87%] Building CXX object src/CMakeFiles/amule.dir/FriendList.cpp.o
[ 87%] Building CXX object src/CMakeFiles/amuled.dir/ClientRef.cpp.o
[ 87%] Building CXX object src/CMakeFiles/amuled.dir/ECSpecialMuleTags.cpp.o
[ 87%] Building CXX object src/CMakeFiles/amule.dir/IPFilter.cpp.o
[ 87%] Building CXX object src/CMakeFiles/amuled.dir/GetTickCount.cpp.o
[ 87%] Building CXX object src/CMakeFiles/amule.dir/KnownFileList.cpp.o
[ 87%] Building CXX object src/CMakeFiles/amuled.dir/GuiEvents.cpp.o
[ 88%] Building CXX object src/CMakeFiles/amuled.dir/HTTPDownload.cpp.o
[ 88%] Building CXX object src/CMakeFiles/amule.dir/ListenSocket.cpp.o
[ 88%] Building CXX object src/CMakeFiles/amuled.dir/InstanceLock.cpp.o
[ 89%] Building CXX object src/CMakeFiles/amule.dir/MuleUDPSocket.cpp.o
[ 89%] Building CXX object src/CMakeFiles/amuled.dir/KnownFile.cpp.o
[ 89%] Building CXX object src/CMakeFiles/amule.dir/SearchFile.cpp.o
[ 89%] Building CXX object src/CMakeFiles/amule.dir/SearchList.cpp.o
[ 89%] Building CXX object src/CMakeFiles/amuled.dir/Logger.cpp.o
[ 89%] Building CXX object src/CMakeFiles/amule.dir/ServerConnect.cpp.o
[ 89%] Building CXX object src/CMakeFiles/amuled.dir/MediaProbe.cpp.o
/build/amule-git/src/amule/src/InstanceLock.cpp: In member function ‘InstanceLock::Result InstanceLock::Acquire(const wxString&, const wxString&)’:
/build/amule-git/src/amule/src/InstanceLock.cpp:130:24: warning: ignoring return value of ‘int ftruncate(int, __off64_t)’ declared with attribute ‘warn_unused_result’ [-Wunused-result]
  130 |         (void)ftruncate(m_fd, 0);
      |               ~~~~~~~~~^~~~~~~~~
[ 89%] Building CXX object src/CMakeFiles/amule.dir/ServerList.cpp.o
[ 89%] Building CXX object src/CMakeFiles/amuled.dir/PartFile.cpp.o
[ 89%] Building CXX object src/CMakeFiles/amule.dir/ServerSocket.cpp.o
[ 89%] Building CXX object src/CMakeFiles/amuled.dir/Preferences.cpp.o
[ 90%] Building CXX object src/CMakeFiles/amule.dir/ServerUDPSocket.cpp.o
[ 91%] Building CXX object src/CMakeFiles/amuled.dir/Proxy.cpp.o
[ 91%] Building CXX object src/CMakeFiles/amule.dir/SHAHashSet.cpp.o
[ 91%] Building CXX object src/CMakeFiles/amuled.dir/Server.cpp.o
[ 91%] Building CXX object src/CMakeFiles/amule.dir/SharedDirWatcher.cpp.o
[ 91%] Building CXX object src/CMakeFiles/amule.dir/SharedFileList.cpp.o
[ 91%] Building CXX object src/CMakeFiles/amuled.dir/Statistics.cpp.o
[ 91%] Building CXX object src/CMakeFiles/amuled.dir/StatTree.cpp.o
[ 91%] Building CXX object src/CMakeFiles/amuled.dir/UserEvents.cpp.o
[ 91%] Building CXX object src/CMakeFiles/amule.dir/UploadBandwidthThrottler.cpp.o
[ 92%] Linking CXX executable amulegui
[ 92%] Building CXX object src/CMakeFiles/amuled.dir/amuled.cpp.o
[ 92%] Building CXX object src/CMakeFiles/amule.dir/UploadClient.cpp.o
[ 92%] Building CXX object src/CMakeFiles/amule.dir/UploadDiskIOThread.cpp.o
[ 93%] Building CXX object src/CMakeFiles/amule.dir/UploadQueue.cpp.o
[ 93%] Building CXX object src/CMakeFiles/amule.dir/PartFileWriteThread.cpp.o
[ 93%] Building CXX object src/CMakeFiles/amule.dir/PartFileHashThread.cpp.o
[ 93%] Building CXX object src/CMakeFiles/amule.dir/MediaProbeThread.cpp.o
[ 93%] Building CXX object src/CMakeFiles/amule.dir/ThreadTasks.cpp.o
[ 93%] Building CXX object src/CMakeFiles/amule.dir/CamuleArtProvider.cpp.o
[ 94%] Building C object src/CMakeFiles/amule.dir/icons/icon_data.c.o
cc1: warning: command-line option ‘-Wdeprecated-copy’ is valid for C++/ObjC++ but not for C
cc1: warning: ‘-Werror=’ argument ‘-Werror=deprecated-copy’ is not valid for C
[ 94%] Building CXX object src/CMakeFiles/amule.dir/AddFriend.cpp.o
[ 94%] Building CXX object src/CMakeFiles/amule.dir/amule-gui.cpp.o
[ 94%] Building CXX object src/CMakeFiles/amule.dir/AppImageIntegration.cpp.o
[ 94%] Building CXX object src/CMakeFiles/amule.dir/amuleDlg.cpp.o
[ 94%] Building CXX object src/CMakeFiles/amule.dir/AboutDialog.cpp.o
[ 95%] Building CXX object src/CMakeFiles/amule.dir/VersionCheck.cpp.o
[ 95%] Building CXX object src/CMakeFiles/amule.dir/CatDialog.cpp.o
[ 95%] Building CXX object src/CMakeFiles/amule.dir/ChatSelector.cpp.o
[ 95%] Building CXX object src/CMakeFiles/amule.dir/ChatWnd.cpp.o
[ 96%] Linking CXX executable amuled
[ 96%] Building CXX object src/CMakeFiles/amule.dir/ClientDetailDialog.cpp.o
[ 96%] Building CXX object src/CMakeFiles/amule.dir/CommentDialog.cpp.o
[ 96%] Building CXX object src/CMakeFiles/amule.dir/CommentDialogLst.cpp.o
[ 97%] Building CXX object src/CMakeFiles/amule.dir/DirectoryTreeCtrl.cpp.o
[ 97%] Building CXX object src/CMakeFiles/amule.dir/DownloadListCtrl.cpp.o
[ 97%] Building CXX object src/CMakeFiles/amule.dir/FileDetailDialog.cpp.o
[ 97%] Building CXX object src/CMakeFiles/amule.dir/FriendListCtrl.cpp.o
[ 97%] Building CXX object src/CMakeFiles/amule.dir/GenericClientListCtrl.cpp.o
[ 97%] Building CXX object src/CMakeFiles/amule.dir/KadDlg.cpp.o
[ 98%] Building CXX object src/CMakeFiles/amule.dir/MuleTrayIcon.cpp.o
[ 98%] Building CXX object src/CMakeFiles/amule.dir/OScopeCtrl.cpp.o
[ 98%] Building CXX object src/CMakeFiles/amule.dir/PrefsUnifiedDlg.cpp.o
[ 98%] Building CXX object src/CMakeFiles/amule.dir/SearchDlg.cpp.o
[ 98%] Building CXX object src/CMakeFiles/amule.dir/SearchListCtrl.cpp.o
[ 98%] Building CXX object src/CMakeFiles/amule.dir/ServerListCtrl.cpp.o
[ 99%] Building CXX object src/CMakeFiles/amule.dir/ServerWnd.cpp.o
[ 99%] Building CXX object src/CMakeFiles/amule.dir/SharedDirsApplyTask.cpp.o
[ 99%] Building CXX object src/CMakeFiles/amule.dir/SharedFilePeersListCtrl.cpp.o
[ 99%] Building CXX object src/CMakeFiles/amule.dir/SharedFilesCtrl.cpp.o
[ 99%] Building CXX object src/CMakeFiles/amule.dir/SharedFilesWnd.cpp.o
[ 99%] Building CXX object src/CMakeFiles/amule.dir/SourceListCtrl.cpp.o
[ 99%] Building CXX object src/CMakeFiles/amule.dir/StatisticsDlg.cpp.o
[100%] Building CXX object src/CMakeFiles/amule.dir/TransferWnd.cpp.o
[100%] Building CXX object src/CMakeFiles/amule.dir/CaptchaDialog.cpp.o
[100%] Building CXX object src/CMakeFiles/amule.dir/CaptchaGenerator.cpp.o
[100%] Building CXX object src/CMakeFiles/amule.dir/PartFileConvert.cpp.o
[100%] Building CXX object src/CMakeFiles/amule.dir/PartFileConvertDlg.cpp.o
[100%] Linking CXX executable amule
[100%] Built target amuled
[100%] Built target amulegui
[100%] Built target amule
