Test project /build/amule-git/src/build
      Start  1: CTagTest
 1/10 Test  #1: CTagTest .........................   Passed    0.01 sec
      Start  2: CUInt128Test
 2/10 Test  #2: CUInt128Test .....................   Passed    0.01 sec
      Start  3: FileDataIOTest
 3/10 Test  #3: FileDataIOTest ...................   Passed    0.41 sec
      Start  4: FormatTest
 4/10 Test  #4: FormatTest .......................   Passed    0.01 sec
      Start  5: NetworkFunctionsTest
 5/10 Test  #5: NetworkFunctionsTest .............   Passed    0.08 sec
      Start  6: PathTest
 6/10 Test  #6: PathTest .........................   Passed    0.01 sec
      Start  7: RangeMapTest
 7/10 Test  #7: RangeMapTest .....................   Passed    0.01 sec
      Start  8: StringFunctionsTest
 8/10 Test  #8: StringFunctionsTest ..............   Passed    0.01 sec
      Start  9: PhpArrayTest
 9/10 Test  #9: PhpArrayTest .....................   Passed    0.12 sec
      Start 10: TextFileTest
10/10 Test #10: TextFileTest .....................   Passed    0.01 sec

100% tests passed, 0 tests failed out of 10

Total Test time (real) =   0.66 sec
