Test project /build/amule-git/src/build
      Start  1: CTagTest
 1/23 Test  #1: CTagTest .........................   Passed    0.01 sec
      Start  2: CUInt128Test
 2/23 Test  #2: CUInt128Test .....................   Passed    0.01 sec
      Start  3: FileDataIOTest
 3/23 Test  #3: FileDataIOTest ...................   Passed    0.41 sec
      Start  4: CloneFileTest
 4/23 Test  #4: CloneFileTest ....................   Passed    0.02 sec
      Start  5: FormatTest
 5/23 Test  #5: FormatTest .......................   Passed    0.01 sec
      Start  6: NetworkFunctionsTest
 6/23 Test  #6: NetworkFunctionsTest .............   Passed    0.08 sec
      Start  7: PathTest
 7/23 Test  #7: PathTest .........................   Passed    0.01 sec
      Start  8: RangeMapTest
 8/23 Test  #8: RangeMapTest .....................   Passed    0.01 sec
      Start  9: StringFunctionsTest
 9/23 Test  #9: StringFunctionsTest ..............   Passed    0.01 sec
      Start 10: PhpArrayTest
10/23 Test #10: PhpArrayTest .....................   Passed    0.12 sec
      Start 11: TextFileTest
11/23 Test #11: TextFileTest .....................   Passed    0.01 sec
      Start 12: OtherFunctionsTest
12/23 Test #12: OtherFunctionsTest ...............   Passed    0.01 sec
      Start 13: JwtTest
13/23 Test #13: JwtTest ..........................   Passed    0.02 sec
      Start 14: JsonWriterTest
14/23 Test #14: JsonWriterTest ...................   Passed    0.01 sec
      Start 15: PathPatternsTest
15/23 Test #15: PathPatternsTest .................   Passed    0.01 sec
      Start 16: EtagTest
16/23 Test #16: EtagTest .........................   Passed    0.01 sec
      Start 17: StaticFsTest
17/23 Test #17: StaticFsTest .....................   Passed    0.03 sec
      Start 18: EventBusTest
18/23 Test #18: EventBusTest .....................   Passed    0.25 sec
      Start 19: EventDiffTest
19/23 Test #19: EventDiffTest ....................   Passed    0.01 sec
      Start 20: AmuleApiConfigTest
20/23 Test #20: AmuleApiConfigTest ...............   Passed    0.01 sec
      Start 21: AuthTest
21/23 Test #21: AuthTest .........................   Passed    0.01 sec
      Start 22: StateTest
22/23 Test #22: StateTest ........................   Passed    1.21 sec
      Start 23: RefresherTest
23/23 Test #23: RefresherTest ....................   Passed    0.04 sec

100% tests passed, 0 tests failed out of 23

Total Test time (real) =   2.31 sec
