Test project /build/amule-git/src/build
      Start  1: IPFilterIPv6Test
 1/73 Test  #1: IPFilterIPv6Test .................   Passed    0.01 sec
      Start  2: ClientCreditsTest
 2/73 Test  #2: ClientCreditsTest ................   Passed    0.01 sec
      Start  3: TrackedClientRecordTest
 3/73 Test  #3: TrackedClientRecordTest ..........   Passed    0.01 sec
      Start  4: SecIdentTest
 4/73 Test  #4: SecIdentTest .....................   Passed    0.01 sec
      Start  5: UtpDialPolicyTest
 5/73 Test  #5: UtpDialPolicyTest ................   Passed    0.01 sec
      Start  6: UtpStreamTest
 6/73 Test  #6: UtpStreamTest ....................   Passed    0.01 sec
      Start  7: UtpSocketTransportTest
 7/73 Test  #7: UtpSocketTransportTest ...........   Passed    0.02 sec
      Start  8: LibSocketTransportTest
 8/73 Test  #8: LibSocketTransportTest ...........   Passed    0.01 sec
      Start  9: CTagTest
 9/73 Test  #9: CTagTest .........................   Passed    0.01 sec
      Start 10: ClientVersionStringTest
10/73 Test #10: ClientVersionStringTest ..........   Passed    0.01 sec
      Start 11: ECIdDiffTest
11/73 Test #11: ECIdDiffTest .....................   Passed    0.01 sec
      Start 12: SearchProgressReportTest
12/73 Test #12: SearchProgressReportTest .........   Passed    0.01 sec
      Start 13: ECSocketFlagsTest
13/73 Test #13: ECSocketFlagsTest ................   Passed    0.01 sec
      Start 14: CValueMapTest
14/73 Test #14: CValueMapTest ....................   Passed    0.01 sec
      Start 15: BanRecordTest
15/73 Test #15: BanRecordTest ....................   Passed    0.01 sec
      Start 16: NetworkAddressTest
16/73 Test #16: NetworkAddressTest ...............   Passed    0.01 sec
      Start 17: ProxyTest
17/73 Test #17: ProxyTest ........................   Passed    0.01 sec
      Start 18: PeerAddressingTest
18/73 Test #18: PeerAddressingTest ...............   Passed    0.01 sec
      Start 19: UploadQueueAddressPolicyTest
19/73 Test #19: UploadQueueAddressPolicyTest .....   Passed    0.01 sec
      Start 20: AddressFamilyPolicyTest
20/73 Test #20: AddressFamilyPolicyTest ..........   Passed    0.01 sec
      Start 21: CUInt128Test
21/73 Test #21: CUInt128Test .....................   Passed    0.01 sec
      Start 22: KadAICHHashListTest
22/73 Test #22: KadAICHHashListTest ..............   Passed    0.01 sec
      Start 23: KadEntryTagListTest
23/73 Test #23: KadEntryTagListTest ..............   Passed    0.01 sec
      Start 24: FastKadTest
24/73 Test #24: FastKadTest ......................   Passed    0.01 sec
      Start 25: SafeKadTest
25/73 Test #25: SafeKadTest ......................   Passed    0.02 sec
      Start 26: FileDataIOTest
26/73 Test #26: FileDataIOTest ...................   Passed    0.42 sec
      Start 27: CloneFileTest
27/73 Test #27: CloneFileTest ....................   Passed    0.02 sec
      Start 28: FormatTest
28/73 Test #28: FormatTest .......................   Passed    0.01 sec
      Start 29: NetworkFunctionsTest
29/73 Test #29: NetworkFunctionsTest .............   Passed    0.11 sec
      Start 30: PathTest
30/73 Test #30: PathTest .........................   Passed    0.01 sec
      Start 31: RangeMapTest
31/73 Test #31: RangeMapTest .....................   Passed    0.01 sec
      Start 32: StringFunctionsTest
32/73 Test #32: StringFunctionsTest ..............   Passed    0.01 sec
      Start 33: PhpArrayTest
33/73 Test #33: PhpArrayTest .....................   Passed    0.11 sec
      Start 34: CMuleCollectionTest
34/73 Test #34: CMuleCollectionTest ..............   Passed    0.01 sec
      Start 35: MagnetURITest
35/73 Test #35: MagnetURITest ....................   Passed    0.01 sec
      Start 36: SearchHistoryTest
36/73 Test #36: SearchHistoryTest ................   Passed    0.01 sec
      Start 37: TextFileTest
37/73 Test #37: TextFileTest .....................   Passed    0.01 sec
      Start 38: OtherFunctionsTest
38/73 Test #38: OtherFunctionsTest ...............   Passed    0.01 sec
      Start 39: LanguageListTest
39/73 Test #39: LanguageListTest .................   Passed    0.03 sec
      Start 40: CredentialsTest
40/73 Test #40: CredentialsTest ..................   Passed    1.15 sec
      Start 41: JwtTest
41/73 Test #41: JwtTest ..........................   Passed    0.01 sec
      Start 42: ECCryptTest
42/73 Test #42: ECCryptTest ......................   Passed    0.01 sec
      Start 43: SharedFilesReloadLatchTest
43/73 Test #43: SharedFilesReloadLatchTest .......   Passed    0.01 sec
      Start 44: ChatSessionStoreTest
44/73 Test #44: ChatSessionStoreTest .............   Passed    0.01 sec
      Start 45: MediaProbeParseTest
45/73 Test #45: MediaProbeParseTest ..............   Passed    0.01 sec
      Start 46: MediaProbeEnvTest
46/73 Test #46: MediaProbeEnvTest ................   Passed    0.01 sec
      Start 47: JsonWriterTest
47/73 Test #47: JsonWriterTest ...................   Passed    0.04 sec
      Start 48: PathPatternsTest
48/73 Test #48: PathPatternsTest .................   Passed    0.01 sec
      Start 49: EtagTest
49/73 Test #49: EtagTest .........................   Passed    0.01 sec
      Start 50: FatalAbortBacktraceTest
50/73 Test #50: FatalAbortBacktraceTest ..........   Passed    3.55 sec
      Start 51: StaticFsTest
51/73 Test #51: StaticFsTest .....................   Passed    0.03 sec
      Start 52: SharedContentTest
52/73 Test #52: SharedContentTest ................   Passed    0.03 sec
      Start 53: EventBusTest
53/73 Test #53: EventBusTest .....................   Passed    0.25 sec
      Start 54: LogTeeTest
54/73 Test #54: LogTeeTest .......................   Passed    0.02 sec
      Start 55: EventDiffTest
55/73 Test #55: EventDiffTest ....................   Passed    0.01 sec
      Start 56: AmuleApiConfigTest
56/73 Test #56: AmuleApiConfigTest ...............   Passed    1.26 sec
      Start 57: AuthTest
57/73 Test #57: AuthTest .........................   Passed    0.01 sec
      Start 58: RateLimiterTest
58/73 Test #58: RateLimiterTest ..................   Passed    0.01 sec
      Start 59: StateTest
59/73 Test #59: StateTest ........................   Passed    1.21 sec
      Start 60: RefresherTest
60/73 Test #60: RefresherTest ....................   Passed    0.01 sec
      Start 61: JsonDepthScanTest
61/73 Test #61: JsonDepthScanTest ................   Passed    0.01 sec
      Start 62: CompleteSourcesThrottleTest
62/73 Test #62: CompleteSourcesThrottleTest ......   Passed    0.01 sec
      Start 63: BrowseLifecycleTest
63/73 Test #63: BrowseLifecycleTest ..............   Passed    0.01 sec
      Start 64: BrowseStoreTest
64/73 Test #64: BrowseStoreTest ..................   Passed    0.01 sec
      Start 65: ListColumnStoreTest
65/73 Test #65: ListColumnStoreTest ..............   Passed    0.01 sec
      Start 66: RangeFileBodyTest
66/73 Test #66: RangeFileBodyTest ................   Passed    0.03 sec
      Start 67: PartBarSpansTest
67/73 Test #67: PartBarSpansTest .................   Passed    0.01 sec
      Start 68: PartBarLegendTest
68/73 Test #68: PartBarLegendTest ................   Passed    0.01 sec
      Start 69: PeerCapabilitiesTest
69/73 Test #69: PeerCapabilitiesTest .............   Passed    0.01 sec
      Start 70: PublicIPv6CorroborationTest
70/73 Test #70: PublicIPv6CorroborationTest ......   Passed    0.01 sec
      Start 71: ReservedProtocolFramesTest
71/73 Test #71: ReservedProtocolFramesTest .......   Passed    0.01 sec
      Start 72: PartIndexTest
72/73 Test #72: PartIndexTest ....................   Passed    0.01 sec
      Start 73: ECClientCapabilitiesTest
73/73 Test #73: ECClientCapabilitiesTest .........   Passed    0.01 sec

100% tests passed out of 73

Total Test time (real) =   8.70 sec
