Test project /build/amule-git/src/build
      Start  1: CTagTest
 1/25 Test  #1: CTagTest .........................   Passed    0.01 sec
      Start  2: CUInt128Test
 2/25 Test  #2: CUInt128Test .....................   Passed    0.01 sec
      Start  3: FileDataIOTest
 3/25 Test  #3: FileDataIOTest ...................   Passed    0.40 sec
      Start  4: CloneFileTest
 4/25 Test  #4: CloneFileTest ....................   Passed    0.02 sec
      Start  5: FormatTest
 5/25 Test  #5: FormatTest .......................   Passed    0.01 sec
      Start  6: NetworkFunctionsTest
 6/25 Test  #6: NetworkFunctionsTest .............   Passed    0.08 sec
      Start  7: PathTest
 7/25 Test  #7: PathTest .........................   Passed    0.01 sec
      Start  8: RangeMapTest
 8/25 Test  #8: RangeMapTest .....................   Passed    0.01 sec
      Start  9: StringFunctionsTest
 9/25 Test  #9: StringFunctionsTest ..............   Passed    0.01 sec
      Start 10: PhpArrayTest
10/25 Test #10: PhpArrayTest .....................   Passed    0.12 sec
      Start 11: CMuleCollectionTest
11/25 Test #11: CMuleCollectionTest ..............   Passed    0.01 sec
      Start 12: TextFileTest
12/25 Test #12: TextFileTest .....................   Passed    0.01 sec
      Start 13: OtherFunctionsTest
13/25 Test #13: OtherFunctionsTest ...............   Passed    0.01 sec
      Start 14: JwtTest
14/25 Test #14: JwtTest ..........................   Passed    0.01 sec
      Start 15: JsonWriterTest
15/25 Test #15: JsonWriterTest ...................   Passed    0.01 sec
      Start 16: PathPatternsTest
16/25 Test #16: PathPatternsTest .................   Passed    0.01 sec
      Start 17: EtagTest
17/25 Test #17: EtagTest .........................   Passed    0.01 sec
      Start 18: StaticFsTest
18/25 Test #18: StaticFsTest .....................   Passed    0.03 sec
      Start 19: EventBusTest
19/25 Test #19: EventBusTest .....................   Passed    0.25 sec
      Start 20: LogTeeTest
20/25 Test #20: LogTeeTest .......................   Passed    0.01 sec
      Start 21: EventDiffTest
21/25 Test #21: EventDiffTest ....................   Passed    0.01 sec
      Start 22: AmuleApiConfigTest
22/25 Test #22: AmuleApiConfigTest ...............   Passed    0.01 sec
      Start 23: AuthTest
23/25 Test #23: AuthTest .........................   Passed    0.01 sec
      Start 24: StateTest
24/25 Test #24: StateTest ........................   Passed    1.21 sec
      Start 25: RefresherTest
25/25 Test #25: RefresherTest ....................   Passed    0.01 sec

100% tests passed out of 25

Total Test time (real) =   2.27 sec
