Test project /build/args-git/src/build
      Start  1: action_flag
 1/93 Test  #1: action_flag ....................................   Passed    0.00 sec
      Start  2: arg_flag_lists
 2/93 Test  #2: arg_flag_lists .................................   Passed    0.00 sec
      Start  3: arg_flag_lists_default
 3/93 Test  #3: arg_flag_lists_default .........................   Passed    0.00 sec
      Start  4: arg_flag_lists_replace_default
 4/93 Test  #4: arg_flag_lists_replace_default .................   Passed    0.00 sec
      Start  5: arg_flag_lists_sets
 5/93 Test  #5: arg_flag_lists_sets ............................   Passed    0.00 sec
      Start  6: arg_flags
 6/93 Test  #6: arg_flags ......................................   Passed    0.00 sec
      Start  7: arg_to_non_arg_flag
 7/93 Test  #7: arg_to_non_arg_flag ............................   Passed    0.00 sec
      Start  8: argument_separation
 8/93 Test  #8: argument_separation ............................   Passed    0.00 sec
      Start  9: bool_flags
 9/93 Test  #9: bool_flags .....................................   Passed    0.00 sec
      Start 10: choices_description
10/93 Test #10: choices_description ............................   Passed    0.00 sec
      Start 11: completion
11/93 Test #11: completion .....................................   Passed    0.00 sec
      Start 12: completion_bad_cword
12/93 Test #12: completion_bad_cword ...........................   Passed    0.00 sec
      Start 13: completion_long_separator_multichar
13/93 Test #13: completion_long_separator_multichar ............   Passed    0.00 sec
      Start 14: completion_separator_prefix_overlap
14/93 Test #14: completion_separator_prefix_overlap ............   Passed    0.00 sec
      Start 15: completion_terminator
15/93 Test #15: completion_terminator ..........................   Passed    0.00 sec
      Start 16: constant_flag
16/93 Test #16: constant_flag ..................................   Passed    0.00 sec
      Start 17: count_flag
17/93 Test #17: count_flag .....................................   Passed    0.00 sec
      Start 18: custom_types
18/93 Test #18: custom_types ...................................   Passed    0.00 sec
      Start 19: default_values
19/93 Test #19: default_values .................................   Passed    0.00 sec
      Start 20: detect_duplicate_flags
20/93 Test #20: detect_duplicate_flags .........................   Passed    0.00 sec
      Start 21: detect_duplicate_flags_noexcept
21/93 Test #21: detect_duplicate_flags_noexcept ................   Passed    0.00 sec
      Start 22: embedded_nul_numeric
22/93 Test #22: embedded_nul_numeric ...........................   Passed    0.00 sec
      Start 23: empty_longprefix_short_flags
23/93 Test #23: empty_longprefix_short_flags ...................   Passed    0.00 sec
      Start 24: extra_positionals
24/93 Test #24: extra_positionals ..............................   Passed    0.00 sec
      Start 25: get_assignable
25/93 Test #25: get_assignable .................................   Passed    0.00 sec
      Start 26: get_program_line
26/93 Test #26: get_program_line ...............................   Passed    0.00 sec
      Start 27: global_options
27/93 Test #27: global_options .................................   Passed    0.00 sec
      Start 28: group_get_filtered
28/93 Test #28: group_get_filtered .............................   Passed    0.00 sec
      Start 29: group_get_matches
29/93 Test #29: group_get_matches ..............................   Passed    0.00 sec
      Start 30: group_nesting
30/93 Test #30: group_nesting ..................................   Passed    0.00 sec
      Start 31: group_validation_fail
31/93 Test #31: group_validation_fail ..........................   Passed    0.00 sec
      Start 32: help_flag
32/93 Test #32: help_flag ......................................   Passed    0.00 sec
      Start 33: help_params
33/93 Test #33: help_params ....................................   Passed    0.00 sec
      Start 34: help_stream
34/93 Test #34: help_stream ....................................   Passed    0.00 sec
      Start 35: help_underflow
35/93 Test #35: help_underflow .................................   Passed    0.00 sec
      Start 36: hidden_options
36/93 Test #36: hidden_options .................................   Passed    0.00 sec
      Start 37: implicit_values
37/93 Test #37: implicit_values ................................   Passed    0.00 sec
      Start 38: inteager_overflow_arithmetic
38/93 Test #38: inteager_overflow_arithmetic ...................   Passed    0.00 sec
      Start 39: integer_overflow
39/93 Test #39: integer_overflow ...............................   Passed    0.00 sec
      Start 40: integer_parser
40/93 Test #40: integer_parser .................................   Passed    0.00 sec
      Start 41: invalid_arg_parse
41/93 Test #41: invalid_arg_parse ..............................   Passed    0.00 sec
      Start 42: kickout_flags
42/93 Test #42: kickout_flags ..................................   Passed    0.00 sec
      Start 43: locale_independent_parsing
43/93 Test #43: locale_independent_parsing .....................   Passed    0.00 sec
      Start 44: map_invalid_arg_parse
44/93 Test #44: map_invalid_arg_parse ..........................   Passed    0.00 sec
      Start 45: mapping_types
45/93 Test #45: mapping_types ..................................   Passed    0.00 sec
      Start 46: matcher_validation
46/93 Test #46: matcher_validation .............................   Passed    0.00 sec
      Start 47: multiple_inclusion
47/93 Test #47: multiple_inclusion .............................   Passed    0.00 sec
      Start 48: nargs
48/93 Test #48: nargs ..........................................   Passed    0.00 sec
      Start 49: noexcept_completion
49/93 Test #49: noexcept_completion ............................   Passed    0.00 sec
      Start 50: noexcept_completion_bad_cword
50/93 Test #50: noexcept_completion_bad_cword ..................   Passed    0.00 sec
      Start 51: noexcept_completion_separator_prefix_overlap
51/93 Test #51: noexcept_completion_separator_prefix_overlap ...   Passed    0.00 sec
      Start 52: noexcept_completion_terminator
52/93 Test #52: noexcept_completion_terminator .................   Passed    0.00 sec
      Start 53: noexcept_completion_value_oob
53/93 Test #53: noexcept_completion_value_oob ..................   Passed    0.00 sec
      Start 54: noexcept_flag_error_no_shadow
54/93 Test #54: noexcept_flag_error_no_shadow ..................   Passed    0.00 sec
      Start 55: noexcept_map_invalid_arg_parse
55/93 Test #55: noexcept_map_invalid_arg_parse .................   Passed    0.00 sec
      Start 56: noexcept_matcher_validation
56/93 Test #56: noexcept_matcher_validation ....................   Passed    0.00 sec
      Start 57: noexcept_mode
57/93 Test #57: noexcept_mode ..................................   Passed    0.00 sec
      Start 58: noexcept_nargs
58/93 Test #58: noexcept_nargs .................................   Passed    0.00 sec
      Start 59: noexcept_parser_failure_state
59/93 Test #59: noexcept_parser_failure_state ..................   Passed    0.00 sec
      Start 60: noexcept_required_flags
60/93 Test #60: noexcept_required_flags ........................   Passed    0.00 sec
      Start 61: noexcept_single_flag_repeat
61/93 Test #61: noexcept_single_flag_repeat ....................   Passed    0.00 sec
      Start 62: noexcept_subparser_validation
62/93 Test #62: noexcept_subparser_validation ..................   Passed    0.00 sec
      Start 63: noexcept_terminator_flag_values
63/93 Test #63: noexcept_terminator_flag_values ................   Passed    0.00 sec
      Start 64: noexcept_unsigned_negative
64/93 Test #64: noexcept_unsigned_negative .....................   Passed    0.00 sec
      Start 65: option_terminator
65/93 Test #65: option_terminator ..............................   Passed    0.00 sec
      Start 66: optional_value_separation
66/93 Test #66: optional_value_separation ......................   Passed    0.00 sec
      Start 67: parsecli_zero_argc
67/93 Test #67: parsecli_zero_argc .............................   Passed    0.00 sec
      Start 68: positional_and_lists
68/93 Test #68: positional_and_lists ...........................   Passed    0.00 sec
      Start 69: positional_lists
69/93 Test #69: positional_lists ...............................   Passed    0.00 sec
      Start 70: positional_lists_default
70/93 Test #70: positional_lists_default .......................   Passed    0.00 sec
      Start 71: positional_lists_replace_default
71/93 Test #71: positional_lists_replace_default ...............   Passed    0.00 sec
      Start 72: positional_lists_sets
72/93 Test #72: positional_lists_sets ..........................   Passed    0.00 sec
      Start 73: positional_unspecified
73/93 Test #73: positional_unspecified .........................   Passed    0.00 sec
      Start 74: prefix_dd_style
74/93 Test #74: prefix_dd_style ................................   Passed    0.00 sec
      Start 75: prefix_windows_style
75/93 Test #75: prefix_windows_style ...........................   Passed    0.00 sec
      Start 76: program_line_wrap
76/93 Test #76: program_line_wrap ..............................   Passed    0.00 sec
      Start 77: required_flags
77/93 Test #77: required_flags .................................   Passed    0.00 sec
      Start 78: safe_arithmetic
78/93 Test #78: safe_arithmetic ................................   Passed    0.00 sec
      Start 79: simple_commands
79/93 Test #79: simple_commands ................................   Passed    0.00 sec
      Start 80: single_flag_repeat
80/93 Test #80: single_flag_repeat .............................   Passed    0.00 sec
      Start 81: subparser_commands
81/93 Test #81: subparser_commands .............................   Passed    0.00 sec
      Start 82: subparser_commands_kickout
82/93 Test #82: subparser_commands_kickout .....................   Passed    0.00 sec
      Start 83: subparser_group_validation
83/93 Test #83: subparser_group_validation .....................   Passed    0.00 sec
      Start 84: subparser_help
84/93 Test #84: subparser_help .................................   Passed    0.00 sec
      Start 85: subparser_kickout
85/93 Test #85: subparser_kickout ..............................   Passed    0.00 sec
      Start 86: subparser_validation
86/93 Test #86: subparser_validation ...........................   Passed    0.00 sec
      Start 87: terminator_flag_values
87/93 Test #87: terminator_flag_values .........................   Passed    0.00 sec
      Start 88: unified_match_lists
88/93 Test #88: unified_match_lists ............................   Passed    0.00 sec
      Start 89: unknown_flags
89/93 Test #89: unknown_flags ..................................   Passed    0.00 sec
      Start 90: unsigned_negative
90/93 Test #90: unsigned_negative ..............................   Passed    0.00 sec
      Start 91: value_parser
91/93 Test #91: value_parser ...................................   Passed    0.00 sec
      Start 92: whitespace_numeric
92/93 Test #92: whitespace_numeric .............................   Passed    0.00 sec
      Start 93: windows_h
93/93 Test #93: windows_h ......................................   Passed    0.00 sec

100% tests passed out of 93

Total Test time (real) =   0.18 sec
