The no-dev option is deprecated.  Use -Wno-author instead.
-- The CXX compiler identification is GNU 16.1.1
-- Detecting CXX compiler ABI info
-- Detecting CXX compiler ABI info - done
-- Check for working CXX compiler: /usr/bin/c++ - skipped
-- Detecting CXX compile features
-- Detecting CXX compile features - done
-- Performing Test ARGS_HAS__Wall
-- Performing Test ARGS_HAS__Wall - Success
-- Performing Test ARGS_HAS__Wextra
-- Performing Test ARGS_HAS__Wextra - Success
-- Performing Test ARGS_HAS__Wpedantic
-- Performing Test ARGS_HAS__Wpedantic - Success
-- Performing Test ARGS_HAS__Wconversion
-- Performing Test ARGS_HAS__Wconversion - Success
-- Performing Test ARGS_HAS__Wsign_conversion
-- Performing Test ARGS_HAS__Wsign_conversion - Success
-- Performing Test ARGS_HAS__Wnull_dereference
-- Performing Test ARGS_HAS__Wnull_dereference - Success
-- Performing Test ARGS_HAS__Wformat_2
-- Performing Test ARGS_HAS__Wformat_2 - Success
-- Performing Test ARGS_HAS__Wshadow
-- Performing Test ARGS_HAS__Wshadow - Success
-- Performing Test ARGS_HAS__Wcast_align
-- Performing Test ARGS_HAS__Wcast_align - Success
-- Performing Test ARGS_HAS__Wunused
-- Performing Test ARGS_HAS__Wunused - Success
-- Configuring done (2.7s)
-- Generating done (0.1s)
-- Build files have been written to: /build/args-git/src/build
[  0%] Building CXX object CMakeFiles/argstest-action_flag.dir/test/action_flag.cxx.o
[  1%] Building CXX object CMakeFiles/gitlike.dir/examples/gitlike.cxx.o
[  2%] Building CXX object CMakeFiles/argstest-constant_flag.dir/test/constant_flag.cxx.o
[  3%] Building CXX object CMakeFiles/argstest-completion_long_separator_multichar.dir/test/completion_long_separator_multichar.cxx.o
[  3%] Building CXX object CMakeFiles/argstest-arg_flag_lists.dir/test/arg_flag_lists.cxx.o
[  4%] Building CXX object CMakeFiles/argstest-completion_bad_cword.dir/test/completion_bad_cword.cxx.o
[  5%] Building CXX object CMakeFiles/argstest-completion_terminator.dir/test/completion_terminator.cxx.o
[  5%] Building CXX object CMakeFiles/argstest-arg_flag_lists_sets.dir/test/arg_flag_lists_sets.cxx.o
[  5%] Building CXX object CMakeFiles/argstest-arg_to_non_arg_flag.dir/test/arg_to_non_arg_flag.cxx.o
[  6%] Building CXX object CMakeFiles/completion.dir/examples/completion.cxx.o
[  7%] Building CXX object CMakeFiles/argstest-completion_separator_prefix_overlap.dir/test/completion_separator_prefix_overlap.cxx.o
[  7%] Building CXX object CMakeFiles/argstest-arg_flag_lists_replace_default.dir/test/arg_flag_lists_replace_default.cxx.o
[  8%] Building CXX object CMakeFiles/argstest-count_flag.dir/test/count_flag.cxx.o
[  8%] Building CXX object CMakeFiles/argstest-arg_flags.dir/test/arg_flags.cxx.o
[  8%] Building CXX object CMakeFiles/argstest-arg_flag_lists_default.dir/test/arg_flag_lists_default.cxx.o
[  9%] Building CXX object CMakeFiles/argstest-custom_types.dir/test/custom_types.cxx.o
[  9%] Building CXX object CMakeFiles/argstest-choices_description.dir/test/choices_description.cxx.o
[  9%] Building CXX object CMakeFiles/argstest-completion.dir/test/completion.cxx.o
[  9%] Building CXX object CMakeFiles/argstest-bool_flags.dir/test/bool_flags.cxx.o
[  9%] Building CXX object CMakeFiles/argstest-argument_separation.dir/test/argument_separation.cxx.o
/build/args-git/src/args/examples/gitlike.cxx: In function ‘int main(int, char**)’:
/build/args-git/src/args/examples/gitlike.cxx:45:18: warning: catching polymorphic type ‘class args::Help’ by value [-Wcatch-value=]
   45 |     catch (args::Help)
      |                  ^~~~
/build/args-git/src/args/examples/gitlike.cxx:50:24: warning: catching polymorphic type ‘class args::Error’ by value [-Wcatch-value=]
   50 |     catch (args::Error e)
      |                        ^
/build/args-git/src/args/examples/gitlike.cxx: In function ‘void Init(const std::string&, std::vector<std::__cxx11::basic_string<char> >::const_iterator, std::vector<std::__cxx11::basic_string<char> >::const_iterator)’:
/build/args-git/src/args/examples/gitlike.cxx:78:18: warning: catching polymorphic type ‘class args::Help’ by value [-Wcatch-value=]
   78 |     catch (args::Help)
      |                  ^~~~
/build/args-git/src/args/examples/gitlike.cxx:83:29: warning: catching polymorphic type ‘class args::ParseError’ by value [-Wcatch-value=]
   83 |     catch (args::ParseError e)
      |                             ^
/build/args-git/src/args/examples/gitlike.cxx: In function ‘void Add(const std::string&, std::vector<std::__cxx11::basic_string<char> >::const_iterator, std::vector<std::__cxx11::basic_string<char> >::const_iterator)’:
/build/args-git/src/args/examples/gitlike.cxx:118:18: warning: catching polymorphic type ‘class args::Help’ by value [-Wcatch-value=]
  118 |     catch (args::Help)
      |                  ^~~~
/build/args-git/src/args/examples/gitlike.cxx:123:29: warning: catching polymorphic type ‘class args::ParseError’ by value [-Wcatch-value=]
  123 |     catch (args::ParseError e)
      |                             ^
[ 10%] Linking CXX executable argstest-arg_to_non_arg_flag
[ 11%] Linking CXX executable argstest-choices_description
[ 12%] Linking CXX executable argstest-arg_flag_lists_sets
[ 12%] Linking CXX executable argstest-completion_long_separator_multichar
[ 12%] Linking CXX executable argstest-custom_types
[ 13%] Linking CXX executable argstest-arg_flag_lists
[ 14%] Linking CXX executable argstest-arg_flag_lists_default
[ 15%] Linking CXX executable gitlike
[ 16%] Linking CXX executable argstest-arg_flags
[ 17%] Linking CXX executable argstest-bool_flags
[ 17%] Linking CXX executable argstest-completion_separator_prefix_overlap
[ 17%] Linking CXX executable argstest-count_flag
[ 17%] Linking CXX executable argstest-constant_flag
[ 18%] Linking CXX executable argstest-completion
[ 18%] Linking CXX executable argstest-completion_terminator
[ 19%] Linking CXX executable argstest-argument_separation
[ 19%] Linking CXX executable argstest-completion_bad_cword
[ 19%] Linking CXX executable completion
[ 20%] Linking CXX executable argstest-action_flag
[ 21%] Linking CXX executable argstest-arg_flag_lists_replace_default
[ 21%] Built target argstest-custom_types
[ 21%] Built target argstest-choices_description
[ 21%] Built target argstest-arg_flags
[ 21%] Built target argstest-arg_to_non_arg_flag
[ 22%] Building CXX object CMakeFiles/argstest-default_values.dir/test/default_values.cxx.o
[ 22%] Built target argstest-completion_bad_cword
[ 23%] Building CXX object CMakeFiles/argstest-detect_duplicate_flags.dir/test/detect_duplicate_flags.cxx.o
[ 23%] Built target argstest-completion_long_separator_multichar
[ 24%] Building CXX object CMakeFiles/argstest-detect_duplicate_flags_noexcept.dir/test/detect_duplicate_flags_noexcept.cxx.o
[ 24%] Built target argstest-arg_flag_lists_sets
[ 25%] Building CXX object CMakeFiles/argstest-embedded_nul_numeric.dir/test/embedded_nul_numeric.cxx.o
[ 25%] Built target argstest-bool_flags
[ 25%] Building CXX object CMakeFiles/argstest-extra_positionals.dir/test/extra_positionals.cxx.o
[ 25%] Building CXX object CMakeFiles/argstest-empty_longprefix_short_flags.dir/test/empty_longprefix_short_flags.cxx.o
[ 25%] Built target argstest-constant_flag
[ 25%] Building CXX object CMakeFiles/argstest-get_assignable.dir/test/get_assignable.cxx.o
[ 25%] Built target argstest-count_flag
[ 25%] Building CXX object CMakeFiles/argstest-get_program_line.dir/test/get_program_line.cxx.o
[ 26%] Linking CXX executable argstest-embedded_nul_numeric
[ 26%] Building CXX object CMakeFiles/argstest-global_options.dir/test/global_options.cxx.o
[ 26%] Built target completion
[ 26%] Building CXX object CMakeFiles/argstest-group_get_filtered.dir/test/group_get_filtered.cxx.o
[ 26%] Built target argstest-arg_flag_lists_default
[ 26%] Building CXX object CMakeFiles/argstest-group_nesting.dir/test/group_nesting.cxx.o
[ 26%] Building CXX object CMakeFiles/argstest-group_get_matches.dir/test/group_get_matches.cxx.o
[ 26%] Built target argstest-completion
[ 26%] Building CXX object CMakeFiles/argstest-group_validation_fail.dir/test/group_validation_fail.cxx.o
[ 26%] Built target argstest-arg_flag_lists
[ 26%] Building CXX object CMakeFiles/argstest-help_flag.dir/test/help_flag.cxx.o
[ 26%] Built target argstest-action_flag
[ 27%] Building CXX object CMakeFiles/argstest-help_params.dir/test/help_params.cxx.o
[ 27%] Linking CXX executable argstest-default_values
[ 27%] Built target argstest-embedded_nul_numeric
[ 28%] Building CXX object CMakeFiles/argstest-help_stream.dir/test/help_stream.cxx.o
[ 28%] Built target argstest-completion_separator_prefix_overlap
[ 29%] Building CXX object CMakeFiles/argstest-help_underflow.dir/test/help_underflow.cxx.o
[ 29%] Built target gitlike
[ 30%] Building CXX object CMakeFiles/argstest-hidden_options.dir/test/hidden_options.cxx.o
[ 30%] Linking CXX executable argstest-detect_duplicate_flags_noexcept
[ 31%] Linking CXX executable argstest-extra_positionals
[ 32%] Linking CXX executable argstest-get_assignable
[ 33%] Linking CXX executable argstest-get_program_line
[ 34%] Linking CXX executable argstest-empty_longprefix_short_flags
[ 35%] Linking CXX executable argstest-global_options
[ 36%] Linking CXX executable argstest-group_validation_fail
[ 37%] Linking CXX executable argstest-group_nesting
[ 37%] Linking CXX executable argstest-detect_duplicate_flags
[ 38%] Linking CXX executable argstest-group_get_matches
[ 38%] Linking CXX executable argstest-help_underflow
[ 38%] Built target argstest-arg_flag_lists_replace_default
[ 39%] Building CXX object CMakeFiles/argstest-implicit_values.dir/test/implicit_values.cxx.o
[ 39%] Built target argstest-argument_separation
[ 40%] Building CXX object CMakeFiles/argstest-inteager_overflow_arithmetic.dir/test/inteager_overflow_arithmetic.cxx.o
[ 40%] Linking CXX executable argstest-help_params
[ 40%] Built target argstest-completion_terminator
[ 41%] Linking CXX executable argstest-help_flag
[ 42%] Linking CXX executable argstest-group_get_filtered
[ 42%] Linking CXX executable argstest-hidden_options
[ 42%] Linking CXX executable argstest-inteager_overflow_arithmetic
[ 42%] Linking CXX executable argstest-help_stream
[ 42%] Built target argstest-inteager_overflow_arithmetic
[ 42%] Linking CXX executable argstest-implicit_values
[ 42%] Built target argstest-detect_duplicate_flags
[ 42%] Built target argstest-extra_positionals
[ 42%] Built target argstest-detect_duplicate_flags_noexcept
[ 42%] Built target argstest-help_params
[ 42%] Built target argstest-default_values
[ 43%] Building CXX object CMakeFiles/argstest-integer_overflow.dir/test/integer_overflow.cxx.o
[ 43%] Built target argstest-help_underflow
[ 43%] Built target argstest-get_assignable
[ 44%] Building CXX object CMakeFiles/argstest-integer_parser.dir/test/integer_parser.cxx.o
[ 45%] Building CXX object CMakeFiles/argstest-invalid_arg_parse.dir/test/invalid_arg_parse.cxx.o
[ 45%] Built target argstest-get_program_line
[ 46%] Building CXX object CMakeFiles/argstest-kickout_flags.dir/test/kickout_flags.cxx.o
[ 46%] Built target argstest-hidden_options
[ 46%] Building CXX object CMakeFiles/argstest-map_invalid_arg_parse.dir/test/map_invalid_arg_parse.cxx.o
[ 47%] Building CXX object CMakeFiles/argstest-locale_independent_parsing.dir/test/locale_independent_parsing.cxx.o
[ 47%] Built target argstest-group_get_filtered
[ 47%] Building CXX object CMakeFiles/argstest-mapping_types.dir/test/mapping_types.cxx.o
[ 47%] Linking CXX executable argstest-integer_parser
[ 47%] Building CXX object CMakeFiles/argstest-matcher_validation.dir/test/matcher_validation.cxx.o
[ 47%] Built target argstest-empty_longprefix_short_flags
[ 47%] Building CXX object CMakeFiles/argstest-multiple_inclusion.dir/test/multiple_inclusion.cxx.o
[ 48%] Building CXX object CMakeFiles/argstest-nargs.dir/test/nargs.cxx.o
[ 49%] Building CXX object CMakeFiles/argstest-multiple_inclusion.dir/test/multiple_inclusion.aux.cxx.o
[ 50%] Building CXX object CMakeFiles/argstest-noexcept_completion.dir/test/noexcept_completion.cxx.o
[ 50%] Built target argstest-integer_parser
[ 51%] Building CXX object CMakeFiles/argstest-noexcept_completion_bad_cword.dir/test/noexcept_completion_bad_cword.cxx.o
[ 51%] Built target argstest-help_flag
[ 52%] Building CXX object CMakeFiles/argstest-noexcept_completion_separator_prefix_overlap.dir/test/noexcept_completion_separator_prefix_overlap.cxx.o
[ 53%] Building CXX object CMakeFiles/argstest-noexcept_completion_terminator.dir/test/noexcept_completion_terminator.cxx.o
[ 53%] Built target argstest-group_validation_fail
[ 54%] Building CXX object CMakeFiles/argstest-noexcept_completion_value_oob.dir/test/noexcept_completion_value_oob.cxx.o
[ 54%] Building CXX object CMakeFiles/argstest-noexcept_flag_error_no_shadow.dir/test/noexcept_flag_error_no_shadow.cxx.o
[ 54%] Linking CXX executable argstest-kickout_flags
[ 54%] Built target argstest-group_nesting
[ 54%] Building CXX object CMakeFiles/argstest-noexcept_map_invalid_arg_parse.dir/test/noexcept_map_invalid_arg_parse.cxx.o
[ 54%] Linking CXX executable argstest-multiple_inclusion
[ 55%] Linking CXX executable argstest-locale_independent_parsing
[ 56%] Linking CXX executable argstest-mapping_types
[ 56%] Linking CXX executable argstest-integer_overflow
[ 56%] Built target argstest-multiple_inclusion
[ 56%] Building CXX object CMakeFiles/argstest-noexcept_matcher_validation.dir/test/noexcept_matcher_validation.cxx.o
[ 56%] Linking CXX executable argstest-invalid_arg_parse
[ 57%] Linking CXX executable argstest-map_invalid_arg_parse
[ 58%] Linking CXX executable argstest-matcher_validation
[ 58%] Linking CXX executable argstest-noexcept_completion_separator_prefix_overlap
[ 58%] Built target argstest-group_get_matches
[ 58%] Linking CXX executable argstest-noexcept_completion
[ 58%] Built target argstest-global_options
[ 58%] Linking CXX executable argstest-noexcept_completion_bad_cword
[ 58%] Built target argstest-help_stream
[ 58%] Linking CXX executable argstest-nargs
[ 59%] Linking CXX executable argstest-noexcept_flag_error_no_shadow
[ 59%] Built target argstest-implicit_values
[ 59%] Linking CXX executable argstest-noexcept_completion_terminator
[ 60%] Linking CXX executable argstest-noexcept_matcher_validation
[ 61%] Linking CXX executable argstest-noexcept_map_invalid_arg_parse
[ 62%] Linking CXX executable argstest-noexcept_completion_value_oob
[ 62%] Built target argstest-integer_overflow
[ 62%] Built target argstest-matcher_validation
[ 62%] Building CXX object CMakeFiles/argstest-noexcept_mode.dir/test/noexcept_mode.cxx.o
[ 62%] Building CXX object CMakeFiles/argstest-noexcept_nargs.dir/test/noexcept_nargs.cxx.o
[ 62%] Built target argstest-noexcept_completion_separator_prefix_overlap
[ 62%] Building CXX object CMakeFiles/argstest-noexcept_parser_failure_state.dir/test/noexcept_parser_failure_state.cxx.o
[ 62%] Built target argstest-locale_independent_parsing
[ 62%] Built target argstest-noexcept_completion_bad_cword
[ 62%] Building CXX object CMakeFiles/argstest-noexcept_required_flags.dir/test/noexcept_required_flags.cxx.o
[ 62%] Built target argstest-invalid_arg_parse
[ 62%] Building CXX object CMakeFiles/argstest-noexcept_single_flag_repeat.dir/test/noexcept_single_flag_repeat.cxx.o
[ 62%] Building CXX object CMakeFiles/argstest-noexcept_subparser_validation.dir/test/noexcept_subparser_validation.cxx.o
[ 63%] Linking CXX executable argstest-noexcept_nargs
[ 63%] Building CXX object CMakeFiles/argstest-noexcept_terminator_flag_values.dir/test/noexcept_terminator_flag_values.cxx.o
[ 64%] Building CXX object CMakeFiles/argstest-noexcept_unsigned_negative.dir/test/noexcept_unsigned_negative.cxx.o
[ 65%] Linking CXX executable argstest-noexcept_mode
[ 66%] Linking CXX executable argstest-noexcept_parser_failure_state
[ 66%] Built target argstest-kickout_flags
[ 67%] Linking CXX executable argstest-noexcept_required_flags
[ 68%] Building CXX object CMakeFiles/argstest-option_terminator.dir/test/option_terminator.cxx.o
[ 68%] Built target argstest-noexcept_completion
[ 68%] Built target argstest-noexcept_map_invalid_arg_parse
[ 68%] Built target argstest-noexcept_completion_terminator
[ 69%] Building CXX object CMakeFiles/argstest-optional_value_separation.dir/test/optional_value_separation.cxx.o
[ 70%] Building CXX object CMakeFiles/argstest-parsecli_zero_argc.dir/test/parsecli_zero_argc.cxx.o
[ 70%] Built target argstest-noexcept_matcher_validation
[ 71%] Building CXX object CMakeFiles/argstest-positional_and_lists.dir/test/positional_and_lists.cxx.o
[ 72%] Building CXX object CMakeFiles/argstest-positional_lists.dir/test/positional_lists.cxx.o
[ 73%] Linking CXX executable argstest-noexcept_single_flag_repeat
[ 73%] Built target argstest-noexcept_flag_error_no_shadow
[ 74%] Building CXX object CMakeFiles/argstest-positional_lists_default.dir/test/positional_lists_default.cxx.o
[ 74%] Built target argstest-map_invalid_arg_parse
[ 75%] Building CXX object CMakeFiles/argstest-positional_lists_replace_default.dir/test/positional_lists_replace_default.cxx.o
[ 76%] Linking CXX executable argstest-noexcept_subparser_validation
[ 76%] Built target argstest-noexcept_completion_value_oob
[ 76%] Linking CXX executable argstest-noexcept_unsigned_negative
[ 77%] Building CXX object CMakeFiles/argstest-positional_lists_sets.dir/test/positional_lists_sets.cxx.o
[ 77%] Built target argstest-mapping_types
[ 79%] Building CXX object CMakeFiles/argstest-positional_unspecified.dir/test/positional_unspecified.cxx.o
[ 79%] Linking CXX executable argstest-noexcept_terminator_flag_values
[ 79%] Linking CXX executable argstest-option_terminator
[ 79%] Linking CXX executable argstest-parsecli_zero_argc
[ 79%] Linking CXX executable argstest-positional_and_lists
[ 79%] Built target argstest-nargs
[ 79%] Linking CXX executable argstest-positional_lists
[ 79%] Linking CXX executable argstest-positional_lists_default
[ 79%] Linking CXX executable argstest-optional_value_separation
[ 79%] Linking CXX executable argstest-positional_lists_replace_default
[ 79%] Linking CXX executable argstest-positional_lists_sets
[ 79%] Linking CXX executable argstest-positional_unspecified
[ 79%] Built target argstest-noexcept_nargs
[ 79%] Built target argstest-noexcept_mode
[ 79%] Built target argstest-noexcept_parser_failure_state
[ 79%] Built target argstest-parsecli_zero_argc
[ 80%] Building CXX object CMakeFiles/argstest-prefix_dd_style.dir/test/prefix_dd_style.cxx.o
[ 80%] Building CXX object CMakeFiles/argstest-prefix_windows_style.dir/test/prefix_windows_style.cxx.o
[ 80%] Building CXX object CMakeFiles/argstest-program_line_wrap.dir/test/program_line_wrap.cxx.o
[ 80%] Built target argstest-noexcept_terminator_flag_values
[ 80%] Building CXX object CMakeFiles/argstest-required_flags.dir/test/required_flags.cxx.o
[ 80%] Built target argstest-noexcept_subparser_validation
[ 80%] Building CXX object CMakeFiles/argstest-safe_arithmetic.dir/test/safe_arithmetic.cxx.o
[ 80%] Building CXX object CMakeFiles/argstest-simple_commands.dir/test/simple_commands.cxx.o
[ 80%] Building CXX object CMakeFiles/argstest-single_flag_repeat.dir/test/single_flag_repeat.cxx.o
[ 80%] Built target argstest-noexcept_single_flag_repeat
[ 80%] Building CXX object CMakeFiles/argstest-subparser_commands.dir/test/subparser_commands.cxx.o
[ 80%] Built target argstest-noexcept_required_flags
[ 80%] Building CXX object CMakeFiles/argstest-subparser_commands_kickout.dir/test/subparser_commands_kickout.cxx.o
[ 80%] Building CXX object CMakeFiles/argstest-subparser_group_validation.dir/test/subparser_group_validation.cxx.o
[ 80%] Built target argstest-positional_lists_default
[ 80%] Building CXX object CMakeFiles/argstest-subparser_help.dir/test/subparser_help.cxx.o
[ 81%] Building CXX object CMakeFiles/argstest-subparser_kickout.dir/test/subparser_kickout.cxx.o
[ 81%] Built target argstest-option_terminator
[ 82%] Building CXX object CMakeFiles/argstest-subparser_validation.dir/test/subparser_validation.cxx.o
[ 83%] Linking CXX executable argstest-safe_arithmetic
[ 83%] Built target argstest-optional_value_separation
[ 84%] Building CXX object CMakeFiles/argstest-terminator_flag_values.dir/test/terminator_flag_values.cxx.o
[ 84%] Built target argstest-noexcept_unsigned_negative
[ 85%] Building CXX object CMakeFiles/argstest-unified_match_lists.dir/test/unified_match_lists.cxx.o
[ 85%] Built target argstest-positional_lists
[ 86%] Building CXX object CMakeFiles/argstest-unknown_flags.dir/test/unknown_flags.cxx.o
[ 86%] Built target argstest-positional_and_lists
[ 87%] Linking CXX executable argstest-program_line_wrap
[ 88%] Linking CXX executable argstest-prefix_dd_style
[ 89%] Building CXX object CMakeFiles/argstest-unsigned_negative.dir/test/unsigned_negative.cxx.o
[ 90%] Linking CXX executable argstest-required_flags
[ 91%] Linking CXX executable argstest-prefix_windows_style
[ 91%] Built target argstest-safe_arithmetic
[ 92%] Building CXX object CMakeFiles/argstest-value_parser.dir/test/value_parser.cxx.o
[ 93%] Linking CXX executable argstest-simple_commands
[ 94%] Linking CXX executable argstest-single_flag_repeat
[ 94%] Built target argstest-positional_lists_replace_default
[ 94%] Built target argstest-positional_lists_sets
[ 96%] Linking CXX executable argstest-subparser_commands_kickout
[ 96%] Linking CXX executable argstest-subparser_commands
[ 97%] Linking CXX executable argstest-subparser_group_validation
[ 97%] Built target argstest-positional_unspecified
[ 98%] Linking CXX executable argstest-subparser_help
[ 98%] Linking CXX executable argstest-subparser_kickout
[ 98%] Linking CXX executable argstest-subparser_validation
[ 98%] Linking CXX executable argstest-terminator_flag_values
[ 98%] Linking CXX executable argstest-unified_match_lists
[ 98%] Linking CXX executable argstest-unsigned_negative
[ 98%] Linking CXX executable argstest-unknown_flags
[ 98%] Linking CXX executable argstest-value_parser
[ 98%] Built target argstest-program_line_wrap
[ 98%] Built target argstest-simple_commands
[ 98%] Built target argstest-subparser_commands_kickout
[ 99%] Building CXX object CMakeFiles/argstest-whitespace_numeric.dir/test/whitespace_numeric.cxx.o
[ 99%] Built target argstest-prefix_dd_style
[100%] Building CXX object CMakeFiles/argstest-windows_h.dir/test/windows_h.cxx.o
[100%] Built target argstest-subparser_group_validation
[100%] Built target argstest-subparser_kickout
[100%] Built target argstest-prefix_windows_style
[100%] Built target argstest-unified_match_lists
[100%] Built target argstest-required_flags
[100%] Built target argstest-terminator_flag_values
[100%] Built target argstest-subparser_commands
[100%] Built target argstest-unknown_flags
[100%] Built target argstest-unsigned_negative
[100%] Built target argstest-subparser_help
[100%] Linking CXX executable argstest-whitespace_numeric
[100%] Built target argstest-single_flag_repeat
[100%] Built target argstest-subparser_validation
[100%] Linking CXX executable argstest-windows_h
[100%] Built target argstest-value_parser
[100%] Built target argstest-whitespace_numeric
[100%] Built target argstest-windows_h
