Test project /build/args-git/src/build
      Start  1: action_flag
 1/90 Test  #1: action_flag ....................................   Passed    0.01 sec
      Start  2: arg_flag_lists
 2/90 Test  #2: arg_flag_lists .................................   Passed    0.01 sec
      Start  3: arg_flag_lists_default
 3/90 Test  #3: arg_flag_lists_default .........................   Passed    0.01 sec
      Start  4: arg_flag_lists_replace_default
 4/90 Test  #4: arg_flag_lists_replace_default .................   Passed    0.00 sec
      Start  5: arg_flag_lists_sets
 5/90 Test  #5: arg_flag_lists_sets ............................   Passed    0.01 sec
      Start  6: arg_flags
 6/90 Test  #6: arg_flags ......................................   Passed    0.00 sec
      Start  7: arg_to_non_arg_flag
 7/90 Test  #7: arg_to_non_arg_flag ............................   Passed    0.01 sec
      Start  8: argument_separation
 8/90 Test  #8: argument_separation ............................   Passed    0.01 sec
      Start  9: bool_flags
 9/90 Test  #9: bool_flags .....................................   Passed    0.01 sec
      Start 10: choices_description
10/90 Test #10: choices_description ............................   Passed    0.01 sec
      Start 11: completion
11/90 Test #11: completion .....................................   Passed    0.00 sec
      Start 12: completion_bad_cword
12/90 Test #12: completion_bad_cword ...........................   Passed    0.01 sec
      Start 13: completion_long_separator_multichar
13/90 Test #13: completion_long_separator_multichar ............   Passed    0.01 sec
      Start 14: completion_separator_prefix_overlap
14/90 Test #14: completion_separator_prefix_overlap ............   Passed    0.00 sec
      Start 15: completion_terminator
15/90 Test #15: completion_terminator ..........................   Passed    0.01 sec
      Start 16: constant_flag
16/90 Test #16: constant_flag ..................................   Passed    0.00 sec
      Start 17: count_flag
17/90 Test #17: count_flag .....................................   Passed    0.01 sec
      Start 18: custom_types
18/90 Test #18: custom_types ...................................   Passed    0.01 sec
      Start 19: default_values
19/90 Test #19: default_values .................................   Passed    0.01 sec
      Start 20: embedded_nul_numeric
20/90 Test #20: embedded_nul_numeric ...........................   Passed    0.00 sec
      Start 21: empty_longprefix_short_flags
21/90 Test #21: empty_longprefix_short_flags ...................   Passed    0.00 sec
      Start 22: extra_positionals
22/90 Test #22: extra_positionals ..............................   Passed    0.00 sec
      Start 23: get_assignable
23/90 Test #23: get_assignable .................................   Passed    0.01 sec
      Start 24: get_program_line
24/90 Test #24: get_program_line ...............................   Passed    0.01 sec
      Start 25: global_options
25/90 Test #25: global_options .................................   Passed    0.00 sec
      Start 26: group_get_filtered
26/90 Test #26: group_get_filtered .............................   Passed    0.01 sec
      Start 27: group_get_matches
27/90 Test #27: group_get_matches ..............................   Passed    0.01 sec
      Start 28: group_nesting
28/90 Test #28: group_nesting ..................................   Passed    0.01 sec
      Start 29: group_validation_fail
29/90 Test #29: group_validation_fail ..........................   Passed    0.01 sec
      Start 30: help_flag
30/90 Test #30: help_flag ......................................   Passed    0.01 sec
      Start 31: help_params
31/90 Test #31: help_params ....................................   Passed    0.01 sec
      Start 32: help_stream
32/90 Test #32: help_stream ....................................   Passed    0.00 sec
      Start 33: help_underflow
33/90 Test #33: help_underflow .................................   Passed    0.01 sec
      Start 34: hidden_options
34/90 Test #34: hidden_options .................................   Passed    0.01 sec
      Start 35: implicit_values
35/90 Test #35: implicit_values ................................   Passed    0.00 sec
      Start 36: inteager_overflow_arithmetic
36/90 Test #36: inteager_overflow_arithmetic ...................   Passed    0.00 sec
      Start 37: integer_overflow
37/90 Test #37: integer_overflow ...............................   Passed    0.01 sec
      Start 38: integer_parser
38/90 Test #38: integer_parser .................................   Passed    0.00 sec
      Start 39: invalid_arg_parse
39/90 Test #39: invalid_arg_parse ..............................   Passed    0.01 sec
      Start 40: kickout_flags
40/90 Test #40: kickout_flags ..................................   Passed    0.00 sec
      Start 41: locale_independent_parsing
41/90 Test #41: locale_independent_parsing .....................   Passed    0.01 sec
      Start 42: map_invalid_arg_parse
42/90 Test #42: map_invalid_arg_parse ..........................   Passed    0.00 sec
      Start 43: mapping_types
43/90 Test #43: mapping_types ..................................   Passed    0.00 sec
      Start 44: matcher_validation
44/90 Test #44: matcher_validation .............................   Passed    0.00 sec
      Start 45: multiple_inclusion
45/90 Test #45: multiple_inclusion .............................   Passed    0.00 sec
      Start 46: nargs
46/90 Test #46: nargs ..........................................   Passed    0.01 sec
      Start 47: noexcept_completion
47/90 Test #47: noexcept_completion ............................   Passed    0.01 sec
      Start 48: noexcept_completion_bad_cword
48/90 Test #48: noexcept_completion_bad_cword ..................   Passed    0.00 sec
      Start 49: noexcept_completion_separator_prefix_overlap
49/90 Test #49: noexcept_completion_separator_prefix_overlap ...   Passed    0.00 sec
      Start 50: noexcept_completion_terminator
50/90 Test #50: noexcept_completion_terminator .................   Passed    0.00 sec
      Start 51: noexcept_completion_value_oob
51/90 Test #51: noexcept_completion_value_oob ..................   Passed    0.00 sec
      Start 52: noexcept_flag_error_no_shadow
52/90 Test #52: noexcept_flag_error_no_shadow ..................   Passed    0.00 sec
      Start 53: noexcept_map_invalid_arg_parse
53/90 Test #53: noexcept_map_invalid_arg_parse .................   Passed    0.00 sec
      Start 54: noexcept_matcher_validation
54/90 Test #54: noexcept_matcher_validation ....................   Passed    0.00 sec
      Start 55: noexcept_mode
55/90 Test #55: noexcept_mode ..................................   Passed    0.00 sec
      Start 56: noexcept_nargs
56/90 Test #56: noexcept_nargs .................................   Passed    0.01 sec
      Start 57: noexcept_parser_failure_state
57/90 Test #57: noexcept_parser_failure_state ..................   Passed    0.00 sec
      Start 58: noexcept_required_flags
58/90 Test #58: noexcept_required_flags ........................   Passed    0.01 sec
      Start 59: noexcept_single_flag_repeat
59/90 Test #59: noexcept_single_flag_repeat ....................   Passed    0.00 sec
      Start 60: noexcept_subparser_validation
60/90 Test #60: noexcept_subparser_validation ..................   Passed    0.01 sec
      Start 61: noexcept_terminator_flag_values
61/90 Test #61: noexcept_terminator_flag_values ................   Passed    0.00 sec
      Start 62: noexcept_unsigned_negative
62/90 Test #62: noexcept_unsigned_negative .....................   Passed    0.01 sec
      Start 63: option_terminator
63/90 Test #63: option_terminator ..............................   Passed    0.01 sec
      Start 64: parsecli_zero_argc
64/90 Test #64: parsecli_zero_argc .............................   Passed    0.00 sec
      Start 65: positional_and_lists
65/90 Test #65: positional_and_lists ...........................   Passed    0.00 sec
      Start 66: positional_lists
66/90 Test #66: positional_lists ...............................   Passed    0.01 sec
      Start 67: positional_lists_default
67/90 Test #67: positional_lists_default .......................   Passed    0.01 sec
      Start 68: positional_lists_replace_default
68/90 Test #68: positional_lists_replace_default ...............   Passed    0.01 sec
      Start 69: positional_lists_sets
69/90 Test #69: positional_lists_sets ..........................   Passed    0.00 sec
      Start 70: positional_unspecified
70/90 Test #70: positional_unspecified .........................   Passed    0.01 sec
      Start 71: prefix_dd_style
71/90 Test #71: prefix_dd_style ................................   Passed    0.01 sec
      Start 72: prefix_windows_style
72/90 Test #72: prefix_windows_style ...........................   Passed    0.00 sec
      Start 73: program_line_wrap
73/90 Test #73: program_line_wrap ..............................   Passed    0.00 sec
      Start 74: required_flags
74/90 Test #74: required_flags .................................   Passed    0.00 sec
      Start 75: safe_arithmetic
75/90 Test #75: safe_arithmetic ................................   Passed    0.00 sec
      Start 76: simple_commands
76/90 Test #76: simple_commands ................................   Passed    0.00 sec
      Start 77: single_flag_repeat
77/90 Test #77: single_flag_repeat .............................   Passed    0.00 sec
      Start 78: subparser_commands
78/90 Test #78: subparser_commands .............................   Passed    0.01 sec
      Start 79: subparser_commands_kickout
79/90 Test #79: subparser_commands_kickout .....................   Passed    0.00 sec
      Start 80: subparser_group_validation
80/90 Test #80: subparser_group_validation .....................   Passed    0.00 sec
      Start 81: subparser_help
81/90 Test #81: subparser_help .................................   Passed    0.00 sec
      Start 82: subparser_kickout
82/90 Test #82: subparser_kickout ..............................   Passed    0.01 sec
      Start 83: subparser_validation
83/90 Test #83: subparser_validation ...........................   Passed    0.00 sec
      Start 84: terminator_flag_values
84/90 Test #84: terminator_flag_values .........................   Passed    0.00 sec
      Start 85: unified_match_lists
85/90 Test #85: unified_match_lists ............................   Passed    0.00 sec
      Start 86: unknown_flags
86/90 Test #86: unknown_flags ..................................   Passed    0.00 sec
      Start 87: unsigned_negative
87/90 Test #87: unsigned_negative ..............................   Passed    0.00 sec
      Start 88: value_parser
88/90 Test #88: value_parser ...................................   Passed    0.01 sec
      Start 89: whitespace_numeric
89/90 Test #89: whitespace_numeric .............................   Passed    0.00 sec
      Start 90: windows_h
90/90 Test #90: windows_h ......................................   Passed    0.00 sec

100% tests passed out of 90

Total Test time (real) =   0.53 sec
