Test project /build/args/src/build
      Start  1: action_flag
 1/89 Test  #1: action_flag ....................................   Passed    0.00 sec
      Start  2: arg_flag_lists
 2/89 Test  #2: arg_flag_lists .................................   Passed    0.00 sec
      Start  3: arg_flag_lists_default
 3/89 Test  #3: arg_flag_lists_default .........................   Passed    0.00 sec
      Start  4: arg_flag_lists_replace_default
 4/89 Test  #4: arg_flag_lists_replace_default .................   Passed    0.00 sec
      Start  5: arg_flag_lists_sets
 5/89 Test  #5: arg_flag_lists_sets ............................   Passed    0.00 sec
      Start  6: arg_flags
 6/89 Test  #6: arg_flags ......................................   Passed    0.00 sec
      Start  7: arg_to_non_arg_flag
 7/89 Test  #7: arg_to_non_arg_flag ............................   Passed    0.00 sec
      Start  8: argument_separation
 8/89 Test  #8: argument_separation ............................   Passed    0.00 sec
      Start  9: bool_flags
 9/89 Test  #9: bool_flags .....................................   Passed    0.00 sec
      Start 10: choices_description
10/89 Test #10: choices_description ............................   Passed    0.00 sec
      Start 11: completion
11/89 Test #11: completion .....................................   Passed    0.00 sec
      Start 12: completion_bad_cword
12/89 Test #12: completion_bad_cword ...........................   Passed    0.00 sec
      Start 13: completion_long_separator_multichar
13/89 Test #13: completion_long_separator_multichar ............   Passed    0.00 sec
      Start 14: completion_separator_prefix_overlap
14/89 Test #14: completion_separator_prefix_overlap ............   Passed    0.00 sec
      Start 15: completion_terminator
15/89 Test #15: completion_terminator ..........................   Passed    0.00 sec
      Start 16: count_flag
16/89 Test #16: count_flag .....................................   Passed    0.00 sec
      Start 17: custom_types
17/89 Test #17: custom_types ...................................   Passed    0.00 sec
      Start 18: default_values
18/89 Test #18: default_values .................................   Passed    0.00 sec
      Start 19: embedded_nul_numeric
19/89 Test #19: embedded_nul_numeric ...........................   Passed    0.00 sec
      Start 20: empty_longprefix_short_flags
20/89 Test #20: empty_longprefix_short_flags ...................   Passed    0.00 sec
      Start 21: extra_positionals
21/89 Test #21: extra_positionals ..............................   Passed    0.00 sec
      Start 22: get_assignable
22/89 Test #22: get_assignable .................................   Passed    0.00 sec
      Start 23: get_program_line
23/89 Test #23: get_program_line ...............................   Passed    0.00 sec
      Start 24: global_options
24/89 Test #24: global_options .................................   Passed    0.00 sec
      Start 25: group_get_filtered
25/89 Test #25: group_get_filtered .............................   Passed    0.00 sec
      Start 26: group_get_matches
26/89 Test #26: group_get_matches ..............................   Passed    0.00 sec
      Start 27: group_nesting
27/89 Test #27: group_nesting ..................................   Passed    0.00 sec
      Start 28: group_validation_fail
28/89 Test #28: group_validation_fail ..........................   Passed    0.00 sec
      Start 29: help_flag
29/89 Test #29: help_flag ......................................   Passed    0.00 sec
      Start 30: help_params
30/89 Test #30: help_params ....................................   Passed    0.00 sec
      Start 31: help_stream
31/89 Test #31: help_stream ....................................   Passed    0.00 sec
      Start 32: help_underflow
32/89 Test #32: help_underflow .................................   Passed    0.00 sec
      Start 33: hidden_options
33/89 Test #33: hidden_options .................................   Passed    0.00 sec
      Start 34: implicit_values
34/89 Test #34: implicit_values ................................   Passed    0.00 sec
      Start 35: inteager_overflow_arithmetic
35/89 Test #35: inteager_overflow_arithmetic ...................   Passed    0.00 sec
      Start 36: integer_overflow
36/89 Test #36: integer_overflow ...............................   Passed    0.00 sec
      Start 37: integer_parser
37/89 Test #37: integer_parser .................................   Passed    0.00 sec
      Start 38: invalid_arg_parse
38/89 Test #38: invalid_arg_parse ..............................   Passed    0.00 sec
      Start 39: kickout_flags
39/89 Test #39: kickout_flags ..................................   Passed    0.00 sec
      Start 40: locale_independent_parsing
40/89 Test #40: locale_independent_parsing .....................   Passed    0.00 sec
      Start 41: map_invalid_arg_parse
41/89 Test #41: map_invalid_arg_parse ..........................   Passed    0.00 sec
      Start 42: mapping_types
42/89 Test #42: mapping_types ..................................   Passed    0.00 sec
      Start 43: matcher_validation
43/89 Test #43: matcher_validation .............................   Passed    0.00 sec
      Start 44: multiple_inclusion
44/89 Test #44: multiple_inclusion .............................   Passed    0.00 sec
      Start 45: nargs
45/89 Test #45: nargs ..........................................   Passed    0.00 sec
      Start 46: noexcept_completion
46/89 Test #46: noexcept_completion ............................   Passed    0.00 sec
      Start 47: noexcept_completion_bad_cword
47/89 Test #47: noexcept_completion_bad_cword ..................   Passed    0.00 sec
      Start 48: noexcept_completion_separator_prefix_overlap
48/89 Test #48: noexcept_completion_separator_prefix_overlap ...   Passed    0.00 sec
      Start 49: noexcept_completion_terminator
49/89 Test #49: noexcept_completion_terminator .................   Passed    0.00 sec
      Start 50: noexcept_completion_value_oob
50/89 Test #50: noexcept_completion_value_oob ..................   Passed    0.00 sec
      Start 51: noexcept_flag_error_no_shadow
51/89 Test #51: noexcept_flag_error_no_shadow ..................   Passed    0.00 sec
      Start 52: noexcept_map_invalid_arg_parse
52/89 Test #52: noexcept_map_invalid_arg_parse .................   Passed    0.00 sec
      Start 53: noexcept_matcher_validation
53/89 Test #53: noexcept_matcher_validation ....................   Passed    0.00 sec
      Start 54: noexcept_mode
54/89 Test #54: noexcept_mode ..................................   Passed    0.00 sec
      Start 55: noexcept_nargs
55/89 Test #55: noexcept_nargs .................................   Passed    0.00 sec
      Start 56: noexcept_parser_failure_state
56/89 Test #56: noexcept_parser_failure_state ..................   Passed    0.00 sec
      Start 57: noexcept_required_flags
57/89 Test #57: noexcept_required_flags ........................   Passed    0.00 sec
      Start 58: noexcept_single_flag_repeat
58/89 Test #58: noexcept_single_flag_repeat ....................   Passed    0.00 sec
      Start 59: noexcept_subparser_validation
59/89 Test #59: noexcept_subparser_validation ..................   Passed    0.00 sec
      Start 60: noexcept_terminator_flag_values
60/89 Test #60: noexcept_terminator_flag_values ................   Passed    0.00 sec
      Start 61: noexcept_unsigned_negative
61/89 Test #61: noexcept_unsigned_negative .....................   Passed    0.00 sec
      Start 62: option_terminator
62/89 Test #62: option_terminator ..............................   Passed    0.00 sec
      Start 63: parsecli_zero_argc
63/89 Test #63: parsecli_zero_argc .............................   Passed    0.00 sec
      Start 64: positional_and_lists
64/89 Test #64: positional_and_lists ...........................   Passed    0.00 sec
      Start 65: positional_lists
65/89 Test #65: positional_lists ...............................   Passed    0.00 sec
      Start 66: positional_lists_default
66/89 Test #66: positional_lists_default .......................   Passed    0.00 sec
      Start 67: positional_lists_replace_default
67/89 Test #67: positional_lists_replace_default ...............   Passed    0.00 sec
      Start 68: positional_lists_sets
68/89 Test #68: positional_lists_sets ..........................   Passed    0.00 sec
      Start 69: positional_unspecified
69/89 Test #69: positional_unspecified .........................   Passed    0.00 sec
      Start 70: prefix_dd_style
70/89 Test #70: prefix_dd_style ................................   Passed    0.00 sec
      Start 71: prefix_windows_style
71/89 Test #71: prefix_windows_style ...........................   Passed    0.00 sec
      Start 72: program_line_wrap
72/89 Test #72: program_line_wrap ..............................   Passed    0.00 sec
      Start 73: required_flags
73/89 Test #73: required_flags .................................   Passed    0.00 sec
      Start 74: safe_arithmetic
74/89 Test #74: safe_arithmetic ................................   Passed    0.00 sec
      Start 75: simple_commands
75/89 Test #75: simple_commands ................................   Passed    0.00 sec
      Start 76: single_flag_repeat
76/89 Test #76: single_flag_repeat .............................   Passed    0.00 sec
      Start 77: subparser_commands
77/89 Test #77: subparser_commands .............................   Passed    0.00 sec
      Start 78: subparser_commands_kickout
78/89 Test #78: subparser_commands_kickout .....................   Passed    0.00 sec
      Start 79: subparser_group_validation
79/89 Test #79: subparser_group_validation .....................   Passed    0.00 sec
      Start 80: subparser_help
80/89 Test #80: subparser_help .................................   Passed    0.00 sec
      Start 81: subparser_kickout
81/89 Test #81: subparser_kickout ..............................   Passed    0.00 sec
      Start 82: subparser_validation
82/89 Test #82: subparser_validation ...........................   Passed    0.00 sec
      Start 83: terminator_flag_values
83/89 Test #83: terminator_flag_values .........................   Passed    0.00 sec
      Start 84: unified_match_lists
84/89 Test #84: unified_match_lists ............................   Passed    0.00 sec
      Start 85: unknown_flags
85/89 Test #85: unknown_flags ..................................   Passed    0.00 sec
      Start 86: unsigned_negative
86/89 Test #86: unsigned_negative ..............................   Passed    0.00 sec
      Start 87: value_parser
87/89 Test #87: value_parser ...................................   Passed    0.00 sec
      Start 88: whitespace_numeric
88/89 Test #88: whitespace_numeric .............................   Passed    0.00 sec
      Start 89: windows_h
89/89 Test #89: windows_h ......................................   Passed    0.00 sec

100% tests passed out of 89

Total Test time (real) =   0.19 sec
