audacity4-git W: Referenced QML module 'com.kdab.dockwidgets' is an uninstalled dependency (needed in files ['usr/bin/audacity4'])
audacity4-git W: Referenced QML module 'Muse.Workspace' is an uninstalled dependency (needed in files ['usr/bin/audacity4'])
audacity4-git W: Referenced QML module 'Muse.Interactive' is an uninstalled dependency (needed in files ['usr/bin/audacity4'])
audacity4-git W: Referenced QML module 'Audacity.AppShell' is an uninstalled dependency (needed in files ['usr/bin/audacity4'])
audacity4-git W: Referenced QML module 'Muse.Vst' is an uninstalled dependency (needed in files ['usr/bin/audacity4'])
audacity4-git W: Referenced QML module 'Muse.Diagnostics' is an uninstalled dependency (needed in files ['usr/bin/audacity4'])
audacity4-git W: Referenced QML module 'Audacity.Spectrogram' is an uninstalled dependency (needed in files ['usr/bin/audacity4'])
audacity4-git W: Referenced QML module 'Audacity.TrackEdit' is an uninstalled dependency (needed in files ['usr/bin/audacity4'])
audacity4-git W: Referenced QML module 'Audacity.UiComponents' is an uninstalled dependency (needed in files ['usr/bin/audacity4'])
audacity4-git W: Referenced QML module 'Audacity.Lv2' is an uninstalled dependency (needed in files ['usr/bin/audacity4'])
audacity4-git W: Referenced QML module 'Muse.RCommand' is an uninstalled dependency (needed in files ['usr/bin/audacity4'])
audacity4-git W: Referenced QML module 'MuseScore.AppShell' is an uninstalled dependency (needed in files ['usr/bin/audacity4'])
audacity4-git W: Referenced QML module 'Audacity.BuiltinEffectsCollection' is an uninstalled dependency (needed in files ['usr/bin/audacity4'])
audacity4-git W: Referenced QML module 'Muse.MultiInstances' is an uninstalled dependency (needed in files ['usr/bin/audacity4'])
audacity4-git W: Referenced QML module 'Muse.Learn' is an uninstalled dependency (needed in files ['usr/bin/audacity4'])
audacity4-git W: Referenced QML module 'Muse.Extensions' is an uninstalled dependency (needed in files ['usr/bin/audacity4'])
audacity4-git W: Referenced QML module 'MuseScore.UiComponents' is an uninstalled dependency (needed in files ['usr/bin/audacity4'])
audacity4-git W: Referenced QML module 'MuseScore.Project' is an uninstalled dependency (needed in files ['usr/bin/audacity4'])
audacity4-git W: Referenced QML module 'Audacity.Effects' is an uninstalled dependency (needed in files ['usr/bin/audacity4'])
audacity4-git W: Referenced QML module 'Audacity.Project' is an uninstalled dependency (needed in files ['usr/bin/audacity4'])
audacity4-git W: Referenced QML module 'Audacity.Preferences' is an uninstalled dependency (needed in files ['usr/bin/audacity4'])
audacity4-git W: Referenced QML module 'Audacity.Vst' is an uninstalled dependency (needed in files ['usr/bin/audacity4'])
audacity4-git W: Referenced QML module 'Muse.Ui' is an uninstalled dependency (needed in files ['usr/bin/audacity4'])
audacity4-git W: Referenced QML module 'Muse.UiComponents.LegacyTreeView' is an uninstalled dependency (needed in files ['usr/bin/audacity4'])
audacity4-git W: Referenced QML module 'Audacity.ProjectScene' is an uninstalled dependency (needed in files ['usr/bin/audacity4'])
audacity4-git W: Referenced QML module 'Muse.Cloud' is an uninstalled dependency (needed in files ['usr/bin/audacity4'])
audacity4-git W: Referenced QML module 'Muse.GraphicalEffects' is an uninstalled dependency (needed in files ['usr/bin/audacity4'])
audacity4-git W: Referenced QML module 'Muse.Dock' is an uninstalled dependency (needed in files ['usr/bin/audacity4'])
audacity4-git W: Referenced QML module 'Muse.UiComponents' is an uninstalled dependency (needed in files ['usr/bin/audacity4'])
audacity4-git W: Referenced QML module 'Muse.Shortcuts' is an uninstalled dependency (needed in files ['usr/bin/audacity4'])
audacity4-git W: Referenced QML module 'Muse.Tours' is an uninstalled dependency (needed in files ['usr/bin/audacity4'])
audacity4-git W: Referenced QML module 'MuseScore.NotationScene' is an uninstalled dependency (needed in files ['usr/bin/audacity4'])
audacity4-git W: Referenced QML module 'Muse.Toast' is an uninstalled dependency (needed in files ['usr/bin/audacity4'])
audacity4-git W: Referenced QML module 'Audacity.Cloud' is an uninstalled dependency (needed in files ['usr/bin/audacity4'])
audacity4-git W: Referenced QML module 'MuseScore.Playback' is an uninstalled dependency (needed in files ['usr/bin/audacity4'])
audacity4-git W: Referenced QML module 'Audacity.Export' is an uninstalled dependency (needed in files ['usr/bin/audacity4'])
audacity4-git W: Referenced QML module 'Audacity.BuiltinEffects' is an uninstalled dependency (needed in files ['usr/bin/audacity4'])
audacity4-git W: Referenced QML module 'Audacity.Playback' is an uninstalled dependency (needed in files ['usr/bin/audacity4'])
audacity4-git W: Unused shared library '/tmp/../lib/libexpat.so.1' by file ('usr/bin/audacity4')
audacity4-git W: Dependency wxwidgets-common detected and implicitly satisfied (libraries ['usr/lib/libwx_baseu-3.2.so.0'] needed in files ['usr/bin/audacity4'])
audacity4-git W: Dependency systemd-libs detected and implicitly satisfied (libraries ['usr/lib/libudev.so.1'] needed in files ['usr/bin/audacity4'])
audacity4-git W: Dependency libx11 detected and implicitly satisfied (libraries ['usr/lib/libX11.so.6'] needed in files ['usr/bin/audacity4'])
audacity4-git W: Dependency hicolor-icon-theme detected and implicitly satisfied (needed for hicolor theme hierarchy)
audacity4-git W: Dependency glibc detected and implicitly satisfied (libraries ['usr/lib/libm.so.6', 'usr/lib/libc.so.6'] needed in files ['usr/bin/audacity4'])
audacity4-git W: Dependency libgcc detected and implicitly satisfied (libraries ['usr/lib/libgcc_s.so.1'] needed in files ['usr/bin/audacity4'])
audacity4-git W: Dependency libstdc++ detected and implicitly satisfied (libraries ['usr/lib/libstdc++.so.6'] needed in files ['usr/bin/audacity4'])
audacity4-git W: Dependency included, but may not be needed ('qt6-tools')
audacity4-git W: Dependency included, but may not be needed ('qt6-shadertools')
audacity4-git W: Dependency included, but may not be needed ('lame')
audacity4-git W: Dependency included, but may not be needed ('wxwidgets-gtk3')
audacity4-git W: Dependency included, but may not be needed ('libpng')
audacity4-git W: Dependency included, but may not be needed ('mesa')
