-- The C compiler identification is GNU 16.2.1
-- The CXX compiler identification is GNU 16.2.1
-- Detecting C compiler ABI info
-- Detecting C compiler ABI info - done
-- Check for working C compiler: /usr/bin/cc - skipped
-- Detecting C compile features
-- Detecting C compile features - done
-- Detecting CXX compiler ABI info
-- Detecting CXX compiler ABI info - done
-- Check for working CXX compiler: /usr/bin/c++ - skipped
-- Detecting CXX compile features
-- Detecting CXX compile features - done
-- Performing Test CMAKE_HAVE_LIBC_PTHREAD
-- Performing Test CMAKE_HAVE_LIBC_PTHREAD - Success
-- Found Threads: TRUE
-- Performing Test HAVE_STDATOMIC
-- Performing Test HAVE_STDATOMIC - Success
-- Found WrapAtomic: TRUE
-- Found OpenGL: /usr/lib/libOpenGL.so
-- Found WrapOpenGL: TRUE
-- Found WrapVulkanHeaders: /usr/include
-- Found Cups: /usr/lib/libcups.so (found version "2.4.19")
-- Found PkgConfig: /usr/bin/pkg-config (found version "3.0.7")
-- Found ZLIB: /usr/lib/libz.so (found version "1.3.2")
-- *****************************************************
-- * boomaga ver. 3.7.0
-- *  
-- *  
-- * You can change the following directories using cmake options like:
-- * -DCUPS_PPD_DIR=your_path
-- *  
-- *   CUPS_BACKEND_DIR     =  /usr/lib/cups/backend
-- *   CUPS_PPD_DIR         =  /usr/share/ppd/boomaga
-- *   DBUS_SERVICE_DIR     =  /usr/share/dbus-1/services
-- *  
-- *  You can change the following options using cmake options:
-- *   CUPS_BACKEND_URI     =  boomaga:/
-- *   CUPS_BACKEND_INFO    =  Boomaga
-- *   CUPS_BACKEND_MODEL   =  Boomaga printer
-- *   CUPS_BACKEND_DESCRIPTION  = Virtual boomaga printer
-- *   CUPS_BACKEND_MANUFACTURER = Generic
-- *  
-- * For building tests use -DBUILD_TESTS=Yes option.
-- * For building SELinux rules use -DSELINUX=Yes option.
-- *****************************************************
-- Configuring done (1.4s)
-- Generating done (0.0s)
-- Build files have been written to: /build/boomaga/src/build
[  2%] Built target boomaga_autogen_timestamp_deps
[  2%] Building CXX object src/backend/cups_backend/CMakeFiles/cups_backend.dir/main.cpp.o
[  2%] Building CXX object src/backend/cups_backend/CMakeFiles/cups_backend.dir/__/__/common.cpp.o
[  4%] Automatic MOC and UIC for target boomaga
[  5%] Linking CXX executable boomaga
[  5%] Built target boomaga_autogen
[  7%] Generating boomaga_hu_HU.qm
[ 11%] Generating boomaga_el.qm
[ 11%] Generating boomaga_de.qm
[ 11%] Generating boomaga_nl_NL.qm
[ 14%] Generating boomaga_eu.qm
[ 14%] Generating boomaga_cs.qm
[ 15%] Generating qrc_translatorsinfo.cpp
[ 17%] Generating boomaga_fr.qm
[ 18%] Generating boomaga_it.qm
[ 20%] Generating boomaga_lt.qm
[ 23%] Generating boomaga_nb_NO.qm
[ 23%] Generating boomaga_pl_PL.qm
[ 24%] Generating boomaga_ro.qm
[ 27%] Generating boomaga_uk_UA.qm
[ 28%] Generating boomaga_ru.qm
[ 28%] Generating boomaga_uz@Latn.qm
[ 30%] Generating qrc_mainicon.cpp
[ 31%] Generating qrc_icons.cpp
Updating '/build/boomaga/src/build/src/boomaga/boomaga_pl_PL.qm'...
    Generated 171 translation(s) (171 finished and 0 unfinished)
    Ignored 26 untranslated source text(s)
Updating '/build/boomaga/src/build/src/boomaga/boomaga_el.qm'...
    Generated 169 translation(s) (169 finished and 0 unfinished)
    Ignored 28 untranslated source text(s)
Updating '/build/boomaga/src/build/src/boomaga/boomaga_cs.qm'...
    Generated 171 translation(s) (171 finished and 0 unfinished)
    Ignored 26 untranslated source text(s)
Updating '/build/boomaga/src/build/src/boomaga/boomaga_de.qm'...
    Generated 171 translation(s) (171 finished and 0 unfinished)
    Ignored 26 untranslated source text(s)
Updating '/build/boomaga/src/build/src/boomaga/boomaga_hu_HU.qm'...
    Generated 171 translation(s) (171 finished and 0 unfinished)
    Ignored 26 untranslated source text(s)
Updating '/build/boomaga/src/build/src/boomaga/boomaga_it.qm'...
    Generated 171 translation(s) (171 finished and 0 unfinished)
    Ignored 26 untranslated source text(s)
Updating '/build/boomaga/src/build/src/boomaga/boomaga_eu.qm'...
    Generated 66 translation(s) (66 finished and 0 unfinished)
    Ignored 131 untranslated source text(s)
Updating '/build/boomaga/src/build/src/boomaga/boomaga_ru.qm'...
    Generated 171 translation(s) (171 finished and 0 unfinished)
    Ignored 26 untranslated source text(s)
Updating '/build/boomaga/src/build/src/boomaga/boomaga_ro.qm'...
    Generated 137 translation(s) (137 finished and 0 unfinished)
    Ignored 60 untranslated source text(s)
Updating '/build/boomaga/src/build/src/boomaga/boomaga_uz@Latn.qm'...
    Generated 51 translation(s) (51 finished and 0 unfinished)
    Ignored 121 untranslated source text(s)
Updating '/build/boomaga/src/build/src/boomaga/boomaga_nl_NL.qm'...
    Generated 161 translation(s) (161 finished and 0 unfinished)
    Ignored 36 untranslated source text(s)
Updating '/build/boomaga/src/build/src/boomaga/boomaga_nb_NO.qm'...
    Generated 167 translation(s) (167 finished and 0 unfinished)
    Ignored 30 untranslated source text(s)
Updating '/build/boomaga/src/build/src/boomaga/boomaga_lt.qm'...
    Generated 171 translation(s) (171 finished and 0 unfinished)
    Ignored 26 untranslated source text(s)
Updating '/build/boomaga/src/build/src/boomaga/boomaga_fr.qm'...
    Generated 173 translation(s) (173 finished and 0 unfinished)
    Ignored 24 untranslated source text(s)
Updating '/build/boomaga/src/build/src/boomaga/boomaga_uk_UA.qm'...
    Generated 168 translation(s) (168 finished and 0 unfinished)
    Ignored 29 untranslated source text(s)
[ 33%] Building CXX object src/boomaga/CMakeFiles/boomaga.dir/boomaga_autogen/mocs_compilation.cpp.o
[ 36%] Building CXX object src/boomaga/CMakeFiles/boomaga.dir/render.cpp.o
[ 36%] Building CXX object src/boomaga/CMakeFiles/boomaga.dir/main.cpp.o
[ 37%] Building CXX object src/boomaga/CMakeFiles/boomaga.dir/settings.cpp.o
[ 39%] Building CXX object src/boomaga/CMakeFiles/boomaga.dir/dbus.cpp.o
[ 40%] Building CXX object src/boomaga/CMakeFiles/boomaga.dir/__/common.cpp.o
[ 43%] Building CXX object src/boomaga/CMakeFiles/boomaga.dir/finddbusaddress.cpp.o
[ 43%] Building CXX object src/boomaga/CMakeFiles/boomaga.dir/kernel/sheet.cpp.o
[ 44%] Building CXX object src/boomaga/CMakeFiles/boomaga.dir/boomagatypes.cpp.o
[ 46%] Building CXX object src/boomaga/CMakeFiles/boomaga.dir/kernel/tmppdffile.cpp.o
[ 47%] Building CXX object src/boomaga/CMakeFiles/boomaga.dir/kernel/cupsprinteroptions.cpp.o
[ 50%] Building CXX object src/boomaga/CMakeFiles/boomaga.dir/kernel/project.cpp.o
[ 50%] Building CXX object src/boomaga/CMakeFiles/boomaga.dir/kernel/layout.cpp.o
[ 52%] Building CXX object src/boomaga/CMakeFiles/boomaga.dir/kernel/projectpage.cpp.o
[ 53%] Building CXX object src/boomaga/CMakeFiles/boomaga.dir/kernel/job.cpp.o
[ 55%] Building CXX object src/boomaga/CMakeFiles/boomaga.dir/kernel/pdfprocessor.cpp.o
[ 56%] Building CXX object src/boomaga/CMakeFiles/boomaga.dir/iofiles/infile.cpp.o
[ 59%] Building CXX object src/boomaga/CMakeFiles/boomaga.dir/iofiles/pdffile.cpp.o
[ 59%] Building CXX object src/boomaga/CMakeFiles/boomaga.dir/kernel/printer.cpp.o
[ 59%] Built target cups_backend
[ 60%] Building CXX object src/boomaga/CMakeFiles/boomaga.dir/iofiles/boofile.cpp.o
[ 62%] Building CXX object src/boomaga/CMakeFiles/boomaga.dir/iofiles/cupsboofile.cpp.o
[ 63%] Building CXX object src/boomaga/CMakeFiles/boomaga.dir/iofiles/postscriptfile.cpp.o
[ 65%] Building CXX object src/boomaga/CMakeFiles/boomaga.dir/gui/mainwindow.cpp.o
[ 66%] Building CXX object src/boomaga/CMakeFiles/boomaga.dir/gui/actions.cpp.o
[ 68%] Building CXX object src/boomaga/CMakeFiles/boomaga.dir/gui/icon.cpp.o
[ 69%] Building CXX object src/boomaga/CMakeFiles/boomaga.dir/gui/aboutdialog/aboutdialog.cpp.o
[ 71%] Building CXX object src/boomaga/CMakeFiles/boomaga.dir/gui/configdialog/configdialog.cpp.o
[ 72%] Building CXX object src/boomaga/CMakeFiles/boomaga.dir/gui/export/exporttopdf.cpp.o
[ 73%] Building CXX object src/boomaga/CMakeFiles/boomaga.dir/gui/printdialog/printdialog.cpp.o
[ 75%] Building CXX object src/boomaga/CMakeFiles/boomaga.dir/gui/printersettings/printersettings.cpp.o
[ 76%] Building CXX object src/boomaga/CMakeFiles/boomaga.dir/gui/widgets/pagelistview.cpp.o
[ 78%] Building CXX object src/boomaga/CMakeFiles/boomaga.dir/gui/widgets/joblistview.cpp.o
[ 79%] Building CXX object src/boomaga/CMakeFiles/boomaga.dir/gui/widgets/layoutradiobutton.cpp.o
[ 81%] Building CXX object src/boomaga/CMakeFiles/boomaga.dir/gui/widgets/printerscombobox.cpp.o
[ 82%] Building CXX object src/boomaga/CMakeFiles/boomaga.dir/gui/widgets/previewwidget.cpp.o
[ 84%] Building CXX object src/boomaga/CMakeFiles/boomaga.dir/gui/widgets/subbookletview.cpp.o
[ 85%] Building CXX object src/boomaga/CMakeFiles/boomaga.dir/translations/translatorsinfo/translatorsinfo.cpp.o
[ 86%] Building CXX object src/boomaga/CMakeFiles/boomaga.dir/pdfparser/pdfobject.cpp.o
[ 88%] Building CXX object src/boomaga/CMakeFiles/boomaga.dir/pdfparser/pdfreader.cpp.o
[ 89%] Building CXX object src/boomaga/CMakeFiles/boomaga.dir/pdfparser/pdfvalue.cpp.o
[ 91%] Building CXX object src/boomaga/CMakeFiles/boomaga.dir/pdfparser/pdfwriter.cpp.o
[ 92%] Building CXX object src/boomaga/CMakeFiles/boomaga.dir/pdfparser/pdfxref.cpp.o
[ 94%] Building CXX object src/boomaga/CMakeFiles/boomaga.dir/qrc_icons.cpp.o
[ 95%] Building CXX object src/boomaga/CMakeFiles/boomaga.dir/qrc_mainicon.cpp.o
[ 97%] Building CXX object src/boomaga/CMakeFiles/boomaga.dir/qrc_translatorsinfo.cpp.o
[ 98%] Linking CXX executable boomaga
[100%] Built target boomaga
