boost-python2-libs E: custom is not a valid SPDX license identifier. See https://spdx.org/licenses/ for valid identifiers, or prefix the identifier with 'LicenseRef-', if it is custom.
boost-python2-libs W: Referenced library 'libboost_python27.so.1.92.0' is an uninstalled dependency (needed in files ['usr/lib/libboost_numpy27.so.1.92.0'])
boost-python2-libs W: Unused shared library '/usr/lib/libboost_container.so.1.92.0' by file ('usr/lib/libboost_date_time.so.1.92.0')
boost-python2-libs W: Unused shared library '/usr/lib/libboost_math_tr1.so.1.92.0' by file ('usr/lib/libboost_graph.so.1.92.0')
boost-python2-libs W: Unused shared library '/usr/lib/libboost_random.so.1.92.0' by file ('usr/lib/libboost_graph.so.1.92.0')
boost-python2-libs W: Unused shared library '/usr/lib/libboost_serialization.so.1.92.0' by file ('usr/lib/libboost_graph.so.1.92.0')
boost-python2-libs W: Unused shared library '/usr/lib/libboost_thread.so.1.92.0' by file ('usr/lib/libboost_graph.so.1.92.0')
boost-python2-libs W: Unused shared library '/usr/lib/libboost_date_time.so.1.92.0' by file ('usr/lib/libboost_graph.so.1.92.0')
boost-python2-libs W: Unused shared library '/usr/lib/libboost_chrono.so.1.92.0' by file ('usr/lib/libboost_graph.so.1.92.0')
boost-python2-libs W: Unused shared library '/usr/lib/libboost_atomic.so.1.92.0' by file ('usr/lib/libboost_graph.so.1.92.0')
boost-python2-libs W: Unused shared library '/usr/lib/libboost_container.so.1.92.0' by file ('usr/lib/libboost_graph.so.1.92.0')
boost-python2-libs W: Unused shared library '/usr/lib/libboost_container.so.1.92.0' by file ('usr/lib/libboost_math_c99.so.1.92.0')
boost-python2-libs W: Unused shared library '/usr/lib/libboost_random.so.1.92.0' by file ('usr/lib/libboost_math_c99.so.1.92.0')
boost-python2-libs W: Unused shared library '/usr/lib/libboost_container.so.1.92.0' by file ('usr/lib/libboost_math_c99f.so.1.92.0')
boost-python2-libs W: Unused shared library '/usr/lib/libboost_random.so.1.92.0' by file ('usr/lib/libboost_math_c99f.so.1.92.0')
boost-python2-libs W: Unused shared library '/usr/lib/libboost_container.so.1.92.0' by file ('usr/lib/libboost_math_c99l.so.1.92.0')
boost-python2-libs W: Unused shared library '/usr/lib/libboost_random.so.1.92.0' by file ('usr/lib/libboost_math_c99l.so.1.92.0')
boost-python2-libs W: Unused shared library '/usr/lib/libboost_container.so.1.92.0' by file ('usr/lib/libboost_math_tr1.so.1.92.0')
boost-python2-libs W: Unused shared library '/usr/lib/libboost_random.so.1.92.0' by file ('usr/lib/libboost_math_tr1.so.1.92.0')
boost-python2-libs W: Unused shared library '/usr/lib/libboost_container.so.1.92.0' by file ('usr/lib/libboost_math_tr1f.so.1.92.0')
boost-python2-libs W: Unused shared library '/usr/lib/libboost_random.so.1.92.0' by file ('usr/lib/libboost_math_tr1f.so.1.92.0')
boost-python2-libs W: Unused shared library '/usr/lib/libboost_container.so.1.92.0' by file ('usr/lib/libboost_math_tr1l.so.1.92.0')
boost-python2-libs W: Unused shared library '/usr/lib/libboost_random.so.1.92.0' by file ('usr/lib/libboost_math_tr1l.so.1.92.0')
boost-python2-libs W: Unused shared library '/usr/lib/libboost_graph.so.1.92.0' by file ('usr/lib/libboost_numpy27.so.1.92.0')
boost-python2-libs W: Unused shared library '/usr/lib/libboost_serialization.so.1.92.0' by file ('usr/lib/libboost_numpy27.so.1.92.0')
boost-python2-libs W: Unused shared library '/usr/lib/libboost_thread.so.1.92.0' by file ('usr/lib/libboost_numpy27.so.1.92.0')
boost-python2-libs W: Unused shared library '/usr/lib/libboost_date_time.so.1.92.0' by file ('usr/lib/libboost_numpy27.so.1.92.0')
boost-python2-libs W: Unused shared library '/usr/lib/libboost_chrono.so.1.92.0' by file ('usr/lib/libboost_numpy27.so.1.92.0')
boost-python2-libs W: Unused shared library '/usr/lib/libboost_atomic.so.1.92.0' by file ('usr/lib/libboost_numpy27.so.1.92.0')
boost-python2-libs W: Unused shared library '/usr/lib/libboost_math_tr1.so.1.92.0' by file ('usr/lib/libboost_numpy27.so.1.92.0')
boost-python2-libs W: Unused shared library '/usr/lib/libboost_random.so.1.92.0' by file ('usr/lib/libboost_numpy27.so.1.92.0')
boost-python2-libs W: Unused shared library '/usr/lib/libboost_container.so.1.92.0' by file ('usr/lib/libboost_numpy27.so.1.92.0')
boost-python2-libs W: Unused shared library '/usr/lib/libboost_graph.so.1.92.0' by file ('usr/lib/libboost_python27.so.1.92.0')
boost-python2-libs W: Unused shared library '/usr/lib/libboost_serialization.so.1.92.0' by file ('usr/lib/libboost_python27.so.1.92.0')
boost-python2-libs W: Unused shared library '/usr/lib/libboost_thread.so.1.92.0' by file ('usr/lib/libboost_python27.so.1.92.0')
boost-python2-libs W: Unused shared library '/usr/lib/libboost_date_time.so.1.92.0' by file ('usr/lib/libboost_python27.so.1.92.0')
boost-python2-libs W: Unused shared library '/usr/lib/libboost_chrono.so.1.92.0' by file ('usr/lib/libboost_python27.so.1.92.0')
boost-python2-libs W: Unused shared library '/usr/lib/libboost_atomic.so.1.92.0' by file ('usr/lib/libboost_python27.so.1.92.0')
boost-python2-libs W: Unused shared library '/usr/lib/libboost_math_tr1.so.1.92.0' by file ('usr/lib/libboost_python27.so.1.92.0')
boost-python2-libs W: Unused shared library '/usr/lib/libboost_random.so.1.92.0' by file ('usr/lib/libboost_python27.so.1.92.0')
boost-python2-libs W: Unused shared library '/usr/lib/libboost_container.so.1.92.0' by file ('usr/lib/libboost_python27.so.1.92.0')
boost-python2-libs W: Unused shared library '/usr/lib/libboost_thread.so.1.92.0' by file ('usr/lib/libboost_serialization.so.1.92.0')
boost-python2-libs W: Unused shared library '/usr/lib/libboost_date_time.so.1.92.0' by file ('usr/lib/libboost_serialization.so.1.92.0')
boost-python2-libs W: Unused shared library '/usr/lib/libboost_chrono.so.1.92.0' by file ('usr/lib/libboost_serialization.so.1.92.0')
boost-python2-libs W: Unused shared library '/usr/lib/libboost_atomic.so.1.92.0' by file ('usr/lib/libboost_serialization.so.1.92.0')
boost-python2-libs W: Unused shared library '/usr/lib/libboost_container.so.1.92.0' by file ('usr/lib/libboost_serialization.so.1.92.0')
boost-python2-libs W: Unused shared library '/usr/lib/libboost_atomic.so.1.92.0' by file ('usr/lib/libboost_thread.so.1.92.0')
boost-python2-libs W: Unused shared library '/usr/lib/libboost_chrono.so.1.92.0' by file ('usr/lib/libboost_thread.so.1.92.0')
boost-python2-libs W: Unused shared library '/usr/lib/libboost_date_time.so.1.92.0' by file ('usr/lib/libboost_thread.so.1.92.0')
boost-python2-libs W: Unused shared library '/usr/lib/libboost_container.so.1.92.0' by file ('usr/lib/libboost_thread.so.1.92.0')
boost-python2-libs W: Unused shared library '/usr/lib/libboost_thread.so.1.92.0' by file ('usr/lib/libboost_wserialization.so.1.92.0')
boost-python2-libs W: Unused shared library '/usr/lib/libboost_date_time.so.1.92.0' by file ('usr/lib/libboost_wserialization.so.1.92.0')
boost-python2-libs W: Unused shared library '/usr/lib/libboost_chrono.so.1.92.0' by file ('usr/lib/libboost_wserialization.so.1.92.0')
boost-python2-libs W: Unused shared library '/usr/lib/libboost_atomic.so.1.92.0' by file ('usr/lib/libboost_wserialization.so.1.92.0')
boost-python2-libs W: Unused shared library '/usr/lib/libboost_container.so.1.92.0' by file ('usr/lib/libboost_wserialization.so.1.92.0')
boost-python2-libs E: Dependency boost-libs detected and not included (libraries ['usr/lib/libboost_graph.so.1.92.0', 'usr/lib/libboost_container.so.1.92.0', 'usr/lib/libboost_atomic.so.1.92.0', 'usr/lib/libboost_math_tr1.so.1.92.0', 'usr/lib/libboost_chrono.so.1.92.0', 'usr/lib/libboost_serialization.so.1.92.0', 'usr/lib/libboost_date_time.so.1.92.0', 'usr/lib/libboost_random.so.1.92.0', 'usr/lib/libboost_thread.so.1.92.0'] needed in files ['usr/lib/libboost_math_tr1f.so.1.92.0', 'usr/lib/libboost_graph.so.1.92.0', 'usr/lib/libboost_math_tr1.so.1.92.0', 'usr/lib/libboost_math_c99.so.1.92.0', 'usr/lib/libboost_serialization.so.1.92.0', 'usr/lib/libboost_math_tr1l.so.1.92.0', 'usr/lib/libboost_wserialization.so.1.92.0', 'usr/lib/libboost_numpy27.so.1.92.0', 'usr/lib/libboost_math_c99f.so.1.92.0', 'usr/lib/libboost_python27.so.1.92.0', 'usr/lib/libboost_math_c99l.so.1.92.0', 'usr/lib/libboost_date_time.so.1.92.0', 'usr/lib/libboost_thread.so.1.92.0'])
boost-python2-libs W: Dependency libstdc++ detected and implicitly satisfied (libraries ['usr/lib/libstdc++.so.6'] needed in files ['usr/lib/libboost_math_tr1f.so.1.92.0', 'usr/lib/libboost_graph.so.1.92.0', 'usr/lib/libboost_math_tr1.so.1.92.0', 'usr/lib/libboost_math_c99.so.1.92.0', 'usr/lib/libboost_chrono.so.1.92.0', 'usr/lib/libboost_serialization.so.1.92.0', 'usr/lib/libboost_random.so.1.92.0', 'usr/lib/libboost_math_tr1l.so.1.92.0', 'usr/lib/libboost_wserialization.so.1.92.0', 'usr/lib/libboost_numpy27.so.1.92.0', 'usr/lib/libboost_math_c99f.so.1.92.0', 'usr/lib/libboost_python27.so.1.92.0', 'usr/lib/libboost_container.so.1.92.0', 'usr/lib/libboost_math_c99l.so.1.92.0', 'usr/lib/libboost_atomic.so.1.92.0', 'usr/lib/libboost_thread.so.1.92.0'])
boost-python2-libs W: Dependency libgcc detected and implicitly satisfied (libraries ['usr/lib/libgcc_s.so.1'] needed in files ['usr/lib/libboost_math_tr1l.so.1.92.0', 'usr/lib/libboost_wserialization.so.1.92.0', 'usr/lib/libboost_numpy27.so.1.92.0', 'usr/lib/libboost_math_tr1f.so.1.92.0', 'usr/lib/libboost_graph.so.1.92.0', 'usr/lib/libboost_container.so.1.92.0', 'usr/lib/libboost_python27.so.1.92.0', 'usr/lib/libboost_math_tr1.so.1.92.0', 'usr/lib/libboost_chrono.so.1.92.0', 'usr/lib/libboost_serialization.so.1.92.0', 'usr/lib/libboost_random.so.1.92.0', 'usr/lib/libboost_thread.so.1.92.0'])
boost-python2-libs W: Dependency included, but may not be needed ('gcc-libs')
