-- The CXX compiler identification is GNU 16.2.1
-- The C compiler identification is GNU 16.2.1
-- Detecting CXX compiler ABI info
-- Detecting CXX compiler ABI info - done
-- Check for working CXX compiler: /usr/bin/c++ - skipped
-- Detecting CXX compile features
-- Detecting CXX compile features - done
-- Detecting C compiler ABI info
-- Detecting C compiler ABI info - done
-- Check for working C compiler: /usr/bin/cc - skipped
-- Detecting C compile features
-- Detecting C compile features - done
-- Performing Test CMAKE_HAVE_LIBC_PTHREAD
-- Performing Test CMAKE_HAVE_LIBC_PTHREAD - Success
-- Found Threads: TRUE
-- Found BISON: /usr/bin/bison (found suitable version "3.8.2", minimum required is "3.4")
-- Found FLEX: /usr/bin/flex (found version "2.6.4")
-- Found ZLIB: /usr/lib/libz.so (found version "1.3.2")
-- Configuring done (0.8s)
-- Generating done (0.0s)
-- Build files have been written to: /build/chuffed/src/build
[  1%] [BISON][FZNParser] Building parser with bison 3.8.2
[  3%] [FLEX][FZNLexer] Building scanner with flex 2.6.4
[  3%] Built target thirdparty_cp_profiler
[  4%] Building CXX object CMakeFiles/thirdparty_murmur.dir/thirdparty/MurmurHash3/MurmurHash3.cpp.o
[  4%] Built target thirdparty_murmur
[  6%] Building CXX object CMakeFiles/chuffed.dir/chuffed/vars/int-var-el.cpp.o
[  6%] Building CXX object CMakeFiles/chuffed.dir/chuffed/vars/modelling.cpp.o
[  8%] Building CXX object CMakeFiles/chuffed.dir/chuffed/globals/mddglobals.cpp.o
[ 13%] Building CXX object CMakeFiles/chuffed.dir/chuffed/vars/int-var.cpp.o
[ 13%] Building CXX object CMakeFiles/chuffed.dir/chuffed/vars/int-var-sl.cpp.o
[ 13%] Building CXX object CMakeFiles/chuffed.dir/chuffed/vars/bool-view.cpp.o
[ 14%] Building CXX object CMakeFiles/chuffed.dir/chuffed/globals/blackbox.cpp.o
[ 14%] Building CXX object CMakeFiles/chuffed.dir/chuffed/ldsb/ldsb.cpp.o
[ 16%] Building CXX object CMakeFiles/chuffed.dir/chuffed/vars/int-var-ll.cpp.o
[ 18%] Building CXX object CMakeFiles/chuffed.dir/chuffed/globals/subcircuit.cpp.o
[ 19%] Building CXX object CMakeFiles/chuffed.dir/chuffed/globals/linear-bool.cpp.o
[ 21%] Building CXX object CMakeFiles/chuffed.dir/chuffed/globals/linear-bool-decomp.cpp.o
[ 22%] Building CXX object CMakeFiles/chuffed.dir/chuffed/globals/sym-break.cpp.o
[ 22%] Building CXX object CMakeFiles/chuffed.dir/chuffed/globals/circuit.cpp.o
[ 24%] Building CXX object CMakeFiles/chuffed.dir/chuffed/globals/well-founded.cpp.o
[ 26%] Building CXX object CMakeFiles/chuffed.dir/chuffed/globals/minimum.cpp.o
[ 27%] Building CXX object CMakeFiles/chuffed.dir/chuffed/globals/bool_arg_max.cpp.o
[ 27%] Building CXX object CMakeFiles/chuffed.dir/chuffed/globals/template.cpp.o
[ 29%] Building CXX object CMakeFiles/chuffed.dir/chuffed/globals/alldiff.cpp.o
[ 31%] Building CXX object CMakeFiles/flatzinc_parser.dir/lexer.yy.cpp.o
[ 32%] Building CXX object CMakeFiles/chuffed.dir/chuffed/globals/directives.cpp.o
[ 34%] Building CXX object CMakeFiles/chuffed.dir/chuffed/globals/cumulative.cpp.o
[ 36%] Building CXX object CMakeFiles/flatzinc_parser.dir/parser.tab.cpp.o
[ 37%] Building CXX object CMakeFiles/chuffed.dir/chuffed/globals/cumulativeCalendar.cpp.o
[ 39%] Building CXX object CMakeFiles/chuffed.dir/chuffed/globals/disjunctive.cpp.o
[ 39%] Building CXX object CMakeFiles/chuffed.dir/chuffed/globals/regular.cpp.o
/build/chuffed/src/chuffed/chuffed/globals/blackbox.cpp: In constructor ‘BlackBoxExec::BlackBoxExec(const std::string&, const std::vector<std::__cxx11::basic_string<char> >&)’:
/build/chuffed/src/chuffed/chuffed/globals/blackbox.cpp:242:13: warning: ignoring return value of ‘int pipe(int*)’ declared with attribute ‘warn_unused_result’ [-Wunused-result]
  242 |         pipe(child_in);
      |         ~~~~^~~~~~~~~~
/build/chuffed/src/chuffed/chuffed/globals/blackbox.cpp:243:13: warning: ignoring return value of ‘int pipe(int*)’ declared with attribute ‘warn_unused_result’ [-Wunused-result]
  243 |         pipe(child_out);
      |         ~~~~^~~~~~~~~~~
[ 40%] Building CXX object CMakeFiles/chuffed.dir/chuffed/globals/lex.cpp.o
[ 42%] Building CXX object CMakeFiles/chuffed.dir/chuffed/globals/table.cpp.o
[ 44%] Building CXX object CMakeFiles/chuffed.dir/chuffed/globals/edit_distance.cpp.o
[ 45%] Building CXX object CMakeFiles/chuffed.dir/chuffed/globals/EdExplFinder.cpp.o
[ 47%] Building CXX object CMakeFiles/chuffed.dir/chuffed/globals/value-precede.cpp.o
[ 47%] Building CXX object CMakeFiles/chuffed.dir/chuffed/globals/graph.cpp.o
[ 49%] Building CXX object CMakeFiles/chuffed.dir/chuffed/globals/tree.cpp.o
[ 52%] Building CXX object CMakeFiles/chuffed.dir/chuffed/globals/minimum_weight_tree.cpp.o
[ 52%] Building CXX object CMakeFiles/chuffed.dir/chuffed/globals/mst.cpp.o
[ 54%] Building CXX object CMakeFiles/chuffed.dir/chuffed/globals/dconnected.cpp.o
[ 54%] Building CXX object CMakeFiles/chuffed.dir/chuffed/globals/dtree.cpp.o
[ 55%] Building CXX object CMakeFiles/chuffed.dir/chuffed/globals/dag.cpp.o
[ 57%] Building CXX object CMakeFiles/chuffed.dir/chuffed/globals/bounded_path.cpp.o
[ 59%] Building CXX object CMakeFiles/chuffed.dir/chuffed/mdd/MDD.cpp.o
[ 60%] Building CXX object CMakeFiles/chuffed.dir/chuffed/mdd/mdd_prop.cpp.o
[ 62%] Building CXX object CMakeFiles/chuffed.dir/chuffed/mdd/mdd_to_lgraph.cpp.o
[ 62%] Building CXX object CMakeFiles/chuffed.dir/chuffed/mdd/opcache.cpp.o
[ 63%] Building CXX object CMakeFiles/chuffed.dir/chuffed/mdd/weighted_dfa.cpp.o
[ 65%] Building CXX object CMakeFiles/chuffed.dir/chuffed/mdd/wmdd_prop.cpp.o
[ 67%] Building CXX object CMakeFiles/chuffed.dir/chuffed/mip/mip.cpp.o
[ 68%] Building CXX object CMakeFiles/chuffed.dir/chuffed/mip/recalc.cpp.o
[ 68%] Building CXX object CMakeFiles/chuffed.dir/chuffed/mip/simplex.cpp.o
[ 70%] Building CXX object CMakeFiles/chuffed.dir/chuffed/primitives/element.cpp.o
[ 72%] Building CXX object CMakeFiles/chuffed.dir/chuffed/primitives/bool.cpp.o
[ 73%] Building CXX object CMakeFiles/chuffed.dir/chuffed/primitives/arithmetic.cpp.o
[ 75%] Building CXX object CMakeFiles/chuffed.dir/chuffed/primitives/linear.cpp.o
[ 77%] Building CXX object CMakeFiles/chuffed.dir/chuffed/primitives/domain.cpp.o
[ 77%] Building CXX object CMakeFiles/chuffed.dir/chuffed/primitives/binary.cpp.o
[ 78%] Building CXX object CMakeFiles/chuffed.dir/chuffed/branching/branching.cpp.o
[ 80%] Building CXX object CMakeFiles/chuffed.dir/chuffed/core/init.cpp.o
[ 81%] Building CXX object CMakeFiles/chuffed.dir/chuffed/core/stats.cpp.o
[ 83%] Building CXX object CMakeFiles/chuffed.dir/chuffed/core/engine.cpp.o
[ 85%] Building CXX object CMakeFiles/chuffed.dir/chuffed/core/options.cpp.o
[ 85%] Building CXX object CMakeFiles/chuffed.dir/chuffed/core/sat.cpp.o
[ 86%] Building CXX object CMakeFiles/chuffed.dir/chuffed/core/conflict.cpp.o
[ 88%] Building CXX object CMakeFiles/chuffed.dir/chuffed/support/union_find.cpp.o
[ 90%] Building CXX object CMakeFiles/chuffed.dir/chuffed/support/lengauer_tarjan.cpp.o
[ 91%] Building CXX object CMakeFiles/chuffed.dir/chuffed/support/dijkstra.cpp.o
[ 91%] Building CXX object CMakeFiles/chuffed.dir/chuffed/support/kosaraju_scc.cpp.o
[ 91%] Built target flatzinc_parser
[ 93%] Building CXX object CMakeFiles/chuffed_fzn.dir/chuffed/flatzinc/registry.cpp.o
[ 95%] Building CXX object CMakeFiles/chuffed_fzn.dir/chuffed/flatzinc/flatzinc.cpp.o
[ 96%] Linking CXX static library libchuffed.a
[ 96%] Built target chuffed
[ 98%] Linking CXX static library libchuffed_fzn.a
[ 98%] Built target chuffed_fzn
[ 98%] Building CXX object CMakeFiles/fzn-chuffed.dir/chuffed/flatzinc/fzn-chuffed.cpp.o
[100%] Linking CXX executable fzn-chuffed
/usr/src/debug/chuffed/chuffed/chuffed/core/options.h:18:7: warning: type ‘struct Options’ violates the C++ One Definition Rule [-Wodr]
/usr/src/debug/chuffed/chuffed/chuffed/core/options.h:18:7: note: a different type is defined in another translation unit
/usr/src/debug/chuffed/chuffed/chuffed/core/options.h:145:7: note: the first difference of corresponding definitions is field ‘cpprofiler_enabled’
/usr/src/debug/chuffed/chuffed/chuffed/core/options.h:18:7: note: a type with different number of fields is defined in another translation unit
/usr/src/debug/chuffed/chuffed/chuffed/globals/alldiff.cpp:403:8: warning: type ‘struct Node’ violates the C++ One Definition Rule [-Wodr]
/usr/src/debug/chuffed/chuffed/chuffed/mdd/wmdd_prop.h:50:8: note: a different type is defined in another translation unit
/usr/src/debug/chuffed/chuffed/chuffed/globals/alldiff.cpp:408:6: note: the first difference of corresponding definitions is field ‘next’
/usr/src/debug/chuffed/chuffed/chuffed/mdd/wmdd_prop.h:52:6: note: a field with different name is defined in another translation unit
/usr/src/debug/chuffed/chuffed/chuffed/core/options.h:153:16: warning: ‘so’ violates the C++ One Definition Rule [-Wodr]
/usr/src/debug/chuffed/chuffed/chuffed/core/options.h:18:7: note: type ‘struct Options’ itself violates the C++ One Definition Rule
/usr/src/debug/chuffed/chuffed/chuffed/core/options.cpp:15:9: note: ‘so’ was previously declared here
[100%] Built target fzn-chuffed
