-- The C compiler identification is GNU 16.2.1
-- The CXX compiler identification is GNU 16.2.1
-- Detecting C compiler ABI info
-- Detecting C compiler ABI info - done
-- Check for working C compiler: /usr/bin/cc - skipped
-- Detecting C compile features
-- Detecting C compile features - done
-- Detecting CXX compiler ABI info
-- Detecting CXX compiler ABI info - done
-- Check for working CXX compiler: /usr/bin/c++ - skipped
-- Detecting CXX compile features
-- Detecting CXX compile features - done
-- Found PkgConfig: /usr/bin/pkg-config (found version "3.0.7")
-- Found git: /usr/bin/git
-- Found OpenGL: /usr/lib/libGL.so
-- Found Boost: /usr/lib/cmake/Boost-1.92.0/BoostConfig.cmake (found version "1.92.0")
-- Found Gettext: /usr/bin/msgmerge (found version "1.0")
-- Found ZLIB: /usr/lib/libz.so (found version "1.3.2")
-- Performing Test CMAKE_HAVE_LIBC_PTHREAD
-- Performing Test CMAKE_HAVE_LIBC_PTHREAD - Success
-- Found Threads: TRUE
-- Found ALSA: /usr/lib/libasound.so (found version "1.2.16.1")
-- Found X11: /usr/include
-- Looking for XOpenDisplay in /usr/lib/libX11.so;/usr/lib/libXext.so
-- Looking for XOpenDisplay in /usr/lib/libX11.so;/usr/lib/libXext.so - found
-- Looking for gethostbyname
-- Looking for gethostbyname - found
-- Looking for connect
-- Looking for connect - found
-- Looking for remove
-- Looking for remove - found
-- Looking for shmat
-- Looking for shmat - found
-- Looking for IceConnectionNumber in ICE
-- Looking for IceConnectionNumber in ICE - found
-- Checking for module 'libcdio'
--   Found libcdio, version 2.4.0
-- Checking for module 'libchromaprint'
--   Found libchromaprint, version 1.6.1
-- Checking for module 'gio-2.0'
--   Found gio-2.0, version 2.88.3
-- Checking for module 'glib-2.0'
--   Found glib-2.0, version 2.88.3
-- Checking for module 'gobject-2.0'
--   Found gobject-2.0, version 2.88.3
-- Checking for module 'gstreamer-1.0'
--   Found gstreamer-1.0, version 1.28.7
-- Checking for module 'gstreamer-app-1.0'
--   Found gstreamer-app-1.0, version 1.28.7
-- Checking for module 'gstreamer-audio-1.0'
--   Found gstreamer-audio-1.0, version 1.28.7
-- Checking for module 'gstreamer-base-1.0'
--   Found gstreamer-base-1.0, version 1.28.7
-- Checking for module 'gstreamer-tag-1.0'
--   Found gstreamer-tag-1.0, version 1.28.7
-- Checking for module 'gstreamer-pbutils-1.0'
--   Found gstreamer-pbutils-1.0, version 1.28.7
-- Checking for module 'libgpod-1.0>=0.7.92'
--   Package 'libgpod-1.0' not found
-- Checking for module 'libmtp>=1.0'
--   Package 'libmtp' not found
-- Checking for module 'libmygpo-qt5>=1.0.9'
--   Package 'libmygpo-qt5' not found
-- Checking for module 'libpulse'
--   Found libpulse, version 17.0-98-gb096
-- Checking for module 'libxml-2.0'
--   Found libxml-2.0, version 2.15.4
-- Checking for module 'taglib'
--   Found taglib, version 2.3.2
-- Performing Test HAVE_STDATOMIC
-- Performing Test HAVE_STDATOMIC - Success
-- Found WrapAtomic: TRUE
-- Found WrapOpenGL: TRUE
-- Found WrapVulkanHeaders: /usr/include
-- Using system taglib library
-- Performing Test TAGLIB_HAS_OPUS
-- Performing Test TAGLIB_HAS_OPUS - Success
-- Using system projectM library
-- Performing Test GNUCXX_HAS_WLOGICAL_OP
-- Performing Test GNUCXX_HAS_WLOGICAL_OP - Success
-- Found OpenGL: /usr/lib/libGLESv2.so
-- Performing Test SUPPORTS_NOBOOL
-- Performing Test SUPPORTS_NOBOOL - Success
-- Looking for backtrace
-- Looking for backtrace - found
-- backtrace facility detected in default set of libraries
-- Found Backtrace: /usr/include

Building Clementine version: 1.4.1-283-gd1eea8132

The following components will be built:
   ALSA integration
   D-Bus support
   Devices: Audio CD support
   Devices: GIO device backend
   Devices: UDisks2 backend
   Moodbar support
   Pulse audio integration
   Translations
   Visualisations

The following components WILL NOT be built:
   Box support (disabled in CMake config)
   Crash reporting (disabled in CMake config)
   Devices: MTP support (disabled in CMake config)
   Devices: iPod classic support (disabled in CMake config)
   Dropbox support (disabled in CMake config)
   Google Drive support (disabled in CMake config)
   Seafile support (disabled in CMake config)
   Skydrive support (disabled in CMake config)
   Sparkle integration (disabled in CMake config)
   Wiimote support (disabled in CMake config)

-- Configuring done (3.4s)
-- Generating done (0.5s)
CMake Warning (unused-cli):
  Manually-specified variables were not used by the project:

    ENABLE_LIBLASTFM


-- Build files have been written to: /build/clementine-git/src/build
[  0%] Generating moc_qbutton.cpp
[  0%] Generating moc_smain.cpp
[  0%] Generating moc_qtsinglecoreapplication.cpp
[  0%] Generating qrc_qprogressindicatorspinning_nonmac.cpp
[  0%] Generating moc_qtiocompressor.cpp
[  0%] Generating moc_qxtglobalshortcut.cpp
[  0%] Generating moc_qsearchfield.cpp
[  0%] Generating moc_qprogressindicatorspinning.cpp
[  0%] Generating moc_qsql_sqlite.cpp
[  0%] Generating moc_qtsingleapplication.cpp
[  0%] Generating moc_Tag_p.cpp
[  0%] Generating moc_AddRemoveResult_p.cpp
[  0%] Generating moc_DeviceList.cpp
[  0%] Generating moc_AddRemoveResult.cpp
[  0%] Generating moc_qtlocalpeer.cpp
[  0%] Generating moc_Device.cpp
[  0%] Generating core/moc_workerpool.cpp
[  1%] Generating core/moc_latch.cpp
[  1%] Generating core/moc_messagehandler.cpp
[  1%] Generating moc_DeviceList_p.cpp
[  1%] Generating moc_DeviceSyncResult.cpp
[  1%] Generating core/moc_messagereply.cpp
[  1%] Building CXX object gst/moodbar/CMakeFiles/gstmoodbar.dir/gstfastspectrum.cpp.o
[  1%] Generating moc_DeviceSyncResult_p.cpp
[  1%] Generating moc_Episode.cpp
[  1%] Generating moc_DeviceUpdates.cpp
[  1%] Building CXX object gst/moodbar/CMakeFiles/gstmoodbar.dir/plugin.cpp.o
[  1%] Generating moc_DeviceUpdates_p.cpp
[  2%] Generating moc_Device_p.cpp
[  2%] Generating moc_EpisodeAction_p.cpp
[  2%] Generating moc_EpisodeActionList.cpp
[  2%] Generating moc_EpisodeActionList_p.cpp
[  2%] Generating moc_EpisodeList.cpp
[  2%] Generating moc_EpisodeAction.cpp
[  2%] Building CXX object 3rdparty/qtiocompressor/CMakeFiles/qtiocompressor.dir/qtiocompressor.cpp.o
[  2%] Generating moc_EpisodeList_p.cpp
[  2%] Generating moc_Episode_p.cpp
[  2%] Building CXX object 3rdparty/qxt/CMakeFiles/qxt.dir/qxtglobal.cpp.o
[  2%] Building CXX object 3rdparty/qxt/CMakeFiles/qxt.dir/qxtglobalshortcut.cpp.o
[  2%] Building CXX object 3rdparty/qsqlite/CMakeFiles/qsqlite.dir/qsql_sqlite.cpp.o
[  2%] Generating moc_Podcast.cpp
[  2%] Building CXX object 3rdparty/qtsingleapplication/CMakeFiles/qtsingleapplication.dir/qtlocalpeer.cpp.o
[  2%] Building CXX object 3rdparty/qocoa/CMakeFiles/Qocoa.dir/qsearchfield_nonmac.cpp.o
[  3%] Building CXX object 3rdparty/qxt/CMakeFiles/qxt.dir/qxtglobalshortcut_x11.cpp.o
[  3%] Building CXX object 3rdparty/qxt/CMakeFiles/qxt.dir/moc_qxtglobalshortcut.cpp.o
[  3%] Building CXX object 3rdparty/qsqlite/CMakeFiles/qsqlite.dir/clementinesqlcachedresult.cpp.o
[  3%] Building CXX object 3rdparty/qsqlite/CMakeFiles/qsqlite.dir/moc_qsql_sqlite.cpp.o
[  3%] Building CXX object 3rdparty/qsqlite/CMakeFiles/qsqlite.dir/smain.cpp.o
[  3%] Building CXX object 3rdparty/qocoa/CMakeFiles/Qocoa.dir/qprogressindicatorspinning_nonmac.cpp.o
[  3%] Building CXX object 3rdparty/qocoa/CMakeFiles/Qocoa.dir/qbutton_nonmac.cpp.o
[  3%] Building CXX object 3rdparty/qtsingleapplication/CMakeFiles/qtsingleapplication.dir/qtsingleapplication.cpp.o
[  3%] Building CXX object ext/libclementine-common/CMakeFiles/libclementine-common.dir/core/latch.cpp.o
[  3%] Building CXX object ext/libclementine-common/CMakeFiles/libclementine-common.dir/core/closure.cpp.o
[  3%] Building CXX object 3rdparty/qsqlite/CMakeFiles/qsqlite.dir/moc_smain.cpp.o
[  3%] Generating moc_PodcastList.cpp
[  3%] Generating moc_PodcastList_p.cpp
[  3%] Generating moc_Podcast_p.cpp
[  3%] Generating moc_Settings.cpp
[  3%] Generating moc_Settings_p.cpp
[  4%] Generating moc_Tag.cpp
[  4%] Generating moc_TagList.cpp
[  4%] Generating moc_TagList_p.cpp
[  4%] Building CXX object 3rdparty/libmygpo-qt5/src/CMakeFiles/mygpo-qt5.dir/Config.cpp.o
[  4%] Building CXX object 3rdparty/libmygpo-qt5/src/CMakeFiles/mygpo-qt5.dir/DeviceSyncResult.cpp.o
[  4%] Building CXX object ext/libclementine-common/CMakeFiles/libclementine-common.dir/core/logging.cpp.o
[  4%] Building CXX object 3rdparty/libmygpo-qt5/src/CMakeFiles/mygpo-qt5.dir/Settings.cpp.o
[  4%] Building CXX object 3rdparty/qtiocompressor/CMakeFiles/qtiocompressor.dir/moc_qtiocompressor.cpp.o
[  4%] Building CXX object 3rdparty/libmygpo-qt5/src/CMakeFiles/mygpo-qt5.dir/AddRemoveResult.cpp.o
[  4%] Building CXX object 3rdparty/qocoa/CMakeFiles/Qocoa.dir/moc_qsearchfield.cpp.o
[  4%] Linking CXX static library libgstmoodbar.a
[  4%] Building CXX object 3rdparty/qtsingleapplication/CMakeFiles/qtsingleapplication.dir/qtsinglecoreapplication.cpp.o
[  4%] Built target gstmoodbar
[  4%] Building CXX object 3rdparty/qocoa/CMakeFiles/Qocoa.dir/moc_qbutton.cpp.o
[  4%] Building CXX object 3rdparty/libmygpo-qt5/src/CMakeFiles/mygpo-qt5.dir/Tag.cpp.o
[  4%] Building CXX object ext/libclementine-common/CMakeFiles/libclementine-common.dir/core/messagehandler.cpp.o
[  4%] Linking CXX static library libqxt.a
[  4%] Building CXX object ext/libclementine-common/CMakeFiles/libclementine-common.dir/core/messagereply.cpp.o
[  4%] Building CXX object ext/libclementine-common/CMakeFiles/libclementine-common.dir/core/waitforsignal.cpp.o
[  4%] Built target qxt
[  4%] Building CXX object 3rdparty/qtsingleapplication/CMakeFiles/qtsingleapplication.dir/moc_qtlocalpeer.cpp.o
[  4%] Building CXX object 3rdparty/qocoa/CMakeFiles/Qocoa.dir/moc_qprogressindicatorspinning.cpp.o
[  4%] Building CXX object 3rdparty/libmygpo-qt5/src/CMakeFiles/mygpo-qt5.dir/JsonCreator.cpp.o
[  4%] Building CXX object 3rdparty/libmygpo-qt5/src/CMakeFiles/mygpo-qt5.dir/Podcast.cpp.o
[  4%] Linking CXX static library libqsqlite.a
[  4%] Built target qsqlite
[  4%] Building CXX object 3rdparty/libmygpo-qt5/src/CMakeFiles/mygpo-qt5.dir/Episode.cpp.o
[  4%] Building CXX object 3rdparty/qocoa/CMakeFiles/Qocoa.dir/qrc_qprogressindicatorspinning_nonmac.cpp.o
[  4%] Building CXX object ext/libclementine-common/CMakeFiles/libclementine-common.dir/core/workerpool.cpp.o
[  4%] Building CXX object 3rdparty/libmygpo-qt5/src/CMakeFiles/mygpo-qt5.dir/EpisodeAction.cpp.o
[  4%] Building CXX object 3rdparty/qtsingleapplication/CMakeFiles/qtsingleapplication.dir/moc_qtsingleapplication.cpp.o
[  4%] Building CXX object ext/libclementine-common/CMakeFiles/libclementine-common.dir/core/moc_latch.cpp.o
[  5%] Building CXX object 3rdparty/libmygpo-qt5/src/CMakeFiles/mygpo-qt5.dir/EpisodeActionList.cpp.o
[  6%] Linking CXX static library libqtiocompressor.a
[  6%] Built target qtiocompressor
[  6%] Building CXX object 3rdparty/qtsingleapplication/CMakeFiles/qtsingleapplication.dir/moc_qtsinglecoreapplication.cpp.o
[  6%] Building CXX object 3rdparty/libmygpo-qt5/src/CMakeFiles/mygpo-qt5.dir/ApiRequest.cpp.o
[  6%] Building CXX object ext/libclementine-common/CMakeFiles/libclementine-common.dir/core/moc_messagehandler.cpp.o
[  6%] Building CXX object ext/libclementine-common/CMakeFiles/libclementine-common.dir/core/moc_messagereply.cpp.o
[  6%] Building CXX object ext/libclementine-common/CMakeFiles/libclementine-common.dir/core/moc_workerpool.cpp.o
[  6%] Building CXX object 3rdparty/libmygpo-qt5/src/CMakeFiles/mygpo-qt5.dir/RequestHandler.cpp.o
[  6%] Building CXX object 3rdparty/libmygpo-qt5/src/CMakeFiles/mygpo-qt5.dir/UrlBuilder.cpp.o
[  6%] Building CXX object 3rdparty/libmygpo-qt5/src/CMakeFiles/mygpo-qt5.dir/TagList.cpp.o
[  6%] Building CXX object 3rdparty/libmygpo-qt5/src/CMakeFiles/mygpo-qt5.dir/EpisodeList.cpp.o
[  6%] Building CXX object 3rdparty/libmygpo-qt5/src/CMakeFiles/mygpo-qt5.dir/PodcastList.cpp.o
[  6%] Building CXX object 3rdparty/libmygpo-qt5/src/CMakeFiles/mygpo-qt5.dir/DeviceUpdates.cpp.o
[  6%] Building CXX object 3rdparty/libmygpo-qt5/src/CMakeFiles/mygpo-qt5.dir/DeviceList.cpp.o
[  6%] Building CXX object 3rdparty/libmygpo-qt5/src/CMakeFiles/mygpo-qt5.dir/Device.cpp.o
[  6%] Linking CXX static library libQocoa.a
[  6%] Built target Qocoa
[  6%] Building CXX object 3rdparty/libmygpo-qt5/src/CMakeFiles/mygpo-qt5.dir/qjsonwrapper/Json.cpp.o
[  6%] Building CXX object 3rdparty/libmygpo-qt5/src/CMakeFiles/mygpo-qt5.dir/moc_Podcast.cpp.o
[  6%] Building CXX object 3rdparty/libmygpo-qt5/src/CMakeFiles/mygpo-qt5.dir/moc_Podcast_p.cpp.o
[  6%] Linking CXX static library libqtsingleapplication.a
[  6%] Built target qtsingleapplication
[  6%] Building CXX object 3rdparty/libmygpo-qt5/src/CMakeFiles/mygpo-qt5.dir/moc_PodcastList.cpp.o
[  6%] Building CXX object 3rdparty/libmygpo-qt5/src/CMakeFiles/mygpo-qt5.dir/moc_PodcastList_p.cpp.o
[  7%] Building CXX object 3rdparty/libmygpo-qt5/src/CMakeFiles/mygpo-qt5.dir/moc_Episode.cpp.o
[  7%] Building CXX object 3rdparty/libmygpo-qt5/src/CMakeFiles/mygpo-qt5.dir/moc_Episode_p.cpp.o
[  7%] Building CXX object 3rdparty/libmygpo-qt5/src/CMakeFiles/mygpo-qt5.dir/moc_EpisodeList.cpp.o
[  7%] Building CXX object 3rdparty/libmygpo-qt5/src/CMakeFiles/mygpo-qt5.dir/moc_EpisodeList_p.cpp.o
[  7%] Building CXX object 3rdparty/libmygpo-qt5/src/CMakeFiles/mygpo-qt5.dir/moc_Tag.cpp.o
[  7%] Building CXX object 3rdparty/libmygpo-qt5/src/CMakeFiles/mygpo-qt5.dir/moc_Tag_p.cpp.o
[  7%] Building CXX object 3rdparty/libmygpo-qt5/src/CMakeFiles/mygpo-qt5.dir/moc_TagList.cpp.o
[  7%] Building CXX object 3rdparty/libmygpo-qt5/src/CMakeFiles/mygpo-qt5.dir/moc_TagList_p.cpp.o
[  7%] Building CXX object 3rdparty/libmygpo-qt5/src/CMakeFiles/mygpo-qt5.dir/moc_Device.cpp.o
[  8%] Linking CXX static library liblibclementine-common.a
[  8%] Building CXX object 3rdparty/libmygpo-qt5/src/CMakeFiles/mygpo-qt5.dir/moc_Device_p.cpp.o
[  8%] Building CXX object 3rdparty/libmygpo-qt5/src/CMakeFiles/mygpo-qt5.dir/moc_DeviceList.cpp.o
[  8%] Building CXX object 3rdparty/libmygpo-qt5/src/CMakeFiles/mygpo-qt5.dir/moc_DeviceList_p.cpp.o
[  8%] Built target libclementine-common
[  8%] Running cpp protocol buffer compiler on tagreadermessages.proto
[  8%] Building CXX object 3rdparty/libmygpo-qt5/src/CMakeFiles/mygpo-qt5.dir/moc_DeviceSyncResult.cpp.o
[  8%] Building CXX object ext/libclementine-tagreader/CMakeFiles/libclementine-tagreader.dir/fmpsparser.cpp.o
[  8%] Running cpp protocol buffer compiler on remotecontrolmessages.proto
[  8%] Building CXX object ext/libclementine-remote/CMakeFiles/libclementine-remote.dir/remotecontrolmessages.pb.cc.o
[  8%] Building CXX object 3rdparty/libmygpo-qt5/src/CMakeFiles/mygpo-qt5.dir/moc_DeviceSyncResult_p.cpp.o
[  8%] Building CXX object ext/libclementine-tagreader/CMakeFiles/libclementine-tagreader.dir/tagreader.cpp.o
[  9%] Building CXX object 3rdparty/libmygpo-qt5/src/CMakeFiles/mygpo-qt5.dir/moc_DeviceUpdates.cpp.o
[  9%] Building CXX object 3rdparty/libmygpo-qt5/src/CMakeFiles/mygpo-qt5.dir/moc_DeviceUpdates_p.cpp.o
[  9%] Building CXX object 3rdparty/libmygpo-qt5/src/CMakeFiles/mygpo-qt5.dir/moc_EpisodeAction.cpp.o
[  9%] Building CXX object 3rdparty/libmygpo-qt5/src/CMakeFiles/mygpo-qt5.dir/moc_EpisodeAction_p.cpp.o
[  9%] Building CXX object ext/libclementine-tagreader/CMakeFiles/libclementine-tagreader.dir/gmereader.cpp.o
[  9%] Building CXX object ext/libclementine-tagreader/CMakeFiles/libclementine-tagreader.dir/tagreadermessages.pb.cc.o
[  9%] Building CXX object 3rdparty/libmygpo-qt5/src/CMakeFiles/mygpo-qt5.dir/moc_EpisodeActionList.cpp.o
[  9%] Building CXX object 3rdparty/libmygpo-qt5/src/CMakeFiles/mygpo-qt5.dir/moc_EpisodeActionList_p.cpp.o
[  9%] Building CXX object 3rdparty/libmygpo-qt5/src/CMakeFiles/mygpo-qt5.dir/moc_Settings.cpp.o
[  9%] Building CXX object 3rdparty/libmygpo-qt5/src/CMakeFiles/mygpo-qt5.dir/moc_Settings_p.cpp.o
[  9%] Building CXX object 3rdparty/libmygpo-qt5/src/CMakeFiles/mygpo-qt5.dir/moc_AddRemoveResult.cpp.o
[  9%] Building CXX object 3rdparty/libmygpo-qt5/src/CMakeFiles/mygpo-qt5.dir/moc_AddRemoveResult_p.cpp.o
[  9%] Linking CXX static library libmygpo-qt5.a
[  9%] Built target mygpo-qt5
[  9%] Linking CXX static library liblibclementine-remote.a
[  9%] Built target libclementine-remote
[  9%] Linking CXX static library liblibclementine-tagreader.a
[  9%] Built target libclementine-tagreader
[  9%] Generating qrc_data.cpp
[  9%] Generating widgets/moc_widgetfadehelper.cpp
[  9%] Generating core/mpris2_player.cpp, core/mpris2_player.h
[ 10%] Generating dbus/objectmanager.cpp, dbus/objectmanager.h
[ 10%] Generating dbus/avahientrygroup.cpp, dbus/avahientrygroup.h
[ 10%] Generating dbus/avahiserver.cpp, dbus/avahiserver.h
[ 10%] Generating core/mpris2_tracklist.cpp, core/mpris2_tracklist.h
[ 10%] Generating dbus/gnomesettingsdaemon.cpp, dbus/gnomesettingsdaemon.h
[ 10%] Generating dbus/kglobalaccelcomponent.cpp, dbus/kglobalaccelcomponent.h
[ 10%] Generating dbus/kglobalaccel.cpp, dbus/kglobalaccel.h
[ 10%] Generating dbus/udisks2filesystem.cpp, dbus/udisks2filesystem.h
[ 10%] Generating dbus/notification.cpp, dbus/notification.h
[ 10%] Generating dbus/udisks2job.cpp, dbus/udisks2job.h
[ 10%] Generating analyzers/moc_analyzercontainer.cpp
[ 10%] Generating dbus/udisks2drive.cpp, dbus/udisks2drive.h
[ 10%] Generating core/mpris2_playlists.cpp, core/mpris2_playlists.h
[ 10%] Generating core/mpris2_root.cpp, core/mpris2_root.h
[ 10%] Generating analyzers/moc_baranalyzer.cpp
[ 10%] Generating dbus/udisks2block.cpp, dbus/udisks2block.h
[ 10%] Generating analyzers/moc_analyzerbase.cpp
[ 10%] Building CXX object ext/clementine-tagreader/CMakeFiles/clementine-tagreader.dir/main.cpp.o
[ 10%] Generating analyzers/moc_blockanalyzer.cpp
[ 10%] Generating analyzers/moc_boomanalyzer.cpp
[ 10%] Generating analyzers/moc_sonogram.cpp
[ 11%] Generating analyzers/moc_rainbowanalyzer.cpp
[ 11%] Building CXX object ext/clementine-tagreader/CMakeFiles/clementine-tagreader.dir/tagreaderworker.cpp.o
[ 11%] Generating core/moc_appearance.cpp
[ 11%] Generating analyzers/moc_turbine.cpp
[ 11%] Generating core/moc_application.cpp
[ 11%] Building CXX object ext/clementine-tagreader/CMakeFiles/clementine-tagreader.dir/qrc_data.cpp.o
[ 11%] Generating core/moc_database.cpp
[ 11%] Generating core/moc_deletefiles.cpp
[ 11%] Generating core/moc_crashreporting.cpp
[ 11%] Generating core/moc_backgroundstreams.cpp
[ 11%] Generating core/moc_filesystemwatcherinterface.cpp
[ 11%] Generating core/moc_globalshortcuts.cpp
[ 11%] Generating core/moc_globalshortcutbackend.cpp
[ 11%] Generating core/moc_gnomeglobalshortcutbackend.cpp
[ 11%] Generating core/moc_kglobalaccelglobalshortcutbackend.cpp
[ 12%] Generating core/moc_mimedata.cpp
[ 12%] Generating core/moc_network.cpp
[ 12%] Generating core/moc_mergedproxymodel.cpp
[ 12%] Generating core/moc_qtfslistener.cpp
[ 12%] Generating core/moc_player.cpp
[ 12%] Generating core/moc_organise.cpp
[ 12%] Generating core/moc_songloader.cpp
[ 12%] Generating core/moc_tagreaderclient.cpp
[ 12%] Generating core/moc_taskmanager.cpp
[ 12%] Generating covers/moc_albumcoverfetcher.cpp
[ 12%] Generating core/moc_urlhandler.cpp
[ 12%] Generating covers/moc_albumcoverfetchersearch.cpp
[ 12%] Generating covers/moc_albumcoverexporter.cpp
[ 12%] Generating covers/moc_discogscoverprovider.cpp
[ 12%] Generating covers/moc_albumcoverloader.cpp
[ 13%] Generating covers/moc_coverprovider.cpp
[ 13%] Generating covers/moc_coverexportrunnable.cpp
[ 13%] Generating covers/moc_coverproviders.cpp
[ 13%] Generating covers/moc_currentartloader.cpp
[ 13%] Generating covers/moc_musicbrainzcoverprovider.cpp
[ 13%] Generating covers/moc_coversearchstatisticsdialog.cpp
[ 13%] Generating devices/moc_connecteddevice.cpp
[ 13%] Generating covers/moc_kittenloader.cpp
[ 13%] Generating devices/moc_devicedatabasebackend.cpp
[ 13%] Generating devices/moc_deviceproperties.cpp
[ 13%] Generating devices/moc_devicelister.cpp
[ 13%] Generating devices/moc_devicemanager.cpp
[ 13%] Generating devices/moc_devicestatefiltermodel.cpp
[ 13%] Generating devices/moc_deviceviewcontainer.cpp
[ 13%] Generating devices/moc_deviceview.cpp
[ 14%] Generating devices/moc_filesystemdevice.cpp
[ 14%] Generating devices/moc_deviceinfo.cpp
[ 14%] Generating engines/moc_enginebase.cpp
[ 14%] Generating engines/moc_enginerouter.cpp
[ 14%] Generating engines/moc_gstenginedebug.cpp
[ 14%] Generating engines/moc_gstenginepipeline.cpp
[ 14%] Generating engines/moc_gstelementdeleter.cpp
[ 14%] Generating engines/moc_gstengine.cpp
[ 14%] Generating engines/moc_gstpipelinebase.cpp
[ 14%] Generating globalsearch/moc_globalsearch.cpp
[ 14%] Generating engines/moc_pipelineview.cpp
[ 14%] Generating globalsearch/moc_globalsearchmodel.cpp
[ 14%] Generating globalsearch/moc_globalsearchsettingspage.cpp
[ 14%] Generating globalsearch/moc_searchprovider.cpp
[ 15%] Generating globalsearch/moc_simplesearchprovider.cpp
[ 15%] Generating globalsearch/moc_globalsearchview.cpp
[ 15%] Generating globalsearch/moc_suggestionwidget.cpp
[ 15%] Generating internet/core/moc_cloudfileservice.cpp
[ 15%] Generating globalsearch/moc_radiobrowsersearchprovider.cpp
[ 15%] Generating internet/digitally/moc_digitallyimportedclient.cpp
[ 15%] Generating internet/digitally/moc_digitallyimportedservicebase.cpp
[ 15%] Generating internet/digitally/moc_digitallyimportedsettingspage.cpp
[ 15%] Generating internet/icecast/moc_icecastbackend.cpp
[ 15%] Generating internet/icecast/moc_icecastfilterwidget.cpp
[ 15%] Generating internet/icecast/moc_icecastservice.cpp
[ 15%] Generating internet/core/moc_internetmodel.cpp
[ 15%] Generating internet/core/moc_internetmimedata.cpp
[ 15%] Generating internet/icecast/moc_icecastmodel.cpp
[ 15%] Generating internet/core/moc_internetservice.cpp
[ 15%] Generating internet/core/moc_internetshowsettingspage.cpp
[ 17%] Generating internet/core/moc_internetsongmimedata.cpp
[ 17%] Generating internet/core/moc_internetview.cpp
[ 17%] Generating internet/core/moc_internetviewcontainer.cpp
[ 17%] Generating internet/jamendo/moc_jamendoservice.cpp
[ 17%] Generating internet/jamendo/moc_jamendourlhandler.cpp
[ 17%] Generating internet/core/moc_localredirectserver.cpp
[ 17%] Generating internet/magnatune/moc_magnatunedownloaddialog.cpp
[ 17%] Generating internet/magnatune/moc_magnatuneservice.cpp
[ 17%] Generating internet/magnatune/moc_magnatunesettingspage.cpp
[ 17%] Generating internet/core/moc_oauthenticator.cpp
[ 17%] Generating internet/core/moc_scrobbler.cpp
[ 17%] Generating internet/internetradio/moc_savedradio.cpp
[ 17%] Generating internet/somafm/moc_somafmservice.cpp
[ 18%] Generating internet/somafm/moc_somafmurlhandler.cpp
[ 18%] Generating internet/intergalacticfm/moc_intergalacticfmservice.cpp
[ 18%] Generating internet/intergalacticfm/moc_intergalacticfmurlhandler.cpp
[ 18%] Generating internet/core/moc_searchboxwidget.cpp
[ 18%] Generating internet/plex/moc_plexauthenticator.cpp
[ 18%] Generating internet/plex/moc_plexnotificationlistener.cpp
[ 18%] Generating internet/plex/moc_plexlibraryscanner.cpp
[ 18%] Generating internet/plex/moc_plexservice.cpp
/build/clementine-git/src/Clementine/src/devices/deviceinfo.h: note: No relevant classes found. No output generated.
[ 18%] Generating internet/plex/moc_plexplaybackreporter.cpp
[ 18%] Generating internet/plex/moc_plexurlhandler.cpp
[ 18%] Generating internet/radiobrowser/moc_radiobrowserservice.cpp
[ 18%] Generating internet/radiobrowser/moc_radiobrowsersettingspage.cpp
[ 18%] Generating internet/plex/moc_plexsettingspage.cpp
[ 18%] Generating internet/radiobrowser/moc_radiobrowserurlhandler.cpp
[ 18%] Generating internet/subsonic/moc_subsonicservice.cpp
[ 18%] Generating internet/subsonic/moc_subsonicsettingspage.cpp
[ 18%] Generating internet/subsonic/moc_subsonicdynamicplaylist.cpp
[ 19%] Generating internet/subsonic/moc_subsonicurlhandler.cpp
[ 19%] Generating library/moc_library.cpp
[ 19%] Generating library/moc_groupbydialog.cpp
[ 19%] Generating library/moc_librarybackend.cpp
[ 19%] Generating library/moc_librarydirectorymodel.cpp
[ 19%] Generating library/moc_libraryfilterwidget.cpp
[ 19%] Generating library/moc_librarymodel.cpp
[ 19%] Generating library/moc_librarysettingspage.cpp
[ 19%] Generating library/moc_libraryviewcontainer.cpp
[ 19%] Generating library/moc_libraryview.cpp
[ 19%] Generating library/moc_librarywatcher.cpp
[ 19%] Generating library/moc_savedgroupingmanager.cpp
[ 20%] Generating musicbrainz/moc_acoustidclient.cpp
[ 20%] Generating musicbrainz/moc_tagfetcher.cpp
[ 20%] Generating musicbrainz/moc_musicbrainzclient.cpp
[ 20%] Generating networkremote/moc_networkremotehelper.cpp
[ 20%] Generating networkremote/moc_networkremote.cpp
[ 20%] Generating networkremote/moc_incomingdataparser.cpp
[ 20%] Generating networkremote/moc_internetbrowser.cpp
[ 20%] Generating networkremote/moc_outgoingdatacreator.cpp
[ 20%] Generating networkremote/moc_remoteclient.cpp
[ 20%] Generating networkremote/moc_songsender.cpp
[ 20%] Generating networkremote/streaming/moc_directresponder.cpp
[ 20%] Generating networkremote/streaming/moc_mediahttpserver.cpp
[ 20%] Generating networkremote/streaming/moc_pipelineresponder.cpp
[ 20%] Generating networkremote/streaming/moc_remoteengine.cpp
[ 20%] Generating networkremote/streaming/moc_rendererregistry.cpp
[ 20%] Generating networkremote/streaming/moc_streamresponder.cpp
[ 21%] Generating playlist/moc_dbplaylistitem.cpp
[ 21%] Generating playlist/moc_dynamicplaylistcontrols.cpp
/build/clementine-git/src/Clementine/src/playlist/dbplaylistitem.h: note: No relevant classes found. No output generated.
[ 21%] Generating playlist/moc_playlist.cpp
[ 21%] Generating playlist/moc_playlistbackend.cpp
[ 21%] Generating playlist/moc_playlistcontainer.cpp
[ 21%] Generating playlist/moc_playlistdelegates.cpp
[ 21%] Generating playlist/moc_playlistheader.cpp
[ 21%] Generating playlist/moc_playlistfilter.cpp
[ 21%] Generating playlist/moc_playlistitem.cpp
/build/clementine-git/src/Clementine/src/playlist/playlistitem.h: note: No relevant classes found. No output generated.
[ 21%] Generating playlist/moc_playlistitemmimedata.cpp
[ 21%] Generating playlist/moc_playlistlistcontainer.cpp
[ 21%] Generating playlist/moc_playlistlistmodel.cpp
[ 21%] Generating playlist/moc_playlistlistview.cpp
[ 21%] Generating playlist/moc_playlistmanager.cpp
[ 21%] Generating playlist/moc_playlistsaveoptionsdialog.cpp
[ 21%] Generating playlist/moc_playlisttabbar.cpp
[ 21%] Generating playlist/moc_playlistview.cpp
[ 22%] Generating playlist/moc_playlistsequence.cpp
[ 22%] Generating playlist/moc_queue.cpp
[ 22%] Generating playlist/moc_queuemanager.cpp
[ 22%] Generating playlist/moc_songloaderinserter.cpp
[ 22%] Generating playlist/moc_songmimedata.cpp
[ 22%] Generating playlistparsers/moc_asxparser.cpp
[ 22%] Generating playlistparsers/moc_asxiniparser.cpp
[ 22%] Generating playlistparsers/moc_m3uparser.cpp
[ 22%] Generating playlistparsers/moc_parserbase.cpp
[ 22%] Generating playlistparsers/moc_cueparser.cpp
[ 22%] Generating playlistparsers/moc_plsparser.cpp
[ 22%] Generating playlistparsers/moc_playlistparser.cpp
[ 22%] Generating playlistparsers/moc_xspfparser.cpp
[ 23%] Generating internet/podcasts/moc_addpodcastbyurl.cpp
[ 23%] Generating internet/podcasts/moc_addpodcastdialog.cpp
[ 23%] Generating internet/podcasts/moc_fixedopmlpage.cpp
[ 23%] Generating internet/podcasts/moc_addpodcastpage.cpp
[ 23%] Generating internet/podcasts/moc_episodeinfowidget.cpp
[ 23%] Generating internet/podcasts/moc_gpoddersearchpage.cpp
[ 23%] Generating internet/podcasts/moc_gpoddersync.cpp
[ 23%] Generating internet/podcasts/moc_gpoddertoptagspage.cpp
[ 23%] Generating internet/podcasts/moc_gpoddertoptagsmodel.cpp
[ 23%] Generating internet/podcasts/moc_podcastbackend.cpp
[ 23%] Generating internet/podcasts/moc_itunessearchpage.cpp
[ 23%] Generating internet/podcasts/moc_podcastdiscoverymodel.cpp
[ 23%] Generating internet/podcasts/moc_podcastdeleter.cpp
[ 24%] Generating internet/podcasts/moc_podcastinfodialog.cpp
[ 24%] Generating internet/podcasts/moc_podcastservicemodel.cpp
[ 24%] Generating internet/podcasts/moc_podcastdownloader.cpp
[ 24%] Generating internet/podcasts/moc_podcastservice.cpp
[ 24%] Generating internet/podcasts/moc_podcastupdater.cpp
[ 24%] Generating internet/podcasts/moc_podcastsettingspage.cpp
[ 24%] Generating internet/podcasts/moc_podcasturlloader.cpp
[ 24%] Generating internet/podcasts/moc_podcastinfowidget.cpp
[ 24%] Generating smartplaylists/moc_generator.cpp
[ 24%] Generating smartplaylists/moc_generatormimedata.cpp
[ 24%] Generating smartplaylists/moc_generatorinserter.cpp
[ 24%] Generating smartplaylists/moc_querywizardplugin.cpp
[ 24%] Generating smartplaylists/moc_searchpreview.cpp
[ 24%] Generating smartplaylists/moc_searchtermwidget.cpp
[ 24%] Generating smartplaylists/moc_wizard.cpp
[ 24%] Generating smartplaylists/moc_wizardplugin.cpp
[ 25%] Generating songinfo/moc_artistbiography.cpp
[ 25%] Generating songinfo/moc_artistinfoview.cpp
[ 25%] Generating songinfo/moc_artistimages.cpp
[ 25%] Generating songinfo/moc_collapsibleinfoheader.cpp
[ 25%] Generating songinfo/moc_collapsibleinfopane.cpp
[ 25%] Generating songinfo/moc_songinfofetcher.cpp
[ 25%] Generating songinfo/moc_lyricsfetcher.cpp
[ 25%] Generating songinfo/moc_songinfobase.cpp
[ 25%] Generating songinfo/moc_songinfosettingspage.cpp
[ 25%] Generating songinfo/moc_songinfoprovider.cpp
[ 25%] Generating songinfo/moc_lyricsinfoprovider.cpp
[ 25%] Generating songinfo/moc_songinfoview.cpp
[ 25%] Generating songinfo/moc_songplaystats.cpp
[ 25%] Generating songinfo/moc_songinfotextview.cpp
[ 25%] Generating songinfo/moc_streamdiscoverer.cpp
[ 25%] Generating transcoder/moc_transcoder.cpp
[ 25%] Generating transcoder/moc_transcoderoptionsdialog.cpp
[ 25%] Generating transcoder/moc_transcodedialog.cpp
[ 25%] Generating transcoder/moc_transcoderoptionsmp3.cpp
[ 26%] Generating songinfo/moc_syncedlyricsview.cpp
[ 26%] Generating transcoder/moc_transcoderoptionsflac.cpp
[ 26%] Generating ui/moc_about.cpp
[ 26%] Generating transcoder/moc_transcoderoptionsavaac.cpp
[ 26%] Generating transcoder/moc_transcodersettingspage.cpp
[ 26%] Generating ui/moc_addstreamdialog.cpp
[ 26%] Generating transcoder/moc_transcoderoptionsfdkaac.cpp
[ 26%] Generating ui/moc_albumcoverchoicecontroller.cpp
[ 26%] Generating ui/moc_albumcovermanager.cpp
[ 26%] Generating ui/moc_albumcoverexport.cpp
[ 27%] Generating ui/moc_albumcovermanagerlist.cpp
[ 27%] Generating ui/moc_console.cpp
[ 27%] Generating ui/moc_albumcoversearcher.cpp
[ 27%] Generating ui/moc_backgroundstreamssettingspage.cpp
[ 27%] Generating ui/moc_appearancesettingspage.cpp
[ 27%] Generating ui/moc_behavioursettingspage.cpp
[ 27%] Generating ui/moc_edittagdialog.cpp
[ 27%] Generating ui/moc_coverfromurldialog.cpp
[ 27%] Generating ui/moc_equalizer.cpp
[ 27%] Generating ui/moc_filechooserwidget.cpp
[ 27%] Generating ui/moc_lovedialog.cpp
[ 27%] Generating ui/moc_globalshortcutssettingspage.cpp
[ 27%] Generating ui/moc_globalshortcutgrabber.cpp
[ 27%] Generating ui/moc_mainwindow.cpp
[ 27%] Generating ui/moc_notificationssettingspage.cpp
[ 27%] Generating ui/moc_networkproxysettingspage.cpp
[ 28%] Generating ui/moc_networkremotesettingspage.cpp
[ 28%] Generating ui/moc_organisedialog.cpp
[ 28%] Generating ui/moc_organiseerrordialog.cpp
[ 28%] Generating ui/moc_screenshottaker.cpp
[ 28%] Generating ui/moc_playbacksettingspage.cpp
[ 28%] Generating ui/moc_qtsystemtrayicon.cpp
[ 28%] Generating ui/moc_songmetadatasettingspage.cpp
[ 28%] Generating ui/moc_settingsdialog.cpp
[ 28%] Generating ui/moc_settingspage.cpp
[ 28%] Generating ui/moc_settingscategory.cpp
[ 28%] Generating ui/moc_standarditemiconloader.cpp
/build/clementine-git/src/Clementine/src/ui/settingscategory.h: note: No relevant classes found. No output generated.
[ 28%] Generating ui/moc_trackselectiondialog.cpp
[ 28%] Generating ui/moc_systemtrayicon.cpp
[ 28%] Generating ui/moc_streamdetailsdialog.cpp
[ 29%] Generating widgets/moc_autoexpandingtreeview.cpp
[ 29%] Generating ui/moc_windows7thumbbar.cpp
[ 29%] Generating widgets/moc_busyindicator.cpp
[ 29%] Generating widgets/moc_clickablelabel.cpp
[ 29%] Generating widgets/moc_fancytabwidget.cpp
[ 29%] Generating widgets/moc_elidedlabel.cpp
[ 29%] Generating widgets/moc_didyoumean.cpp
[ 29%] Generating widgets/moc_equalizerslider.cpp
[ 29%] Generating widgets/moc_errordialog.cpp
[ 29%] Generating widgets/moc_filenameformatwidget.cpp
[ 29%] Generating widgets/moc_fileviewlist.cpp
[ 29%] Generating widgets/moc_favoritewidget.cpp
[ 30%] Generating widgets/moc_freespacebar.cpp
[ 30%] Generating widgets/moc_groupediconview.cpp
[ 30%] Generating widgets/moc_linetextedit.cpp
[ 30%] Generating widgets/moc_lineedit.cpp
[ 30%] Generating widgets/moc_loginstatewidget.cpp
[ 30%] Generating widgets/moc_fileview.cpp
[ 30%] Generating widgets/moc_multiloadingindicator.cpp
[ 30%] Generating widgets/moc_osdpretty.cpp
[ 30%] Generating widgets/moc_osd.cpp
[ 30%] Generating widgets/moc_prettyimageview.cpp
[ 30%] Generating widgets/moc_prettyimage.cpp
[ 30%] Generating widgets/moc_progressitemdelegate.cpp
[ 30%] Generating widgets/moc_nowplayingwidget.cpp
[ 30%] Generating widgets/moc_renametablineedit.cpp
[ 30%] Generating widgets/moc_ratingwidget.cpp
[ 30%] Generating widgets/moc_stickyslider.cpp
[ 30%] Generating widgets/moc_tracksliderslider.cpp
[ 31%] Generating widgets/moc_stretchheaderview.cpp
[ 31%] Generating visualisations/moc_projectmpresetmodel.cpp
[ 31%] Generating widgets/moc_trackslider.cpp
[ 31%] Generating visualisations/moc_projectmvisualisation.cpp
[ 31%] Generating widgets/moc_tracksliderpopup.cpp
[ 31%] Generating widgets/moc_sliderwidget.cpp
[ 31%] Generating visualisations/moc_visualisationselector.cpp
[ 31%] Generating visualisations/moc_visualisationoverlay.cpp
[ 31%] Generating internet/lastfm/moc_lastfmservice.cpp
[ 31%] Generating visualisations/moc_visualisationcontainer.cpp
[ 31%] Generating covers/moc_lastfmcoverprovider.cpp
[ 31%] Generating internet/lastfm/moc_lastfmsettingspage.cpp
[ 31%] Generating songinfo/moc_lastfmtrackinfoprovider.cpp
[ 31%] Generating songinfo/moc_tagwidget.cpp
[ 32%] Generating dbus/moc_avahiserver.cpp
[ 32%] Generating core/moc_mpris.cpp
[ 32%] Generating devices/moc_udisks2lister.cpp
[ 32%] Generating devices/moc_giolister.cpp
[ 32%] Generating devices/moc_cddalister.cpp
[ 32%] Generating dbus/moc_avahientrygroup.cpp
[ 32%] Generating core/moc_mpris2.cpp
[ 32%] Generating devices/moc_cddadevice.cpp
[ 32%] Generating devices/moc_cddasongloader.cpp
[ 32%] Generating ripper/moc_ripcddialog.cpp
[ 32%] Generating ripper/moc_ripper.cpp
[ 32%] Generating moodbar/moc_moodbarcontroller.cpp
[ 32%] Generating moodbar/moc_moodbarloader.cpp
[ 32%] Generating moodbar/moc_moodbaritemdelegate.cpp
[ 34%] Generating moodbar/moc_moodbarpipeline.cpp
[ 34%] Generating core/moc_ubuntuunityhack.cpp
[ 34%] Generating ui_coversearchstatisticsdialog.h
[ 34%] Generating moodbar/moc_moodbarproxystyle.cpp
[ 34%] Generating ui_deviceproperties.h
[ 34%] Generating ui_deviceviewcontainer.h
[ 34%] Generating ui_gstenginedebug.h
[ 34%] Generating ui_globalsearchview.h
[ 34%] Generating ui_globalsearchsettingspage.h
[ 34%] Generating ui_searchproviderstatuswidget.h
[ 34%] Generating ui_suggestionwidget.h
[ 34%] Generating ui_icecastfilterwidget.h
[ 34%] Generating ui_digitallyimportedsettingspage.h
[ 34%] Generating ui_internetshowsettingspage.h
[ 34%] Generating ui_magnatunesettingspage.h
[ 34%] Generating ui_internetviewcontainer.h
[ 34%] Generating ui_searchboxwidget.h
[ 35%] Generating ui_magnatunedownloaddialog.h
[ 35%] Generating ui_plexsettingspage.h
[ 35%] Generating ui_radiobrowsersettingspage.h
[ 35%] Generating ui_groupbydialog.h
[ 35%] Generating ui_subsonicsettingspage.h
[ 35%] Generating ui_libraryfilterwidget.h
[ 35%] Generating ui_libraryviewcontainer.h
[ 35%] Generating ui_savedgroupingmanager.h
[ 35%] Generating ui_librarysettingspage.h
[ 35%] Generating ui_playlistcontainer.h
[ 35%] Generating ui_playlistsaveoptionsdialog.h
[ 35%] Generating ui_dynamicplaylistcontrols.h
[ 35%] Generating ui_playlistlistcontainer.h
[ 35%] Generating ui_queuemanager.h
[ 36%] Generating ui_playlistsequence.h
[ 36%] Generating ui_addpodcastdialog.h
[ 36%] Generating ui_gpoddersearchpage.h
[ 36%] Generating ui_addpodcastbyurl.h
[ 36%] Generating ui_episodeinfowidget.h
[ 36%] Generating ui_podcastinfodialog.h
[ 36%] Generating ui_podcastinfowidget.h
[ 36%] Generating ui_podcastsettingspage.h
[ 36%] Generating ui_querysortpage.h
[ 36%] Generating ui_searchtermwidget.h
[ 36%] Generating ui_itunessearchpage.h
[ 36%] Generating ui_wizardfinishpage.h
[ 36%] Generating ui_searchpreview.h
[ 37%] Generating ui_transcodelogdialog.h
[ 37%] Generating ui_songinfosettingspage.h
[ 37%] Generating ui_transcoderoptionsaac.h
[ 37%] Generating ui_transcoderoptionsdialog.h
[ 37%] Generating ui_querysearchpage.h
[ 37%] Generating ui_transcodedialog.h
[ 37%] Generating ui_transcoderoptionserror.h
[ 37%] Generating ui_transcoderoptionsmp3.h
[ 37%] Generating ui_transcoderoptionsflac.h
[ 37%] Generating ui_transcoderoptionsavaac.h
[ 37%] Generating ui_transcoderoptionsfdkaac.h
[ 37%] Generating ui_transcoderoptionsopus.h
[ 37%] Generating ui_transcoderoptionsspeex.h
[ 37%] Generating ui_transcoderoptionsvoaac.h
[ 38%] Generating ui_transcoderoptionswma.h
[ 38%] Generating ui_addstreamdialog.h
[ 38%] Generating ui_transcodersettingspage.h
[ 38%] Generating ui_transcoderoptionsvorbis.h
[ 38%] Generating ui_about.h
[ 38%] Generating ui_albumcoverexport.h
[ 38%] Generating ui_albumcoversearcher.h
[ 38%] Generating ui_appearancesettingspage.h
[ 38%] Generating ui_backgroundstreamssettingspage.h
[ 38%] Generating ui_behavioursettingspage.h
[ 38%] Generating ui_albumcovermanager.h
[ 38%] Generating ui_console.h
[ 38%] Generating ui_coverfromurldialog.h
[ 38%] Generating ui_edittagdialog.h
[ 38%] Generating ui_networkproxysettingspage.h
[ 38%] Generating ui_lovedialog.h
[ 38%] Generating ui_mainwindow.h
[ 38%] Generating ui_equalizer.h
[ 39%] Generating ui_globalshortcutssettingspage.h
[ 39%] Generating ui_globalshortcutgrabber.h
[ 39%] Generating ui_networkremotesettingspage.h
[ 39%] Generating ui_notificationssettingspage.h
[ 39%] Generating ui_organiseerrordialog.h
[ 39%] Generating ui_playbacksettingspage.h
[ 39%] Generating ui_organisedialog.h
[ 39%] Generating ui_settingsdialog.h
[ 39%] Generating ui_streamdetailsdialog.h
[ 39%] Generating ui_songmetadatasettingspage.h
[ 39%] Generating ui_equalizerslider.h
[ 39%] Generating ui_trackselectiondialog.h
[ 40%] Generating ui_filenameformatwidget.h
[ 40%] Generating ui_fileview.h
[ 40%] Generating ui_errordialog.h
[ 40%] Generating ui_loginstatewidget.h
[ 40%] Generating ui_trackslider.h
[ 40%] Generating ui_osdpretty.h
[ 40%] Generating ui_wiimotesettingspage.h
[ 40%] Generating ui_wiimoteshortcutgrabber.h
[ 40%] Generating ui_dropboxsettingspage.h
[ 40%] Generating ui_lastfmsettingspage.h
[ 40%] Generating ui_googledrivesettingspage.h
[ 40%] Generating ui_ripcddialog.h
[ 40%] Generating ui_visualisationoverlay.h
[ 40%] Generating ui_visualisationselector.h
[ 40%] Generating ui_skydrivesettingspage.h
[ 40%] Generating ui_boxsettingspage.h
[ 40%] Generating ui_seafilesettingspage.h
[ 40%] Generating qrc_data.cpp
[ 40%] Generating translations/clementine_af.qm
[ 40%] Generating translations/clementine_bg.qm
[ 40%] Generating translations/clementine_be.qm
[ 40%] Generating translations/clementine_bn.qm
[ 40%] Generating translations/clementine_bs.qm
[ 41%] Generating translations/clementine_ar.qm
[ 41%] Generating translations/clementine_cy.qm
[ 41%] Generating translations/clementine_br.qm
[ 41%] Generating translations/clementine_ca.qm
[ 41%] Generating translations/clementine_cs.qm
[ 41%] Generating translations/clementine_de.qm
[ 41%] Generating translations/clementine_da.qm
[ 41%] Generating translations/clementine_el.qm
[ 41%] Generating translations/clementine_en.qm
[ 41%] Generating translations/clementine_en_CA.qm
[ 41%] Generating translations/clementine_en_GB.qm
[ 42%] Generating translations/clementine_eo.qm
[ 42%] Generating translations/clementine_es.qm
[ 42%] Generating translations/clementine_et.qm
[ 42%] Generating translations/clementine_eu.qm
[ 42%] Generating translations/clementine_fi.qm
[ 42%] Generating translations/clementine_fa.qm
[ 42%] Generating translations/clementine_ga.qm
[ 42%] Generating translations/clementine_fr.qm
[ 42%] Generating translations/clementine_gl.qm
[ 42%] Generating translations/clementine_he.qm
[ 42%] Generating translations/clementine_hi.qm
[ 42%] Generating translations/clementine_he_IL.qm
[ 42%] Generating translations/clementine_hr.qm
[ 42%] Generating translations/clementine_hu.qm
[ 42%] Generating translations/clementine_hy.qm
[ 42%] Generating translations/clementine_id.qm
[ 43%] Generating translations/clementine_ia.qm
[ 43%] Generating translations/clementine_is.qm
[ 43%] Generating translations/clementine_it.qm
[ 43%] Generating translations/clementine_ja.qm
[ 43%] Generating translations/clementine_ka.qm
[ 43%] Generating translations/clementine_kk.qm
[ 43%] Generating translations/clementine_ko.qm
[ 43%] Generating translations/clementine_lt.qm
[ 43%] Generating translations/clementine_mk_MK.qm
[ 43%] Generating translations/clementine_lv.qm
[ 43%] Generating translations/clementine_mr.qm
[ 43%] Generating translations/clementine_my.qm
[ 44%] Generating translations/clementine_nb.qm
[ 44%] Generating translations/clementine_ms.qm
[ 44%] Generating translations/clementine_nl.qm
[ 44%] Generating translations/clementine_oc.qm
[ 44%] Generating translations/clementine_pl.qm
[ 44%] Generating translations/clementine_pa.qm
[ 44%] Generating translations/clementine_pt.qm
[ 44%] Generating translations/clementine_pt_BR.qm
[ 44%] Generating translations/clementine_ru.qm
[ 44%] Generating translations/clementine_ro.qm
[ 44%] Generating translations/clementine_sk.qm
[ 44%] Generating translations/clementine_si_LK.qm
[ 44%] Generating translations/clementine_sl.qm
[ 44%] Generating translations/clementine_sr.qm
[ 44%] Generating translations/clementine_sr@latin.qm
[ 44%] Generating translations/clementine_sv.qm
[ 45%] Generating translations/clementine_te.qm
[ 45%] Generating translations/clementine_tr_TR.qm
[ 45%] Generating translations/clementine_uk.qm
[ 45%] Generating translations/clementine_tr.qm
[ 45%] Generating translations/clementine_uz.qm
[ 45%] Generating translations/clementine_vi.qm
[ 45%] Generating translations/clementine_zh_CN.qm
[ 45%] Generating translations/clementine_zh_TW.qm
[ 45%] Generating core/moc_mpris2_playlists.cpp
[ 45%] Generating core/moc_mpris2_player.cpp
[ 45%] Generating core/moc_mpris2_root.cpp
[ 46%] Generating dbus/moc_gnomesettingsdaemon.cpp
[ 46%] Generating dbus/moc_kglobalaccelcomponent.cpp
[ 46%] Generating core/moc_mpris2_tracklist.cpp
[ 46%] Generating dbus/moc_objectmanager.cpp
[ 46%] Generating dbus/moc_kglobalaccel.cpp
[ 46%] Generating dbus/moc_notification.cpp
[ 46%] Generating dbus/moc_udisks2drive.cpp
[ 46%] Generating dbus/moc_udisks2block.cpp
[ 46%] Generating dbus/moc_udisks2filesystem.cpp
[ 46%] Generating dbus/moc_udisks2job.cpp
[ 46%] Generating /build/clementine-git/src/Clementine/src/translations/translations.pot
/usr/bin/xgettext: The option '--sort-output' is deprecated.
[ 46%] Generating qrc_translations.cpp
core/database.cpp:633: warning: Message contains an embedded URL.  Better move it out of the translatable string, see https://www.gnu.org/software/gettext/manual/html_node/No-embedded-URLs.html
songinfo/artistbiography.cpp:286: warning: Message contains an embedded URL.  Better move it out of the translatable string, see https://www.gnu.org/software/gettext/manual/html_node/No-embedded-URLs.html
../../build/src/ui_podcastsettingspage.h:281: warning: Message contains an embedded URL.  Better move it out of the translatable string, see https://www.gnu.org/software/gettext/manual/html_node/No-embedded-URLs.html
[ 46%] Building CXX object src/CMakeFiles/clementine_lib.dir/analyzers/analyzerbase.cpp.o
[ 46%] Building CXX object src/CMakeFiles/clementine_lib.dir/analyzers/blockanalyzer.cpp.o
[ 46%] Building CXX object src/CMakeFiles/clementine_lib.dir/analyzers/sonogram.cpp.o
[ 47%] Building CXX object src/CMakeFiles/clementine_lib.dir/analyzers/turbine.cpp.o
[ 47%] Building CXX object src/CMakeFiles/clementine_lib.dir/analyzers/analyzercontainer.cpp.o
[ 47%] Building CXX object src/CMakeFiles/clementine_lib.dir/analyzers/baranalyzer.cpp.o
[ 47%] Building CXX object src/CMakeFiles/clementine_lib.dir/analyzers/boomanalyzer.cpp.o
[ 47%] Building CXX object src/CMakeFiles/clementine_lib.dir/analyzers/rainbowanalyzer.cpp.o
[ 47%] Building CXX object src/CMakeFiles/clementine_lib.dir/core/appearance.cpp.o
[ 47%] Building CXX object src/CMakeFiles/clementine_lib.dir/core/backgroundstreams.cpp.o
[ 47%] Building CXX object src/CMakeFiles/clementine_lib.dir/analyzers/fht.cpp.o
[ 47%] Building CXX object src/CMakeFiles/clementine_lib.dir/core/application.cpp.o
[ 47%] Building CXX object src/CMakeFiles/clementine_lib.dir/core/database.cpp.o
[ 47%] Building CXX object src/CMakeFiles/clementine_lib.dir/core/crashreporting.cpp.o
[ 47%] Building CXX object src/CMakeFiles/clementine_lib.dir/core/commandlineoptions.cpp.o
[ 47%] Building CXX object src/CMakeFiles/clementine_lib.dir/core/filesystemmusicstorage.cpp.o
[ 47%] Building CXX object src/CMakeFiles/clementine_lib.dir/core/filesystemwatcherinterface.cpp.o
[ 48%] Building CXX object src/CMakeFiles/clementine_lib.dir/core/deletefiles.cpp.o
[ 48%] Building CXX object src/CMakeFiles/clementine_lib.dir/core/globalshortcutbackend.cpp.o
[ 48%] Building CXX object src/CMakeFiles/clementine_lib.dir/core/globalshortcuts.cpp.o
[ 48%] Linking CXX executable ../../clementine-tagreader
[ 48%] Building CXX object src/CMakeFiles/clementine_lib.dir/core/gnomeglobalshortcutbackend.cpp.o
[ 48%] Building CXX object src/CMakeFiles/clementine_lib.dir/core/kglobalaccelglobalshortcutbackend.cpp.o
[ 48%] Building CXX object src/CMakeFiles/clementine_lib.dir/core/mergedproxymodel.cpp.o
[ 48%] Building CXX object src/CMakeFiles/clementine_lib.dir/core/metatypes.cpp.o
[ 48%] Building CXX object src/CMakeFiles/clementine_lib.dir/core/multisortfilterproxy.cpp.o
[ 48%] Building CXX object src/CMakeFiles/clementine_lib.dir/core/musicstorage.cpp.o
[ 48%] Building CXX object src/CMakeFiles/clementine_lib.dir/core/network.cpp.o
[ 48%] Building CXX object src/CMakeFiles/clementine_lib.dir/core/networkproxyfactory.cpp.o
[ 48%] Building CXX object src/CMakeFiles/clementine_lib.dir/core/organise.cpp.o
[ 48%] Building CXX object src/CMakeFiles/clementine_lib.dir/core/organiseformat.cpp.o
[ 50%] Building CXX object src/CMakeFiles/clementine_lib.dir/core/player.cpp.o
[ 50%] Building CXX object src/CMakeFiles/clementine_lib.dir/core/qtfslistener.cpp.o
[ 50%] Building CXX object src/CMakeFiles/clementine_lib.dir/core/qxtglobalshortcutbackend.cpp.o
[ 50%] Building CXX object src/CMakeFiles/clementine_lib.dir/core/scopedtransaction.cpp.o
[ 50%] Building CXX object src/CMakeFiles/clementine_lib.dir/core/settingsprovider.cpp.o
[ 50%] Building CXX object src/CMakeFiles/clementine_lib.dir/core/signalchecker.cpp.o
[ 50%] Building CXX object src/CMakeFiles/clementine_lib.dir/core/song.cpp.o
[ 50%] Building CXX object src/CMakeFiles/clementine_lib.dir/core/songloader.cpp.o
[ 50%] Building CXX object src/CMakeFiles/clementine_lib.dir/core/songpathparser.cpp.o
[ 50%] Built target clementine-tagreader
[ 50%] Building CXX object src/CMakeFiles/clementine_lib.dir/core/stylesheetloader.cpp.o
[ 50%] Building CXX object src/CMakeFiles/clementine_lib.dir/core/tagreaderclient.cpp.o
[ 50%] Building CXX object src/CMakeFiles/clementine_lib.dir/core/taskmanager.cpp.o
[ 50%] Building CXX object src/CMakeFiles/clementine_lib.dir/core/thread.cpp.o
[ 50%] Building CXX object src/CMakeFiles/clementine_lib.dir/core/urlhandler.cpp.o
[ 50%] Building CXX object src/CMakeFiles/clementine_lib.dir/core/utilities.cpp.o
[ 51%] Building CXX object src/CMakeFiles/clementine_lib.dir/covers/albumcoverexporter.cpp.o
[ 51%] Building CXX object src/CMakeFiles/clementine_lib.dir/covers/albumcoverfetcher.cpp.o
[ 51%] Building CXX object src/CMakeFiles/clementine_lib.dir/covers/albumcoverfetchersearch.cpp.o
[ 51%] Building CXX object src/CMakeFiles/clementine_lib.dir/covers/albumcoverloader.cpp.o
[ 51%] Building CXX object src/CMakeFiles/clementine_lib.dir/covers/discogscoverprovider.cpp.o
[ 51%] Building CXX object src/CMakeFiles/clementine_lib.dir/covers/coverexportrunnable.cpp.o
[ 51%] Building CXX object src/CMakeFiles/clementine_lib.dir/covers/coverprovider.cpp.o
[ 51%] Building CXX object src/CMakeFiles/clementine_lib.dir/covers/coverproviders.cpp.o
[ 51%] Building CXX object src/CMakeFiles/clementine_lib.dir/covers/coversearchstatistics.cpp.o
[ 51%] Building CXX object src/CMakeFiles/clementine_lib.dir/covers/coversearchstatisticsdialog.cpp.o
[ 51%] Building CXX object src/CMakeFiles/clementine_lib.dir/covers/currentartloader.cpp.o
[ 51%] Building CXX object src/CMakeFiles/clementine_lib.dir/covers/kittenloader.cpp.o
[ 51%] Building CXX object src/CMakeFiles/clementine_lib.dir/covers/musicbrainzcoverprovider.cpp.o
[ 51%] Building CXX object src/CMakeFiles/clementine_lib.dir/devices/connecteddevice.cpp.o
[ 52%] Building CXX object src/CMakeFiles/clementine_lib.dir/devices/devicedatabasebackend.cpp.o
[ 52%] Building CXX object src/CMakeFiles/clementine_lib.dir/devices/devicelister.cpp.o
[ 52%] Building CXX object src/CMakeFiles/clementine_lib.dir/devices/devicemanager.cpp.o
[ 52%] Building CXX object src/CMakeFiles/clementine_lib.dir/devices/deviceproperties.cpp.o
[ 52%] Building CXX object src/CMakeFiles/clementine_lib.dir/devices/devicestatefiltermodel.cpp.o
[ 52%] Building CXX object src/CMakeFiles/clementine_lib.dir/devices/deviceview.cpp.o
[ 52%] Building CXX object src/CMakeFiles/clementine_lib.dir/devices/deviceviewcontainer.cpp.o
[ 52%] Building CXX object src/CMakeFiles/clementine_lib.dir/devices/filesystemdevice.cpp.o
[ 52%] Building CXX object src/CMakeFiles/clementine_lib.dir/devices/deviceinfo.cpp.o
[ 52%] Building CXX object src/CMakeFiles/clementine_lib.dir/engines/devicefinder.cpp.o
[ 52%] Building CXX object src/CMakeFiles/clementine_lib.dir/engines/enginebase.cpp.o
[ 52%] Building CXX object src/CMakeFiles/clementine_lib.dir/engines/enginerouter.cpp.o
[ 52%] Building CXX object src/CMakeFiles/clementine_lib.dir/engines/gstengine.cpp.o
[ 52%] Building CXX object src/CMakeFiles/clementine_lib.dir/engines/gstenginedebug.cpp.o
[ 52%] Building CXX object src/CMakeFiles/clementine_lib.dir/engines/gstenginepipeline.cpp.o
[ 53%] Building CXX object src/CMakeFiles/clementine_lib.dir/engines/gstelementdeleter.cpp.o
[ 53%] Building CXX object src/CMakeFiles/clementine_lib.dir/engines/gstpipelinebase.cpp.o
[ 53%] Building CXX object src/CMakeFiles/clementine_lib.dir/engines/pipelineview.cpp.o
[ 53%] Building CXX object src/CMakeFiles/clementine_lib.dir/globalsearch/digitallyimportedsearchprovider.cpp.o
[ 53%] Building CXX object src/CMakeFiles/clementine_lib.dir/globalsearch/globalsearch.cpp.o
[ 53%] Building CXX object src/CMakeFiles/clementine_lib.dir/globalsearch/globalsearchitemdelegate.cpp.o
[ 53%] Building CXX object src/CMakeFiles/clementine_lib.dir/globalsearch/globalsearchmodel.cpp.o
[ 53%] Building CXX object src/CMakeFiles/clementine_lib.dir/globalsearch/globalsearchsettingspage.cpp.o
[ 53%] Building CXX object src/CMakeFiles/clementine_lib.dir/globalsearch/globalsearchsortmodel.cpp.o
[ 53%] Building CXX object src/CMakeFiles/clementine_lib.dir/globalsearch/globalsearchview.cpp.o
[ 53%] Building CXX object src/CMakeFiles/clementine_lib.dir/globalsearch/icecastsearchprovider.cpp.o
[ 53%] Building CXX object src/CMakeFiles/clementine_lib.dir/globalsearch/librarysearchprovider.cpp.o
[ 53%] Building CXX object src/CMakeFiles/clementine_lib.dir/globalsearch/savedradiosearchprovider.cpp.o
[ 53%] Building CXX object src/CMakeFiles/clementine_lib.dir/globalsearch/searchprovider.cpp.o
[ 53%] Building CXX object src/CMakeFiles/clementine_lib.dir/globalsearch/searchproviderstatuswidget.cpp.o
[ 54%] Building CXX object src/CMakeFiles/clementine_lib.dir/globalsearch/simplesearchprovider.cpp.o
[ 54%] Building CXX object src/CMakeFiles/clementine_lib.dir/globalsearch/somafmsearchprovider.cpp.o
[ 54%] Building CXX object src/CMakeFiles/clementine_lib.dir/globalsearch/intergalacticfmsearchprovider.cpp.o
[ 54%] Building CXX object src/CMakeFiles/clementine_lib.dir/globalsearch/radiobrowsersearchprovider.cpp.o
[ 54%] Building CXX object src/CMakeFiles/clementine_lib.dir/globalsearch/suggestionwidget.cpp.o
[ 54%] Building CXX object src/CMakeFiles/clementine_lib.dir/globalsearch/urlsearchprovider.cpp.o
[ 54%] Building CXX object src/CMakeFiles/clementine_lib.dir/internet/core/cloudfilesearchprovider.cpp.o
[ 54%] Building CXX object src/CMakeFiles/clementine_lib.dir/internet/core/cloudfileservice.cpp.o
[ 54%] Building CXX object src/CMakeFiles/clementine_lib.dir/internet/digitally/digitallyimportedclient.cpp.o
[ 54%] Building CXX object src/CMakeFiles/clementine_lib.dir/internet/digitally/digitallyimportedservicebase.cpp.o
[ 54%] Building CXX object src/CMakeFiles/clementine_lib.dir/internet/digitally/digitallyimportedsettingspage.cpp.o
[ 54%] Building CXX object src/CMakeFiles/clementine_lib.dir/internet/digitally/digitallyimportedurlhandler.cpp.o
[ 54%] Building CXX object src/CMakeFiles/clementine_lib.dir/internet/icecast/icecastbackend.cpp.o
[ 54%] Building CXX object src/CMakeFiles/clementine_lib.dir/internet/icecast/icecastfilterwidget.cpp.o
[ 55%] Building CXX object src/CMakeFiles/clementine_lib.dir/internet/icecast/icecastmodel.cpp.o
[ 55%] Building CXX object src/CMakeFiles/clementine_lib.dir/internet/icecast/icecastservice.cpp.o
[ 55%] Building CXX object src/CMakeFiles/clementine_lib.dir/internet/core/internetmodel.cpp.o
[ 55%] Building CXX object src/CMakeFiles/clementine_lib.dir/internet/core/internetplaylistitem.cpp.o
[ 55%] Building CXX object src/CMakeFiles/clementine_lib.dir/internet/core/internetservice.cpp.o
[ 55%] Building CXX object src/CMakeFiles/clementine_lib.dir/internet/core/internetsettingscategory.cpp.o
[ 55%] Building CXX object src/CMakeFiles/clementine_lib.dir/internet/core/internetshowsettingspage.cpp.o
[ 55%] Building CXX object src/CMakeFiles/clementine_lib.dir/internet/core/internetview.cpp.o
[ 55%] Building CXX object src/CMakeFiles/clementine_lib.dir/internet/core/internetviewcontainer.cpp.o
[ 55%] Building CXX object src/CMakeFiles/clementine_lib.dir/internet/jamendo/jamendoservice.cpp.o
[ 55%] Building CXX object src/CMakeFiles/clementine_lib.dir/internet/jamendo/jamendourlhandler.cpp.o
[ 55%] Building CXX object src/CMakeFiles/clementine_lib.dir/internet/core/localredirectserver.cpp.o
[ 55%] Building CXX object src/CMakeFiles/clementine_lib.dir/internet/magnatune/magnatunedownloaddialog.cpp.o
[ 55%] Building CXX object src/CMakeFiles/clementine_lib.dir/internet/magnatune/magnatuneplaylistitem.cpp.o
[ 55%] Building CXX object src/CMakeFiles/clementine_lib.dir/internet/magnatune/magnatuneservice.cpp.o
[ 56%] Building CXX object src/CMakeFiles/clementine_lib.dir/internet/magnatune/magnatunesettingspage.cpp.o
[ 56%] Building CXX object src/CMakeFiles/clementine_lib.dir/internet/magnatune/magnatuneurlhandler.cpp.o
[ 56%] Building CXX object src/CMakeFiles/clementine_lib.dir/internet/core/oauthenticator.cpp.o
[ 56%] Building CXX object src/CMakeFiles/clementine_lib.dir/internet/internetradio/savedradio.cpp.o
[ 56%] Building CXX object src/CMakeFiles/clementine_lib.dir/internet/core/searchboxwidget.cpp.o
[ 56%] Building CXX object src/CMakeFiles/clementine_lib.dir/internet/somafm/somafmservice.cpp.o
[ 56%] Building CXX object src/CMakeFiles/clementine_lib.dir/internet/somafm/somafmurlhandler.cpp.o
[ 56%] Building CXX object src/CMakeFiles/clementine_lib.dir/internet/intergalacticfm/intergalacticfmservice.cpp.o
[ 56%] Building CXX object src/CMakeFiles/clementine_lib.dir/internet/intergalacticfm/intergalacticfmurlhandler.cpp.o
[ 56%] Building CXX object src/CMakeFiles/clementine_lib.dir/internet/plex/plexauthenticator.cpp.o
[ 56%] Building CXX object src/CMakeFiles/clementine_lib.dir/internet/plex/plexlibraryscanner.cpp.o
[ 56%] Building CXX object src/CMakeFiles/clementine_lib.dir/internet/plex/plexnotificationlistener.cpp.o
[ 56%] Building CXX object src/CMakeFiles/clementine_lib.dir/internet/plex/plexparser.cpp.o
[ 56%] Building CXX object src/CMakeFiles/clementine_lib.dir/internet/plex/plexplaybackreporter.cpp.o
[ 56%] Building CXX object src/CMakeFiles/clementine_lib.dir/internet/plex/plexservice.cpp.o
[ 57%] Building CXX object src/CMakeFiles/clementine_lib.dir/internet/plex/plexsettingspage.cpp.o
[ 57%] Building CXX object src/CMakeFiles/clementine_lib.dir/internet/plex/plexurlhandler.cpp.o
[ 57%] Building CXX object src/CMakeFiles/clementine_lib.dir/internet/radiobrowser/radiobrowserservice.cpp.o
[ 57%] Building CXX object src/CMakeFiles/clementine_lib.dir/internet/radiobrowser/radiobrowsersettingspage.cpp.o
[ 57%] Building CXX object src/CMakeFiles/clementine_lib.dir/internet/radiobrowser/radiobrowserurlhandler.cpp.o
[ 57%] Building CXX object src/CMakeFiles/clementine_lib.dir/internet/subsonic/subsonicservice.cpp.o
[ 57%] Building CXX object src/CMakeFiles/clementine_lib.dir/internet/subsonic/subsonicsettingspage.cpp.o
[ 57%] Building CXX object src/CMakeFiles/clementine_lib.dir/internet/subsonic/subsonicurlhandler.cpp.o
[ 57%] Building CXX object src/CMakeFiles/clementine_lib.dir/internet/subsonic/subsonicdynamicplaylist.cpp.o
[ 57%] Building CXX object src/CMakeFiles/clementine_lib.dir/library/groupbydialog.cpp.o
[ 57%] Building CXX object src/CMakeFiles/clementine_lib.dir/library/library.cpp.o
[ 57%] Building CXX object src/CMakeFiles/clementine_lib.dir/library/librarybackend.cpp.o
[ 57%] Building CXX object src/CMakeFiles/clementine_lib.dir/library/librarydirectorymodel.cpp.o
[ 57%] Building CXX object src/CMakeFiles/clementine_lib.dir/library/libraryfilterwidget.cpp.o
[ 58%] Building CXX object src/CMakeFiles/clementine_lib.dir/library/librarymodel.cpp.o
[ 58%] Building CXX object src/CMakeFiles/clementine_lib.dir/library/libraryplaylistitem.cpp.o
[ 58%] Building CXX object src/CMakeFiles/clementine_lib.dir/library/libraryquery.cpp.o
[ 58%] Building CXX object src/CMakeFiles/clementine_lib.dir/library/librarysettingspage.cpp.o
[ 58%] Building CXX object src/CMakeFiles/clementine_lib.dir/library/libraryview.cpp.o
[ 58%] Building CXX object src/CMakeFiles/clementine_lib.dir/library/libraryviewcontainer.cpp.o
[ 58%] Building CXX object src/CMakeFiles/clementine_lib.dir/library/librarytagprefetcher.cpp.o
[ 58%] Building CXX object src/CMakeFiles/clementine_lib.dir/library/librarywatcher.cpp.o
[ 58%] Building CXX object src/CMakeFiles/clementine_lib.dir/library/savedgroupingmanager.cpp.o
[ 58%] Building CXX object src/CMakeFiles/clementine_lib.dir/library/sqlrow.cpp.o
[ 58%] Building CXX object src/CMakeFiles/clementine_lib.dir/musicbrainz/acoustidclient.cpp.o
[ 58%] Building CXX object src/CMakeFiles/clementine_lib.dir/musicbrainz/chromaprinter.cpp.o
[ 58%] Building CXX object src/CMakeFiles/clementine_lib.dir/musicbrainz/musicbrainzclient.cpp.o
[ 58%] Building CXX object src/CMakeFiles/clementine_lib.dir/musicbrainz/tagfetcher.cpp.o
[ 58%] Building CXX object src/CMakeFiles/clementine_lib.dir/networkremote/incomingdataparser.cpp.o
[ 59%] Building CXX object src/CMakeFiles/clementine_lib.dir/networkremote/internetbrowser.cpp.o
[ 59%] Building CXX object src/CMakeFiles/clementine_lib.dir/networkremote/networkremote.cpp.o
[ 59%] Building CXX object src/CMakeFiles/clementine_lib.dir/networkremote/networkremotehelper.cpp.o
[ 59%] Building CXX object src/CMakeFiles/clementine_lib.dir/networkremote/outgoingdatacreator.cpp.o
[ 59%] Building CXX object src/CMakeFiles/clementine_lib.dir/networkremote/remoteclient.cpp.o
[ 59%] Building CXX object src/CMakeFiles/clementine_lib.dir/networkremote/songsender.cpp.o
[ 59%] Building CXX object src/CMakeFiles/clementine_lib.dir/networkremote/streaming/directresponder.cpp.o
[ 59%] Building CXX object src/CMakeFiles/clementine_lib.dir/networkremote/streaming/mediahttpserver.cpp.o
[ 59%] Building CXX object src/CMakeFiles/clementine_lib.dir/networkremote/streaming/pipelineresponder.cpp.o
[ 59%] Building CXX object src/CMakeFiles/clementine_lib.dir/networkremote/streaming/remoteengine.cpp.o
[ 59%] Building CXX object src/CMakeFiles/clementine_lib.dir/networkremote/streaming/rendererregistry.cpp.o
[ 59%] Building CXX object src/CMakeFiles/clementine_lib.dir/networkremote/streaming/streamitemtable.cpp.o
[ 59%] Building CXX object src/CMakeFiles/clementine_lib.dir/networkremote/streaming/streamplanner.cpp.o
[ 59%] Building CXX object src/CMakeFiles/clementine_lib.dir/networkremote/streaming/streamresponder.cpp.o
[ 59%] Building CXX object src/CMakeFiles/clementine_lib.dir/networkremote/zeroconf.cpp.o
[ 60%] Building CXX object src/CMakeFiles/clementine_lib.dir/playlist/dynamicplaylistcontrols.cpp.o
[ 60%] Building CXX object src/CMakeFiles/clementine_lib.dir/playlist/dbplaylistitem.cpp.o
[ 60%] Building CXX object src/CMakeFiles/clementine_lib.dir/playlist/playlist.cpp.o
[ 60%] Building CXX object src/CMakeFiles/clementine_lib.dir/playlist/playlistbackend.cpp.o
[ 60%] Building CXX object src/CMakeFiles/clementine_lib.dir/playlist/playlistcontainer.cpp.o
[ 60%] Building CXX object src/CMakeFiles/clementine_lib.dir/playlist/playlistdelegates.cpp.o
[ 60%] Building CXX object src/CMakeFiles/clementine_lib.dir/playlist/playlistfilterparser.cpp.o
[ 60%] Building CXX object src/CMakeFiles/clementine_lib.dir/playlist/playlistfilter.cpp.o
[ 60%] Building CXX object src/CMakeFiles/clementine_lib.dir/playlist/playlistheader.cpp.o
[ 60%] Building CXX object src/CMakeFiles/clementine_lib.dir/playlist/playlistitem.cpp.o
[ 60%] Building CXX object src/CMakeFiles/clementine_lib.dir/playlist/playlistlistcontainer.cpp.o
[ 60%] Building CXX object src/CMakeFiles/clementine_lib.dir/playlist/playlistlistmodel.cpp.o
[ 60%] Building CXX object src/CMakeFiles/clementine_lib.dir/playlist/playlistlistview.cpp.o
[ 60%] Building CXX object src/CMakeFiles/clementine_lib.dir/playlist/playlistmanager.cpp.o
[ 61%] Building CXX object src/CMakeFiles/clementine_lib.dir/playlist/playlistsaveoptionsdialog.cpp.o
[ 61%] Building CXX object src/CMakeFiles/clementine_lib.dir/playlist/playlistsequence.cpp.o
[ 61%] Building CXX object src/CMakeFiles/clementine_lib.dir/playlist/playlisttabbar.cpp.o
[ 61%] Building CXX object src/CMakeFiles/clementine_lib.dir/playlist/playlistundocommands.cpp.o
[ 61%] Building CXX object src/CMakeFiles/clementine_lib.dir/playlist/playlistview.cpp.o
[ 61%] Building CXX object src/CMakeFiles/clementine_lib.dir/playlist/queue.cpp.o
[ 61%] Building CXX object src/CMakeFiles/clementine_lib.dir/playlist/queuemanager.cpp.o
[ 61%] Building CXX object src/CMakeFiles/clementine_lib.dir/playlist/songloaderinserter.cpp.o
[ 61%] Building CXX object src/CMakeFiles/clementine_lib.dir/playlist/songplaylistitem.cpp.o
[ 61%] Building CXX object src/CMakeFiles/clementine_lib.dir/playlistparsers/asxparser.cpp.o
[ 61%] Building CXX object src/CMakeFiles/clementine_lib.dir/playlistparsers/asxiniparser.cpp.o
[ 61%] Building CXX object src/CMakeFiles/clementine_lib.dir/playlistparsers/cueparser.cpp.o
[ 61%] Building CXX object src/CMakeFiles/clementine_lib.dir/playlistparsers/m3uparser.cpp.o
[ 61%] Building CXX object src/CMakeFiles/clementine_lib.dir/playlistparsers/parserbase.cpp.o
[ 61%] Building CXX object src/CMakeFiles/clementine_lib.dir/playlistparsers/playlistparser.cpp.o
[ 62%] Building CXX object src/CMakeFiles/clementine_lib.dir/playlistparsers/plsparser.cpp.o
[ 62%] Building CXX object src/CMakeFiles/clementine_lib.dir/playlistparsers/wplparser.cpp.o
[ 62%] Building CXX object src/CMakeFiles/clementine_lib.dir/playlistparsers/xmlparser.cpp.o
[ 62%] Building CXX object src/CMakeFiles/clementine_lib.dir/playlistparsers/xspfparser.cpp.o
[ 62%] Building CXX object src/CMakeFiles/clementine_lib.dir/internet/podcasts/addpodcastbyurl.cpp.o
[ 62%] Building CXX object src/CMakeFiles/clementine_lib.dir/internet/podcasts/addpodcastdialog.cpp.o
[ 62%] Building CXX object src/CMakeFiles/clementine_lib.dir/internet/podcasts/addpodcastpage.cpp.o
[ 62%] Building CXX object src/CMakeFiles/clementine_lib.dir/internet/podcasts/episodeinfowidget.cpp.o
[ 62%] Building CXX object src/CMakeFiles/clementine_lib.dir/internet/podcasts/fixedopmlpage.cpp.o
[ 62%] Building CXX object src/CMakeFiles/clementine_lib.dir/internet/podcasts/gpoddersearchpage.cpp.o
[ 62%] Building CXX object src/CMakeFiles/clementine_lib.dir/internet/podcasts/gpoddersync.cpp.o
[ 62%] Building CXX object src/CMakeFiles/clementine_lib.dir/internet/podcasts/gpoddertoptagsmodel.cpp.o
[ 62%] Building CXX object src/CMakeFiles/clementine_lib.dir/internet/podcasts/gpoddertoptagspage.cpp.o
[ 62%] Building CXX object src/CMakeFiles/clementine_lib.dir/internet/podcasts/itunessearchpage.cpp.o
[ 62%] Building CXX object src/CMakeFiles/clementine_lib.dir/internet/podcasts/podcast.cpp.o
[ 63%] Building CXX object src/CMakeFiles/clementine_lib.dir/internet/podcasts/podcastbackend.cpp.o
[ 63%] Building CXX object src/CMakeFiles/clementine_lib.dir/internet/podcasts/podcastdiscoverymodel.cpp.o
[ 63%] Building CXX object src/CMakeFiles/clementine_lib.dir/internet/podcasts/podcastdeleter.cpp.o
[ 63%] Building CXX object src/CMakeFiles/clementine_lib.dir/internet/podcasts/podcastdownloader.cpp.o
[ 63%] Building CXX object src/CMakeFiles/clementine_lib.dir/internet/podcasts/podcastinfodialog.cpp.o
[ 63%] Building CXX object src/CMakeFiles/clementine_lib.dir/internet/podcasts/podcastepisode.cpp.o
[ 63%] Building CXX object src/CMakeFiles/clementine_lib.dir/internet/podcasts/podcastinfowidget.cpp.o
[ 63%] Building CXX object src/CMakeFiles/clementine_lib.dir/internet/podcasts/podcastservice.cpp.o
[ 63%] Building CXX object src/CMakeFiles/clementine_lib.dir/internet/podcasts/podcastservicemodel.cpp.o
[ 63%] Building CXX object src/CMakeFiles/clementine_lib.dir/internet/podcasts/podcastsettingspage.cpp.o
[ 63%] Building CXX object src/CMakeFiles/clementine_lib.dir/internet/podcasts/podcastparser.cpp.o
[ 63%] Building CXX object src/CMakeFiles/clementine_lib.dir/internet/podcasts/podcastupdater.cpp.o
[ 63%] Building CXX object src/CMakeFiles/clementine_lib.dir/internet/podcasts/podcasturlloader.cpp.o
[ 63%] Building CXX object src/CMakeFiles/clementine_lib.dir/smartplaylists/generator.cpp.o
[ 63%] Building CXX object src/CMakeFiles/clementine_lib.dir/smartplaylists/generatorinserter.cpp.o
[ 64%] Building CXX object src/CMakeFiles/clementine_lib.dir/smartplaylists/querygenerator.cpp.o
[ 64%] Building CXX object src/CMakeFiles/clementine_lib.dir/smartplaylists/querywizardplugin.cpp.o
[ 64%] Building CXX object src/CMakeFiles/clementine_lib.dir/smartplaylists/search.cpp.o
[ 64%] Building CXX object src/CMakeFiles/clementine_lib.dir/smartplaylists/searchpreview.cpp.o
[ 64%] Building CXX object src/CMakeFiles/clementine_lib.dir/smartplaylists/searchterm.cpp.o
[ 64%] Building CXX object src/CMakeFiles/clementine_lib.dir/smartplaylists/searchtermwidget.cpp.o
[ 64%] Building CXX object src/CMakeFiles/clementine_lib.dir/smartplaylists/wizard.cpp.o
[ 64%] Building CXX object src/CMakeFiles/clementine_lib.dir/smartplaylists/wizardplugin.cpp.o
[ 64%] Building CXX object src/CMakeFiles/clementine_lib.dir/songinfo/artistbiography.cpp.o
[ 64%] Building CXX object src/CMakeFiles/clementine_lib.dir/songinfo/artistimages.cpp.o
[ 64%] Building CXX object src/CMakeFiles/clementine_lib.dir/songinfo/artistinfoview.cpp.o
[ 64%] Building CXX object src/CMakeFiles/clementine_lib.dir/songinfo/collapsibleinfoheader.cpp.o
[ 64%] Building CXX object src/CMakeFiles/clementine_lib.dir/songinfo/collapsibleinfopane.cpp.o
[ 64%] Building CXX object src/CMakeFiles/clementine_lib.dir/songinfo/lrcparser.cpp.o
[ 65%] Building CXX object src/CMakeFiles/clementine_lib.dir/songinfo/lyricsfetcher.cpp.o
[ 65%] Building CXX object src/CMakeFiles/clementine_lib.dir/songinfo/lyricsinfoprovider.cpp.o
[ 65%] Building CXX object src/CMakeFiles/clementine_lib.dir/songinfo/songinfobase.cpp.o
[ 65%] Building CXX object src/CMakeFiles/clementine_lib.dir/songinfo/songinfofetcher.cpp.o
[ 65%] Building CXX object src/CMakeFiles/clementine_lib.dir/songinfo/songinfoprovider.cpp.o
[ 65%] Building CXX object src/CMakeFiles/clementine_lib.dir/songinfo/songinfosettingspage.cpp.o
[ 65%] Building CXX object src/CMakeFiles/clementine_lib.dir/songinfo/songinfotextview.cpp.o
[ 65%] Building CXX object src/CMakeFiles/clementine_lib.dir/songinfo/songinfoview.cpp.o
[ 65%] Building CXX object src/CMakeFiles/clementine_lib.dir/songinfo/songplaystats.cpp.o
[ 65%] Building CXX object src/CMakeFiles/clementine_lib.dir/songinfo/streamdiscoverer.cpp.o
[ 65%] Building CXX object src/CMakeFiles/clementine_lib.dir/songinfo/syncedlyricsview.cpp.o
[ 65%] Building CXX object src/CMakeFiles/clementine_lib.dir/transcoder/transcodedialog.cpp.o
[ 65%] Building CXX object src/CMakeFiles/clementine_lib.dir/transcoder/transcoder.cpp.o
[ 65%] Building CXX object src/CMakeFiles/clementine_lib.dir/transcoder/transcoderoptionsaac.cpp.o
[ 65%] Building CXX object src/CMakeFiles/clementine_lib.dir/transcoder/transcoderoptionsavaac.cpp.o
[ 67%] Building CXX object src/CMakeFiles/clementine_lib.dir/transcoder/transcoderoptionsdialog.cpp.o
[ 67%] Building CXX object src/CMakeFiles/clementine_lib.dir/transcoder/transcoderoptionserror.cpp.o
[ 67%] Building CXX object src/CMakeFiles/clementine_lib.dir/transcoder/transcoderoptionsfdkaac.cpp.o
[ 67%] Building CXX object src/CMakeFiles/clementine_lib.dir/transcoder/transcoderoptionsflac.cpp.o
[ 67%] Building CXX object src/CMakeFiles/clementine_lib.dir/transcoder/transcoderoptionsmp3.cpp.o
[ 67%] Building CXX object src/CMakeFiles/clementine_lib.dir/transcoder/transcoderoptionsopus.cpp.o
[ 67%] Building CXX object src/CMakeFiles/clementine_lib.dir/transcoder/transcoderoptionsspeex.cpp.o
[ 67%] Building CXX object src/CMakeFiles/clementine_lib.dir/transcoder/transcoderoptionsvoaac.cpp.o
[ 67%] Building CXX object src/CMakeFiles/clementine_lib.dir/transcoder/transcoderoptionsvorbis.cpp.o
[ 67%] Building CXX object src/CMakeFiles/clementine_lib.dir/transcoder/transcoderoptionswma.cpp.o
[ 67%] Building CXX object src/CMakeFiles/clementine_lib.dir/transcoder/transcodersettingspage.cpp.o
[ 67%] Building CXX object src/CMakeFiles/clementine_lib.dir/ui/about.cpp.o
[ 67%] Building CXX object src/CMakeFiles/clementine_lib.dir/ui/addstreamdialog.cpp.o
[ 67%] Building CXX object src/CMakeFiles/clementine_lib.dir/ui/albumcoverchoicecontroller.cpp.o
[ 67%] Building CXX object src/CMakeFiles/clementine_lib.dir/ui/albumcoverexport.cpp.o
[ 68%] Building CXX object src/CMakeFiles/clementine_lib.dir/ui/albumcovermanager.cpp.o
[ 68%] Building CXX object src/CMakeFiles/clementine_lib.dir/ui/albumcovermanagerlist.cpp.o
[ 68%] Building CXX object src/CMakeFiles/clementine_lib.dir/ui/albumcoversearcher.cpp.o
[ 68%] Building CXX object src/CMakeFiles/clementine_lib.dir/ui/appearancesettingspage.cpp.o
[ 68%] Building CXX object src/CMakeFiles/clementine_lib.dir/ui/backgroundstreamssettingspage.cpp.o
[ 68%] Building CXX object src/CMakeFiles/clementine_lib.dir/ui/behavioursettingspage.cpp.o
[ 68%] Building CXX object src/CMakeFiles/clementine_lib.dir/ui/console.cpp.o
[ 68%] Building CXX object src/CMakeFiles/clementine_lib.dir/ui/coverfromurldialog.cpp.o
[ 68%] Building CXX object src/CMakeFiles/clementine_lib.dir/ui/edittagdialog.cpp.o
[ 68%] Building CXX object src/CMakeFiles/clementine_lib.dir/ui/lovedialog.cpp.o
[ 68%] Building CXX object src/CMakeFiles/clementine_lib.dir/ui/equalizer.cpp.o
[ 68%] Building CXX object src/CMakeFiles/clementine_lib.dir/ui/filechooserwidget.cpp.o
[ 68%] Building CXX object src/CMakeFiles/clementine_lib.dir/ui/flowlayout.cpp.o
[ 68%] Building CXX object src/CMakeFiles/clementine_lib.dir/ui/globalshortcutgrabber.cpp.o
[ 69%] Building CXX object src/CMakeFiles/clementine_lib.dir/ui/globalshortcutssettingspage.cpp.o
[ 69%] Building CXX object src/CMakeFiles/clementine_lib.dir/ui/iconloader.cpp.o
[ 69%] Building CXX object src/CMakeFiles/clementine_lib.dir/ui/mainwindow.cpp.o
[ 69%] Building CXX object src/CMakeFiles/clementine_lib.dir/ui/networkproxysettingspage.cpp.o
[ 69%] Building CXX object src/CMakeFiles/clementine_lib.dir/ui/networkremotesettingspage.cpp.o
[ 69%] Building CXX object src/CMakeFiles/clementine_lib.dir/ui/notificationssettingspage.cpp.o
[ 69%] Building CXX object src/CMakeFiles/clementine_lib.dir/ui/organisedialog.cpp.o
[ 69%] Building CXX object src/CMakeFiles/clementine_lib.dir/ui/organiseerrordialog.cpp.o
[ 69%] Building CXX object src/CMakeFiles/clementine_lib.dir/ui/playbacksettingspage.cpp.o
[ 69%] Building CXX object src/CMakeFiles/clementine_lib.dir/ui/qtsystemtrayicon.cpp.o
[ 69%] Building CXX object src/CMakeFiles/clementine_lib.dir/ui/screensaver.cpp.o
[ 69%] Building CXX object src/CMakeFiles/clementine_lib.dir/ui/screenshottaker.cpp.o
[ 69%] Building CXX object src/CMakeFiles/clementine_lib.dir/ui/settingscategory.cpp.o
[ 69%] Building CXX object src/CMakeFiles/clementine_lib.dir/ui/settingsdialog.cpp.o
[ 69%] Building CXX object src/CMakeFiles/clementine_lib.dir/ui/settingspage.cpp.o
[ 70%] Building CXX object src/CMakeFiles/clementine_lib.dir/ui/splash.cpp.o
[ 70%] Building CXX object src/CMakeFiles/clementine_lib.dir/ui/songmetadatasettingspage.cpp.o
[ 70%] Building CXX object src/CMakeFiles/clementine_lib.dir/ui/standarditemiconloader.cpp.o
[ 70%] Building CXX object src/CMakeFiles/clementine_lib.dir/ui/streamdetailsdialog.cpp.o
[ 70%] Building CXX object src/CMakeFiles/clementine_lib.dir/ui/systemtrayicon.cpp.o
[ 70%] Building CXX object src/CMakeFiles/clementine_lib.dir/ui/trackselectiondialog.cpp.o
[ 70%] Building CXX object src/CMakeFiles/clementine_lib.dir/widgets/autoexpandingtreeview.cpp.o
[ 70%] Building CXX object src/CMakeFiles/clementine_lib.dir/ui/windows7thumbbar.cpp.o
[ 70%] Building CXX object src/CMakeFiles/clementine_lib.dir/widgets/busyindicator.cpp.o
[ 70%] Building CXX object src/CMakeFiles/clementine_lib.dir/widgets/clickablelabel.cpp.o
[ 70%] Building CXX object src/CMakeFiles/clementine_lib.dir/widgets/didyoumean.cpp.o
[ 70%] Building CXX object src/CMakeFiles/clementine_lib.dir/widgets/elidedlabel.cpp.o
[ 70%] Building CXX object src/CMakeFiles/clementine_lib.dir/widgets/equalizerslider.cpp.o
[ 70%] Building CXX object src/CMakeFiles/clementine_lib.dir/widgets/errordialog.cpp.o
[ 70%] Building CXX object src/CMakeFiles/clementine_lib.dir/widgets/fancytabwidget.cpp.o
[ 71%] Building CXX object src/CMakeFiles/clementine_lib.dir/widgets/favoritewidget.cpp.o
[ 71%] Building CXX object src/CMakeFiles/clementine_lib.dir/widgets/filenameformatwidget.cpp.o
[ 71%] Building CXX object src/CMakeFiles/clementine_lib.dir/widgets/fileview.cpp.o
[ 71%] Building CXX object src/CMakeFiles/clementine_lib.dir/widgets/fileviewlist.cpp.o
[ 71%] Building CXX object src/CMakeFiles/clementine_lib.dir/widgets/forcescrollperpixel.cpp.o
[ 71%] Building CXX object src/CMakeFiles/clementine_lib.dir/widgets/freespacebar.cpp.o
[ 71%] Building CXX object src/CMakeFiles/clementine_lib.dir/widgets/fullscreenhypnotoad.cpp.o
[ 71%] Building CXX object src/CMakeFiles/clementine_lib.dir/widgets/groupediconview.cpp.o
[ 71%] Building CXX object src/CMakeFiles/clementine_lib.dir/widgets/lineedit.cpp.o
[ 71%] Building CXX object src/CMakeFiles/clementine_lib.dir/widgets/linetextedit.cpp.o
[ 71%] Building CXX object src/CMakeFiles/clementine_lib.dir/widgets/loginstatewidget.cpp.o
[ 71%] Building CXX object src/CMakeFiles/clementine_lib.dir/widgets/multiloadingindicator.cpp.o
[ 71%] Building CXX object src/CMakeFiles/clementine_lib.dir/widgets/nowplayingwidget.cpp.o
[ 71%] Building CXX object src/CMakeFiles/clementine_lib.dir/widgets/osd.cpp.o
[ 72%] Building CXX object src/CMakeFiles/clementine_lib.dir/widgets/osdpretty.cpp.o
[ 72%] Building CXX object src/CMakeFiles/clementine_lib.dir/widgets/prettyimage.cpp.o
[ 72%] Building CXX object src/CMakeFiles/clementine_lib.dir/widgets/prettyimageview.cpp.o
[ 72%] Building CXX object src/CMakeFiles/clementine_lib.dir/widgets/progressitemdelegate.cpp.o
[ 72%] Building CXX object src/CMakeFiles/clementine_lib.dir/widgets/ratingwidget.cpp.o
[ 72%] Building CXX object src/CMakeFiles/clementine_lib.dir/widgets/renametablineedit.cpp.o
[ 72%] Building CXX object src/CMakeFiles/clementine_lib.dir/widgets/sliderwidget.cpp.o
[ 72%] Building CXX object src/CMakeFiles/clementine_lib.dir/widgets/stickyslider.cpp.o
[ 72%] Building CXX object src/CMakeFiles/clementine_lib.dir/widgets/stretchheaderview.cpp.o
[ 72%] Building CXX object src/CMakeFiles/clementine_lib.dir/widgets/stylehelper.cpp.o
[ 72%] Building CXX object src/CMakeFiles/clementine_lib.dir/widgets/trackslider.cpp.o
[ 72%] Building CXX object src/CMakeFiles/clementine_lib.dir/widgets/tracksliderpopup.cpp.o
[ 72%] Building CXX object src/CMakeFiles/clementine_lib.dir/widgets/tracksliderslider.cpp.o
[ 72%] Building CXX object src/CMakeFiles/clementine_lib.dir/widgets/widgetfadehelper.cpp.o
[ 72%] Building CXX object src/CMakeFiles/clementine_lib.dir/visualisations/projectmpresetmodel.cpp.o
[ 73%] Building CXX object src/CMakeFiles/clementine_lib.dir/visualisations/projectmvisualisation.cpp.o
[ 73%] Building CXX object src/CMakeFiles/clementine_lib.dir/visualisations/visualisationcontainer.cpp.o
[ 73%] Building CXX object src/CMakeFiles/clementine_lib.dir/visualisations/visualisationoverlay.cpp.o
[ 73%] Building CXX object src/CMakeFiles/clementine_lib.dir/visualisations/visualisationselector.cpp.o
[ 73%] Building CXX object src/CMakeFiles/clementine_lib.dir/covers/lastfmcoverprovider.cpp.o
[ 73%] Building CXX object src/CMakeFiles/clementine_lib.dir/internet/lastfm/lastfmscrobblecache.cpp.o
[ 73%] Building CXX object src/CMakeFiles/clementine_lib.dir/internet/lastfm/lastfmservice.cpp.o
[ 73%] Building CXX object src/CMakeFiles/clementine_lib.dir/internet/lastfm/lastfmsettingspage.cpp.o
[ 73%] Building CXX object src/CMakeFiles/clementine_lib.dir/internet/lastfm/lastfmws.cpp.o
[ 73%] Building CXX object src/CMakeFiles/clementine_lib.dir/internet/lastfm/lastfmxmlquery.cpp.o
[ 73%] Building CXX object src/CMakeFiles/clementine_lib.dir/songinfo/lastfmtrackinfoprovider.cpp.o
[ 73%] Building CXX object src/CMakeFiles/clementine_lib.dir/songinfo/tagwidget.cpp.o
[ 73%] Building CXX object src/CMakeFiles/clementine_lib.dir/widgets/osd_x11.cpp.o
[ 73%] Building CXX object src/CMakeFiles/clementine_lib.dir/core/mpris2_player.cpp.o
[ 73%] Building CXX object src/CMakeFiles/clementine_lib.dir/core/mpris2_root.cpp.o
[ 74%] Building CXX object src/CMakeFiles/clementine_lib.dir/core/mpris2_tracklist.cpp.o
[ 74%] Building CXX object src/CMakeFiles/clementine_lib.dir/core/mpris2_playlists.cpp.o
/build/clementine-git/src/Clementine/src/visualisations/projectmvisualisation.cpp: In member function ‘void ProjectMVisualisation::InitProjectM()’:
/build/clementine-git/src/Clementine/src/visualisations/projectmvisualisation.cpp:141:3: error: ‘projectm_playlist_set_preset_load_event_callback’ was not declared in this scope; did you mean ‘projectm_playlist_set_preset_switched_event_callback’?
  141 |   projectm_playlist_set_preset_load_event_callback(
      |   ^~~~~~~~~~~~~~~~~~~~~~~~~~~~~~~~~~~~~~~~~~~~~~~~
      |   projectm_playlist_set_preset_switched_event_callback
/build/clementine-git/src/Clementine/src/visualisations/projectmvisualisation.cpp: In member function ‘virtual void ProjectMVisualisation::drawBackground(QPainter*, const QRectF&)’:
/build/clementine-git/src/Clementine/src/visualisations/projectmvisualisation.cpp:182:5: error: ‘projectm_opengl_render_frame_fbo’ was not declared in this scope; did you mean ‘projectm_opengl_render_frame’?
  182 |     projectm_opengl_render_frame_fbo(projectm_,
      |     ^~~~~~~~~~~~~~~~~~~~~~~~~~~~~~~~
      |     projectm_opengl_render_frame
[ 74%] Building CXX object src/CMakeFiles/clementine_lib.dir/dbus/notification.cpp.o
[ 74%] Building CXX object src/CMakeFiles/clementine_lib.dir/dbus/gnomesettingsdaemon.cpp.o
make[2]: *** [src/CMakeFiles/clementine_lib.dir/build.make:8788: src/CMakeFiles/clementine_lib.dir/visualisations/projectmvisualisation.cpp.o] Error 1
make[2]: *** Waiting for unfinished jobs....
make[1]: *** [CMakeFiles/Makefile2:793: src/CMakeFiles/clementine_lib.dir/all] Error 2
make: *** [Makefile:136: all] Error 2
[1m[31m==> ERROR:(B[m[1m A failure occurred in build().(B[m
[1m    Aborting...(B[m
