-- Install configuration: "None"
-- Installing: /build/commontk-git/pkg/commontk-git/usr/lib/ctk-0.1/CMake/ctkListToString.cmake
-- Installing: /build/commontk-git/pkg/commontk-git/usr/lib/ctk-0.1/CMake/ctkMacroParseArguments.cmake
-- Installing: /build/commontk-git/pkg/commontk-git/usr/lib/ctk-0.1/CMake/ctkMacroSetPaths.cmake
-- Installing: /build/commontk-git/pkg/commontk-git/usr/lib/ctk-0.1/CMake/ctkMacroListFilter.cmake
-- Installing: /build/commontk-git/pkg/commontk-git/usr/lib/ctk-0.1/CMake/ctkMacroOptionUtils.cmake
-- Installing: /build/commontk-git/pkg/commontk-git/usr/lib/ctk-0.1/CMake/ctkMacroBuildLib.cmake
-- Installing: /build/commontk-git/pkg/commontk-git/usr/lib/ctk-0.1/CMake/ctkFunctionAddExecutableUtf8.cmake
-- Installing: /build/commontk-git/pkg/commontk-git/usr/lib/ctk-0.1/CMake/ctkFunctionExtractOptimizedLibrary.cmake
-- Installing: /build/commontk-git/pkg/commontk-git/usr/lib/ctk-0.1/CMake/ctkMacroBuildLibWrapper.cmake
-- Installing: /build/commontk-git/pkg/commontk-git/usr/lib/ctk-0.1/CMake/ctkMacroBuildPlugin.cmake
-- Installing: /build/commontk-git/pkg/commontk-git/usr/lib/ctk-0.1/CMake/ctkMacroBuildApp.cmake
-- Installing: /build/commontk-git/pkg/commontk-git/usr/lib/ctk-0.1/CMake/ctkMacroBuildQtPlugin.cmake
-- Installing: /build/commontk-git/pkg/commontk-git/usr/lib/ctk-0.1/CMake/ctkMacroCompilePythonScript.cmake
-- Installing: /build/commontk-git/pkg/commontk-git/usr/lib/ctk-0.1/CMake/ctkMacroGenerateMocs.cmake
-- Installing: /build/commontk-git/pkg/commontk-git/usr/lib/ctk-0.1/CMake/ctkMacroWrapPythonQt.cmake
-- Installing: /build/commontk-git/pkg/commontk-git/usr/lib/ctk-0.1/CMake/ctkMacroSetupQt.cmake
-- Installing: /build/commontk-git/pkg/commontk-git/usr/lib/ctk-0.1/CMake/ctkMacroTargetLibraries.cmake
-- Installing: /build/commontk-git/pkg/commontk-git/usr/lib/ctk-0.1/CMake/ctkFunctionExtractOptionNameAndValue.cmake
-- Installing: /build/commontk-git/pkg/commontk-git/usr/lib/ctk-0.1/CMake/ctkMacroValidateBuildOptions.cmake
-- Installing: /build/commontk-git/pkg/commontk-git/usr/lib/ctk-0.1/CMake/ctkMacroAddCtkLibraryOptions.cmake
-- Installing: /build/commontk-git/pkg/commontk-git/usr/lib/ctk-0.1/CMake/ctkFunctionGenerateDGraphInput.cmake
-- Installing: /build/commontk-git/pkg/commontk-git/usr/lib/ctk-0.1/CMake/ctkFunctionGeneratePluginManifest.cmake
-- Installing: /build/commontk-git/pkg/commontk-git/usr/lib/ctk-0.1/CMake/ctkMacroGeneratePluginResourceFile.cmake
-- Installing: /build/commontk-git/pkg/commontk-git/usr/lib/ctk-0.1/CMake/ctkFunctionAddPluginRepo.cmake
-- Installing: /build/commontk-git/pkg/commontk-git/usr/lib/ctk-0.1/CMake/ctkFunctionCheckCompilerFlags.cmake
-- Installing: /build/commontk-git/pkg/commontk-git/usr/lib/ctk-0.1/CMake/ctkFunctionCheckoutRepo.cmake
-- Installing: /build/commontk-git/pkg/commontk-git/usr/lib/ctk-0.1/CMake/ctkFunctionGetIncludeDirs.cmake
-- Installing: /build/commontk-git/pkg/commontk-git/usr/lib/ctk-0.1/CMake/ctkFunctionGetLibraryDirs.cmake
-- Installing: /build/commontk-git/pkg/commontk-git/usr/lib/ctk-0.1/CMake/ctkFunctionGetGccVersion.cmake
-- Installing: /build/commontk-git/pkg/commontk-git/usr/lib/ctk-0.1/CMake/ctkFunctionGetCompilerVisibilityFlags.cmake
-- Installing: /build/commontk-git/pkg/commontk-git/usr/lib/ctk-0.1/CMake/ctkFunctionCompileSnippets.cmake
-- Installing: /build/commontk-git/pkg/commontk-git/usr/lib/ctk-0.1/CMake/ctkExport.h.in
-- Installing: /build/commontk-git/pkg/commontk-git/usr/lib/ctk-0.1/CMake/ctkLinkerAsNeededFlagCheck.cmake
-- Installing: /build/commontk-git/pkg/commontk-git/usr/lib/ctk-0.1/CMake/ctk_compile_python_scripts.cmake.in
-- Installing: /build/commontk-git/pkg/commontk-git/usr/include/ctk-0.1/ctkDeprecated.h
-- Installing: /build/commontk-git/pkg/commontk-git/usr/lib/ctk-0.1/CMake/ctkLinkerAsNeededFlagCheck/CMakeLists.txt
-- Installing: /build/commontk-git/pkg/commontk-git/usr/lib/ctk-0.1/CMake/ctkLinkerAsNeededFlagCheck/A.cpp
-- Installing: /build/commontk-git/pkg/commontk-git/usr/lib/ctk-0.1/CMake/ctkLinkerAsNeededFlagCheck/B.cpp
-- Installing: /build/commontk-git/pkg/commontk-git/usr/lib/ctk-0.1/CMake/ctkLinkerAsNeededFlagCheck/C.cpp
-- Installing: /build/commontk-git/pkg/commontk-git/usr/lib/ctk-0.1/CMake/UseCTK.cmake
-- Installing: /build/commontk-git/pkg/commontk-git/usr/lib/ctk-0.1/libCTKCore.so.0.1.0
-- Installing: /build/commontk-git/pkg/commontk-git/usr/lib/ctk-0.1/libCTKCore.so.0.1
-- Installing: /build/commontk-git/pkg/commontk-git/usr/lib/ctk-0.1/libCTKCore.so
-- Installing: /build/commontk-git/pkg/commontk-git/usr/include/ctk-0.1/ctkAbstractFactory.h
-- Installing: /build/commontk-git/pkg/commontk-git/usr/include/ctk-0.1/ctkAbstractFactory.tpp
-- Installing: /build/commontk-git/pkg/commontk-git/usr/include/ctk-0.1/ctkAbstractFileBasedFactory.h
-- Installing: /build/commontk-git/pkg/commontk-git/usr/include/ctk-0.1/ctkAbstractFileBasedFactory.tpp
-- Installing: /build/commontk-git/pkg/commontk-git/usr/include/ctk-0.1/ctkAbstractJob.h
-- Installing: /build/commontk-git/pkg/commontk-git/usr/include/ctk-0.1/ctkAbstractLibraryFactory.h
-- Installing: /build/commontk-git/pkg/commontk-git/usr/include/ctk-0.1/ctkAbstractLibraryFactory.tpp
-- Installing: /build/commontk-git/pkg/commontk-git/usr/include/ctk-0.1/ctkAbstractObjectFactory.h
-- Installing: /build/commontk-git/pkg/commontk-git/usr/include/ctk-0.1/ctkAbstractObjectFactory.tpp
-- Installing: /build/commontk-git/pkg/commontk-git/usr/include/ctk-0.1/ctkAbstractPluginFactory.h
-- Installing: /build/commontk-git/pkg/commontk-git/usr/include/ctk-0.1/ctkAbstractPluginFactory.tpp
-- Installing: /build/commontk-git/pkg/commontk-git/usr/include/ctk-0.1/ctkAbstractQObjectFactory.h
-- Installing: /build/commontk-git/pkg/commontk-git/usr/include/ctk-0.1/ctkAbstractQObjectFactory.tpp
-- Installing: /build/commontk-git/pkg/commontk-git/usr/include/ctk-0.1/ctkAbstractWorker.h
-- Installing: /build/commontk-git/pkg/commontk-git/usr/include/ctk-0.1/ctkBackTrace.h
-- Installing: /build/commontk-git/pkg/commontk-git/usr/include/ctk-0.1/ctkBinaryFileDescriptor.h
-- Installing: /build/commontk-git/pkg/commontk-git/usr/include/ctk-0.1/ctkBooleanMapper.h
-- Installing: /build/commontk-git/pkg/commontk-git/usr/include/ctk-0.1/ctkCallback.h
-- Installing: /build/commontk-git/pkg/commontk-git/usr/include/ctk-0.1/ctkCommandLineParser.h
-- Installing: /build/commontk-git/pkg/commontk-git/usr/include/ctk-0.1/ctkCompatibility_p.h
-- Installing: /build/commontk-git/pkg/commontk-git/usr/include/ctk-0.1/ctkCompilerDetections_p.h
-- Installing: /build/commontk-git/pkg/commontk-git/usr/include/ctk-0.1/ctkCorePythonQtDecorators.h
-- Installing: /build/commontk-git/pkg/commontk-git/usr/include/ctk-0.1/ctkCoreSettings.h
-- Installing: /build/commontk-git/pkg/commontk-git/usr/include/ctk-0.1/ctkCoreTestingMacros.h
-- Installing: /build/commontk-git/pkg/commontk-git/usr/include/ctk-0.1/ctkCoreTestingUtilities.h
-- Installing: /build/commontk-git/pkg/commontk-git/usr/include/ctk-0.1/ctkCoreTestingUtilities.tpp
-- Installing: /build/commontk-git/pkg/commontk-git/usr/include/ctk-0.1/ctkDependencyGraph.h
-- Installing: /build/commontk-git/pkg/commontk-git/usr/include/ctk-0.1/ctkErrorLogAbstractMessageHandler.h
-- Installing: /build/commontk-git/pkg/commontk-git/usr/include/ctk-0.1/ctkErrorLogAbstractModel.h
-- Installing: /build/commontk-git/pkg/commontk-git/usr/include/ctk-0.1/ctkErrorLogContext.h
-- Installing: /build/commontk-git/pkg/commontk-git/usr/include/ctk-0.1/ctkErrorLogFDMessageHandler.h
-- Installing: /build/commontk-git/pkg/commontk-git/usr/include/ctk-0.1/ctkErrorLogFDMessageHandler_p.h
-- Installing: /build/commontk-git/pkg/commontk-git/usr/include/ctk-0.1/ctkErrorLogLevel.h
-- Installing: /build/commontk-git/pkg/commontk-git/usr/include/ctk-0.1/ctkErrorLogQtMessageHandler.h
-- Installing: /build/commontk-git/pkg/commontk-git/usr/include/ctk-0.1/ctkErrorLogStreamMessageHandler.h
-- Installing: /build/commontk-git/pkg/commontk-git/usr/include/ctk-0.1/ctkErrorLogTerminalOutput.h
-- Installing: /build/commontk-git/pkg/commontk-git/usr/include/ctk-0.1/ctkException.h
-- Installing: /build/commontk-git/pkg/commontk-git/usr/include/ctk-0.1/ctkFileLogger.h
-- Installing: /build/commontk-git/pkg/commontk-git/usr/include/ctk-0.1/ctkHighPrecisionTimer.h
-- Installing: /build/commontk-git/pkg/commontk-git/usr/include/ctk-0.1/ctkJobScheduler.h
-- Installing: /build/commontk-git/pkg/commontk-git/usr/include/ctk-0.1/ctkLinearValueProxy.h
-- Installing: /build/commontk-git/pkg/commontk-git/usr/include/ctk-0.1/ctkLogger.h
-- Installing: /build/commontk-git/pkg/commontk-git/usr/include/ctk-0.1/ctkModelTester.h
-- Installing: /build/commontk-git/pkg/commontk-git/usr/include/ctk-0.1/ctkPimpl.h
-- Installing: /build/commontk-git/pkg/commontk-git/usr/include/ctk-0.1/ctkScopedCurrentDir.h
-- Installing: /build/commontk-git/pkg/commontk-git/usr/include/ctk-0.1/ctkSetName.h
-- Installing: /build/commontk-git/pkg/commontk-git/usr/include/ctk-0.1/ctkSingleton.h
-- Installing: /build/commontk-git/pkg/commontk-git/usr/include/ctk-0.1/ctkUtils.h
-- Installing: /build/commontk-git/pkg/commontk-git/usr/include/ctk-0.1/ctkUtils.tpp
-- Installing: /build/commontk-git/pkg/commontk-git/usr/include/ctk-0.1/ctkValueProxy.h
-- Installing: /build/commontk-git/pkg/commontk-git/usr/include/ctk-0.1/ctkWorkflow.h
-- Installing: /build/commontk-git/pkg/commontk-git/usr/include/ctk-0.1/ctkWorkflowStep.h
-- Installing: /build/commontk-git/pkg/commontk-git/usr/include/ctk-0.1/ctkWorkflowStep_p.h
-- Installing: /build/commontk-git/pkg/commontk-git/usr/include/ctk-0.1/ctkWorkflowTransitions.h
-- Installing: /build/commontk-git/pkg/commontk-git/usr/include/ctk-0.1/ctkWorkflow_p.h
-- Installing: /build/commontk-git/pkg/commontk-git/usr/include/ctk-0.1/ctkCoreExport.h
-- Installing: /build/commontk-git/pkg/commontk-git/usr/lib/ctk-0.1/libCTKDummyPlugin.so.0.1.0
-- Installing: /build/commontk-git/pkg/commontk-git/usr/lib/ctk-0.1/libCTKDummyPlugin.so.0.1
-- Set non-toolchain portion of runtime path of "/build/commontk-git/pkg/commontk-git/usr/lib/ctk-0.1/libCTKDummyPlugin.so.0.1.0" to ""
-- Installing: /build/commontk-git/pkg/commontk-git/usr/lib/ctk-0.1/libCTKDummyPlugin.so
-- Installing: /build/commontk-git/pkg/commontk-git/usr/include/ctk-0.1/ctkBranchingWorkflowStep.h
-- Installing: /build/commontk-git/pkg/commontk-git/usr/include/ctk-0.1/ctkDependencyGraphTestHelper.h
-- Installing: /build/commontk-git/pkg/commontk-git/usr/include/ctk-0.1/ctkDummyPlugin.h
-- Installing: /build/commontk-git/pkg/commontk-git/usr/include/ctk-0.1/ctkExampleDerivedWorkflowStep.h
-- Installing: /build/commontk-git/pkg/commontk-git/usr/include/ctk-0.1/ctkExampleWorkflowStepUsingSignalsAndSlots.h
-- Installing: /build/commontk-git/pkg/commontk-git/usr/include/ctk-0.1/ctkSingletonTestHelper.h
-- Up-to-date: /build/commontk-git/pkg/commontk-git/usr/include/ctk-0.1/ctkCoreExport.h
-- Installing: /build/commontk-git/pkg/commontk-git/usr/include/ctk-0.1/ctkDummyPluginExport.h
-- Installing: /build/commontk-git/pkg/commontk-git/usr/lib/ctk-0.1/libCTKWidgets.so.0.1.0
-- Installing: /build/commontk-git/pkg/commontk-git/usr/lib/ctk-0.1/libCTKWidgets.so.0.1
-- Set non-toolchain portion of runtime path of "/build/commontk-git/pkg/commontk-git/usr/lib/ctk-0.1/libCTKWidgets.so.0.1.0" to ""
-- Installing: /build/commontk-git/pkg/commontk-git/usr/lib/ctk-0.1/libCTKWidgets.so
-- Installing: /build/commontk-git/pkg/commontk-git/usr/include/ctk-0.1/ctkActionsWidget.h
-- Installing: /build/commontk-git/pkg/commontk-git/usr/include/ctk-0.1/ctkAddRemoveComboBox.h
-- Installing: /build/commontk-git/pkg/commontk-git/usr/include/ctk-0.1/ctkAxesWidget.h
-- Installing: /build/commontk-git/pkg/commontk-git/usr/include/ctk-0.1/ctkAxesWidgetEventPlayer.h
-- Installing: /build/commontk-git/pkg/commontk-git/usr/include/ctk-0.1/ctkAxesWidgetEventTranslator.h
-- Installing: /build/commontk-git/pkg/commontk-git/usr/include/ctk-0.1/ctkBasePopupWidget.h
-- Installing: /build/commontk-git/pkg/commontk-git/usr/include/ctk-0.1/ctkBasePopupWidget_p.h
-- Installing: /build/commontk-git/pkg/commontk-git/usr/include/ctk-0.1/ctkButtonGroup.h
-- Installing: /build/commontk-git/pkg/commontk-git/usr/include/ctk-0.1/ctkCheckBox.h
-- Installing: /build/commontk-git/pkg/commontk-git/usr/include/ctk-0.1/ctkCheckBoxPixmaps.h
-- Installing: /build/commontk-git/pkg/commontk-git/usr/include/ctk-0.1/ctkCheckableComboBox.h
-- Installing: /build/commontk-git/pkg/commontk-git/usr/include/ctk-0.1/ctkCheckableComboBoxEventPlayer.h
-- Installing: /build/commontk-git/pkg/commontk-git/usr/include/ctk-0.1/ctkCheckableComboBoxEventTranslator.h
-- Installing: /build/commontk-git/pkg/commontk-git/usr/include/ctk-0.1/ctkCheckableHeaderView.h
-- Installing: /build/commontk-git/pkg/commontk-git/usr/include/ctk-0.1/ctkCheckableHeaderViewEventPlayer.h
-- Installing: /build/commontk-git/pkg/commontk-git/usr/include/ctk-0.1/ctkCheckableHeaderViewEventTranslator.h
-- Installing: /build/commontk-git/pkg/commontk-git/usr/include/ctk-0.1/ctkCheckableModelHelper.h
-- Installing: /build/commontk-git/pkg/commontk-git/usr/include/ctk-0.1/ctkCheckablePushButton.h
-- Installing: /build/commontk-git/pkg/commontk-git/usr/include/ctk-0.1/ctkCollapsibleButton.h
-- Installing: /build/commontk-git/pkg/commontk-git/usr/include/ctk-0.1/ctkCollapsibleGroupBox.h
-- Installing: /build/commontk-git/pkg/commontk-git/usr/include/ctk-0.1/ctkColorDialog.h
-- Installing: /build/commontk-git/pkg/commontk-git/usr/include/ctk-0.1/ctkColorPickerButton.h
-- Installing: /build/commontk-git/pkg/commontk-git/usr/include/ctk-0.1/ctkComboBox.h
-- Installing: /build/commontk-git/pkg/commontk-git/usr/include/ctk-0.1/ctkCompleter.h
-- Installing: /build/commontk-git/pkg/commontk-git/usr/include/ctk-0.1/ctkConsole.h
-- Installing: /build/commontk-git/pkg/commontk-git/usr/include/ctk-0.1/ctkConsoleEventPlayer.h
-- Installing: /build/commontk-git/pkg/commontk-git/usr/include/ctk-0.1/ctkConsoleEventTranslator.h
-- Installing: /build/commontk-git/pkg/commontk-git/usr/include/ctk-0.1/ctkConsole_p.h
-- Installing: /build/commontk-git/pkg/commontk-git/usr/include/ctk-0.1/ctkCoordinatesWidget.h
-- Installing: /build/commontk-git/pkg/commontk-git/usr/include/ctk-0.1/ctkCoordinatesWidget_p.h
-- Installing: /build/commontk-git/pkg/commontk-git/usr/include/ctk-0.1/ctkCrosshairLabel.h
-- Installing: /build/commontk-git/pkg/commontk-git/usr/include/ctk-0.1/ctkDateRangeWidget.h
-- Installing: /build/commontk-git/pkg/commontk-git/usr/include/ctk-0.1/ctkDirectoryButton.h
-- Installing: /build/commontk-git/pkg/commontk-git/usr/include/ctk-0.1/ctkDoubleRangeSlider.h
-- Installing: /build/commontk-git/pkg/commontk-git/usr/include/ctk-0.1/ctkDoubleRangeSliderEventPlayer.h
-- Installing: /build/commontk-git/pkg/commontk-git/usr/include/ctk-0.1/ctkDoubleRangeSliderEventTranslator.h
-- Installing: /build/commontk-git/pkg/commontk-git/usr/include/ctk-0.1/ctkDoubleSlider.h
-- Installing: /build/commontk-git/pkg/commontk-git/usr/include/ctk-0.1/ctkDoubleSpinBox.h
-- Installing: /build/commontk-git/pkg/commontk-git/usr/include/ctk-0.1/ctkDoubleSpinBox_p.h
-- Installing: /build/commontk-git/pkg/commontk-git/usr/include/ctk-0.1/ctkDynamicSpacer.h
-- Installing: /build/commontk-git/pkg/commontk-git/usr/include/ctk-0.1/ctkErrorLogModel.h
-- Installing: /build/commontk-git/pkg/commontk-git/usr/include/ctk-0.1/ctkErrorLogStatusMessageHandler.h
-- Installing: /build/commontk-git/pkg/commontk-git/usr/include/ctk-0.1/ctkErrorLogWidget.h
-- Installing: /build/commontk-git/pkg/commontk-git/usr/include/ctk-0.1/ctkExpandButton.h
-- Installing: /build/commontk-git/pkg/commontk-git/usr/include/ctk-0.1/ctkExpandableWidget.h
-- Installing: /build/commontk-git/pkg/commontk-git/usr/include/ctk-0.1/ctkFileDialog.h
-- Installing: /build/commontk-git/pkg/commontk-git/usr/include/ctk-0.1/ctkFileDialogEventPlayer.h
-- Installing: /build/commontk-git/pkg/commontk-git/usr/include/ctk-0.1/ctkFileDialogEventTranslator.h
-- Installing: /build/commontk-git/pkg/commontk-git/usr/include/ctk-0.1/ctkFittedTextBrowser.h
-- Installing: /build/commontk-git/pkg/commontk-git/usr/include/ctk-0.1/ctkFittedTextBrowser_p.h
-- Installing: /build/commontk-git/pkg/commontk-git/usr/include/ctk-0.1/ctkFlatProxyModel.h
-- Installing: /build/commontk-git/pkg/commontk-git/usr/include/ctk-0.1/ctkFlowLayout.h
-- Installing: /build/commontk-git/pkg/commontk-git/usr/include/ctk-0.1/ctkFontButton.h
-- Installing: /build/commontk-git/pkg/commontk-git/usr/include/ctk-0.1/ctkFontButtonEventPlayer.h
-- Installing: /build/commontk-git/pkg/commontk-git/usr/include/ctk-0.1/ctkFontButtonEventTranslator.h
-- Installing: /build/commontk-git/pkg/commontk-git/usr/include/ctk-0.1/ctkHistogram.h
-- Installing: /build/commontk-git/pkg/commontk-git/usr/include/ctk-0.1/ctkIconEnginePlugin.h
-- Installing: /build/commontk-git/pkg/commontk-git/usr/include/ctk-0.1/ctkLanguageComboBox.h
-- Installing: /build/commontk-git/pkg/commontk-git/usr/include/ctk-0.1/ctkLayoutFactory.h
-- Installing: /build/commontk-git/pkg/commontk-git/usr/include/ctk-0.1/ctkLayoutManager.h
-- Installing: /build/commontk-git/pkg/commontk-git/usr/include/ctk-0.1/ctkLayoutManager_p.h
-- Installing: /build/commontk-git/pkg/commontk-git/usr/include/ctk-0.1/ctkLayoutViewFactory.h
-- Installing: /build/commontk-git/pkg/commontk-git/usr/include/ctk-0.1/ctkMaterialPropertyPreviewLabel.h
-- Installing: /build/commontk-git/pkg/commontk-git/usr/include/ctk-0.1/ctkMaterialPropertyWidget.h
-- Installing: /build/commontk-git/pkg/commontk-git/usr/include/ctk-0.1/ctkMatrixWidget.h
-- Installing: /build/commontk-git/pkg/commontk-git/usr/include/ctk-0.1/ctkMatrixWidgetEventPlayer.h
-- Installing: /build/commontk-git/pkg/commontk-git/usr/include/ctk-0.1/ctkMatrixWidgetEventTranslator.h
-- Installing: /build/commontk-git/pkg/commontk-git/usr/include/ctk-0.1/ctkMenuButton.h
-- Installing: /build/commontk-git/pkg/commontk-git/usr/include/ctk-0.1/ctkMenuComboBox.h
-- Installing: /build/commontk-git/pkg/commontk-git/usr/include/ctk-0.1/ctkMenuComboBoxEventPlayer.h
-- Installing: /build/commontk-git/pkg/commontk-git/usr/include/ctk-0.1/ctkMenuComboBoxEventTranslator.h
-- Installing: /build/commontk-git/pkg/commontk-git/usr/include/ctk-0.1/ctkMenuComboBox_p.h
-- Installing: /build/commontk-git/pkg/commontk-git/usr/include/ctk-0.1/ctkMessageBox.h
-- Installing: /build/commontk-git/pkg/commontk-git/usr/include/ctk-0.1/ctkModalityWidget.h
-- Installing: /build/commontk-git/pkg/commontk-git/usr/include/ctk-0.1/ctkPathLineEdit.h
-- Installing: /build/commontk-git/pkg/commontk-git/usr/include/ctk-0.1/ctkPathLineEditEventPlayer.h
-- Installing: /build/commontk-git/pkg/commontk-git/usr/include/ctk-0.1/ctkPathLineEditEventTranslator.h
-- Installing: /build/commontk-git/pkg/commontk-git/usr/include/ctk-0.1/ctkPathListButtonsWidget.h
-- Installing: /build/commontk-git/pkg/commontk-git/usr/include/ctk-0.1/ctkPathListButtonsWidget_p.h
-- Installing: /build/commontk-git/pkg/commontk-git/usr/include/ctk-0.1/ctkPathListWidget.h
-- Installing: /build/commontk-git/pkg/commontk-git/usr/include/ctk-0.1/ctkPixmapIconEngine.h
-- Installing: /build/commontk-git/pkg/commontk-git/usr/include/ctk-0.1/ctkPopupWidget.h
-- Installing: /build/commontk-git/pkg/commontk-git/usr/include/ctk-0.1/ctkPopupWidgetEventPlayer.h
-- Installing: /build/commontk-git/pkg/commontk-git/usr/include/ctk-0.1/ctkPopupWidgetEventTranslator.h
-- Installing: /build/commontk-git/pkg/commontk-git/usr/include/ctk-0.1/ctkPopupWidget_p.h
-- Installing: /build/commontk-git/pkg/commontk-git/usr/include/ctk-0.1/ctkProxyStyle.h
-- Installing: /build/commontk-git/pkg/commontk-git/usr/include/ctk-0.1/ctkPushButton.h
-- Installing: /build/commontk-git/pkg/commontk-git/usr/include/ctk-0.1/ctkPushButton_p.h
-- Installing: /build/commontk-git/pkg/commontk-git/usr/include/ctk-0.1/ctkQImageView.h
-- Installing: /build/commontk-git/pkg/commontk-git/usr/include/ctk-0.1/ctkRangeSlider.h
-- Installing: /build/commontk-git/pkg/commontk-git/usr/include/ctk-0.1/ctkRangeSliderEventPlayer.h
-- Installing: /build/commontk-git/pkg/commontk-git/usr/include/ctk-0.1/ctkRangeSliderEventTranslator.h
-- Installing: /build/commontk-git/pkg/commontk-git/usr/include/ctk-0.1/ctkRangeWidget.h
-- Installing: /build/commontk-git/pkg/commontk-git/usr/include/ctk-0.1/ctkScreenshotDialog.h
-- Installing: /build/commontk-git/pkg/commontk-git/usr/include/ctk-0.1/ctkScreenshotDialog_p.h
-- Installing: /build/commontk-git/pkg/commontk-git/usr/include/ctk-0.1/ctkSearchBox.h
-- Installing: /build/commontk-git/pkg/commontk-git/usr/include/ctk-0.1/ctkSettings.h
-- Installing: /build/commontk-git/pkg/commontk-git/usr/include/ctk-0.1/ctkSettingsDialog.h
-- Installing: /build/commontk-git/pkg/commontk-git/usr/include/ctk-0.1/ctkSettingsPanel.h
-- Installing: /build/commontk-git/pkg/commontk-git/usr/include/ctk-0.1/ctkSignalMapper.h
-- Installing: /build/commontk-git/pkg/commontk-git/usr/include/ctk-0.1/ctkSizeGrip.h
-- Installing: /build/commontk-git/pkg/commontk-git/usr/include/ctk-0.1/ctkSliderWidget.h
-- Installing: /build/commontk-git/pkg/commontk-git/usr/include/ctk-0.1/ctkSplitter.h
-- Installing: /build/commontk-git/pkg/commontk-git/usr/include/ctk-0.1/ctkTemplateWidget.h
-- Installing: /build/commontk-git/pkg/commontk-git/usr/include/ctk-0.1/ctkTestApplication.h
-- Installing: /build/commontk-git/pkg/commontk-git/usr/include/ctk-0.1/ctkThumbnailLabel.h
-- Installing: /build/commontk-git/pkg/commontk-git/usr/include/ctk-0.1/ctkThumbnailListWidget.h
-- Installing: /build/commontk-git/pkg/commontk-git/usr/include/ctk-0.1/ctkThumbnailListWidget_p.h
-- Installing: /build/commontk-git/pkg/commontk-git/usr/include/ctk-0.1/ctkToolTipTrapper.h
-- Installing: /build/commontk-git/pkg/commontk-git/usr/include/ctk-0.1/ctkTransferFunction.h
-- Installing: /build/commontk-git/pkg/commontk-git/usr/include/ctk-0.1/ctkTransferFunctionBarsItem.h
-- Installing: /build/commontk-git/pkg/commontk-git/usr/include/ctk-0.1/ctkTransferFunctionControlPointsItem.h
-- Installing: /build/commontk-git/pkg/commontk-git/usr/include/ctk-0.1/ctkTransferFunctionGradientItem.h
-- Installing: /build/commontk-git/pkg/commontk-git/usr/include/ctk-0.1/ctkTransferFunctionItem.h
-- Installing: /build/commontk-git/pkg/commontk-git/usr/include/ctk-0.1/ctkTransferFunctionNativeItem.h
-- Installing: /build/commontk-git/pkg/commontk-git/usr/include/ctk-0.1/ctkTransferFunctionRepresentation.h
-- Installing: /build/commontk-git/pkg/commontk-git/usr/include/ctk-0.1/ctkTransferFunctionScene.h
-- Installing: /build/commontk-git/pkg/commontk-git/usr/include/ctk-0.1/ctkTransferFunctionView.h
-- Installing: /build/commontk-git/pkg/commontk-git/usr/include/ctk-0.1/ctkTreeComboBox.h
-- Installing: /build/commontk-git/pkg/commontk-git/usr/include/ctk-0.1/ctkTreeComboBoxEventPlayer.h
-- Installing: /build/commontk-git/pkg/commontk-git/usr/include/ctk-0.1/ctkTreeComboBoxEventTranslator.h
-- Installing: /build/commontk-git/pkg/commontk-git/usr/include/ctk-0.1/ctkWidgetsPythonQtDecorators.h
-- Installing: /build/commontk-git/pkg/commontk-git/usr/include/ctk-0.1/ctkWidgetsTestingUtilities.h
-- Installing: /build/commontk-git/pkg/commontk-git/usr/include/ctk-0.1/ctkWidgetsUtils.h
-- Installing: /build/commontk-git/pkg/commontk-git/usr/include/ctk-0.1/ctkWorkflowAbstractPagedWidget.h
-- Installing: /build/commontk-git/pkg/commontk-git/usr/include/ctk-0.1/ctkWorkflowButtonBoxWidget.h
-- Installing: /build/commontk-git/pkg/commontk-git/usr/include/ctk-0.1/ctkWorkflowGroupBox.h
-- Installing: /build/commontk-git/pkg/commontk-git/usr/include/ctk-0.1/ctkWorkflowStackedWidget.h
-- Installing: /build/commontk-git/pkg/commontk-git/usr/include/ctk-0.1/ctkWorkflowTabWidget.h
-- Installing: /build/commontk-git/pkg/commontk-git/usr/include/ctk-0.1/ctkWorkflowWidget.h
-- Installing: /build/commontk-git/pkg/commontk-git/usr/include/ctk-0.1/ctkWorkflowWidgetStep.h
-- Installing: /build/commontk-git/pkg/commontk-git/usr/include/ctk-0.1/ctkWorkflowWidgetStep_p.h
-- Installing: /build/commontk-git/pkg/commontk-git/usr/include/ctk-0.1/ctkWidgetsExport.h
-- Installing: /build/commontk-git/pkg/commontk-git/usr/lib/ctk-0.1/designer/libCTKWidgetsPlugins.so
-- Set non-toolchain portion of runtime path of "/build/commontk-git/pkg/commontk-git/usr/lib/ctk-0.1/designer/libCTKWidgetsPlugins.so" to ""
-- Installing: /build/commontk-git/pkg/commontk-git/usr/include/ctk-0.1/ctkTest.h
-- Up-to-date: /build/commontk-git/pkg/commontk-git/usr/lib/ctk-0.1/CMake/ctkFunctionGeneratePluginManifest.cmake
-- Installing: /build/commontk-git/pkg/commontk-git/usr/lib/ctk-0.1/CMake/ctkFunctionGeneratePluginUseFile.cmake
-- Up-to-date: /build/commontk-git/pkg/commontk-git/usr/lib/ctk-0.1/CMake/ctkMacroGeneratePluginResourceFile.cmake
-- Installing: /build/commontk-git/pkg/commontk-git/usr/lib/ctk-0.1/CMake/ctkFunctionExtractPluginTargets.cmake
-- Installing: /build/commontk-git/pkg/commontk-git/usr/lib/ctk-0.1/CMake/ctkFunctionGetAllPluginTargets.cmake
-- Installing: /build/commontk-git/pkg/commontk-git/usr/lib/ctk-0.1/CMake/ctkFunctionGetTargetDependencies.cmake
-- Installing: /build/commontk-git/pkg/commontk-git/usr/lib/ctk-0.1/CMake/ctkFunctionGetPluginDependencies.cmake
-- Installing: /build/commontk-git/pkg/commontk-git/usr/lib/ctk-0.1/CMake/ctkMacroSetupPlugins.cmake
-- Installing: /build/commontk-git/pkg/commontk-git/usr/include/ctk-0.1/ctkConfig.h
-- Installing: /build/commontk-git/pkg/commontk-git/usr/lib/ctk-0.1/CMake/CTKPluginUseFile.cmake
-- Installing: /build/commontk-git/pkg/commontk-git/usr/lib/ctk-0.1/CMake/CTKExports.cmake
-- Installing: /build/commontk-git/pkg/commontk-git/usr/lib/ctk-0.1/CMake/CTKExports-none.cmake
-- Installing: /build/commontk-git/pkg/commontk-git/usr/lib/ctk-0.1/CMake/CTKConfig.cmake
-- Installing: /build/commontk-git/pkg/commontk-git/usr/lib/ctk-0.1/CMake/CTKConfigVersion.cmake
