The no-dev option is deprecated.  Use -Wno-author instead.
-- Setting C++ standard
-- Setting C++ standard - C++17
-- The C compiler identification is GNU 16.1.1
-- The CXX compiler identification is GNU 16.1.1
-- Detecting C compiler ABI info
-- Detecting C compiler ABI info - done
-- Check for working C compiler: /usr/bin/cc - skipped
-- Detecting C compile features
-- Detecting C compile features - done
-- Detecting CXX compiler ABI info
-- Detecting CXX compiler ABI info - done
-- Check for working CXX compiler: /usr/bin/c++ - skipped
-- Detecting CXX compile features
-- Detecting CXX compile features - done
-- Checking to see if CXX compiler accepts flag -fvisibility=hidden
-- Checking to see if CXX compiler accepts flag -fvisibility=hidden - yes
-- Checking to see if CXX compiler accepts flag -fvisibility-inlines-hidden
-- Checking to see if CXX compiler accepts flag -fvisibility-inlines-hidden - yes
-- Checking to see if CXX compiler accepts flag -fdiagnostics-show-option
-- Checking to see if CXX compiler accepts flag -fdiagnostics-show-option - yes
-- Checking to see if CXX compiler accepts flag -Wl,--no-undefined
-- Checking to see if CXX compiler accepts flag -Wl,--no-undefined - yes
-- Checking to see if CXX compiler accepts flag -fstack-protector-all
-- Checking to see if CXX compiler accepts flag -fstack-protector-all - yes
-- Checking if --no-as-needed linker flag is required
-- Checking if --no-as-needed linker flag is required - no
-- CTK_LIB_Core_WITH_BFD_SHARED is OFF
-- CTK_LIB_Core_WITH_BFD_STATIC is OFF
-- Generated: /build/commontk-git/src/build/DGraphInput-alldep.txt
-- Generated: /build/commontk-git/src/build/DGraphInput-alldep-withext.txt
-- Generated: /build/commontk-git/src/build/DGraphInput.txt
-- Configuring CTK with Qt 5.15.19 (using modules: Core, Svg, Xml, Test, Widgets, OpenGL, Designer)
-- SuperBuild - First pass
-- SuperBuild - First pass - done
-- CTKCore: BFD support disabled
-- Configuring done (5.4s)
-- Generating done (0.1s)
-- Build files have been written to: /build/commontk-git/src/build
[  0%] Built target CTKCore_autogen_timestamp_deps
[  0%] Automatic MOC and UIC for target CTKCore
[  0%] Built target CTKCore_autogen
[  1%] Building CXX object Libs/Core/CMakeFiles/CTKCore.dir/ctkCommandLineParser.cpp.o
[  2%] Building CXX object Libs/Core/CMakeFiles/CTKCore.dir/ctkErrorLogAbstractMessageHandler.cpp.o
[  2%] Building CXX object Libs/Core/CMakeFiles/CTKCore.dir/ctkAbstractJob.cpp.o
[  3%] Building CXX object Libs/Core/CMakeFiles/CTKCore.dir/CTKCore_autogen/mocs_compilation.cpp.o
[  3%] Building CXX object Libs/Core/CMakeFiles/CTKCore.dir/ctkBackTrace.cpp.o
[  3%] Building CXX object Libs/Core/CMakeFiles/CTKCore.dir/ctkAbstractWorker.cpp.o
[  3%] Building CXX object Libs/Core/CMakeFiles/CTKCore.dir/ctkErrorLogAbstractModel.cpp.o
[  3%] Building CXX object Libs/Core/CMakeFiles/CTKCore.dir/ctkDependencyGraph.cpp.o
[  3%] Building CXX object Libs/Core/CMakeFiles/CTKCore.dir/ctkCallback.cpp.o
[  3%] Building CXX object Libs/Core/CMakeFiles/CTKCore.dir/ctkBooleanMapper.cpp.o
[  3%] Building CXX object Libs/Core/CMakeFiles/CTKCore.dir/ctkCoreSettings.cpp.o
[  3%] Building CXX object Libs/Core/CMakeFiles/CTKCore.dir/ctkCoreTestingUtilities.cpp.o
[  3%] Building CXX object Libs/Core/CMakeFiles/CTKCore.dir/ctkErrorLogFDMessageHandler.cpp.o
[  4%] Building CXX object Libs/Core/CMakeFiles/CTKCore.dir/ctkErrorLogLevel.cpp.o
[  4%] Building CXX object Libs/Core/CMakeFiles/CTKCore.dir/ctkErrorLogTerminalOutput.cpp.o
[  4%] Building CXX object Libs/Core/CMakeFiles/CTKCore.dir/ctkErrorLogQtMessageHandler.cpp.o
[  4%] Building CXX object Libs/Core/CMakeFiles/CTKCore.dir/ctkErrorLogStreamMessageHandler.cpp.o
[  5%] Building CXX object Libs/Core/CMakeFiles/CTKCore.dir/ctkException.cpp.o
[  5%] Building CXX object Libs/Core/CMakeFiles/CTKCore.dir/ctkFileLogger.cpp.o
[  5%] Building CXX object Libs/Core/CMakeFiles/CTKCore.dir/ctkHighPrecisionTimer.cpp.o
[  6%] Building CXX object Libs/Core/CMakeFiles/CTKCore.dir/ctkJobScheduler.cpp.o
[  6%] Building CXX object Libs/Core/CMakeFiles/CTKCore.dir/ctkLinearValueProxy.cpp.o
[  6%] Building CXX object Libs/Core/CMakeFiles/CTKCore.dir/ctkLogger.cpp.o
[  7%] Building CXX object Libs/Core/CMakeFiles/CTKCore.dir/ctkModelTester.cpp.o
[  7%] Building CXX object Libs/Core/CMakeFiles/CTKCore.dir/ctkScopedCurrentDir.cpp.o
[  7%] Building CXX object Libs/Core/CMakeFiles/CTKCore.dir/ctkUtils.cpp.o
[  7%] Building CXX object Libs/Core/CMakeFiles/CTKCore.dir/ctkValueProxy.cpp.o
[  8%] Building CXX object Libs/Core/CMakeFiles/CTKCore.dir/ctkWorkflow.cpp.o
[  8%] Building CXX object Libs/Core/CMakeFiles/CTKCore.dir/ctkWorkflowStep.cpp.o
[  8%] Building CXX object Libs/Core/CMakeFiles/CTKCore.dir/ctkSetName.cpp.o
[  9%] Linking CXX shared library ../../bin/libCTKCore.so
[  9%] Built target CTKCore
[  9%] Built target CTKWidgets_autogen_timestamp_deps
[  9%] Building CXX object Libs/Core/Documentation/Snippets/CMakeFiles/Snippet-CommandLineParser.dir/CommandLineParser/main.cpp.o
[  9%] Built target CTKDummyPlugin_autogen_timestamp_deps
[  9%] Automatic MOC and UIC for target CTKWidgets
[ 10%] Automatic MOC and UIC for target CTKDummyPlugin
AutoMoc warning
---------------
"SRC:/Libs/Widgets/ctkPathListWidget.cpp"
includes the moc file "ctkPathListWidget.moc", but does not contain a Q_OBJECT, Q_GADGET, Q_NAMESPACE or Q_NAMESPACE_EXPORT macro.

[ 10%] Built target CTKDummyPlugin_autogen
[ 11%] Building CXX object Libs/Core/Testing/Cpp/CMakeFiles/CTKDummyPlugin.dir/ctkDummyPlugin.cpp.o
[ 11%] Building CXX object Libs/Core/Testing/Cpp/CMakeFiles/CTKDummyPlugin.dir/CTKDummyPlugin_autogen/mocs_compilation.cpp.o
[ 12%] Linking CXX executable ../../../../bin/snippets/CommandLineParser
[ 12%] Linking CXX shared library ../../../../bin/libCTKDummyPlugin.so
AutoMoc: /build/commontk-git/src/CTK/Libs/Widgets/ctkPathListWidget.cpp:0: Note: No relevant classes found. No output generated.
[ 12%] Built target CTKWidgets_autogen
[ 12%] Automatic RCC for Resources/ctkWidgets.qrc
[ 12%] Built target Snippet-CommandLineParser
[ 12%] Building CXX object Libs/Widgets/CMakeFiles/CTKWidgets.dir/ctkCheckableHeaderView.cpp.o
[ 12%] Building CXX object Libs/Widgets/CMakeFiles/CTKWidgets.dir/ctkAxesWidget.cpp.o
[ 12%] Building CXX object Libs/Widgets/CMakeFiles/CTKWidgets.dir/CTKWidgets_autogen/mocs_compilation.cpp.o
[ 13%] Building CXX object Libs/Widgets/CMakeFiles/CTKWidgets.dir/ctkCheckableModelHelper.cpp.o
[ 13%] Building CXX object Libs/Widgets/CMakeFiles/CTKWidgets.dir/ctkActionsWidget.cpp.o
[ 14%] Building CXX object Libs/Widgets/CMakeFiles/CTKWidgets.dir/ctkCheckableComboBox.cpp.o
[ 14%] Building CXX object Libs/Widgets/CMakeFiles/CTKWidgets.dir/ctkAddRemoveComboBox.cpp.o
[ 15%] Building CXX object Libs/Widgets/CMakeFiles/CTKWidgets.dir/ctkCheckBoxPixmaps.cpp.o
[ 15%] Building CXX object Libs/Widgets/CMakeFiles/CTKWidgets.dir/ctkButtonGroup.cpp.o
[ 15%] Building CXX object Libs/Widgets/CMakeFiles/CTKWidgets.dir/ctkCheckBox.cpp.o
[ 15%] Building CXX object Libs/Widgets/CMakeFiles/CTKWidgets.dir/ctkCompleter.cpp.o
[ 15%] Building CXX object Libs/Widgets/CMakeFiles/CTKWidgets.dir/ctkBasePopupWidget.cpp.o
[ 15%] Building CXX object Libs/Widgets/CMakeFiles/CTKWidgets.dir/ctkCheckablePushButton.cpp.o
[ 15%] Building CXX object Libs/Widgets/CMakeFiles/CTKWidgets.dir/ctkColorPickerButton.cpp.o
[ 15%] Building CXX object Libs/Widgets/CMakeFiles/CTKWidgets.dir/ctkCollapsibleButton.cpp.o
[ 16%] Building CXX object Libs/Widgets/CMakeFiles/CTKWidgets.dir/ctkCollapsibleGroupBox.cpp.o
[ 16%] Building CXX object Libs/Widgets/CMakeFiles/CTKWidgets.dir/ctkColorDialog.cpp.o
[ 17%] Building CXX object Libs/Widgets/CMakeFiles/CTKWidgets.dir/ctkComboBox.cpp.o
[ 17%] Building CXX object Libs/Widgets/CMakeFiles/CTKWidgets.dir/ctkConsole.cpp.o
[ 17%] Built target CTKDummyPlugin
[ 17%] Built target CTKCoreCppTests_autogen_timestamp_deps
[ 18%] Building CXX object Libs/Widgets/CMakeFiles/CTKWidgets.dir/ctkCoordinatesWidget.cpp.o
[ 18%] Building CXX object Libs/Widgets/CMakeFiles/CTKWidgets.dir/ctkCrosshairLabel.cpp.o
[ 18%] Automatic MOC for target CTKCoreCppTests
[ 18%] Building CXX object Libs/Widgets/CMakeFiles/CTKWidgets.dir/ctkDateRangeWidget.cpp.o
[ 19%] Building CXX object Libs/Widgets/CMakeFiles/CTKWidgets.dir/ctkDirectoryButton.cpp.o
[ 19%] Building CXX object Libs/Widgets/CMakeFiles/CTKWidgets.dir/ctkDoubleRangeSlider.cpp.o
[ 19%] Building CXX object Libs/Widgets/CMakeFiles/CTKWidgets.dir/ctkDoubleSlider.cpp.o
[ 19%] Building CXX object Libs/Widgets/CMakeFiles/CTKWidgets.dir/ctkDoubleSpinBox.cpp.o
[ 20%] Building CXX object Libs/Widgets/CMakeFiles/CTKWidgets.dir/ctkDynamicSpacer.cpp.o
[ 20%] Building CXX object Libs/Widgets/CMakeFiles/CTKWidgets.dir/ctkErrorLogModel.cpp.o
[ 20%] Built target CTKCoreCppTests_autogen
[ 20%] Building CXX object Libs/Widgets/CMakeFiles/CTKWidgets.dir/ctkErrorLogStatusMessageHandler.cpp.o
[ 21%] Building CXX object Libs/Widgets/CMakeFiles/CTKWidgets.dir/ctkErrorLogWidget.cpp.o
[ 21%] Building CXX object Libs/Widgets/CMakeFiles/CTKWidgets.dir/ctkExpandButton.cpp.o
[ 21%] Building CXX object Libs/Core/Testing/Cpp/CMakeFiles/CTKCoreCppTests.dir/CTKCoreCppTests_autogen/mocs_compilation.cpp.o
[ 21%] Building CXX object Libs/Widgets/CMakeFiles/CTKWidgets.dir/ctkExpandableWidget.cpp.o
[ 22%] Building CXX object Libs/Widgets/CMakeFiles/CTKWidgets.dir/ctkFileDialog.cpp.o
[ 22%] Building CXX object Libs/Widgets/CMakeFiles/CTKWidgets.dir/ctkFittedTextBrowser.cpp.o
[ 22%] Building CXX object Libs/Widgets/CMakeFiles/CTKWidgets.dir/ctkFlatProxyModel.cpp.o
[ 22%] Building CXX object Libs/Widgets/CMakeFiles/CTKWidgets.dir/ctkFlowLayout.cpp.o
[ 23%] Building CXX object Libs/Widgets/CMakeFiles/CTKWidgets.dir/ctkFontButton.cpp.o
[ 23%] Building CXX object Libs/Widgets/CMakeFiles/CTKWidgets.dir/ctkHistogram.cpp.o
[ 23%] Building CXX object Libs/Widgets/CMakeFiles/CTKWidgets.dir/ctkIconEnginePlugin.cpp.o
[ 23%] Building CXX object Libs/Core/Testing/Cpp/CMakeFiles/CTKCoreCppTests.dir/CTKCoreCppTests.cpp.o
[ 24%] Building CXX object Libs/Widgets/CMakeFiles/CTKWidgets.dir/ctkLanguageComboBox.cpp.o
[ 24%] Building CXX object Libs/Widgets/CMakeFiles/CTKWidgets.dir/ctkLayoutFactory.cpp.o
[ 24%] Building CXX object Libs/Widgets/CMakeFiles/CTKWidgets.dir/ctkLayoutManager.cpp.o
[ 24%] Building CXX object Libs/Core/Testing/Cpp/CMakeFiles/CTKCoreCppTests.dir/ctkAbstractFactoryTest1.cpp.o
[ 24%] Building CXX object Libs/Widgets/CMakeFiles/CTKWidgets.dir/ctkLayoutViewFactory.cpp.o
[ 25%] Building CXX object Libs/Core/Testing/Cpp/CMakeFiles/CTKCoreCppTests.dir/ctkAbstractLibraryFactoryTest1.cpp.o
[ 26%] Building CXX object Libs/Widgets/CMakeFiles/CTKWidgets.dir/ctkMaterialPropertyPreviewLabel.cpp.o
[ 26%] Building CXX object Libs/Core/Testing/Cpp/CMakeFiles/CTKCoreCppTests.dir/ctkAbstractObjectFactoryTest1.cpp.o
[ 26%] Building CXX object Libs/Widgets/CMakeFiles/CTKWidgets.dir/ctkMaterialPropertyWidget.cpp.o
[ 26%] Building CXX object Libs/Widgets/CMakeFiles/CTKWidgets.dir/ctkMatrixWidget.cpp.o
[ 27%] Building CXX object Libs/Widgets/CMakeFiles/CTKWidgets.dir/ctkMenuButton.cpp.o
[ 27%] Building CXX object Libs/Core/Testing/Cpp/CMakeFiles/CTKCoreCppTests.dir/ctkAbstractPluginFactoryTest1.cpp.o
[ 27%] Building CXX object Libs/Widgets/CMakeFiles/CTKWidgets.dir/ctkMenuComboBox.cpp.o
[ 28%] Building CXX object Libs/Core/Testing/Cpp/CMakeFiles/CTKCoreCppTests.dir/ctkAbstractQObjectFactoryTest1.cpp.o
[ 28%] Building CXX object Libs/Widgets/CMakeFiles/CTKWidgets.dir/ctkMessageBox.cpp.o
[ 28%] Building CXX object Libs/Core/Testing/Cpp/CMakeFiles/CTKCoreCppTests.dir/ctkBackTraceTest.cpp.o
[ 29%] Building CXX object Libs/Widgets/CMakeFiles/CTKWidgets.dir/ctkModalityWidget.cpp.o
[ 29%] Building CXX object Libs/Core/Testing/Cpp/CMakeFiles/CTKCoreCppTests.dir/ctkBooleanMapperTest.cpp.o
[ 29%] Building CXX object Libs/Widgets/CMakeFiles/CTKWidgets.dir/ctkPathLineEdit.cpp.o
[ 29%] Building CXX object Libs/Core/Testing/Cpp/CMakeFiles/CTKCoreCppTests.dir/ctkCallbackTest1.cpp.o
[ 29%] Building CXX object Libs/Widgets/CMakeFiles/CTKWidgets.dir/ctkPathListButtonsWidget.cpp.o
[ 29%] Building CXX object Libs/Widgets/CMakeFiles/CTKWidgets.dir/ctkPathListWidget.cpp.o
[ 30%] Building CXX object Libs/Core/Testing/Cpp/CMakeFiles/CTKCoreCppTests.dir/ctkCommandLineParserTest1.cpp.o
[ 31%] Building CXX object Libs/Widgets/CMakeFiles/CTKWidgets.dir/ctkPixmapIconEngine.cpp.o
[ 31%] Building CXX object Libs/Core/Testing/Cpp/CMakeFiles/CTKCoreCppTests.dir/ctkCoreSettingsTest.cpp.o
[ 31%] Building CXX object Libs/Widgets/CMakeFiles/CTKWidgets.dir/ctkPopupWidget.cpp.o
[ 31%] Building CXX object Libs/Core/Testing/Cpp/CMakeFiles/CTKCoreCppTests.dir/ctkCoreTestingMacrosTest.cpp.o
[ 32%] Building CXX object Libs/Widgets/CMakeFiles/CTKWidgets.dir/ctkProxyStyle.cpp.o
[ 32%] Building CXX object Libs/Widgets/CMakeFiles/CTKWidgets.dir/ctkPushButton.cpp.o
[ 32%] Building CXX object Libs/Widgets/CMakeFiles/CTKWidgets.dir/ctkQImageView.cpp.o
[ 33%] Building CXX object Libs/Core/Testing/Cpp/CMakeFiles/CTKCoreCppTests.dir/ctkCoreTestingUtilitiesTest.cpp.o
[ 33%] Building CXX object Libs/Widgets/CMakeFiles/CTKWidgets.dir/ctkRangeSlider.cpp.o
[ 33%] Building CXX object Libs/Widgets/CMakeFiles/CTKWidgets.dir/ctkRangeWidget.cpp.o
[ 33%] Building CXX object Libs/Core/Testing/Cpp/CMakeFiles/CTKCoreCppTests.dir/ctkExceptionTest.cpp.o
[ 34%] Building CXX object Libs/Widgets/CMakeFiles/CTKWidgets.dir/ctkScreenshotDialog.cpp.o
[ 34%] Building CXX object Libs/Widgets/CMakeFiles/CTKWidgets.dir/ctkSearchBox.cpp.o
[ 34%] Building CXX object Libs/Widgets/CMakeFiles/CTKWidgets.dir/ctkSettings.cpp.o
[ 34%] Building CXX object Libs/Core/Testing/Cpp/CMakeFiles/CTKCoreCppTests.dir/ctkFileLoggerTest.cpp.o
[ 35%] Building CXX object Libs/Widgets/CMakeFiles/CTKWidgets.dir/ctkSettingsDialog.cpp.o
[ 36%] Building CXX object Libs/Core/Testing/Cpp/CMakeFiles/CTKCoreCppTests.dir/ctkHighPrecisionTimerTest.cpp.o
[ 36%] Building CXX object Libs/Widgets/CMakeFiles/CTKWidgets.dir/ctkSettingsPanel.cpp.o
[ 36%] Building CXX object Libs/Widgets/CMakeFiles/CTKWidgets.dir/ctkSignalMapper.cpp.o
[ 36%] Building CXX object Libs/Core/Testing/Cpp/CMakeFiles/CTKCoreCppTests.dir/ctkLinearValueProxyTest.cpp.o
[ 36%] Building CXX object Libs/Widgets/CMakeFiles/CTKWidgets.dir/ctkSizeGrip.cpp.o
[ 36%] Building CXX object Libs/Core/Testing/Cpp/CMakeFiles/CTKCoreCppTests.dir/ctkLoggerTest1.cpp.o
[ 37%] Building CXX object Libs/Widgets/CMakeFiles/CTKWidgets.dir/ctkSliderWidget.cpp.o
[ 37%] Building CXX object Libs/Widgets/CMakeFiles/CTKWidgets.dir/ctkSplitter.cpp.o
[ 37%] Building CXX object Libs/Widgets/CMakeFiles/CTKWidgets.dir/ctkTestApplication.cpp.o
[ 37%] Building CXX object Libs/Core/Testing/Cpp/CMakeFiles/CTKCoreCppTests.dir/ctkModelTesterTest1.cpp.o
[ 38%] Building CXX object Libs/Core/Testing/Cpp/CMakeFiles/CTKCoreCppTests.dir/ctkModelTesterTest2.cpp.o
[ 39%] Building CXX object Libs/Widgets/CMakeFiles/CTKWidgets.dir/ctkThumbnailLabel.cpp.o
[ 39%] Building CXX object Libs/Widgets/CMakeFiles/CTKWidgets.dir/ctkThumbnailListWidget.cpp.o
[ 39%] Building CXX object Libs/Core/Testing/Cpp/CMakeFiles/CTKCoreCppTests.dir/ctkUtf8Test1.cpp.o
[ 39%] Building CXX object Libs/Widgets/CMakeFiles/CTKWidgets.dir/ctkToolTipTrapper.cpp.o
[ 40%] Building CXX object Libs/Widgets/CMakeFiles/CTKWidgets.dir/ctkTransferFunction.cpp.o
[ 40%] Building CXX object Libs/Core/Testing/Cpp/CMakeFiles/CTKCoreCppTests.dir/ctkUtilsCopyDirRecursivelyTest1.cpp.o
[ 40%] Building CXX object Libs/Widgets/CMakeFiles/CTKWidgets.dir/ctkTransferFunctionBarsItem.cpp.o
[ 41%] Building CXX object Libs/Core/Testing/Cpp/CMakeFiles/CTKCoreCppTests.dir/ctkUtilsIsDirEmptyTest1.cpp.o
[ 41%] Building CXX object Libs/Widgets/CMakeFiles/CTKWidgets.dir/ctkTransferFunctionControlPointsItem.cpp.o
[ 41%] Building CXX object Libs/Core/Testing/Cpp/CMakeFiles/CTKCoreCppTests.dir/ctkUtilsQtHandleToStringTest1.cpp.o
[ 41%] Building CXX object Libs/Widgets/CMakeFiles/CTKWidgets.dir/ctkTransferFunctionGradientItem.cpp.o
[ 42%] Building CXX object Libs/Widgets/CMakeFiles/CTKWidgets.dir/ctkTransferFunctionItem.cpp.o
[ 42%] Building CXX object Libs/Core/Testing/Cpp/CMakeFiles/CTKCoreCppTests.dir/ctkUtilsTest.cpp.o
[ 42%] Building CXX object Libs/Core/Testing/Cpp/CMakeFiles/CTKCoreCppTests.dir/ctkUtilsTest1.cpp.o
[ 42%] Building CXX object Libs/Widgets/CMakeFiles/CTKWidgets.dir/ctkTransferFunctionRepresentation.cpp.o
[ 43%] Building CXX object Libs/Core/Testing/Cpp/CMakeFiles/CTKCoreCppTests.dir/ctkUtilsTest2.cpp.o
[ 43%] Building CXX object Libs/Widgets/CMakeFiles/CTKWidgets.dir/ctkTransferFunctionScene.cpp.o
[ 43%] Building CXX object Libs/Core/Testing/Cpp/CMakeFiles/CTKCoreCppTests.dir/ctkUtilsTest3.cpp.o
[ 43%] Building CXX object Libs/Core/Testing/Cpp/CMakeFiles/CTKCoreCppTests.dir/ctkUtilsTest4.cpp.o
[ 43%] Building CXX object Libs/Widgets/CMakeFiles/CTKWidgets.dir/ctkTreeComboBox.cpp.o
[ 44%] Building CXX object Libs/Widgets/CMakeFiles/CTKWidgets.dir/ctkTransferFunctionView.cpp.o
[ 44%] Building CXX object Libs/Widgets/CMakeFiles/CTKWidgets.dir/ctkWidgetsTestingUtilities.cpp.o
[ 45%] Building CXX object Libs/Core/Testing/Cpp/CMakeFiles/CTKCoreCppTests.dir/ctkDependencyGraphTest1.cpp.o
[ 45%] Building CXX object Libs/Core/Testing/Cpp/CMakeFiles/CTKCoreCppTests.dir/ctkDependencyGraphTest2.cpp.o
[ 45%] Building CXX object Libs/Widgets/CMakeFiles/CTKWidgets.dir/ctkWidgetsUtils.cpp.o
[ 45%] Building CXX object Libs/Core/Testing/Cpp/CMakeFiles/CTKCoreCppTests.dir/ctkPimplTest1.cpp.o
[ 46%] Building CXX object Libs/Widgets/CMakeFiles/CTKWidgets.dir/ctkWorkflowAbstractPagedWidget.cpp.o
[ 47%] Building CXX object Libs/Core/Testing/Cpp/CMakeFiles/CTKCoreCppTests.dir/ctkScopedCurrentDirTest1.cpp.o
[ 47%] Building CXX object Libs/Core/Testing/Cpp/CMakeFiles/CTKCoreCppTests.dir/ctkSingletonTest1.cpp.o
[ 47%] Building CXX object Libs/Widgets/CMakeFiles/CTKWidgets.dir/ctkWorkflowButtonBoxWidget.cpp.o
[ 47%] Building CXX object Libs/Core/Testing/Cpp/CMakeFiles/CTKCoreCppTests.dir/ctkWorkflowTest1.cpp.o
[ 47%] Building CXX object Libs/Widgets/CMakeFiles/CTKWidgets.dir/ctkWorkflowGroupBox.cpp.o
[ 48%] Building CXX object Libs/Widgets/CMakeFiles/CTKWidgets.dir/ctkWorkflowStackedWidget.cpp.o
[ 48%] Building CXX object Libs/Widgets/CMakeFiles/CTKWidgets.dir/ctkWorkflowTabWidget.cpp.o
[ 48%] Building CXX object Libs/Widgets/CMakeFiles/CTKWidgets.dir/ctkWorkflowWidget.cpp.o
[ 49%] Building CXX object Libs/Widgets/CMakeFiles/CTKWidgets.dir/ctkWorkflowWidgetStep.cpp.o
[ 49%] Building CXX object Libs/Core/Testing/Cpp/CMakeFiles/CTKCoreCppTests.dir/ctkWorkflowTest2.cpp.o
[ 49%] Building CXX object Libs/Widgets/CMakeFiles/CTKWidgets.dir/CTKWidgets_autogen/S5YYZ2ZCNV/qrc_ctkWidgets.cpp.o
[ 50%] Building CXX object Libs/Core/Testing/Cpp/CMakeFiles/CTKCoreCppTests.dir/ctkWorkflowTest3.cpp.o
[ 50%] Building CXX object Libs/Core/Testing/Cpp/CMakeFiles/CTKCoreCppTests.dir/ctkExampleDerivedWorkflowStep.cpp.o
[ 50%] Building CXX object Libs/Core/Testing/Cpp/CMakeFiles/CTKCoreCppTests.dir/ctkExampleWorkflowStepUsingSignalsAndSlots.cpp.o
[ 51%] Building CXX object Libs/Core/Testing/Cpp/CMakeFiles/CTKCoreCppTests.dir/ctkSingletonTestHelper.cpp.o
[ 51%] Linking CXX executable ../../../../bin/CTKCoreCppTests
[ 51%] Linking CXX shared library ../../bin/libCTKWidgets.so
[ 51%] Built target CTKCoreCppTests
[ 51%] Built target CTKWidgets
[ 51%] Built target CTKWidgetsCppTests_autogen_timestamp_deps
[ 51%] Built target CTKWidgetsPlugins_autogen_timestamp_deps
[ 51%] Automatic MOC and UIC for target CTKWidgetsCppTests
[ 52%] Automatic MOC and UIC for target CTKWidgetsPlugins
[ 52%] Built target CTKWidgetsPlugins_autogen
[ 52%] Automatic RCC for Resources/ctkWidgetsPlugins.qrc
[ 53%] Building CXX object Libs/Widgets/Plugins/CMakeFiles/CTKWidgetsPlugins.dir/CTKWidgetsPlugins_autogen/mocs_compilation.cpp.o
[ 53%] Building CXX object Libs/Widgets/Plugins/CMakeFiles/CTKWidgetsPlugins.dir/ctkWidgetsPlugins.cpp.o
[ 53%] Building CXX object Libs/Widgets/Plugins/CMakeFiles/CTKWidgetsPlugins.dir/ctkActionsWidgetPlugin.cpp.o
[ 54%] Building CXX object Libs/Widgets/Plugins/CMakeFiles/CTKWidgetsPlugins.dir/ctkColorPickerButtonPlugin.cpp.o
[ 55%] Building CXX object Libs/Widgets/Plugins/CMakeFiles/CTKWidgetsPlugins.dir/ctkCheckBoxPlugin.cpp.o
[ 55%] Building CXX object Libs/Widgets/Plugins/CMakeFiles/CTKWidgetsPlugins.dir/ctkWidgetsAbstractPlugin.cpp.o
[ 55%] Building CXX object Libs/Widgets/Plugins/CMakeFiles/CTKWidgetsPlugins.dir/ctkCheckableComboBoxPlugin.cpp.o
[ 55%] Building CXX object Libs/Widgets/Plugins/CMakeFiles/CTKWidgetsPlugins.dir/ctkCollapsibleButtonPlugin.cpp.o
[ 55%] Building CXX object Libs/Widgets/Plugins/CMakeFiles/CTKWidgetsPlugins.dir/ctkCollapsibleGroupBoxPlugin.cpp.o
[ 56%] Building CXX object Libs/Widgets/Plugins/CMakeFiles/CTKWidgetsPlugins.dir/ctkComboBoxPlugin.cpp.o
[ 56%] Building CXX object Libs/Widgets/Plugins/CMakeFiles/CTKWidgetsPlugins.dir/ctkAxesWidgetPlugin.cpp.o
[ 56%] Building CXX object Libs/Widgets/Plugins/CMakeFiles/CTKWidgetsPlugins.dir/ctkCoordinatesWidgetPlugin.cpp.o
[ 57%] Building CXX object Libs/Widgets/Plugins/CMakeFiles/CTKWidgetsPlugins.dir/ctkCrosshairLabelPlugin.cpp.o
[ 57%] Building CXX object Libs/Widgets/Plugins/CMakeFiles/CTKWidgetsPlugins.dir/ctkDirectoryButtonPlugin.cpp.o
[ 57%] Building CXX object Libs/Widgets/Plugins/CMakeFiles/CTKWidgetsPlugins.dir/ctkDoubleRangeSliderPlugin.cpp.o
[ 57%] Building CXX object Libs/Widgets/Plugins/CMakeFiles/CTKWidgetsPlugins.dir/ctkDoubleSliderPlugin.cpp.o
[ 58%] Building CXX object Libs/Widgets/Plugins/CMakeFiles/CTKWidgetsPlugins.dir/ctkDoubleSpinBoxPlugin.cpp.o
[ 58%] Building CXX object Libs/Widgets/Plugins/CMakeFiles/CTKWidgetsPlugins.dir/ctkDynamicSpacerPlugin.cpp.o
[ 58%] Building CXX object Libs/Widgets/Plugins/CMakeFiles/CTKWidgetsPlugins.dir/ctkCheckablePushButtonPlugin.cpp.o
[ 58%] Built target CTKWidgetsCppTests_autogen
[ 58%] Building CXX object Libs/Widgets/Testing/Cpp/CMakeFiles/CTKWidgetsCppTests.dir/CTKWidgetsCppTests_autogen/mocs_compilation.cpp.o
[ 58%] Building CXX object Libs/Widgets/Plugins/CMakeFiles/CTKWidgetsPlugins.dir/ctkExpandButtonPlugin.cpp.o
[ 59%] Building CXX object Libs/Widgets/Plugins/CMakeFiles/CTKWidgetsPlugins.dir/ctkExpandableWidgetPlugin.cpp.o
[ 59%] Building CXX object Libs/Widgets/Testing/Cpp/CMakeFiles/CTKWidgetsCppTests.dir/CTKWidgetsCppTests.cxx.o
[ 60%] Building CXX object Libs/Widgets/Plugins/CMakeFiles/CTKWidgetsPlugins.dir/ctkFittedTextBrowserPlugin.cpp.o
[ 60%] Building CXX object Libs/Widgets/Testing/Cpp/CMakeFiles/CTKWidgetsCppTests.dir/ctkActionsWidgetTest1.cpp.o
[ 60%] Building CXX object Libs/Widgets/Plugins/CMakeFiles/CTKWidgetsPlugins.dir/ctkFontButtonPlugin.cpp.o
[ 60%] Building CXX object Libs/Widgets/Plugins/CMakeFiles/CTKWidgetsPlugins.dir/ctkLanguageComboBoxPlugin.cpp.o
[ 60%] Building CXX object Libs/Widgets/Testing/Cpp/CMakeFiles/CTKWidgetsCppTests.dir/ctkAddRemoveComboBoxTest1.cpp.o
[ 61%] Building CXX object Libs/Widgets/Plugins/CMakeFiles/CTKWidgetsPlugins.dir/ctkMaterialPropertyPreviewLabelPlugin.cpp.o
[ 61%] Building CXX object Libs/Widgets/Plugins/CMakeFiles/CTKWidgetsPlugins.dir/ctkMaterialPropertyWidgetPlugin.cpp.o
[ 61%] Building CXX object Libs/Widgets/Plugins/CMakeFiles/CTKWidgetsPlugins.dir/ctkMatrixWidgetPlugin.cpp.o
[ 61%] Building CXX object Libs/Widgets/Plugins/CMakeFiles/CTKWidgetsPlugins.dir/ctkMenuButtonPlugin.cpp.o
[ 62%] Building CXX object Libs/Widgets/Testing/Cpp/CMakeFiles/CTKWidgetsCppTests.dir/ctkAxesWidgetTest1.cpp.o
[ 63%] Building CXX object Libs/Widgets/Plugins/CMakeFiles/CTKWidgetsPlugins.dir/ctkModalityWidgetPlugin.cpp.o
[ 63%] Building CXX object Libs/Widgets/Testing/Cpp/CMakeFiles/CTKWidgetsCppTests.dir/ctkButtonGroupTest1.cpp.o
[ 63%] Building CXX object Libs/Widgets/Plugins/CMakeFiles/CTKWidgetsPlugins.dir/ctkPathLineEditPlugin.cpp.o
[ 63%] Building CXX object Libs/Widgets/Testing/Cpp/CMakeFiles/CTKWidgetsCppTests.dir/ctkCheckableModelHelperTest1.cpp.o
[ 63%] Building CXX object Libs/Widgets/Plugins/CMakeFiles/CTKWidgetsPlugins.dir/ctkPathListButtonsWidgetPlugin.cpp.o
[ 64%] Building CXX object Libs/Widgets/Plugins/CMakeFiles/CTKWidgetsPlugins.dir/ctkPathListWidgetPlugin.cpp.o
[ 64%] Building CXX object Libs/Widgets/Plugins/CMakeFiles/CTKWidgetsPlugins.dir/ctkPopupWidgetPlugin.cpp.o
[ 64%] Building CXX object Libs/Widgets/Plugins/CMakeFiles/CTKWidgetsPlugins.dir/ctkPushButtonPlugin.cpp.o
[ 65%] Building CXX object Libs/Widgets/Plugins/CMakeFiles/CTKWidgetsPlugins.dir/ctkRangeSliderPlugin.cpp.o
[ 65%] Building CXX object Libs/Widgets/Plugins/CMakeFiles/CTKWidgetsPlugins.dir/ctkRangeWidgetPlugin.cpp.o
[ 65%] Building CXX object Libs/Widgets/Plugins/CMakeFiles/CTKWidgetsPlugins.dir/ctkSearchBoxPlugin.cpp.o
[ 65%] Building CXX object Libs/Widgets/Testing/Cpp/CMakeFiles/CTKWidgetsCppTests.dir/ctkCheckBoxPixmapsTest1.cpp.o
[ 65%] Building CXX object Libs/Widgets/Plugins/CMakeFiles/CTKWidgetsPlugins.dir/ctkSettingsPanelPlugin.cpp.o
[ 66%] Building CXX object Libs/Widgets/Testing/Cpp/CMakeFiles/CTKWidgetsCppTests.dir/ctkCheckBoxTest1.cpp.o
[ 67%] Building CXX object Libs/Widgets/Plugins/CMakeFiles/CTKWidgetsPlugins.dir/ctkSettingsDialogPlugin.cpp.o
[ 67%] Building CXX object Libs/Widgets/Testing/Cpp/CMakeFiles/CTKWidgetsCppTests.dir/ctkCheckableComboBoxTest1.cpp.o
[ 67%] Building CXX object Libs/Widgets/Plugins/CMakeFiles/CTKWidgetsPlugins.dir/ctkSliderWidgetPlugin.cpp.o
[ 67%] Building CXX object Libs/Widgets/Testing/Cpp/CMakeFiles/CTKWidgetsCppTests.dir/ctkCheckableHeaderViewTest1.cpp.o
[ 67%] Building CXX object Libs/Widgets/Plugins/CMakeFiles/CTKWidgetsPlugins.dir/ctkSplitterPlugin.cpp.o
[ 68%] Building CXX object Libs/Widgets/Testing/Cpp/CMakeFiles/CTKWidgetsCppTests.dir/ctkCheckableHeaderViewTest2.cpp.o
[ 68%] Building CXX object Libs/Widgets/Testing/Cpp/CMakeFiles/CTKWidgetsCppTests.dir/ctkCheckableModelHelperTest2.cpp.o
[ 69%] Building CXX object Libs/Widgets/Plugins/CMakeFiles/CTKWidgetsPlugins.dir/ctkThumbnailLabelPlugin.cpp.o
[ 69%] Building CXX object Libs/Widgets/Testing/Cpp/CMakeFiles/CTKWidgetsCppTests.dir/ctkCheckablePushButtonTest1.cpp.o
[ 69%] Building CXX object Libs/Widgets/Testing/Cpp/CMakeFiles/CTKWidgetsCppTests.dir/ctkCollapsibleButtonTest1.cpp.o
[ 69%] Building CXX object Libs/Widgets/Plugins/CMakeFiles/CTKWidgetsPlugins.dir/ctkTransferFunctionViewPlugin.cpp.o
[ 70%] Building CXX object Libs/Widgets/Testing/Cpp/CMakeFiles/CTKWidgetsCppTests.dir/ctkCollapsibleButtonTest2.cpp.o
[ 70%] Building CXX object Libs/Widgets/Plugins/CMakeFiles/CTKWidgetsPlugins.dir/ctkTreeComboBoxPlugin.cpp.o
[ 70%] Building CXX object Libs/Widgets/Testing/Cpp/CMakeFiles/CTKWidgetsCppTests.dir/ctkCollapsibleGroupBoxTest1.cpp.o
[ 70%] Building CXX object Libs/Widgets/Plugins/CMakeFiles/CTKWidgetsPlugins.dir/ctkWorkflowButtonBoxWidgetPlugin.cpp.o
[ 70%] Building CXX object Libs/Widgets/Testing/Cpp/CMakeFiles/CTKWidgetsCppTests.dir/ctkColorDialogTest1.cpp.o
[ 71%] Building CXX object Libs/Widgets/Plugins/CMakeFiles/CTKWidgetsPlugins.dir/ctkWorkflowWidgetStepPlugin.cpp.o
[ 71%] Building CXX object Libs/Widgets/Plugins/CMakeFiles/CTKWidgetsPlugins.dir/CTKWidgetsPlugins_autogen/S5YYZ2ZCNV/qrc_ctkWidgetsPlugins.cpp.o
[ 72%] Building CXX object Libs/Widgets/Testing/Cpp/CMakeFiles/CTKWidgetsCppTests.dir/ctkColorDialogTest2.cpp.o
[ 72%] Building CXX object Libs/Widgets/Testing/Cpp/CMakeFiles/CTKWidgetsCppTests.dir/ctkColorPickerButtonTest1.cpp.o
[ 72%] Building CXX object Libs/Widgets/Testing/Cpp/CMakeFiles/CTKWidgetsCppTests.dir/ctkComboBoxTest1.cpp.o
[ 73%] Building CXX object Libs/Widgets/Testing/Cpp/CMakeFiles/CTKWidgetsCppTests.dir/ctkCompleterTest1.cpp.o
[ 73%] Building CXX object Libs/Widgets/Testing/Cpp/CMakeFiles/CTKWidgetsCppTests.dir/ctkConsoleTest.cpp.o
[ 73%] Building CXX object Libs/Widgets/Testing/Cpp/CMakeFiles/CTKWidgetsCppTests.dir/ctkConsoleTest1.cpp.o
[ 73%] Building CXX object Libs/Widgets/Testing/Cpp/CMakeFiles/CTKWidgetsCppTests.dir/ctkCoordinatesWidgetTest.cpp.o
[ 74%] Building CXX object Libs/Widgets/Testing/Cpp/CMakeFiles/CTKWidgetsCppTests.dir/ctkCoordinatesWidgetTest1.cpp.o
[ 74%] Building CXX object Libs/Widgets/Testing/Cpp/CMakeFiles/CTKWidgetsCppTests.dir/ctkCoordinatesWidgetValueProxyTest.cpp.o
[ 74%] Building CXX object Libs/Widgets/Testing/Cpp/CMakeFiles/CTKWidgetsCppTests.dir/ctkCrosshairLabelTest1.cpp.o
[ 75%] Building CXX object Libs/Widgets/Testing/Cpp/CMakeFiles/CTKWidgetsCppTests.dir/ctkDirectoryButtonTest1.cpp.o
[ 75%] Building CXX object Libs/Widgets/Testing/Cpp/CMakeFiles/CTKWidgetsCppTests.dir/ctkDoubleRangeSliderTest.cpp.o
[ 75%] Building CXX object Libs/Widgets/Testing/Cpp/CMakeFiles/CTKWidgetsCppTests.dir/ctkDoubleRangeSliderTest1.cpp.o
[ 75%] Building CXX object Libs/Widgets/Testing/Cpp/CMakeFiles/CTKWidgetsCppTests.dir/ctkDoubleRangeSliderTest2.cpp.o
[ 76%] Building CXX object Libs/Widgets/Testing/Cpp/CMakeFiles/CTKWidgetsCppTests.dir/ctkDoubleRangeSliderValueProxyTest.cpp.o
[ 76%] Building CXX object Libs/Widgets/Testing/Cpp/CMakeFiles/CTKWidgetsCppTests.dir/ctkDoubleSliderTest.cpp.o
[ 76%] Building CXX object Libs/Widgets/Testing/Cpp/CMakeFiles/CTKWidgetsCppTests.dir/ctkDoubleSliderTest1.cpp.o
[ 77%] Building CXX object Libs/Widgets/Testing/Cpp/CMakeFiles/CTKWidgetsCppTests.dir/ctkDoubleSliderValueProxyTest.cpp.o
[ 77%] Linking CXX shared module ../../../bin/designer/libCTKWidgetsPlugins.so
[ 77%] Building CXX object Libs/Widgets/Testing/Cpp/CMakeFiles/CTKWidgetsCppTests.dir/ctkDoubleSpinBoxTest.cpp.o
[ 77%] Building CXX object Libs/Widgets/Testing/Cpp/CMakeFiles/CTKWidgetsCppTests.dir/ctkDoubleSpinBoxTest1.cpp.o
[ 78%] Building CXX object Libs/Widgets/Testing/Cpp/CMakeFiles/CTKWidgetsCppTests.dir/ctkDoubleSpinBoxValueProxyTest.cpp.o
[ 78%] Building CXX object Libs/Widgets/Testing/Cpp/CMakeFiles/CTKWidgetsCppTests.dir/ctkDynamicSpacerTest1.cpp.o
[ 78%] Building CXX object Libs/Widgets/Testing/Cpp/CMakeFiles/CTKWidgetsCppTests.dir/ctkDynamicSpacerTest2.cpp.o
[ 78%] Building CXX object Libs/Widgets/Testing/Cpp/CMakeFiles/CTKWidgetsCppTests.dir/ctkErrorLogFDMessageHandlerWithThreadsTest1.cpp.o
[ 79%] Building CXX object Libs/Widgets/Testing/Cpp/CMakeFiles/CTKWidgetsCppTests.dir/ctkErrorLogModelTest1.cpp.o
[ 79%] Building CXX object Libs/Widgets/Testing/Cpp/CMakeFiles/CTKWidgetsCppTests.dir/ctkErrorLogModelEntryGroupingTest1.cpp.o
[ 79%] Building CXX object Libs/Widgets/Testing/Cpp/CMakeFiles/CTKWidgetsCppTests.dir/ctkErrorLogModelTerminalOutputTest1.cpp.o
[ 80%] Building CXX object Libs/Widgets/Testing/Cpp/CMakeFiles/CTKWidgetsCppTests.dir/ctkErrorLogModelTest4.cpp.o
[ 80%] Building CXX object Libs/Widgets/Testing/Cpp/CMakeFiles/CTKWidgetsCppTests.dir/ctkErrorLogQtMessageHandlerWithThreadsTest1.cpp.o
[ 80%] Building CXX object Libs/Widgets/Testing/Cpp/CMakeFiles/CTKWidgetsCppTests.dir/ctkErrorLogStreamMessageHandlerWithThreadsTest1.cpp.o
[ 80%] Building CXX object Libs/Widgets/Testing/Cpp/CMakeFiles/CTKWidgetsCppTests.dir/ctkErrorLogWidgetTest1.cpp.o
[ 81%] Building CXX object Libs/Widgets/Testing/Cpp/CMakeFiles/CTKWidgetsCppTests.dir/ctkExpandButtonTest1.cpp.o
[ 81%] Building CXX object Libs/Widgets/Testing/Cpp/CMakeFiles/CTKWidgetsCppTests.dir/ctkExpandableWidgetTest1.cpp.o
[ 81%] Building CXX object Libs/Widgets/Testing/Cpp/CMakeFiles/CTKWidgetsCppTests.dir/ctkFileDialogTest1.cpp.o
[ 82%] Building CXX object Libs/Widgets/Testing/Cpp/CMakeFiles/CTKWidgetsCppTests.dir/ctkFlatProxyModelTest.cpp.o
[ 82%] Building CXX object Libs/Widgets/Testing/Cpp/CMakeFiles/CTKWidgetsCppTests.dir/ctkFittedTextBrowserTest1.cpp.o
[ 82%] Building CXX object Libs/Widgets/Testing/Cpp/CMakeFiles/CTKWidgetsCppTests.dir/ctkFlowLayoutTest1.cpp.o
[ 83%] Building CXX object Libs/Widgets/Testing/Cpp/CMakeFiles/CTKWidgetsCppTests.dir/ctkFontButtonTest.cpp.o
[ 83%] Building CXX object Libs/Widgets/Testing/Cpp/CMakeFiles/CTKWidgetsCppTests.dir/ctkHistogramTest1.cpp.o
[ 83%] Building CXX object Libs/Widgets/Testing/Cpp/CMakeFiles/CTKWidgetsCppTests.dir/ctkLanguageComboBoxTest.cpp.o
[ 83%] Building CXX object Libs/Widgets/Testing/Cpp/CMakeFiles/CTKWidgetsCppTests.dir/ctkLayoutManagerTest1.cpp.o
[ 84%] Building CXX object Libs/Widgets/Testing/Cpp/CMakeFiles/CTKWidgetsCppTests.dir/ctkMaterialPropertyPreviewLabelTest1.cpp.o
[ 84%] Building CXX object Libs/Widgets/Testing/Cpp/CMakeFiles/CTKWidgetsCppTests.dir/ctkMaterialPropertyWidgetTest1.cpp.o
[ 84%] Building CXX object Libs/Widgets/Testing/Cpp/CMakeFiles/CTKWidgetsCppTests.dir/ctkMaterialPropertyWidgetTest2.cpp.o
[ 85%] Building CXX object Libs/Widgets/Testing/Cpp/CMakeFiles/CTKWidgetsCppTests.dir/ctkMatrixWidgetTest.cpp.o
[ 85%] Building CXX object Libs/Widgets/Testing/Cpp/CMakeFiles/CTKWidgetsCppTests.dir/ctkMatrixWidgetTest1.cpp.o
[ 85%] Building CXX object Libs/Widgets/Testing/Cpp/CMakeFiles/CTKWidgetsCppTests.dir/ctkMatrixWidgetTest2.cpp.o
[ 85%] Building CXX object Libs/Widgets/Testing/Cpp/CMakeFiles/CTKWidgetsCppTests.dir/ctkMenuButtonTest1.cpp.o
[ 86%] Building CXX object Libs/Widgets/Testing/Cpp/CMakeFiles/CTKWidgetsCppTests.dir/ctkMenuComboBoxTest1.cpp.o
[ 86%] Built target CTKWidgetsPlugins
[ 86%] Building CXX object Libs/Widgets/Testing/Cpp/CMakeFiles/CTKWidgetsCppTests.dir/ctkMenuComboBoxTest2.cpp.o
[ 86%] Building CXX object Libs/Widgets/Testing/Cpp/CMakeFiles/CTKWidgetsCppTests.dir/ctkMenuComboBoxTest3.cpp.o
[ 87%] Building CXX object Libs/Widgets/Testing/Cpp/CMakeFiles/CTKWidgetsCppTests.dir/ctkMenuComboBoxTest4.cpp.o
[ 87%] Building CXX object Libs/Widgets/Testing/Cpp/CMakeFiles/CTKWidgetsCppTests.dir/ctkMessageBoxDontShowAgainTest.cpp.o
[ 87%] Building CXX object Libs/Widgets/Testing/Cpp/CMakeFiles/CTKWidgetsCppTests.dir/ctkModalityWidgetTest1.cpp.o
[ 87%] Building CXX object Libs/Widgets/Testing/Cpp/CMakeFiles/CTKWidgetsCppTests.dir/ctkPathLineEditTest1.cpp.o
[ 88%] Building CXX object Libs/Widgets/Testing/Cpp/CMakeFiles/CTKWidgetsCppTests.dir/ctkPathListWidgetTest.cpp.o
[ 88%] Building CXX object Libs/Widgets/Testing/Cpp/CMakeFiles/CTKWidgetsCppTests.dir/ctkPathListWidgetWithButtonsTest.cpp.o
[ 88%] Building CXX object Libs/Widgets/Testing/Cpp/CMakeFiles/CTKWidgetsCppTests.dir/ctkPopupWidgetTest1.cpp.o
[ 89%] Building CXX object Libs/Widgets/Testing/Cpp/CMakeFiles/CTKWidgetsCppTests.dir/ctkPushButtonTest.cpp.o
[ 89%] Building CXX object Libs/Widgets/Testing/Cpp/CMakeFiles/CTKWidgetsCppTests.dir/ctkProxyStyleTest1.cpp.o
[ 89%] Building CXX object Libs/Widgets/Testing/Cpp/CMakeFiles/CTKWidgetsCppTests.dir/ctkRangeSliderTest.cpp.o
[ 89%] Building CXX object Libs/Widgets/Testing/Cpp/CMakeFiles/CTKWidgetsCppTests.dir/ctkRangeSliderTest1.cpp.o
[ 90%] Building CXX object Libs/Widgets/Testing/Cpp/CMakeFiles/CTKWidgetsCppTests.dir/ctkRangeWidgetTest.cpp.o
[ 90%] Building CXX object Libs/Widgets/Testing/Cpp/CMakeFiles/CTKWidgetsCppTests.dir/ctkRangeWidgetTest1.cpp.o
[ 90%] Building CXX object Libs/Widgets/Testing/Cpp/CMakeFiles/CTKWidgetsCppTests.dir/ctkRangeWidgetValueProxyTest.cpp.o
[ 91%] Building CXX object Libs/Widgets/Testing/Cpp/CMakeFiles/CTKWidgetsCppTests.dir/ctkDateRangeWidgetTest1.cpp.o
[ 91%] Building CXX object Libs/Widgets/Testing/Cpp/CMakeFiles/CTKWidgetsCppTests.dir/ctkScreenshotDialogTest1.cpp.o
[ 91%] Building CXX object Libs/Widgets/Testing/Cpp/CMakeFiles/CTKWidgetsCppTests.dir/ctkSearchBoxTest.cpp.o
[ 92%] Building CXX object Libs/Widgets/Testing/Cpp/CMakeFiles/CTKWidgetsCppTests.dir/ctkSearchBoxTest1.cpp.o
[ 92%] Building CXX object Libs/Widgets/Testing/Cpp/CMakeFiles/CTKWidgetsCppTests.dir/ctkSearchBoxTest2.cpp.o
[ 92%] Building CXX object Libs/Widgets/Testing/Cpp/CMakeFiles/CTKWidgetsCppTests.dir/ctkSettingsPanelTest.cpp.o
[ 92%] Building CXX object Libs/Widgets/Testing/Cpp/CMakeFiles/CTKWidgetsCppTests.dir/ctkSettingsPanelTest1.cpp.o
[ 93%] Building CXX object Libs/Widgets/Testing/Cpp/CMakeFiles/CTKWidgetsCppTests.dir/ctkSettingsTest1.cpp.o
[ 93%] Building CXX object Libs/Widgets/Testing/Cpp/CMakeFiles/CTKWidgetsCppTests.dir/ctkSettingsDialogTest1.cpp.o
[ 93%] Building CXX object Libs/Widgets/Testing/Cpp/CMakeFiles/CTKWidgetsCppTests.dir/ctkSignalMapperTest1.cpp.o
[ 94%] Building CXX object Libs/Widgets/Testing/Cpp/CMakeFiles/CTKWidgetsCppTests.dir/ctkSliderWidgetTest.cpp.o
[ 94%] Building CXX object Libs/Widgets/Testing/Cpp/CMakeFiles/CTKWidgetsCppTests.dir/ctkSliderWidgetTest1.cpp.o
[ 94%] Building CXX object Libs/Widgets/Testing/Cpp/CMakeFiles/CTKWidgetsCppTests.dir/ctkSliderWidgetTest2.cpp.o
[ 94%] Building CXX object Libs/Widgets/Testing/Cpp/CMakeFiles/CTKWidgetsCppTests.dir/ctkSliderWidgetValueProxyTest.cpp.o
[ 95%] Building CXX object Libs/Widgets/Testing/Cpp/CMakeFiles/CTKWidgetsCppTests.dir/ctkThumbnailListWidgetTest1.cpp.o
[ 95%] Building CXX object Libs/Widgets/Testing/Cpp/CMakeFiles/CTKWidgetsCppTests.dir/ctkThumbnailLabelTest1.cpp.o
[ 95%] Building CXX object Libs/Widgets/Testing/Cpp/CMakeFiles/CTKWidgetsCppTests.dir/ctkToolTipTrapperTest1.cpp.o
[ 96%] Building CXX object Libs/Widgets/Testing/Cpp/CMakeFiles/CTKWidgetsCppTests.dir/ctkTransferFunctionTest1.cpp.o
[ 96%] Building CXX object Libs/Widgets/Testing/Cpp/CMakeFiles/CTKWidgetsCppTests.dir/ctkTransferFunctionRepresentationTest1.cpp.o
[ 96%] Building CXX object Libs/Widgets/Testing/Cpp/CMakeFiles/CTKWidgetsCppTests.dir/ctkTransferFunctionRepresentationTest2.cpp.o
[ 96%] Building CXX object Libs/Widgets/Testing/Cpp/CMakeFiles/CTKWidgetsCppTests.dir/ctkTreeComboBoxTest1.cpp.o
[ 97%] Building CXX object Libs/Widgets/Testing/Cpp/CMakeFiles/CTKWidgetsCppTests.dir/ctkWidgetsTestingUtilitiesTest.cpp.o
[ 97%] Building CXX object Libs/Widgets/Testing/Cpp/CMakeFiles/CTKWidgetsCppTests.dir/ctkWidgetsUtilsTest1.cpp.o
[ 97%] Building CXX object Libs/Widgets/Testing/Cpp/CMakeFiles/CTKWidgetsCppTests.dir/ctkWidgetsUtilsTestGrabWidget.cpp.o
[ 98%] Building CXX object Libs/Widgets/Testing/Cpp/CMakeFiles/CTKWidgetsCppTests.dir/ctkWorkflowWidgetTest1.cpp.o
[ 98%] Building CXX object Libs/Widgets/Testing/Cpp/CMakeFiles/CTKWidgetsCppTests.dir/ctkWorkflowWidgetTest2.cpp.o
[ 98%] Building CXX object Libs/Widgets/Testing/Cpp/CMakeFiles/CTKWidgetsCppTests.dir/ctkExampleUseOfWorkflowWidgetUsingDerivedSteps.cpp.o
[ 99%] Building CXX object Libs/Widgets/Testing/Cpp/CMakeFiles/CTKWidgetsCppTests.dir/ctkExampleUseOfWorkflowWidgetUsingSignalsAndSlots.cpp.o
[ 99%] Building CXX object Libs/Widgets/Testing/Cpp/CMakeFiles/CTKWidgetsCppTests.dir/ctkExampleDerivedWorkflowWidgetStep.cpp.o
[ 99%] Building CXX object Libs/Widgets/Testing/Cpp/CMakeFiles/CTKWidgetsCppTests.dir/ctkExampleWorkflowWidgetStepUsingSignalsAndSlots.cpp.o
[ 99%] Building CXX object Libs/Widgets/Testing/Cpp/CMakeFiles/CTKWidgetsCppTests.dir/ctkSettingsPanelTest2Helper.cpp.o
[100%] Linking CXX executable ../../../../bin/CTKWidgetsCppTests
[100%] Built target CTKWidgetsCppTests
