The Meson build system
Version: 1.11.2
Source dir: /build/cyanrip-git/src/cyanrip
Build dir: /build/cyanrip-git/src/build
Build type: native build
Project name: cyanrip
Project version: 0.9.4-rc1
C compiler for the host machine: cc (gcc 16.1.1 "cc (GCC) 16.1.1 20260728")
C linker for the host machine: cc ld.bfd 2.47
Host machine cpu family: x86_64
Host machine cpu: x86_64
Found pkg-config: YES (/usr/bin/pkg-config) 3.0.5
Run-time dependency libavcodec found: YES 63.1.100
Run-time dependency libavformat found: YES 63.1.100
Run-time dependency libswresample found: YES 7.1.100
Run-time dependency libavfilter found: YES 12.1.100
Run-time dependency libavutil found: YES 61.1.100
Run-time dependency libcdio found: YES 2.3.0
Run-time dependency libcdio_paranoia found: YES 10.2+2.0.2
Run-time dependency libmusicbrainz5 found: YES 5.1.0
Run-time dependency libcurl found: YES 8.21.0
Run-time dependency threads found: YES
Library m found: YES
Dependency libavutil for host machine found: YES 61.1.100 (cached)
Dependency libavcodec for host machine found: YES 63.1.100 (cached)
Dependency libcdio for host machine found: YES 2.3.0 (cached)
Dependency libcdio_paranoia for host machine found: YES 10.2+2.0.2 (cached)
Program python3 found: YES (/usr/bin/python)
Configuring config.h using configuration
Build targets in project: 4

cyanrip 0.9.4-rc1

  User defined options
    buildtype: plain
    prefix   : /usr

Found ninja-1.13.2 at /usr/bin/ninja
Generating targets:   0%|          | 0/4 eta ?                                              Writing build.ninja:   0%|          | 0/46 eta ?                                                ninja: Entering directory `/build/cyanrip-git/src/build'
[1/20] Compiling C object src/cyanrip.p/fun512.c.o
[2/20] Compiling C object src/cyanrip.p/utils.c.o
[3/20] Compiling C object tests/fun512_test.p/fun512.c.o
[4/20] Compiling C object src/cyanrip.p/fifo_packet.c.o
[5/20] Generating src/version.c with a custom command
[6/20] Compiling C object src/cyanrip.p/discid.c.o
[7/20] Compiling C object src/cyanrip.p/fifo_frame.c.o
[8/20] Compiling C object src/cyanrip.p/cue_writer.c.o
[9/20] Compiling C object tests/naming_test.p/naming.c.o
[10/20] Compiling C object src/cyanrip.p/meson-generated_.._version.c.o
[11/20] Compiling C object src/cyanrip.p/musicbrainz.c.o
[12/20] Compiling C object src/cyanrip.p/naming.c.o
[13/20] Compiling C object src/cyanrip.p/cyanrip_log.c.o
[14/20] Compiling C object src/cyanrip.p/accurip.c.o
[15/20] Compiling C object src/cyanrip.p/coverart.c.o
[16/20] Compiling C object src/cyanrip.p/cyanrip_encode.c.o
[17/20] Linking target tests/fun512_test
[18/20] Compiling C object src/cyanrip.p/cyanrip_main.c.o
[19/20] Linking target tests/naming_test
[20/20] Linking target src/cyanrip
INFO: autodetecting backend as ninja
INFO: calculating backend command to run: /usr/bin/ninja -C /build/cyanrip-git/src/build
