dotnet-runtime-7.0-bin E: ELF file ('usr/share/dotnet/shared/Microsoft.NETCore.App/7.0.20/createdump') outside of a valid path.
dotnet-runtime-7.0-bin E: ELF file ('usr/share/dotnet/shared/Microsoft.NETCore.App/7.0.20/libSystem.Globalization.Native.so') outside of a valid path.
dotnet-runtime-7.0-bin E: ELF file ('usr/share/dotnet/shared/Microsoft.NETCore.App/7.0.20/libSystem.IO.Compression.Native.so') outside of a valid path.
dotnet-runtime-7.0-bin E: ELF file ('usr/share/dotnet/shared/Microsoft.NETCore.App/7.0.20/libSystem.Native.so') outside of a valid path.
dotnet-runtime-7.0-bin E: ELF file ('usr/share/dotnet/shared/Microsoft.NETCore.App/7.0.20/libSystem.Net.Security.Native.so') outside of a valid path.
dotnet-runtime-7.0-bin E: ELF file ('usr/share/dotnet/shared/Microsoft.NETCore.App/7.0.20/libSystem.Security.Cryptography.Native.OpenSsl.so') outside of a valid path.
dotnet-runtime-7.0-bin E: ELF file ('usr/share/dotnet/shared/Microsoft.NETCore.App/7.0.20/libclrgc.so') outside of a valid path.
dotnet-runtime-7.0-bin E: ELF file ('usr/share/dotnet/shared/Microsoft.NETCore.App/7.0.20/libclrjit.so') outside of a valid path.
dotnet-runtime-7.0-bin E: ELF file ('usr/share/dotnet/shared/Microsoft.NETCore.App/7.0.20/libcoreclr.so') outside of a valid path.
dotnet-runtime-7.0-bin E: ELF file ('usr/share/dotnet/shared/Microsoft.NETCore.App/7.0.20/libcoreclrtraceptprovider.so') outside of a valid path.
dotnet-runtime-7.0-bin E: ELF file ('usr/share/dotnet/shared/Microsoft.NETCore.App/7.0.20/libhostpolicy.so') outside of a valid path.
dotnet-runtime-7.0-bin E: ELF file ('usr/share/dotnet/shared/Microsoft.NETCore.App/7.0.20/libmscordaccore.so') outside of a valid path.
dotnet-runtime-7.0-bin E: ELF file ('usr/share/dotnet/shared/Microsoft.NETCore.App/7.0.20/libmscordbi.so') outside of a valid path.
dotnet-runtime-7.0-bin E: The license dir is symlinked to a directory in the 'dotnet-host-bin' package, but it is not a dependency. Uncommon license identifiers such as 'MIT' require license files. Found 0/1
dotnet-runtime-7.0-bin W: Symlink to a license dir in other packages should be replaced by the actual license files: usr/share/licenses/dotnet-host-bin
dotnet-runtime-7.0-bin E: Soname dependency libgssapi_krb5.so specified without version number
dotnet-runtime-7.0-bin W: Referenced library 'liblttng-ust.so.0' is an uninstalled dependency (needed in files ['usr/share/dotnet/shared/Microsoft.NETCore.App/7.0.20/libcoreclrtraceptprovider.so'])
dotnet-runtime-7.0-bin W: Soname dependency included, but may not be needed ('libgssapi_krb5.so')
dotnet-runtime-7.0-bin E: Symlink (usr/share/licenses/dotnet-runtime-7.0-bin) points to non-existing dotnet-host-bin
dotnet-runtime-7.0-bin W: Unused shared library '/usr/lib/libdl.so.2' by file ('usr/share/dotnet/shared/Microsoft.NETCore.App/7.0.20/createdump')
dotnet-runtime-7.0-bin W: Unused shared library '/usr/lib/libm.so.6' by file ('usr/share/dotnet/shared/Microsoft.NETCore.App/7.0.20/createdump')
dotnet-runtime-7.0-bin W: Unused shared library '/usr/lib/libdl.so.2' by file ('usr/share/dotnet/shared/Microsoft.NETCore.App/7.0.20/libSystem.Globalization.Native.so')
dotnet-runtime-7.0-bin W: Unused shared library '/usr/lib/librt.so.1' by file ('usr/share/dotnet/shared/Microsoft.NETCore.App/7.0.20/libSystem.Native.so')
dotnet-runtime-7.0-bin W: Unused shared library '/usr/lib/libdl.so.2' by file ('usr/share/dotnet/shared/Microsoft.NETCore.App/7.0.20/libSystem.Net.Security.Native.so')
dotnet-runtime-7.0-bin W: Unused shared library '/usr/lib/libdl.so.2' by file ('usr/share/dotnet/shared/Microsoft.NETCore.App/7.0.20/libSystem.Security.Cryptography.Native.OpenSsl.so')
dotnet-runtime-7.0-bin W: Unused shared library '/usr/lib/libpthread.so.0' by file ('usr/share/dotnet/shared/Microsoft.NETCore.App/7.0.20/libSystem.Security.Cryptography.Native.OpenSsl.so')
dotnet-runtime-7.0-bin W: Unused shared library '/usr/lib/libm.so.6' by file ('usr/share/dotnet/shared/Microsoft.NETCore.App/7.0.20/libclrgc.so')
dotnet-runtime-7.0-bin W: Unused shared library '/usr/lib/libpthread.so.0' by file ('usr/share/dotnet/shared/Microsoft.NETCore.App/7.0.20/libclrjit.so')
dotnet-runtime-7.0-bin W: Unused shared library '/usr/lib/librt.so.1' by file ('usr/share/dotnet/shared/Microsoft.NETCore.App/7.0.20/libclrjit.so')
dotnet-runtime-7.0-bin W: Unused shared library '/usr/lib/libdl.so.2' by file ('usr/share/dotnet/shared/Microsoft.NETCore.App/7.0.20/libclrjit.so')
dotnet-runtime-7.0-bin W: Unused shared library '/usr/lib/libpthread.so.0' by file ('usr/share/dotnet/shared/Microsoft.NETCore.App/7.0.20/libcoreclr.so')
dotnet-runtime-7.0-bin W: Unused shared library '/usr/lib/librt.so.1' by file ('usr/share/dotnet/shared/Microsoft.NETCore.App/7.0.20/libcoreclr.so')
dotnet-runtime-7.0-bin W: Unused shared library '/usr/lib/libdl.so.2' by file ('usr/share/dotnet/shared/Microsoft.NETCore.App/7.0.20/libcoreclr.so')
dotnet-runtime-7.0-bin W: Unused shared library '/usr/lib/libstdc++.so.6' by file ('usr/share/dotnet/shared/Microsoft.NETCore.App/7.0.20/libcoreclrtraceptprovider.so')
dotnet-runtime-7.0-bin W: Unused shared library '/usr/lib/libm.so.6' by file ('usr/share/dotnet/shared/Microsoft.NETCore.App/7.0.20/libcoreclrtraceptprovider.so')
dotnet-runtime-7.0-bin W: Unused shared library '/usr/lib/libgcc_s.so.1' by file ('usr/share/dotnet/shared/Microsoft.NETCore.App/7.0.20/libcoreclrtraceptprovider.so')
dotnet-runtime-7.0-bin W: Unused shared library '/usr/lib/libpthread.so.0' by file ('usr/share/dotnet/shared/Microsoft.NETCore.App/7.0.20/libmscordaccore.so')
dotnet-runtime-7.0-bin W: Unused shared library '/usr/lib/librt.so.1' by file ('usr/share/dotnet/shared/Microsoft.NETCore.App/7.0.20/libmscordaccore.so')
dotnet-runtime-7.0-bin W: Unused shared library '/usr/lib/libdl.so.2' by file ('usr/share/dotnet/shared/Microsoft.NETCore.App/7.0.20/libmscordaccore.so')
dotnet-runtime-7.0-bin W: Unused shared library '/usr/lib/libm.so.6' by file ('usr/share/dotnet/shared/Microsoft.NETCore.App/7.0.20/libmscordbi.so')
dotnet-runtime-7.0-bin W: Dependency libgcc detected and implicitly satisfied (libraries ['usr/lib/libgcc_s.so.1'] needed in files ['usr/share/dotnet/shared/Microsoft.NETCore.App/7.0.20/libcoreclrtraceptprovider.so', 'usr/share/dotnet/shared/Microsoft.NETCore.App/7.0.20/createdump', 'usr/share/dotnet/shared/Microsoft.NETCore.App/7.0.20/libclrgc.so', 'usr/share/dotnet/shared/Microsoft.NETCore.App/7.0.20/libmscordaccore.so', 'usr/share/dotnet/shared/Microsoft.NETCore.App/7.0.20/libhostpolicy.so', 'usr/share/dotnet/shared/Microsoft.NETCore.App/7.0.20/libclrjit.so', 'usr/share/dotnet/shared/Microsoft.NETCore.App/7.0.20/libcoreclr.so', 'usr/share/dotnet/shared/Microsoft.NETCore.App/7.0.20/libmscordbi.so'])
dotnet-runtime-7.0-bin W: Dependency libstdc++ detected and implicitly satisfied (libraries ['usr/lib/libstdc++.so.6'] needed in files ['usr/share/dotnet/shared/Microsoft.NETCore.App/7.0.20/libcoreclrtraceptprovider.so', 'usr/share/dotnet/shared/Microsoft.NETCore.App/7.0.20/createdump', 'usr/share/dotnet/shared/Microsoft.NETCore.App/7.0.20/libclrgc.so', 'usr/share/dotnet/shared/Microsoft.NETCore.App/7.0.20/libmscordaccore.so', 'usr/share/dotnet/shared/Microsoft.NETCore.App/7.0.20/libhostpolicy.so', 'usr/share/dotnet/shared/Microsoft.NETCore.App/7.0.20/libclrjit.so', 'usr/share/dotnet/shared/Microsoft.NETCore.App/7.0.20/libcoreclr.so', 'usr/share/dotnet/shared/Microsoft.NETCore.App/7.0.20/libmscordbi.so'])
dotnet-runtime-7.0-bin W: Dependency included, but may not be needed ('dotnet-host')
dotnet-runtime-7.0-bin W: Dependency included, but may not be needed ('gcc-libs')
dotnet-runtime-7.0-bin W: Dependency included, but may not be needed ('icu')
dotnet-runtime-7.0-bin W: Dependency included, but may not be needed ('libgssapi_krb5.so')
dotnet-runtime-7.0-bin W: Dependency included, but may not be needed ('libunwind')
dotnet-runtime-7.0-bin W: Dependency included, but may not be needed ('openssl')
