dotnet-targeting-pack-7.0-bin E: ELF file ('usr/share/dotnet/packs/Microsoft.NETCore.App.Host.linux-x64/7.0.20/runtimes/linux-x64/native/apphost') outside of a valid path.
dotnet-targeting-pack-7.0-bin E: ELF file ('usr/share/dotnet/packs/Microsoft.NETCore.App.Host.linux-x64/7.0.20/runtimes/linux-x64/native/libnethost.so') outside of a valid path.
dotnet-targeting-pack-7.0-bin E: ELF file ('usr/share/dotnet/packs/Microsoft.NETCore.App.Host.linux-x64/7.0.20/runtimes/linux-x64/native/singlefilehost') outside of a valid path.
dotnet-targeting-pack-7.0-bin E: The license dir is symlinked to a directory in the 'dotnet-host-bin' package, but it is not a dependency. Uncommon license identifiers such as 'MIT' require license files. Found 0/1
dotnet-targeting-pack-7.0-bin W: Symlink to a license dir in other packages should be replaced by the actual license files: usr/share/licenses/dotnet-host-bin
dotnet-targeting-pack-7.0-bin W: Library (usr/share/dotnet/packs/Microsoft.NETCore.App.Host.linux-x64/7.0.20/runtimes/linux-x64/native/libnethost.a) does not have permission set to 644 or 444
dotnet-targeting-pack-7.0-bin E: Symlink (usr/share/licenses/dotnet-targeting-pack-7.0-bin) points to non-existing dotnet-host-bin
dotnet-targeting-pack-7.0-bin W: Unused shared library '/usr/lib/libpthread.so.0' by file ('usr/share/dotnet/packs/Microsoft.NETCore.App.Host.linux-x64/7.0.20/runtimes/linux-x64/native/apphost')
dotnet-targeting-pack-7.0-bin W: Unused shared library '/usr/lib/libdl.so.2' by file ('usr/share/dotnet/packs/Microsoft.NETCore.App.Host.linux-x64/7.0.20/runtimes/linux-x64/native/apphost')
dotnet-targeting-pack-7.0-bin W: Unused shared library '/usr/lib/libm.so.6' by file ('usr/share/dotnet/packs/Microsoft.NETCore.App.Host.linux-x64/7.0.20/runtimes/linux-x64/native/apphost')
dotnet-targeting-pack-7.0-bin W: Unused shared library '/usr/lib/libm.so.6' by file ('usr/share/dotnet/packs/Microsoft.NETCore.App.Host.linux-x64/7.0.20/runtimes/linux-x64/native/libnethost.so')
dotnet-targeting-pack-7.0-bin W: Unused shared library '/usr/lib/libpthread.so.0' by file ('usr/share/dotnet/packs/Microsoft.NETCore.App.Host.linux-x64/7.0.20/runtimes/linux-x64/native/singlefilehost')
dotnet-targeting-pack-7.0-bin W: Unused shared library '/usr/lib/libdl.so.2' by file ('usr/share/dotnet/packs/Microsoft.NETCore.App.Host.linux-x64/7.0.20/runtimes/linux-x64/native/singlefilehost')
dotnet-targeting-pack-7.0-bin W: Unused shared library '/usr/lib/librt.so.1' by file ('usr/share/dotnet/packs/Microsoft.NETCore.App.Host.linux-x64/7.0.20/runtimes/linux-x64/native/singlefilehost')
dotnet-targeting-pack-7.0-bin W: Unused shared library '/usr/lib64/ld-linux-x86-64.so.2' by file ('usr/share/dotnet/packs/Microsoft.NETCore.App.Host.linux-x64/7.0.20/runtimes/linux-x64/native/singlefilehost')
dotnet-targeting-pack-7.0-bin E: Dependency zlib detected and not included (libraries ['usr/lib/libz.so.1'] needed in files ['usr/share/dotnet/packs/Microsoft.NETCore.App.Host.linux-x64/7.0.20/runtimes/linux-x64/native/singlefilehost'])
dotnet-targeting-pack-7.0-bin E: Dependency libstdc++ detected and not included (libraries ['usr/lib/libstdc++.so.6'] needed in files ['usr/share/dotnet/packs/Microsoft.NETCore.App.Host.linux-x64/7.0.20/runtimes/linux-x64/native/libnethost.so', 'usr/share/dotnet/packs/Microsoft.NETCore.App.Host.linux-x64/7.0.20/runtimes/linux-x64/native/apphost', 'usr/share/dotnet/packs/Microsoft.NETCore.App.Host.linux-x64/7.0.20/runtimes/linux-x64/native/singlefilehost'])
dotnet-targeting-pack-7.0-bin E: Dependency libgcc detected and not included (libraries ['usr/lib/libgcc_s.so.1'] needed in files ['usr/share/dotnet/packs/Microsoft.NETCore.App.Host.linux-x64/7.0.20/runtimes/linux-x64/native/libnethost.so', 'usr/share/dotnet/packs/Microsoft.NETCore.App.Host.linux-x64/7.0.20/runtimes/linux-x64/native/apphost', 'usr/share/dotnet/packs/Microsoft.NETCore.App.Host.linux-x64/7.0.20/runtimes/linux-x64/native/singlefilehost'])
dotnet-targeting-pack-7.0-bin E: Dependency glibc detected and not included (libraries ['usr/lib/libpthread.so.0', 'usr/lib/ld-linux-x86-64.so.2', 'usr/lib/libdl.so.2', 'usr/lib/librt.so.1', 'usr/lib/libm.so.6', 'usr/lib/libc.so.6'] needed in files ['usr/share/dotnet/packs/Microsoft.NETCore.App.Host.linux-x64/7.0.20/runtimes/linux-x64/native/apphost', 'usr/share/dotnet/packs/Microsoft.NETCore.App.Host.linux-x64/7.0.20/runtimes/linux-x64/native/libnethost.so', 'usr/share/dotnet/packs/Microsoft.NETCore.App.Host.linux-x64/7.0.20/runtimes/linux-x64/native/singlefilehost'])
dotnet-targeting-pack-7.0-bin W: Dependency included, but may not be needed ('netstandard-targeting-pack')
