   Compiling proc-macro2 v1.0.103
   Compiling quote v1.0.42
   Compiling unicode-ident v1.0.22
   Compiling libc v0.2.177
   Compiling cfg-if v1.0.4
   Compiling serde_core v1.0.228
   Compiling serde v1.0.228
   Compiling rustversion v1.0.22
   Compiling log v0.4.28
   Compiling signal-hook v0.3.18
   Compiling equivalent v1.0.2
   Compiling smallvec v1.15.1
   Compiling parking_lot_core v0.9.12
   Compiling fnv v1.0.7
   Compiling strsim v0.11.1
   Compiling heck v0.5.0
   Compiling bitflags v2.10.0
   Compiling scopeguard v1.2.0
   Compiling either v1.15.0
   Compiling ident_case v1.0.1
   Compiling rustix v0.38.44
   Compiling ryu v1.0.20
   Compiling allocator-api2 v0.2.21
   Compiling zerocopy v0.8.28
   Compiling foldhash v0.1.5
   Compiling itoa v1.0.15
   Compiling instability v0.3.9
   Compiling linux-raw-sys v0.4.15
   Compiling lock_api v0.4.14
   Compiling paste v1.0.15
   Compiling getrandom v0.3.4
   Compiling indoc v2.0.7
   Compiling static_assertions v1.1.0
   Compiling crossbeam-utils v0.8.21
   Compiling unicode-segmentation v1.12.0
   Compiling unicode-width v0.1.14
   Compiling itertools v0.13.0
   Compiling cassowary v0.3.0
   Compiling once_cell v1.21.3
   Compiling hashbrown v0.16.1
   Compiling toml_write v0.1.2
   Compiling hashbrown v0.15.5
   Compiling rayon-core v1.13.0
   Compiling autocfg v1.5.0
   Compiling rustix v1.1.2
   Compiling unicode-width v0.2.0
   Compiling utf8parse v0.2.2
   Compiling winnow v0.7.13
   Compiling tracing-core v0.1.34
   Compiling linux-raw-sys v0.11.0
   Compiling anstyle-query v1.1.5
   Compiling colorchoice v1.0.4
   Compiling anstyle-parse v0.2.7
   Compiling memchr v2.7.6
   Compiling anyhow v1.0.100
   Compiling convert_case v0.7.1
   Compiling anstyle v1.0.13
   Compiling litrs v1.0.0
   Compiling indexmap v2.12.1
   Compiling syn v2.0.110
   Compiling lru v0.12.5
   Compiling crossbeam-epoch v0.9.18
   Compiling num-traits v0.2.19
   Compiling is_terminal_polyfill v1.70.2
   Compiling anstream v0.6.21
   Compiling castaway v0.2.4
   Compiling compact_str v0.8.1
   Compiling serde_json v1.0.145
   Compiling option-ext v0.2.0
   Compiling signal-hook-registry v1.4.6
   Compiling mio v1.1.0
   Compiling crossbeam-deque v0.8.6
   Compiling getrandom v0.2.16
   Compiling rand_core v0.9.3
   Compiling parking_lot v0.12.5
   Compiling document-features v0.2.12
   Compiling rand_core v0.6.4
   Compiling signal-hook-mio v0.2.5
   Compiling lazy_static v1.5.0
   Compiling unicode-truncate v1.1.0
   Compiling thiserror v2.0.17
   Compiling crossterm v0.28.1
   Compiling clap_lex v0.7.6
   Compiling sharded-slab v0.1.7
   Compiling dirs-sys v0.4.1
   Compiling rayon v1.11.0
   Compiling ppv-lite86 v0.2.21
   Compiling clap_builder v4.5.53
   Compiling sysinfo v0.37.2
   Compiling tracing-log v0.2.0
   Compiling thread_local v1.1.9
   Compiling iana-time-zone v0.1.64
   Compiling rand_chacha v0.9.0
   Compiling rand_chacha v0.3.1
   Compiling pin-project-lite v0.2.16
   Compiling same-file v1.0.6
   Compiling nu-ansi-term v0.50.3
   Compiling rand v0.9.2
   Compiling rand v0.8.5
   Compiling walkdir v2.5.0
   Compiling tracing-subscriber v0.3.20
   Compiling chrono v0.4.42
   Compiling dirs v5.0.1
   Compiling shlex v1.3.0
   Compiling darling_core v0.20.11
   Compiling sysinfo v0.30.13
   Compiling serde_derive v1.0.228
   Compiling strum_macros v0.26.4
   Compiling derive_more-impl v2.0.1
   Compiling clap_derive v4.5.49
   Compiling tracing-attributes v0.1.30
   Compiling thiserror-impl v2.0.17
   Compiling darling_macro v0.20.11
   Compiling derive_more v2.0.1
   Compiling crossterm v0.29.0
   Compiling darling v0.20.11
   Compiling tracing v0.1.41
   Compiling strum v0.26.3
   Compiling ratatui v0.29.0
   Compiling ratatui v0.28.1
   Compiling clap v4.5.53
   Compiling toml_datetime v0.6.11
   Compiling serde_spanned v0.6.9
   Compiling uuid v1.18.1
   Compiling toml_edit v0.22.27
   Compiling tui-textarea v0.6.1
   Compiling waveformchart v0.1.0
   Compiling tui-checkbox v0.3.8
   Compiling tui-piechart v0.2.0
   Compiling toml v0.8.23
   Compiling ffdash v0.3.2 (/build/ffdash/src/ffdash)
    Finished `release` profile [optimized] target(s) in 38.24s
