Making install in res
make[1]: Entering directory '/build/filezilla-server/src/filezilla-server-1.12.6/res'
Making install in share
make[2]: Entering directory '/build/filezilla-server/src/filezilla-server-1.12.6/res/share'
Making install in icons
make[3]: Entering directory '/build/filezilla-server/src/filezilla-server-1.12.6/res/share/icons'
Making install in hicolor
make[4]: Entering directory '/build/filezilla-server/src/filezilla-server-1.12.6/res/share/icons/hicolor'
make[5]: Entering directory '/build/filezilla-server/src/filezilla-server-1.12.6/res/share/icons/hicolor'
make[5]: Nothing to be done for 'install-exec-am'.
 /usr/bin/mkdir -p '/build/filezilla-server/pkg/filezilla-server/usr/share/icons/hicolor'
 /usr/bin/mkdir -p '/build/filezilla-server/pkg/filezilla-server/usr/share/icons/hicolor'
 /usr/bin/mkdir -p '/build/filezilla-server/pkg/filezilla-server/usr/share/icons/hicolor'
 /usr/bin/mkdir -p '/build/filezilla-server/pkg/filezilla-server/usr/share/icons/hicolor'
 /usr/bin/mkdir -p '/build/filezilla-server/pkg/filezilla-server/usr/share/icons/hicolor'
 /usr/bin/mkdir -p '/build/filezilla-server/pkg/filezilla-server/usr/share/icons/hicolor'
 /usr/bin/mkdir -p '/build/filezilla-server/pkg/filezilla-server/usr/share/icons/hicolor'
 /usr/bin/mkdir -p '/build/filezilla-server/pkg/filezilla-server/usr/share/icons/hicolor'
 /usr/bin/mkdir -p '/build/filezilla-server/pkg/filezilla-server/usr/share/icons/hicolor'
 /usr/bin/mkdir -p '/build/filezilla-server/pkg/filezilla-server/usr/share/icons/hicolor/16x16/apps'
 /usr/bin/mkdir -p '/build/filezilla-server/pkg/filezilla-server/usr/share/icons/hicolor/128x128/apps'
 /usr/bin/mkdir -p '/build/filezilla-server/pkg/filezilla-server/usr/share/icons/hicolor/20x20/apps'
 /usr/bin/mkdir -p '/build/filezilla-server/pkg/filezilla-server/usr/share/icons/hicolor/24x24/apps'
 /usr/bin/mkdir -p '/build/filezilla-server/pkg/filezilla-server/usr/share/icons/hicolor/256x256/apps'
 /usr/bin/install -c -m 644  16x16/apps/filezilla-server-gui.png '/build/filezilla-server/pkg/filezilla-server/usr/share/icons/hicolor/16x16/apps'
 /usr/bin/install -c -m 644  128x128/apps/filezilla-server-gui.png '/build/filezilla-server/pkg/filezilla-server/usr/share/icons/hicolor/128x128/apps'
 /usr/bin/mkdir -p '/build/filezilla-server/pkg/filezilla-server/usr/share/icons/hicolor/48x48/apps'
 /usr/bin/install -c -m 644  20x20/apps/filezilla-server-gui.png '/build/filezilla-server/pkg/filezilla-server/usr/share/icons/hicolor/20x20/apps'
 /usr/bin/mkdir -p '/build/filezilla-server/pkg/filezilla-server/usr/share/icons/hicolor/64x64/apps'
 /usr/bin/mkdir -p '/build/filezilla-server/pkg/filezilla-server/usr/share/icons/hicolor/32x32/apps'
 /usr/bin/install -c -m 644  24x24/apps/filezilla-server-gui.png '/build/filezilla-server/pkg/filezilla-server/usr/share/icons/hicolor/24x24/apps'
 /usr/bin/install -c -m 644  256x256/apps/filezilla-server-gui.png '/build/filezilla-server/pkg/filezilla-server/usr/share/icons/hicolor/256x256/apps'
 /usr/bin/install -c -m 644  48x48/apps/filezilla-server-gui.png '/build/filezilla-server/pkg/filezilla-server/usr/share/icons/hicolor/48x48/apps'
 /usr/bin/install -c -m 644  64x64/apps/filezilla-server-gui.png '/build/filezilla-server/pkg/filezilla-server/usr/share/icons/hicolor/64x64/apps'
 /usr/bin/install -c -m 644  32x32/apps/filezilla-server-gui.png '/build/filezilla-server/pkg/filezilla-server/usr/share/icons/hicolor/32x32/apps'
 /usr/bin/mkdir -p '/build/filezilla-server/pkg/filezilla-server/usr/share/icons/hicolor/scalable/apps'
 /usr/bin/install -c -m 644  scalable/apps/filezilla-server-gui.svg '/build/filezilla-server/pkg/filezilla-server/usr/share/icons/hicolor/scalable/apps'
make[5]: Leaving directory '/build/filezilla-server/src/filezilla-server-1.12.6/res/share/icons/hicolor'
make[4]: Leaving directory '/build/filezilla-server/src/filezilla-server-1.12.6/res/share/icons/hicolor'
make[4]: Entering directory '/build/filezilla-server/src/filezilla-server-1.12.6/res/share/icons'
make[5]: Entering directory '/build/filezilla-server/src/filezilla-server-1.12.6/res/share/icons'
make[5]: Nothing to be done for 'install-exec-am'.
make[5]: Nothing to be done for 'install-data-am'.
make[5]: Leaving directory '/build/filezilla-server/src/filezilla-server-1.12.6/res/share/icons'
make[4]: Leaving directory '/build/filezilla-server/src/filezilla-server-1.12.6/res/share/icons'
make[3]: Leaving directory '/build/filezilla-server/src/filezilla-server-1.12.6/res/share/icons'
make[3]: Entering directory '/build/filezilla-server/src/filezilla-server-1.12.6/res/share'
make[4]: Entering directory '/build/filezilla-server/src/filezilla-server-1.12.6/res/share'
make[4]: Nothing to be done for 'install-exec-am'.
make[4]: Nothing to be done for 'install-data-am'.
make[4]: Leaving directory '/build/filezilla-server/src/filezilla-server-1.12.6/res/share'
make[3]: Leaving directory '/build/filezilla-server/src/filezilla-server-1.12.6/res/share'
make[2]: Leaving directory '/build/filezilla-server/src/filezilla-server-1.12.6/res/share'
make[2]: Entering directory '/build/filezilla-server/src/filezilla-server-1.12.6/res'
make[3]: Entering directory '/build/filezilla-server/src/filezilla-server-1.12.6/res'
make[3]: Nothing to be done for 'install-exec-am'.
make[3]: Nothing to be done for 'install-data-am'.
make[3]: Leaving directory '/build/filezilla-server/src/filezilla-server-1.12.6/res'
make[2]: Leaving directory '/build/filezilla-server/src/filezilla-server-1.12.6/res'
make[1]: Leaving directory '/build/filezilla-server/src/filezilla-server-1.12.6/res'
Making install in src
make[1]: Entering directory '/build/filezilla-server/src/filezilla-server-1.12.6/src'
Making install in filezilla
make[2]: Entering directory '/build/filezilla-server/src/filezilla-server-1.12.6/src/filezilla'
FZ_BUILD_IS_DIRTY=0; \
\
case "personal" in \
	official) \
		FZ_COMMIT_ID="official build";; \
	nightly) \
		FZ_COMMIT_ID="nightly build";; \
	*) \
		if test ! -d "../.."/.git; then \
			FZ_COMMIT_ID="built from tarball"; \
		else \
			FZ_COMMIT_ID=$(cd "../.." && git rev-parse --short HEAD 2>/dev/null); \
			FZ_BUILD_IS_DIRTY=$(cd "../.." && git diff --quiet 2>/dev/null && echo 0 || echo 1); \
			if test -z "$FZ_COMMIT_ID"; then \
				FZ_COMMIT_ID="unknown source"; \
			else \
				FZ_COMMIT_ID="commit $FZ_COMMIT_ID"; \
			fi; \
		fi;; \
esac; \
\
echo '#define FZ_COMMIT_ID "'"$FZ_COMMIT_ID"'"' > "build_info_gen.hpp.tmp"; \
echo "#define FZ_BUILD_IS_DIRTY $FZ_BUILD_IS_DIRTY" >> "build_info_gen.hpp.tmp"; \
echo "#define FZ_BUILD_DATE" $(date -u +'"%Y-%m-%d"') >> "build_info_gen.hpp.tmp"
if ! cmp "build_info_gen.hpp.tmp" "build_info_gen.hpp" 2>/dev/null; then \
	mv "build_info_gen.hpp.tmp" "build_info_gen.hpp"; \
fi
make  install-recursive
make[3]: Entering directory '/build/filezilla-server/src/filezilla-server-1.12.6/src/filezilla'
Making install in .
make[4]: Entering directory '/build/filezilla-server/src/filezilla-server-1.12.6/src/filezilla'
/usr/bin/g++-15 -std=c++17 -DHAVE_CONFIG_H -I. -I../../src    -I/usr/include/p11-kit-1 -fno-exceptions  -march=x86-64 -mtune=generic -O2 -pipe -fno-plt -fexceptions         -Wp,-D_FORTIFY_SOURCE=3 -Wformat -Werror=format-security         -fstack-clash-protection -fcf-protection         -fno-omit-frame-pointer -mno-omit-leaf-frame-pointer -Wp,-D_GLIBCXX_ASSERTIONS -g -ffile-prefix-map=/build/filezilla-server/src=/usr/src/debug/filezilla-server -flto=auto -MT libfilezilla_common_a-bounded_thread_pool.o -MD -MP -MF .deps/libfilezilla_common_a-bounded_thread_pool.Tpo -c -o libfilezilla_common_a-bounded_thread_pool.o `test -f 'bounded_thread_pool.cpp' || echo './'`bounded_thread_pool.cpp
/usr/bin/g++-15 -std=c++17 -DHAVE_CONFIG_H -I. -I../../src    -I/usr/include/p11-kit-1 -fno-exceptions  -march=x86-64 -mtune=generic -O2 -pipe -fno-plt -fexceptions         -Wp,-D_FORTIFY_SOURCE=3 -Wformat -Werror=format-security         -fstack-clash-protection -fcf-protection         -fno-omit-frame-pointer -mno-omit-leaf-frame-pointer -Wp,-D_GLIBCXX_ASSERTIONS -g -ffile-prefix-map=/build/filezilla-server/src=/usr/src/debug/filezilla-server -flto=auto -MT libfilezilla_common_a-build_info.o -MD -MP -MF .deps/libfilezilla_common_a-build_info.Tpo -c -o libfilezilla_common_a-build_info.o `test -f 'build_info.cpp' || echo './'`build_info.cpp
/usr/bin/g++-15 -std=c++17 -DHAVE_CONFIG_H -I. -I../../src    -I/usr/include/p11-kit-1 -fno-exceptions  -march=x86-64 -mtune=generic -O2 -pipe -fno-plt -fexceptions         -Wp,-D_FORTIFY_SOURCE=3 -Wformat -Werror=format-security         -fstack-clash-protection -fcf-protection         -fno-omit-frame-pointer -mno-omit-leaf-frame-pointer -Wp,-D_GLIBCXX_ASSERTIONS -g -ffile-prefix-map=/build/filezilla-server/src=/usr/src/debug/filezilla-server -flto=auto -MT libfilezilla_common_a-event_loop_pool.o -MD -MP -MF .deps/libfilezilla_common_a-event_loop_pool.Tpo -c -o libfilezilla_common_a-event_loop_pool.o `test -f 'event_loop_pool.cpp' || echo './'`event_loop_pool.cpp
/usr/bin/g++-15 -std=c++17 -DHAVE_CONFIG_H -I. -I../../src    -I/usr/include/p11-kit-1 -fno-exceptions  -march=x86-64 -mtune=generic -O2 -pipe -fno-plt -fexceptions         -Wp,-D_FORTIFY_SOURCE=3 -Wformat -Werror=format-security         -fstack-clash-protection -fcf-protection         -fno-omit-frame-pointer -mno-omit-leaf-frame-pointer -Wp,-D_GLIBCXX_ASSERTIONS -g -ffile-prefix-map=/build/filezilla-server/src=/usr/src/debug/filezilla-server -flto=auto -MT libfilezilla_common_a-hostaddress.o -MD -MP -MF .deps/libfilezilla_common_a-hostaddress.Tpo -c -o libfilezilla_common_a-hostaddress.o `test -f 'hostaddress.cpp' || echo './'`hostaddress.cpp
/usr/bin/g++-15 -std=c++17 -DHAVE_CONFIG_H -I. -I../../src    -I/usr/include/p11-kit-1 -fno-exceptions  -march=x86-64 -mtune=generic -O2 -pipe -fno-plt -fexceptions         -Wp,-D_FORTIFY_SOURCE=3 -Wformat -Werror=format-security         -fstack-clash-protection -fcf-protection         -fno-omit-frame-pointer -mno-omit-leaf-frame-pointer -Wp,-D_GLIBCXX_ASSERTIONS -g -ffile-prefix-map=/build/filezilla-server/src=/usr/src/debug/filezilla-server -flto=auto -MT libfilezilla_common_a-port_randomizer.o -MD -MP -MF .deps/libfilezilla_common_a-port_randomizer.Tpo -c -o libfilezilla_common_a-port_randomizer.o `test -f 'port_randomizer.cpp' || echo './'`port_randomizer.cpp
/usr/bin/g++-15 -std=c++17 -DHAVE_CONFIG_H -I. -I../../src    -I/usr/include/p11-kit-1 -fno-exceptions  -march=x86-64 -mtune=generic -O2 -pipe -fno-plt -fexceptions         -Wp,-D_FORTIFY_SOURCE=3 -Wformat -Werror=format-security         -fstack-clash-protection -fcf-protection         -fno-omit-frame-pointer -mno-omit-leaf-frame-pointer -Wp,-D_GLIBCXX_ASSERTIONS -g -ffile-prefix-map=/build/filezilla-server/src=/usr/src/debug/filezilla-server -flto=auto -MT libfilezilla_common_a-rundown_protection.o -MD -MP -MF .deps/libfilezilla_common_a-rundown_protection.Tpo -c -o libfilezilla_common_a-rundown_protection.o `test -f 'rundown_protection.cpp' || echo './'`rundown_protection.cpp
/usr/bin/g++-15 -std=c++17 -DHAVE_CONFIG_H -I. -I../../src    -I/usr/include/p11-kit-1 -fno-exceptions  -march=x86-64 -mtune=generic -O2 -pipe -fno-plt -fexceptions         -Wp,-D_FORTIFY_SOURCE=3 -Wformat -Werror=format-security         -fstack-clash-protection -fcf-protection         -fno-omit-frame-pointer -mno-omit-leaf-frame-pointer -Wp,-D_GLIBCXX_ASSERTIONS -g -ffile-prefix-map=/build/filezilla-server/src=/usr/src/debug/filezilla-server -flto=auto -MT libfilezilla_common_a-securable_socket.o -MD -MP -MF .deps/libfilezilla_common_a-securable_socket.Tpo -c -o libfilezilla_common_a-securable_socket.o `test -f 'securable_socket.cpp' || echo './'`securable_socket.cpp
/usr/bin/g++-15 -std=c++17 -DHAVE_CONFIG_H -I. -I../../src    -I/usr/include/p11-kit-1 -fno-exceptions  -march=x86-64 -mtune=generic -O2 -pipe -fno-plt -fexceptions         -Wp,-D_FORTIFY_SOURCE=3 -Wformat -Werror=format-security         -fstack-clash-protection -fcf-protection         -fno-omit-frame-pointer -mno-omit-leaf-frame-pointer -Wp,-D_GLIBCXX_ASSERTIONS -g -ffile-prefix-map=/build/filezilla-server/src=/usr/src/debug/filezilla-server -flto=auto -MT libfilezilla_common_a-channel.o -MD -MP -MF .deps/libfilezilla_common_a-channel.Tpo -c -o libfilezilla_common_a-channel.o `test -f 'channel.cpp' || echo './'`channel.cpp
/usr/bin/g++-15 -std=c++17 -DHAVE_CONFIG_H -I. -I../../src    -I/usr/include/p11-kit-1 -fno-exceptions  -march=x86-64 -mtune=generic -O2 -pipe -fno-plt -fexceptions         -Wp,-D_FORTIFY_SOURCE=3 -Wformat -Werror=format-security         -fstack-clash-protection -fcf-protection         -fno-omit-frame-pointer -mno-omit-leaf-frame-pointer -Wp,-D_GLIBCXX_ASSERTIONS -g -ffile-prefix-map=/build/filezilla-server/src=/usr/src/debug/filezilla-server -flto=auto -MT libfilezilla_common_a-strresult.o -MD -MP -MF .deps/libfilezilla_common_a-strresult.Tpo -c -o libfilezilla_common_a-strresult.o `test -f 'strresult.cpp' || echo './'`strresult.cpp
/usr/bin/g++-15 -std=c++17 -DHAVE_CONFIG_H -I. -I../../src    -I/usr/include/p11-kit-1 -fno-exceptions  -march=x86-64 -mtune=generic -O2 -pipe -fno-plt -fexceptions         -Wp,-D_FORTIFY_SOURCE=3 -Wformat -Werror=format-security         -fstack-clash-protection -fcf-protection         -fno-omit-frame-pointer -mno-omit-leaf-frame-pointer -Wp,-D_GLIBCXX_ASSERTIONS -g -ffile-prefix-map=/build/filezilla-server/src=/usr/src/debug/filezilla-server -flto=auto -MT libfilezilla_common_a-strsyserror.o -MD -MP -MF .deps/libfilezilla_common_a-strsyserror.Tpo -c -o libfilezilla_common_a-strsyserror.o `test -f 'strsyserror.cpp' || echo './'`strsyserror.cpp
/usr/bin/g++-15 -std=c++17 -DHAVE_CONFIG_H -I. -I../../src    -I/usr/include/p11-kit-1 -fno-exceptions  -march=x86-64 -mtune=generic -O2 -pipe -fno-plt -fexceptions         -Wp,-D_FORTIFY_SOURCE=3 -Wformat -Werror=format-security         -fstack-clash-protection -fcf-protection         -fno-omit-frame-pointer -mno-omit-leaf-frame-pointer -Wp,-D_GLIBCXX_ASSERTIONS -g -ffile-prefix-map=/build/filezilla-server/src=/usr/src/debug/filezilla-server -flto=auto -MT libfilezilla_common_a-sys_info.o -MD -MP -MF .deps/libfilezilla_common_a-sys_info.Tpo -c -o libfilezilla_common_a-sys_info.o `test -f 'sys_info.cpp' || echo './'`sys_info.cpp
/usr/bin/g++-15 -std=c++17 -DHAVE_CONFIG_H -I. -I../../src    -I/usr/include/p11-kit-1 -fno-exceptions  -march=x86-64 -mtune=generic -O2 -pipe -fno-plt -fexceptions         -Wp,-D_FORTIFY_SOURCE=3 -Wformat -Werror=format-security         -fstack-clash-protection -fcf-protection         -fno-omit-frame-pointer -mno-omit-leaf-frame-pointer -Wp,-D_GLIBCXX_ASSERTIONS -g -ffile-prefix-map=/build/filezilla-server/src=/usr/src/debug/filezilla-server -flto=auto -MT libfilezilla_common_a-pipe.o -MD -MP -MF .deps/libfilezilla_common_a-pipe.Tpo -c -o libfilezilla_common_a-pipe.o `test -f 'pipe.cpp' || echo './'`pipe.cpp
/usr/bin/g++-15 -std=c++17 -DHAVE_CONFIG_H -I. -I../../src    -I/usr/include/p11-kit-1 -fno-exceptions  -march=x86-64 -mtune=generic -O2 -pipe -fno-plt -fexceptions         -Wp,-D_FORTIFY_SOURCE=3 -Wformat -Werror=format-security         -fstack-clash-protection -fcf-protection         -fno-omit-frame-pointer -mno-omit-leaf-frame-pointer -Wp,-D_GLIBCXX_ASSERTIONS -g -ffile-prefix-map=/build/filezilla-server/src=/usr/src/debug/filezilla-server -flto=auto -MT libfilezilla_common_a-signal_notifier.o -MD -MP -MF .deps/libfilezilla_common_a-signal_notifier.Tpo -c -o libfilezilla_common_a-signal_notifier.o `test -f 'signal_notifier.cpp' || echo './'`signal_notifier.cpp
/usr/bin/g++-15 -std=c++17 -DHAVE_CONFIG_H -I. -I../../src    -I/usr/include/p11-kit-1 -fno-exceptions  -march=x86-64 -mtune=generic -O2 -pipe -fno-plt -fexceptions         -Wp,-D_FORTIFY_SOURCE=3 -Wformat -Werror=format-security         -fstack-clash-protection -fcf-protection         -fno-omit-frame-pointer -mno-omit-leaf-frame-pointer -Wp,-D_GLIBCXX_ASSERTIONS -g -ffile-prefix-map=/build/filezilla-server/src=/usr/src/debug/filezilla-server -flto=auto -MT libfilezilla_common_a-known_paths.o -MD -MP -MF .deps/libfilezilla_common_a-known_paths.Tpo -c -o libfilezilla_common_a-known_paths.o `test -f 'known_paths.cpp' || echo './'`known_paths.cpp
/usr/bin/g++-15 -std=c++17 -DHAVE_CONFIG_H -I. -I../../src    -I/usr/include/p11-kit-1 -fno-exceptions  -march=x86-64 -mtune=generic -O2 -pipe -fno-plt -fexceptions         -Wp,-D_FORTIFY_SOURCE=3 -Wformat -Werror=format-security         -fstack-clash-protection -fcf-protection         -fno-omit-frame-pointer -mno-omit-leaf-frame-pointer -Wp,-D_GLIBCXX_ASSERTIONS -g -ffile-prefix-map=/build/filezilla-server/src=/usr/src/debug/filezilla-server -flto=auto -MT acme/libfilezilla_common_a-cert_info.o -MD -MP -MF acme/.deps/libfilezilla_common_a-cert_info.Tpo -c -o acme/libfilezilla_common_a-cert_info.o `test -f 'acme/cert_info.cpp' || echo './'`acme/cert_info.cpp
/usr/bin/g++-15 -std=c++17 -DHAVE_CONFIG_H -I. -I../../src    -I/usr/include/p11-kit-1 -fno-exceptions  -march=x86-64 -mtune=generic -O2 -pipe -fno-plt -fexceptions         -Wp,-D_FORTIFY_SOURCE=3 -Wformat -Werror=format-security         -fstack-clash-protection -fcf-protection         -fno-omit-frame-pointer -mno-omit-leaf-frame-pointer -Wp,-D_GLIBCXX_ASSERTIONS -g -ffile-prefix-map=/build/filezilla-server/src=/usr/src/debug/filezilla-server -flto=auto -MT acme/libfilezilla_common_a-client.o -MD -MP -MF acme/.deps/libfilezilla_common_a-client.Tpo -c -o acme/libfilezilla_common_a-client.o `test -f 'acme/client.cpp' || echo './'`acme/client.cpp
/usr/bin/g++-15 -std=c++17 -DHAVE_CONFIG_H -I. -I../../src    -I/usr/include/p11-kit-1 -fno-exceptions  -march=x86-64 -mtune=generic -O2 -pipe -fno-plt -fexceptions         -Wp,-D_FORTIFY_SOURCE=3 -Wformat -Werror=format-security         -fstack-clash-protection -fcf-protection         -fno-omit-frame-pointer -mno-omit-leaf-frame-pointer -Wp,-D_GLIBCXX_ASSERTIONS -g -ffile-prefix-map=/build/filezilla-server/src=/usr/src/debug/filezilla-server -flto=auto -MT acme/client/libfilezilla_common_a-challenger.o -MD -MP -MF acme/client/.deps/libfilezilla_common_a-challenger.Tpo -c -o acme/client/libfilezilla_common_a-challenger.o `test -f 'acme/client/challenger.cpp' || echo './'`acme/client/challenger.cpp
/usr/bin/g++-15 -std=c++17 -DHAVE_CONFIG_H -I. -I../../src    -I/usr/include/p11-kit-1 -fno-exceptions  -march=x86-64 -mtune=generic -O2 -pipe -fno-plt -fexceptions         -Wp,-D_FORTIFY_SOURCE=3 -Wformat -Werror=format-security         -fstack-clash-protection -fcf-protection         -fno-omit-frame-pointer -mno-omit-leaf-frame-pointer -Wp,-D_GLIBCXX_ASSERTIONS -g -ffile-prefix-map=/build/filezilla-server/src=/usr/src/debug/filezilla-server -flto=auto -MT acme/libfilezilla_common_a-daemon.o -MD -MP -MF acme/.deps/libfilezilla_common_a-daemon.Tpo -c -o acme/libfilezilla_common_a-daemon.o `test -f 'acme/daemon.cpp' || echo './'`acme/daemon.cpp
/usr/bin/g++-15 -std=c++17 -DHAVE_CONFIG_H -I. -I../../src    -I/usr/include/p11-kit-1 -fno-exceptions  -march=x86-64 -mtune=generic -O2 -pipe -fno-plt -fexceptions         -Wp,-D_FORTIFY_SOURCE=3 -Wformat -Werror=format-security         -fstack-clash-protection -fcf-protection         -fno-omit-frame-pointer -mno-omit-leaf-frame-pointer -Wp,-D_GLIBCXX_ASSERTIONS -g -ffile-prefix-map=/build/filezilla-server/src=/usr/src/debug/filezilla-server -flto=auto -MT authentication/libfilezilla_common_a-authenticator.o -MD -MP -MF authentication/.deps/libfilezilla_common_a-authenticator.Tpo -c -o authentication/libfilezilla_common_a-authenticator.o `test -f 'authentication/authenticator.cpp' || echo './'`authentication/authenticator.cpp
/usr/bin/g++-15 -std=c++17 -DHAVE_CONFIG_H -I. -I../../src    -I/usr/include/p11-kit-1 -fno-exceptions  -march=x86-64 -mtune=generic -O2 -pipe -fno-plt -fexceptions         -Wp,-D_FORTIFY_SOURCE=3 -Wformat -Werror=format-security         -fstack-clash-protection -fcf-protection         -fno-omit-frame-pointer -mno-omit-leaf-frame-pointer -Wp,-D_GLIBCXX_ASSERTIONS -g -ffile-prefix-map=/build/filezilla-server/src=/usr/src/debug/filezilla-server -flto=auto -MT authentication/libfilezilla_common_a-autobanner.o -MD -MP -MF authentication/.deps/libfilezilla_common_a-autobanner.Tpo -c -o authentication/libfilezilla_common_a-autobanner.o `test -f 'authentication/autobanner.cpp' || echo './'`authentication/autobanner.cpp
mv -f .deps/libfilezilla_common_a-strsyserror.Tpo .deps/libfilezilla_common_a-strsyserror.Po
/usr/bin/g++-15 -std=c++17 -DHAVE_CONFIG_H -I. -I../../src    -I/usr/include/p11-kit-1 -fno-exceptions  -march=x86-64 -mtune=generic -O2 -pipe -fno-plt -fexceptions         -Wp,-D_FORTIFY_SOURCE=3 -Wformat -Werror=format-security         -fstack-clash-protection -fcf-protection         -fno-omit-frame-pointer -mno-omit-leaf-frame-pointer -Wp,-D_GLIBCXX_ASSERTIONS -g -ffile-prefix-map=/build/filezilla-server/src=/usr/src/debug/filezilla-server -flto=auto -MT authentication/libfilezilla_common_a-credentials.o -MD -MP -MF authentication/.deps/libfilezilla_common_a-credentials.Tpo -c -o authentication/libfilezilla_common_a-credentials.o `test -f 'authentication/credentials.cpp' || echo './'`authentication/credentials.cpp
mv -f .deps/libfilezilla_common_a-strresult.Tpo .deps/libfilezilla_common_a-strresult.Po
/usr/bin/g++-15 -std=c++17 -DHAVE_CONFIG_H -I. -I../../src    -I/usr/include/p11-kit-1 -fno-exceptions  -march=x86-64 -mtune=generic -O2 -pipe -fno-plt -fexceptions         -Wp,-D_FORTIFY_SOURCE=3 -Wformat -Werror=format-security         -fstack-clash-protection -fcf-protection         -fno-omit-frame-pointer -mno-omit-leaf-frame-pointer -Wp,-D_GLIBCXX_ASSERTIONS -g -ffile-prefix-map=/build/filezilla-server/src=/usr/src/debug/filezilla-server -flto=auto -MT authentication/libfilezilla_common_a-file_based_authenticator.o -MD -MP -MF authentication/.deps/libfilezilla_common_a-file_based_authenticator.Tpo -c -o authentication/libfilezilla_common_a-file_based_authenticator.o `test -f 'authentication/file_based_authenticator.cpp' || echo './'`authentication/file_based_authenticator.cpp
mv -f .deps/libfilezilla_common_a-rundown_protection.Tpo .deps/libfilezilla_common_a-rundown_protection.Po
/usr/bin/g++-15 -std=c++17 -DHAVE_CONFIG_H -I. -I../../src    -I/usr/include/p11-kit-1 -fno-exceptions  -march=x86-64 -mtune=generic -O2 -pipe -fno-plt -fexceptions         -Wp,-D_FORTIFY_SOURCE=3 -Wformat -Werror=format-security         -fstack-clash-protection -fcf-protection         -fno-omit-frame-pointer -mno-omit-leaf-frame-pointer -Wp,-D_GLIBCXX_ASSERTIONS -g -ffile-prefix-map=/build/filezilla-server/src=/usr/src/debug/filezilla-server -flto=auto -MT authentication/libfilezilla_common_a-file_based_authenticator_idp.o -MD -MP -MF authentication/.deps/libfilezilla_common_a-file_based_authenticator_idp.Tpo -c -o authentication/libfilezilla_common_a-file_based_authenticator_idp.o `test -f 'authentication/file_based_authenticator_idp.cpp' || echo './'`authentication/file_based_authenticator_idp.cpp
mv -f .deps/libfilezilla_common_a-sys_info.Tpo .deps/libfilezilla_common_a-sys_info.Po
/usr/bin/g++-15 -std=c++17 -DHAVE_CONFIG_H -I. -I../../src    -I/usr/include/p11-kit-1 -fno-exceptions  -march=x86-64 -mtune=generic -O2 -pipe -fno-plt -fexceptions         -Wp,-D_FORTIFY_SOURCE=3 -Wformat -Werror=format-security         -fstack-clash-protection -fcf-protection         -fno-omit-frame-pointer -mno-omit-leaf-frame-pointer -Wp,-D_GLIBCXX_ASSERTIONS -g -ffile-prefix-map=/build/filezilla-server/src=/usr/src/debug/filezilla-server -flto=auto -MT authentication/libfilezilla_common_a-file_based_authenticator_users_impersonator.o -MD -MP -MF authentication/.deps/libfilezilla_common_a-file_based_authenticator_users_impersonator.Tpo -c -o authentication/libfilezilla_common_a-file_based_authenticator_users_impersonator.o `test -f 'authentication/file_based_authenticator_users_impersonator.cpp' || echo './'`authentication/file_based_authenticator_users_impersonator.cpp
mv -f .deps/libfilezilla_common_a-build_info.Tpo .deps/libfilezilla_common_a-build_info.Po
/usr/bin/g++-15 -std=c++17 -DHAVE_CONFIG_H -I. -I../../src    -I/usr/include/p11-kit-1 -fno-exceptions  -march=x86-64 -mtune=generic -O2 -pipe -fno-plt -fexceptions         -Wp,-D_FORTIFY_SOURCE=3 -Wformat -Werror=format-security         -fstack-clash-protection -fcf-protection         -fno-omit-frame-pointer -mno-omit-leaf-frame-pointer -Wp,-D_GLIBCXX_ASSERTIONS -g -ffile-prefix-map=/build/filezilla-server/src=/usr/src/debug/filezilla-server -flto=auto -MT authentication/libfilezilla_common_a-file_based_authenticator_static_load_and_save.o -MD -MP -MF authentication/.deps/libfilezilla_common_a-file_based_authenticator_static_load_and_save.Tpo -c -o authentication/libfilezilla_common_a-file_based_authenticator_static_load_and_save.o `test -f 'authentication/file_based_authenticator_static_load_and_save.cpp' || echo './'`authentication/file_based_authenticator_static_load_and_save.cpp
mv -f .deps/libfilezilla_common_a-bounded_thread_pool.Tpo .deps/libfilezilla_common_a-bounded_thread_pool.Po
/usr/bin/g++-15 -std=c++17 -DHAVE_CONFIG_H -I. -I../../src    -I/usr/include/p11-kit-1 -fno-exceptions  -march=x86-64 -mtune=generic -O2 -pipe -fno-plt -fexceptions         -Wp,-D_FORTIFY_SOURCE=3 -Wformat -Werror=format-security         -fstack-clash-protection -fcf-protection         -fno-omit-frame-pointer -mno-omit-leaf-frame-pointer -Wp,-D_GLIBCXX_ASSERTIONS -g -ffile-prefix-map=/build/filezilla-server/src=/usr/src/debug/filezilla-server -flto=auto -MT authentication/libfilezilla_common_a-identity_provider.o -MD -MP -MF authentication/.deps/libfilezilla_common_a-identity_provider.Tpo -c -o authentication/libfilezilla_common_a-identity_provider.o `test -f 'authentication/identity_provider.cpp' || echo './'`authentication/identity_provider.cpp
mv -f .deps/libfilezilla_common_a-event_loop_pool.Tpo .deps/libfilezilla_common_a-event_loop_pool.Po
/usr/bin/g++-15 -std=c++17 -DHAVE_CONFIG_H -I. -I../../src    -I/usr/include/p11-kit-1 -fno-exceptions  -march=x86-64 -mtune=generic -O2 -pipe -fno-plt -fexceptions         -Wp,-D_FORTIFY_SOURCE=3 -Wformat -Werror=format-security         -fstack-clash-protection -fcf-protection         -fno-omit-frame-pointer -mno-omit-leaf-frame-pointer -Wp,-D_GLIBCXX_ASSERTIONS -g -ffile-prefix-map=/build/filezilla-server/src=/usr/src/debug/filezilla-server -flto=auto -MT authentication/libfilezilla_common_a-method.o -MD -MP -MF authentication/.deps/libfilezilla_common_a-method.Tpo -c -o authentication/libfilezilla_common_a-method.o `test -f 'authentication/method.cpp' || echo './'`authentication/method.cpp
mv -f .deps/libfilezilla_common_a-known_paths.Tpo .deps/libfilezilla_common_a-known_paths.Po
/usr/bin/g++-15 -std=c++17 -DHAVE_CONFIG_H -I. -I../../src    -I/usr/include/p11-kit-1 -fno-exceptions  -march=x86-64 -mtune=generic -O2 -pipe -fno-plt -fexceptions         -Wp,-D_FORTIFY_SOURCE=3 -Wformat -Werror=format-security         -fstack-clash-protection -fcf-protection         -fno-omit-frame-pointer -mno-omit-leaf-frame-pointer -Wp,-D_GLIBCXX_ASSERTIONS -g -ffile-prefix-map=/build/filezilla-server/src=/usr/src/debug/filezilla-server -flto=auto -MT authentication/libfilezilla_common_a-password.o -MD -MP -MF authentication/.deps/libfilezilla_common_a-password.Tpo -c -o authentication/libfilezilla_common_a-password.o `test -f 'authentication/password.cpp' || echo './'`authentication/password.cpp
mv -f .deps/libfilezilla_common_a-hostaddress.Tpo .deps/libfilezilla_common_a-hostaddress.Po
/usr/bin/g++-15 -std=c++17 -DHAVE_CONFIG_H -I. -I../../src    -I/usr/include/p11-kit-1 -fno-exceptions  -march=x86-64 -mtune=generic -O2 -pipe -fno-plt -fexceptions         -Wp,-D_FORTIFY_SOURCE=3 -Wformat -Werror=format-security         -fstack-clash-protection -fcf-protection         -fno-omit-frame-pointer -mno-omit-leaf-frame-pointer -Wp,-D_GLIBCXX_ASSERTIONS -g -ffile-prefix-map=/build/filezilla-server/src=/usr/src/debug/filezilla-server -flto=auto -MT authentication/libfilezilla_common_a-password_with_impersonation.o -MD -MP -MF authentication/.deps/libfilezilla_common_a-password_with_impersonation.Tpo -c -o authentication/libfilezilla_common_a-password_with_impersonation.o `test -f 'authentication/password_with_impersonation.cpp' || echo './'`authentication/password_with_impersonation.cpp
mv -f .deps/libfilezilla_common_a-port_randomizer.Tpo .deps/libfilezilla_common_a-port_randomizer.Po
/usr/bin/g++-15 -std=c++17 -DHAVE_CONFIG_H -I. -I../../src    -I/usr/include/p11-kit-1 -fno-exceptions  -march=x86-64 -mtune=generic -O2 -pipe -fno-plt -fexceptions         -Wp,-D_FORTIFY_SOURCE=3 -Wformat -Werror=format-security         -fstack-clash-protection -fcf-protection         -fno-omit-frame-pointer -mno-omit-leaf-frame-pointer -Wp,-D_GLIBCXX_ASSERTIONS -g -ffile-prefix-map=/build/filezilla-server/src=/usr/src/debug/filezilla-server -flto=auto -MT authentication/libfilezilla_common_a-system_identity_provider.o -MD -MP -MF authentication/.deps/libfilezilla_common_a-system_identity_provider.Tpo -c -o authentication/libfilezilla_common_a-system_identity_provider.o `test -f 'authentication/system_identity_provider.cpp' || echo './'`authentication/system_identity_provider.cpp
mv -f .deps/libfilezilla_common_a-signal_notifier.Tpo .deps/libfilezilla_common_a-signal_notifier.Po
/usr/bin/g++-15 -std=c++17 -DHAVE_CONFIG_H -I. -I../../src    -I/usr/include/p11-kit-1 -fno-exceptions  -march=x86-64 -mtune=generic -O2 -pipe -fno-plt -fexceptions         -Wp,-D_FORTIFY_SOURCE=3 -Wformat -Werror=format-security         -fstack-clash-protection -fcf-protection         -fno-omit-frame-pointer -mno-omit-leaf-frame-pointer -Wp,-D_GLIBCXX_ASSERTIONS -g -ffile-prefix-map=/build/filezilla-server/src=/usr/src/debug/filezilla-server -flto=auto -MT authentication/libfilezilla_common_a-throttled_authenticator.o -MD -MP -MF authentication/.deps/libfilezilla_common_a-throttled_authenticator.Tpo -c -o authentication/libfilezilla_common_a-throttled_authenticator.o `test -f 'authentication/throttled_authenticator.cpp' || echo './'`authentication/throttled_authenticator.cpp
mv -f .deps/libfilezilla_common_a-channel.Tpo .deps/libfilezilla_common_a-channel.Po
/usr/bin/g++-15 -std=c++17 -DHAVE_CONFIG_H -I. -I../../src    -I/usr/include/p11-kit-1 -fno-exceptions  -march=x86-64 -mtune=generic -O2 -pipe -fno-plt -fexceptions         -Wp,-D_FORTIFY_SOURCE=3 -Wformat -Werror=format-security         -fstack-clash-protection -fcf-protection         -fno-omit-frame-pointer -mno-omit-leaf-frame-pointer -Wp,-D_GLIBCXX_ASSERTIONS -g -ffile-prefix-map=/build/filezilla-server/src=/usr/src/debug/filezilla-server -flto=auto -MT authentication/libfilezilla_common_a-token_manager.o -MD -MP -MF authentication/.deps/libfilezilla_common_a-token_manager.Tpo -c -o authentication/libfilezilla_common_a-token_manager.o `test -f 'authentication/token_manager.cpp' || echo './'`authentication/token_manager.cpp
mv -f authentication/.deps/libfilezilla_common_a-password.Tpo authentication/.deps/libfilezilla_common_a-password.Po
/usr/bin/g++-15 -std=c++17 -DHAVE_CONFIG_H -I. -I../../src    -I/usr/include/p11-kit-1 -fno-exceptions  -march=x86-64 -mtune=generic -O2 -pipe -fno-plt -fexceptions         -Wp,-D_FORTIFY_SOURCE=3 -Wformat -Werror=format-security         -fstack-clash-protection -fcf-protection         -fno-omit-frame-pointer -mno-omit-leaf-frame-pointer -Wp,-D_GLIBCXX_ASSERTIONS -g -ffile-prefix-map=/build/filezilla-server/src=/usr/src/debug/filezilla-server -flto=auto -MT authentication/libfilezilla_common_a-user.o -MD -MP -MF authentication/.deps/libfilezilla_common_a-user.Tpo -c -o authentication/libfilezilla_common_a-user.o `test -f 'authentication/user.cpp' || echo './'`authentication/user.cpp
mv -f .deps/libfilezilla_common_a-pipe.Tpo .deps/libfilezilla_common_a-pipe.Po
/usr/bin/g++-15 -std=c++17 -DHAVE_CONFIG_H -I. -I../../src    -I/usr/include/p11-kit-1 -fno-exceptions  -march=x86-64 -mtune=generic -O2 -pipe -fno-plt -fexceptions         -Wp,-D_FORTIFY_SOURCE=3 -Wformat -Werror=format-security         -fstack-clash-protection -fcf-protection         -fno-omit-frame-pointer -mno-omit-leaf-frame-pointer -Wp,-D_GLIBCXX_ASSERTIONS -g -ffile-prefix-map=/build/filezilla-server/src=/usr/src/debug/filezilla-server -flto=auto -MT buffer_operator/libfilezilla_common_a-socket_adapter.o -MD -MP -MF buffer_operator/.deps/libfilezilla_common_a-socket_adapter.Tpo -c -o buffer_operator/libfilezilla_common_a-socket_adapter.o `test -f 'buffer_operator/socket_adapter.cpp' || echo './'`buffer_operator/socket_adapter.cpp
mv -f authentication/.deps/libfilezilla_common_a-autobanner.Tpo authentication/.deps/libfilezilla_common_a-autobanner.Po
/usr/bin/g++-15 -std=c++17 -DHAVE_CONFIG_H -I. -I../../src    -I/usr/include/p11-kit-1 -fno-exceptions  -march=x86-64 -mtune=generic -O2 -pipe -fno-plt -fexceptions         -Wp,-D_FORTIFY_SOURCE=3 -Wformat -Werror=format-security         -fstack-clash-protection -fcf-protection         -fno-omit-frame-pointer -mno-omit-leaf-frame-pointer -Wp,-D_GLIBCXX_ASSERTIONS -g -ffile-prefix-map=/build/filezilla-server/src=/usr/src/debug/filezilla-server -flto=auto -MT buffer_operator/libfilezilla_common_a-tvfs_entries_lister.o -MD -MP -MF buffer_operator/.deps/libfilezilla_common_a-tvfs_entries_lister.Tpo -c -o buffer_operator/libfilezilla_common_a-tvfs_entries_lister.o `test -f 'buffer_operator/tvfs_entries_lister.cpp' || echo './'`buffer_operator/tvfs_entries_lister.cpp
mv -f acme/.deps/libfilezilla_common_a-cert_info.Tpo acme/.deps/libfilezilla_common_a-cert_info.Po
/usr/bin/g++-15 -std=c++17 -DHAVE_CONFIG_H -I. -I../../src    -I/usr/include/p11-kit-1 -fno-exceptions  -march=x86-64 -mtune=generic -O2 -pipe -fno-plt -fexceptions         -Wp,-D_FORTIFY_SOURCE=3 -Wformat -Werror=format-security         -fstack-clash-protection -fcf-protection         -fno-omit-frame-pointer -mno-omit-leaf-frame-pointer -Wp,-D_GLIBCXX_ASSERTIONS -g -ffile-prefix-map=/build/filezilla-server/src=/usr/src/debug/filezilla-server -flto=auto -MT http/libfilezilla_common_a-client.o -MD -MP -MF http/.deps/libfilezilla_common_a-client.Tpo -c -o http/libfilezilla_common_a-client.o `test -f 'http/client.cpp' || echo './'`http/client.cpp
mv -f authentication/.deps/libfilezilla_common_a-password_with_impersonation.Tpo authentication/.deps/libfilezilla_common_a-password_with_impersonation.Po
/usr/bin/g++-15 -std=c++17 -DHAVE_CONFIG_H -I. -I../../src    -I/usr/include/p11-kit-1 -fno-exceptions  -march=x86-64 -mtune=generic -O2 -pipe -fno-plt -fexceptions         -Wp,-D_FORTIFY_SOURCE=3 -Wformat -Werror=format-security         -fstack-clash-protection -fcf-protection         -fno-omit-frame-pointer -mno-omit-leaf-frame-pointer -Wp,-D_GLIBCXX_ASSERTIONS -g -ffile-prefix-map=/build/filezilla-server/src=/usr/src/debug/filezilla-server -flto=auto -MT http/libfilezilla_common_a-field.o -MD -MP -MF http/.deps/libfilezilla_common_a-field.Tpo -c -o http/libfilezilla_common_a-field.o `test -f 'http/field.cpp' || echo './'`http/field.cpp
authentication/system_identity_provider.cpp: In member function ‘virtual fz::authentication::error fz::authentication::system_identity_provider::get_user_info(std::string_view, const fz::authentication::identity_provider::parameters&, fz::authentication::identity_provider::user_info&)’:
authentication/system_identity_provider.cpp:23:28: error: ‘get_user_uid’ is not a member of ‘fz’; did you mean ‘get_user_id’?
   23 |         if (auto uid = fz::get_user_uid(account); !uid.empty()) {
      |                            ^~~~~~~~~~~~
      |                            get_user_id
make[4]: *** [Makefile:1870: authentication/libfilezilla_common_a-system_identity_provider.o] Error 1
make[4]: *** Waiting for unfinished jobs....
mv -f http/.deps/libfilezilla_common_a-field.Tpo http/.deps/libfilezilla_common_a-field.Po
mv -f buffer_operator/.deps/libfilezilla_common_a-socket_adapter.Tpo buffer_operator/.deps/libfilezilla_common_a-socket_adapter.Po
mv -f authentication/.deps/libfilezilla_common_a-credentials.Tpo authentication/.deps/libfilezilla_common_a-credentials.Po
mv -f buffer_operator/.deps/libfilezilla_common_a-tvfs_entries_lister.Tpo buffer_operator/.deps/libfilezilla_common_a-tvfs_entries_lister.Po
mv -f authentication/.deps/libfilezilla_common_a-authenticator.Tpo authentication/.deps/libfilezilla_common_a-authenticator.Po
mv -f authentication/.deps/libfilezilla_common_a-identity_provider.Tpo authentication/.deps/libfilezilla_common_a-identity_provider.Po
mv -f authentication/.deps/libfilezilla_common_a-method.Tpo authentication/.deps/libfilezilla_common_a-method.Po
mv -f authentication/.deps/libfilezilla_common_a-file_based_authenticator_idp.Tpo authentication/.deps/libfilezilla_common_a-file_based_authenticator_idp.Po
mv -f authentication/.deps/libfilezilla_common_a-user.Tpo authentication/.deps/libfilezilla_common_a-user.Po
mv -f .deps/libfilezilla_common_a-securable_socket.Tpo .deps/libfilezilla_common_a-securable_socket.Po
mv -f acme/client/.deps/libfilezilla_common_a-challenger.Tpo acme/client/.deps/libfilezilla_common_a-challenger.Po
mv -f authentication/.deps/libfilezilla_common_a-token_manager.Tpo authentication/.deps/libfilezilla_common_a-token_manager.Po
mv -f authentication/.deps/libfilezilla_common_a-file_based_authenticator_users_impersonator.Tpo authentication/.deps/libfilezilla_common_a-file_based_authenticator_users_impersonator.Po
mv -f authentication/.deps/libfilezilla_common_a-throttled_authenticator.Tpo authentication/.deps/libfilezilla_common_a-throttled_authenticator.Po
mv -f http/.deps/libfilezilla_common_a-client.Tpo http/.deps/libfilezilla_common_a-client.Po
mv -f acme/.deps/libfilezilla_common_a-client.Tpo acme/.deps/libfilezilla_common_a-client.Po
mv -f acme/.deps/libfilezilla_common_a-daemon.Tpo acme/.deps/libfilezilla_common_a-daemon.Po
mv -f authentication/.deps/libfilezilla_common_a-file_based_authenticator_static_load_and_save.Tpo authentication/.deps/libfilezilla_common_a-file_based_authenticator_static_load_and_save.Po
mv -f authentication/.deps/libfilezilla_common_a-file_based_authenticator.Tpo authentication/.deps/libfilezilla_common_a-file_based_authenticator.Po
make[4]: Leaving directory '/build/filezilla-server/src/filezilla-server-1.12.6/src/filezilla'
make[3]: *** [Makefile:3250: install-recursive] Error 1
make[3]: Leaving directory '/build/filezilla-server/src/filezilla-server-1.12.6/src/filezilla'
make[2]: *** [Makefile:3406: install] Error 2
make[2]: Leaving directory '/build/filezilla-server/src/filezilla-server-1.12.6/src/filezilla'
make[1]: *** [Makefile:444: install-recursive] Error 1
make[1]: Leaving directory '/build/filezilla-server/src/filezilla-server-1.12.6/src'
make: *** [Makefile:470: install-recursive] Error 1
[1m[31m==> ERROR:(B[m[1m A failure occurred in package().(B[m
[1m    Aborting...(B[m
