    Updating crates.io index
    Updating git repository `https://github.com/kornelski/mozjpeg-sys`
    Updating git submodule `https://github.com/mozilla/mozjpeg.git`
     Locking 81 packages to latest Rust 1.97.1 compatible versions
      Adding oxipng v10.1.1 (available: v10.2.0)
 Downloading crates ...
  Downloaded cfg-if v1.0.4
  Downloaded crc32fast v1.5.0
  Downloaded find-msvc-tools v0.1.11
  Downloaded rustc-hash v2.1.3
  Downloaded scopeguard v1.2.0
  Downloaded shlex v2.0.1
  Downloaded funty v2.0.0
  Downloaded quote v1.0.47
  Downloaded dunce v1.0.5
  Downloaded terminal_size v0.4.4
  Downloaded radium v0.7.0
  Downloaded tap v1.0.1
  Downloaded write_atomic v0.7.1
  Downloaded errno v0.3.14
  Downloaded version_check v0.9.5
  Downloaded nasm-rs v0.3.2
  Downloaded equivalent v1.0.2
  Downloaded gif-dispose v6.0.0
  Downloaded fyi_ansi v2.6.2
  Downloaded either v1.17.0
  Downloaded libloading v0.8.9
  Downloaded shlex v1.3.0
  Downloaded wyz v0.5.1
  Downloaded cexpr v0.6.0
  Downloaded signal-hook-registry v1.4.8
  Downloaded lock_api v0.4.14
  Downloaded rgb v0.8.53
  Downloaded argyle v0.15.0
  Downloaded filetime v0.2.29
  Downloaded libdeflater v1.25.2
  Downloaded imgref v1.12.2
  Downloaded dowser v0.18.0
  Downloaded glob v0.3.4
  Downloaded clang-sys v1.9.1
  Downloaded once_cell v1.21.4
  Downloaded fyi_msg v2.6.2
  Downloaded unicode-ident v1.0.24
  Downloaded ahash v0.8.12
  Downloaded spin v0.9.9
  Downloaded gif v0.14.2
  Downloaded signal-hook v0.4.4
  Downloaded dactyl v0.13.2
  Downloaded log v0.4.33
  Downloaded fastrand v2.5.0
  Downloaded weezl v0.1.12
  Downloaded bytemuck v1.25.2
  Downloaded zune-core v0.5.3
  Downloaded getrandom v0.4.3
  Downloaded proc-macro2 v1.0.107
  Downloaded prettyplease v0.2.37
  Downloaded utc2k v0.20.0
  Downloaded bitflags v2.13.1
  Downloaded flume v0.12.0
  Downloaded tempfile v3.27.0
  Downloaded cc v1.4.3
  Downloaded zune-jpeg v0.5.15
  Downloaded oxipng v10.1.1
  Downloaded memchr v2.8.3
  Downloaded minimal-lexical v0.2.1
  Downloaded nom v7.1.3
  Downloaded indexmap v2.14.0
  Downloaded itertools v0.13.0
  Downloaded regex v1.13.1
  Downloaded hashbrown v0.17.1
  Downloaded aho-corasick v1.1.5
  Downloaded libdeflate-sys v1.25.2
  Downloaded bindgen v0.72.1
  Downloaded syn v2.0.119
  Downloaded bitvec v1.1.1
  Downloaded unicode-width v0.2.2
  Downloaded zerocopy v0.8.56
  Downloaded regex-syntax v0.8.11
  Downloaded rustix v1.1.4
  Downloaded regex-automata v0.4.18
  Downloaded libc v0.2.189
  Downloaded linux-raw-sys v0.12.1
