   Compiling shlex v2.0.1
   Compiling find-msvc-tools v0.1.11
   Compiling libc v0.2.189
   Compiling log v0.4.33
   Compiling proc-macro2 v1.0.107
   Compiling glob v0.3.4
   Compiling cfg-if v1.0.4
   Compiling unicode-ident v1.0.24
   Compiling quote v1.0.47
   Compiling prettyplease v0.2.37
   Compiling regex-syntax v0.8.11
   Compiling minimal-lexical v0.2.1
   Compiling rustix v1.1.4
   Compiling memchr v2.8.3
   Compiling either v1.17.0
   Compiling linux-raw-sys v0.12.1
   Compiling bindgen v0.72.1
   Compiling bitflags v2.13.1
   Compiling shlex v1.3.0
   Compiling zerocopy v0.8.56
   Compiling getrandom v0.4.3
   Compiling libloading v0.8.9
   Compiling dunce v1.0.5
   Compiling version_check v0.9.5
   Compiling once_cell v1.21.4
   Compiling rustc-hash v2.1.3
   Compiling radium v0.7.0
   Compiling cc v1.4.3
   Compiling nasm-rs v0.3.2
   Compiling signal-hook v0.4.4
   Compiling tap v1.0.1
   Compiling bytemuck v1.25.2
   Compiling fyi_ansi v2.6.2
   Compiling scopeguard v1.2.0
   Compiling crc32fast v1.5.0
   Compiling wyz v0.5.1
   Compiling lock_api v0.4.14
   Compiling argyle v0.15.0
   Compiling itertools v0.13.0
   Compiling clang-sys v1.9.1
   Compiling fastrand v2.5.0
   Compiling weezl v0.1.12
   Compiling funty v2.0.0
   Compiling equivalent v1.0.2
   Compiling fyi_msg v2.6.2
   Compiling rgb v0.8.53
   Compiling hashbrown v0.17.1
   Compiling dactyl v0.13.2
   Compiling spin v0.9.9
   Compiling imgref v1.12.2
   Compiling gif v0.14.2
   Compiling zune-core v0.5.3
   Compiling unicode-width v0.2.2
   Compiling ahash v0.8.12
   Compiling utc2k v0.20.0
   Compiling flume v0.12.0
   Compiling nom v7.1.3
   Compiling zune-jpeg v0.5.15
   Compiling bitvec v1.1.1
   Compiling regex-automata v0.4.18
   Compiling gif-dispose v6.0.0
   Compiling flaca v3.9.1 (/build/flaca/src/flaca/flaca)
   Compiling libdeflate-sys v1.25.2
   Compiling mozjpeg-sys v2.2.4-beta.1 (https://github.com/kornelski/mozjpeg-sys?rev=662cd76#662cd766)
   Compiling syn v2.0.119
   Compiling indexmap v2.14.0
   Compiling errno v0.3.14
   Compiling filetime v0.2.29
   Compiling signal-hook-registry v1.4.8
   Compiling terminal_size v0.4.4
   Compiling tempfile v3.27.0
   Compiling write_atomic v0.7.1
   Compiling cexpr v0.6.0
   Compiling regex v1.13.1
   Compiling dowser v0.18.0
   Compiling libdeflater v1.25.2
   Compiling oxipng v10.1.1
   Compiling flapfli v3.9.1 (/build/flaca/src/flaca/flapfli)
    Finished `release` profile [optimized] target(s) in 2m 11s
