fox-devel E: custom is not a valid SPDX license identifier. See https://spdx.org/licenses/ for valid identifiers, or prefix the identifier with 'LicenseRef-', if it is custom.
fox-devel E: LGPL is not a valid SPDX license identifier. See https://spdx.org/licenses/ for valid identifiers, or prefix the identifier with 'LicenseRef-', if it is custom.
fox-devel W: Unused shared library '/usr/lib/libSM.so.6' by file ('usr/lib/libCHART-1.7.so.0.0.91')
fox-devel W: Unused shared library '/usr/lib/libICE.so.6' by file ('usr/lib/libCHART-1.7.so.0.0.91')
fox-devel W: Unused shared library '/usr/lib/libX11.so.6' by file ('usr/lib/libCHART-1.7.so.0.0.91')
fox-devel W: Unused shared library '/usr/lib/libXext.so.6' by file ('usr/lib/libCHART-1.7.so.0.0.91')
fox-devel W: Unused shared library '/usr/lib/libXcursor.so.1' by file ('usr/lib/libCHART-1.7.so.0.0.91')
fox-devel W: Unused shared library '/usr/lib/libXrender.so.1' by file ('usr/lib/libCHART-1.7.so.0.0.91')
fox-devel W: Unused shared library '/usr/lib/libXrandr.so.2' by file ('usr/lib/libCHART-1.7.so.0.0.91')
fox-devel W: Unused shared library '/usr/lib/libXfixes.so.3' by file ('usr/lib/libCHART-1.7.so.0.0.91')
fox-devel W: Unused shared library '/usr/lib/libXi.so.6' by file ('usr/lib/libCHART-1.7.so.0.0.91')
fox-devel W: Unused shared library '/usr/lib/libfreetype.so.6' by file ('usr/lib/libCHART-1.7.so.0.0.91')
fox-devel W: Unused shared library '/usr/lib/libfontconfig.so.1' by file ('usr/lib/libCHART-1.7.so.0.0.91')
fox-devel W: Unused shared library '/usr/lib/libXft.so.2' by file ('usr/lib/libCHART-1.7.so.0.0.91')
fox-devel W: Unused shared library '/usr/lib/libjpeg.so.8' by file ('usr/lib/libCHART-1.7.so.0.0.91')
fox-devel W: Unused shared library '/usr/lib/libtiff.so.6' by file ('usr/lib/libCHART-1.7.so.0.0.91')
fox-devel W: Unused shared library '/usr/lib/libz.so.1' by file ('usr/lib/libCHART-1.7.so.0.0.91')
fox-devel W: Unused shared library '/usr/lib/libbz2.so.1.0' by file ('usr/lib/libCHART-1.7.so.0.0.91')
fox-devel W: Unused shared library '/usr/lib/libGL.so.1' by file ('usr/lib/libCHART-1.7.so.0.0.91')
fox-devel W: Unused shared library '/usr/lib/libSM.so.6' by file ('usr/lib/libFOX-1.7.so.0.0.91')
fox-devel W: Unused shared library '/usr/lib/libICE.so.6' by file ('usr/lib/libFOX-1.7.so.0.0.91')
fox-devel E: Dependency perl detected and not included (programs ['perl'] needed in scripts ['usr/share/doc/fox-1.7/html/filter.pl'])
fox-devel E: Dependency libglvnd detected and not included (libraries ['usr/lib/libGL.so.1'] needed in files ['usr/lib/libFOX-1.7.so.0.0.91', 'usr/lib/libCHART-1.7.so.0.0.91'])
fox-devel W: Dependency fontconfig detected and implicitly satisfied (libraries ['usr/lib/libfontconfig.so.1'] needed in files ['usr/lib/libFOX-1.7.so.0.0.91', 'usr/lib/libCHART-1.7.so.0.0.91'])
fox-devel W: Dependency zlib detected and implicitly satisfied (libraries ['usr/lib/libz.so.1'] needed in files ['usr/lib/libFOX-1.7.so.0.0.91', 'usr/lib/libCHART-1.7.so.0.0.91'])
fox-devel W: Dependency freetype2 detected and implicitly satisfied (libraries ['usr/lib/libfreetype.so.6'] needed in files ['usr/lib/libFOX-1.7.so.0.0.91', 'usr/lib/libCHART-1.7.so.0.0.91'])
fox-devel W: Dependency libice detected and implicitly satisfied (libraries ['usr/lib/libICE.so.6'] needed in files ['usr/lib/libFOX-1.7.so.0.0.91', 'usr/lib/libCHART-1.7.so.0.0.91'])
fox-devel W: Dependency libstdc++ detected and implicitly satisfied (libraries ['usr/lib/libstdc++.so.6'] needed in files ['usr/bin/PathFinder-devel', 'usr/bin/adie-devel', 'usr/bin/shutterbug-devel', 'usr/bin/ControlPanel-devel', 'usr/lib/libCHART-1.7.so.0.0.91', 'usr/bin/calculator-devel', 'usr/lib/libFOX-1.7.so.0.0.91'])
fox-devel W: Dependency libxrender detected and implicitly satisfied (libraries ['usr/lib/libXrender.so.1'] needed in files ['usr/lib/libFOX-1.7.so.0.0.91', 'usr/lib/libCHART-1.7.so.0.0.91'])
fox-devel W: Dependency bash detected and implicitly satisfied (programs ['sh'] needed in scripts ['usr/bin/fox-config-devel'])
fox-devel W: Dependency libxfixes detected and implicitly satisfied (libraries ['usr/lib/libXfixes.so.3'] needed in files ['usr/lib/libFOX-1.7.so.0.0.91', 'usr/lib/libCHART-1.7.so.0.0.91'])
fox-devel W: Dependency bzip2 detected and implicitly satisfied (libraries ['usr/lib/libbz2.so.1.0'] needed in files ['usr/lib/libFOX-1.7.so.0.0.91', 'usr/lib/libCHART-1.7.so.0.0.91'])
fox-devel W: Dependency libjpeg-turbo detected and implicitly satisfied (libraries ['usr/lib/libjpeg.so.8'] needed in files ['usr/lib/libFOX-1.7.so.0.0.91', 'usr/lib/libCHART-1.7.so.0.0.91'])
fox-devel W: Dependency libxext detected and implicitly satisfied (libraries ['usr/lib/libXext.so.6'] needed in files ['usr/lib/libFOX-1.7.so.0.0.91', 'usr/lib/libCHART-1.7.so.0.0.91'])
fox-devel W: Dependency glibc detected and implicitly satisfied (libraries ['usr/lib/libc.so.6', 'usr/lib/libm.so.6', 'usr/lib/libmvec.so.1'] needed in files ['usr/bin/PathFinder-devel', 'usr/bin/adie-devel', 'usr/lib/libCHART-1.7.so.0.0.91', 'usr/lib/libFOX-1.7.so.0.0.91', 'usr/bin/shutterbug-devel', 'usr/bin/ControlPanel-devel', 'usr/bin/reswrap-devel', 'usr/bin/calculator-devel'])
fox-devel W: Dependency libgcc detected and implicitly satisfied (libraries ['usr/lib/libgcc_s.so.1'] needed in files ['usr/bin/PathFinder-devel', 'usr/bin/adie-devel', 'usr/bin/shutterbug-devel', 'usr/bin/ControlPanel-devel', 'usr/lib/libCHART-1.7.so.0.0.91', 'usr/bin/calculator-devel', 'usr/lib/libFOX-1.7.so.0.0.91'])
fox-devel W: Dependency libx11 detected and implicitly satisfied (libraries ['usr/lib/libX11.so.6'] needed in files ['usr/lib/libFOX-1.7.so.0.0.91', 'usr/lib/libCHART-1.7.so.0.0.91'])
