Making install in utils
make[1]: Entering directory '/build/fox-devel/src/fox-1.7.91/utils'
make[2]: Entering directory '/build/fox-devel/src/fox-1.7.91/utils'
 /usr/bin/mkdir -p '/build/fox-devel/pkg/fox-devel//usr/bin'
 /usr/bin/mkdir -p '/build/fox-devel/pkg/fox-devel//usr/share/man/man1'
  /bin/sh ../libtool   --mode=install /usr/bin/install -c reswrap '/build/fox-devel/pkg/fox-devel//usr/bin'
 /usr/bin/install -c -m 644 reswrap.1 '/build/fox-devel/pkg/fox-devel//usr/share/man/man1'
libtool: install: /usr/bin/install -c reswrap /build/fox-devel/pkg/fox-devel//usr/bin/reswrap
make[2]: Leaving directory '/build/fox-devel/src/fox-1.7.91/utils'
make[1]: Leaving directory '/build/fox-devel/src/fox-1.7.91/utils'
Making install in include
make[1]: Entering directory '/build/fox-devel/src/fox-1.7.91/include'
make[2]: Entering directory '/build/fox-devel/src/fox-1.7.91/include'
make[2]: Nothing to be done for 'install-exec-am'.
 /usr/bin/mkdir -p '/build/fox-devel/pkg/fox-devel//usr/include/fox-1.7'
 /usr/bin/install -c -m 644 FX88591Codec.h FX88592Codec.h FX88593Codec.h FX88594Codec.h FX88595Codec.h FX88596Codec.h FX88597Codec.h FX88598Codec.h FX88599Codec.h FX885910Codec.h FX885911Codec.h FX885913Codec.h FX885914Codec.h FX885915Codec.h FX885916Codec.h FXCP437Codec.h FXCP850Codec.h FXCP852Codec.h FXCP855Codec.h FXCP856Codec.h FXCP857Codec.h FXCP860Codec.h FXCP861Codec.h FXCP862Codec.h FXCP863Codec.h FXCP864Codec.h FXCP865Codec.h FXCP866Codec.h FXCP869Codec.h FXCP874Codec.h FXCP1250Codec.h FXCP1251Codec.h FXCP1252Codec.h FXCP1253Codec.h FXCP1254Codec.h FXCP1255Codec.h FXCP1256Codec.h FXCP1257Codec.h FXCP1258Codec.h FXKOI8RCodec.h '/build/fox-devel/pkg/fox-devel//usr/include/fox-1.7'
 /usr/bin/install -c -m 644 FXUTF8Codec.h FXUTF16Codec.h FXUTF32Codec.h FX4Splitter.h FX7Segment.h FXAccelTable.h FXApp.h FXArray.h FXArrowButton.h FXAtomic.h FXAutoPtr.h FXAutoThreadStorageKey.h FXBarrier.h FXBMPIcon.h FXBMPImage.h FXBitmap.h FXBitmapFrame.h FXBitmapView.h FXButton.h FXBZFileStream.h FXCURCursor.h FXCallback.h FXCalendar.h FXCalendarView.h FXCanvas.h FXCheckButton.h FXChoiceBox.h FXColorBar.h FXColorDialog.h FXColorList.h FXColorRing.h FXColors.h FXColorSelector.h FXColorWell.h FXColorWheel.h FXComboBox.h FXCompletion.h FXComplexf.h FXComplexd.h FXComposeContext.h '/build/fox-devel/pkg/fox-devel//usr/include/fox-1.7'
 /usr/bin/install -c -m 644 FXComposite.h FXCondition.h FXConsole.h FXCursor.h FXDate.h FXDC.h FXDCPrint.h FXDCWindow.h FXDDSIcon.h FXDDSImage.h FXDLL.h FXDataTarget.h FXDebugTarget.h FXDelegator.h FXDial.h FXDialogBox.h FXDictionary.h FXDictionaryOf.h FXDir.h FXDirBox.h FXDirDialog.h FXDirList.h FXDirSelector.h FXDirVisitor.h FXDirWatch.h FXDispatcher.h FXDisplay.h FXDockBar.h FXDockHandler.h FXDockSite.h FXDockTitle.h FXDocument.h FXDragCorner.h FXDrawable.h FXDriveBox.h FXElement.h FXEvent.h FXEventDispatcher.h FXEventLoop.h FXException.h '/build/fox-devel/pkg/fox-devel//usr/include/fox-1.7'
 /usr/bin/install -c -m 644 FXEXEIcon.h FXEXEImage.h FXExpression.h FXExtentd.h FXExtentf.h FXFile.h FXFileAssociations.h FXFileDialog.h FXFileList.h FXFileProgressDialog.h FXFileSelector.h FXFileStream.h FXFoldingList.h FXFont.h FXFontDialog.h FXFontSelector.h FXFrame.h FXGIFCursor.h FXGIFIcon.h FXGIFImage.h FXGLCanvas.h FXGLContext.h FXGLObject.h FXGlobVisitor.h FXGLViewer.h FXGLVisual.h FXGauge.h FXGradientBar.h FXGroupBox.h FXGZFileStream.h FXhalf.h FXHash.h FXHashOf.h FXHeader.h FXHorizontalFrame.h FXICOIcon.h FXICOImage.h FXIFFImage.h FXIFFIcon.h FXINI.h '/build/fox-devel/pkg/fox-devel//usr/include/fox-1.7'
 /usr/bin/install -c -m 644 FXINIFile.h FXIO.h FXIOBuffer.h FXIODevice.h FXIcon.h FXIconCache.h FXIconList.h FXIconSource.h FXId.h FXImage.h FXImageFrame.h FXImageView.h FXInputDialog.h FXJP2Icon.h FXJP2Image.h FXJPGIcon.h FXJPGImage.h FXJSON.h FXJSONFile.h FXJSONString.h FXKnob.h FXLabel.h FXLFQueue.h FXList.h FXListBox.h FXLocale.h FXMDIButton.h FXMDIChild.h FXMDIClient.h FXMainWindow.h FXMappedFile.h FXMarkedPtr.h FXMat2d.h FXMat2f.h FXMat3d.h FXMat4d.h FXMat3f.h FXMat4f.h FXMatrix.h FXMemoryStream.h '/build/fox-devel/pkg/fox-devel//usr/include/fox-1.7'
 /usr/bin/install -c -m 644 FXMenuBar.h FXMenuButton.h FXMenuCaption.h FXMenuCascade.h FXMenuCheck.h FXMenuRadio.h FXMenuCommand.h FXMenuPane.h FXMenuSeparator.h FXMenuTitle.h FXMessageBox.h FXMessageChannel.h FXMetaClass.h FXMutex.h FXObject.h FXObjectList.h FXOptionMenu.h FXPCXIcon.h FXPCXImage.h FXPNGIcon.h FXPNGImage.h FXPPMIcon.h FXPPMImage.h FXPacker.h FXParallel.h FXParseBuffer.h FXPath.h FXPathBox.h FXPerformance.h FXPicker.h FXPipe.h FXPoint.h FXPopup.h FXPrintDialog.h FXProcess.h FXProgressBar.h FXProgressDialog.h FXPtrList.h FXPtrQueue.h FXQOIFIcon.h '/build/fox-devel/pkg/fox-devel//usr/include/fox-1.7'
 /usr/bin/install -c -m 644 FXQOIFImage.h FXQuatd.h FXQuatf.h FXRASIcon.h FXRASImage.h FXRGBIcon.h FXRGBImage.h FXRadioButton.h FXRandom.h FXRangef.h FXRanged.h FXRangeSlider.h FXReactor.h FXReadWriteLock.h FXRealSlider.h FXRealSpinner.h FXRecentFiles.h FXRectangle.h FXRefPtr.h FXRegion.h FXRegistry.h FXReplaceDialog.h FXReverseDictionary.h FXReverseDictionaryOf.h FXRex.h FXRootWindow.h FXRuler.h FXRulerView.h FXRunnable.h FXScopedThread.h FXScrollArea.h FXScrollBar.h FXScrollPane.h FXScrollWindow.h FXSearchDialog.h FXSemaphore.h FXSemaQueue.h FXSeparator.h FXSettings.h FXShell.h '/build/fox-devel/pkg/fox-devel//usr/include/fox-1.7'
 /usr/bin/install -c -m 644 FXShutter.h FXSize.h FXSlider.h FXSocket.h FXSpinner.h FXSpinLock.h FXSpheref.h FXSphered.h FXSplashWindow.h FXSplitter.h FXSpring.h FXStat.h FXStatusBar.h FXStatusLine.h FXStream.h FXString.h FXStringDictionary.h FXSwitcher.h FXSystem.h FXTGAIcon.h FXTGAImage.h FXTIFIcon.h FXTIFImage.h FXTabBar.h FXTabBook.h FXTabItem.h FXTable.h FXTaskGroup.h FXText.h FXTextCodec.h FXTextField.h FXThread.h FXThreadPool.h FXToggleButton.h FXToolBar.h FXToolBarGrip.h FXToolBarShell.h FXToolBarTab.h FXToolTip.h FXTopWindow.h '/build/fox-devel/pkg/fox-devel//usr/include/fox-1.7'
 /usr/bin/install -c -m 644 FXTranslator.h FXTreeList.h FXTreeListBox.h FXTriStateButton.h FXUndoList.h FXUnits.h FXURL.h FXVariant.h FXVariantArray.h FXVariantMap.h FXVec2d.h FXVec2f.h FXVec3d.h FXVec3f.h FXVec4d.h FXVec4f.h FXVerticalFrame.h FXVisual.h FXWEBPIcon.h FXWEBPImage.h FXWindow.h FXWizard.h FXWorker.h FXWSQueue.h FXXML.h FXXMLFile.h FXXMLString.h FXXBMIcon.h FXXBMImage.h FXXPMIcon.h FXXPMImage.h fx.h fx3d.h fxadler32.h fxascii.h fxchar.h fxcpuid.h fxcrc.h fxdefs.h fxmath.h '/build/fox-devel/pkg/fox-devel//usr/include/fox-1.7'
 /usr/bin/install -c -m 644 fxendian.h fxkeys.h fxunicode.h fxver.h xincs.h '/build/fox-devel/pkg/fox-devel//usr/include/fox-1.7'
make[2]: Leaving directory '/build/fox-devel/src/fox-1.7.91/include'
make[1]: Leaving directory '/build/fox-devel/src/fox-1.7.91/include'
Making install in lib
make[1]: Entering directory '/build/fox-devel/src/fox-1.7.91/lib'
make  install-am
make[2]: Entering directory '/build/fox-devel/src/fox-1.7.91/lib'
make[3]: Entering directory '/build/fox-devel/src/fox-1.7.91/lib'
make[3]: Nothing to be done for 'install-data-am'.
 /usr/bin/mkdir -p '/build/fox-devel/pkg/fox-devel//usr/lib'
 /bin/sh ../libtool   --mode=install /usr/bin/install -c   libFOX-1.7.la '/build/fox-devel/pkg/fox-devel//usr/lib'
libtool: install: /usr/bin/install -c .libs/libFOX-1.7.so.0.0.91 /build/fox-devel/pkg/fox-devel//usr/lib/libFOX-1.7.so.0.0.91
libtool: install: (cd /build/fox-devel/pkg/fox-devel//usr/lib && { ln -s -f libFOX-1.7.so.0.0.91 libFOX-1.7.so.0 || { rm -f libFOX-1.7.so.0 && ln -s libFOX-1.7.so.0.0.91 libFOX-1.7.so.0; }; })
libtool: install: (cd /build/fox-devel/pkg/fox-devel//usr/lib && { ln -s -f libFOX-1.7.so.0.0.91 libFOX-1.7.so || { rm -f libFOX-1.7.so && ln -s libFOX-1.7.so.0.0.91 libFOX-1.7.so; }; })
libtool: install: /usr/bin/install -c .libs/libFOX-1.7.lai /build/fox-devel/pkg/fox-devel//usr/lib/libFOX-1.7.la
libtool: warning: remember to run 'libtool --finish /usr/lib'
make[3]: Leaving directory '/build/fox-devel/src/fox-1.7.91/lib'
make[2]: Leaving directory '/build/fox-devel/src/fox-1.7.91/lib'
make[1]: Leaving directory '/build/fox-devel/src/fox-1.7.91/lib'
Making install in chart
make[1]: Entering directory '/build/fox-devel/src/fox-1.7.91/chart'
make  install-am
make[2]: Entering directory '/build/fox-devel/src/fox-1.7.91/chart'
make[3]: Entering directory '/build/fox-devel/src/fox-1.7.91/chart'
 /usr/bin/mkdir -p '/build/fox-devel/pkg/fox-devel//usr/lib'
 /usr/bin/mkdir -p '/build/fox-devel/pkg/fox-devel//usr/include/fox-1.7/chart'
 /bin/sh ../libtool   --mode=install /usr/bin/install -c   libCHART-1.7.la '/build/fox-devel/pkg/fox-devel//usr/lib'
 /usr/bin/install -c -m 644 FX2DChart.h FX2DPlot.h FXAxis.h FXChart.h FXCurve.h chartdefs.h chart.h '/build/fox-devel/pkg/fox-devel//usr/include/fox-1.7/chart'
libtool: warning: relinking 'libCHART-1.7.la'
libtool: install: (cd /build/fox-devel/src/fox-1.7.91/chart; /bin/sh "/build/fox-devel/src/fox-1.7.91/libtool"  --tag CXX --mode=relink g++ -Wall -Wextra -Woverloaded-virtual -Wshadow -Wstrict-overflow -Wstrict-aliasing -Wdouble-promotion -Wno-implicit-fallthrough -O2 -DNDEBUG -ffast-math -fstrict-overflow -fstrict-aliasing -finline-functions -fomit-frame-pointer -DHAVE_JPEG_H=1 -DHAVE_TIFF_H=1 -DHAVE_ZLIB_H=1 -DHAVE_BZ2LIB_H=1 -DHAVE_XSHM_H=1 -DHAVE_XSHAPE_H=1 -DHAVE_XCURSOR_H=1 -DHAVE_XRENDER_H=1 -DHAVE_XRANDR_H=1 -DHAVE_XFIXES_H=1 -DHAVE_XINPUT2_H=1 -DHAVE_XFT_H=1 -DHAVE_XFT_H=1 -DHAVE_GL_H=1 -DHAVE_GLU_H=1 -DHAVE_GLX_H=1 -version-info 0:91:0 -export-dynamic -s -Wl,-O1 -Wl,--sort-common -Wl,--as-needed -Wl,-z,relro -Wl,-z,now -Wl,-z,pack-relative-relocs -flto=auto -o libCHART-1.7.la -rpath /usr/lib FX2DChart.lo FX2DPlot.lo FXAxis.lo FXChart.lo FXCurve.lo chartutils.lo ../lib/libFOX-1.7.la -ldl -lpthread -lrt -ljpeg -ltiff -lz -lbz2 -lGL -inst-prefix-dir /build/fox-devel/pkg/fox-devel/)
libtool: relink: g++  -fPIC -DPIC -shared -nostdlib /usr/lib/gcc/x86_64-pc-linux-gnu/16/../../../../lib/crti.o /usr/lib/gcc/x86_64-pc-linux-gnu/16/crtbeginS.o  .libs/FX2DChart.o .libs/FX2DPlot.o .libs/FXAxis.o .libs/FXChart.o .libs/FXCurve.o .libs/chartutils.o   -L/build/fox-devel/pkg/fox-devel//usr/lib -L/usr/lib -lFOX-1.7 -lSM -lICE -lX11 -lXext -lXcursor -lXrender -lXrandr -lXfixes -lXi -lfreetype -lfontconfig -lXft -ldl -lpthread -lrt -ljpeg -ltiff -lz -lbz2 -lGL -L/usr/lib/gcc/x86_64-pc-linux-gnu/16 -L/usr/lib/gcc/x86_64-pc-linux-gnu/16/../../../../lib -L/lib/../lib -L/usr/lib/../lib -L/usr/lib/gcc/x86_64-pc-linux-gnu/16/../../.. -L/lib -lstdc++ -lm -latomic_asneeded -lc -lgcc_s /usr/lib/gcc/x86_64-pc-linux-gnu/16/crtendS.o /usr/lib/gcc/x86_64-pc-linux-gnu/16/../../../../lib/crtn.o  -O2 -Wl,-O1 -Wl,--sort-common -Wl,--as-needed -Wl,-z -Wl,relro -Wl,-z -Wl,now -Wl,-z -Wl,pack-relative-relocs -flto=auto   -Wl,-soname -Wl,libCHART-1.7.so.0 -o .libs/libCHART-1.7.so.0.0.91
libtool: install: /usr/bin/install -c .libs/libCHART-1.7.so.0.0.91T /build/fox-devel/pkg/fox-devel//usr/lib/libCHART-1.7.so.0.0.91
libtool: install: (cd /build/fox-devel/pkg/fox-devel//usr/lib && { ln -s -f libCHART-1.7.so.0.0.91 libCHART-1.7.so.0 || { rm -f libCHART-1.7.so.0 && ln -s libCHART-1.7.so.0.0.91 libCHART-1.7.so.0; }; })
libtool: install: (cd /build/fox-devel/pkg/fox-devel//usr/lib && { ln -s -f libCHART-1.7.so.0.0.91 libCHART-1.7.so || { rm -f libCHART-1.7.so && ln -s libCHART-1.7.so.0.0.91 libCHART-1.7.so; }; })
libtool: install: /usr/bin/install -c .libs/libCHART-1.7.lai /build/fox-devel/pkg/fox-devel//usr/lib/libCHART-1.7.la
libtool: warning: remember to run 'libtool --finish /usr/lib'
make[3]: Leaving directory '/build/fox-devel/src/fox-1.7.91/chart'
make[2]: Leaving directory '/build/fox-devel/src/fox-1.7.91/chart'
make[1]: Leaving directory '/build/fox-devel/src/fox-1.7.91/chart'
Making install in doc
make[1]: Entering directory '/build/fox-devel/src/fox-1.7.91/doc'
Making install in art
make[2]: Entering directory '/build/fox-devel/src/fox-1.7.91/doc/art'
make[3]: Entering directory '/build/fox-devel/src/fox-1.7.91/doc/art'
make[3]: Nothing to be done for 'install-exec-am'.
 /usr/bin/mkdir -p '/build/fox-devel/pkg/fox-devel//usr/share/doc/fox-1.7/html/art'
 /usr/bin/install -c -m 644 bigpenguin.png fifthplanet.jpg fox.gif foxlogo.png foxlogo.jpg foxlogo_small.jpg foxstart.png freespeach.gif ill.gif ilr.gif innernerd.gif iul.gif iur.gif layout.gif line.gif mouse.gif nerd_inside.gif oll.gif olr.gif opengl_logo.png oul.gif oul_grey.gif our.gif progress.png scribble.png sgitextedit.png slingerzbutton1.gif widget.jpg win32-libraries.png win32-linkoutput.png win32-postbuild.png win32-preprocessor.png win32-project.png win32-tooloptions.png wintextedit.png '/build/fox-devel/pkg/fox-devel//usr/share/doc/fox-1.7/html/art'
make[3]: Leaving directory '/build/fox-devel/src/fox-1.7.91/doc/art'
make[2]: Leaving directory '/build/fox-devel/src/fox-1.7.91/doc/art'
Making install in screenshots
make[2]: Entering directory '/build/fox-devel/src/fox-1.7.91/doc/screenshots'
make[3]: Entering directory '/build/fox-devel/src/fox-1.7.91/doc/screenshots'
make[3]: Nothing to be done for 'install-exec-am'.
 /usr/bin/mkdir -p '/build/fox-devel/pkg/fox-devel//usr/share/doc/fox-1.7/html/screenshots'
 /usr/bin/install -c -m 644 adie_colors.gif adie_edit.gif adie_font.gif adie.gif adie_sty.gif analysisview.png aqx_linux_visualizacao_peq.jpg ares_lauch.jpg arithmedrill-screenshot.png arithmedrill-screenshot_small.png big_ctc_osx.gif big_ctc_xp.gif boskalisday.gif boskalisnite.gif clview_icon.gif colordialog.png cometassay.jpg contact.gif dirdialog.png emso_screen.png emso_screen_small.jpg FAB3000v7_600.jpg filedialog.png fontdialog.png foxcalc.jpg foxcalc_prefdialog_01_small.jpg foxcalc_prefdialog_02_small.jpg foxcalc_prefdialog_03_small.jpg glview.png goggles.png igscanner-screenshot-small.png imagedebugger.gif inload.jpg jorobus_small.png openspace.gif pathfinder.png pdiary.jpg printdialog.png replacedialog.png SbSScreen1.jpg '/build/fox-devel/pkg/fox-devel//usr/share/doc/fox-1.7/html/screenshots'
 /usr/bin/install -c -m 644 SbSScreen1_small.jpg scenegraphnavigator.gif scriptolutions.gif searchdialog.png small_ctc_xp.gif small_ctc_osx.gif iims1.png iims1_small.png iims2.png iims2_small.png iims3.png iims3_small.png rezound_thumb.gif table.png tmp_vision_snap.jpg tux_small.jpg udine_physics.jpg vorhour1.jpg vorhour1_small.jpg vorhour2.jpg vorhour2_small.jpg xfe.png xfe_small.png sumo.png 20soft2b.png 20soft2b_small.png 20soft4b.png 20soft4b_small.png '/build/fox-devel/pkg/fox-devel//usr/share/doc/fox-1.7/html/screenshots'
make[3]: Leaving directory '/build/fox-devel/src/fox-1.7.91/doc/screenshots'
make[2]: Leaving directory '/build/fox-devel/src/fox-1.7.91/doc/screenshots'
make[2]: Entering directory '/build/fox-devel/src/fox-1.7.91/doc'
make[3]: Entering directory '/build/fox-devel/src/fox-1.7.91/doc'
make[3]: Nothing to be done for 'install-exec-am'.
 /usr/bin/mkdir -p '/build/fox-devel/pkg/fox-devel//usr/share/doc/fox-1.7/html'
 /usr/bin/install -c -m 644 adie.html app.html calc.html consulting.html clipboard.html datatarget.html doc.html download.html doxygen.cfg draganddrop.html faq.html filefuncs.html filter.pl focus.html fonts.html footer.html foreword.html fox.html goals.html gpgkey.html guiupdate.html header.html home.html icons.html install.html introduction.html layout.html license.html menu.css menu.html messages.html news.html news1.html news2.html news3.html page.css pathfinder.html projects.html references.html registry.html '/build/fox-devel/pkg/fox-devel//usr/share/doc/fox-1.7/html'
 /usr/bin/install -c -m 644 rex.html screenshots.html serialization.html styles.css timers.html widgets.html top.html win32.html window.html xml.html '/build/fox-devel/pkg/fox-devel//usr/share/doc/fox-1.7/html'
make[3]: Leaving directory '/build/fox-devel/src/fox-1.7.91/doc'
make[2]: Leaving directory '/build/fox-devel/src/fox-1.7.91/doc'
make[1]: Leaving directory '/build/fox-devel/src/fox-1.7.91/doc'
Making install in tests
make[1]: Entering directory '/build/fox-devel/src/fox-1.7.91/tests'
make[2]: Entering directory '/build/fox-devel/src/fox-1.7.91/tests'
make[2]: Nothing to be done for 'install-exec-am'.
make[2]: Nothing to be done for 'install-data-am'.
make[2]: Leaving directory '/build/fox-devel/src/fox-1.7.91/tests'
make[1]: Leaving directory '/build/fox-devel/src/fox-1.7.91/tests'
Making install in shutterbug
make[1]: Entering directory '/build/fox-devel/src/fox-1.7.91/shutterbug'
make  install-am
make[2]: Entering directory '/build/fox-devel/src/fox-1.7.91/shutterbug'
make[3]: Entering directory '/build/fox-devel/src/fox-1.7.91/shutterbug'
 /usr/bin/mkdir -p '/build/fox-devel/pkg/fox-devel//usr/bin'
 /usr/bin/mkdir -p '/build/fox-devel/pkg/fox-devel//usr/share/man/man1'
  /bin/sh ../libtool   --mode=install /usr/bin/install -c shutterbug '/build/fox-devel/pkg/fox-devel//usr/bin'
 /usr/bin/install -c -m 644 shutterbug.1 '/build/fox-devel/pkg/fox-devel//usr/share/man/man1'
libtool: warning: '../lib/libFOX-1.7.la' has not been installed in '/usr/lib'
libtool: install: /usr/bin/install -c .libs/shutterbug /build/fox-devel/pkg/fox-devel//usr/bin/shutterbug
make[3]: Leaving directory '/build/fox-devel/src/fox-1.7.91/shutterbug'
make[2]: Leaving directory '/build/fox-devel/src/fox-1.7.91/shutterbug'
make[1]: Leaving directory '/build/fox-devel/src/fox-1.7.91/shutterbug'
Making install in adie
make[1]: Entering directory '/build/fox-devel/src/fox-1.7.91/adie'
make  install-am
make[2]: Entering directory '/build/fox-devel/src/fox-1.7.91/adie'
make[3]: Entering directory '/build/fox-devel/src/fox-1.7.91/adie'
 /usr/bin/mkdir -p '/build/fox-devel/pkg/fox-devel//usr/bin'
 /usr/bin/mkdir -p '/build/fox-devel/pkg/fox-devel//usr/bin'
 /usr/bin/mkdir -p '/build/fox-devel/pkg/fox-devel//usr/share/man/man1'
 /usr/bin/install -c Adie.stx '/build/fox-devel/pkg/fox-devel//usr/bin'
  /bin/sh ../libtool   --mode=install /usr/bin/install -c adie '/build/fox-devel/pkg/fox-devel//usr/bin'
 /usr/bin/install -c -m 644 adie.1 '/build/fox-devel/pkg/fox-devel//usr/share/man/man1'
libtool: warning: '../lib/libFOX-1.7.la' has not been installed in '/usr/lib'
libtool: install: /usr/bin/install -c .libs/adie /build/fox-devel/pkg/fox-devel//usr/bin/adie
make[3]: Leaving directory '/build/fox-devel/src/fox-1.7.91/adie'
make[2]: Leaving directory '/build/fox-devel/src/fox-1.7.91/adie'
make[1]: Leaving directory '/build/fox-devel/src/fox-1.7.91/adie'
Making install in pathfinder
make[1]: Entering directory '/build/fox-devel/src/fox-1.7.91/pathfinder'
make  install-am
make[2]: Entering directory '/build/fox-devel/src/fox-1.7.91/pathfinder'
make[3]: Entering directory '/build/fox-devel/src/fox-1.7.91/pathfinder'
 /usr/bin/mkdir -p '/build/fox-devel/pkg/fox-devel//usr/bin'
 /usr/bin/mkdir -p '/build/fox-devel/pkg/fox-devel//usr/share/man/man1'
  /bin/sh ../libtool   --mode=install /usr/bin/install -c PathFinder '/build/fox-devel/pkg/fox-devel//usr/bin'
 /usr/bin/install -c -m 644 PathFinder.1 '/build/fox-devel/pkg/fox-devel//usr/share/man/man1'
libtool: warning: '../lib/libFOX-1.7.la' has not been installed in '/usr/lib'
libtool: install: /usr/bin/install -c .libs/PathFinder /build/fox-devel/pkg/fox-devel//usr/bin/PathFinder
make[3]: Leaving directory '/build/fox-devel/src/fox-1.7.91/pathfinder'
make[2]: Leaving directory '/build/fox-devel/src/fox-1.7.91/pathfinder'
make[1]: Leaving directory '/build/fox-devel/src/fox-1.7.91/pathfinder'
Making install in calculator
make[1]: Entering directory '/build/fox-devel/src/fox-1.7.91/calculator'
make  install-am
make[2]: Entering directory '/build/fox-devel/src/fox-1.7.91/calculator'
make[3]: Entering directory '/build/fox-devel/src/fox-1.7.91/calculator'
 /usr/bin/mkdir -p '/build/fox-devel/pkg/fox-devel//usr/bin'
 /usr/bin/mkdir -p '/build/fox-devel/pkg/fox-devel//usr/share/man/man1'
  /bin/sh ../libtool   --mode=install /usr/bin/install -c calculator '/build/fox-devel/pkg/fox-devel//usr/bin'
 /usr/bin/install -c -m 644 calculator.1 '/build/fox-devel/pkg/fox-devel//usr/share/man/man1'
libtool: warning: '../lib/libFOX-1.7.la' has not been installed in '/usr/lib'
libtool: install: /usr/bin/install -c .libs/calculator /build/fox-devel/pkg/fox-devel//usr/bin/calculator
make[3]: Leaving directory '/build/fox-devel/src/fox-1.7.91/calculator'
make[2]: Leaving directory '/build/fox-devel/src/fox-1.7.91/calculator'
make[1]: Leaving directory '/build/fox-devel/src/fox-1.7.91/calculator'
Making install in controlpanel
make[1]: Entering directory '/build/fox-devel/src/fox-1.7.91/controlpanel'
make  install-am
make[2]: Entering directory '/build/fox-devel/src/fox-1.7.91/controlpanel'
make[3]: Entering directory '/build/fox-devel/src/fox-1.7.91/controlpanel'
 /usr/bin/mkdir -p '/build/fox-devel/pkg/fox-devel//usr/bin'
 /usr/bin/mkdir -p '/build/fox-devel/pkg/fox-devel//usr/share/man/man1'
  /bin/sh ../libtool   --mode=install /usr/bin/install -c ControlPanel '/build/fox-devel/pkg/fox-devel//usr/bin'
 /usr/bin/install -c -m 644 ControlPanel.1 '/build/fox-devel/pkg/fox-devel//usr/share/man/man1'
libtool: warning: '../lib/libFOX-1.7.la' has not been installed in '/usr/lib'
libtool: install: /usr/bin/install -c .libs/ControlPanel /build/fox-devel/pkg/fox-devel//usr/bin/ControlPanel
make[3]: Leaving directory '/build/fox-devel/src/fox-1.7.91/controlpanel'
make[2]: Leaving directory '/build/fox-devel/src/fox-1.7.91/controlpanel'
make[1]: Leaving directory '/build/fox-devel/src/fox-1.7.91/controlpanel'
Making install in glviewer
make[1]: Entering directory '/build/fox-devel/src/fox-1.7.91/glviewer'
make[2]: Entering directory '/build/fox-devel/src/fox-1.7.91/glviewer'
make[2]: Nothing to be done for 'install-exec-am'.
make[2]: Nothing to be done for 'install-data-am'.
make[2]: Leaving directory '/build/fox-devel/src/fox-1.7.91/glviewer'
make[1]: Leaving directory '/build/fox-devel/src/fox-1.7.91/glviewer'
Making install in windows
make[1]: Entering directory '/build/fox-devel/src/fox-1.7.91/windows'
make[2]: Entering directory '/build/fox-devel/src/fox-1.7.91/windows'
make[2]: Nothing to be done for 'install-exec-am'.
make[2]: Nothing to be done for 'install-data-am'.
make[2]: Leaving directory '/build/fox-devel/src/fox-1.7.91/windows'
make[1]: Leaving directory '/build/fox-devel/src/fox-1.7.91/windows'
make[1]: Entering directory '/build/fox-devel/src/fox-1.7.91'
make[2]: Entering directory '/build/fox-devel/src/fox-1.7.91'
 /usr/bin/mkdir -p '/build/fox-devel/pkg/fox-devel//usr/bin'
 /usr/bin/mkdir -p '/build/fox-devel/pkg/fox-devel//usr/lib/pkgconfig'
 /usr/bin/install -c -m 644 fox17.pc '/build/fox-devel/pkg/fox-devel//usr/lib/pkgconfig'
 /usr/bin/install -c fox-config '/build/fox-devel/pkg/fox-devel//usr/bin'
make[2]: Leaving directory '/build/fox-devel/src/fox-1.7.91'
make[1]: Leaving directory '/build/fox-devel/src/fox-1.7.91'
install: creating directory '/build/fox-devel/pkg/fox-devel/usr/share/licenses'
install: creating directory '/build/fox-devel/pkg/fox-devel/usr/share/licenses/fox-devel'
'LICENSE_ADDENDUM' -> '/build/fox-devel/pkg/fox-devel/usr/share/licenses/fox-devel/LICENSE'
