Submodule 'binutils-gdb-static' (git@github.com:guyush1/binutils-gdb.git) registered for path 'src/submodule_packages/binutils-gdb'
Submodule 'cpython-static' (git@github.com:guyush1/cpython-static.git) registered for path 'src/submodule_packages/cpython-static'
Submodule 'src/submodule_packages/libexpat' (git@github.com:libexpat/libexpat.git) registered for path 'src/submodule_packages/libexpat'
Submodule 'src/submodule_packages/libffi' (git@github.com:libffi/libffi.git) registered for path 'src/submodule_packages/libffi'
Submodule 'src/submodule_packages/pygments' (git@github.com:pygments/pygments.git) registered for path 'src/submodule_packages/pygments'
Submodule 'xz' (https://github.com/tukaani-project/xz.git) registered for path 'src/submodule_packages/xz'
Submodule 'src/submodule_packages/zlib' (git@github.com:madler/zlib.git) registered for path 'src/submodule_packages/zlib'
Cloning into '/build/gdb-static/src/gdb-static/src/submodule_packages/binutils-gdb'...
error: cannot run ssh: No such file or directory
fatal: unable to fork
fatal: clone of 'git@github.com:guyush1/binutils-gdb.git' into submodule path '/build/gdb-static/src/gdb-static/src/submodule_packages/binutils-gdb' failed
Failed to clone 'src/submodule_packages/binutils-gdb'. Retry scheduled
Cloning into '/build/gdb-static/src/gdb-static/src/submodule_packages/cpython-static'...
error: cannot run ssh: No such file or directory
fatal: unable to fork
fatal: clone of 'git@github.com:guyush1/cpython-static.git' into submodule path '/build/gdb-static/src/gdb-static/src/submodule_packages/cpython-static' failed
Failed to clone 'src/submodule_packages/cpython-static'. Retry scheduled
Cloning into '/build/gdb-static/src/gdb-static/src/submodule_packages/libexpat'...
error: cannot run ssh: No such file or directory
fatal: unable to fork
fatal: clone of 'git@github.com:libexpat/libexpat.git' into submodule path '/build/gdb-static/src/gdb-static/src/submodule_packages/libexpat' failed
Failed to clone 'src/submodule_packages/libexpat'. Retry scheduled
Cloning into '/build/gdb-static/src/gdb-static/src/submodule_packages/libffi'...
error: cannot run ssh: No such file or directory
fatal: unable to fork
fatal: clone of 'git@github.com:libffi/libffi.git' into submodule path '/build/gdb-static/src/gdb-static/src/submodule_packages/libffi' failed
Failed to clone 'src/submodule_packages/libffi'. Retry scheduled
Cloning into '/build/gdb-static/src/gdb-static/src/submodule_packages/pygments'...
error: cannot run ssh: No such file or directory
fatal: unable to fork
fatal: clone of 'git@github.com:pygments/pygments.git' into submodule path '/build/gdb-static/src/gdb-static/src/submodule_packages/pygments' failed
Failed to clone 'src/submodule_packages/pygments'. Retry scheduled
Cloning into '/build/gdb-static/src/gdb-static/src/submodule_packages/xz'...
Cloning into '/build/gdb-static/src/gdb-static/src/submodule_packages/zlib'...
error: cannot run ssh: No such file or directory
fatal: unable to fork
fatal: clone of 'git@github.com:madler/zlib.git' into submodule path '/build/gdb-static/src/gdb-static/src/submodule_packages/zlib' failed
Failed to clone 'src/submodule_packages/zlib'. Retry scheduled
Cloning into '/build/gdb-static/src/gdb-static/src/submodule_packages/binutils-gdb'...
error: cannot run ssh: No such file or directory
fatal: unable to fork
fatal: clone of 'git@github.com:guyush1/binutils-gdb.git' into submodule path '/build/gdb-static/src/gdb-static/src/submodule_packages/binutils-gdb' failed
Failed to clone 'src/submodule_packages/binutils-gdb' a second time, aborting
[1m[31m==> ERROR:(B[m[1m A failure occurred in prepare().(B[m
[1m    Aborting...(B[m
