-- Install configuration: "None"
-- Installing: /build/gecode/pkg/gecode/usr/lib/libgecodesupport.so.6.4.0
-- Installing: /build/gecode/pkg/gecode/usr/lib/libgecodesupport.so.51
-- Set non-toolchain portion of runtime path of "/build/gecode/pkg/gecode/usr/lib/libgecodesupport.so.6.4.0" to "$ORIGIN"
-- Installing: /build/gecode/pkg/gecode/usr/lib/libgecodesupport.so
-- Installing: /build/gecode/pkg/gecode/usr/lib/libgecodekernel.so.6.4.0
-- Installing: /build/gecode/pkg/gecode/usr/lib/libgecodekernel.so.51
-- Set non-toolchain portion of runtime path of "/build/gecode/pkg/gecode/usr/lib/libgecodekernel.so.6.4.0" to "$ORIGIN"
-- Installing: /build/gecode/pkg/gecode/usr/lib/libgecodekernel.so
-- Installing: /build/gecode/pkg/gecode/usr/lib/libgecodesearch.so.6.4.0
-- Installing: /build/gecode/pkg/gecode/usr/lib/libgecodesearch.so.51
-- Set non-toolchain portion of runtime path of "/build/gecode/pkg/gecode/usr/lib/libgecodesearch.so.6.4.0" to "$ORIGIN"
-- Installing: /build/gecode/pkg/gecode/usr/lib/libgecodesearch.so
-- Installing: /build/gecode/pkg/gecode/usr/lib/libgecodeint.so.6.4.0
-- Installing: /build/gecode/pkg/gecode/usr/lib/libgecodeint.so.51
-- Set non-toolchain portion of runtime path of "/build/gecode/pkg/gecode/usr/lib/libgecodeint.so.6.4.0" to "$ORIGIN"
-- Installing: /build/gecode/pkg/gecode/usr/lib/libgecodeint.so
-- Installing: /build/gecode/pkg/gecode/usr/lib/libgecodeset.so.6.4.0
-- Installing: /build/gecode/pkg/gecode/usr/lib/libgecodeset.so.51
-- Set non-toolchain portion of runtime path of "/build/gecode/pkg/gecode/usr/lib/libgecodeset.so.6.4.0" to "$ORIGIN"
-- Installing: /build/gecode/pkg/gecode/usr/lib/libgecodeset.so
-- Installing: /build/gecode/pkg/gecode/usr/lib/libgecodefloat.so.6.4.0
-- Installing: /build/gecode/pkg/gecode/usr/lib/libgecodefloat.so.51
-- Set non-toolchain portion of runtime path of "/build/gecode/pkg/gecode/usr/lib/libgecodefloat.so.6.4.0" to "$ORIGIN"
-- Installing: /build/gecode/pkg/gecode/usr/lib/libgecodefloat.so
-- Installing: /build/gecode/pkg/gecode/usr/lib/libgecodeminimodel.so.6.4.0
-- Installing: /build/gecode/pkg/gecode/usr/lib/libgecodeminimodel.so.51
-- Set non-toolchain portion of runtime path of "/build/gecode/pkg/gecode/usr/lib/libgecodeminimodel.so.6.4.0" to "$ORIGIN"
-- Installing: /build/gecode/pkg/gecode/usr/lib/libgecodeminimodel.so
-- Installing: /build/gecode/pkg/gecode/usr/lib/libgecodedriver.so.6.4.0
-- Installing: /build/gecode/pkg/gecode/usr/lib/libgecodedriver.so.51
-- Set non-toolchain portion of runtime path of "/build/gecode/pkg/gecode/usr/lib/libgecodedriver.so.6.4.0" to "$ORIGIN"
-- Installing: /build/gecode/pkg/gecode/usr/lib/libgecodedriver.so
-- Installing: /build/gecode/pkg/gecode/usr/lib/libgecodeflatzinc.so.6.4.0
-- Installing: /build/gecode/pkg/gecode/usr/lib/libgecodeflatzinc.so.51
-- Set non-toolchain portion of runtime path of "/build/gecode/pkg/gecode/usr/lib/libgecodeflatzinc.so.6.4.0" to "$ORIGIN"
-- Installing: /build/gecode/pkg/gecode/usr/lib/libgecodeflatzinc.so
-- Installing: /build/gecode/pkg/gecode/usr/lib/libgecodegist.so.6.4.0
-- Installing: /build/gecode/pkg/gecode/usr/lib/libgecodegist.so.51
-- Set non-toolchain portion of runtime path of "/build/gecode/pkg/gecode/usr/lib/libgecodegist.so.6.4.0" to "$ORIGIN"
-- Installing: /build/gecode/pkg/gecode/usr/lib/libgecodegist.so
-- Installing: /build/gecode/pkg/gecode/usr/bin/fzn-gecode
-- Set non-toolchain portion of runtime path of "/build/gecode/pkg/gecode/usr/bin/fzn-gecode" to "$ORIGIN/../lib"
-- Installing: /build/gecode/pkg/gecode/usr/bin/mzn-gecode
-- Installing: /build/gecode/pkg/gecode/usr/include/gecode
-- Installing: /build/gecode/pkg/gecode/usr/include/gecode/set.hh
-- Installing: /build/gecode/pkg/gecode/usr/include/gecode/kernel
-- Installing: /build/gecode/pkg/gecode/usr/include/gecode/kernel/exception.hpp
-- Installing: /build/gecode/pkg/gecode/usr/include/gecode/kernel/data
-- Installing: /build/gecode/pkg/gecode/usr/include/gecode/kernel/data/array.hpp
-- Installing: /build/gecode/pkg/gecode/usr/include/gecode/kernel/data/shared-array.hpp
-- Installing: /build/gecode/pkg/gecode/usr/include/gecode/kernel/data/shared-data.hpp
-- Installing: /build/gecode/pkg/gecode/usr/include/gecode/kernel/data/rnd.hpp
-- Installing: /build/gecode/pkg/gecode/usr/include/gecode/kernel/var.hpp
-- Installing: /build/gecode/pkg/gecode/usr/include/gecode/kernel/trace
-- Installing: /build/gecode/pkg/gecode/usr/include/gecode/kernel/trace/print.hpp
-- Installing: /build/gecode/pkg/gecode/usr/include/gecode/kernel/trace/general.hpp
-- Installing: /build/gecode/pkg/gecode/usr/include/gecode/kernel/trace/traits.hpp
-- Installing: /build/gecode/pkg/gecode/usr/include/gecode/kernel/trace/tracer.hpp
-- Installing: /build/gecode/pkg/gecode/usr/include/gecode/kernel/trace/filter.hpp
-- Installing: /build/gecode/pkg/gecode/usr/include/gecode/kernel/trace/recorder.hpp
-- Installing: /build/gecode/pkg/gecode/usr/include/gecode/kernel/var-type.hpp
-- Installing: /build/gecode/pkg/gecode/usr/include/gecode/kernel/macros.hpp
-- Installing: /build/gecode/pkg/gecode/usr/include/gecode/kernel/gpi.hpp
-- Installing: /build/gecode/pkg/gecode/usr/include/gecode/kernel/archive.hpp
-- Installing: /build/gecode/pkg/gecode/usr/include/gecode/kernel/view.hpp
-- Installing: /build/gecode/pkg/gecode/usr/include/gecode/kernel/propagator
-- Installing: /build/gecode/pkg/gecode/usr/include/gecode/kernel/propagator/subscribed.hpp
-- Installing: /build/gecode/pkg/gecode/usr/include/gecode/kernel/propagator/advisor.hpp
-- Installing: /build/gecode/pkg/gecode/usr/include/gecode/kernel/propagator/pattern.hpp
-- Installing: /build/gecode/pkg/gecode/usr/include/gecode/kernel/propagator/wait.hpp
-- Installing: /build/gecode/pkg/gecode/usr/include/gecode/kernel/shared-object.hpp
-- Installing: /build/gecode/pkg/gecode/usr/include/gecode/kernel/core.hpp
-- Installing: /build/gecode/pkg/gecode/usr/include/gecode/kernel/modevent.hpp
-- Installing: /build/gecode/pkg/gecode/usr/include/gecode/kernel/memory
-- Installing: /build/gecode/pkg/gecode/usr/include/gecode/kernel/memory/region.hpp
-- Installing: /build/gecode/pkg/gecode/usr/include/gecode/kernel/memory/manager.hpp
-- Installing: /build/gecode/pkg/gecode/usr/include/gecode/kernel/memory/allocators.hpp
-- Installing: /build/gecode/pkg/gecode/usr/include/gecode/kernel/memory/config.hpp
-- Installing: /build/gecode/pkg/gecode/usr/include/gecode/kernel/range-list.hpp
-- Installing: /build/gecode/pkg/gecode/usr/include/gecode/kernel/var-imp.hpp
-- Installing: /build/gecode/pkg/gecode/usr/include/gecode/kernel/shared-space-data.hpp
-- Installing: /build/gecode/pkg/gecode/usr/include/gecode/kernel/branch
-- Installing: /build/gecode/pkg/gecode/usr/include/gecode/kernel/branch/val-sel-commit.hpp
-- Installing: /build/gecode/pkg/gecode/usr/include/gecode/kernel/branch/var.hpp
-- Installing: /build/gecode/pkg/gecode/usr/include/gecode/kernel/branch/view-val.hpp
-- Installing: /build/gecode/pkg/gecode/usr/include/gecode/kernel/branch/val-commit.hpp
-- Installing: /build/gecode/pkg/gecode/usr/include/gecode/kernel/branch/print.hpp
-- Installing: /build/gecode/pkg/gecode/usr/include/gecode/kernel/branch/action.hpp
-- Installing: /build/gecode/pkg/gecode/usr/include/gecode/kernel/branch/view.hpp
-- Installing: /build/gecode/pkg/gecode/usr/include/gecode/kernel/branch/chb.hpp
-- Installing: /build/gecode/pkg/gecode/usr/include/gecode/kernel/branch/val.hpp
-- Installing: /build/gecode/pkg/gecode/usr/include/gecode/kernel/branch/val-sel.hpp
-- Installing: /build/gecode/pkg/gecode/usr/include/gecode/kernel/branch/view-sel.hpp
-- Installing: /build/gecode/pkg/gecode/usr/include/gecode/kernel/branch/tiebreak.hpp
-- Installing: /build/gecode/pkg/gecode/usr/include/gecode/kernel/branch/traits.hpp
-- Installing: /build/gecode/pkg/gecode/usr/include/gecode/kernel/branch/merit.hpp
-- Installing: /build/gecode/pkg/gecode/usr/include/gecode/kernel/branch/afc.hpp
-- Installing: /build/gecode/pkg/gecode/usr/include/gecode/kernel/branch/filter.hpp
-- Installing: /build/gecode/pkg/gecode/usr/include/gecode/flatzinc.hh
-- Installing: /build/gecode/pkg/gecode/usr/include/gecode/minimodel
-- Installing: /build/gecode/pkg/gecode/usr/include/gecode/minimodel/exception.hpp
-- Installing: /build/gecode/pkg/gecode/usr/include/gecode/minimodel/float-expr.hpp
-- Installing: /build/gecode/pkg/gecode/usr/include/gecode/minimodel/optimize.hpp
-- Installing: /build/gecode/pkg/gecode/usr/include/gecode/minimodel/reg.hpp
-- Installing: /build/gecode/pkg/gecode/usr/include/gecode/minimodel/bool-expr.hpp
-- Installing: /build/gecode/pkg/gecode/usr/include/gecode/minimodel/ipl.hpp
-- Installing: /build/gecode/pkg/gecode/usr/include/gecode/minimodel/channel.hpp
-- Installing: /build/gecode/pkg/gecode/usr/include/gecode/minimodel/matrix.hpp
-- Installing: /build/gecode/pkg/gecode/usr/include/gecode/minimodel/ldsb.hpp
-- Installing: /build/gecode/pkg/gecode/usr/include/gecode/minimodel/int-rel.hpp
-- Installing: /build/gecode/pkg/gecode/usr/include/gecode/minimodel/set-rel.hpp
-- Installing: /build/gecode/pkg/gecode/usr/include/gecode/minimodel/int-expr.hpp
-- Installing: /build/gecode/pkg/gecode/usr/include/gecode/minimodel/float-rel.hpp
-- Installing: /build/gecode/pkg/gecode/usr/include/gecode/minimodel/set-expr.hpp
-- Installing: /build/gecode/pkg/gecode/usr/include/gecode/minimodel/aliases.hpp
-- Installing: /build/gecode/pkg/gecode/usr/include/gecode/driver
-- Installing: /build/gecode/pkg/gecode/usr/include/gecode/driver/options.hpp
-- Installing: /build/gecode/pkg/gecode/usr/include/gecode/driver/script.hpp
-- Installing: /build/gecode/pkg/gecode/usr/include/gecode/float.hh
-- Installing: /build/gecode/pkg/gecode/usr/include/gecode/minimodel.hh
-- Installing: /build/gecode/pkg/gecode/usr/include/gecode/gist
-- Installing: /build/gecode/pkg/gecode/usr/include/gecode/gist/nodewidget.hh
-- Installing: /build/gecode/pkg/gecode/usr/include/gecode/gist/visualnode.hpp
-- Installing: /build/gecode/pkg/gecode/usr/include/gecode/gist/drawingcursor.hpp
-- Installing: /build/gecode/pkg/gecode/usr/include/gecode/gist/drawingcursor.hh
-- Installing: /build/gecode/pkg/gecode/usr/include/gecode/gist/visualnode.hh
-- Installing: /build/gecode/pkg/gecode/usr/include/gecode/gist/nodevisitor.hpp
-- Installing: /build/gecode/pkg/gecode/usr/include/gecode/gist/node.hpp
-- Installing: /build/gecode/pkg/gecode/usr/include/gecode/gist/nodevisitor.hh
-- Installing: /build/gecode/pkg/gecode/usr/include/gecode/gist/qtgist.hh
-- Installing: /build/gecode/pkg/gecode/usr/include/gecode/gist/gist.hpp
-- Installing: /build/gecode/pkg/gecode/usr/include/gecode/gist/textoutput.hh
-- Installing: /build/gecode/pkg/gecode/usr/include/gecode/gist/gecodelogo.hh
-- Installing: /build/gecode/pkg/gecode/usr/include/gecode/gist/node.hh
-- Installing: /build/gecode/pkg/gecode/usr/include/gecode/gist/stopbrancher.hh
-- Installing: /build/gecode/pkg/gecode/usr/include/gecode/gist/mainwindow.hh
-- Installing: /build/gecode/pkg/gecode/usr/include/gecode/gist/layoutcursor.hh
-- Installing: /build/gecode/pkg/gecode/usr/include/gecode/gist/layoutcursor.hpp
-- Installing: /build/gecode/pkg/gecode/usr/include/gecode/gist/nodecursor.hh
-- Installing: /build/gecode/pkg/gecode/usr/include/gecode/gist/nodecursor.hpp
-- Installing: /build/gecode/pkg/gecode/usr/include/gecode/gist/nodestats.hh
-- Installing: /build/gecode/pkg/gecode/usr/include/gecode/gist/treecanvas.hh
-- Installing: /build/gecode/pkg/gecode/usr/include/gecode/gist/spacenode.hh
-- Installing: /build/gecode/pkg/gecode/usr/include/gecode/gist/zoomToFitIcon.hpp
-- Installing: /build/gecode/pkg/gecode/usr/include/gecode/gist/spacenode.hpp
-- Installing: /build/gecode/pkg/gecode/usr/include/gecode/gist/preferences.hh
-- Installing: /build/gecode/pkg/gecode/usr/include/gecode/float
-- Installing: /build/gecode/pkg/gecode/usr/include/gecode/float/trigonometric
-- Installing: /build/gecode/pkg/gecode/usr/include/gecode/float/trigonometric/sincos.hpp
-- Installing: /build/gecode/pkg/gecode/usr/include/gecode/float/trigonometric/asinacos.hpp
-- Installing: /build/gecode/pkg/gecode/usr/include/gecode/float/trigonometric/tanatan.hpp
-- Installing: /build/gecode/pkg/gecode/usr/include/gecode/float/exception.hpp
-- Installing: /build/gecode/pkg/gecode/usr/include/gecode/float/trigonometric.hh
-- Installing: /build/gecode/pkg/gecode/usr/include/gecode/float/trace
-- Installing: /build/gecode/pkg/gecode/usr/include/gecode/float/trace/trace-view.hpp
-- Installing: /build/gecode/pkg/gecode/usr/include/gecode/float/trace/delta.hpp
-- Installing: /build/gecode/pkg/gecode/usr/include/gecode/float/trace/traits.hpp
-- Installing: /build/gecode/pkg/gecode/usr/include/gecode/float/limits.hpp
-- Installing: /build/gecode/pkg/gecode/usr/include/gecode/float/linear
-- Installing: /build/gecode/pkg/gecode/usr/include/gecode/float/linear/nary.hpp
-- Installing: /build/gecode/pkg/gecode/usr/include/gecode/float/channel.hh
-- Installing: /build/gecode/pkg/gecode/usr/include/gecode/float/arithmetic
-- Installing: /build/gecode/pkg/gecode/usr/include/gecode/float/arithmetic/sqr-sqrt.hpp
-- Installing: /build/gecode/pkg/gecode/usr/include/gecode/float/arithmetic/mult.hpp
-- Installing: /build/gecode/pkg/gecode/usr/include/gecode/float/arithmetic/div.hpp
-- Installing: /build/gecode/pkg/gecode/usr/include/gecode/float/arithmetic/abs.hpp
-- Installing: /build/gecode/pkg/gecode/usr/include/gecode/float/arithmetic/min-max.hpp
-- Installing: /build/gecode/pkg/gecode/usr/include/gecode/float/arithmetic/pow-nroot.hpp
-- Installing: /build/gecode/pkg/gecode/usr/include/gecode/float/nextafter.hpp
-- Installing: /build/gecode/pkg/gecode/usr/include/gecode/float/array.hpp
-- Installing: /build/gecode/pkg/gecode/usr/include/gecode/float/var-imp
-- Installing: /build/gecode/pkg/gecode/usr/include/gecode/float/var-imp/float.hpp
-- Installing: /build/gecode/pkg/gecode/usr/include/gecode/float/var-imp/delta.hpp
-- Installing: /build/gecode/pkg/gecode/usr/include/gecode/float/view.hpp
-- Installing: /build/gecode/pkg/gecode/usr/include/gecode/float/trace.hpp
-- Installing: /build/gecode/pkg/gecode/usr/include/gecode/float/transcendental.hh
-- Installing: /build/gecode/pkg/gecode/usr/include/gecode/float/bool.hh
-- Installing: /build/gecode/pkg/gecode/usr/include/gecode/float/channel.hpp
-- Installing: /build/gecode/pkg/gecode/usr/include/gecode/float/val.hpp
-- Installing: /build/gecode/pkg/gecode/usr/include/gecode/float/bool
-- Installing: /build/gecode/pkg/gecode/usr/include/gecode/float/bool/ite.hpp
-- Installing: /build/gecode/pkg/gecode/usr/include/gecode/float/rel
-- Installing: /build/gecode/pkg/gecode/usr/include/gecode/float/rel/eq.hpp
-- Installing: /build/gecode/pkg/gecode/usr/include/gecode/float/rel/lq-le.hpp
-- Installing: /build/gecode/pkg/gecode/usr/include/gecode/float/rel/nq.hpp
-- Installing: /build/gecode/pkg/gecode/usr/include/gecode/float/channel
-- Installing: /build/gecode/pkg/gecode/usr/include/gecode/float/channel/channel.hpp
-- Installing: /build/gecode/pkg/gecode/usr/include/gecode/float/linear.hh
-- Installing: /build/gecode/pkg/gecode/usr/include/gecode/float/rounding.hpp
-- Installing: /build/gecode/pkg/gecode/usr/include/gecode/float/num.hpp
-- Installing: /build/gecode/pkg/gecode/usr/include/gecode/float/branch.hpp
-- Installing: /build/gecode/pkg/gecode/usr/include/gecode/float/array-traits.hpp
-- Installing: /build/gecode/pkg/gecode/usr/include/gecode/float/rel.hh
-- Installing: /build/gecode/pkg/gecode/usr/include/gecode/float/var-imp.hpp
-- Installing: /build/gecode/pkg/gecode/usr/include/gecode/float/branch
-- Installing: /build/gecode/pkg/gecode/usr/include/gecode/float/branch/var.hpp
-- Installing: /build/gecode/pkg/gecode/usr/include/gecode/float/branch/val-commit.hpp
-- Installing: /build/gecode/pkg/gecode/usr/include/gecode/float/branch/action.hpp
-- Installing: /build/gecode/pkg/gecode/usr/include/gecode/float/branch/chb.hpp
-- Installing: /build/gecode/pkg/gecode/usr/include/gecode/float/branch/val.hpp
-- Installing: /build/gecode/pkg/gecode/usr/include/gecode/float/branch/assign.hpp
-- Installing: /build/gecode/pkg/gecode/usr/include/gecode/float/branch/val-sel.hpp
-- Installing: /build/gecode/pkg/gecode/usr/include/gecode/float/branch/traits.hpp
-- Installing: /build/gecode/pkg/gecode/usr/include/gecode/float/branch/merit.hpp
-- Installing: /build/gecode/pkg/gecode/usr/include/gecode/float/branch/afc.hpp
-- Installing: /build/gecode/pkg/gecode/usr/include/gecode/float/transcendental
-- Installing: /build/gecode/pkg/gecode/usr/include/gecode/float/transcendental/exp-log.hpp
-- Installing: /build/gecode/pkg/gecode/usr/include/gecode/float/var
-- Installing: /build/gecode/pkg/gecode/usr/include/gecode/float/var/float.hpp
-- Installing: /build/gecode/pkg/gecode/usr/include/gecode/float/var/print.hpp
-- Installing: /build/gecode/pkg/gecode/usr/include/gecode/float/arithmetic.hh
-- Installing: /build/gecode/pkg/gecode/usr/include/gecode/float/view
-- Installing: /build/gecode/pkg/gecode/usr/include/gecode/float/view/offset.hpp
-- Installing: /build/gecode/pkg/gecode/usr/include/gecode/float/view/float.hpp
-- Installing: /build/gecode/pkg/gecode/usr/include/gecode/float/view/print.hpp
-- Installing: /build/gecode/pkg/gecode/usr/include/gecode/float/view/scale.hpp
-- Installing: /build/gecode/pkg/gecode/usr/include/gecode/float/view/minus.hpp
-- Installing: /build/gecode/pkg/gecode/usr/include/gecode/float/view/rel-test.hpp
-- Installing: /build/gecode/pkg/gecode/usr/include/gecode/float/branch.hh
-- Installing: /build/gecode/pkg/gecode/usr/include/gecode/search
-- Installing: /build/gecode/pkg/gecode/usr/include/gecode/search/exception.hpp
-- Installing: /build/gecode/pkg/gecode/usr/include/gecode/search/dfs.hpp
-- Installing: /build/gecode/pkg/gecode/usr/include/gecode/search/build.hpp
-- Installing: /build/gecode/pkg/gecode/usr/include/gecode/search/par
-- Installing: /build/gecode/pkg/gecode/usr/include/gecode/search/par/dfs.hpp
-- Installing: /build/gecode/pkg/gecode/usr/include/gecode/search/par/dfs.hh
-- Installing: /build/gecode/pkg/gecode/usr/include/gecode/search/par/engine.hh
-- Installing: /build/gecode/pkg/gecode/usr/include/gecode/search/par/pbs.hpp
-- Installing: /build/gecode/pkg/gecode/usr/include/gecode/search/par/pbs.hh
-- Installing: /build/gecode/pkg/gecode/usr/include/gecode/search/par/bab.hh
-- Installing: /build/gecode/pkg/gecode/usr/include/gecode/search/par/bab.hpp
-- Installing: /build/gecode/pkg/gecode/usr/include/gecode/search/par/path.hpp
-- Installing: /build/gecode/pkg/gecode/usr/include/gecode/search/par/engine.hpp
-- Installing: /build/gecode/pkg/gecode/usr/include/gecode/search/par/path.hh
-- Installing: /build/gecode/pkg/gecode/usr/include/gecode/search/worker.hh
-- Installing: /build/gecode/pkg/gecode/usr/include/gecode/search/rbs.hpp
-- Installing: /build/gecode/pkg/gecode/usr/include/gecode/search/pbs.hpp
-- Installing: /build/gecode/pkg/gecode/usr/include/gecode/search/relax.hh
-- Installing: /build/gecode/pkg/gecode/usr/include/gecode/search/options.hpp
-- Installing: /build/gecode/pkg/gecode/usr/include/gecode/search/bab.hpp
-- Installing: /build/gecode/pkg/gecode/usr/include/gecode/search/seq
-- Installing: /build/gecode/pkg/gecode/usr/include/gecode/search/seq/dfs.hpp
-- Installing: /build/gecode/pkg/gecode/usr/include/gecode/search/seq/dfs.hh
-- Installing: /build/gecode/pkg/gecode/usr/include/gecode/search/seq/dead.hh
-- Installing: /build/gecode/pkg/gecode/usr/include/gecode/search/seq/rbs.hpp
-- Installing: /build/gecode/pkg/gecode/usr/include/gecode/search/seq/pbs.hpp
-- Installing: /build/gecode/pkg/gecode/usr/include/gecode/search/seq/pbs.hh
-- Installing: /build/gecode/pkg/gecode/usr/include/gecode/search/seq/bab.hh
-- Installing: /build/gecode/pkg/gecode/usr/include/gecode/search/seq/lds.hh
-- Installing: /build/gecode/pkg/gecode/usr/include/gecode/search/seq/bab.hpp
-- Installing: /build/gecode/pkg/gecode/usr/include/gecode/search/seq/rbs.hh
-- Installing: /build/gecode/pkg/gecode/usr/include/gecode/search/seq/path.hpp
-- Installing: /build/gecode/pkg/gecode/usr/include/gecode/search/seq/lds.hpp
-- Installing: /build/gecode/pkg/gecode/usr/include/gecode/search/seq/path.hh
-- Installing: /build/gecode/pkg/gecode/usr/include/gecode/search/nogoods.hh
-- Installing: /build/gecode/pkg/gecode/usr/include/gecode/search/statistics.hpp
-- Installing: /build/gecode/pkg/gecode/usr/include/gecode/search/stop.hpp
-- Installing: /build/gecode/pkg/gecode/usr/include/gecode/search/base.hpp
-- Installing: /build/gecode/pkg/gecode/usr/include/gecode/search/traits.hpp
-- Installing: /build/gecode/pkg/gecode/usr/include/gecode/search/tracer.hpp
-- Installing: /build/gecode/pkg/gecode/usr/include/gecode/search/lds.hpp
-- Installing: /build/gecode/pkg/gecode/usr/include/gecode/search/engine.hpp
-- Installing: /build/gecode/pkg/gecode/usr/include/gecode/search/cpprofiler
-- Installing: /build/gecode/pkg/gecode/usr/include/gecode/search/cpprofiler/message.hpp
-- Installing: /build/gecode/pkg/gecode/usr/include/gecode/search/cpprofiler/connector.hpp
-- Installing: /build/gecode/pkg/gecode/usr/include/gecode/search/cutoff.hpp
-- Installing: /build/gecode/pkg/gecode/usr/include/gecode/search/support.hh
-- Installing: /build/gecode/pkg/gecode/usr/include/gecode/search/trace-recorder.hpp
-- Installing: /build/gecode/pkg/gecode/usr/include/gecode/search/sebs.hpp
-- Installing: /build/gecode/pkg/gecode/usr/include/gecode/search/nogoods.hpp
-- Installing: /build/gecode/pkg/gecode/usr/include/gecode/gist.hh
-- Installing: /build/gecode/pkg/gecode/usr/include/gecode/set
-- Installing: /build/gecode/pkg/gecode/usr/include/gecode/set/exception.hpp
-- Installing: /build/gecode/pkg/gecode/usr/include/gecode/set/element
-- Installing: /build/gecode/pkg/gecode/usr/include/gecode/set/element/inter.hpp
-- Installing: /build/gecode/pkg/gecode/usr/include/gecode/set/element/disjoint.hpp
-- Installing: /build/gecode/pkg/gecode/usr/include/gecode/set/element/union.hpp
-- Installing: /build/gecode/pkg/gecode/usr/include/gecode/set/element/unionConst.hpp
-- Installing: /build/gecode/pkg/gecode/usr/include/gecode/set/sequence.hh
-- Installing: /build/gecode/pkg/gecode/usr/include/gecode/set/trace
-- Installing: /build/gecode/pkg/gecode/usr/include/gecode/set/trace/trace-view.hpp
-- Installing: /build/gecode/pkg/gecode/usr/include/gecode/set/trace/delta.hpp
-- Installing: /build/gecode/pkg/gecode/usr/include/gecode/set/trace/traits.hpp
-- Installing: /build/gecode/pkg/gecode/usr/include/gecode/set/limits.hpp
-- Installing: /build/gecode/pkg/gecode/usr/include/gecode/set/channel.hh
-- Installing: /build/gecode/pkg/gecode/usr/include/gecode/set/array.hpp
-- Installing: /build/gecode/pkg/gecode/usr/include/gecode/set/var-imp
-- Installing: /build/gecode/pkg/gecode/usr/include/gecode/set/var-imp/integerset.hpp
-- Installing: /build/gecode/pkg/gecode/usr/include/gecode/set/var-imp/set.hpp
-- Installing: /build/gecode/pkg/gecode/usr/include/gecode/set/var-imp/delta.hpp
-- Installing: /build/gecode/pkg/gecode/usr/include/gecode/set/var-imp/iter.hpp
-- Installing: /build/gecode/pkg/gecode/usr/include/gecode/set/sequence
-- Installing: /build/gecode/pkg/gecode/usr/include/gecode/set/sequence/seq.hpp
-- Installing: /build/gecode/pkg/gecode/usr/include/gecode/set/sequence/seq-u.hpp
-- Installing: /build/gecode/pkg/gecode/usr/include/gecode/set/sequence/common.hpp
-- Installing: /build/gecode/pkg/gecode/usr/include/gecode/set/view.hpp
-- Installing: /build/gecode/pkg/gecode/usr/include/gecode/set/trace.hpp
-- Installing: /build/gecode/pkg/gecode/usr/include/gecode/set/int.hpp
-- Installing: /build/gecode/pkg/gecode/usr/include/gecode/set/rel-op.hh
-- Installing: /build/gecode/pkg/gecode/usr/include/gecode/set/ldsb.hh
-- Installing: /build/gecode/pkg/gecode/usr/include/gecode/set/precede
-- Installing: /build/gecode/pkg/gecode/usr/include/gecode/set/precede/single.hpp
-- Installing: /build/gecode/pkg/gecode/usr/include/gecode/set/convex.hh
-- Installing: /build/gecode/pkg/gecode/usr/include/gecode/set/convex
-- Installing: /build/gecode/pkg/gecode/usr/include/gecode/set/convex/conv.hpp
-- Installing: /build/gecode/pkg/gecode/usr/include/gecode/set/convex/hull.hpp
-- Installing: /build/gecode/pkg/gecode/usr/include/gecode/set/rel
-- Installing: /build/gecode/pkg/gecode/usr/include/gecode/set/rel/lq.hpp
-- Installing: /build/gecode/pkg/gecode/usr/include/gecode/set/rel/eq.hpp
-- Installing: /build/gecode/pkg/gecode/usr/include/gecode/set/rel/re-subset.hpp
-- Installing: /build/gecode/pkg/gecode/usr/include/gecode/set/rel/re-eq.hpp
-- Installing: /build/gecode/pkg/gecode/usr/include/gecode/set/rel/subset.hpp
-- Installing: /build/gecode/pkg/gecode/usr/include/gecode/set/rel/nosubset.hpp
-- Installing: /build/gecode/pkg/gecode/usr/include/gecode/set/rel/re-lq.hpp
-- Installing: /build/gecode/pkg/gecode/usr/include/gecode/set/rel/nq.hpp
-- Installing: /build/gecode/pkg/gecode/usr/include/gecode/set/rel/common.hpp
-- Installing: /build/gecode/pkg/gecode/usr/include/gecode/set/channel
-- Installing: /build/gecode/pkg/gecode/usr/include/gecode/set/channel/sorted.hpp
-- Installing: /build/gecode/pkg/gecode/usr/include/gecode/set/channel/bool.hpp
-- Installing: /build/gecode/pkg/gecode/usr/include/gecode/set/channel/int.hpp
-- Installing: /build/gecode/pkg/gecode/usr/include/gecode/set/channel/set.hpp
-- Installing: /build/gecode/pkg/gecode/usr/include/gecode/set/int
-- Installing: /build/gecode/pkg/gecode/usr/include/gecode/set/int/minmax.hpp
-- Installing: /build/gecode/pkg/gecode/usr/include/gecode/set/int/weights.hpp
-- Installing: /build/gecode/pkg/gecode/usr/include/gecode/set/int/card.hpp
-- Installing: /build/gecode/pkg/gecode/usr/include/gecode/set/distinct.hh
-- Installing: /build/gecode/pkg/gecode/usr/include/gecode/set/precede.hh
-- Installing: /build/gecode/pkg/gecode/usr/include/gecode/set/int.hh
-- Installing: /build/gecode/pkg/gecode/usr/include/gecode/set/branch.hpp
-- Installing: /build/gecode/pkg/gecode/usr/include/gecode/set/array-traits.hpp
-- Installing: /build/gecode/pkg/gecode/usr/include/gecode/set/rel.hh
-- Installing: /build/gecode/pkg/gecode/usr/include/gecode/set/ldsb
-- Installing: /build/gecode/pkg/gecode/usr/include/gecode/set/ldsb/brancher.hpp
-- Installing: /build/gecode/pkg/gecode/usr/include/gecode/set/var-imp.hpp
-- Installing: /build/gecode/pkg/gecode/usr/include/gecode/set/rel-op
-- Installing: /build/gecode/pkg/gecode/usr/include/gecode/set/rel-op/inter.hpp
-- Installing: /build/gecode/pkg/gecode/usr/include/gecode/set/rel-op/superofinter.hpp
-- Installing: /build/gecode/pkg/gecode/usr/include/gecode/set/rel-op/post.hpp
-- Installing: /build/gecode/pkg/gecode/usr/include/gecode/set/rel-op/partition.hpp
-- Installing: /build/gecode/pkg/gecode/usr/include/gecode/set/rel-op/subofunion.hpp
-- Installing: /build/gecode/pkg/gecode/usr/include/gecode/set/rel-op/union.hpp
-- Installing: /build/gecode/pkg/gecode/usr/include/gecode/set/rel-op/common.hpp
-- Installing: /build/gecode/pkg/gecode/usr/include/gecode/set/branch
-- Installing: /build/gecode/pkg/gecode/usr/include/gecode/set/branch/var.hpp
-- Installing: /build/gecode/pkg/gecode/usr/include/gecode/set/branch/val-commit.hpp
-- Installing: /build/gecode/pkg/gecode/usr/include/gecode/set/branch/action.hpp
-- Installing: /build/gecode/pkg/gecode/usr/include/gecode/set/branch/chb.hpp
-- Installing: /build/gecode/pkg/gecode/usr/include/gecode/set/branch/val.hpp
-- Installing: /build/gecode/pkg/gecode/usr/include/gecode/set/branch/assign.hpp
-- Installing: /build/gecode/pkg/gecode/usr/include/gecode/set/branch/val-sel.hpp
-- Installing: /build/gecode/pkg/gecode/usr/include/gecode/set/branch/ngl.hpp
-- Installing: /build/gecode/pkg/gecode/usr/include/gecode/set/branch/traits.hpp
-- Installing: /build/gecode/pkg/gecode/usr/include/gecode/set/branch/merit.hpp
-- Installing: /build/gecode/pkg/gecode/usr/include/gecode/set/branch/afc.hpp
-- Installing: /build/gecode/pkg/gecode/usr/include/gecode/set/var
-- Installing: /build/gecode/pkg/gecode/usr/include/gecode/set/var/print.hpp
-- Installing: /build/gecode/pkg/gecode/usr/include/gecode/set/var/set.hpp
-- Installing: /build/gecode/pkg/gecode/usr/include/gecode/set/view
-- Installing: /build/gecode/pkg/gecode/usr/include/gecode/set/view/const.hpp
-- Installing: /build/gecode/pkg/gecode/usr/include/gecode/set/view/singleton.hpp
-- Installing: /build/gecode/pkg/gecode/usr/include/gecode/set/view/print.hpp
-- Installing: /build/gecode/pkg/gecode/usr/include/gecode/set/view/set.hpp
-- Installing: /build/gecode/pkg/gecode/usr/include/gecode/set/view/complement.hpp
-- Installing: /build/gecode/pkg/gecode/usr/include/gecode/set/view/cached.hpp
-- Installing: /build/gecode/pkg/gecode/usr/include/gecode/set/distinct
-- Installing: /build/gecode/pkg/gecode/usr/include/gecode/set/distinct/atmostOne.hpp
-- Installing: /build/gecode/pkg/gecode/usr/include/gecode/set/branch.hh
-- Installing: /build/gecode/pkg/gecode/usr/include/gecode/set/element.hh
-- Installing: /build/gecode/pkg/gecode/usr/include/gecode/driver.hh
-- Installing: /build/gecode/pkg/gecode/usr/include/gecode/support
-- Installing: /build/gecode/pkg/gecode/usr/include/gecode/support/exception.hpp
-- Installing: /build/gecode/pkg/gecode/usr/include/gecode/support/dynamic-array.hpp
-- Installing: /build/gecode/pkg/gecode/usr/include/gecode/support/bitset-offset.hpp
-- Installing: /build/gecode/pkg/gecode/usr/include/gecode/support/hw-rnd.hpp
-- Installing: /build/gecode/pkg/gecode/usr/include/gecode/support/dynamic-stack.hpp
-- Installing: /build/gecode/pkg/gecode/usr/include/gecode/support/thread.hpp
-- Installing: /build/gecode/pkg/gecode/usr/include/gecode/support/bitset-base.hpp
-- Installing: /build/gecode/pkg/gecode/usr/include/gecode/support/macros.hpp
-- Installing: /build/gecode/pkg/gecode/usr/include/gecode/support/sort.hpp
-- Installing: /build/gecode/pkg/gecode/usr/include/gecode/support/run-jobs.hpp
-- Installing: /build/gecode/pkg/gecode/usr/include/gecode/support/timer.hpp
-- Installing: /build/gecode/pkg/gecode/usr/include/gecode/support/block-allocator.hpp
-- Installing: /build/gecode/pkg/gecode/usr/include/gecode/support/thread
-- Installing: /build/gecode/pkg/gecode/usr/include/gecode/support/thread/thread.hpp
-- Installing: /build/gecode/pkg/gecode/usr/include/gecode/support/cast.hpp
-- Installing: /build/gecode/pkg/gecode/usr/include/gecode/support/marked-pointer.hpp
-- Installing: /build/gecode/pkg/gecode/usr/include/gecode/support/bitset.hpp
-- Installing: /build/gecode/pkg/gecode/usr/include/gecode/support/auto-link.hpp
-- Installing: /build/gecode/pkg/gecode/usr/include/gecode/support/random.hpp
-- Installing: /build/gecode/pkg/gecode/usr/include/gecode/support/hash.hpp
-- Installing: /build/gecode/pkg/gecode/usr/include/gecode/support/int-type.hpp
-- Installing: /build/gecode/pkg/gecode/usr/include/gecode/support/dynamic-queue.hpp
-- Installing: /build/gecode/pkg/gecode/usr/include/gecode/support/static-stack.hpp
-- Installing: /build/gecode/pkg/gecode/usr/include/gecode/support/heap.hpp
-- Installing: /build/gecode/pkg/gecode/usr/include/gecode/support/allocator.hpp
-- Installing: /build/gecode/pkg/gecode/usr/include/gecode/support/ref-count.hpp
-- Installing: /build/gecode/pkg/gecode/usr/include/gecode/support/failpoint.hpp
-- Installing: /build/gecode/pkg/gecode/usr/include/gecode/int
-- Installing: /build/gecode/pkg/gecode/usr/include/gecode/int/exception.hpp
-- Installing: /build/gecode/pkg/gecode/usr/include/gecode/int/gcc
-- Installing: /build/gecode/pkg/gecode/usr/include/gecode/int/gcc/dom-sup.hpp
-- Installing: /build/gecode/pkg/gecode/usr/include/gecode/int/gcc/bnd-sup.hpp
-- Installing: /build/gecode/pkg/gecode/usr/include/gecode/int/gcc/view.hpp
-- Installing: /build/gecode/pkg/gecode/usr/include/gecode/int/gcc/val.hpp
-- Installing: /build/gecode/pkg/gecode/usr/include/gecode/int/gcc/post.hpp
-- Installing: /build/gecode/pkg/gecode/usr/include/gecode/int/gcc/bnd.hpp
-- Installing: /build/gecode/pkg/gecode/usr/include/gecode/int/gcc/dom.hpp
-- Installing: /build/gecode/pkg/gecode/usr/include/gecode/int/element
-- Installing: /build/gecode/pkg/gecode/usr/include/gecode/int/element/pair.hpp
-- Installing: /build/gecode/pkg/gecode/usr/include/gecode/int/element/view.hpp
-- Installing: /build/gecode/pkg/gecode/usr/include/gecode/int/element/int.hpp
-- Installing: /build/gecode/pkg/gecode/usr/include/gecode/int/support-values.hpp
-- Installing: /build/gecode/pkg/gecode/usr/include/gecode/int/unary.hh
-- Installing: /build/gecode/pkg/gecode/usr/include/gecode/int/sequence.hh
-- Installing: /build/gecode/pkg/gecode/usr/include/gecode/int/trace
-- Installing: /build/gecode/pkg/gecode/usr/include/gecode/int/trace/traits.hpp
-- Installing: /build/gecode/pkg/gecode/usr/include/gecode/int/trace/bool-delta.hpp
-- Installing: /build/gecode/pkg/gecode/usr/include/gecode/int/trace/int-delta.hpp
-- Installing: /build/gecode/pkg/gecode/usr/include/gecode/int/trace/int-trace-view.hpp
-- Installing: /build/gecode/pkg/gecode/usr/include/gecode/int/trace/bool-trace-view.hpp
-- Installing: /build/gecode/pkg/gecode/usr/include/gecode/int/limits.hpp
-- Installing: /build/gecode/pkg/gecode/usr/include/gecode/int/linear
-- Installing: /build/gecode/pkg/gecode/usr/include/gecode/int/linear/bool-scale.hpp
-- Installing: /build/gecode/pkg/gecode/usr/include/gecode/int/linear/int-ter.hpp
-- Installing: /build/gecode/pkg/gecode/usr/include/gecode/int/linear/int-dom.hpp
-- Installing: /build/gecode/pkg/gecode/usr/include/gecode/int/linear/int-bin.hpp
-- Installing: /build/gecode/pkg/gecode/usr/include/gecode/int/linear/bool-view.hpp
-- Installing: /build/gecode/pkg/gecode/usr/include/gecode/int/linear/int-nary.hpp
-- Installing: /build/gecode/pkg/gecode/usr/include/gecode/int/linear/bool-int.hpp
-- Installing: /build/gecode/pkg/gecode/usr/include/gecode/int/linear/post.hpp
-- Installing: /build/gecode/pkg/gecode/usr/include/gecode/int/linear/int-noview.hpp
-- Installing: /build/gecode/pkg/gecode/usr/include/gecode/int/cumulatives.hh
-- Installing: /build/gecode/pkg/gecode/usr/include/gecode/int/channel.hh
-- Installing: /build/gecode/pkg/gecode/usr/include/gecode/int/arithmetic
-- Installing: /build/gecode/pkg/gecode/usr/include/gecode/int/arithmetic/mult.hpp
-- Installing: /build/gecode/pkg/gecode/usr/include/gecode/int/arithmetic/nroot.hpp
-- Installing: /build/gecode/pkg/gecode/usr/include/gecode/int/arithmetic/abs.hpp
-- Installing: /build/gecode/pkg/gecode/usr/include/gecode/int/arithmetic/pow-ops.hpp
-- Installing: /build/gecode/pkg/gecode/usr/include/gecode/int/arithmetic/pow.hpp
-- Installing: /build/gecode/pkg/gecode/usr/include/gecode/int/arithmetic/max.hpp
-- Installing: /build/gecode/pkg/gecode/usr/include/gecode/int/arithmetic/argmax.hpp
-- Installing: /build/gecode/pkg/gecode/usr/include/gecode/int/arithmetic/divmod.hpp
-- Installing: /build/gecode/pkg/gecode/usr/include/gecode/int/circuit.hh
-- Installing: /build/gecode/pkg/gecode/usr/include/gecode/int/cumulative
-- Installing: /build/gecode/pkg/gecode/usr/include/gecode/int/cumulative/man-prop.hpp
-- Installing: /build/gecode/pkg/gecode/usr/include/gecode/int/cumulative/limits.hpp
-- Installing: /build/gecode/pkg/gecode/usr/include/gecode/int/cumulative/tree.hpp
-- Installing: /build/gecode/pkg/gecode/usr/include/gecode/int/cumulative/opt-prop.hpp
-- Installing: /build/gecode/pkg/gecode/usr/include/gecode/int/cumulative/task-view.hpp
-- Installing: /build/gecode/pkg/gecode/usr/include/gecode/int/cumulative/post.hpp
-- Installing: /build/gecode/pkg/gecode/usr/include/gecode/int/cumulative/time-tabling.hpp
-- Installing: /build/gecode/pkg/gecode/usr/include/gecode/int/cumulative/edge-finding.hpp
-- Installing: /build/gecode/pkg/gecode/usr/include/gecode/int/cumulative/overload.hpp
-- Installing: /build/gecode/pkg/gecode/usr/include/gecode/int/cumulative/subsumption.hpp
-- Installing: /build/gecode/pkg/gecode/usr/include/gecode/int/cumulative/task.hpp
-- Installing: /build/gecode/pkg/gecode/usr/include/gecode/int/no-overlap
-- Installing: /build/gecode/pkg/gecode/usr/include/gecode/int/no-overlap/opt.hpp
-- Installing: /build/gecode/pkg/gecode/usr/include/gecode/int/no-overlap/man.hpp
-- Installing: /build/gecode/pkg/gecode/usr/include/gecode/int/no-overlap/dim.hpp
-- Installing: /build/gecode/pkg/gecode/usr/include/gecode/int/no-overlap/box.hpp
-- Installing: /build/gecode/pkg/gecode/usr/include/gecode/int/no-overlap/base.hpp
-- Installing: /build/gecode/pkg/gecode/usr/include/gecode/int/irt.hpp
-- Installing: /build/gecode/pkg/gecode/usr/include/gecode/int/extensional.hh
-- Installing: /build/gecode/pkg/gecode/usr/include/gecode/int/array.hpp
-- Installing: /build/gecode/pkg/gecode/usr/include/gecode/int/var-imp
-- Installing: /build/gecode/pkg/gecode/usr/include/gecode/int/var-imp/bool.hpp
-- Installing: /build/gecode/pkg/gecode/usr/include/gecode/int/var-imp/int.hpp
-- Installing: /build/gecode/pkg/gecode/usr/include/gecode/int/var-imp/delta.hpp
-- Installing: /build/gecode/pkg/gecode/usr/include/gecode/int/view-val-graph.hh
-- Installing: /build/gecode/pkg/gecode/usr/include/gecode/int/div.hpp
-- Installing: /build/gecode/pkg/gecode/usr/include/gecode/int/member
-- Installing: /build/gecode/pkg/gecode/usr/include/gecode/int/member/re-prop.hpp
-- Installing: /build/gecode/pkg/gecode/usr/include/gecode/int/member/prop.hpp
-- Installing: /build/gecode/pkg/gecode/usr/include/gecode/int/sequence
-- Installing: /build/gecode/pkg/gecode/usr/include/gecode/int/sequence/set-op.hpp
-- Installing: /build/gecode/pkg/gecode/usr/include/gecode/int/sequence/view.hpp
-- Installing: /build/gecode/pkg/gecode/usr/include/gecode/int/sequence/int.hpp
-- Installing: /build/gecode/pkg/gecode/usr/include/gecode/int/sequence/violations.hpp
-- Installing: /build/gecode/pkg/gecode/usr/include/gecode/int/dom
-- Installing: /build/gecode/pkg/gecode/usr/include/gecode/int/dom/set.hpp
-- Installing: /build/gecode/pkg/gecode/usr/include/gecode/int/dom/range.hpp
-- Installing: /build/gecode/pkg/gecode/usr/include/gecode/int/view.hpp
-- Installing: /build/gecode/pkg/gecode/usr/include/gecode/int/trace.hpp
-- Installing: /build/gecode/pkg/gecode/usr/include/gecode/int/bin-packing.hh
-- Installing: /build/gecode/pkg/gecode/usr/include/gecode/int/cumulative.hh
-- Installing: /build/gecode/pkg/gecode/usr/include/gecode/int/ipl.hpp
-- Installing: /build/gecode/pkg/gecode/usr/include/gecode/int/bool.hh
-- Installing: /build/gecode/pkg/gecode/usr/include/gecode/int/task.hh
-- Installing: /build/gecode/pkg/gecode/usr/include/gecode/int/val-set.hpp
-- Installing: /build/gecode/pkg/gecode/usr/include/gecode/int/ldsb.hh
-- Installing: /build/gecode/pkg/gecode/usr/include/gecode/int/circuit
-- Installing: /build/gecode/pkg/gecode/usr/include/gecode/int/circuit/val.hpp
-- Installing: /build/gecode/pkg/gecode/usr/include/gecode/int/circuit/base.hpp
-- Installing: /build/gecode/pkg/gecode/usr/include/gecode/int/circuit/dom.hpp
-- Installing: /build/gecode/pkg/gecode/usr/include/gecode/int/channel.hpp
-- Installing: /build/gecode/pkg/gecode/usr/include/gecode/int/sorted.hh
-- Installing: /build/gecode/pkg/gecode/usr/include/gecode/int/precede
-- Installing: /build/gecode/pkg/gecode/usr/include/gecode/int/precede/single.hpp
-- Installing: /build/gecode/pkg/gecode/usr/include/gecode/int/bool
-- Installing: /build/gecode/pkg/gecode/usr/include/gecode/int/bool/ite.hpp
-- Installing: /build/gecode/pkg/gecode/usr/include/gecode/int/bool/or.hpp
-- Installing: /build/gecode/pkg/gecode/usr/include/gecode/int/bool/lq.hpp
-- Installing: /build/gecode/pkg/gecode/usr/include/gecode/int/bool/eq.hpp
-- Installing: /build/gecode/pkg/gecode/usr/include/gecode/int/bool/base.hpp
-- Installing: /build/gecode/pkg/gecode/usr/include/gecode/int/bool/clause.hpp
-- Installing: /build/gecode/pkg/gecode/usr/include/gecode/int/bool/eqv.hpp
-- Installing: /build/gecode/pkg/gecode/usr/include/gecode/int/extensional
-- Installing: /build/gecode/pkg/gecode/usr/include/gecode/int/extensional/layered-graph.hpp
-- Installing: /build/gecode/pkg/gecode/usr/include/gecode/int/extensional/dfa.hpp
-- Installing: /build/gecode/pkg/gecode/usr/include/gecode/int/extensional/compact.hpp
-- Installing: /build/gecode/pkg/gecode/usr/include/gecode/int/extensional/tuple-set.hpp
-- Installing: /build/gecode/pkg/gecode/usr/include/gecode/int/extensional/bit-set.hpp
-- Installing: /build/gecode/pkg/gecode/usr/include/gecode/int/extensional/tiny-bit-set.hpp
-- Installing: /build/gecode/pkg/gecode/usr/include/gecode/int/rel
-- Installing: /build/gecode/pkg/gecode/usr/include/gecode/int/rel/eq.hpp
-- Installing: /build/gecode/pkg/gecode/usr/include/gecode/int/rel/lq-le.hpp
-- Installing: /build/gecode/pkg/gecode/usr/include/gecode/int/rel/lex.hpp
-- Installing: /build/gecode/pkg/gecode/usr/include/gecode/int/rel/nq.hpp
-- Installing: /build/gecode/pkg/gecode/usr/include/gecode/int/channel
-- Installing: /build/gecode/pkg/gecode/usr/include/gecode/int/channel/link-multi.hpp
-- Installing: /build/gecode/pkg/gecode/usr/include/gecode/int/channel/link-single.hpp
-- Installing: /build/gecode/pkg/gecode/usr/include/gecode/int/channel/val.hpp
-- Installing: /build/gecode/pkg/gecode/usr/include/gecode/int/channel/base.hpp
-- Installing: /build/gecode/pkg/gecode/usr/include/gecode/int/channel/dom.hpp
-- Installing: /build/gecode/pkg/gecode/usr/include/gecode/int/no-overlap.hh
-- Installing: /build/gecode/pkg/gecode/usr/include/gecode/int/linear.hh
-- Installing: /build/gecode/pkg/gecode/usr/include/gecode/int/extensional.hpp
-- Installing: /build/gecode/pkg/gecode/usr/include/gecode/int/div.hh
-- Installing: /build/gecode/pkg/gecode/usr/include/gecode/int/idx-view.hpp
-- Installing: /build/gecode/pkg/gecode/usr/include/gecode/int/count.hh
-- Installing: /build/gecode/pkg/gecode/usr/include/gecode/int/view-val-graph
-- Installing: /build/gecode/pkg/gecode/usr/include/gecode/int/view-val-graph/node.hpp
-- Installing: /build/gecode/pkg/gecode/usr/include/gecode/int/view-val-graph/graph.hpp
-- Installing: /build/gecode/pkg/gecode/usr/include/gecode/int/view-val-graph/bi-link.hpp
-- Installing: /build/gecode/pkg/gecode/usr/include/gecode/int/view-val-graph/comb-ptr-flag.hpp
-- Installing: /build/gecode/pkg/gecode/usr/include/gecode/int/view-val-graph/iter-prune-val.hpp
-- Installing: /build/gecode/pkg/gecode/usr/include/gecode/int/view-val-graph/edge.hpp
-- Installing: /build/gecode/pkg/gecode/usr/include/gecode/int/exec.hh
-- Installing: /build/gecode/pkg/gecode/usr/include/gecode/int/gcc.hh
-- Installing: /build/gecode/pkg/gecode/usr/include/gecode/int/member.hh
-- Installing: /build/gecode/pkg/gecode/usr/include/gecode/int/unary
-- Installing: /build/gecode/pkg/gecode/usr/include/gecode/int/unary/man-prop.hpp
-- Installing: /build/gecode/pkg/gecode/usr/include/gecode/int/unary/tree.hpp
-- Installing: /build/gecode/pkg/gecode/usr/include/gecode/int/unary/opt-prop.hpp
-- Installing: /build/gecode/pkg/gecode/usr/include/gecode/int/unary/task-view.hpp
-- Installing: /build/gecode/pkg/gecode/usr/include/gecode/int/unary/detectable.hpp
-- Installing: /build/gecode/pkg/gecode/usr/include/gecode/int/unary/post.hpp
-- Installing: /build/gecode/pkg/gecode/usr/include/gecode/int/unary/time-tabling.hpp
-- Installing: /build/gecode/pkg/gecode/usr/include/gecode/int/unary/edge-finding.hpp
-- Installing: /build/gecode/pkg/gecode/usr/include/gecode/int/unary/overload.hpp
-- Installing: /build/gecode/pkg/gecode/usr/include/gecode/int/unary/subsumption.hpp
-- Installing: /build/gecode/pkg/gecode/usr/include/gecode/int/unary/not-first-not-last.hpp
-- Installing: /build/gecode/pkg/gecode/usr/include/gecode/int/unary/task.hpp
-- Installing: /build/gecode/pkg/gecode/usr/include/gecode/int/int-set-1.hpp
-- Installing: /build/gecode/pkg/gecode/usr/include/gecode/int/distinct.hh
-- Installing: /build/gecode/pkg/gecode/usr/include/gecode/int/precede.hh
-- Installing: /build/gecode/pkg/gecode/usr/include/gecode/int/int-set-2.hpp
-- Installing: /build/gecode/pkg/gecode/usr/include/gecode/int/bin-packing
-- Installing: /build/gecode/pkg/gecode/usr/include/gecode/int/bin-packing/conflict-graph.hpp
-- Installing: /build/gecode/pkg/gecode/usr/include/gecode/int/bin-packing/propagate.hpp
-- Installing: /build/gecode/pkg/gecode/usr/include/gecode/int/dom.hh
-- Installing: /build/gecode/pkg/gecode/usr/include/gecode/int/order.hh
-- Installing: /build/gecode/pkg/gecode/usr/include/gecode/int/nvalues
-- Installing: /build/gecode/pkg/gecode/usr/include/gecode/int/nvalues/bool-gq.hpp
-- Installing: /build/gecode/pkg/gecode/usr/include/gecode/int/nvalues/int-lq.hpp
-- Installing: /build/gecode/pkg/gecode/usr/include/gecode/int/nvalues/bool-lq.hpp
-- Installing: /build/gecode/pkg/gecode/usr/include/gecode/int/nvalues/sym-bit-matrix.hpp
-- Installing: /build/gecode/pkg/gecode/usr/include/gecode/int/nvalues/int-eq.hpp
-- Installing: /build/gecode/pkg/gecode/usr/include/gecode/int/nvalues/graph.hpp
-- Installing: /build/gecode/pkg/gecode/usr/include/gecode/int/nvalues/bool-base.hpp
-- Installing: /build/gecode/pkg/gecode/usr/include/gecode/int/nvalues/range-event.hpp
-- Installing: /build/gecode/pkg/gecode/usr/include/gecode/int/nvalues/int-base.hpp
-- Installing: /build/gecode/pkg/gecode/usr/include/gecode/int/nvalues/bool-eq.hpp
-- Installing: /build/gecode/pkg/gecode/usr/include/gecode/int/nvalues/int-gq.hpp
-- Installing: /build/gecode/pkg/gecode/usr/include/gecode/int/sorted
-- Installing: /build/gecode/pkg/gecode/usr/include/gecode/int/sorted/narrowing.hpp
-- Installing: /build/gecode/pkg/gecode/usr/include/gecode/int/sorted/propagate.hpp
-- Installing: /build/gecode/pkg/gecode/usr/include/gecode/int/sorted/matching.hpp
-- Installing: /build/gecode/pkg/gecode/usr/include/gecode/int/sorted/sortsup.hpp
-- Installing: /build/gecode/pkg/gecode/usr/include/gecode/int/sorted/order.hpp
-- Installing: /build/gecode/pkg/gecode/usr/include/gecode/int/branch.hpp
-- Installing: /build/gecode/pkg/gecode/usr/include/gecode/int/array-traits.hpp
-- Installing: /build/gecode/pkg/gecode/usr/include/gecode/int/rel.hh
-- Installing: /build/gecode/pkg/gecode/usr/include/gecode/int/cumulatives
-- Installing: /build/gecode/pkg/gecode/usr/include/gecode/int/cumulatives/val.hpp
-- Installing: /build/gecode/pkg/gecode/usr/include/gecode/int/nvalues.hh
-- Installing: /build/gecode/pkg/gecode/usr/include/gecode/int/ldsb
-- Installing: /build/gecode/pkg/gecode/usr/include/gecode/int/ldsb/brancher.hpp
-- Installing: /build/gecode/pkg/gecode/usr/include/gecode/int/ldsb/sym-imp.hpp
-- Installing: /build/gecode/pkg/gecode/usr/include/gecode/int/task
-- Installing: /build/gecode/pkg/gecode/usr/include/gecode/int/task/tree.hpp
-- Installing: /build/gecode/pkg/gecode/usr/include/gecode/int/task/array.hpp
-- Installing: /build/gecode/pkg/gecode/usr/include/gecode/int/task/man-to-opt.hpp
-- Installing: /build/gecode/pkg/gecode/usr/include/gecode/int/task/sort.hpp
-- Installing: /build/gecode/pkg/gecode/usr/include/gecode/int/task/fwd-to-bwd.hpp
-- Installing: /build/gecode/pkg/gecode/usr/include/gecode/int/task/event.hpp
-- Installing: /build/gecode/pkg/gecode/usr/include/gecode/int/task/iter.hpp
-- Installing: /build/gecode/pkg/gecode/usr/include/gecode/int/task/prop.hpp
-- Installing: /build/gecode/pkg/gecode/usr/include/gecode/int/task/purge.hpp
-- Installing: /build/gecode/pkg/gecode/usr/include/gecode/int/exec
-- Installing: /build/gecode/pkg/gecode/usr/include/gecode/int/exec/when.hpp
-- Installing: /build/gecode/pkg/gecode/usr/include/gecode/int/count
-- Installing: /build/gecode/pkg/gecode/usr/include/gecode/int/count/int-lq.hpp
-- Installing: /build/gecode/pkg/gecode/usr/include/gecode/int/count/view-base.hpp
-- Installing: /build/gecode/pkg/gecode/usr/include/gecode/int/count/rel.hpp
-- Installing: /build/gecode/pkg/gecode/usr/include/gecode/int/count/view-eq.hpp
-- Installing: /build/gecode/pkg/gecode/usr/include/gecode/int/count/int-eq.hpp
-- Installing: /build/gecode/pkg/gecode/usr/include/gecode/int/count/view-lq.hpp
-- Installing: /build/gecode/pkg/gecode/usr/include/gecode/int/count/int-base.hpp
-- Installing: /build/gecode/pkg/gecode/usr/include/gecode/int/count/view-gq.hpp
-- Installing: /build/gecode/pkg/gecode/usr/include/gecode/int/count/int-gq.hpp
-- Installing: /build/gecode/pkg/gecode/usr/include/gecode/int/var-imp.hpp
-- Installing: /build/gecode/pkg/gecode/usr/include/gecode/int/order
-- Installing: /build/gecode/pkg/gecode/usr/include/gecode/int/order/propagate.hpp
-- Installing: /build/gecode/pkg/gecode/usr/include/gecode/int/branch
-- Installing: /build/gecode/pkg/gecode/usr/include/gecode/int/branch/var.hpp
-- Installing: /build/gecode/pkg/gecode/usr/include/gecode/int/branch/val-commit.hpp
-- Installing: /build/gecode/pkg/gecode/usr/include/gecode/int/branch/action.hpp
-- Installing: /build/gecode/pkg/gecode/usr/include/gecode/int/branch/cbs.hpp
-- Installing: /build/gecode/pkg/gecode/usr/include/gecode/int/branch/chb.hpp
-- Installing: /build/gecode/pkg/gecode/usr/include/gecode/int/branch/val.hpp
-- Installing: /build/gecode/pkg/gecode/usr/include/gecode/int/branch/assign.hpp
-- Installing: /build/gecode/pkg/gecode/usr/include/gecode/int/branch/val-sel.hpp
-- Installing: /build/gecode/pkg/gecode/usr/include/gecode/int/branch/ngl.hpp
-- Installing: /build/gecode/pkg/gecode/usr/include/gecode/int/branch/traits.hpp
-- Installing: /build/gecode/pkg/gecode/usr/include/gecode/int/branch/merit.hpp
-- Installing: /build/gecode/pkg/gecode/usr/include/gecode/int/branch/afc.hpp
-- Installing: /build/gecode/pkg/gecode/usr/include/gecode/int/branch/view-values.hpp
-- Installing: /build/gecode/pkg/gecode/usr/include/gecode/int/var
-- Installing: /build/gecode/pkg/gecode/usr/include/gecode/int/var/bool.hpp
-- Installing: /build/gecode/pkg/gecode/usr/include/gecode/int/var/print.hpp
-- Installing: /build/gecode/pkg/gecode/usr/include/gecode/int/var/int.hpp
-- Installing: /build/gecode/pkg/gecode/usr/include/gecode/int/arithmetic.hh
-- Installing: /build/gecode/pkg/gecode/usr/include/gecode/int/view
-- Installing: /build/gecode/pkg/gecode/usr/include/gecode/int/view/bool.hpp
-- Installing: /build/gecode/pkg/gecode/usr/include/gecode/int/view/bool-test.hpp
-- Installing: /build/gecode/pkg/gecode/usr/include/gecode/int/view/offset.hpp
-- Installing: /build/gecode/pkg/gecode/usr/include/gecode/int/view/neg-bool.hpp
-- Installing: /build/gecode/pkg/gecode/usr/include/gecode/int/view/print.hpp
-- Installing: /build/gecode/pkg/gecode/usr/include/gecode/int/view/int.hpp
-- Installing: /build/gecode/pkg/gecode/usr/include/gecode/int/view/scale.hpp
-- Installing: /build/gecode/pkg/gecode/usr/include/gecode/int/view/iter.hpp
-- Installing: /build/gecode/pkg/gecode/usr/include/gecode/int/view/cached.hpp
-- Installing: /build/gecode/pkg/gecode/usr/include/gecode/int/view/zero.hpp
-- Installing: /build/gecode/pkg/gecode/usr/include/gecode/int/view/constint.hpp
-- Installing: /build/gecode/pkg/gecode/usr/include/gecode/int/view/minus.hpp
-- Installing: /build/gecode/pkg/gecode/usr/include/gecode/int/view/rel-test.hpp
-- Installing: /build/gecode/pkg/gecode/usr/include/gecode/int/distinct
-- Installing: /build/gecode/pkg/gecode/usr/include/gecode/int/distinct/ter-dom.hpp
-- Installing: /build/gecode/pkg/gecode/usr/include/gecode/int/distinct/cbs.hpp
-- Installing: /build/gecode/pkg/gecode/usr/include/gecode/int/distinct/graph.hpp
-- Installing: /build/gecode/pkg/gecode/usr/include/gecode/int/distinct/val.hpp
-- Installing: /build/gecode/pkg/gecode/usr/include/gecode/int/distinct/dom-ctrl.hpp
-- Installing: /build/gecode/pkg/gecode/usr/include/gecode/int/distinct/eqite.hpp
-- Installing: /build/gecode/pkg/gecode/usr/include/gecode/int/distinct/bnd.hpp
-- Installing: /build/gecode/pkg/gecode/usr/include/gecode/int/distinct/dom.hpp
-- Installing: /build/gecode/pkg/gecode/usr/include/gecode/int/propagator.hpp
-- Installing: /build/gecode/pkg/gecode/usr/include/gecode/int/branch.hh
-- Installing: /build/gecode/pkg/gecode/usr/include/gecode/int/idx-view.hh
-- Installing: /build/gecode/pkg/gecode/usr/include/gecode/int/reify.hpp
-- Installing: /build/gecode/pkg/gecode/usr/include/gecode/int/support-values.hh
-- Installing: /build/gecode/pkg/gecode/usr/include/gecode/int/element.hh
-- Installing: /build/gecode/pkg/gecode/usr/include/gecode/int/val-set.hh
-- Installing: /build/gecode/pkg/gecode/usr/include/gecode/flatzinc
-- Installing: /build/gecode/pkg/gecode/usr/include/gecode/flatzinc/option.hh
-- Installing: /build/gecode/pkg/gecode/usr/include/gecode/flatzinc/parser.tab.hpp
-- Installing: /build/gecode/pkg/gecode/usr/include/gecode/flatzinc/conexpr.hh
-- Installing: /build/gecode/pkg/gecode/usr/include/gecode/flatzinc/varspec.hh
-- Installing: /build/gecode/pkg/gecode/usr/include/gecode/flatzinc/symboltable.hh
-- Installing: /build/gecode/pkg/gecode/usr/include/gecode/flatzinc/registry.hh
-- Installing: /build/gecode/pkg/gecode/usr/include/gecode/flatzinc/restart-random.hpp
-- Installing: /build/gecode/pkg/gecode/usr/include/gecode/flatzinc/parser.hh
-- Installing: /build/gecode/pkg/gecode/usr/include/gecode/flatzinc/lastval.hh
-- Installing: /build/gecode/pkg/gecode/usr/include/gecode/flatzinc/plugin.hh
-- Installing: /build/gecode/pkg/gecode/usr/include/gecode/flatzinc/branch.hpp
-- Installing: /build/gecode/pkg/gecode/usr/include/gecode/flatzinc/ast.hh
-- Installing: /build/gecode/pkg/gecode/usr/include/gecode/flatzinc/complete.hh
-- Installing: /build/gecode/pkg/gecode/usr/include/gecode/flatzinc/branch.hh
-- Installing: /build/gecode/pkg/gecode/usr/include/gecode/third-party
-- Installing: /build/gecode/pkg/gecode/usr/include/gecode/third-party/boost
-- Installing: /build/gecode/pkg/gecode/usr/include/gecode/third-party/boost/non_type.hpp
-- Installing: /build/gecode/pkg/gecode/usr/include/gecode/third-party/boost/limits.hpp
-- Installing: /build/gecode/pkg/gecode/usr/include/gecode/third-party/boost/detail
-- Installing: /build/gecode/pkg/gecode/usr/include/gecode/third-party/boost/detail/limits.hpp
-- Installing: /build/gecode/pkg/gecode/usr/include/gecode/third-party/boost/detail/endian.hpp
-- Installing: /build/gecode/pkg/gecode/usr/include/gecode/third-party/boost/numeric
-- Installing: /build/gecode/pkg/gecode/usr/include/gecode/third-party/boost/numeric/interval.hpp
-- Installing: /build/gecode/pkg/gecode/usr/include/gecode/third-party/boost/numeric/interval
-- Installing: /build/gecode/pkg/gecode/usr/include/gecode/third-party/boost/numeric/interval/constants.hpp
-- Installing: /build/gecode/pkg/gecode/usr/include/gecode/third-party/boost/numeric/interval/detail
-- Installing: /build/gecode/pkg/gecode/usr/include/gecode/third-party/boost/numeric/interval/detail/ia64_rounding_control.hpp
-- Installing: /build/gecode/pkg/gecode/usr/include/gecode/third-party/boost/numeric/interval/detail/msvc_rounding_control.hpp
-- Installing: /build/gecode/pkg/gecode/usr/include/gecode/third-party/boost/numeric/interval/detail/c99sub_rounding_control.hpp
-- Installing: /build/gecode/pkg/gecode/usr/include/gecode/third-party/boost/numeric/interval/detail/division.hpp
-- Installing: /build/gecode/pkg/gecode/usr/include/gecode/third-party/boost/numeric/interval/detail/ppc_rounding_control.hpp
-- Installing: /build/gecode/pkg/gecode/usr/include/gecode/third-party/boost/numeric/interval/detail/alpha_rounding_control.hpp
-- Installing: /build/gecode/pkg/gecode/usr/include/gecode/third-party/boost/numeric/interval/detail/bcc_rounding_control.hpp
-- Installing: /build/gecode/pkg/gecode/usr/include/gecode/third-party/boost/numeric/interval/detail/x86_rounding_control.hpp
-- Installing: /build/gecode/pkg/gecode/usr/include/gecode/third-party/boost/numeric/interval/detail/test_input.hpp
-- Installing: /build/gecode/pkg/gecode/usr/include/gecode/third-party/boost/numeric/interval/detail/interval_prototype.hpp
-- Installing: /build/gecode/pkg/gecode/usr/include/gecode/third-party/boost/numeric/interval/detail/sparc_rounding_control.hpp
-- Installing: /build/gecode/pkg/gecode/usr/include/gecode/third-party/boost/numeric/interval/detail/c99_rounding_control.hpp
-- Installing: /build/gecode/pkg/gecode/usr/include/gecode/third-party/boost/numeric/interval/detail/bugs.hpp
-- Installing: /build/gecode/pkg/gecode/usr/include/gecode/third-party/boost/numeric/interval/detail/x86gcc_rounding_control.hpp
-- Installing: /build/gecode/pkg/gecode/usr/include/gecode/third-party/boost/numeric/interval/interval.hpp
-- Installing: /build/gecode/pkg/gecode/usr/include/gecode/third-party/boost/numeric/interval/policies.hpp
-- Installing: /build/gecode/pkg/gecode/usr/include/gecode/third-party/boost/numeric/interval/compare.hpp
-- Installing: /build/gecode/pkg/gecode/usr/include/gecode/third-party/boost/numeric/interval/arith2.hpp
-- Installing: /build/gecode/pkg/gecode/usr/include/gecode/third-party/boost/numeric/interval/rounding.hpp
-- Installing: /build/gecode/pkg/gecode/usr/include/gecode/third-party/boost/numeric/interval/rounded_arith.hpp
-- Installing: /build/gecode/pkg/gecode/usr/include/gecode/third-party/boost/numeric/interval/hw_rounding.hpp
-- Installing: /build/gecode/pkg/gecode/usr/include/gecode/third-party/boost/numeric/interval/checking.hpp
-- Installing: /build/gecode/pkg/gecode/usr/include/gecode/third-party/boost/numeric/interval/compare
-- Installing: /build/gecode/pkg/gecode/usr/include/gecode/third-party/boost/numeric/interval/compare/set.hpp
-- Installing: /build/gecode/pkg/gecode/usr/include/gecode/third-party/boost/numeric/interval/compare/possible.hpp
-- Installing: /build/gecode/pkg/gecode/usr/include/gecode/third-party/boost/numeric/interval/compare/lexicographic.hpp
-- Installing: /build/gecode/pkg/gecode/usr/include/gecode/third-party/boost/numeric/interval/compare/explicit.hpp
-- Installing: /build/gecode/pkg/gecode/usr/include/gecode/third-party/boost/numeric/interval/compare/certain.hpp
-- Installing: /build/gecode/pkg/gecode/usr/include/gecode/third-party/boost/numeric/interval/arith3.hpp
-- Installing: /build/gecode/pkg/gecode/usr/include/gecode/third-party/boost/numeric/interval/transc.hpp
-- Installing: /build/gecode/pkg/gecode/usr/include/gecode/third-party/boost/numeric/interval/arith.hpp
-- Installing: /build/gecode/pkg/gecode/usr/include/gecode/third-party/boost/numeric/interval/rounded_transc.hpp
-- Installing: /build/gecode/pkg/gecode/usr/include/gecode/third-party/boost/numeric/interval/utility.hpp
-- Installing: /build/gecode/pkg/gecode/usr/include/gecode/third-party/boost/type.hpp
-- Installing: /build/gecode/pkg/gecode/usr/include/gecode/third-party/boost/config
-- Installing: /build/gecode/pkg/gecode/usr/include/gecode/third-party/boost/config/posix_features.hpp
-- Installing: /build/gecode/pkg/gecode/usr/include/gecode/third-party/boost/config/select_platform_config.hpp
-- Installing: /build/gecode/pkg/gecode/usr/include/gecode/third-party/boost/config/select_compiler_config.hpp
-- Installing: /build/gecode/pkg/gecode/usr/include/gecode/third-party/boost/config/select_stdlib_config.hpp
-- Installing: /build/gecode/pkg/gecode/usr/include/gecode/third-party/boost/config/compiler
-- Installing: /build/gecode/pkg/gecode/usr/include/gecode/third-party/boost/config/compiler/intel.hpp
-- Installing: /build/gecode/pkg/gecode/usr/include/gecode/third-party/boost/config/compiler/gcc.hpp
-- Installing: /build/gecode/pkg/gecode/usr/include/gecode/third-party/boost/config/compiler/greenhills.hpp
-- Installing: /build/gecode/pkg/gecode/usr/include/gecode/third-party/boost/config/compiler/kai.hpp
-- Installing: /build/gecode/pkg/gecode/usr/include/gecode/third-party/boost/config/compiler/nvcc.hpp
-- Installing: /build/gecode/pkg/gecode/usr/include/gecode/third-party/boost/config/compiler/mpw.hpp
-- Installing: /build/gecode/pkg/gecode/usr/include/gecode/third-party/boost/config/compiler/common_edg.hpp
-- Installing: /build/gecode/pkg/gecode/usr/include/gecode/third-party/boost/config/compiler/pathscale.hpp
-- Installing: /build/gecode/pkg/gecode/usr/include/gecode/third-party/boost/config/compiler/sunpro_cc.hpp
-- Installing: /build/gecode/pkg/gecode/usr/include/gecode/third-party/boost/config/compiler/compaq_cxx.hpp
-- Installing: /build/gecode/pkg/gecode/usr/include/gecode/third-party/boost/config/compiler/pgi.hpp
-- Installing: /build/gecode/pkg/gecode/usr/include/gecode/third-party/boost/config/compiler/hp_acc.hpp
-- Installing: /build/gecode/pkg/gecode/usr/include/gecode/third-party/boost/config/compiler/gcc_xml.hpp
-- Installing: /build/gecode/pkg/gecode/usr/include/gecode/third-party/boost/config/compiler/vacpp.hpp
-- Installing: /build/gecode/pkg/gecode/usr/include/gecode/third-party/boost/config/compiler/visualc.hpp
-- Installing: /build/gecode/pkg/gecode/usr/include/gecode/third-party/boost/config/compiler/digitalmars.hpp
-- Installing: /build/gecode/pkg/gecode/usr/include/gecode/third-party/boost/config/compiler/clang.hpp
-- Installing: /build/gecode/pkg/gecode/usr/include/gecode/third-party/boost/config/compiler/sgi_mipspro.hpp
-- Installing: /build/gecode/pkg/gecode/usr/include/gecode/third-party/boost/config/compiler/metrowerks.hpp
-- Installing: /build/gecode/pkg/gecode/usr/include/gecode/third-party/boost/config/compiler/codegear.hpp
-- Installing: /build/gecode/pkg/gecode/usr/include/gecode/third-party/boost/config/compiler/comeau.hpp
-- Installing: /build/gecode/pkg/gecode/usr/include/gecode/third-party/boost/config/compiler/borland.hpp
-- Installing: /build/gecode/pkg/gecode/usr/include/gecode/third-party/boost/config/suffix.hpp
-- Installing: /build/gecode/pkg/gecode/usr/include/gecode/third-party/boost/config/user.hpp
-- Installing: /build/gecode/pkg/gecode/usr/include/gecode/third-party/boost/config/platform
-- Installing: /build/gecode/pkg/gecode/usr/include/gecode/third-party/boost/config/platform/bsd.hpp
-- Installing: /build/gecode/pkg/gecode/usr/include/gecode/third-party/boost/config/platform/hpux.hpp
-- Installing: /build/gecode/pkg/gecode/usr/include/gecode/third-party/boost/config/platform/solaris.hpp
-- Installing: /build/gecode/pkg/gecode/usr/include/gecode/third-party/boost/config/platform/linux.hpp
-- Installing: /build/gecode/pkg/gecode/usr/include/gecode/third-party/boost/config/platform/cygwin.hpp
-- Installing: /build/gecode/pkg/gecode/usr/include/gecode/third-party/boost/config/platform/qnxnto.hpp
-- Installing: /build/gecode/pkg/gecode/usr/include/gecode/third-party/boost/config/platform/amigaos.hpp
-- Installing: /build/gecode/pkg/gecode/usr/include/gecode/third-party/boost/config/platform/vms.hpp
-- Installing: /build/gecode/pkg/gecode/usr/include/gecode/third-party/boost/config/platform/macos.hpp
-- Installing: /build/gecode/pkg/gecode/usr/include/gecode/third-party/boost/config/platform/vxworks.hpp
-- Installing: /build/gecode/pkg/gecode/usr/include/gecode/third-party/boost/config/platform/irix.hpp
-- Installing: /build/gecode/pkg/gecode/usr/include/gecode/third-party/boost/config/platform/win32.hpp
-- Installing: /build/gecode/pkg/gecode/usr/include/gecode/third-party/boost/config/platform/beos.hpp
-- Installing: /build/gecode/pkg/gecode/usr/include/gecode/third-party/boost/config/platform/symbian.hpp
-- Installing: /build/gecode/pkg/gecode/usr/include/gecode/third-party/boost/config/platform/aix.hpp
-- Installing: /build/gecode/pkg/gecode/usr/include/gecode/third-party/boost/config/no_tr1
-- Installing: /build/gecode/pkg/gecode/usr/include/gecode/third-party/boost/config/no_tr1/cmath.hpp
-- Installing: /build/gecode/pkg/gecode/usr/include/gecode/third-party/boost/config/no_tr1/utility.hpp
-- Installing: /build/gecode/pkg/gecode/usr/include/gecode/third-party/boost/config/stdlib
-- Installing: /build/gecode/pkg/gecode/usr/include/gecode/third-party/boost/config/stdlib/roguewave.hpp
-- Installing: /build/gecode/pkg/gecode/usr/include/gecode/third-party/boost/config/stdlib/stlport.hpp
-- Installing: /build/gecode/pkg/gecode/usr/include/gecode/third-party/boost/config/stdlib/sgi.hpp
-- Installing: /build/gecode/pkg/gecode/usr/include/gecode/third-party/boost/config/stdlib/libstdcpp3.hpp
-- Installing: /build/gecode/pkg/gecode/usr/include/gecode/third-party/boost/config/stdlib/msl.hpp
-- Installing: /build/gecode/pkg/gecode/usr/include/gecode/third-party/boost/config/stdlib/vacpp.hpp
-- Installing: /build/gecode/pkg/gecode/usr/include/gecode/third-party/boost/config/stdlib/libcpp.hpp
-- Installing: /build/gecode/pkg/gecode/usr/include/gecode/third-party/boost/config/stdlib/dinkumware.hpp
-- Installing: /build/gecode/pkg/gecode/usr/include/gecode/third-party/boost/config/stdlib/modena.hpp
-- Installing: /build/gecode/pkg/gecode/usr/include/gecode/third-party/boost/config/stdlib/libcomo.hpp
-- Installing: /build/gecode/pkg/gecode/usr/include/gecode/third-party/boost/config.hpp
-- Installing: /build/gecode/pkg/gecode/usr/include/gecode/third-party/boost/LICENSE_1_0.txt
-- Installing: /build/gecode/pkg/gecode/usr/include/gecode/int.hh
-- Installing: /build/gecode/pkg/gecode/usr/include/gecode/kernel.hh
-- Installing: /build/gecode/pkg/gecode/usr/include/gecode/iter.hh
-- Installing: /build/gecode/pkg/gecode/usr/include/gecode/search.hh
-- Installing: /build/gecode/pkg/gecode/usr/include/gecode/support.hh
-- Installing: /build/gecode/pkg/gecode/usr/include/gecode/iter
-- Installing: /build/gecode/pkg/gecode/usr/include/gecode/iter/ranges-empty.hpp
-- Installing: /build/gecode/pkg/gecode/usr/include/gecode/iter/values-negative.hpp
-- Installing: /build/gecode/pkg/gecode/usr/include/gecode/iter/ranges-union.hpp
-- Installing: /build/gecode/pkg/gecode/usr/include/gecode/iter/ranges-map.hpp
-- Installing: /build/gecode/pkg/gecode/usr/include/gecode/iter/ranges-inter.hpp
-- Installing: /build/gecode/pkg/gecode/usr/include/gecode/iter/ranges-values.hpp
-- Installing: /build/gecode/pkg/gecode/usr/include/gecode/iter/values-offset.hpp
-- Installing: /build/gecode/pkg/gecode/usr/include/gecode/iter/ranges-positive.hpp
-- Installing: /build/gecode/pkg/gecode/usr/include/gecode/iter/ranges-minus.hpp
-- Installing: /build/gecode/pkg/gecode/usr/include/gecode/iter/ranges-scale.hpp
-- Installing: /build/gecode/pkg/gecode/usr/include/gecode/iter/ranges-add.hpp
-- Installing: /build/gecode/pkg/gecode/usr/include/gecode/iter/ranges-negative.hpp
-- Installing: /build/gecode/pkg/gecode/usr/include/gecode/iter/values-minus.hpp
-- Installing: /build/gecode/pkg/gecode/usr/include/gecode/iter/values-list.hpp
-- Installing: /build/gecode/pkg/gecode/usr/include/gecode/iter/values-map.hpp
-- Installing: /build/gecode/pkg/gecode/usr/include/gecode/iter/values-bitset.hpp
-- Installing: /build/gecode/pkg/gecode/usr/include/gecode/iter/ranges-operations.hpp
-- Installing: /build/gecode/pkg/gecode/usr/include/gecode/iter/ranges-minmax.hpp
-- Installing: /build/gecode/pkg/gecode/usr/include/gecode/iter/values-unique.hpp
-- Installing: /build/gecode/pkg/gecode/usr/include/gecode/iter/ranges-compl.hpp
-- Installing: /build/gecode/pkg/gecode/usr/include/gecode/iter/values-union.hpp
-- Installing: /build/gecode/pkg/gecode/usr/include/gecode/iter/ranges-diff.hpp
-- Installing: /build/gecode/pkg/gecode/usr/include/gecode/iter/values-array.hpp
-- Installing: /build/gecode/pkg/gecode/usr/include/gecode/iter/ranges-singleton-append.hpp
-- Installing: /build/gecode/pkg/gecode/usr/include/gecode/iter/ranges-list.hpp
-- Installing: /build/gecode/pkg/gecode/usr/include/gecode/iter/values-inter.hpp
-- Installing: /build/gecode/pkg/gecode/usr/include/gecode/iter/values-bitsetoffset.hpp
-- Installing: /build/gecode/pkg/gecode/usr/include/gecode/iter/ranges-array.hpp
-- Installing: /build/gecode/pkg/gecode/usr/include/gecode/iter/ranges-offset.hpp
-- Installing: /build/gecode/pkg/gecode/usr/include/gecode/iter/ranges-append.hpp
-- Installing: /build/gecode/pkg/gecode/usr/include/gecode/iter/ranges-rangelist.hpp
-- Installing: /build/gecode/pkg/gecode/usr/include/gecode/iter/ranges-cache.hpp
-- Installing: /build/gecode/pkg/gecode/usr/include/gecode/iter/values-ranges.hpp
-- Installing: /build/gecode/pkg/gecode/usr/include/gecode/iter/values-singleton.hpp
-- Installing: /build/gecode/pkg/gecode/usr/include/gecode/iter/values-positive.hpp
-- Installing: /build/gecode/pkg/gecode/usr/include/gecode/iter/ranges-size.hpp
-- Installing: /build/gecode/pkg/gecode/usr/include/gecode/iter/ranges-singleton.hpp
-- Installing: /build/gecode/pkg/gecode/usr/include/gecode/support/config.hpp
-- Installing: /build/gecode/pkg/gecode/usr/share/minizinc/gecode
-- Installing: /build/gecode/pkg/gecode/usr/share/minizinc/gecode/fzn_global_cardinality.mzn
-- Installing: /build/gecode/pkg/gecode/usr/share/minizinc/gecode/fzn_table_bool.mzn
-- Installing: /build/gecode/pkg/gecode/usr/share/minizinc/gecode/fzn_cumulative_opt.mzn
-- Installing: /build/gecode/pkg/gecode/usr/share/minizinc/gecode/fzn_arg_max_bool.mzn
-- Installing: /build/gecode/pkg/gecode/usr/share/minizinc/gecode/fzn_all_equal_int.mzn
-- Installing: /build/gecode/pkg/gecode/usr/share/minizinc/gecode/fzn_circuit.mzn
-- Installing: /build/gecode/pkg/gecode/usr/share/minizinc/gecode/fzn_regular.mzn
-- Installing: /build/gecode/pkg/gecode/usr/share/minizinc/gecode/fzn_nvalue.mzn
-- Installing: /build/gecode/pkg/gecode/usr/share/minizinc/gecode/fzn_sliding_among_bool.mzn
-- Installing: /build/gecode/pkg/gecode/usr/share/minizinc/gecode/fzn_at_most_set.mzn
-- Installing: /build/gecode/pkg/gecode/usr/share/minizinc/gecode/fzn_lex_less_bool.mzn
-- Installing: /build/gecode/pkg/gecode/usr/share/minizinc/gecode/fzn_member_int_reif.mzn
-- Installing: /build/gecode/pkg/gecode/usr/share/minizinc/gecode/fzn_among.mzn
-- Installing: /build/gecode/pkg/gecode/usr/share/minizinc/gecode/fzn_lex_lesseq_int.mzn
-- Installing: /build/gecode/pkg/gecode/usr/share/minizinc/gecode/fzn_bin_packing_load.mzn
-- Installing: /build/gecode/pkg/gecode/usr/share/minizinc/gecode/fzn_arg_min_bool.mzn
-- Installing: /build/gecode/pkg/gecode/usr/share/minizinc/gecode/fzn_arg_max_int.mzn
-- Installing: /build/gecode/pkg/gecode/usr/share/minizinc/gecode/redefinitions-2.2.1.mzn
-- Installing: /build/gecode/pkg/gecode/usr/share/minizinc/gecode/fzn_value_precede_int.mzn
-- Installing: /build/gecode/pkg/gecode/usr/share/minizinc/gecode/fzn_decreasing_int.mzn
-- Installing: /build/gecode/pkg/gecode/usr/share/minizinc/gecode/fzn_member_bool_reif.mzn
-- Installing: /build/gecode/pkg/gecode/usr/share/minizinc/gecode/gecode.mzn
-- Installing: /build/gecode/pkg/gecode/usr/share/minizinc/gecode/fzn_at_most_int.mzn
-- Installing: /build/gecode/pkg/gecode/usr/share/minizinc/gecode/fzn_disjunctive_strict.mzn
-- Installing: /build/gecode/pkg/gecode/usr/share/minizinc/gecode/fzn_sum_set.mzn
-- Installing: /build/gecode/pkg/gecode/usr/share/minizinc/gecode/fzn_partition_set.mzn
-- Installing: /build/gecode/pkg/gecode/usr/share/minizinc/gecode/redefinitions-2.0.2.mzn
-- Installing: /build/gecode/pkg/gecode/usr/share/minizinc/gecode/fzn_arg_min_int.mzn
-- Installing: /build/gecode/pkg/gecode/usr/share/minizinc/gecode/fzn_count_eq.mzn
-- Installing: /build/gecode/pkg/gecode/usr/share/minizinc/gecode/fzn_sliding_among_int.mzn
-- Installing: /build/gecode/pkg/gecode/usr/share/minizinc/gecode/fzn_cumulatives.mzn
-- Installing: /build/gecode/pkg/gecode/usr/share/minizinc/gecode/fzn_decreasing_bool.mzn
-- Installing: /build/gecode/pkg/gecode/usr/share/minizinc/gecode/fzn_sort.mzn
-- Installing: /build/gecode/pkg/gecode/usr/share/minizinc/gecode/fzn_diffn.mzn
-- Installing: /build/gecode/pkg/gecode/usr/share/minizinc/gecode/fzn_inverse_set.mzn
-- Installing: /build/gecode/pkg/gecode/usr/share/minizinc/gecode/fzn_cumulative.mzn
-- Installing: /build/gecode/pkg/gecode/usr/share/minizinc/gecode/fzn_alldifferent_except_0.mzn
-- Installing: /build/gecode/pkg/gecode/usr/share/minizinc/gecode/fzn_link_set_to_booleans.mzn
-- Installing: /build/gecode/pkg/gecode/usr/share/minizinc/gecode/fzn_table_int_reif.mzn
-- Installing: /build/gecode/pkg/gecode/usr/share/minizinc/gecode/redefinitions-2.0.mzn
-- Installing: /build/gecode/pkg/gecode/usr/share/minizinc/gecode/fzn_value_precede_set.mzn
-- Installing: /build/gecode/pkg/gecode/usr/share/minizinc/gecode/fzn_global_cardinality_closed.mzn
-- Installing: /build/gecode/pkg/gecode/usr/share/minizinc/gecode/fzn_member_bool.mzn
-- Installing: /build/gecode/pkg/gecode/usr/share/minizinc/gecode/fzn_increasing_int.mzn
-- Installing: /build/gecode/pkg/gecode/usr/share/minizinc/gecode/fzn_all_different_int.mzn
-- Installing: /build/gecode/pkg/gecode/usr/share/minizinc/gecode/fzn_range.mzn
-- Installing: /build/gecode/pkg/gecode/usr/share/minizinc/gecode/fzn_bin_packing.mzn
-- Installing: /build/gecode/pkg/gecode/usr/share/minizinc/gecode/fzn_lex_less_int.mzn
-- Installing: /build/gecode/pkg/gecode/usr/share/minizinc/gecode/fzn_bin_packing_capa.mzn
-- Installing: /build/gecode/pkg/gecode/usr/share/minizinc/gecode/redefinitions.mzn
-- Installing: /build/gecode/pkg/gecode/usr/share/minizinc/gecode/fzn_count_eq_reif.mzn
-- Installing: /build/gecode/pkg/gecode/usr/share/minizinc/gecode/fzn_exactly_set.mzn
-- Installing: /build/gecode/pkg/gecode/usr/share/minizinc/gecode/fzn_table_int.mzn
-- Installing: /build/gecode/pkg/gecode/usr/share/minizinc/gecode/fzn_lex_lesseq_bool.mzn
-- Installing: /build/gecode/pkg/gecode/usr/share/minizinc/gecode/fzn_increasing_bool.mzn
-- Installing: /build/gecode/pkg/gecode/usr/share/minizinc/gecode/fzn_global_cardinality_low_up_closed.mzn
-- Installing: /build/gecode/pkg/gecode/usr/share/minizinc/gecode/redefinitions-2.5.2.mzn
-- Installing: /build/gecode/pkg/gecode/usr/share/minizinc/gecode/fzn_table_bool_reif.mzn
-- Installing: /build/gecode/pkg/gecode/usr/share/minizinc/gecode/experimental
-- Installing: /build/gecode/pkg/gecode/usr/share/minizinc/gecode/experimental/on_restart
-- Installing: /build/gecode/pkg/gecode/usr/share/minizinc/gecode/experimental/on_restart/fzn_on_restart_complete.mzn
-- Installing: /build/gecode/pkg/gecode/usr/share/minizinc/gecode/experimental/on_restart/fzn_on_restart_sol_set.mzn
-- Installing: /build/gecode/pkg/gecode/usr/share/minizinc/gecode/experimental/on_restart/fzn_on_restart_status.mzn
-- Installing: /build/gecode/pkg/gecode/usr/share/minizinc/gecode/experimental/on_restart/fzn_on_restart_sol_bool.mzn
-- Installing: /build/gecode/pkg/gecode/usr/share/minizinc/gecode/experimental/on_restart/fzn_on_restart_uniform_float.mzn
-- Installing: /build/gecode/pkg/gecode/usr/share/minizinc/gecode/experimental/on_restart/fzn_on_restart_last_val_set.mzn
-- Installing: /build/gecode/pkg/gecode/usr/share/minizinc/gecode/experimental/on_restart/fzn_on_restart_sol_int.mzn
-- Installing: /build/gecode/pkg/gecode/usr/share/minizinc/gecode/experimental/on_restart/fzn_on_restart_uniform_int.mzn
-- Installing: /build/gecode/pkg/gecode/usr/share/minizinc/gecode/experimental/on_restart/fzn_on_restart_last_val_int.mzn
-- Installing: /build/gecode/pkg/gecode/usr/share/minizinc/gecode/experimental/on_restart/fzn_on_restart_last_val_float.mzn
-- Installing: /build/gecode/pkg/gecode/usr/share/minizinc/gecode/experimental/on_restart/fzn_on_restart_last_val_bool.mzn
-- Installing: /build/gecode/pkg/gecode/usr/share/minizinc/gecode/experimental/on_restart/fzn_on_restart_sol_float.mzn
-- Installing: /build/gecode/pkg/gecode/usr/share/minizinc/gecode/experimental/blackbox
-- Installing: /build/gecode/pkg/gecode/usr/share/minizinc/gecode/experimental/blackbox/fzn_blackbox_bounds.mzn
-- Installing: /build/gecode/pkg/gecode/usr/share/minizinc/gecode/experimental/blackbox/fzn_blackbox.mzn
-- Installing: /build/gecode/pkg/gecode/usr/share/minizinc/gecode/fzn_at_least_int.mzn
-- Installing: /build/gecode/pkg/gecode/usr/share/minizinc/gecode/fzn_disjunctive_strict_opt.mzn
-- Installing: /build/gecode/pkg/gecode/usr/share/minizinc/gecode/fzn_int_set_channel.mzn
-- Installing: /build/gecode/pkg/gecode/usr/share/minizinc/gecode/fzn_global_cardinality_low_up.mzn
-- Installing: /build/gecode/pkg/gecode/usr/share/minizinc/gecode/fzn_at_least_set.mzn
-- Installing: /build/gecode/pkg/gecode/usr/share/minizinc/gecode/fzn_sum_pred.mzn
-- Installing: /build/gecode/pkg/gecode/usr/share/minizinc/gecode/fzn_disjoint.mzn
-- Installing: /build/gecode/pkg/gecode/usr/share/minizinc/gecode/fzn_roots.mzn
-- Installing: /build/gecode/pkg/gecode/usr/share/minizinc/gecode/fzn_member_int.mzn
-- Installing: /build/gecode/pkg/gecode/usr/share/minizinc/gecode/fzn_inverse.mzn
-- Installing: /build/gecode/pkg/gecode/usr/share/minizinc/solvers/gecode.msc
-- Installing: /build/gecode/pkg/gecode/usr/share/minizinc/solvers/gecode-gist.msc
-- Installing: /build/gecode/pkg/gecode/usr/lib/cmake/Gecode/GecodeTargets.cmake
-- Installing: /build/gecode/pkg/gecode/usr/lib/cmake/Gecode/GecodeTargets-none.cmake
-- Installing: /build/gecode/pkg/gecode/usr/lib/cmake/Gecode/GecodeConfig.cmake
-- Installing: /build/gecode/pkg/gecode/usr/lib/cmake/Gecode/GecodeConfigVersion.cmake
-- Installing: /build/gecode/pkg/gecode/usr/lib/cmake/Gecode/FindMPFR.cmake
