-- Install configuration: "None"
-- Installing: /build/genalyzer/pkg/genalyzer/usr/share/licenses/genalyzer/LICENSE
-- Installing: /build/genalyzer/pkg/genalyzer/usr/share/licenses/genalyzer/LICENSE_ADIBSD
-- Installing: /build/genalyzer/pkg/genalyzer/usr/share/doc/libgenalyzer/copyright
-- Installing: /build/genalyzer/pkg/genalyzer/usr/lib/libgenalyzer_plus_plus.a
-- Installing: /build/genalyzer/pkg/genalyzer/usr/include/array_ops.hpp
-- Installing: /build/genalyzer/pkg/genalyzer/usr/include/code_density.hpp
-- Installing: /build/genalyzer/pkg/genalyzer/usr/include/constants.hpp
-- Installing: /build/genalyzer/pkg/genalyzer/usr/include/enum_map.hpp
-- Installing: /build/genalyzer/pkg/genalyzer/usr/include/enum_maps.hpp
-- Installing: /build/genalyzer/pkg/genalyzer/usr/include/enums.hpp
-- Installing: /build/genalyzer/pkg/genalyzer/usr/include/exceptions.hpp
-- Installing: /build/genalyzer/pkg/genalyzer/usr/include/expression.hpp
-- Installing: /build/genalyzer/pkg/genalyzer/usr/include/formatted_data.hpp
-- Installing: /build/genalyzer/pkg/genalyzer/usr/include/fourier_analysis.hpp
-- Installing: /build/genalyzer/pkg/genalyzer/usr/include/fourier_analysis_comp_mask.hpp
-- Installing: /build/genalyzer/pkg/genalyzer/usr/include/fourier_analysis_component.hpp
-- Installing: /build/genalyzer/pkg/genalyzer/usr/include/fourier_analysis_results.hpp
-- Installing: /build/genalyzer/pkg/genalyzer/usr/include/fourier_transforms.hpp
-- Installing: /build/genalyzer/pkg/genalyzer/usr/include/fourier_utilities.hpp
-- Installing: /build/genalyzer/pkg/genalyzer/usr/include/json.hpp
-- Installing: /build/genalyzer/pkg/genalyzer/usr/include/manager.hpp
-- Installing: /build/genalyzer/pkg/genalyzer/usr/include/object.hpp
-- Installing: /build/genalyzer/pkg/genalyzer/usr/include/processes.hpp
-- Installing: /build/genalyzer/pkg/genalyzer/usr/include/reductions.hpp
-- Installing: /build/genalyzer/pkg/genalyzer/usr/include/type_aliases.hpp
-- Installing: /build/genalyzer/pkg/genalyzer/usr/include/utils.hpp
-- Installing: /build/genalyzer/pkg/genalyzer/usr/include/version.hpp
-- Installing: /build/genalyzer/pkg/genalyzer/usr/include/waveforms.hpp
-- Installing: /build/genalyzer/pkg/genalyzer/usr/include/cgenalyzer_simplified_beta.h
-- Installing: /build/genalyzer/pkg/genalyzer/usr/include/cgenalyzer.h
-- Installing: /build/genalyzer/pkg/genalyzer/usr/lib/pkgconfig/libgenalyzer.pc
-- Installing: /build/genalyzer/pkg/genalyzer/usr/lib/libgenalyzer.so.0.1.6
-- Installing: /build/genalyzer/pkg/genalyzer/usr/lib/libgenalyzer.so.0
-- Installing: /build/genalyzer/pkg/genalyzer/usr/lib/libgenalyzer.so
-- Up-to-date: /build/genalyzer/pkg/genalyzer/usr/include/cgenalyzer_simplified_beta.h
