-- The CXX compiler identification is GNU 16.2.1
-- The C compiler identification is GNU 16.2.1
-- Detecting CXX compiler ABI info
-- Detecting CXX compiler ABI info - done
-- Check for working CXX compiler: /usr/bin/c++ - skipped
-- Detecting CXX compile features
-- Detecting CXX compile features - done
-- Detecting C compiler ABI info
-- Detecting C compiler ABI info - done
-- Check for working C compiler: /usr/bin/cc - skipped
-- Detecting C compile features
-- Detecting C compile features - done
-- Found PkgConfig: /usr/bin/pkg-config (found version "3.0.6")
-- Found FFTW: /usr/include
-- Configuring done (0.5s)
-- Generating done (0.0s)
-- Build files have been written to: /build/genalyzer/src/build
[0/2] Re-checking globbed directories...
[1/23] Building CXX object src/CMakeFiles/genalyzer_plus_plus.dir/version.cpp.o
[2/23] Building CXX object src/CMakeFiles/genalyzer_plus_plus.dir/platform.cpp.o
[3/23] Building CXX object src/CMakeFiles/genalyzer_plus_plus.dir/array_ops.cpp.o
[4/23] Building CXX object src/CMakeFiles/genalyzer_plus_plus.dir/fourier_utilities.cpp.o
[5/23] Building CXX object src/CMakeFiles/genalyzer_plus_plus.dir/utils.cpp.o
[6/23] Building CXX object src/CMakeFiles/genalyzer_plus_plus.dir/formatted_data.cpp.o
[7/23] Building CXX object src/CMakeFiles/genalyzer_plus_plus.dir/fourier_analysis_comp_mask.cpp.o
[8/23] Building CXX object src/CMakeFiles/genalyzer_plus_plus.dir/waveforms.cpp.o
[9/23] Building CXX object src/CMakeFiles/genalyzer_plus_plus.dir/processes.cpp.o
[10/23] Building CXX object src/CMakeFiles/genalyzer_plus_plus.dir/enum_map.cpp.o
[11/23] Building CXX object src/CMakeFiles/genalyzer_plus_plus.dir/code_density.cpp.o
[12/23] Building CXX object src/CMakeFiles/genalyzer_plus_plus.dir/enum_maps.cpp.o
[13/23] Building CXX object src/CMakeFiles/genalyzer_plus_plus.dir/fourier_transforms.cpp.o
[14/23] Building CXX object bindings/c/src/CMakeFiles/genalyzer.dir/cgenalyzer_simplified_beta.cpp.o
[15/23] Building CXX object src/CMakeFiles/genalyzer_plus_plus.dir/expression.cpp.o
[16/23] Building CXX object src/CMakeFiles/genalyzer_plus_plus.dir/manager.cpp.o
[17/23] Building CXX object src/CMakeFiles/genalyzer_plus_plus.dir/json.cpp.o
[18/23] Building CXX object bindings/c/src/CMakeFiles/genalyzer.dir/cgenalyzer.cpp.o
[19/23] Building CXX object src/CMakeFiles/genalyzer_plus_plus.dir/fourier_analysis.cpp.o
[20/23] Linking CXX static library src/libgenalyzer_plus_plus.a
[21/23] Linking CXX shared library bindings/c/src/libgenalyzer.so.0.1.6
[22/23] Creating library symlink bindings/c/src/libgenalyzer.so.0 bindings/c/src/libgenalyzer.so
