GIT_VERSION=2.55.0.rc0
    MKDIR -p perl/build/man/man3
    GEN perl/build/man/man3/Git.3pm
    * new build flags
    CC base85.o
    * new link flags
    CC blame.o
    CC bisect.o
    CC blob.o
    CC bloom.o
    * new prefix flags
    CC branch.o
    CC bundle-uri.o
    CC bundle.o
    CC cache-tree.o
    CC cbtree.o
    CC chdir-notify.o
    CC chunk-format.o
    CC checkout.o
    CC color.o
    CC column.o
    CC combine-diff.o
    CC commit-graph.o
    CC commit-reach.o
    CC commit.o
    CC common-exit.o
    CC common-init.o
    CC compat/nonblock.o
    CC compat/obstack.o
    CC compat/open.o
    CC compat/terminal.o
    CC compiler-tricks/not-constant.o
    CC config.o
    CC connect.o
    CC connected.o
    CC convert.o
    CC copy.o
    CC credential.o
    CC csum-file.o
    CC ctype.o
    CC date.o
    CC decorate.o
    CC delta-islands.o
    CC diagnose.o
    CC diff-delta.o
    CC diff-merges.o
    CC diff-lib.o
    CC diff-no-index.o
    CC diff.o
    CC diffcore-break.o
    CC diffcore-delta.o
    CC diffcore-order.o
    CC diffcore-pickaxe.o
    CC diffcore-rename.o
    CC diffcore-rotate.o
    CC dir-iterator.o
    CC dir.o
    CC editor.o
    CC entry.o
    CC environment.o
    CC ewah/bitmap.o
    CC ewah/ewah_bitmap.o
    CC ewah/ewah_io.o
    CC ewah/ewah_rlw.o
    CC exec-cmd.o
    CC fetch-negotiator.o
    CC fetch-pack.o
    CC fmt-merge-msg.o
    CC fsck.o
    CC fsmonitor-ipc.o
    CC fsmonitor.o
    CC fsmonitor-settings.o
    CC gettext.o
    CC git-zlib.o
    CC gpg-interface.o
    CC graph.o
    CC grep.o
    CC hash-lookup.o
    CC hash.o
    CC hashmap.o
    GEN command-list.h
    CC hex.o
    CC hex-ll.o
    GEN hook-list.h
    CC ident.o
    CC json-writer.o
    CC kwset.o
    CC levenshtein.o
    CC line-log.o
    CC line-range.o
    CC linear-assignment.o
    CC list-objects-filter-options.o
    CC list-objects-filter.o
    CC list-objects.o
    CC lockfile.o
    CC log-tree.o
    CC loose.o
    CC ls-refs.o
    CC mailinfo.o
    CC mailmap.o
    CC match-trees.o
    CC mem-pool.o
    CC merge-blobs.o
    CC merge-ll.o
    CC merge-ort.o
    CC merge-ort-wrappers.o
    CC merge.o
    CC midx.o
    CC midx-write.o
    CC name-hash.o
    CC negotiator/default.o
    CC negotiator/noop.o
    CC negotiator/skipping.o
    CC notes-cache.o
    CC notes-merge.o
    CC notes-utils.o
    CC notes.o
    CC object-file-convert.o
    CC object-file.o
    CC object-name.o
    CC object.o
    CC odb.o
    CC odb/source.o
    CC odb/source-files.o
    CC odb/source-inmemory.o
    CC odb/source-loose.o
    CC odb/streaming.o
    CC odb/transaction.o
    CC oid-array.o
    CC oidmap.o
    CC oidset.o
    CC oidtree.o
    CC pack-bitmap-write.o
    CC pack-bitmap.o
    CC pack-check.o
    CC pack-mtimes.o
    CC pack-objects.o
    CC pack-refs.o
    CC pack-revindex.o
    CC pack-write.o
    CC packfile.o
    CC pager.o
    CC parallel-checkout.o
    CC parse.o
    CC parse-options-cb.o
    CC parse-options.o
    CC patch-delta.o
    CC patch-ids.o
    CC path.o
    CC path-walk.o
    CC pathspec.o
    CC pkt-line.o
    CC preload-index.o
    CC pretty.o
    CC prio-queue.o
    CC progress.o
    CC promisor-remote.o
    CC prompt.o
    CC protocol.o
    CC protocol-caps.o
    CC prune-packed.o
    CC pseudo-merge.o
    CC quote.o
    CC range-diff.o
    CC reachable.o
    CC read-cache.o
    CC rebase-interactive.o
    CC rebase.o
    CC ref-filter.o
    CC reflog-walk.o
    CC reflog.o
    CC refs.o
    CC refs/debug.o
    CC refs/files-backend.o
    CC refs/reftable-backend.o
    CC refs/iterator.o
    CC refs/packed-backend.o
    CC refs/ref-cache.o
    CC refspec.o
    CC reftable/basics.o
    CC reftable/block.o
    CC reftable/blocksource.o
    CC reftable/error.o
    CC reftable/fsck.o
    CC reftable/iter.o
    CC reftable/merged.o
    CC reftable/pq.o
    CC reftable/record.o
    CC reftable/stack.o
    CC reftable/system.o
    CC reftable/table.o
    CC reftable/tree.o
    CC reftable/writer.o
    CC remote.o
    CC repack.o
    CC repack-cruft.o
    CC repack-filtered.o
    CC repack-geometry.o
    CC repack-midx.o
    CC repack-promisor.o
    CC replace-object.o
    CC replay.o
    CC repo-settings.o
    CC repository.o
    CC rerere.o
    CC reset.o
    CC resolve-undo.o
    CC revision.o
    CC run-command.o
    CC send-pack.o
    CC sequencer.o
    CC serve.o
    CC server-info.o
    CC setup.o
    CC shallow.o
    CC sideband.o
    CC sigchain.o
    CC sparse-index.o
    CC split-index.o
    CC stable-qsort.o
    CC statinfo.o
    CC strbuf.o
    CC string-list.o
    CC strmap.o
    CC strvec.o
    CC sub-process.o
    CC submodule-config.o
    CC submodule.o
    CC symlinks.o
    CC tag.o
    CC tempfile.o
    CC thread-utils.o
    CC tmp-objdir.o
    CC trace.o
    CC trace2.o
    CC trace2/tr2_cfg.o
    CC trace2/tr2_cmd_name.o
    CC trace2/tr2_ctr.o
    CC trace2/tr2_sid.o
    CC trace2/tr2_dst.o
    CC trace2/tr2_sysenv.o
    CC trace2/tr2_tgt_event.o
    CC trace2/tr2_tbuf.o
    CC trace2/tr2_tgt_normal.o
    CC trace2/tr2_tgt_perf.o
    CC trace2/tr2_tls.o
    CC trace2/tr2_tmr.o
    CC trailer.o
    CC transport-helper.o
    CC transport.o
    CC tree-diff.o
    CC tree-walk.o
    CC tree.o
    CC unpack-trees.o
    CC upload-pack.o
    CC url.o
    CC urlmatch.o
    CC usage.o
    CC userdiff.o
    CC utf8.o
    CC versioncmp.o
    CC walker.o
    CC wildmatch.o
    CC worktree.o
    CC wrapper.o
    CC write-or-die.o
    CC ws.o
    CC wt-status.o
    CC xdiff-interface.o
    CC xdiff/xdiffi.o
    CC xdiff/xemit.o
    CC xdiff/xhistogram.o
    CC xdiff/xmerge.o
    CC xdiff/xpatience.o
    CC xdiff/xprepare.o
    CC xdiff/xutils.o
    CC unix-socket.o
    CC unix-stream-server.o
    CC compat/simple-ipc/ipc-shared.o
    CC compat/simple-ipc/ipc-unix-socket.o
    CC sha1dc_git.o
    CC sha1dc/sha1.o
    CC sha1dc/ubc_check.o
    CC sha256/block/sha256.o
    CC compat/linux/procinfo.o
    CC compat/fopen.o
    CC compat/strlcpy.o
    CC compat/qsort_s.o
    CC compat/fsmonitor/fsm-health-linux.o
    CC compat/fsmonitor/fsm-listen-linux.o
    CC compat/fsmonitor/fsm-ipc-unix.o
    CC compat/fsmonitor/fsm-settings-unix.o
    CC compat/fsmonitor/fsm-path-utils-linux.o
    CC http-backend.o
    CC imap-send.o
    CC http.o
    CC sh-i18n--envsubst.o
    CC shell.o
    CC http-walker.o
    CC http-fetch.o
    CC http-push.o
    CC remote-curl.o
    * new script parameters
    * new perl-specific parameters
    CC git.o
    CC builtin/add.o
    CC builtin/am.o
    CC builtin/annotate.o
    CC builtin/apply.o
    CC builtin/archive.o
    CC builtin/backfill.o
    CC builtin/bisect.o
    CC builtin/blame.o
    CC builtin/branch.o
    CC builtin/bugreport.o
    CC builtin/bundle.o
    CC builtin/cat-file.o
    CC builtin/check-attr.o
    CC builtin/check-ignore.o
    CC builtin/check-mailmap.o
    CC builtin/check-ref-format.o
    CC builtin/checkout--worker.o
    CC builtin/checkout-index.o
    CC builtin/checkout.o
    CC builtin/clean.o
    CC builtin/clone.o
    CC builtin/column.o
    CC builtin/commit-graph.o
    CC builtin/commit-tree.o
    CC builtin/commit.o
    CC builtin/config.o
    CC builtin/count-objects.o
    CC builtin/credential-cache--daemon.o
    CC builtin/credential-cache.o
    CC builtin/credential-store.o
    CC builtin/credential.o
    CC builtin/describe.o
    CC builtin/diagnose.o
    CC builtin/diff-files.o
    CC builtin/diff-index.o
    CC builtin/diff-pairs.o
    CC builtin/diff-tree.o
    CC builtin/diff.o
    CC builtin/difftool.o
    CC builtin/fast-export.o
    CC builtin/fast-import.o
    CC builtin/fetch-pack.o
    CC builtin/fetch.o
    CC builtin/fmt-merge-msg.o
    CC builtin/for-each-ref.o
    CC builtin/for-each-repo.o
    CC builtin/fsck.o
    CC builtin/fsmonitor--daemon.o
    CC builtin/gc.o
    CC builtin/get-tar-commit-id.o
    CC builtin/grep.o
    CC builtin/hash-object.o
    GEN config-list.h
    CC builtin/history.o
    CC builtin/hook.o
    CC builtin/index-pack.o
    CC builtin/init-db.o
    CC builtin/interpret-trailers.o
    CC builtin/last-modified.o
    CC builtin/log.o
    CC builtin/ls-files.o
    CC builtin/ls-remote.o
    CC builtin/ls-tree.o
    CC builtin/mailinfo.o
    CC builtin/mailsplit.o
    CC builtin/merge-base.o
    CC builtin/merge-file.o
    CC builtin/merge-index.o
    CC builtin/merge-ours.o
    CC builtin/merge-recursive.o
    CC builtin/merge-tree.o
    CC builtin/merge.o
    CC builtin/mktag.o
    CC builtin/mktree.o
    CC builtin/multi-pack-index.o
    CC builtin/mv.o
    CC builtin/name-rev.o
    CC builtin/notes.o
    CC builtin/pack-objects.o
    CC builtin/pack-redundant.o
    CC builtin/pack-refs.o
    CC builtin/patch-id.o
    CC builtin/prune-packed.o
    CC builtin/prune.o
    CC builtin/pull.o
    CC builtin/push.o
    CC builtin/range-diff.o
    CC builtin/read-tree.o
    CC builtin/rebase.o
    CC builtin/receive-pack.o
    CC builtin/reflog.o
    CC builtin/refs.o
    CC builtin/remote-ext.o
    CC builtin/remote-fd.o
    CC builtin/remote.o
    CC builtin/repack.o
    CC builtin/replace.o
    CC builtin/replay.o
    CC builtin/repo.o
    CC builtin/rerere.o
    CC builtin/reset.o
    CC builtin/rev-list.o
    CC builtin/rev-parse.o
    CC builtin/revert.o
    CC builtin/rm.o
    CC builtin/send-pack.o
    CC builtin/shortlog.o
    CC builtin/show-branch.o
    CC builtin/show-index.o
    CC builtin/show-ref.o
    CC builtin/sparse-checkout.o
    CC builtin/stash.o
    CC builtin/stripspace.o
    CC builtin/submodule--helper.o
    CC builtin/symbolic-ref.o
    CC builtin/tag.o
    CC builtin/unpack-file.o
    CC builtin/unpack-objects.o
    CC builtin/update-index.o
    CC builtin/update-ref.o
    CC builtin/update-server-info.o
    CC builtin/upload-archive.o
    CC builtin/upload-pack.o
    CC builtin/url-parse.o
    CC builtin/var.o
    CC builtin/verify-commit.o
    CC builtin/verify-pack.o
    CC builtin/verify-tag.o
    CC builtin/worktree.o
    CC builtin/write-tree.o
    GEN git-mergetool--lib
    GEN git-sh-i18n
    GEN git-sh-setup
    CC scalar.o
make -C Documentation man
make[1]: Entering directory '/build/git-git/src/git/Documentation'
    GEN mergetools-diff.adoc
    GEN mergetools-merge.adoc
    CC daemon.o
    GEN cmd-list.made
    CC common-main.o
    CC abspath.o
    CC add-interactive.o
    CC add-patch.o
    CC advice.o
    CC alias.o
    CC alloc.o
    CC apply.o
    CC archive-tar.o
    CC archive-zip.o
    CC archive.o
    CC attr.o
    CC help.o
    CC hook.o
    GEN version-def.h
    GEN git-difftool--helper
    GEN git-filter-branch
    GEN git-merge-octopus
    GEN git-merge-one-file
    GEN git-merge-resolve
    GEN git-mergetool
    GEN git-quiltimport
    GEN git-request-pull
    GEN git-submodule
    GEN git-web--browse
    GEN GIT-PERL-HEADER
    GEN git-p4
    GEN git-instaweb
    CC builtin/help.o
    CC version.o
    GEN git-archimport
    GEN git-cvsexportcommit
    GEN git-cvsimport
    GEN git-cvsserver
    GEN git-send-email
    GEN git-svn
    GEN doc.dep
    GEN asciidoc.conf
    GEN docinfo.html
    * new asciidoc flags
    ASCIIDOC git-add.xml
    ASCIIDOC git-am.xml
    ASCIIDOC git-annotate.xml
    ASCIIDOC git-apply.xml
    ASCIIDOC git-archimport.xml
    ASCIIDOC git-archive.xml
    ASCIIDOC git-backfill.xml
    ASCIIDOC git-bisect.xml
    ASCIIDOC git-blame.xml
    ASCIIDOC git-branch.xml
    ASCIIDOC git-bugreport.xml
    ASCIIDOC git-bundle.xml
    ASCIIDOC git-cat-file.xml
    ASCIIDOC git-check-attr.xml
    ASCIIDOC git-check-ignore.xml
    ASCIIDOC git-check-mailmap.xml
    ASCIIDOC git-check-ref-format.xml
    ASCIIDOC git-checkout-index.xml
    ASCIIDOC git-checkout.xml
    ASCIIDOC git-cherry-pick.xml
    ASCIIDOC git-cherry.xml
    ASCIIDOC git-citool.xml
    ASCIIDOC git-clean.xml
    ASCIIDOC git-clone.xml
    ASCIIDOC git-column.xml
    ASCIIDOC git-commit-graph.xml
    ASCIIDOC git-commit-tree.xml
    ASCIIDOC git-commit.xml
    ASCIIDOC git-config.xml
    ASCIIDOC git-count-objects.xml
    ASCIIDOC git-credential-cache--daemon.xml
    ASCIIDOC git-credential-cache.xml
    ASCIIDOC git-credential-store.xml
    ASCIIDOC git-credential.xml
    ASCIIDOC git-cvsexportcommit.xml
    ASCIIDOC git-cvsimport.xml
    ASCIIDOC git-cvsserver.xml
    ASCIIDOC git-daemon.xml
    ASCIIDOC git-describe.xml
    ASCIIDOC git-diagnose.xml
    ASCIIDOC git-diff-files.xml
    ASCIIDOC git-diff-index.xml
    ASCIIDOC git-diff-pairs.xml
    ASCIIDOC git-diff-tree.xml
    ASCIIDOC git-diff.xml
    ASCIIDOC git-difftool.xml
    ASCIIDOC git-fast-export.xml
    ASCIIDOC git-fast-import.xml
    ASCIIDOC git-fetch-pack.xml
    ASCIIDOC git-fetch.xml
    ASCIIDOC git-filter-branch.xml
    ASCIIDOC git-fmt-merge-msg.xml
    ASCIIDOC git-for-each-ref.xml
    ASCIIDOC git-for-each-repo.xml
    ASCIIDOC git-format-patch.xml
    ASCIIDOC git-format-rev.xml
    ASCIIDOC git-fsck-objects.xml
    ASCIIDOC git-fsck.xml
    ASCIIDOC git-fsmonitor--daemon.xml
    ASCIIDOC git-gc.xml
    ASCIIDOC git-get-tar-commit-id.xml
    ASCIIDOC git-grep.xml
    ASCIIDOC git-gui.xml
    ASCIIDOC git-hash-object.xml
    ASCIIDOC git-help.xml
    ASCIIDOC git-history.xml
    ASCIIDOC git-hook.xml
    ASCIIDOC git-http-backend.xml
    ASCIIDOC git-http-fetch.xml
    ASCIIDOC git-http-push.xml
    ASCIIDOC git-imap-send.xml
    ASCIIDOC git-index-pack.xml
    ASCIIDOC git-init-db.xml
    ASCIIDOC git-init.xml
    ASCIIDOC git-instaweb.xml
    ASCIIDOC git-interpret-trailers.xml
    ASCIIDOC git-last-modified.xml
    ASCIIDOC git-log.xml
    ASCIIDOC git-ls-files.xml
    ASCIIDOC git-ls-remote.xml
    ASCIIDOC git-ls-tree.xml
    ASCIIDOC git-mailinfo.xml
    ASCIIDOC git-mailsplit.xml
    ASCIIDOC git-maintenance.xml
    ASCIIDOC git-merge-base.xml
    ASCIIDOC git-merge-file.xml
    ASCIIDOC git-merge-index.xml
    ASCIIDOC git-merge-one-file.xml
    ASCIIDOC git-merge-tree.xml
    ASCIIDOC git-merge.xml
    ASCIIDOC git-mergetool--lib.xml
    ASCIIDOC git-mergetool.xml
    ASCIIDOC git-mktag.xml
    ASCIIDOC git-mktree.xml
    ASCIIDOC git-multi-pack-index.xml
    ASCIIDOC git-mv.xml
    ASCIIDOC git-name-rev.xml
    ASCIIDOC git-notes.xml
    ASCIIDOC git-p4.xml
    ASCIIDOC git-pack-objects.xml
    ASCIIDOC git-pack-redundant.xml
    ASCIIDOC git-pack-refs.xml
    ASCIIDOC git-patch-id.xml
    ASCIIDOC git-prune-packed.xml
    ASCIIDOC git-prune.xml
    ASCIIDOC git-pull.xml
    ASCIIDOC git-push.xml
    ASCIIDOC git-quiltimport.xml
    ASCIIDOC git-range-diff.xml
    ASCIIDOC git-read-tree.xml
    ASCIIDOC git-rebase.xml
    ASCIIDOC git-receive-pack.xml
    ASCIIDOC git-reflog.xml
    ASCIIDOC git-refs.xml
    ASCIIDOC git-remote-ext.xml
    ASCIIDOC git-remote-fd.xml
    ASCIIDOC git-remote.xml
    ASCIIDOC git-repack.xml
    ASCIIDOC git-replace.xml
    ASCIIDOC git-replay.xml
    ASCIIDOC git-repo.xml
    AR libgit.a
    ASCIIDOC git-request-pull.xml
    ASCIIDOC git-rerere.xml
    ASCIIDOC git-reset.xml
    ASCIIDOC git-restore.xml
    ASCIIDOC git-rev-list.xml
    ASCIIDOC git-rev-parse.xml
    CARGO target/release/libgitcore.a
/bin/sh: line 1: cargo: command not found
make: *** [Makefile:3021: target/release/libgitcore.a] Error 127
make: *** Waiting for unfinished jobs....
    ASCIIDOC git-revert.xml
    ASCIIDOC git-rm.xml
    ASCIIDOC git-send-email.xml
    ASCIIDOC git-send-pack.xml
    ASCIIDOC git-sh-i18n--envsubst.xml
    ASCIIDOC git-sh-i18n.xml
    ASCIIDOC git-sh-setup.xml
    ASCIIDOC git-shell.xml
    ASCIIDOC git-shortlog.xml
    ASCIIDOC git-show-branch.xml
    ASCIIDOC git-show-index.xml
    ASCIIDOC git-show-ref.xml
    ASCIIDOC git-show.xml
    ASCIIDOC git-sparse-checkout.xml
    ASCIIDOC git-stage.xml
    ASCIIDOC git-stash.xml
    ASCIIDOC git-status.xml
    ASCIIDOC git-stripspace.xml
    ASCIIDOC git-submodule.xml
    ASCIIDOC git-svn.xml
    ASCIIDOC git-switch.xml
    ASCIIDOC git-symbolic-ref.xml
    ASCIIDOC git-tag.xml
    ASCIIDOC git-unpack-file.xml
    ASCIIDOC git-unpack-objects.xml
    ASCIIDOC git-update-index.xml
    ASCIIDOC git-update-ref.xml
    ASCIIDOC git-update-server-info.xml
    ASCIIDOC git-upload-archive.xml
    ASCIIDOC git-upload-pack.xml
    ASCIIDOC git-url-parse.xml
    ASCIIDOC git-var.xml
    ASCIIDOC git-verify-commit.xml
    ASCIIDOC git-verify-pack.xml
    ASCIIDOC git-verify-tag.xml
    ASCIIDOC git-version.xml
    ASCIIDOC git-web--browse.xml
    ASCIIDOC git-whatchanged.xml
    ASCIIDOC git-worktree.xml
    ASCIIDOC git-write-tree.xml
    ASCIIDOC git.xml
    ASCIIDOC gitk.xml
    ASCIIDOC gitweb.xml
    ASCIIDOC scalar.xml
    ASCIIDOC gitattributes.xml
    ASCIIDOC gitformat-bundle.xml
    ASCIIDOC gitformat-chunk.xml
    ASCIIDOC gitformat-commit-graph.xml
    ASCIIDOC gitformat-index.xml
    ASCIIDOC gitformat-loose.xml
    ASCIIDOC gitformat-pack.xml
    ASCIIDOC gitformat-signature.xml
    ASCIIDOC githooks.xml
    ASCIIDOC gitignore.xml
    ASCIIDOC gitmailmap.xml
    ASCIIDOC gitmodules.xml
    ASCIIDOC gitprotocol-capabilities.xml
    ASCIIDOC gitprotocol-common.xml
    ASCIIDOC gitprotocol-http.xml
    ASCIIDOC gitprotocol-pack.xml
    ASCIIDOC gitprotocol-v2.xml
    ASCIIDOC gitrepository-layout.xml
    ASCIIDOC gitweb.conf.xml
    ASCIIDOC gitcli.xml
    ASCIIDOC gitcore-tutorial.xml
    ASCIIDOC gitcredentials.xml
    ASCIIDOC gitcvs-migration.xml
    ASCIIDOC gitdatamodel.xml
    ASCIIDOC gitdiffcore.xml
    ASCIIDOC giteveryday.xml
    ASCIIDOC gitfaq.xml
    ASCIIDOC gitglossary.xml
    ASCIIDOC gitpacking.xml
    ASCIIDOC gitnamespaces.xml
    ASCIIDOC gitremote-helpers.xml
    ASCIIDOC gitrevisions.xml
    ASCIIDOC gitsubmodules.xml
    ASCIIDOC gittutorial-2.xml
    ASCIIDOC gittutorial.xml
    ASCIIDOC gitworkflows.xml
    XMLTO git-add.1
    XMLTO git-am.1
    XMLTO git-annotate.1
    XMLTO git-apply.1
    XMLTO git-archimport.1
    XMLTO git-archive.1
    XMLTO git-backfill.1
    XMLTO git-bisect.1
    XMLTO git-blame.1
    XMLTO git-branch.1
    XMLTO git-bugreport.1
    XMLTO git-bundle.1
    XMLTO git-cat-file.1
    XMLTO git-check-attr.1
    XMLTO git-check-ignore.1
    XMLTO git-check-mailmap.1
    XMLTO git-check-ref-format.1
    XMLTO git-checkout-index.1
    XMLTO git-checkout.1
    XMLTO git-cherry-pick.1
    XMLTO git-cherry.1
    XMLTO git-citool.1
    XMLTO git-clean.1
    XMLTO git-clone.1
    XMLTO git-column.1
    XMLTO git-commit-graph.1
    XMLTO git-commit-tree.1
    XMLTO git-commit.1
    XMLTO git-config.1
    XMLTO git-count-objects.1
    XMLTO git-credential-cache--daemon.1
    XMLTO git-credential-cache.1
    XMLTO git-credential-store.1
    XMLTO git-credential.1
    XMLTO git-cvsexportcommit.1
    XMLTO git-cvsimport.1
    XMLTO git-cvsserver.1
    XMLTO git-daemon.1
    XMLTO git-describe.1
    XMLTO git-diagnose.1
    XMLTO git-diff-files.1
    XMLTO git-diff-index.1
    XMLTO git-diff-pairs.1
    XMLTO git-diff-tree.1
    XMLTO git-diff.1
    XMLTO git-difftool.1
    XMLTO git-fast-export.1
    XMLTO git-fast-import.1
    XMLTO git-fetch-pack.1
    XMLTO git-fetch.1
    XMLTO git-filter-branch.1
    XMLTO git-fmt-merge-msg.1
    XMLTO git-for-each-ref.1
    XMLTO git-for-each-repo.1
    XMLTO git-format-patch.1
    XMLTO git-format-rev.1
    XMLTO git-fsck-objects.1
    XMLTO git-fsck.1
    XMLTO git-fsmonitor--daemon.1
    XMLTO git-gc.1
    XMLTO git-get-tar-commit-id.1
    XMLTO git-grep.1
    XMLTO git-gui.1
    XMLTO git-hash-object.1
    XMLTO git-help.1
    XMLTO git-history.1
    XMLTO git-hook.1
    XMLTO git-http-backend.1
    XMLTO git-http-fetch.1
    XMLTO git-http-push.1
    XMLTO git-imap-send.1
    XMLTO git-index-pack.1
    XMLTO git-init-db.1
    XMLTO git-init.1
    XMLTO git-instaweb.1
    XMLTO git-interpret-trailers.1
    XMLTO git-last-modified.1
    XMLTO git-log.1
    XMLTO git-ls-files.1
    XMLTO git-ls-remote.1
    XMLTO git-ls-tree.1
    XMLTO git-mailinfo.1
    XMLTO git-mailsplit.1
    XMLTO git-maintenance.1
    XMLTO git-merge-base.1
    XMLTO git-merge-file.1
    XMLTO git-merge-index.1
    XMLTO git-merge-one-file.1
    XMLTO git-merge-tree.1
    XMLTO git-merge.1
    XMLTO git-mergetool--lib.1
    XMLTO git-mergetool.1
    XMLTO git-mktag.1
    XMLTO git-mktree.1
    XMLTO git-multi-pack-index.1
    XMLTO git-mv.1
    XMLTO git-name-rev.1
    XMLTO git-notes.1
    XMLTO git-p4.1
    XMLTO git-pack-objects.1
    XMLTO git-pack-redundant.1
    XMLTO git-pack-refs.1
    XMLTO git-patch-id.1
    XMLTO git-prune-packed.1
    XMLTO git-prune.1
    XMLTO git-pull.1
    XMLTO git-push.1
    XMLTO git-quiltimport.1
    XMLTO git-range-diff.1
    XMLTO git-read-tree.1
    XMLTO git-rebase.1
    XMLTO git-receive-pack.1
    XMLTO git-reflog.1
    XMLTO git-refs.1
    XMLTO git-remote-ext.1
    XMLTO git-remote-fd.1
    XMLTO git-remote.1
    XMLTO git-repack.1
    XMLTO git-replace.1
    XMLTO git-replay.1
    XMLTO git-repo.1
    XMLTO git-request-pull.1
    XMLTO git-rerere.1
    XMLTO git-reset.1
    XMLTO git-restore.1
    XMLTO git-rev-list.1
    XMLTO git-rev-parse.1
    XMLTO git-revert.1
    XMLTO git-rm.1
    XMLTO git-send-email.1
    XMLTO git-send-pack.1
    XMLTO git-sh-i18n--envsubst.1
    XMLTO git-sh-i18n.1
    XMLTO git-sh-setup.1
    XMLTO git-shell.1
    XMLTO git-shortlog.1
    XMLTO git-show-branch.1
    XMLTO git-show-index.1
    XMLTO git-show-ref.1
    XMLTO git-show.1
    XMLTO git-sparse-checkout.1
    XMLTO git-stage.1
    XMLTO git-stash.1
    XMLTO git-status.1
    XMLTO git-stripspace.1
    XMLTO git-submodule.1
    XMLTO git-svn.1
    XMLTO git-switch.1
    XMLTO git-symbolic-ref.1
    XMLTO git-tag.1
    XMLTO git-unpack-file.1
    XMLTO git-unpack-objects.1
    XMLTO git-update-index.1
    XMLTO git-update-ref.1
    XMLTO git-update-server-info.1
    XMLTO git-upload-archive.1
    XMLTO git-upload-pack.1
    XMLTO git-url-parse.1
    XMLTO git-var.1
    XMLTO git-verify-commit.1
    XMLTO git-verify-pack.1
    XMLTO git-verify-tag.1
    XMLTO git-version.1
    XMLTO git-web--browse.1
    XMLTO git-whatchanged.1
    XMLTO git-worktree.1
    XMLTO git-write-tree.1
    XMLTO git.1
    XMLTO gitk.1
    XMLTO gitweb.1
    XMLTO scalar.1
    XMLTO gitattributes.5
    XMLTO gitformat-bundle.5
    XMLTO gitformat-chunk.5
    XMLTO gitformat-commit-graph.5
    XMLTO gitformat-index.5
    XMLTO gitformat-loose.5
    XMLTO gitformat-pack.5
    XMLTO gitformat-signature.5
    XMLTO githooks.5
    XMLTO gitignore.5
    XMLTO gitmailmap.5
    XMLTO gitmodules.5
    XMLTO gitprotocol-capabilities.5
    XMLTO gitprotocol-common.5
    XMLTO gitprotocol-http.5
    XMLTO gitprotocol-pack.5
    XMLTO gitprotocol-v2.5
    XMLTO gitrepository-layout.5
    XMLTO gitweb.conf.5
    XMLTO gitcli.7
    XMLTO gitcore-tutorial.7
    XMLTO gitcredentials.7
    XMLTO gitcvs-migration.7
    XMLTO gitdatamodel.7
    XMLTO gitdiffcore.7
    XMLTO giteveryday.7
    XMLTO gitfaq.7
    XMLTO gitglossary.7
    XMLTO gitpacking.7
    XMLTO gitnamespaces.7
    XMLTO gitremote-helpers.7
    XMLTO gitrevisions.7
    XMLTO gitsubmodules.7
    XMLTO gittutorial-2.7
    XMLTO gittutorial.7
    XMLTO gitworkflows.7
make[1]: Leaving directory '/build/git-git/src/git/Documentation'
[1m[31m==> ERROR:(B[m[1m A failure occurred in build().(B[m
[1m    Aborting...(B[m
