-- Install configuration: "None"
-- Installing: /build/gogglesmm-git/pkg/gogglesmm-git/usr/lib/gogglesmm/libgap_alsa.so
-- Installing: /build/gogglesmm-git/pkg/gogglesmm-git/usr/lib/gogglesmm/libgap_pulse.so
-- Installing: /build/gogglesmm-git/pkg/gogglesmm-git/usr/lib/gogglesmm/libgap_sndio.so
-- Installing: /build/gogglesmm-git/pkg/gogglesmm-git/usr/lib/gogglesmm/libgap_wav.so
-- Installing: /build/gogglesmm-git/pkg/gogglesmm-git/usr/bin/gogglesmm
-- Installing: /build/gogglesmm-git/pkg/gogglesmm-git/usr/share/icons/hicolor/16x16/apps/gogglesmm.png
-- Installing: /build/gogglesmm-git/pkg/gogglesmm-git/usr/share/icons/hicolor/22x22/apps/gogglesmm.png
-- Installing: /build/gogglesmm-git/pkg/gogglesmm-git/usr/share/icons/hicolor/24x24/apps/gogglesmm.png
-- Installing: /build/gogglesmm-git/pkg/gogglesmm-git/usr/share/icons/hicolor/32x32/apps/gogglesmm.png
-- Installing: /build/gogglesmm-git/pkg/gogglesmm-git/usr/share/icons/hicolor/48x48/apps/gogglesmm.png
-- Installing: /build/gogglesmm-git/pkg/gogglesmm-git/usr/share/icons/hicolor/64x64/apps/gogglesmm.png
-- Installing: /build/gogglesmm-git/pkg/gogglesmm-git/usr/share/icons/hicolor/scalable/apps/gogglesmm.svg
-- Installing: /build/gogglesmm-git/pkg/gogglesmm-git/usr/share/metainfo/gogglesmm.appdata.xml
-- Installing: /build/gogglesmm-git/pkg/gogglesmm-git/usr/share/applications/gogglesmm.desktop
-- Installing: /build/gogglesmm-git/pkg/gogglesmm-git/usr/share/man/man1/gogglesmm.1
-- Installing: /build/gogglesmm-git/pkg/gogglesmm-git/usr/share/locale/de/LC_MESSAGES/gogglesmm.mo
-- Installing: /build/gogglesmm-git/pkg/gogglesmm-git/usr/share/locale/es/LC_MESSAGES/gogglesmm.mo
-- Installing: /build/gogglesmm-git/pkg/gogglesmm-git/usr/share/locale/fr/LC_MESSAGES/gogglesmm.mo
-- Installing: /build/gogglesmm-git/pkg/gogglesmm-git/usr/share/locale/hu/LC_MESSAGES/gogglesmm.mo
-- Installing: /build/gogglesmm-git/pkg/gogglesmm-git/usr/share/locale/ko/LC_MESSAGES/gogglesmm.mo
-- Installing: /build/gogglesmm-git/pkg/gogglesmm-git/usr/share/locale/pt/LC_MESSAGES/gogglesmm.mo
-- Installing: /build/gogglesmm-git/pkg/gogglesmm-git/usr/share/locale/ru/LC_MESSAGES/gogglesmm.mo
-- make install run with DESTDIR=/build/gogglesmm-git/pkg/gogglesmm-git, skip updating icon cache
