Lockfile is up to date, resolution step is skipped
Packages: +1381
++++++++++++++++++++++++++++++++++++++++++++++++++++++++++++++++++++++++++++++++
Progress: resolved 0, reused 0, downloaded 1, added 0
Progress: resolved 0, reused 0, downloaded 79, added 63

   ╭──────────────────────────────────────────╮
   │                                          │
   │   Update available! 10.28.0 → 11.20.0.   │
   │   Changelog: https://pnpm.io/v/11.20.0   │
   │     To update, run: pnpm add -g pnpm     │
   │                                          │
   ╰──────────────────────────────────────────╯

 WARN  Tarball download average speed 46 KiB/s (size 46 KiB) is below 50 KiB/s: https://registry.npmjs.org/commander/-/commander-12.1.0.tgz (GET)
Progress: resolved 0, reused 0, downloaded 145, added 119
 WARN  Tarball download average speed 5 KiB/s (size 5 KiB) is below 50 KiB/s: https://registry.npmjs.org/@typescript-eslint/visitor-keys/-/visitor-keys-6.21.0.tgz (GET)
 WARN  Tarball download average speed 11 KiB/s (size 18 KiB) is below 50 KiB/s: https://registry.npmjs.org/cacache/-/cacache-18.0.4.tgz (GET)
Progress: resolved 0, reused 0, downloaded 267, added 266
Progress: resolved 0, reused 0, downloaded 423, added 429
Progress: resolved 0, reused 0, downloaded 589, added 624
Progress: resolved 0, reused 0, downloaded 664, added 728
Progress: resolved 0, reused 0, downloaded 798, added 869
Progress: resolved 0, reused 0, downloaded 922, added 1010
Progress: resolved 0, reused 0, downloaded 1081, added 1172
Progress: resolved 0, reused 0, downloaded 1256, added 1368
Progress: resolved 0, reused 0, downloaded 1260, added 1371
Progress: resolved 0, reused 0, downloaded 1261, added 1373
Progress: resolved 0, reused 0, downloaded 1262, added 1374
Progress: resolved 0, reused 0, downloaded 1263, added 1375
Progress: resolved 0, reused 0, downloaded 1264, added 1375
Progress: resolved 0, reused 0, downloaded 1265, added 1377
Progress: resolved 0, reused 0, downloaded 1266, added 1377
Progress: resolved 0, reused 0, downloaded 1266, added 1378
Progress: resolved 0, reused 0, downloaded 1267, added 1378
Progress: resolved 0, reused 0, downloaded 1267, added 1380
Progress: resolved 0, reused 0, downloaded 1268, added 1380
Progress: resolved 0, reused 0, downloaded 1268, added 1381, done
node_modules/@swc/core postinstall$ node postinstall.js
node_modules/esbuild postinstall$ node install.js
node_modules/@swc/core postinstall: Done
node_modules/vite/node_modules/esbuild postinstall$ node install.js
node_modules/unrs-resolver postinstall$ napi-postinstall unrs-resolver 1.9.1 check
node_modules/esbuild postinstall: Done
node_modules/vite/node_modules/esbuild postinstall: Done
node_modules/unrs-resolver postinstall: Done

. prepare$ husky install
. prepare: husky - Git hooks installed
. prepare: Done
╭ Warning ─────────────────────────────────────────────────────────────────────╮
│                                                                              │
│   Ignored build scripts: @parcel/watcher@2.5.1.                              │
│   Run "pnpm approve-builds" to pick which dependencies should be allowed     │
│   to run scripts.                                                            │
│                                                                              │
╰──────────────────────────────────────────────────────────────────────────────╯
Done in 35.9s using pnpm v10.28.0

> heroic@2.22.1 download-helper-binaries /build/heroic-games-launcher-git/src/HeroicGamesLauncher
> esbuild --bundle --platform=node --target=node21 meta/downloadHelperBinaries.ts | node

Downloading: [ 'legendary', 'gogdl', 'nile', 'comet', 'epic-integration' ]
Downloading legendary for linux x64 from https://github.com/legendary-gl/legendary/releases/download/0.21.0/legendary_linux_x64
Downloading legendary for darwin x64 from https://github.com/legendary-gl/legendary/releases/download/0.21.0/legendary_macOS_x64
Downloading legendary for win32 x64 from https://github.com/legendary-gl/legendary/releases/download/0.21.0/legendary_windows_x64.exe
Downloading legendary for linux arm64 from https://github.com/legendary-gl/legendary/releases/download/0.21.0/legendary_linux_arm64
Downloading legendary for darwin arm64 from https://github.com/legendary-gl/legendary/releases/download/0.21.0/legendary_macOS_arm64
Downloading legendary for win32 arm64 from https://github.com/legendary-gl/legendary/releases/download/0.21.0/legendary_windows_arm64.exe
Downloading gogdl for linux x64 from https://github.com/Heroic-Games-Launcher/heroic-gogdl/releases/download/v1.3.0/gogdl_linux_x86_64
Downloading gogdl for darwin x64 from https://github.com/Heroic-Games-Launcher/heroic-gogdl/releases/download/v1.3.0/gogdl_macOS_x86_64
Downloading gogdl for win32 x64 from https://github.com/Heroic-Games-Launcher/heroic-gogdl/releases/download/v1.3.0/gogdl_windows_x86_64.exe
Downloading gogdl for linux arm64 from https://github.com/Heroic-Games-Launcher/heroic-gogdl/releases/download/v1.3.0/gogdl_linux_arm64
Downloading gogdl for darwin arm64 from https://github.com/Heroic-Games-Launcher/heroic-gogdl/releases/download/v1.3.0/gogdl_macOS_arm64
Downloading gogdl for win32 arm64 from https://github.com/Heroic-Games-Launcher/heroic-gogdl/releases/download/v1.3.0/gogdl_windows_arm64.exe
Downloading nile for linux x64 from https://github.com/imLinguin/nile/releases/download/v1.2.0/nile_linux_x86_64
Downloading nile for darwin x64 from https://github.com/imLinguin/nile/releases/download/v1.2.0/nile_macOS_x86_64
Downloading nile for win32 x64 from https://github.com/imLinguin/nile/releases/download/v1.2.0/nile_windows_x86_64.exe
Downloading nile for linux arm64 from https://github.com/imLinguin/nile/releases/download/v1.2.0/nile_linux_arm64
Downloading nile for darwin arm64 from https://github.com/imLinguin/nile/releases/download/v1.2.0/nile_macOS_arm64
Downloading GalaxyCommunication for win32 x64 from https://github.com/imLinguin/comet/releases/download/v0.2.0/GalaxyCommunication-dummy.exe
Downloading comet for linux x64 from https://github.com/imLinguin/comet/releases/download/v0.2.0/comet-x86_64-unknown-linux-gnu
Downloading comet for darwin x64 from https://github.com/imLinguin/comet/releases/download/v0.2.0/comet-x86_64-apple-darwin
Downloading comet for win32 x64 from https://github.com/imLinguin/comet/releases/download/v0.2.0/comet-x86_64-pc-windows-msvc.exe
Downloading comet for darwin arm64 from https://github.com/imLinguin/comet/releases/download/v0.2.0/comet-aarch64-apple-darwin
Downloading comet for linux arm64 from https://github.com/imLinguin/comet/releases/download/v0.2.0/comet-aarch64-unknown-linux-gnu
Downloading comet for win32 arm64 from https://github.com/imLinguin/comet/releases/download/v0.2.0/comet-aarch64-pc-windows-msvc.exe
Downloading EpicGamesLauncher for win32 x64 from https://github.com/Etaash-mathamsetty/heroic-epic-integration/releases/download/v0.4/EpicGamesLauncher.exe
Done downloading GalaxyCommunication for win32 x64
Done downloading EpicGamesLauncher for win32 x64
Done downloading gogdl for linux x64
Done downloading gogdl for linux arm64
Done downloading comet for linux arm64
Done downloading comet for win32 x64
Done downloading nile for darwin x64
Done downloading comet for darwin x64
Done downloading nile for darwin arm64
Done downloading gogdl for darwin x64
Done downloading gogdl for darwin arm64
Done downloading legendary for linux arm64
Done downloading gogdl for win32 x64
Done downloading gogdl for win32 arm64
Done downloading nile for linux x64
Done downloading nile for win32 x64
Done downloading comet for darwin arm64
Done downloading comet for linux x64
Done downloading nile for linux arm64
Done downloading comet for win32 arm64
Done downloading legendary for darwin x64
Done downloading legendary for darwin arm64
Done downloading legendary for linux x64
Done downloading legendary for win32 arm64
Done downloading legendary for win32 x64
vite v6.3.5 building SSR bundle for production...
transforming...
✓ 268 modules transformed.
rendering chunks...
build/main/chunks/windows-D79u1q4Z.js      1.21 kB │ map:     0.60 kB
build/main/chunks/linux-BCFzdMev.js        2.10 kB │ map:     1.07 kB
build/main/chunks/windows-F5IOkFmk.js      2.83 kB │ map:     1.44 kB
build/main/chunks/index-CFWHD77-.js        3.60 kB │ map:     1.98 kB
build/main/chunks/unix-KKeU1Zqb.js         3.95 kB │ map:     2.09 kB
build/main/chunks/macos-Cb8VCzAB.js        4.17 kB │ map:     2.14 kB
build/main/chunks/linux-CibtqTS0.js        5.70 kB │ map:     3.05 kB
build/main/chunks/windows-D564Kq9m.js      7.94 kB │ map:     4.27 kB
build/main/chunks/linux-BbjdN-nN.js        8.24 kB │ map:     4.06 kB
build/main/chunks/windows-OtlkwtE3.js      9.22 kB │ map:     4.82 kB
build/main/chunks/index-DVs2HbV_.js    1,297.02 kB │ map:   726.33 kB
build/main/main.js                     2,258.67 kB │ map: 1,234.52 kB
✓ built in 1.57s
vite v6.3.5 building SSR bundle for production...
transforming...
✓ 13 modules transformed.
rendering chunks...
build/preload/webviewPreload.js   3.07 kB
build/preload/index.js           11.04 kB
✓ built in 48ms
vite v6.3.5 building for production...
transforming...
✓ 13009 modules transformed.
Export "install" of module "src/frontend/helpers/library.ts" was reexported through module "src/frontend/helpers/index.ts" while both modules are dependencies of each other and will end up in different chunks by current Rollup settings. This scenario is not well supported at the moment as it will produce a circular dependency between chunks and will likely lead to broken execution order.
Either change the import in "src/frontend/screens/Library/components/GameCard/index.tsx" to point directly to the exporting module or reconfigure "output.manualChunks" to ensure these modules end up in the same chunk.
Export "launch" of module "src/frontend/helpers/library.ts" was reexported through module "src/frontend/helpers/index.ts" while both modules are dependencies of each other and will end up in different chunks by current Rollup settings. This scenario is not well supported at the moment as it will produce a circular dependency between chunks and will likely lead to broken execution order.
Either change the import in "src/frontend/screens/Library/components/GameCard/index.tsx" to point directly to the exporting module or reconfigure "output.manualChunks" to ensure these modules end up in the same chunk.
Export "repair" of module "src/frontend/helpers/library.ts" was reexported through module "src/frontend/helpers/index.ts" while both modules are dependencies of each other and will end up in different chunks by current Rollup settings. This scenario is not well supported at the moment as it will produce a circular dependency between chunks and will likely lead to broken execution order.
Either change the import in "src/frontend/screens/Game/GameSubMenu/index.tsx" to point directly to the exporting module or reconfigure "output.manualChunks" to ensure these modules end up in the same chunk.
Export "install" of module "src/frontend/helpers/library.ts" was reexported through module "src/frontend/helpers/index.ts" while both modules are dependencies of each other and will end up in different chunks by current Rollup settings. This scenario is not well supported at the moment as it will produce a circular dependency between chunks and will likely lead to broken execution order.
Either change the import in "src/frontend/components/UI/DLCList/DLC/index.tsx" to point directly to the exporting module or reconfigure "output.manualChunks" to ensure these modules end up in the same chunk.
Export "launch" of module "src/frontend/helpers/library.ts" was reexported through module "src/frontend/helpers/index.ts" while both modules are dependencies of each other and will end up in different chunks by current Rollup settings. This scenario is not well supported at the moment as it will produce a circular dependency between chunks and will likely lead to broken execution order.
Either change the import in "src/frontend/screens/Game/GamePage/index.tsx" to point directly to the exporting module or reconfigure "output.manualChunks" to ensure these modules end up in the same chunk.
Export "updateGame" of module "src/frontend/helpers/library.ts" was reexported through module "src/frontend/helpers/index.ts" while both modules are dependencies of each other and will end up in different chunks by current Rollup settings. This scenario is not well supported at the moment as it will produce a circular dependency between chunks and will likely lead to broken execution order.
Either change the import in "src/frontend/screens/Game/GamePage/index.tsx" to point directly to the exporting module or reconfigure "output.manualChunks" to ensure these modules end up in the same chunk.
Export "launch" of module "src/frontend/helpers/library.ts" was reexported through module "src/frontend/helpers/index.ts" while both modules are dependencies of each other and will end up in different chunks by current Rollup settings. This scenario is not well supported at the moment as it will produce a circular dependency between chunks and will likely lead to broken execution order.
Either change the import in "src/frontend/screens/ConsoleMode/components/LaunchOverlay/index.tsx" to point directly to the exporting module or reconfigure "output.manualChunks" to ensure these modules end up in the same chunk.
Export "install" of module "src/frontend/helpers/library.ts" was reexported through module "src/frontend/helpers/index.ts" while both modules are dependencies of each other and will end up in different chunks by current Rollup settings. This scenario is not well supported at the moment as it will produce a circular dependency between chunks and will likely lead to broken execution order.
Either change the import in "src/frontend/screens/ConsoleMode/InstallOverlay/index.tsx" to point directly to the exporting module or reconfigure "output.manualChunks" to ensure these modules end up in the same chunk.
Export "updateGame" of module "src/frontend/helpers/library.ts" was reexported through module "src/frontend/helpers/index.ts" while both modules are dependencies of each other and will end up in different chunks by current Rollup settings. This scenario is not well supported at the moment as it will produce a circular dependency between chunks and will likely lead to broken execution order.
Either change the import in "src/frontend/screens/ConsoleMode/index.tsx" to point directly to the exporting module or reconfigure "output.manualChunks" to ensure these modules end up in the same chunk.
rendering chunks...
[plugin vite:reporter] 
(!) /build/heroic-games-launcher-git/src/HeroicGamesLauncher/src/frontend/screens/Settings/index.tsx is dynamically imported by /build/heroic-games-launcher-git/src/HeroicGamesLauncher/src/frontend/App.tsx but also statically imported by /build/heroic-games-launcher-git/src/HeroicGamesLauncher/src/frontend/screens/Settings/components/AdvertiseAvxForRosetta.tsx, /build/heroic-games-launcher-git/src/HeroicGamesLauncher/src/frontend/screens/Settings/components/AutoDXVK.tsx, /build/heroic-games-launcher-git/src/HeroicGamesLauncher/src/frontend/screens/Settings/components/AutoDXVKNVAPI.tsx, /build/heroic-games-launcher-git/src/HeroicGamesLauncher/src/frontend/screens/Settings/components/AutoVKD3D.tsx, /build/heroic-games-launcher-git/src/HeroicGamesLauncher/src/frontend/screens/Settings/components/CrossoverBottle.tsx, /build/heroic-games-launcher-git/src/HeroicGamesLauncher/src/frontend/screens/Settings/components/DisableUMU.tsx, /build/heroic-games-launcher-git/src/HeroicGamesLauncher/src/frontend/screens/Settings/components/EnableDXVKFpsLimit.tsx, /build/heroic-games-launcher-git/src/HeroicGamesLauncher/src/frontend/screens/Settings/components/EnableMsync.tsx, /build/heroic-games-launcher-git/src/HeroicGamesLauncher/src/frontend/screens/Settings/components/PreferSystemLibs.tsx, /build/heroic-games-launcher-git/src/HeroicGamesLauncher/src/frontend/screens/Settings/components/SteamRuntime.tsx, /build/heroic-games-launcher-git/src/HeroicGamesLauncher/src/frontend/screens/Settings/components/WinePrefix.tsx, /build/heroic-games-launcher-git/src/HeroicGamesLauncher/src/frontend/screens/Settings/components/WineVersionSelector.tsx, /build/heroic-games-launcher-git/src/HeroicGamesLauncher/src/frontend/screens/Settings/sections/GamesSettings/index.tsx, /build/heroic-games-launcher-git/src/HeroicGamesLauncher/src/frontend/screens/Settings/sections/SyncSaves/index.tsx, dynamic import will not move module into another chunk.

build/index.html                                               0.52 kB
build/assets/SteamDeck_X-DwNz7cO3.png                          4.22 kB
build/assets/Switch_Left_Stick-CWpl1pz1.png                    4.30 kB
build/assets/PS5_Square-MF_dhaoW.png                           4.32 kB
build/assets/SteamDeck_R1-BpoU8NKQ.png                         4.32 kB
build/assets/rubik-hebrew-400-normal-DNObuXye.woff2            4.40 kB
build/assets/PS4_Left_Stick-Cl1iGT5u.png                       4.43 kB
build/assets/PS5_Cross-nKvb2zFH.png                            4.54 kB
build/assets/PS4_Circle-D75wZQZ5.png                           4.56 kB
build/assets/PS4_Right_Stick-Ajpmj18o.png                      4.68 kB
build/assets/PS5_Triangle-D12MO93J.png                         4.72 kB
build/assets/PS5_Left_Stick-Boc4jN1F.png                       5.13 kB
build/assets/SteamDeck_Left_Stick-DJTqmJ0Q.png                 5.18 kB
build/assets/XboxSeriesX_Left_Stick-Cji4AZEG.png               5.20 kB
build/assets/PS5_Circle-DCilCbz_.png                           5.36 kB
build/assets/PS5_Right_Stick-H1EufGXy.png                      5.43 kB
build/assets/XboxSeriesX_Right_Stick-Bs9FE3IW.png              5.51 kB
build/assets/SteamDeck_Right_Stick-CHgGJqZU.png                5.62 kB
build/assets/rubik-cyrillic-ext-400-normal-B_ISZE4R.woff2      5.83 kB
build/assets/PS5_Dpad-CUUVZ112.png                             6.14 kB
build/assets/rubik-cyrillic-400-normal-CFCITy_P.woff2          7.30 kB
build/assets/cabin-latin-ext-400-normal-CrIKaydt.woff2         8.32 kB
build/assets/rubik-latin-ext-400-normal-BvADScal.woff2         8.93 kB
build/assets/cabin-latin-400-normal-Csq5M_Nd.woff2            15.48 kB
build/assets/rubik-latin-400-normal-CRbIWQXK.woff2            17.42 kB
build/assets/cabin-all-400-normal-DslYAS_m.woff               35.50 kB
build/assets/rubik-all-400-normal-LeYnpOeC.woff               51.78 kB
build/assets/login-background-1536x864-CfEy_sdA.jpg          254.88 kB
build/assets/heroic_card-mjvSE_Ga.jpg                        747.21 kB
build/assets/NotoColorEmoji.subset-C9pS9TGB.ttf              847.88 kB
build/assets/index-BSLnMj59.css                                1.04 kB
build/assets/index-DMxiqAtn.css                                1.94 kB
build/assets/index-B4xQRPeW.css                                2.00 kB
build/assets/index-lagMOwZj.css                                2.01 kB
build/assets/index-CAPgwDuK.css                                3.51 kB
build/assets/index-CqrVUnvK.css                                4.78 kB
build/assets/index-BcMduF3p.css                                5.65 kB
build/assets/index-B62yxz-D.css                               13.63 kB
build/assets/index-BinpuJoz.css                               15.28 kB
build/assets/index-DXf_DXvM.css                               15.39 kB
build/assets/App-CQEcIAx7.css                                 42.60 kB
build/assets/index-DVBHWigm.css                              122.07 kB
build/assets/index-DxJJ6e2R.css                              144.07 kB
build/assets/tiny-invariant-BaFNuDhB.js                        0.08 kB
build/assets/ExpandMore-ihgBKDQO.js                            0.15 kB
build/assets/play-icon-DgeUjoLB.js                             0.32 kB
build/assets/stop-icon-BMXdz0YJ.js                             0.43 kB
build/assets/down-icon-DvSWTRGT.js                             0.53 kB
build/assets/constants-inAerHMd.js                             0.70 kB
build/assets/gog-logo-BpJcYmTY.js                              1.38 kB
build/assets/index-DTyz-8E5.js                                 2.19 kB
build/assets/hasStatus-DAOdUDQo.js                             2.74 kB
build/assets/index-DmuouTBo.js                                 4.27 kB
build/assets/Stack-CleJQyQW.js                                 4.75 kB
build/assets/zoom-logo-Ch9zVSL9.js                             4.79 kB
build/assets/index-BvqVxs2q.js                                 7.35 kB
build/assets/index-n2crHu6e.js                                 7.82 kB
build/assets/index-tNL0GHmV.js                                10.68 kB
build/assets/index-MXW9jXzK.js                                12.81 kB
build/assets/index-CO8eM6ZI.js                                21.18 kB
build/assets/index-DeFZZRfn.js                                55.05 kB
build/assets/index-FQnr2hzk.js                                80.56 kB
build/assets/index-BpvTDWqB.js                               347.46 kB
build/assets/index-C1cAqIeY.js                               391.11 kB
build/assets/index-CNVVWeie.js                               636.76 kB
build/assets/App-oBB701TK.js                               1,110.66 kB

(!) Some chunks are larger than 500 kB after minification. Consider:
- Using dynamic import() to code-split the application
- Use build.rollupOptions.output.manualChunks to improve chunking: https://rollupjs.org/configuration-options/#output-manualchunks
- Adjust chunk size limit for this warning via build.chunkSizeWarningLimit.
✓ built in 10.90s
  • electron-builder  version=26.8.1 os=7.1.5-arch1-1
  • loaded configuration  file=/build/heroic-games-launcher-git/src/HeroicGamesLauncher/electron-builder.yml
  • detected workspace root for project using packageManager field  pm=pnpm config=pnpm@10.28.0 resolved=/build/heroic-games-launcher-git/src/HeroicGamesLauncher projectDir=/build/heroic-games-launcher-git/src/HeroicGamesLauncher
  • executing @electron/rebuild  electronVersion=43.3.0 arch=x64 buildFromSource=false workspaceRoot=/build/heroic-games-launcher-git/src/HeroicGamesLauncher projectDir=./ appDir=./
  • installing native dependencies  arch=x64
  • completed installing native dependencies
  • packaging       platform=linux arch=x64 electron=43.3.0 appOutDir=dist/linux-unpacked
  • using custom unpacked Electron distribution  electronDist=/usr/lib/electron43/
  • copying unpacked Electron  source=/usr/lib/electron43 destination=/build/heroic-games-launcher-git/src/HeroicGamesLauncher/dist/linux-unpacked
  • searching for node modules  pm=pnpm searchDir=/build/heroic-games-launcher-git/src/HeroicGamesLauncher
(node:1894) [DEP0190] DeprecationWarning: Passing args to a child process with shell option true can lead to security vulnerabilities, as the arguments are not escaped, only concatenated.
(Use `node --trace-deprecation ...` to show where the warning was created)
