Lockfile is up to date, resolution step is skipped
Packages: +1373
++++++++++++++++++++++++++++++++++++++++++++++++++++++++++++++++++++++++++++++++
Progress: resolved 0, reused 0, downloaded 1, added 0
Progress: resolved 0, reused 0, downloaded 70, added 57

   ╭─────────────────────────────────────────╮
   │                                         │
   │   Update available! 10.28.0 → 12.4.2.   │
   │   Changelog: https://pnpm.io/v/12.4.2   │
   │    To update, run: pnpm add -g pnpm     │
   │                                         │
   ╰─────────────────────────────────────────╯

 WARN  Tarball download average speed 45 KiB/s (size 49 KiB) is below 50 KiB/s: https://registry.npmjs.org/json5/-/json5-2.2.3.tgz (GET)
Progress: resolved 0, reused 0, downloaded 159, added 138
Progress: resolved 0, reused 0, downloaded 257, added 261
Progress: resolved 0, reused 0, downloaded 410, added 421
Progress: resolved 0, reused 0, downloaded 552, added 588
 WARN  Tarball download average speed 8 KiB/s (size 15 KiB) is below 50 KiB/s: https://registry.npmjs.org/@eslint/core/-/core-0.14.0.tgz (GET)
 WARN  Tarball download average speed 41 KiB/s (size 59 KiB) is below 50 KiB/s: https://registry.npmjs.org/jackspeak/-/jackspeak-3.4.3.tgz (GET)
Progress: resolved 0, reused 0, downloaded 622, added 680
 WARN  Tarball download average speed 29 KiB/s (size 29 KiB) is below 50 KiB/s: https://registry.npmjs.org/global-agent/-/global-agent-3.0.0.tgz (GET)
 WARN  Tarball download average speed 9 KiB/s (size 14 KiB) is below 50 KiB/s: https://registry.npmjs.org/minimatch/-/minimatch-5.1.9.tgz (GET)
Progress: resolved 0, reused 0, downloaded 732, added 807
Progress: resolved 0, reused 0, downloaded 853, added 933
 WARN  Tarball download average speed 18 KiB/s (size 27 KiB) is below 50 KiB/s: https://registry.npmjs.org/jest-haste-map/-/jest-haste-map-29.7.0.tgz (GET)
Progress: resolved 0, reused 0, downloaded 1065, added 1162
 WARN  Tarball download average speed 12 KiB/s (size 36 KiB) is below 50 KiB/s: https://registry.npmjs.org/@babel/helper-module-transforms/-/helper-module-transforms-7.27.1.tgz (GET)
Progress: resolved 0, reused 0, downloaded 1239, added 1354
 WARN  Tarball download average speed 23 KiB/s (size 29 KiB) is below 50 KiB/s: https://registry.npmjs.org/type-fest/-/type-fest-0.13.1.tgz (GET)
Progress: resolved 0, reused 0, downloaded 1245, added 1360
Progress: resolved 0, reused 0, downloaded 1249, added 1365
Progress: resolved 0, reused 0, downloaded 1252, added 1368
Progress: resolved 0, reused 0, downloaded 1253, added 1369
Progress: resolved 0, reused 0, downloaded 1254, added 1369
Progress: resolved 0, reused 0, downloaded 1254, added 1370
Progress: resolved 0, reused 0, downloaded 1255, added 1370
Progress: resolved 0, reused 0, downloaded 1255, added 1372
Progress: resolved 0, reused 0, downloaded 1256, added 1372
Progress: resolved 0, reused 0, downloaded 1256, added 1373, done

Done in 33.8s using pnpm v10.28.0

> heroic@2.22.3 download-helper-binaries /build/heroic-games-launcher-git/src/HeroicGamesLauncher
> esbuild --bundle --platform=node --target=node21 meta/downloadHelperBinaries.ts | node

Downloading: [ 'legendary', 'gogdl', 'nile', 'comet', 'epic-integration' ]
Downloading legendary for linux x64 from https://github.com/legendary-gl/legendary/releases/download/0.21.1/legendary_linux_x64
Downloading legendary for darwin x64 from https://github.com/legendary-gl/legendary/releases/download/0.21.1/legendary_macOS_x64
Downloading legendary for win32 x64 from https://github.com/legendary-gl/legendary/releases/download/0.21.1/legendary_windows_x64.exe
Downloading legendary for linux arm64 from https://github.com/legendary-gl/legendary/releases/download/0.21.1/legendary_linux_arm64
Downloading legendary for darwin arm64 from https://github.com/legendary-gl/legendary/releases/download/0.21.1/legendary_macOS_arm64
Downloading legendary for win32 arm64 from https://github.com/legendary-gl/legendary/releases/download/0.21.1/legendary_windows_arm64.exe
Downloading gogdl for linux x64 from https://github.com/Heroic-Games-Launcher/heroic-gogdl/releases/download/v1.3.0/gogdl_linux_x86_64
Downloading gogdl for darwin x64 from https://github.com/Heroic-Games-Launcher/heroic-gogdl/releases/download/v1.3.0/gogdl_macOS_x86_64
Downloading gogdl for win32 x64 from https://github.com/Heroic-Games-Launcher/heroic-gogdl/releases/download/v1.3.0/gogdl_windows_x86_64.exe
Downloading gogdl for linux arm64 from https://github.com/Heroic-Games-Launcher/heroic-gogdl/releases/download/v1.3.0/gogdl_linux_arm64
Downloading gogdl for darwin arm64 from https://github.com/Heroic-Games-Launcher/heroic-gogdl/releases/download/v1.3.0/gogdl_macOS_arm64
Downloading gogdl for win32 arm64 from https://github.com/Heroic-Games-Launcher/heroic-gogdl/releases/download/v1.3.0/gogdl_windows_arm64.exe
Downloading nile for linux x64 from https://github.com/imLinguin/nile/releases/download/v1.2.0/nile_linux_x86_64
Downloading nile for darwin x64 from https://github.com/imLinguin/nile/releases/download/v1.2.0/nile_macOS_x86_64
Downloading nile for win32 x64 from https://github.com/imLinguin/nile/releases/download/v1.2.0/nile_windows_x86_64.exe
Downloading nile for linux arm64 from https://github.com/imLinguin/nile/releases/download/v1.2.0/nile_linux_arm64
Downloading nile for darwin arm64 from https://github.com/imLinguin/nile/releases/download/v1.2.0/nile_macOS_arm64
Downloading GalaxyCommunication for win32 x64 from https://github.com/imLinguin/comet/releases/download/v0.2.0/GalaxyCommunication-dummy.exe
Downloading comet for linux x64 from https://github.com/imLinguin/comet/releases/download/v0.2.0/comet-x86_64-unknown-linux-gnu
Downloading comet for darwin x64 from https://github.com/imLinguin/comet/releases/download/v0.2.0/comet-x86_64-apple-darwin
Downloading comet for win32 x64 from https://github.com/imLinguin/comet/releases/download/v0.2.0/comet-x86_64-pc-windows-msvc.exe
Downloading comet for darwin arm64 from https://github.com/imLinguin/comet/releases/download/v0.2.0/comet-aarch64-apple-darwin
Downloading comet for linux arm64 from https://github.com/imLinguin/comet/releases/download/v0.2.0/comet-aarch64-unknown-linux-gnu
Downloading comet for win32 arm64 from https://github.com/imLinguin/comet/releases/download/v0.2.0/comet-aarch64-pc-windows-msvc.exe
Downloading EpicGamesLauncher for win32 x64 from https://github.com/Etaash-mathamsetty/heroic-epic-integration/releases/download/v0.4/EpicGamesLauncher.exe
Done downloading GalaxyCommunication for win32 x64
Done downloading EpicGamesLauncher for win32 x64
Done downloading gogdl for linux x64
Done downloading gogdl for linux arm64
Done downloading legendary for linux x64
Done downloading legendary for linux arm64
Done downloading nile for darwin arm64
Done downloading gogdl for darwin arm64
Done downloading comet for linux arm64
Done downloading nile for darwin x64
Done downloading nile for linux x64
Done downloading comet for darwin arm64
Done downloading nile for linux arm64
Done downloading comet for win32 arm64
Done downloading comet for linux x64
Done downloading comet for darwin x64
Done downloading gogdl for darwin x64
Done downloading comet for win32 x64
Done downloading gogdl for win32 x64
Done downloading gogdl for win32 arm64
Done downloading nile for win32 x64
Done downloading legendary for darwin arm64
Done downloading legendary for darwin x64
Done downloading legendary for win32 arm64
Done downloading legendary for win32 x64

> heroic@2.22.3 dist:linux /build/heroic-games-launcher-git/src/HeroicGamesLauncher
> pnpm run build && electron-builder --linux --dir --x64 -c.electronDist=/usr/lib/electron43/ -c.electronVersion=43.7.1


> heroic@2.22.3 prebuild /build/heroic-games-launcher-git/src/HeroicGamesLauncher
> rm -rf build


> heroic@2.22.3 build /build/heroic-games-launcher-git/src/HeroicGamesLauncher
> electron-vite build

vite v6.3.5 building SSR bundle for production...
transforming...
✓ 942 modules transformed.
rendering chunks...
build/main/chunks/windows2.js       1.20 kB │ map:     0.59 kB
build/main/chunks/linux2.js         1.94 kB │ map:     0.99 kB
build/main/chunks/index2.js         3.58 kB │ map:     1.97 kB
build/main/chunks/unix.js           3.93 kB │ map:     2.08 kB
build/main/chunks/macos.js          4.17 kB │ map:     2.14 kB
build/main/chunks/windows3.js       4.21 kB │ map:     1.49 kB
build/main/chunks/linux3.js         5.53 kB │ map:     2.96 kB
build/main/chunks/linux.js          8.58 kB │ map:     4.06 kB
build/main/chunks/windows4.js       9.31 kB │ map:     4.30 kB
build/main/chunks/windows.js       10.59 kB │ map:     4.87 kB
build/main/chunks/index.js        764.92 kB │ map:   418.06 kB
build/main/main.js             13,221.07 kB │ map: 7,067.67 kB
✓ built in 5.67s
vite v6.3.5 building SSR bundle for production...
transforming...
✓ 13 modules transformed.
rendering chunks...
build/preload/webviewPreload.js   3.07 kB
build/preload/index.js           11.07 kB
✓ built in 60ms
vite v6.3.5 building for production...
transforming...
✓ 13042 modules transformed.
rendering chunks...
build/index.html                                      0.51 kB
build/assets/SteamDeck_X.png                          4.22 kB
build/assets/Switch_Left_Stick.png                    4.30 kB
build/assets/PS5_Square.png                           4.32 kB
build/assets/SteamDeck_R1.png                         4.32 kB
build/assets/rubik-hebrew-400-normal.woff2            4.40 kB
build/assets/PS4_Left_Stick.png                       4.43 kB
build/assets/PS5_Cross.png                            4.54 kB
build/assets/PS4_Circle.png                           4.56 kB
build/assets/PS4_Right_Stick.png                      4.68 kB
build/assets/PS5_Triangle.png                         4.72 kB
build/assets/PS5_Left_Stick.png                       5.13 kB
build/assets/SteamDeck_Left_Stick.png                 5.18 kB
build/assets/XboxSeriesX_Left_Stick.png               5.20 kB
build/assets/PS5_Circle.png                           5.36 kB
build/assets/PS5_Right_Stick.png                      5.43 kB
build/assets/XboxSeriesX_Right_Stick.png              5.51 kB
build/assets/SteamDeck_Right_Stick.png                5.62 kB
build/assets/rubik-cyrillic-ext-400-normal.woff2      5.83 kB
build/assets/PS5_Dpad.png                             6.14 kB
build/assets/rubik-cyrillic-400-normal.woff2          7.30 kB
build/assets/cabin-latin-ext-400-normal.woff2         8.32 kB
build/assets/rubik-latin-ext-400-normal.woff2         8.93 kB
build/assets/cabin-latin-400-normal.woff2            15.48 kB
build/assets/rubik-latin-400-normal.woff2            17.42 kB
build/assets/cabin-all-400-normal.woff               35.50 kB
build/assets/rubik-all-400-normal.woff               51.78 kB
build/assets/login-background-1536x864.jpg          254.88 kB
build/assets/heroic_card.jpg                        747.21 kB
build/assets/NotoColorEmoji.subset.ttf              847.88 kB
build/assets/index9.css                               0.37 kB
build/assets/index12.css                              1.04 kB
build/assets/index6.css                               1.94 kB
build/assets/index3.css                               2.00 kB
build/assets/index14.css                              2.01 kB
build/assets/index10.css                              3.51 kB
build/assets/index8.css                               4.64 kB
build/assets/index11.css                              4.78 kB
build/assets/index4.css                               5.64 kB
build/assets/index7.css                              13.63 kB
build/assets/index2.css                              15.28 kB
build/assets/index5.css                              15.59 kB
build/assets/App.css                                 40.04 kB
build/assets/index13.css                            121.98 kB
build/assets/index.css                              143.92 kB
build/assets/tiny-invariant.js                        0.08 kB
build/assets/ExpandMore.js                            0.15 kB
build/assets/play-icon.js                             0.32 kB
build/assets/stop-icon.js                             0.43 kB
build/assets/DeleteOutline.js                         0.51 kB
build/assets/down-icon.js                             0.53 kB
build/assets/constants.js                             0.69 kB
build/assets/gog-logo.js                              1.38 kB
build/assets/index12.js                               1.38 kB
build/assets/index14.js                               2.17 kB
build/assets/index13.js                               2.45 kB
build/assets/hasStatus.js                             2.73 kB
build/assets/index9.js                                4.26 kB
build/assets/zoom-logo.js                             4.79 kB
build/assets/index7.js                                7.30 kB
build/assets/index2.js                                7.79 kB
build/assets/index3.js                               10.64 kB
build/assets/index11.js                              12.82 kB
build/assets/Slider.js                               20.48 kB
build/assets/index10.js                              21.15 kB
build/assets/index6.js                               32.58 kB
build/assets/index.js                                55.02 kB
build/assets/index5.js                               80.86 kB
build/assets/index4.js                              347.34 kB
build/assets/index8.js                              391.07 kB
build/assets/index-DVySXrWT.js                      678.18 kB
build/assets/App.js                               1,067.08 kB

(!) Some chunks are larger than 500 kB after minification. Consider:
- Using dynamic import() to code-split the application
- Use build.rollupOptions.output.manualChunks to improve chunking: https://rollupjs.org/configuration-options/#output-manualchunks
- Adjust chunk size limit for this warning via build.chunkSizeWarningLimit.
✓ built in 11.36s
  • electron-builder  version=26.8.1 os=7.2.4-arch1-2
  • loaded configuration  file=/build/heroic-games-launcher-git/src/HeroicGamesLauncher/electron-builder.yml
  • detected workspace root for project using packageManager field  pm=pnpm config=pnpm@10.28.0 resolved=/build/heroic-games-launcher-git/src/HeroicGamesLauncher projectDir=/build/heroic-games-launcher-git/src/HeroicGamesLauncher
  • executing @electron/rebuild  electronVersion=43.7.1 arch=x64 buildFromSource=false workspaceRoot=/build/heroic-games-launcher-git/src/HeroicGamesLauncher projectDir=./ appDir=./
  • installing native dependencies  arch=x64
  • completed installing native dependencies
  • packaging       platform=linux arch=x64 electron=43.7.1 appOutDir=dist/linux-unpacked
  • using custom unpacked Electron distribution  electronDist=/usr/lib/electron43/
  • copying unpacked Electron  source=/usr/lib/electron43 destination=/build/heroic-games-launcher-git/src/HeroicGamesLauncher/dist/linux-unpacked
  • searching for node modules  pm=pnpm searchDir=/build/heroic-games-launcher-git/src/HeroicGamesLauncher
(node:1855) [DEP0190] DeprecationWarning: Passing args to a child process with shell option true can lead to security vulnerabilities, as the arguments are not escaped, only concatenated.
(Use `node --trace-deprecation ...` to show where the warning was created)
