-- Install configuration: "None"
-- Installing: /build/hugin-hg/pkg/hugin-hg/usr/lib/hugin/libceleste.so.0.0
-- Set non-toolchain portion of runtime path of "/build/hugin-hg/pkg/hugin-hg/usr/lib/hugin/libceleste.so.0.0" to "/usr/lib/hugin"
-- Installing: /build/hugin-hg/pkg/hugin-hg/usr/bin/celeste_standalone
-- Set non-toolchain portion of runtime path of "/build/hugin-hg/pkg/hugin-hg/usr/bin/celeste_standalone" to "/usr/lib/hugin"
-- Installing: /build/hugin-hg/pkg/hugin-hg/usr/share/hugin/data/celeste.model
-- Installing: /build/hugin-hg/pkg/hugin-hg/usr/lib/hugin/libhuginbase.so.0.0
-- Set non-toolchain portion of runtime path of "/build/hugin-hg/pkg/hugin-hg/usr/lib/hugin/libhuginbase.so.0.0" to "/usr/lib/hugin"
-- Installing: /build/hugin-hg/pkg/hugin-hg/usr/bin/nona
-- Set non-toolchain portion of runtime path of "/build/hugin-hg/pkg/hugin-hg/usr/bin/nona" to "/usr/lib/hugin"
-- Installing: /build/hugin-hg/pkg/hugin-hg/usr/bin/vig_optimize
-- Set non-toolchain portion of runtime path of "/build/hugin-hg/pkg/hugin-hg/usr/bin/vig_optimize" to "/usr/lib/hugin"
-- Installing: /build/hugin-hg/pkg/hugin-hg/usr/bin/autooptimiser
-- Set non-toolchain portion of runtime path of "/build/hugin-hg/pkg/hugin-hg/usr/bin/autooptimiser" to "/usr/lib/hugin"
-- Installing: /build/hugin-hg/pkg/hugin-hg/usr/bin/fulla
-- Set non-toolchain portion of runtime path of "/build/hugin-hg/pkg/hugin-hg/usr/bin/fulla" to "/usr/lib/hugin"
-- Installing: /build/hugin-hg/pkg/hugin-hg/usr/bin/align_image_stack
-- Set non-toolchain portion of runtime path of "/build/hugin-hg/pkg/hugin-hg/usr/bin/align_image_stack" to "/usr/lib/hugin"
-- Installing: /build/hugin-hg/pkg/hugin-hg/usr/bin/linefind
-- Set non-toolchain portion of runtime path of "/build/hugin-hg/pkg/hugin-hg/usr/bin/linefind" to "/usr/lib/hugin"
-- Installing: /build/hugin-hg/pkg/hugin-hg/usr/bin/geocpset
-- Set non-toolchain portion of runtime path of "/build/hugin-hg/pkg/hugin-hg/usr/bin/geocpset" to "/usr/lib/hugin"
-- Installing: /build/hugin-hg/pkg/hugin-hg/usr/bin/tca_correct
-- Set non-toolchain portion of runtime path of "/build/hugin-hg/pkg/hugin-hg/usr/bin/tca_correct" to "/usr/lib/hugin"
-- Installing: /build/hugin-hg/pkg/hugin-hg/usr/bin/cpclean
-- Set non-toolchain portion of runtime path of "/build/hugin-hg/pkg/hugin-hg/usr/bin/cpclean" to "/usr/lib/hugin"
-- Installing: /build/hugin-hg/pkg/hugin-hg/usr/bin/checkpto
-- Set non-toolchain portion of runtime path of "/build/hugin-hg/pkg/hugin-hg/usr/bin/checkpto" to "/usr/lib/hugin"
-- Installing: /build/hugin-hg/pkg/hugin-hg/usr/bin/hugin_hdrmerge
-- Set non-toolchain portion of runtime path of "/build/hugin-hg/pkg/hugin-hg/usr/bin/hugin_hdrmerge" to "/usr/lib/hugin"
-- Installing: /build/hugin-hg/pkg/hugin-hg/usr/bin/pano_trafo
-- Set non-toolchain portion of runtime path of "/build/hugin-hg/pkg/hugin-hg/usr/bin/pano_trafo" to "/usr/lib/hugin"
-- Installing: /build/hugin-hg/pkg/hugin-hg/usr/bin/pano_modify
-- Set non-toolchain portion of runtime path of "/build/hugin-hg/pkg/hugin-hg/usr/bin/pano_modify" to "/usr/lib/hugin"
-- Installing: /build/hugin-hg/pkg/hugin-hg/usr/bin/pto_merge
-- Set non-toolchain portion of runtime path of "/build/hugin-hg/pkg/hugin-hg/usr/bin/pto_merge" to "/usr/lib/hugin"
-- Installing: /build/hugin-hg/pkg/hugin-hg/usr/bin/pto_gen
-- Set non-toolchain portion of runtime path of "/build/hugin-hg/pkg/hugin-hg/usr/bin/pto_gen" to "/usr/lib/hugin"
-- Installing: /build/hugin-hg/pkg/hugin-hg/usr/bin/pto_var
-- Set non-toolchain portion of runtime path of "/build/hugin-hg/pkg/hugin-hg/usr/bin/pto_var" to "/usr/lib/hugin"
-- Installing: /build/hugin-hg/pkg/hugin-hg/usr/bin/pto_lensstack
-- Set non-toolchain portion of runtime path of "/build/hugin-hg/pkg/hugin-hg/usr/bin/pto_lensstack" to "/usr/lib/hugin"
-- Installing: /build/hugin-hg/pkg/hugin-hg/usr/bin/pto_template
-- Set non-toolchain portion of runtime path of "/build/hugin-hg/pkg/hugin-hg/usr/bin/pto_template" to "/usr/lib/hugin"
-- Installing: /build/hugin-hg/pkg/hugin-hg/usr/bin/pto_mask
-- Set non-toolchain portion of runtime path of "/build/hugin-hg/pkg/hugin-hg/usr/bin/pto_mask" to "/usr/lib/hugin"
-- Installing: /build/hugin-hg/pkg/hugin-hg/usr/bin/pto_move
-- Set non-toolchain portion of runtime path of "/build/hugin-hg/pkg/hugin-hg/usr/bin/pto_move" to "/usr/lib/hugin"
-- Installing: /build/hugin-hg/pkg/hugin-hg/usr/bin/hugin_lensdb
-- Set non-toolchain portion of runtime path of "/build/hugin-hg/pkg/hugin-hg/usr/bin/hugin_lensdb" to "/usr/lib/hugin"
-- Installing: /build/hugin-hg/pkg/hugin-hg/usr/bin/verdandi
-- Set non-toolchain portion of runtime path of "/build/hugin-hg/pkg/hugin-hg/usr/bin/verdandi" to "/usr/lib/hugin"
-- Installing: /build/hugin-hg/pkg/hugin-hg/usr/bin/hugin_stacker
-- Set non-toolchain portion of runtime path of "/build/hugin-hg/pkg/hugin-hg/usr/bin/hugin_stacker" to "/usr/lib/hugin"
-- Installing: /build/hugin-hg/pkg/hugin-hg/usr/share/applications/pto_gen.desktop
-- Installing: /build/hugin-hg/pkg/hugin-hg/usr/bin/deghosting_mask
-- Set non-toolchain portion of runtime path of "/build/hugin-hg/pkg/hugin-hg/usr/bin/deghosting_mask" to "/usr/lib/hugin"
-- Installing: /build/hugin-hg/pkg/hugin-hg/usr/lib/hugin/libhugin_python_interface.so.0.0
-- Set non-toolchain portion of runtime path of "/build/hugin-hg/pkg/hugin-hg/usr/lib/hugin/libhugin_python_interface.so.0.0" to "/usr/lib/hugin"
-- Installing: /build/hugin-hg/pkg/hugin-hg/usr/lib/python3.14/site-packages/_hsi.so
-- Set non-toolchain portion of runtime path of "/build/hugin-hg/pkg/hugin-hg/usr/lib/python3.14/site-packages/_hsi.so" to "/usr/lib/hugin"
-- Installing: /build/hugin-hg/pkg/hugin-hg/usr/lib/python3.14/site-packages/hpi.py
-- Installing: /build/hugin-hg/pkg/hugin-hg/usr/lib/python3.14/site-packages/hsi.py
-- Installing: /build/hugin-hg/pkg/hugin-hg/usr/share/hugin/data/plugins/top_five.py
-- Installing: /build/hugin-hg/pkg/hugin-hg/usr/share/hugin/data/plugins/woa.py
-- Installing: /build/hugin-hg/pkg/hugin-hg/usr/share/hugin/data/plugins/README_woa.txt
-- Installing: /build/hugin-hg/pkg/hugin-hg/usr/share/hugin/data/plugins-templates/dual_use.py
-- Installing: /build/hugin-hg/pkg/hugin-hg/usr/share/hugin/data/plugins-templates/plugin_skeleton.py
-- Installing: /build/hugin-hg/pkg/hugin-hg/usr/lib/hugin/liblocalfeatures.so.0.0
-- Set non-toolchain portion of runtime path of "/build/hugin-hg/pkg/hugin-hg/usr/lib/hugin/liblocalfeatures.so.0.0" to "/usr/lib/hugin"
-- Installing: /build/hugin-hg/pkg/hugin-hg/usr/bin/cpfind
-- Set non-toolchain portion of runtime path of "/build/hugin-hg/pkg/hugin-hg/usr/bin/cpfind" to "/usr/lib/hugin"
-- Installing: /build/hugin-hg/pkg/hugin-hg/usr/share/locale/ca_ES/LC_MESSAGES/hugin.mo
-- Installing: /build/hugin-hg/pkg/hugin-hg/usr/share/locale/ca_ES@valencia/LC_MESSAGES/hugin.mo
-- Installing: /build/hugin-hg/pkg/hugin-hg/usr/share/locale/cs_CZ/LC_MESSAGES/hugin.mo
-- Installing: /build/hugin-hg/pkg/hugin-hg/usr/share/locale/da/LC_MESSAGES/hugin.mo
-- Installing: /build/hugin-hg/pkg/hugin-hg/usr/share/locale/de/LC_MESSAGES/hugin.mo
-- Installing: /build/hugin-hg/pkg/hugin-hg/usr/share/locale/en_GB/LC_MESSAGES/hugin.mo
-- Installing: /build/hugin-hg/pkg/hugin-hg/usr/share/locale/es/LC_MESSAGES/hugin.mo
-- Installing: /build/hugin-hg/pkg/hugin-hg/usr/share/locale/eu/LC_MESSAGES/hugin.mo
-- Installing: /build/hugin-hg/pkg/hugin-hg/usr/share/locale/fi/LC_MESSAGES/hugin.mo
-- Installing: /build/hugin-hg/pkg/hugin-hg/usr/share/locale/fr/LC_MESSAGES/hugin.mo
-- Installing: /build/hugin-hg/pkg/hugin-hg/usr/share/locale/hu/LC_MESSAGES/hugin.mo
-- Installing: /build/hugin-hg/pkg/hugin-hg/usr/share/locale/it/LC_MESSAGES/hugin.mo
-- Installing: /build/hugin-hg/pkg/hugin-hg/usr/share/locale/ja/LC_MESSAGES/hugin.mo
-- Installing: /build/hugin-hg/pkg/hugin-hg/usr/share/locale/nl/LC_MESSAGES/hugin.mo
-- Installing: /build/hugin-hg/pkg/hugin-hg/usr/share/locale/pl/LC_MESSAGES/hugin.mo
-- Installing: /build/hugin-hg/pkg/hugin-hg/usr/share/locale/pt_BR/LC_MESSAGES/hugin.mo
-- Installing: /build/hugin-hg/pkg/hugin-hg/usr/share/locale/ro/LC_MESSAGES/hugin.mo
-- Installing: /build/hugin-hg/pkg/hugin-hg/usr/share/locale/ru/LC_MESSAGES/hugin.mo
-- Installing: /build/hugin-hg/pkg/hugin-hg/usr/share/locale/sk/LC_MESSAGES/hugin.mo
-- Installing: /build/hugin-hg/pkg/hugin-hg/usr/share/locale/sv/LC_MESSAGES/hugin.mo
-- Installing: /build/hugin-hg/pkg/hugin-hg/usr/share/locale/zh_CN/LC_MESSAGES/hugin.mo
-- Installing: /build/hugin-hg/pkg/hugin-hg/usr/share/locale/zh_TW/LC_MESSAGES/hugin.mo
-- Installing: /build/hugin-hg/pkg/hugin-hg/usr/lib/hugin/libhuginbasewx.so.0.0
-- Set non-toolchain portion of runtime path of "/build/hugin-hg/pkg/hugin-hg/usr/lib/hugin/libhuginbasewx.so.0.0" to "/usr/lib/hugin"
-- Installing: /build/hugin-hg/pkg/hugin-hg/usr/share/hugin/data/hugin_exiftool_copy.arg
-- Installing: /build/hugin-hg/pkg/hugin-hg/usr/share/hugin/data/hugin_exiftool_final_example.arg
-- Installing: /build/hugin-hg/pkg/hugin-hg/usr/bin/hugin_stitch_project
-- Set non-toolchain portion of runtime path of "/build/hugin-hg/pkg/hugin-hg/usr/bin/hugin_stitch_project" to "/usr/lib/hugin"
-- Installing: /build/hugin-hg/pkg/hugin-hg/usr/lib/hugin/libicpfindlib.so.0.0
-- Set non-toolchain portion of runtime path of "/build/hugin-hg/pkg/hugin-hg/usr/lib/hugin/libicpfindlib.so.0.0" to "/usr/lib/hugin"
-- Installing: /build/hugin-hg/pkg/hugin-hg/usr/bin/icpfind
-- Set non-toolchain portion of runtime path of "/build/hugin-hg/pkg/hugin-hg/usr/bin/icpfind" to "/usr/lib/hugin"
-- Installing: /build/hugin-hg/pkg/hugin-hg/usr/share/hugin/data/default.setting
-- Installing: /build/hugin-hg/pkg/hugin-hg/usr/bin/hugin_executor
-- Set non-toolchain portion of runtime path of "/build/hugin-hg/pkg/hugin-hg/usr/bin/hugin_executor" to "/usr/lib/hugin"
-- Installing: /build/hugin-hg/pkg/hugin-hg/usr/share/hugin/data/output/blended_stacks.executor
-- Installing: /build/hugin-hg/pkg/hugin-hg/usr/share/hugin/data/output/focus_stack.executor
-- Installing: /build/hugin-hg/pkg/hugin-hg/usr/share/hugin/data/output/fused_layers.executor
-- Installing: /build/hugin-hg/pkg/hugin-hg/usr/share/hugin/data/output/hdr_pano.executor
-- Installing: /build/hugin-hg/pkg/hugin-hg/usr/share/hugin/data/output/median_stack.executor
-- Installing: /build/hugin-hg/pkg/hugin-hg/usr/share/hugin/data/output/normal_enblend.executor
-- Installing: /build/hugin-hg/pkg/hugin-hg/usr/share/hugin/data/output/normal_enblend_cubic.executor
-- Installing: /build/hugin-hg/pkg/hugin-hg/usr/share/hugin/data/output/normal_layered_tiff.executor
-- Installing: /build/hugin-hg/pkg/hugin-hg/usr/share/hugin/data/output/normal_smartblend.executor
-- Installing: /build/hugin-hg/pkg/hugin-hg/usr/share/hugin/data/output/zeronoise.executor
-- Installing: /build/hugin-hg/pkg/hugin-hg/usr/share/hugin/data/assistant/duallens.assistant
-- Installing: /build/hugin-hg/pkg/hugin-hg/usr/share/hugin/data/assistant/multirow.assistant
-- Installing: /build/hugin-hg/pkg/hugin-hg/usr/share/hugin/data/assistant/normal.assistant
-- Installing: /build/hugin-hg/pkg/hugin-hg/usr/share/hugin/data/assistant/scanned.assistant
-- Installing: /build/hugin-hg/pkg/hugin-hg/usr/share/hugin/data/assistant/scanned2.assistant
-- Installing: /build/hugin-hg/pkg/hugin-hg/usr/share/hugin/data/assistant/stacked.assistant
-- Installing: /build/hugin-hg/pkg/hugin-hg/usr/share/hugin/data/hugin_rt.pp3
-- Installing: /build/hugin-hg/pkg/hugin-hg/usr/bin/hugin
-- Set non-toolchain portion of runtime path of "/build/hugin-hg/pkg/hugin-hg/usr/bin/hugin" to "/usr/lib/hugin"
-- Installing: /build/hugin-hg/pkg/hugin-hg/usr/share/applications/hugin.desktop
-- Installing: /build/hugin-hg/pkg/hugin-hg/usr/share/icons/hicolor/48x48/mimetypes/application-x-ptoptimizer-script.png
-- Installing: /build/hugin-hg/pkg/hugin-hg/usr/share/mime/packages/hugin.xml
-- Installing: /build/hugin-hg/pkg/hugin-hg/usr/share/hugin/xrc/about.xrc
-- Installing: /build/hugin-hg/pkg/hugin-hg/usr/share/hugin/xrc/batch_frame.xrc
-- Installing: /build/hugin-hg/pkg/hugin-hg/usr/share/hugin/xrc/batch_menu.xrc
-- Installing: /build/hugin-hg/pkg/hugin-hg/usr/share/hugin/xrc/batch_toolbar.xrc
-- Installing: /build/hugin-hg/pkg/hugin-hg/usr/share/hugin/xrc/cp_editor_panel.xrc
-- Installing: /build/hugin-hg/pkg/hugin-hg/usr/share/hugin/xrc/cp_list_frame.xrc
-- Installing: /build/hugin-hg/pkg/hugin-hg/usr/share/hugin/xrc/cpdetector_dialog.xrc
-- Installing: /build/hugin-hg/pkg/hugin-hg/usr/share/hugin/xrc/dlg_warning.xrc
-- Installing: /build/hugin-hg/pkg/hugin-hg/usr/share/hugin/xrc/edit_script_dialog.xrc
-- Installing: /build/hugin-hg/pkg/hugin-hg/usr/share/hugin/xrc/image_variable_dlg.xrc
-- Installing: /build/hugin-hg/pkg/hugin-hg/usr/share/hugin/xrc/images_panel.xrc
-- Installing: /build/hugin-hg/pkg/hugin-hg/usr/share/hugin/xrc/import_raw_dialog.xrc
-- Installing: /build/hugin-hg/pkg/hugin-hg/usr/share/hugin/xrc/lenscal_frame.xrc
-- Installing: /build/hugin-hg/pkg/hugin-hg/usr/share/hugin/xrc/lensdb_dialogs.xrc
-- Installing: /build/hugin-hg/pkg/hugin-hg/usr/share/hugin/xrc/main_frame.xrc
-- Installing: /build/hugin-hg/pkg/hugin-hg/usr/share/hugin/xrc/main_menu.xrc
-- Installing: /build/hugin-hg/pkg/hugin-hg/usr/share/hugin/xrc/main_tool.xrc
-- Installing: /build/hugin-hg/pkg/hugin-hg/usr/share/hugin/xrc/mask_editor_panel.xrc
-- Installing: /build/hugin-hg/pkg/hugin-hg/usr/share/hugin/xrc/optimize_panel.xrc
-- Installing: /build/hugin-hg/pkg/hugin-hg/usr/share/hugin/xrc/optimize_photo_panel.xrc
-- Installing: /build/hugin-hg/pkg/hugin-hg/usr/share/hugin/xrc/pano_panel.xrc
-- Installing: /build/hugin-hg/pkg/hugin-hg/usr/share/hugin/xrc/pref_dialog.xrc
-- Installing: /build/hugin-hg/pkg/hugin-hg/usr/share/hugin/xrc/preview_frame.xrc
-- Installing: /build/hugin-hg/pkg/hugin-hg/usr/share/hugin/xrc/reset_dialog.xrc
-- Installing: /build/hugin-hg/pkg/hugin-hg/usr/share/hugin/xrc/toolbox_panel.xrc
-- Installing: /build/hugin-hg/pkg/hugin-hg/usr/share/hugin/xrc/data/add_project.svg
-- Installing: /build/hugin-hg/pkg/hugin-hg/usr/share/hugin/xrc/data/add_projects.svg
-- Installing: /build/hugin-hg/pkg/hugin-hg/usr/share/hugin/xrc/data/autocrop_tool.svg
-- Installing: /build/hugin-hg/pkg/hugin-hg/usr/share/hugin/xrc/data/center_pano.svg
-- Installing: /build/hugin-hg/pkg/hugin-hg/usr/share/hugin/xrc/data/crop_tool.svg
-- Installing: /build/hugin-hg/pkg/hugin-hg/usr/share/hugin/xrc/data/dedication.htm
-- Installing: /build/hugin-hg/pkg/hugin-hg/usr/share/hugin/xrc/data/drag_tool.svg
-- Installing: /build/hugin-hg/pkg/hugin-hg/usr/share/hugin/xrc/data/edit_add.svg
-- Installing: /build/hugin-hg/pkg/hugin-hg/usr/share/hugin/xrc/data/filenew.svg
-- Installing: /build/hugin-hg/pkg/hugin-hg/usr/share/hugin/xrc/data/fileopen.svg
-- Installing: /build/hugin-hg/pkg/hugin-hg/usr/share/hugin/xrc/data/filesave.svg
-- Installing: /build/hugin-hg/pkg/hugin-hg/usr/share/hugin/xrc/data/filesaveas.svg
-- Installing: /build/hugin-hg/pkg/hugin-hg/usr/share/hugin/xrc/data/fit_pano.svg
-- Installing: /build/hugin-hg/pkg/hugin-hg/usr/share/hugin/xrc/data/gl_preview.svg
-- Installing: /build/hugin-hg/pkg/hugin-hg/usr/share/hugin/xrc/data/hugin.ico
-- Installing: /build/hugin-hg/pkg/hugin-hg/usr/share/hugin/xrc/data/hugin.png
-- Installing: /build/hugin-hg/pkg/hugin-hg/usr/share/hugin/xrc/data/hugin.svg
-- Installing: /build/hugin-hg/pkg/hugin-hg/usr/share/hugin/xrc/data/identify_tool.svg
-- Installing: /build/hugin-hg/pkg/hugin-hg/usr/share/hugin/xrc/data/info.svg
-- Installing: /build/hugin-hg/pkg/hugin-hg/usr/share/hugin/xrc/data/intro.htm
-- Installing: /build/hugin-hg/pkg/hugin-hg/usr/share/hugin/xrc/data/keyboard_pl.html
-- Installing: /build/hugin-hg/pkg/hugin-hg/usr/share/hugin/xrc/data/list.svg
-- Installing: /build/hugin-hg/pkg/hugin-hg/usr/share/hugin/xrc/data/number1.svg
-- Installing: /build/hugin-hg/pkg/hugin-hg/usr/share/hugin/xrc/data/number2.svg
-- Installing: /build/hugin-hg/pkg/hugin-hg/usr/share/hugin/xrc/data/number3.svg
-- Installing: /build/hugin-hg/pkg/hugin-hg/usr/share/hugin/xrc/data/optimize.svg
-- Installing: /build/hugin-hg/pkg/hugin-hg/usr/share/hugin/xrc/data/output_blended_fused.png
-- Installing: /build/hugin-hg/pkg/hugin-hg/usr/share/hugin/xrc/data/output_fused_blended.png
-- Installing: /build/hugin-hg/pkg/hugin-hg/usr/share/hugin/xrc/data/output_hdr.png
-- Installing: /build/hugin-hg/pkg/hugin-hg/usr/share/hugin/xrc/data/output_normal.png
-- Installing: /build/hugin-hg/pkg/hugin-hg/usr/share/hugin/xrc/data/pause.svg
-- Installing: /build/hugin-hg/pkg/hugin-hg/usr/share/hugin/xrc/data/photometric.svg
-- Installing: /build/hugin-hg/pkg/hugin-hg/usr/share/hugin/xrc/data/preview.svg
-- Installing: /build/hugin-hg/pkg/hugin-hg/usr/share/hugin/xrc/data/preview_auto_update.svg
-- Installing: /build/hugin-hg/pkg/hugin-hg/usr/share/hugin/xrc/data/preview_control_point_tool.svg
-- Installing: /build/hugin-hg/pkg/hugin-hg/usr/share/hugin/xrc/data/preview_layout.svg
-- Installing: /build/hugin-hg/pkg/hugin-hg/usr/share/hugin/xrc/data/preview_num_transform.svg
-- Installing: /build/hugin-hg/pkg/hugin-hg/usr/share/hugin/xrc/data/preview_show_all.svg
-- Installing: /build/hugin-hg/pkg/hugin-hg/usr/share/hugin/xrc/data/preview_show_none.svg
-- Installing: /build/hugin-hg/pkg/hugin-hg/usr/share/hugin/xrc/data/preview_white_balance.svg
-- Installing: /build/hugin-hg/pkg/hugin-hg/usr/share/hugin/xrc/data/ptbatcher.ico
-- Installing: /build/hugin-hg/pkg/hugin-hg/usr/share/hugin/xrc/data/ptbatcher.png
-- Installing: /build/hugin-hg/pkg/hugin-hg/usr/share/hugin/xrc/data/ptbatcher_pause.ico
-- Installing: /build/hugin-hg/pkg/hugin-hg/usr/share/hugin/xrc/data/ptbatcher_pause.png
-- Installing: /build/hugin-hg/pkg/hugin-hg/usr/share/hugin/xrc/data/ptbatcher_running.ico
-- Installing: /build/hugin-hg/pkg/hugin-hg/usr/share/hugin/xrc/data/ptbatcher_running.png
-- Installing: /build/hugin-hg/pkg/hugin-hg/usr/share/hugin/xrc/data/pto_icon.ico
-- Installing: /build/hugin-hg/pkg/hugin-hg/usr/share/hugin/xrc/data/redo.svg
-- Installing: /build/hugin-hg/pkg/hugin-hg/usr/share/hugin/xrc/data/reload.svg
-- Installing: /build/hugin-hg/pkg/hugin-hg/usr/share/hugin/xrc/data/remove_project.svg
-- Installing: /build/hugin-hg/pkg/hugin-hg/usr/share/hugin/xrc/data/skip.svg
-- Installing: /build/hugin-hg/pkg/hugin-hg/usr/share/hugin/xrc/data/splash.png
-- Installing: /build/hugin-hg/pkg/hugin-hg/usr/share/hugin/xrc/data/sponsors.htm
-- Installing: /build/hugin-hg/pkg/hugin-hg/usr/share/hugin/xrc/data/start.svg
-- Installing: /build/hugin-hg/pkg/hugin-hg/usr/share/hugin/xrc/data/stop.svg
-- Installing: /build/hugin-hg/pkg/hugin-hg/usr/share/hugin/xrc/data/straighten_pano.svg
-- Installing: /build/hugin-hg/pkg/hugin-hg/usr/share/hugin/xrc/data/tips.txt
-- Installing: /build/hugin-hg/pkg/hugin-hg/usr/share/hugin/xrc/data/undo.svg
-- Installing: /build/hugin-hg/pkg/hugin-hg/usr/share/hugin/xrc/data/upstream.txt
-- Installing: /build/hugin-hg/pkg/hugin-hg/usr/share/hugin/xrc/data/about.htm
-- Installing: /build/hugin-hg/pkg/hugin-hg/usr/share/hugin/xrc/data/COPYING.txt
-- Installing: /build/hugin-hg/pkg/hugin-hg/usr/share/hugin/data/expressions.ini
-- Installing: /build/hugin-hg/pkg/hugin-hg/usr/share/hugin/xrc/data/help_en_EN/0014985448cc97c209313a079e4eda593c810582.png
-- Installing: /build/hugin-hg/pkg/hugin-hg/usr/share/hugin/xrc/data/help_en_EN/0881f567a2579a682ece721d6d93816eecbcff0d.png
-- Installing: /build/hugin-hg/pkg/hugin-hg/usr/share/hugin/xrc/data/help_en_EN/0d04667eb3325cfad4ec50e994bf00c22782f509.png
-- Installing: /build/hugin-hg/pkg/hugin-hg/usr/share/hugin/xrc/data/help_en_EN/0f203b686a923982358b9274fb508753ac31b996.png
-- Installing: /build/hugin-hg/pkg/hugin-hg/usr/share/hugin/xrc/data/help_en_EN/100px-Big_ben_transverse_mercator.jpg
-- Installing: /build/hugin-hg/pkg/hugin-hg/usr/share/hugin/xrc/data/help_en_EN/100px-PC_img01.jpg
-- Installing: /build/hugin-hg/pkg/hugin-hg/usr/share/hugin/xrc/data/help_en_EN/100px-PC_img02.jpg
-- Installing: /build/hugin-hg/pkg/hugin-hg/usr/share/hugin/xrc/data/help_en_EN/100px-PC_img03.jpg
-- Installing: /build/hugin-hg/pkg/hugin-hg/usr/share/hugin/xrc/data/help_en_EN/100px-PC_img04.jpg
-- Installing: /build/hugin-hg/pkg/hugin-hg/usr/share/hugin/xrc/data/help_en_EN/100px-PC_img05.jpg
-- Installing: /build/hugin-hg/pkg/hugin-hg/usr/share/hugin/xrc/data/help_en_EN/100px-PC_img06.jpg
-- Installing: /build/hugin-hg/pkg/hugin-hg/usr/share/hugin/xrc/data/help_en_EN/100px-PC_img07.jpg
-- Installing: /build/hugin-hg/pkg/hugin-hg/usr/share/hugin/xrc/data/help_en_EN/100px-PC_img08.jpg
-- Installing: /build/hugin-hg/pkg/hugin-hg/usr/share/hugin/xrc/data/help_en_EN/100px-PC_img09.jpg
-- Installing: /build/hugin-hg/pkg/hugin-hg/usr/share/hugin/xrc/data/help_en_EN/120px-Flatfield1_Munich.jpg
-- Installing: /build/hugin-hg/pkg/hugin-hg/usr/share/hugin/xrc/data/help_en_EN/120px-Flatfield2_Munich.jpg
-- Installing: /build/hugin-hg/pkg/hugin-hg/usr/share/hugin/xrc/data/help_en_EN/120px-Flatfield3_Munich.jpg
-- Installing: /build/hugin-hg/pkg/hugin-hg/usr/share/hugin/xrc/data/help_en_EN/120px-Flatfield4_Munich.jpg
-- Installing: /build/hugin-hg/pkg/hugin-hg/usr/share/hugin/xrc/data/help_en_EN/132e57acb643253e7810ee9702d9581f159a1c61.png
-- Installing: /build/hugin-hg/pkg/hugin-hg/usr/share/hugin/xrc/data/help_en_EN/150px-Ben_Equisolid.jpg
-- Installing: /build/hugin-hg/pkg/hugin-hg/usr/share/hugin/xrc/data/help_en_EN/150px-Ben_Orthographic.jpg
-- Installing: /build/hugin-hg/pkg/hugin-hg/usr/share/hugin/xrc/data/help_en_EN/150px-Big_ben_fisheye.jpg
-- Installing: /build/hugin-hg/pkg/hugin-hg/usr/share/hugin/xrc/data/help_en_EN/150px-Big_ben_rectilinear.jpg
-- Installing: /build/hugin-hg/pkg/hugin-hg/usr/share/hugin/xrc/data/help_en_EN/150px-Big_ben_stereographic.jpg
-- Installing: /build/hugin-hg/pkg/hugin-hg/usr/share/hugin/xrc/data/help_en_EN/16bit.html
-- Installing: /build/hugin-hg/pkg/hugin-hg/usr/share/hugin/xrc/data/help_en_EN/16bit_workflow_with_hugin.html
-- Installing: /build/hugin-hg/pkg/hugin-hg/usr/share/hugin/xrc/data/help_en_EN/180px-LagardePont-fish.jpg
-- Installing: /build/hugin-hg/pkg/hugin-hg/usr/share/hugin/xrc/data/help_en_EN/1876c10b5fac40156f4cd7ab00928c9fc2bed36b.png
-- Installing: /build/hugin-hg/pkg/hugin-hg/usr/share/hugin/xrc/data/help_en_EN/1d8b2987693a73b6ef2eb74783d2e51786789f89.png
-- Installing: /build/hugin-hg/pkg/hugin-hg/usr/share/hugin/xrc/data/help_en_EN/1d90bc6b2f34e2398a9accb8c63bb46bdcf8a629.png
-- Installing: /build/hugin-hg/pkg/hugin-hg/usr/share/hugin/xrc/data/help_en_EN/200px-Ben_Architectural.jpg
-- Installing: /build/hugin-hg/pkg/hugin-hg/usr/share/hugin/xrc/data/help_en_EN/200px-Ben_Lambert_cylindrical_equal_area.jpg
-- Installing: /build/hugin-hg/pkg/hugin-hg/usr/share/hugin/xrc/data/help_en_EN/200px-Ben_Miller_cylindrical.jpg
-- Installing: /build/hugin-hg/pkg/hugin-hg/usr/share/hugin/xrc/data/help_en_EN/200px-Big_ben_cubic.jpg
-- Installing: /build/hugin-hg/pkg/hugin-hg/usr/share/hugin/xrc/data/help_en_EN/200px-Big_ben_equirectangular.jpg
-- Installing: /build/hugin-hg/pkg/hugin-hg/usr/share/hugin/xrc/data/help_en_EN/200px-Big_ben_mercator.jpg
-- Installing: /build/hugin-hg/pkg/hugin-hg/usr/share/hugin/xrc/data/help_en_EN/200px-Bin_ben_sinusoidal.jpg
-- Installing: /build/hugin-hg/pkg/hugin-hg/usr/share/hugin/xrc/data/help_en_EN/200px-Hugin-2011.0_fpw_overview.png
-- Installing: /build/hugin-hg/pkg/hugin-hg/usr/share/hugin/xrc/data/help_en_EN/200px-Hugin2013_overview.png
-- Installing: /build/hugin-hg/pkg/hugin-hg/usr/share/hugin/xrc/data/help_en_EN/200px-Panoglview.png
-- Installing: /build/hugin-hg/pkg/hugin-hg/usr/share/hugin/xrc/data/help_en_EN/220px-Ben_Equirectangular_panini.jpg
-- Installing: /build/hugin-hg/pkg/hugin-hg/usr/share/hugin/xrc/data/help_en_EN/228647b7d4a18b6c8c0c390b439a61da8fafec76.png
-- Installing: /build/hugin-hg/pkg/hugin-hg/usr/share/hugin/xrc/data/help_en_EN/250px-Cubic.jpg
-- Installing: /build/hugin-hg/pkg/hugin-hg/usr/share/hugin/xrc/data/help_en_EN/250px-Cylindrical.JPG
-- Installing: /build/hugin-hg/pkg/hugin-hg/usr/share/hugin/xrc/data/help_en_EN/250px-Equirectangular.JPG
-- Installing: /build/hugin-hg/pkg/hugin-hg/usr/share/hugin/xrc/data/help_en_EN/250px-Equirectangular_cut.jpg
-- Installing: /build/hugin-hg/pkg/hugin-hg/usr/share/hugin/xrc/data/help_en_EN/250px-LagardePont-defish.jpg
-- Installing: /build/hugin-hg/pkg/hugin-hg/usr/share/hugin/xrc/data/help_en_EN/250px-Little_planet.jpg
-- Installing: /build/hugin-hg/pkg/hugin-hg/usr/share/hugin/xrc/data/help_en_EN/250px-Orientation-plate.jpg
-- Installing: /build/hugin-hg/pkg/hugin-hg/usr/share/hugin/xrc/data/help_en_EN/250px-Rectlinear.JPG
-- Installing: /build/hugin-hg/pkg/hugin-hg/usr/share/hugin/xrc/data/help_en_EN/250px-TKS-Mmm-obliquev120-gP70_50_50.png
-- Installing: /build/hugin-hg/pkg/hugin-hg/usr/share/hugin/xrc/data/help_en_EN/250px-TKS-Mmm-obliquev120-recti.png
-- Installing: /build/hugin-hg/pkg/hugin-hg/usr/share/hugin/xrc/data/help_en_EN/2c5d28ca1131956936f41807db3895584e54ba78.png
-- Installing: /build/hugin-hg/pkg/hugin-hg/usr/share/hugin/xrc/data/help_en_EN/300px-2125768589_b.jpg
-- Installing: /build/hugin-hg/pkg/hugin-hg/usr/share/hugin/xrc/data/help_en_EN/300px-Fast_preview_guide_crop.png
-- Installing: /build/hugin-hg/pkg/hugin-hg/usr/share/hugin/xrc/data/help_en_EN/300px-Fast_preview_guide_drag.png
-- Installing: /build/hugin-hg/pkg/hugin-hg/usr/share/hugin/xrc/data/help_en_EN/300px-Fast_preview_guide_identify.png
-- Installing: /build/hugin-hg/pkg/hugin-hg/usr/share/hugin/xrc/data/help_en_EN/300px-Fast_preview_guide_rotate_drag.png
-- Installing: /build/hugin-hg/pkg/hugin-hg/usr/share/hugin/xrc/data/help_en_EN/300px-Fast_preview_guide_start.png
-- Installing: /build/hugin-hg/pkg/hugin-hg/usr/share/hugin/xrc/data/help_en_EN/300px-Focal_length.gif
-- Installing: /build/hugin-hg/pkg/hugin-hg/usr/share/hugin/xrc/data/help_en_EN/300px-Hugin2013_layout_tab.png
-- Installing: /build/hugin-hg/pkg/hugin-hg/usr/share/hugin/xrc/data/help_en_EN/300px-Lamp_enfuse.jpg
-- Installing: /build/hugin-hg/pkg/hugin-hg/usr/share/hugin/xrc/data/help_en_EN/300px-SimpleGui_stitch_popup.png
-- Installing: /build/hugin-hg/pkg/hugin-hg/usr/share/hugin/xrc/data/help_en_EN/360px-Pantheon-150x100-rect-panini.jpg
-- Installing: /build/hugin-hg/pkg/hugin-hg/usr/share/hugin/xrc/data/help_en_EN/36408bbe3513b733d360cf77918a5cbfbedef425.png
-- Installing: /build/hugin-hg/pkg/hugin-hg/usr/share/hugin/xrc/data/help_en_EN/39178db26b94bc87f737b575c304974110ba292b.png
-- Installing: /build/hugin-hg/pkg/hugin-hg/usr/share/hugin/xrc/data/help_en_EN/400px-220x120deg-panini-grid.png
-- Installing: /build/hugin-hg/pkg/hugin-hg/usr/share/hugin/xrc/data/help_en_EN/435638222a3155b22cedd949f090863742aeb32e.png
-- Installing: /build/hugin-hg/pkg/hugin-hg/usr/share/hugin/xrc/data/help_en_EN/468496ffa63b733cefc74a49e3eb869acb771abe.png
-- Installing: /build/hugin-hg/pkg/hugin-hg/usr/share/hugin/xrc/data/help_en_EN/4b0bfb3769bf24d80e15374dc37b0441e2616e33.png
-- Installing: /build/hugin-hg/pkg/hugin-hg/usr/share/hugin/xrc/data/help_en_EN/500px-Hugin2013_projection_tab.png
-- Installing: /build/hugin-hg/pkg/hugin-hg/usr/share/hugin/xrc/data/help_en_EN/566a3cea17751229daea11d526505235164b25df.png
-- Installing: /build/hugin-hg/pkg/hugin-hg/usr/share/hugin/xrc/data/help_en_EN/5b71f1d3fb01a7173133cf27840d65890345ba44.png
-- Installing: /build/hugin-hg/pkg/hugin-hg/usr/share/hugin/xrc/data/help_en_EN/600px-Hugin2013_crop_tab.png
-- Installing: /build/hugin-hg/pkg/hugin-hg/usr/share/hugin/xrc/data/help_en_EN/600px-Hugin2013_move_drag_tab.png
-- Installing: /build/hugin-hg/pkg/hugin-hg/usr/share/hugin/xrc/data/help_en_EN/600px-Tuebingen_Neckarfront_small15_2006-06-11.jpg
-- Installing: /build/hugin-hg/pkg/hugin-hg/usr/share/hugin/xrc/data/help_en_EN/600px-Tuebingen_Neckarfront_withdustspots_small15_2006-06-11.jpg
-- Installing: /build/hugin-hg/pkg/hugin-hg/usr/share/hugin/xrc/data/help_en_EN/6307c8a99dad7d0bcb712352ae0a748bd99a038b.png
-- Installing: /build/hugin-hg/pkg/hugin-hg/usr/share/hugin/xrc/data/help_en_EN/652e1fd9c3a2ca00e1a517783cdbb0e18e4181f8.png
-- Installing: /build/hugin-hg/pkg/hugin-hg/usr/share/hugin/xrc/data/help_en_EN/6969c411977839d7af14df4000f56edfba759aed.png
-- Installing: /build/hugin-hg/pkg/hugin-hg/usr/share/hugin/xrc/data/help_en_EN/6a4493e959276bb2365c2f4255a4749ed324d741.png
-- Installing: /build/hugin-hg/pkg/hugin-hg/usr/share/hugin/xrc/data/help_en_EN/6aea83a57db153f846b8b7b1a8306e59c4e43ef0.png
-- Installing: /build/hugin-hg/pkg/hugin-hg/usr/share/hugin/xrc/data/help_en_EN/6e5a86d56d252eb4d556c47ef65cbb3e9f5a9d2e.png
-- Installing: /build/hugin-hg/pkg/hugin-hg/usr/share/hugin/xrc/data/help_en_EN/6e5ab2664b422d53eb0c7df3b87e1360d75ad9af.png
-- Installing: /build/hugin-hg/pkg/hugin-hg/usr/share/hugin/xrc/data/help_en_EN/700px-Autopano-done.png
-- Installing: /build/hugin-hg/pkg/hugin-hg/usr/share/hugin/xrc/data/help_en_EN/700px-Hugin2013_photos_tab.png
-- Installing: /build/hugin-hg/pkg/hugin-hg/usr/share/hugin/xrc/data/help_en_EN/700px-Hugin2013_preview_tab.png
-- Installing: /build/hugin-hg/pkg/hugin-hg/usr/share/hugin/xrc/data/help_en_EN/73efd1f6493490b058097060a572606d2c550a06.png
-- Installing: /build/hugin-hg/pkg/hugin-hg/usr/share/hugin/xrc/data/help_en_EN/77b1d0af49406a510722c741051555ca7ae87b1b.png
-- Installing: /build/hugin-hg/pkg/hugin-hg/usr/share/hugin/xrc/data/help_en_EN/7a52a97d85628ff81bb576d212dcae925f38f1eb.png
-- Installing: /build/hugin-hg/pkg/hugin-hg/usr/share/hugin/xrc/data/help_en_EN/800px-C_Marchi-GrandCentral-adj.jpg
-- Installing: /build/hugin-hg/pkg/hugin-hg/usr/share/hugin/xrc/data/help_en_EN/8cf629bdcc90521bb174119ac00d2f82e66b6858.png
-- Installing: /build/hugin-hg/pkg/hugin-hg/usr/share/hugin/xrc/data/help_en_EN/8d3ef9dbe5e117eb5bb0de31eb3d72ae5ee9878c.png
-- Installing: /build/hugin-hg/pkg/hugin-hg/usr/share/hugin/xrc/data/help_en_EN/927996686539d9eacf2e62a8cf730cc117529091.png
-- Installing: /build/hugin-hg/pkg/hugin-hg/usr/share/hugin/xrc/data/help_en_EN/Aliasing.html
-- Installing: /build/hugin-hg/pkg/hugin-hg/usr/share/hugin/xrc/data/help_en_EN/AliasingPsCubic.jpg
-- Installing: /build/hugin-hg/pkg/hugin-hg/usr/share/hugin/xrc/data/help_en_EN/AliasingPsCubic_2x.jpg
-- Installing: /build/hugin-hg/pkg/hugin-hg/usr/share/hugin/xrc/data/help_en_EN/AliasingPtPoly3.jpg
-- Installing: /build/hugin-hg/pkg/hugin-hg/usr/share/hugin/xrc/data/help_en_EN/AliasingPtPoly3_2x.jpg
-- Installing: /build/hugin-hg/pkg/hugin-hg/usr/share/hugin/xrc/data/help_en_EN/Align_a_stack_of_photos.html
-- Installing: /build/hugin-hg/pkg/hugin-hg/usr/share/hugin/xrc/data/help_en_EN/Align_image_stack.html
-- Installing: /build/hugin-hg/pkg/hugin-hg/usr/share/hugin/xrc/data/help_en_EN/Alpha_channel.html
-- Installing: /build/hugin-hg/pkg/hugin-hg/usr/share/hugin/xrc/data/help_en_EN/Aspect_Ratio.html
-- Installing: /build/hugin-hg/pkg/hugin-hg/usr/share/hugin/xrc/data/help_en_EN/Autooptimiser.html
-- Installing: /build/hugin-hg/pkg/hugin-hg/usr/share/hugin/xrc/data/help_en_EN/Autopano-align.png
-- Installing: /build/hugin-hg/pkg/hugin-hg/usr/share/hugin/xrc/data/help_en_EN/Autopano-prefs.png
-- Installing: /build/hugin-hg/pkg/hugin-hg/usr/share/hugin/xrc/data/help_en_EN/Autopano-searching.png
-- Installing: /build/hugin-hg/pkg/hugin-hg/usr/share/hugin/xrc/data/help_en_EN/Autopano-sift-C.html
-- Installing: /build/hugin-hg/pkg/hugin-hg/usr/share/hugin/xrc/data/help_en_EN/Autopano-sift.html
-- Installing: /build/hugin-hg/pkg/hugin-hg/usr/share/hugin/xrc/data/help_en_EN/Autopano.html
-- Installing: /build/hugin-hg/pkg/hugin-hg/usr/share/hugin/xrc/data/help_en_EN/Banding.html
-- Installing: /build/hugin-hg/pkg/hugin-hg/usr/share/hugin/xrc/data/help_en_EN/Barrel-distortion.jpg
-- Installing: /build/hugin-hg/pkg/hugin-hg/usr/share/hugin/xrc/data/help_en_EN/Barrel_distortion.html
-- Installing: /build/hugin-hg/pkg/hugin-hg/usr/share/hugin/xrc/data/help_en_EN/Big_ben_circ_fisheye.jpg
-- Installing: /build/hugin-hg/pkg/hugin-hg/usr/share/hugin/xrc/data/help_en_EN/Big_ben_cubic.jpg
-- Installing: /build/hugin-hg/pkg/hugin-hg/usr/share/hugin/xrc/data/help_en_EN/Big_ben_cylindrical.jpg
-- Installing: /build/hugin-hg/pkg/hugin-hg/usr/share/hugin/xrc/data/help_en_EN/Big_ben_equirectangular.jpg
-- Installing: /build/hugin-hg/pkg/hugin-hg/usr/share/hugin/xrc/data/help_en_EN/Big_ben_ff_fisheye.jpg
-- Installing: /build/hugin-hg/pkg/hugin-hg/usr/share/hugin/xrc/data/help_en_EN/Big_ben_rectilinear.jpg
-- Installing: /build/hugin-hg/pkg/hugin-hg/usr/share/hugin/xrc/data/help_en_EN/Big_ben_stereographic.jpg
-- Installing: /build/hugin-hg/pkg/hugin-hg/usr/share/hugin/xrc/data/help_en_EN/Bracketing.html
-- Installing: /build/hugin-hg/pkg/hugin-hg/usr/share/hugin/xrc/data/help_en_EN/Bubble-distortion.jpg
-- Installing: /build/hugin-hg/pkg/hugin-hg/usr/share/hugin/xrc/data/help_en_EN/CA_artifical_B_Y.jpg
-- Installing: /build/hugin-hg/pkg/hugin-hg/usr/share/hugin/xrc/data/help_en_EN/CA_artifical_R_C.jpg
-- Installing: /build/hugin-hg/pkg/hugin-hg/usr/share/hugin/xrc/data/help_en_EN/CA_fringes00.jpg
-- Installing: /build/hugin-hg/pkg/hugin-hg/usr/share/hugin/xrc/data/help_en_EN/CA_fringes01.gif
-- Installing: /build/hugin-hg/pkg/hugin-hg/usr/share/hugin/xrc/data/help_en_EN/CA_fringes01.jpg
-- Installing: /build/hugin-hg/pkg/hugin-hg/usr/share/hugin/xrc/data/help_en_EN/CA_strange01.gif
-- Installing: /build/hugin-hg/pkg/hugin-hg/usr/share/hugin/xrc/data/help_en_EN/CA_strange01.jpg
-- Installing: /build/hugin-hg/pkg/hugin-hg/usr/share/hugin/xrc/data/help_en_EN/CA_strange02.jpg
-- Installing: /build/hugin-hg/pkg/hugin-hg/usr/share/hugin/xrc/data/help_en_EN/CA_tCA00.jpg
-- Installing: /build/hugin-hg/pkg/hugin-hg/usr/share/hugin/xrc/data/help_en_EN/CA_tCA01.gif
-- Installing: /build/hugin-hg/pkg/hugin-hg/usr/share/hugin/xrc/data/help_en_EN/CA_tCA01.jpg
-- Installing: /build/hugin-hg/pkg/hugin-hg/usr/share/hugin/xrc/data/help_en_EN/CA_tCA02.jpg
-- Installing: /build/hugin-hg/pkg/hugin-hg/usr/share/hugin/xrc/data/help_en_EN/CA_tCA03.jpg
-- Installing: /build/hugin-hg/pkg/hugin-hg/usr/share/hugin/xrc/data/help_en_EN/CCD.html
-- Installing: /build/hugin-hg/pkg/hugin-hg/usr/share/hugin/xrc/data/help_en_EN/Calibrate_lens_gui.html
-- Installing: /build/hugin-hg/pkg/hugin-hg/usr/share/hugin/xrc/data/help_en_EN/Camera_response_curve.html
-- Installing: /build/hugin-hg/pkg/hugin-hg/usr/share/hugin/xrc/data/help_en_EN/Celeste_cpeditor_post.jpg
-- Installing: /build/hugin-hg/pkg/hugin-hg/usr/share/hugin/xrc/data/help_en_EN/Celeste_cpeditor_pre.jpg
-- Installing: /build/hugin-hg/pkg/hugin-hg/usr/share/hugin/xrc/data/help_en_EN/Celeste_done.jpg
-- Installing: /build/hugin-hg/pkg/hugin-hg/usr/share/hugin/xrc/data/help_en_EN/Celeste_images_panel.jpg
-- Installing: /build/hugin-hg/pkg/hugin-hg/usr/share/hugin/xrc/data/help_en_EN/Celeste_preferences.jpg
-- Installing: /build/hugin-hg/pkg/hugin-hg/usr/share/hugin/xrc/data/help_en_EN/Celeste_standalone.html
-- Installing: /build/hugin-hg/pkg/hugin-hg/usr/share/hugin/xrc/data/help_en_EN/Checkpto.html
-- Installing: /build/hugin-hg/pkg/hugin-hg/usr/share/hugin/xrc/data/help_en_EN/Chromatic_aberration.html
-- Installing: /build/hugin-hg/pkg/hugin-hg/usr/share/hugin/xrc/data/help_en_EN/Color_correct_tiff.html
-- Installing: /build/hugin-hg/pkg/hugin-hg/usr/share/hugin/xrc/data/help_en_EN/Colour_profile.html
-- Installing: /build/hugin-hg/pkg/hugin-hg/usr/share/hugin/xrc/data/help_en_EN/Contrast.html
-- Installing: /build/hugin-hg/pkg/hugin-hg/usr/share/hugin/xrc/data/help_en_EN/Control_Point_Detector_Parameters.html
-- Installing: /build/hugin-hg/pkg/hugin-hg/usr/share/hugin/xrc/data/help_en_EN/Control_point_generators.html
-- Installing: /build/hugin-hg/pkg/hugin-hg/usr/share/hugin/xrc/data/help_en_EN/Control_points.html
-- Installing: /build/hugin-hg/pkg/hugin-hg/usr/share/hugin/xrc/data/help_en_EN/Cpclean.html
-- Installing: /build/hugin-hg/pkg/hugin-hg/usr/share/hugin/xrc/data/help_en_EN/Cpfind.html
-- Installing: /build/hugin-hg/pkg/hugin-hg/usr/share/hugin/xrc/data/help_en_EN/Crop_factor.html
-- Installing: /build/hugin-hg/pkg/hugin-hg/usr/share/hugin/xrc/data/help_en_EN/Cropped_TIFF.html
-- Installing: /build/hugin-hg/pkg/hugin-hg/usr/share/hugin/xrc/data/help_en_EN/Cubic.html
-- Installing: /build/hugin-hg/pkg/hugin-hg/usr/share/hugin/xrc/data/help_en_EN/Cubic_Projection.html
-- Installing: /build/hugin-hg/pkg/hugin-hg/usr/share/hugin/xrc/data/help_en_EN/Cylindrical.html
-- Installing: /build/hugin-hg/pkg/hugin-hg/usr/share/hugin/xrc/data/help_en_EN/Cylindrical_Projection.html
-- Installing: /build/hugin-hg/pkg/hugin-hg/usr/share/hugin/xrc/data/help_en_EN/Cylindrical_panorama.html
-- Installing: /build/hugin-hg/pkg/hugin-hg/usr/share/hugin/xrc/data/help_en_EN/DSLR_spherical_resolution.html
-- Installing: /build/hugin-hg/pkg/hugin-hg/usr/share/hugin/xrc/data/help_en_EN/Depth_of_Field.html
-- Installing: /build/hugin-hg/pkg/hugin-hg/usr/share/hugin/xrc/data/help_en_EN/Diffraction.html
-- Installing: /build/hugin-hg/pkg/hugin-hg/usr/share/hugin/xrc/data/help_en_EN/Dust_Removal_with_Flatfield.html
-- Installing: /build/hugin-hg/pkg/hugin-hg/usr/share/hugin/xrc/data/help_en_EN/Dynamic_range.html
-- Installing: /build/hugin-hg/pkg/hugin-hg/usr/share/hugin/xrc/data/help_en_EN/EXIF.html
-- Installing: /build/hugin-hg/pkg/hugin-hg/usr/share/hugin/xrc/data/help_en_EN/Enblend.html
-- Installing: /build/hugin-hg/pkg/hugin-hg/usr/share/hugin/xrc/data/help_en_EN/Enfuse.html
-- Installing: /build/hugin-hg/pkg/hugin-hg/usr/share/hugin/xrc/data/help_en_EN/Entrance_pupil.html
-- Installing: /build/hugin-hg/pkg/hugin-hg/usr/share/hugin/xrc/data/help_en_EN/Equirectangular.html
-- Installing: /build/hugin-hg/pkg/hugin-hg/usr/share/hugin/xrc/data/help_en_EN/Equirectangular_Panini.html
-- Installing: /build/hugin-hg/pkg/hugin-hg/usr/share/hugin/xrc/data/help_en_EN/Equirectangular_Projection.html
-- Installing: /build/hugin-hg/pkg/hugin-hg/usr/share/hugin/xrc/data/help_en_EN/Exposure_correction.html
-- Installing: /build/hugin-hg/pkg/hugin-hg/usr/share/hugin/xrc/data/help_en_EN/Field_of_View.html
-- Installing: /build/hugin-hg/pkg/hugin-hg/usr/share/hugin/xrc/data/help_en_EN/Fisheye.html
-- Installing: /build/hugin-hg/pkg/hugin-hg/usr/share/hugin/xrc/data/help_en_EN/Fisheye_Projection.html
-- Installing: /build/hugin-hg/pkg/hugin-hg/usr/share/hugin/xrc/data/help_en_EN/Flags.png
-- Installing: /build/hugin-hg/pkg/hugin-hg/usr/share/hugin/xrc/data/help_en_EN/Focal_Length.html
-- Installing: /build/hugin-hg/pkg/hugin-hg/usr/share/hugin/xrc/data/help_en_EN/Freepv.html
-- Installing: /build/hugin-hg/pkg/hugin-hg/usr/share/hugin/xrc/data/help_en_EN/Fulla.html
-- Installing: /build/hugin-hg/pkg/hugin-hg/usr/share/hugin/xrc/data/help_en_EN/GIF.html
-- Installing: /build/hugin-hg/pkg/hugin-hg/usr/share/hugin/xrc/data/help_en_EN/Gamma.html
-- Installing: /build/hugin-hg/pkg/hugin-hg/usr/share/hugin/xrc/data/help_en_EN/Geocpset.html
-- Installing: /build/hugin-hg/pkg/hugin-hg/usr/share/hugin/xrc/data/help_en_EN/Gl_preview.png
-- Installing: /build/hugin-hg/pkg/hugin-hg/usr/share/hugin/xrc/data/help_en_EN/HDR.html
-- Installing: /build/hugin-hg/pkg/hugin-hg/usr/share/hugin/xrc/data/help_en_EN/HDR_workflow_with_hugin.html
-- Installing: /build/hugin-hg/pkg/hugin-hg/usr/share/hugin/xrc/data/help_en_EN/Horizontal_control_points.html
-- Installing: /build/hugin-hg/pkg/hugin-hg/usr/share/hugin/xrc/data/help_en_EN/Hugin.html
-- Installing: /build/hugin-hg/pkg/hugin-hg/usr/share/hugin/xrc/data/help_en_EN/Hugin2013_assistant_tab_tophalf.png
-- Installing: /build/hugin-hg/pkg/hugin-hg/usr/share/hugin/xrc/data/help_en_EN/Hugin2013_panorama_editor_menu.png
-- Installing: /build/hugin-hg/pkg/hugin-hg/usr/share/hugin/xrc/data/help_en_EN/Hugin2013_tabs.png
-- Installing: /build/hugin-hg/pkg/hugin-hg/usr/share/hugin/xrc/data/help_en_EN/Hugin_Assistant_tab.html
-- Installing: /build/hugin-hg/pkg/hugin-hg/usr/share/hugin/xrc/data/help_en_EN/Hugin_Batch_Processor.html
-- Installing: /build/hugin-hg/pkg/hugin-hg/usr/share/hugin/xrc/data/help_en_EN/Hugin_Control_Points_tab.html
-- Installing: /build/hugin-hg/pkg/hugin-hg/usr/share/hugin/xrc/data/help_en_EN/Hugin_Control_Points_table.html
-- Installing: /build/hugin-hg/pkg/hugin-hg/usr/share/hugin/xrc/data/help_en_EN/Hugin_Crop_tab.html
-- Installing: /build/hugin-hg/pkg/hugin-hg/usr/share/hugin/xrc/data/help_en_EN/Hugin_Exposure_tab.html
-- Installing: /build/hugin-hg/pkg/hugin-hg/usr/share/hugin/xrc/data/help_en_EN/Hugin_FAQ.html
-- Installing: /build/hugin-hg/pkg/hugin-hg/usr/share/hugin/xrc/data/help_en_EN/Hugin_Fast_Preview_window.html
-- Installing: /build/hugin-hg/pkg/hugin-hg/usr/share/hugin/xrc/data/help_en_EN/Hugin_Keyboard_shortcuts.html
-- Installing: /build/hugin-hg/pkg/hugin-hg/usr/share/hugin/xrc/data/help_en_EN/Hugin_Main_window.html
-- Installing: /build/hugin-hg/pkg/hugin-hg/usr/share/hugin/xrc/data/help_en_EN/Hugin_Mask_tab.html
-- Installing: /build/hugin-hg/pkg/hugin-hg/usr/share/hugin/xrc/data/help_en_EN/Hugin_Optimiser_tab.html
-- Installing: /build/hugin-hg/pkg/hugin-hg/usr/share/hugin/xrc/data/help_en_EN/Hugin_Panorama_Editor_window.html
-- Installing: /build/hugin-hg/pkg/hugin-hg/usr/share/hugin/xrc/data/help_en_EN/Hugin_Panorama_Workflow.html
-- Installing: /build/hugin-hg/pkg/hugin-hg/usr/share/hugin/xrc/data/help_en_EN/Hugin_Parameters_for_Control_Point_Detectors_dialog.html
-- Installing: /build/hugin-hg/pkg/hugin-hg/usr/share/hugin/xrc/data/help_en_EN/Hugin_Photos_tab.html
-- Installing: /build/hugin-hg/pkg/hugin-hg/usr/share/hugin/xrc/data/help_en_EN/Hugin_Preferences.html
-- Installing: /build/hugin-hg/pkg/hugin-hg/usr/share/hugin/xrc/data/help_en_EN/Hugin_Preview_tab.html
-- Installing: /build/hugin-hg/pkg/hugin-hg/usr/share/hugin/xrc/data/help_en_EN/Hugin_Preview_window.html
-- Installing: /build/hugin-hg/pkg/hugin-hg/usr/share/hugin/xrc/data/help_en_EN/Hugin_Projection_tab.html
-- Installing: /build/hugin-hg/pkg/hugin-hg/usr/share/hugin/xrc/data/help_en_EN/Hugin_Raw_Import.html
-- Installing: /build/hugin-hg/pkg/hugin-hg/usr/share/hugin/xrc/data/help_en_EN/Hugin_Reset_Values_window.html
-- Installing: /build/hugin-hg/pkg/hugin-hg/usr/share/hugin/xrc/data/help_en_EN/Hugin_Scripting_Interface.html
-- Installing: /build/hugin-hg/pkg/hugin-hg/usr/share/hugin/xrc/data/help_en_EN/Hugin_Stitcher_tab.html
-- Installing: /build/hugin-hg/pkg/hugin-hg/usr/share/hugin/xrc/data/help_en_EN/Hugin_Trackers.html
-- Installing: /build/hugin-hg/pkg/hugin-hg/usr/share/hugin/xrc/data/help_en_EN/Hugin_center_pano.png
-- Installing: /build/hugin-hg/pkg/hugin-hg/usr/share/hugin/xrc/data/help_en_EN/Hugin_edit_add.png
-- Installing: /build/hugin-hg/pkg/hugin-hg/usr/share/hugin/xrc/data/help_en_EN/Hugin_executor.html
-- Installing: /build/hugin-hg/pkg/hugin-hg/usr/share/hugin/xrc/data/help_en_EN/Hugin_filenew.png
-- Installing: /build/hugin-hg/pkg/hugin-hg/usr/share/hugin/xrc/data/help_en_EN/Hugin_fileopen.png
-- Installing: /build/hugin-hg/pkg/hugin-hg/usr/share/hugin/xrc/data/help_en_EN/Hugin_filesave.png
-- Installing: /build/hugin-hg/pkg/hugin-hg/usr/share/hugin/xrc/data/help_en_EN/Hugin_filesaveas.png
-- Installing: /build/hugin-hg/pkg/hugin-hg/usr/share/hugin/xrc/data/help_en_EN/Hugin_fit_pano.png
-- Installing: /build/hugin-hg/pkg/hugin-hg/usr/share/hugin/xrc/data/help_en_EN/Hugin_hdrmerge.html
-- Installing: /build/hugin-hg/pkg/hugin-hg/usr/share/hugin/xrc/data/help_en_EN/Hugin_info.png
-- Installing: /build/hugin-hg/pkg/hugin-hg/usr/share/hugin/xrc/data/help_en_EN/Hugin_lensdb.html
-- Installing: /build/hugin-hg/pkg/hugin-hg/usr/share/hugin/xrc/data/help_en_EN/Hugin_list.png
-- Installing: /build/hugin-hg/pkg/hugin-hg/usr/share/hugin/xrc/data/help_en_EN/Hugin_move_drag_tab.html
-- Installing: /build/hugin-hg/pkg/hugin-hg/usr/share/hugin/xrc/data/help_en_EN/Hugin_optimize.png
-- Installing: /build/hugin-hg/pkg/hugin-hg/usr/share/hugin/xrc/data/help_en_EN/Hugin_preview.png
-- Installing: /build/hugin-hg/pkg/hugin-hg/usr/share/hugin/xrc/data/help_en_EN/Hugin_preview_auto_update.png
-- Installing: /build/hugin-hg/pkg/hugin-hg/usr/share/hugin/xrc/data/help_en_EN/Hugin_preview_num_transform.png
-- Installing: /build/hugin-hg/pkg/hugin-hg/usr/share/hugin/xrc/data/help_en_EN/Hugin_preview_show_all.png
-- Installing: /build/hugin-hg/pkg/hugin-hg/usr/share/hugin/xrc/data/help_en_EN/Hugin_preview_show_none.png
-- Installing: /build/hugin-hg/pkg/hugin-hg/usr/share/hugin/xrc/data/help_en_EN/Hugin_redo.png
-- Installing: /build/hugin-hg/pkg/hugin-hg/usr/share/hugin/xrc/data/help_en_EN/Hugin_reload.png
-- Installing: /build/hugin-hg/pkg/hugin-hg/usr/share/hugin/xrc/data/help_en_EN/Hugin_stacker.html
-- Installing: /build/hugin-hg/pkg/hugin-hg/usr/share/hugin/xrc/data/help_en_EN/Hugin_stitch_project.html
-- Installing: /build/hugin-hg/pkg/hugin-hg/usr/share/hugin/xrc/data/help_en_EN/Hugin_straighten_pano.png
-- Installing: /build/hugin-hg/pkg/hugin-hg/usr/share/hugin/xrc/data/help_en_EN/Hugin_toolbox.html
-- Installing: /build/hugin-hg/pkg/hugin-hg/usr/share/hugin/xrc/data/help_en_EN/Hugin_translation_guide.html
-- Installing: /build/hugin-hg/pkg/hugin-hg/usr/share/hugin/xrc/data/help_en_EN/Hugin_undo.png
-- Installing: /build/hugin-hg/pkg/hugin-hg/usr/share/hugin/xrc/data/help_en_EN/Icpfind.html
-- Installing: /build/hugin-hg/pkg/hugin-hg/usr/share/hugin/xrc/data/help_en_EN/Illustration4.png
-- Installing: /build/hugin-hg/pkg/hugin-hg/usr/share/hugin/xrc/data/help_en_EN/Image_positioning_model.html
-- Installing: /build/hugin-hg/pkg/hugin-hg/usr/share/hugin/xrc/data/help_en_EN/InterpolateNone.jpg
-- Installing: /build/hugin-hg/pkg/hugin-hg/usr/share/hugin/xrc/data/help_en_EN/InterpolatePoly3.jpg
-- Installing: /build/hugin-hg/pkg/hugin-hg/usr/share/hugin/xrc/data/help_en_EN/InterpolateSinc256.jpg
-- Installing: /build/hugin-hg/pkg/hugin-hg/usr/share/hugin/xrc/data/help_en_EN/Interpolation.html
-- Installing: /build/hugin-hg/pkg/hugin-hg/usr/share/hugin/xrc/data/help_en_EN/JPEG.html
-- Installing: /build/hugin-hg/pkg/hugin-hg/usr/share/hugin/xrc/data/help_en_EN/LICENCE.manual
-- Installing: /build/hugin-hg/pkg/hugin-hg/usr/share/hugin/xrc/data/help_en_EN/Landscape.html
-- Installing: /build/hugin-hg/pkg/hugin-hg/usr/share/hugin/xrc/data/help_en_EN/Layout-small.png
-- Installing: /build/hugin-hg/pkg/hugin-hg/usr/share/hugin/xrc/data/help_en_EN/Lens_correction_model.html
-- Installing: /build/hugin-hg/pkg/hugin-hg/usr/share/hugin/xrc/data/help_en_EN/Lens_distortion.html
-- Installing: /build/hugin-hg/pkg/hugin-hg/usr/share/hugin/xrc/data/help_en_EN/Lightprobe.html
-- Installing: /build/hugin-hg/pkg/hugin-hg/usr/share/hugin/xrc/data/help_en_EN/Linefind.html
-- Installing: /build/hugin-hg/pkg/hugin-hg/usr/share/hugin/xrc/data/help_en_EN/Medinet_habu_horizontal_fisheye.jpg
-- Installing: /build/hugin-hg/pkg/hugin-hg/usr/share/hugin/xrc/data/help_en_EN/Medinet_habu_horizontal_stereographic.jpg
-- Installing: /build/hugin-hg/pkg/hugin-hg/usr/share/hugin/xrc/data/help_en_EN/Multi_image_techniques.html
-- Installing: /build/hugin-hg/pkg/hugin-hg/usr/share/hugin/xrc/data/help_en_EN/NPP.html
-- Installing: /build/hugin-hg/pkg/hugin-hg/usr/share/hugin/xrc/data/help_en_EN/Nadir.html
-- Installing: /build/hugin-hg/pkg/hugin-hg/usr/share/hugin/xrc/data/help_en_EN/No-parallax_point.html
-- Installing: /build/hugin-hg/pkg/hugin-hg/usr/share/hugin/xrc/data/help_en_EN/Nodal_Point.html
-- Installing: /build/hugin-hg/pkg/hugin-hg/usr/share/hugin/xrc/data/help_en_EN/Nona.html
-- Installing: /build/hugin-hg/pkg/hugin-hg/usr/share/hugin/xrc/data/help_en_EN/OpenEXR.html
-- Installing: /build/hugin-hg/pkg/hugin-hg/usr/share/hugin/xrc/data/help_en_EN/Optimization.html
-- Installing: /build/hugin-hg/pkg/hugin-hg/usr/share/hugin/xrc/data/help_en_EN/PNG.html
-- Installing: /build/hugin-hg/pkg/hugin-hg/usr/share/hugin/xrc/data/help_en_EN/PPI.html
-- Installing: /build/hugin-hg/pkg/hugin-hg/usr/share/hugin/xrc/data/help_en_EN/PSD.html
-- Installing: /build/hugin-hg/pkg/hugin-hg/usr/share/hugin/xrc/data/help_en_EN/PTBatcherGUI.html
-- Installing: /build/hugin-hg/pkg/hugin-hg/usr/share/hugin/xrc/data/help_en_EN/PTOptimizer.html
-- Installing: /build/hugin-hg/pkg/hugin-hg/usr/share/hugin/xrc/data/help_en_EN/PTStitcher.html
-- Installing: /build/hugin-hg/pkg/hugin-hg/usr/share/hugin/xrc/data/help_en_EN/PTblender.html
-- Installing: /build/hugin-hg/pkg/hugin-hg/usr/share/hugin/xrc/data/help_en_EN/PTmender.html
-- Installing: /build/hugin-hg/pkg/hugin-hg/usr/share/hugin/xrc/data/help_en_EN/PTtiff2psd.html
-- Installing: /build/hugin-hg/pkg/hugin-hg/usr/share/hugin/xrc/data/help_en_EN/Panini.html
-- Installing: /build/hugin-hg/pkg/hugin-hg/usr/share/hugin/xrc/data/help_en_EN/Pano12.html
-- Installing: /build/hugin-hg/pkg/hugin-hg/usr/share/hugin/xrc/data/help_en_EN/Pano_modify.html
-- Installing: /build/hugin-hg/pkg/hugin-hg/usr/share/hugin/xrc/data/help_en_EN/Panoglview.html
-- Installing: /build/hugin-hg/pkg/hugin-hg/usr/share/hugin/xrc/data/help_en_EN/Panoinfo.html
-- Installing: /build/hugin-hg/pkg/hugin-hg/usr/share/hugin/xrc/data/help_en_EN/Panomatic.html
-- Installing: /build/hugin-hg/pkg/hugin-hg/usr/share/hugin/xrc/data/help_en_EN/Panorama.html
-- Installing: /build/hugin-hg/pkg/hugin-hg/usr/share/hugin/xrc/data/help_en_EN/Panorama_Editor_window.html
-- Installing: /build/hugin-hg/pkg/hugin-hg/usr/share/hugin/xrc/data/help_en_EN/Panorama_formats.html
-- Installing: /build/hugin-hg/pkg/hugin-hg/usr/share/hugin/xrc/data/help_en_EN/Panorama_scripting_in_a_nutshell.html
-- Installing: /build/hugin-hg/pkg/hugin-hg/usr/share/hugin/xrc/data/help_en_EN/Panorama_tools.html
-- Installing: /build/hugin-hg/pkg/hugin-hg/usr/share/hugin/xrc/data/help_en_EN/Panotools.html
-- Installing: /build/hugin-hg/pkg/hugin-hg/usr/share/hugin/xrc/data/help_en_EN/Parallax.gif
-- Installing: /build/hugin-hg/pkg/hugin-hg/usr/share/hugin/xrc/data/help_en_EN/Parallax.html
-- Installing: /build/hugin-hg/pkg/hugin-hg/usr/share/hugin/xrc/data/help_en_EN/Perspective_correction.html
-- Installing: /build/hugin-hg/pkg/hugin-hg/usr/share/hugin/xrc/data/help_en_EN/Perspective_distortion.html
-- Installing: /build/hugin-hg/pkg/hugin-hg/usr/share/hugin/xrc/data/help_en_EN/Pfstmo.html
-- Installing: /build/hugin-hg/pkg/hugin-hg/usr/share/hugin/xrc/data/help_en_EN/Pincushion-distortion.jpg
-- Installing: /build/hugin-hg/pkg/hugin-hg/usr/share/hugin/xrc/data/help_en_EN/Pincushion_distortion.html
-- Installing: /build/hugin-hg/pkg/hugin-hg/usr/share/hugin/xrc/data/help_en_EN/Pitch.html
-- Installing: /build/hugin-hg/pkg/hugin-hg/usr/share/hugin/xrc/data/help_en_EN/Portrait.html
-- Installing: /build/hugin-hg/pkg/hugin-hg/usr/share/hugin/xrc/data/help_en_EN/Projections.html
-- Installing: /build/hugin-hg/pkg/hugin-hg/usr/share/hugin/xrc/data/help_en_EN/Pto_gen.html
-- Installing: /build/hugin-hg/pkg/hugin-hg/usr/share/hugin/xrc/data/help_en_EN/Pto_lensstack.html
-- Installing: /build/hugin-hg/pkg/hugin-hg/usr/share/hugin/xrc/data/help_en_EN/Pto_mask.html
-- Installing: /build/hugin-hg/pkg/hugin-hg/usr/share/hugin/xrc/data/help_en_EN/Pto_merge.html
-- Installing: /build/hugin-hg/pkg/hugin-hg/usr/share/hugin/xrc/data/help_en_EN/Pto_move.html
-- Installing: /build/hugin-hg/pkg/hugin-hg/usr/share/hugin/xrc/data/help_en_EN/Pto_template.html
-- Installing: /build/hugin-hg/pkg/hugin-hg/usr/share/hugin/xrc/data/help_en_EN/Pto_var.html
-- Installing: /build/hugin-hg/pkg/hugin-hg/usr/share/hugin/xrc/data/help_en_EN/QTVR.html
-- Installing: /build/hugin-hg/pkg/hugin-hg/usr/share/hugin/xrc/data/help_en_EN/Qtvr2img.html
-- Installing: /build/hugin-hg/pkg/hugin-hg/usr/share/hugin/xrc/data/help_en_EN/RAW.html
-- Installing: /build/hugin-hg/pkg/hugin-hg/usr/share/hugin/xrc/data/help_en_EN/RGBE.html
-- Installing: /build/hugin-hg/pkg/hugin-hg/usr/share/hugin/xrc/data/help_en_EN/RatingStar_002.jpg
-- Installing: /build/hugin-hg/pkg/hugin-hg/usr/share/hugin/xrc/data/help_en_EN/Rectilinear_Projection.html
-- Installing: /build/hugin-hg/pkg/hugin-hg/usr/share/hugin/xrc/data/help_en_EN/Roll.html
-- Installing: /build/hugin-hg/pkg/hugin-hg/usr/share/hugin/xrc/data/help_en_EN/SB_Blended.jpg
-- Installing: /build/hugin-hg/pkg/hugin-hg/usr/share/hugin/xrc/data/help_en_EN/SB_Parallax.jpg
-- Installing: /build/hugin-hg/pkg/hugin-hg/usr/share/hugin/xrc/data/help_en_EN/SB_Parallax_overlapped.jpg
-- Installing: /build/hugin-hg/pkg/hugin-hg/usr/share/hugin/xrc/data/help_en_EN/SmartBlend.html
-- Installing: /build/hugin-hg/pkg/hugin-hg/usr/share/hugin/xrc/data/help_en_EN/Spherical.html
-- Installing: /build/hugin-hg/pkg/hugin-hg/usr/share/hugin/xrc/data/help_en_EN/Stereographic_Projection.html
-- Installing: /build/hugin-hg/pkg/hugin-hg/usr/share/hugin/xrc/data/help_en_EN/Stitching_a_photo-mosaic.html
-- Installing: /build/hugin-hg/pkg/hugin-hg/usr/share/hugin/xrc/data/help_en_EN/Straight_line_control_points.html
-- Installing: /build/hugin-hg/pkg/hugin-hg/usr/share/hugin/xrc/data/help_en_EN/Swing_rod.html
-- Installing: /build/hugin-hg/pkg/hugin-hg/usr/share/hugin/xrc/data/help_en_EN/TIFF.html
-- Installing: /build/hugin-hg/pkg/hugin-hg/usr/share/hugin/xrc/data/help_en_EN/Tca_correct.html
-- Installing: /build/hugin-hg/pkg/hugin-hg/usr/share/hugin/xrc/data/help_en_EN/The_General_Panini_Projection.html
-- Installing: /build/hugin-hg/pkg/hugin-hg/usr/share/hugin/xrc/data/help_en_EN/Tone_mapping.html
-- Installing: /build/hugin-hg/pkg/hugin-hg/usr/share/hugin/xrc/data/help_en_EN/User_defined_output_sequence.html
-- Installing: /build/hugin-hg/pkg/hugin-hg/usr/share/hugin/xrc/data/help_en_EN/Using_Celeste_with_hugin.html
-- Installing: /build/hugin-hg/pkg/hugin-hg/usr/share/hugin/xrc/data/help_en_EN/Verdandi.html
-- Installing: /build/hugin-hg/pkg/hugin-hg/usr/share/hugin/xrc/data/help_en_EN/Vertical-fisheye.jpg
-- Installing: /build/hugin-hg/pkg/hugin-hg/usr/share/hugin/xrc/data/help_en_EN/Vertical-stereographic.jpg
-- Installing: /build/hugin-hg/pkg/hugin-hg/usr/share/hugin/xrc/data/help_en_EN/Vertical_control_points.html
-- Installing: /build/hugin-hg/pkg/hugin-hg/usr/share/hugin/xrc/data/help_en_EN/Vig_optimize.html
-- Installing: /build/hugin-hg/pkg/hugin-hg/usr/share/hugin/xrc/data/help_en_EN/Vignetting.html
-- Installing: /build/hugin-hg/pkg/hugin-hg/usr/share/hugin/xrc/data/help_en_EN/Wavy_distortion.html
-- Installing: /build/hugin-hg/pkg/hugin-hg/usr/share/hugin/xrc/data/help_en_EN/White_balance.html
-- Installing: /build/hugin-hg/pkg/hugin-hg/usr/share/hugin/xrc/data/help_en_EN/Yaw.html
-- Installing: /build/hugin-hg/pkg/hugin-hg/usr/share/hugin/xrc/data/help_en_EN/Zenith.html
-- Installing: /build/hugin-hg/pkg/hugin-hg/usr/share/hugin/xrc/data/help_en_EN/b46e7c5d2bb0d7e3dc91da9577785c32b9fe1c97.png
-- Installing: /build/hugin-hg/pkg/hugin-hg/usr/share/hugin/xrc/data/help_en_EN/b52d9f5b1cbad5408a6d13c40055d28513b7d515.png
-- Installing: /build/hugin-hg/pkg/hugin-hg/usr/share/hugin/xrc/data/help_en_EN/ba75cc7aa1514d3d82cf1cf2860b99a986f977c0.png
-- Installing: /build/hugin-hg/pkg/hugin-hg/usr/share/hugin/xrc/data/help_en_EN/be171a7c8c559cc35aaec70416b787efc4aebe31.png
-- Installing: /build/hugin-hg/pkg/hugin-hg/usr/share/hugin/xrc/data/help_en_EN/c31fdc58e559f2dcdf2cee6a137cc3db024f093c.png
-- Installing: /build/hugin-hg/pkg/hugin-hg/usr/share/hugin/xrc/data/help_en_EN/c3c9a2c7b599b37105512c5d570edc034056dd40.png
-- Installing: /build/hugin-hg/pkg/hugin-hg/usr/share/hugin/xrc/data/help_en_EN/c81f99c35740e0ae9e1602d890467f02f02ade21.png
-- Installing: /build/hugin-hg/pkg/hugin-hg/usr/share/hugin/xrc/data/help_en_EN/c92a8ec1cc630ea8f8f4f936688278d7636bb4e6.png
-- Installing: /build/hugin-hg/pkg/hugin-hg/usr/share/hugin/xrc/data/help_en_EN/cce47ef57ba2ee096573a3835e2e2f8a10be5480.png
-- Installing: /build/hugin-hg/pkg/hugin-hg/usr/share/hugin/xrc/data/help_en_EN/cfa11ce088a7a72cde469f7893eec012452e3c1d.png
-- Installing: /build/hugin-hg/pkg/hugin-hg/usr/share/hugin/xrc/data/help_en_EN/d1e5d518892671cb94ae0907a94eddf2f170438c.png
-- Installing: /build/hugin-hg/pkg/hugin-hg/usr/share/hugin/xrc/data/help_en_EN/dd7303c9e2a572c54f834b7ed72ba86e118153de.png
-- Installing: /build/hugin-hg/pkg/hugin-hg/usr/share/hugin/xrc/data/help_en_EN/df82df0e21914cbf47891bad4d167fe9063e9c87.png
-- Installing: /build/hugin-hg/pkg/hugin-hg/usr/share/hugin/xrc/data/help_en_EN/f08ce4d4c86c5b43f36c8435fb598da6471047c6.png
-- Installing: /build/hugin-hg/pkg/hugin-hg/usr/share/hugin/xrc/data/help_en_EN/f34c10f53deff61bbb851e44b35b6ba2e54191b3.png
-- Installing: /build/hugin-hg/pkg/hugin-hg/usr/share/hugin/xrc/data/help_en_EN/f351bd4263519281b738ce53c3b402823e9ab2ec.png
-- Installing: /build/hugin-hg/pkg/hugin-hg/usr/share/hugin/xrc/data/help_en_EN/faeac1d4d9b6f8b8fd4efba91c90f189a2e3089f.png
-- Installing: /build/hugin-hg/pkg/hugin-hg/usr/share/hugin/xrc/data/help_en_EN/help_index_en.hhk
-- Installing: /build/hugin-hg/pkg/hugin-hg/usr/share/hugin/xrc/data/help_en_EN/help_toc_en.hhc
-- Installing: /build/hugin-hg/pkg/hugin-hg/usr/share/hugin/xrc/data/help_en_EN/hugin_help_en_EN.hhp
-- Installing: /build/hugin-hg/pkg/hugin-hg/usr/share/hugin/xrc/data/help_en_EN/license.html
-- Installing: /build/hugin-hg/pkg/hugin-hg/usr/share/hugin/xrc/data/help_en_EN/manual.css
-- Installing: /build/hugin-hg/pkg/hugin-hg/usr/bin/PTBatcherGUI
-- Set non-toolchain portion of runtime path of "/build/hugin-hg/pkg/hugin-hg/usr/bin/PTBatcherGUI" to "/usr/lib/hugin"
-- Installing: /build/hugin-hg/pkg/hugin-hg/usr/share/applications/PTBatcherGUI.desktop
-- Installing: /build/hugin-hg/pkg/hugin-hg/usr/bin/calibrate_lens_gui
-- Set non-toolchain portion of runtime path of "/build/hugin-hg/pkg/hugin-hg/usr/bin/calibrate_lens_gui" to "/usr/lib/hugin"
-- Installing: /build/hugin-hg/pkg/hugin-hg/usr/share/applications/calibrate_lens_gui.desktop
-- Installing: /build/hugin-hg/pkg/hugin-hg/usr/bin/hugin_toolbox
-- Set non-toolchain portion of runtime path of "/build/hugin-hg/pkg/hugin-hg/usr/bin/hugin_toolbox" to "/usr/lib/hugin"
-- Installing: /build/hugin-hg/pkg/hugin-hg/usr/share/applications/hugin_toolbox_gui.desktop
-- Installing: /build/hugin-hg/pkg/hugin-hg/usr/share/man/man1/PTBatcherGUI.1.gz
-- Installing: /build/hugin-hg/pkg/hugin-hg/usr/share/man/man1/align_image_stack.1.gz
-- Installing: /build/hugin-hg/pkg/hugin-hg/usr/share/man/man1/autooptimiser.1.gz
-- Installing: /build/hugin-hg/pkg/hugin-hg/usr/share/man/man1/calibrate_lens_gui.1.gz
-- Installing: /build/hugin-hg/pkg/hugin-hg/usr/share/man/man1/celeste_standalone.1.gz
-- Installing: /build/hugin-hg/pkg/hugin-hg/usr/share/man/man1/checkpto.1.gz
-- Installing: /build/hugin-hg/pkg/hugin-hg/usr/share/man/man1/cpclean.1.gz
-- Installing: /build/hugin-hg/pkg/hugin-hg/usr/share/man/man1/cpfind.1.gz
-- Installing: /build/hugin-hg/pkg/hugin-hg/usr/share/man/man1/deghosting_mask.1.gz
-- Installing: /build/hugin-hg/pkg/hugin-hg/usr/share/man/man1/fulla.1.gz
-- Installing: /build/hugin-hg/pkg/hugin-hg/usr/share/man/man1/geocpset.1.gz
-- Installing: /build/hugin-hg/pkg/hugin-hg/usr/share/man/man1/hugin.1.gz
-- Installing: /build/hugin-hg/pkg/hugin-hg/usr/share/man/man1/hugin_executor.1.gz
-- Installing: /build/hugin-hg/pkg/hugin-hg/usr/share/man/man1/hugin_hdrmerge.1.gz
-- Installing: /build/hugin-hg/pkg/hugin-hg/usr/share/man/man1/hugin_lensdb.1.gz
-- Installing: /build/hugin-hg/pkg/hugin-hg/usr/share/man/man1/hugin_stacker.1.gz
-- Installing: /build/hugin-hg/pkg/hugin-hg/usr/share/man/man1/hugin_stitch_project.1.gz
-- Installing: /build/hugin-hg/pkg/hugin-hg/usr/share/man/man1/icpfind.1.gz
-- Installing: /build/hugin-hg/pkg/hugin-hg/usr/share/man/man1/linefind.1.gz
-- Installing: /build/hugin-hg/pkg/hugin-hg/usr/share/man/man1/nona.1.gz
-- Installing: /build/hugin-hg/pkg/hugin-hg/usr/share/man/man1/pano_modify.1.gz
-- Installing: /build/hugin-hg/pkg/hugin-hg/usr/share/man/man1/pano_trafo.1.gz
-- Installing: /build/hugin-hg/pkg/hugin-hg/usr/share/man/man1/pto_gen.1.gz
-- Installing: /build/hugin-hg/pkg/hugin-hg/usr/share/man/man1/pto_lensstack.1.gz
-- Installing: /build/hugin-hg/pkg/hugin-hg/usr/share/man/man1/pto_mask.1.gz
-- Installing: /build/hugin-hg/pkg/hugin-hg/usr/share/man/man1/pto_merge.1.gz
-- Installing: /build/hugin-hg/pkg/hugin-hg/usr/share/man/man1/pto_move.1.gz
-- Installing: /build/hugin-hg/pkg/hugin-hg/usr/share/man/man1/pto_template.1.gz
-- Installing: /build/hugin-hg/pkg/hugin-hg/usr/share/man/man1/pto_var.1.gz
-- Installing: /build/hugin-hg/pkg/hugin-hg/usr/share/man/man1/tca_correct.1.gz
-- Installing: /build/hugin-hg/pkg/hugin-hg/usr/share/man/man1/verdandi.1.gz
-- Installing: /build/hugin-hg/pkg/hugin-hg/usr/share/man/man1/vig_optimize.1.gz
-- Installing: /build/hugin-hg/pkg/hugin-hg/usr/share/metainfo/calibrate_lens_gui.appdata.xml
-- Installing: /build/hugin-hg/pkg/hugin-hg/usr/share/metainfo/hugin.appdata.xml
-- Installing: /build/hugin-hg/pkg/hugin-hg/usr/share/metainfo/PTBatcherGUI.appdata.xml
-- Installing: /build/hugin-hg/pkg/hugin-hg/usr/share/metainfo/hugin_toolbox.appdata.xml
-- Installing: /build/hugin-hg/pkg/hugin-hg/usr/share/icons/hicolor/16x16/apps/hugin.png
-- Installing: /build/hugin-hg/pkg/hugin-hg/usr/share/icons/hicolor/32x32/apps/hugin.png
-- Installing: /build/hugin-hg/pkg/hugin-hg/usr/share/icons/hicolor/48x48/apps/hugin.png
-- Installing: /build/hugin-hg/pkg/hugin-hg/usr/share/icons/hicolor/128x128/apps/hugin.png
-- Installing: /build/hugin-hg/pkg/hugin-hg/usr/share/icons/hicolor/256x256/apps/hugin.png
-- Installing: /build/hugin-hg/pkg/hugin-hg/usr/share/icons/hicolor/16x16/apps/ptbatcher.png
-- Installing: /build/hugin-hg/pkg/hugin-hg/usr/share/icons/hicolor/32x32/apps/ptbatcher.png
-- Installing: /build/hugin-hg/pkg/hugin-hg/usr/share/icons/hicolor/48x48/apps/ptbatcher.png
-- Installing: /build/hugin-hg/pkg/hugin-hg/usr/share/icons/hicolor/128x128/apps/ptbatcher.png
-- Installing: /build/hugin-hg/pkg/hugin-hg/usr/share/icons/hicolor/256x256/apps/ptbatcher.png
-- Installing: /build/hugin-hg/pkg/hugin-hg/usr/share/icons/hicolor/scalable/apps/hugin.svg
-- Installing: /build/hugin-hg/pkg/hugin-hg/usr/share/icons/hicolor/scalable/apps/ptbatcher.svg
