-- The C compiler identification is GNU 16.2.1
-- The CXX compiler identification is GNU 16.2.1
-- Detecting C compiler ABI info
-- Detecting C compiler ABI info - done
-- Check for working C compiler: /usr/bin/cc - skipped
-- Detecting C compile features
-- Detecting C compile features - done
-- Detecting CXX compiler ABI info
-- Detecting CXX compiler ABI info - done
-- Check for working CXX compiler: /usr/bin/c++ - skipped
-- Detecting CXX compile features
-- Detecting CXX compile features - done
-- Found Hg: /usr/bin/hg (found version "7.2.4")
-- Current HG revision is a3a195f9a8e6
-- Looking for log1p
-- Looking for log1p - found
-- Found wxWidgets: -lwx_baseu-3.2;-lwx_gtk3u_core-3.2;-lwx_gtk3u_aui-3.2;-lwx_gtk3u_xrc-3.2;-lwx_gtk3u_html-3.2;-lwx_baseu_xml-3.2;-lwx_gtk3u_gl-3.2;-lwx_baseu_net-3.2;-lwx_gtk3u_qa-3.2;-lwx_gtk3u_propgrid-3.2 (found version "3.2.11")
-- Found TIFF: /usr/include
-- WARNING: you are using the obsolete 'PKGCONFIG' macro, use FindPkgConfig
-- Could not find OPTIONAL package OPENEXR
-- Found ZLIB: /usr/include
-- Found OPENEXR: /usr/lib/libOpenEXR.so;/usr/lib/libImath-3_2.so;/usr/lib/libIex-3_4.so;/usr/lib/libIlmThread-3_4.so;/usr/lib/libz.so
-- Found VIGRA: /usr/lib/libvigraimpex.so
-- VIGRA version: 1.12.4
-- WARNING: you are using the obsolete 'PKGCONFIG' macro, use FindPkgConfig
-- Found Exiv2 release >= 0.12
-- Found Exiv2: /usr/lib/libexiv2.so
-- Found OpenGL: /usr/lib/libOpenGL.so
-- Found Epoxy: /usr/lib/libepoxy.so
-- Searching X11 header
-- Found X11: /usr/include
-- Looking for XOpenDisplay in /usr/lib/libX11.so;/usr/lib/libXext.so
-- Looking for XOpenDisplay in /usr/lib/libX11.so;/usr/lib/libXext.so - found
-- Looking for gethostbyname
-- Looking for gethostbyname - found
-- Looking for connect
-- Looking for connect - found
-- Looking for remove
-- Looking for remove - found
-- Looking for shmat
-- Looking for shmat - found
-- Looking for IceConnectionNumber in ICE
-- Looking for IceConnectionNumber in ICE - found
-- libpano13 version: 2.9.23
-- Performing Test CMAKE_HAVE_LIBC_PTHREAD
-- Performing Test CMAKE_HAVE_LIBC_PTHREAD - Success
-- Found Threads: TRUE
-- Found LCMS2: /usr/include
-- checking for module 'flann'
--   found flann, version 1.9.2
-- flann library found
-- Found FFTW: /usr/include
-- Found FFTW library. Activated support for FFT fast cross correlation used by fine-tune feature.
-- Found OpenMP_C: -fopenmp (found version "5.2")
-- Found OpenMP_CXX: -fopenmp (found version "5.2")
-- Found OpenMP: TRUE (found version "5.2")
-- Compiler supports OpenMP. Activating support for it.
-- Found SQLite3: /usr/include
-- Found Python3: /usr/bin/python3.14 (found version "3.14.7") found components: Interpreter Development Development.Module Development.Embed
-- Found SWIG: /usr/bin/swig (found suitable version "4.5.1", minimum required is "2.0.4")
-- LAPACK found (/usr/lib/liblapack.so;/usr/lib/libblas.so)
-- Compiling Hugin with hard coded GDK_BACKEND=x11
-- Using shared internal libraries
-- Python libs version: 3.14.7
-- Install Python libs into /usr/lib/python3.14/site-packages
-- Current source dir = /build/hugin-hg/src/hugin
-- Configuring done (3.0s)
-- Generating done (0.2s)
-- Build files have been written to: /build/hugin-hg/src/build
[  1%] Building C object src/foreign/levmar/CMakeFiles/huginlevmar.dir/misc.c.o
[  1%] Building C object src/foreign/levmar/CMakeFiles/huginlevmar.dir/lm.c.o
[  1%] Building C object src/foreign/levmar/CMakeFiles/huginlevmar.dir/Axb.c.o
[  1%] Generating da.gmo
[  2%] Generating calibrate_lens_gui.1.gz
[  2%] Generating PTBatcherGUI.1.gz
[  3%] Generating cs_CZ.gmo
[  3%] Generating ca_ES.gmo
[  3%] Generating ca_ES@valencia.gmo
[  3%] Generating checkpto.1.gz
[  3%] Generating celeste_standalone.1.gz
[  3%] Generating de.gmo
[  3%] Building CXX object src/hugin_cpfind/localfeatures/CMakeFiles/localfeatures.dir/RansacFiltering.cpp.o
[  3%] Generating autooptimiser.1.gz
[  3%] Generating align_image_stack.1.gz
[  3%] Building CXX object src/hugin_cpfind/localfeatures/CMakeFiles/localfeatures.dir/Image.cpp.o
[  3%] Building CXX object src/hugin_cpfind/localfeatures/CMakeFiles/localfeatures.dir/CircularKeyPointDescriptor.cpp.o
[  5%] Generating cpclean.1.gz
[  5%] Building CXX object src/hugin_cpfind/localfeatures/CMakeFiles/localfeatures.dir/Homography.cpp.o
[  5%] Generating hsi_ImageVariableGroup.h
[  5%] Generating hsi_Panorama.h
[  6%] Building CXX object src/hugin_cpfind/localfeatures/CMakeFiles/localfeatures.dir/KeyPointDetector.cpp.o
[  6%] Generating en_GB.gmo
[  7%] Generating hsi_PanoramaData.h
[  8%] Generating es.gmo
[  8%] Generating eu.gmo
[  8%] Generating fi.gmo
[  9%] Generating fr.gmo
[  9%] Generating hu.gmo
[  9%] Generating hsi_SrcPanoImage.h
[  9%] Building CXX object src/hugin_cpfind/localfeatures/CMakeFiles/localfeatures.dir/KeyPointIO.cpp.o
[  9%] Generating cpfind.1.gz
[  9%] Building CXX object src/hugin_cpfind/localfeatures/CMakeFiles/localfeatures.dir/MathStuff.cpp.o
[  9%] Generating it.gmo
[  9%] Generating deghosting_mask.1.gz
[ 11%] Generating ja.gmo
[ 11%] Generating fulla.1.gz
[ 11%] Generating nl.gmo
[ 11%] Generating geocpset.1.gz
[ 12%] Swig compile hsi.i for python
[ 12%] Linking C static library libhuginlevmar.a
[ 12%] Generating hugin.1.gz
[ 12%] Generating pl.gmo
[ 12%] Generating pt_BR.gmo
[ 13%] Generating ro.gmo
[ 13%] Generating hugin_executor.1.gz
[ 13%] Generating ru.gmo
[ 13%] Generating sk.gmo
[ 14%] Generating hugin_hdrmerge.1.gz
[ 15%] Generating sv.gmo
[ 15%] Generating hugin_lensdb.1.gz
[ 16%] Generating hugin_stacker.1.gz
[ 16%] Generating hugin_stitch_project.1.gz
[ 16%] Generating zh_CN.gmo
[ 16%] Generating icpfind.1.gz
[ 16%] Generating linefind.1.gz
[ 16%] Built target huginlevmar
/build/hugin-hg/src/hugin/src/hugin_cpfind/localfeatures/CircularKeyPointDescriptor.cpp:175:6: warning: #warning use LUT after parameter tuning [-Wcpp]
  175 |     #warning use LUT after parameter tuning
      |      ^~~~~~~
[ 16%] Generating zh_TW.gmo
[ 17%] Generating nona.1.gz
[ 17%] Generating pano_modify.1.gz
[ 17%] Generating pano_trafo.1.gz
[ 17%] Building CXX object src/hugin_base/CMakeFiles/huginbase.dir/algorithms/nona/NonaFileStitcher.cpp.o
[ 17%] Generating pto_gen.1.gz
[ 18%] Generating pto_lensstack.1.gz
[ 18%] Generating pto_mask.1.gz
[ 19%] Building CXX object src/hugin_base/CMakeFiles/huginbase.dir/algorithms/basic/CalculateCPStatistics.cpp.o
[ 19%] Built target translations
[ 19%] Generating pto_merge.1.gz
[ 19%] Building CXX object src/hugin_base/CMakeFiles/huginbase.dir/algorithms/basic/CalculateMeanExposure.cpp.o
[ 20%] Generating pto_move.1.gz
[ 20%] Building CXX object src/hugin_base/CMakeFiles/huginbase.dir/algorithms/basic/CalculateOptimalScale.cpp.o
[ 20%] Generating pto_template.1.gz
[ 20%] Generating pto_var.1.gz
[ 20%] Building CXX object src/hugin_base/CMakeFiles/huginbase.dir/algorithms/basic/CalculateOptimalROI.cpp.o
[ 21%] Generating tca_correct.1.gz
[ 21%] Generating verdandi.1.gz
[ 22%] Generating vig_optimize.1.gz
[ 22%] Building CXX object src/hugin_base/CMakeFiles/huginbase.dir/algorithms/basic/RotatePanorama.cpp.o
[ 22%] Building CXX object src/hugin_base/CMakeFiles/huginbase.dir/algorithms/basic/TranslatePanorama.cpp.o
[ 22%] Building CXX object src/hugin_base/CMakeFiles/huginbase.dir/algorithms/basic/StraightenPanorama.cpp.o
[ 23%] Building CXX object src/hugin_base/CMakeFiles/huginbase.dir/algorithms/basic/CalculateOverlap.cpp.o
[ 23%] Building CXX object src/hugin_base/CMakeFiles/huginbase.dir/algorithms/basic/LayerStacks.cpp.o
[ 23%] Building CXX object src/hugin_base/CMakeFiles/huginbase.dir/algorithms/nona/CalculateFOV.cpp.o
[ 24%] Building CXX object src/hugin_base/CMakeFiles/huginbase.dir/algorithms/nona/CenterHorizontally.cpp.o
[ 24%] Built target ManPages
[ 24%] Building CXX object src/hugin_base/CMakeFiles/huginbase.dir/algorithms/nona/FitPanorama.cpp.o
[ 24%] Building CXX object src/hugin_base/CMakeFiles/huginbase.dir/algorithms/nona/ComputeImageROI.cpp.o
[ 24%] Building CXX object src/hugin_base/CMakeFiles/huginbase.dir/algorithms/optimizer/ImageGraph.cpp.o
/build/hugin-hg/src/hugin/src/hugin_base/panodata/Mask.h:126: Warning 362: operator= ignored
hsi_Panorama.h:24: Warning 362: operator= ignored
/build/hugin-hg/src/hugin/src/hugin_base/algorithms/optimizer/PhotometricOptimizer.h:72: Warning 325: Nested struct not currently supported (VarMapping ignored)
/build/hugin-hg/src/hugin/src/hugin_base/algorithms/optimizer/PhotometricOptimizer.h:101: Warning 325: Nested struct not currently supported (OptimData ignored)
[ 25%] Building CXX object src/hugin_base/CMakeFiles/huginbase.dir/algorithms/optimizer/PhotometricOptimizer.cpp.o
[ 25%] Building CXX object src/hugin_base/CMakeFiles/huginbase.dir/algorithms/optimizer/PTOptimizer.cpp.o
[ 25%] Building CXX object src/hugin_base/CMakeFiles/huginbase.dir/algorithms/point_sampler/PointSampler.cpp.o
[ 25%] Linking CXX shared library liblocalfeatures.so
[ 26%] Building CXX object src/hugin_base/CMakeFiles/huginbase.dir/algorithms/control_points/CleanCP.cpp.o
[ 26%] Building CXX object src/hugin_base/CMakeFiles/huginbase.dir/appbase/ProgressDisplay.cpp.o
[ 26%] Building CXX object src/hugin_base/CMakeFiles/huginbase.dir/huginapp/CachedImageRemapper.cpp.o
[ 27%] Building CXX object src/hugin_base/CMakeFiles/huginbase.dir/huginapp/ImageCache.cpp.o
[ 27%] Building CXX object src/hugin_base/CMakeFiles/huginbase.dir/hugin_math/eig_jacobi.cpp.o
[ 27%] Building CXX object src/hugin_base/CMakeFiles/huginbase.dir/hugin_math/hugin_math.cpp.o
[ 27%] Building CXX object src/hugin_base/CMakeFiles/huginbase.dir/hugin_math/Matrix3.cpp.o
[ 28%] Building CXX object src/hugin_base/CMakeFiles/huginbase.dir/hugin_math/Vector3.cpp.o
[ 28%] Building CXX object src/hugin_base/CMakeFiles/huginbase.dir/hugin_utils/alphanum.cpp.o
[ 28%] Building CXX object src/hugin_base/CMakeFiles/huginbase.dir/hugin_utils/utils.cpp.o
[ 28%] Building CXX object src/hugin_base/CMakeFiles/huginbase.dir/lines/FindLines.cpp.o
[ 29%] Building CXX object src/hugin_base/CMakeFiles/huginbase.dir/lensdb/LensDB.cpp.o
[ 29%] Building CXX object src/hugin_base/CMakeFiles/huginbase.dir/lines/FindN8Lines.cpp.o
[ 30%] Building CXX object src/hugin_base/CMakeFiles/huginbase.dir/nona/SpaceTransform.cpp.o
[ 30%] Building CXX object src/hugin_base/CMakeFiles/huginbase.dir/nona/Stitcher1.cpp.o
[ 30%] Building CXX object src/hugin_base/CMakeFiles/huginbase.dir/nona/Stitcher2.cpp.o
[ 30%] Building CXX object src/hugin_base/CMakeFiles/huginbase.dir/nona/Stitcher3.cpp.o
[ 31%] Building CXX object src/hugin_base/CMakeFiles/huginbase.dir/nona/Stitcher4.cpp.o
[ 31%] Building CXX object src/hugin_base/CMakeFiles/huginbase.dir/nona/Stitcher.cpp.o
[ 31%] Building CXX object src/hugin_base/CMakeFiles/huginbase.dir/nona/StitcherOptions.cpp.o
[ 32%] Building CXX object src/hugin_base/CMakeFiles/huginbase.dir/panodata/ControlPoint.cpp.o
[ 32%] Built target localfeatures
[ 32%] Building CXX object src/hugin_base/CMakeFiles/huginbase.dir/panodata/Lens.cpp.o
[ 32%] Building CXX object src/hugin_base/CMakeFiles/huginbase.dir/panodata/Mask.cpp.o
[ 33%] Building CXX object src/hugin_base/CMakeFiles/huginbase.dir/panodata/Panorama.cpp.o
[ 33%] Building CXX object src/hugin_base/CMakeFiles/huginbase.dir/panodata/PanoramaOptions.cpp.o
[ 33%] Building CXX object src/hugin_base/CMakeFiles/huginbase.dir/panodata/PanoramaVariable.cpp.o
[ 34%] Building CXX object src/hugin_base/CMakeFiles/huginbase.dir/panodata/ParseExp.cpp.o
[ 34%] Building CXX object src/hugin_base/CMakeFiles/huginbase.dir/panodata/PTScriptParsing.cpp.o
[ 34%] Building CXX object src/hugin_base/CMakeFiles/huginbase.dir/panodata/SrcPanoImage.cpp.o
[ 34%] Building CXX object src/hugin_base/CMakeFiles/huginbase.dir/panodata/ImageVariableGroup.cpp.o
[ 35%] Building CXX object src/hugin_base/CMakeFiles/huginbase.dir/panodata/StandardImageVariableGroups.cpp.o
[ 35%] Building CXX object src/hugin_base/CMakeFiles/huginbase.dir/panodata/Exiv2Helper.cpp.o
[ 35%] Building CXX object src/hugin_base/CMakeFiles/huginbase.dir/panotools/PanoToolsInterface.cpp.o
[ 36%] Building CXX object src/hugin_base/CMakeFiles/huginbase.dir/panotools/PanoToolsOptimizerWrapper.cpp.o
[ 36%] Building CXX object src/hugin_base/CMakeFiles/huginbase.dir/panotools/PanoToolsUtils.cpp.o
[ 36%] Building CXX object src/hugin_base/CMakeFiles/huginbase.dir/panotools/PanoToolsTransformGPU.cpp.o
[ 36%] Building CXX object src/hugin_base/CMakeFiles/huginbase.dir/vigra_ext/emor.cpp.o
[ 37%] Building CXX object src/hugin_base/CMakeFiles/huginbase.dir/vigra_ext/ImageTransformsGPU.cpp.o
[ 37%] Built target hsi_swig_compilation
[ 37%] Linking CXX shared library libhuginbase.so
[ 37%] Built target huginbase
[ 38%] Building CXX object src/tools/CMakeFiles/vig_optimize.dir/vig_optimize.cpp.o
[ 38%] Building CXX object src/tools/CMakeFiles/fulla.dir/fulla.cpp.o
[ 38%] Building CXX object src/tools/CMakeFiles/nona.dir/nona.cpp.o
[ 38%] Building CXX object src/tools/CMakeFiles/pto_merge.dir/pto_merge.cpp.o
[ 38%] Building CXX object src/tools/CMakeFiles/align_image_stack.dir/align_image_stack.cpp.o
[ 38%] Building CXX object src/tools/CMakeFiles/tca_correct.dir/tca_correct.cpp.o
[ 38%] Building CXX object src/tools/CMakeFiles/autooptimiser.dir/autooptimiser.cpp.o
[ 38%] Building CXX object src/tools/CMakeFiles/pano_modify.dir/IniParser.cpp.o
[ 39%] Building CXX object src/celeste/CMakeFiles/celeste.dir/CelesteGlobals.cpp.o
[ 39%] Building CXX object src/tools/CMakeFiles/checkpto.dir/checkpto.cpp.o
[ 39%] Building CXX object src/tools/CMakeFiles/cpclean.dir/cpclean.cpp.o
[ 40%] Building CXX object src/tools/CMakeFiles/pto_template.dir/pto_template.cpp.o
[ 40%] Building CXX object src/tools/CMakeFiles/linefind.dir/linefind.cpp.o
[ 40%] Building CXX object src/tools/CMakeFiles/pto_gen.dir/pto_gen.cpp.o
[ 41%] Building CXX object src/tools/CMakeFiles/geocpset.dir/geocpset.cpp.o
[ 42%] Building CXX object src/tools/CMakeFiles/pano_trafo.dir/pano_trafo.cpp.o
[ 42%] Building CXX object src/tools/CMakeFiles/pto_mask.dir/pto_mask.cpp.o
[ 43%] Building CXX object src/tools/CMakeFiles/pto_var.dir/pto_var.cpp.o
[ 44%] Building CXX object src/tools/CMakeFiles/pto_lensstack.dir/pto_lensstack.cpp.o
[ 45%] Building CXX object src/tools/CMakeFiles/pto_move.dir/pto_move.cpp.o
[ 45%] Building CXX object src/celeste/CMakeFiles/celeste.dir/Celeste.cpp.o
[ 45%] Linking CXX executable pto_merge
[ 46%] Building CXX object src/tools/CMakeFiles/pano_modify.dir/PanoOptionsFromIni.cpp.o
[ 46%] Linking CXX executable pto_template
[ 46%] Linking CXX executable pano_trafo
[ 46%] Linking CXX executable pto_gen
[ 46%] Linking CXX executable nona
[ 46%] Linking CXX executable pto_lensstack
[ 46%] Linking CXX executable cpclean
[ 47%] Linking CXX executable pto_mask
[ 47%] Linking CXX executable geocpset
[ 48%] Building CXX object src/celeste/CMakeFiles/celeste.dir/ContrastFilter.cpp.o
[ 48%] Linking CXX executable pto_move
[ 48%] Linking CXX executable pto_var
[ 48%] Building CXX object src/celeste/CMakeFiles/celeste.dir/Gabor.cpp.o
[ 48%] Built target pano_trafo
[ 49%] Building CXX object src/tools/CMakeFiles/hugin_hdrmerge.dir/hugin_hdrmerge.cpp.o
[ 49%] Linking CXX executable checkpto
[ 49%] Built target cpclean
[ 50%] Building CXX object src/tools/CMakeFiles/hugin_lensdb.dir/hugin_lensdb.cpp.o
[ 50%] Built target pto_merge
[ 50%] Building CXX object src/celeste/CMakeFiles/celeste.dir/GaborFilter.cpp.o
[ 50%] Built target pto_template
[ 51%] Building CXX object src/tools/CMakeFiles/verdandi.dir/verdandi.cpp.o
[ 51%] Built target pto_lensstack
[ 51%] Building CXX object src/tools/CMakeFiles/hugin_hdrmerge.dir/__/deghosting/deghosting.cpp.o
[ 52%] Building CXX object src/celeste/CMakeFiles/celeste.dir/GaborJet.cpp.o
[ 52%] Building CXX object src/tools/CMakeFiles/pano_modify.dir/pano_modify.cpp.o
[ 52%] Built target geocpset
[ 52%] Building CXX object src/tools/CMakeFiles/hugin_stacker.dir/stacker.cpp.o
[ 53%] Linking CXX executable vig_optimize
[ 53%] Building CXX object src/celeste/CMakeFiles/celeste.dir/ImageFile.cpp.o
[ 53%] Linking CXX executable autooptimiser
[ 53%] Built target nona
[ 53%] Building CXX object src/deghosting/CMakeFiles/deghosting_mask.dir/deghosting_mask.cpp.o
[ 53%] Built target pto_mask
[ 53%] Build header file...
[ 53%] Building CXX object src/hugin_script_interface/CMakeFiles/hugin_python_interface.dir/hpi.cpp.o
[ 53%] Linking CXX executable linefind
[ 53%] Building CXX object src/hugin_script_interface/CMakeFiles/hsi.dir/CMakeFiles/hsi.dir/hsiPYTHON_wrap.cxx.o
[ 54%] Building CXX object src/hugin_script_interface/CMakeFiles/hugin_python_interface.dir/hpi_classes.cpp.o
[ 54%] Building CXX object src/celeste/CMakeFiles/celeste.dir/PGMImage.cpp.o
[ 54%] Built target pto_gen
[ 54%] Linking CXX executable hugin_lensdb
[ 54%] Built target pto_move
[ 54%] Building CXX object src/deghosting/CMakeFiles/deghosting_mask.dir/deghosting.cpp.o
[ 54%] Building CXX object src/celeste/CMakeFiles/celeste.dir/svm.cpp.o
[ 55%] Linking CXX executable tca_correct
[ 55%] Built target pto_var
[ 55%] Linking CXX executable pano_modify
In file included from /build/hugin-hg/src/hugin/src/tools/hugin_hdrmerge.cpp:44:
/build/hugin-hg/src/hugin/src/hugin_base/vigra_ext/ReduceOpenEXR.h: In function ‘bool readPGMHeader(FILE*, int&, int&, int&)’:
/build/hugin-hg/src/hugin/src/hugin_base/vigra_ext/ReduceOpenEXR.h:43:10: warning: ignoring return value of ‘char* fgets(char*, int, FILE*)’ declared with attribute ‘warn_unused_result’ [-Wunused-result]
   43 |     fgets(line, 256, file);
      |     ~~~~~^~~~~~~~~~~~~~~~~
/build/hugin-hg/src/hugin/src/hugin_base/vigra_ext/ReduceOpenEXR.h:49:10: warning: ignoring return value of ‘char* fgets(char*, int, FILE*)’ declared with attribute ‘warn_unused_result’ [-Wunused-result]
   49 |     fgets(line, 256, file);
      |     ~~~~~^~~~~~~~~~~~~~~~~
/build/hugin-hg/src/hugin/src/hugin_base/vigra_ext/ReduceOpenEXR.h:51:10: warning: ignoring return value of ‘char* fgets(char*, int, FILE*)’ declared with attribute ‘warn_unused_result’ [-Wunused-result]
   51 |     fgets(line, 256, file);
      |     ~~~~~^~~~~~~~~~~~~~~~~
/build/hugin-hg/src/hugin/src/hugin_base/vigra_ext/ReduceOpenEXR.h:54:10: warning: ignoring return value of ‘char* fgets(char*, int, FILE*)’ declared with attribute ‘warn_unused_result’ [-Wunused-result]
   54 |     fgets(line, 256, file);
      |     ~~~~~^~~~~~~~~~~~~~~~~
[ 56%] Building CXX object src/celeste/CMakeFiles/celeste.dir/Utilities.cpp.o
[ 56%] Linking CXX shared library libhugin_python_interface.so
/build/hugin-hg/src/hugin/src/celeste/Utilities.cpp: In function ‘void celeste::FileCreateError(char*)’:
/build/hugin-hg/src/hugin/src/celeste/Utilities.cpp:195:15: warning: ignoring return value of ‘char* getcwd(char*, size_t)’ declared with attribute ‘warn_unused_result’ [-Wunused-result]
  195 |         getcwd( folder, FILENAME_MAX );
      |         ~~~~~~^~~~~~~~~~~~~~~~~~~~~~~~
/build/hugin-hg/src/hugin/src/celeste/Utilities.cpp: In function ‘void celeste::FileOpenError(char*)’:
/build/hugin-hg/src/hugin/src/celeste/Utilities.cpp:204:15: warning: ignoring return value of ‘char* getcwd(char*, size_t)’ declared with attribute ‘warn_unused_result’ [-Wunused-result]
  204 |         getcwd( folder, FILENAME_MAX );
      |         ~~~~~~^~~~~~~~~~~~~~~~~~~~~~~~
[ 56%] Linking CXX shared library libceleste.so
[ 56%] Built target hugin_python_interface
[ 56%] Building CXX object src/hugin1/base_wx/CMakeFiles/huginbasewx.dir/wxImageCache.cpp.o
[ 56%] Built target checkpto
[ 57%] Linking CXX executable deghosting_mask
[ 57%] Built target hugin_lensdb
[ 57%] Building CXX object src/hugin1/base_wx/CMakeFiles/huginbasewx.dir/PTWXDlg.cpp.o
[ 58%] Building CXX object src/hugin1/base_wx/CMakeFiles/huginbasewx.dir/MyProgressDialog.cpp.o
[ 58%] Building CXX object src/hugin1/base_wx/CMakeFiles/huginbasewx.dir/huginConfig.cpp.o
[ 58%] Linking CXX executable hugin_hdrmerge
[ 58%] Built target vig_optimize
[ 59%] Building CXX object src/hugin1/base_wx/CMakeFiles/huginbasewx.dir/MyExternalCmdExecDialog.cpp.o
[ 59%] Built target linefind
[ 59%] Built target autooptimiser
[ 59%] Building CXX object src/hugin1/base_wx/CMakeFiles/huginbasewx.dir/platform.cpp.o
[ 60%] Linking CXX executable align_image_stack
[ 60%] Built target pano_modify
[ 60%] Building CXX object src/hugin1/base_wx/CMakeFiles/huginbasewx.dir/RunStitchPanel.cpp.o
[ 60%] Linking CXX executable fulla
[ 60%] Built target tca_correct
[ 61%] Building CXX object src/hugin1/base_wx/CMakeFiles/huginbasewx.dir/LensTools.cpp.o
[ 61%] Building CXX object src/hugin1/base_wx/CMakeFiles/huginbasewx.dir/wxLensDB.cpp.o
[ 61%] Building CXX object src/hugin1/base_wx/CMakeFiles/huginbasewx.dir/HFOVDialog.cpp.o
[ 61%] Building CXX object src/hugin1/base_wx/CMakeFiles/huginbasewx.dir/Command.cpp.o
[ 61%] Built target celeste
[ 61%] Built target deghosting_mask
[ 61%] Building CXX object src/celeste/CMakeFiles/celeste_standalone.dir/Main.cpp.o
[ 62%] Building CXX object src/hugin1/base_wx/CMakeFiles/huginbasewx.dir/PanoCommand.cpp.o
[ 62%] Building CXX object src/hugin1/base_wx/CMakeFiles/huginbasewx.dir/wxPanoCommand.cpp.o
[ 62%] Built target hugin_hdrmerge
[ 62%] Building CXX object src/hugin1/base_wx/CMakeFiles/huginbasewx.dir/CommandHistory.cpp.o
[ 62%] Building CXX object src/hugin_cpfind/cpfind/CMakeFiles/cpfind.dir/PanoDetector.cpp.o
[ 63%] Building CXX object src/hugin1/base_wx/CMakeFiles/huginbasewx.dir/Executor.cpp.o
[ 63%] Building CXX object src/hugin_cpfind/cpfind/CMakeFiles/cpfind.dir/PanoDetectorLogic.cpp.o
[ 64%] Linking CXX executable celeste_standalone
[ 64%] Building CXX object src/hugin1/base_wx/CMakeFiles/huginbasewx.dir/AssistantExecutor.cpp.o
[ 65%] Building CXX object src/hugin_cpfind/cpfind/CMakeFiles/cpfind.dir/TestCode.cpp.o
[ 65%] Building CXX object src/hugin1/base_wx/CMakeFiles/huginbasewx.dir/StitchingExecutor.cpp.o
[ 66%] Building CXX object src/hugin1/base_wx/CMakeFiles/huginbasewx.dir/wxcms.cpp.o
[ 66%] Building CXX object src/hugin1/base_wx/CMakeFiles/huginbasewx.dir/wxPlatform.cpp.o
[ 66%] Building CXX object src/hugin_cpfind/cpfind/CMakeFiles/cpfind.dir/Utils.cpp.o
[ 67%] Linking CXX executable hugin_stacker
[ 67%] Building CXX object src/hugin1/base_wx/CMakeFiles/huginbasewx.dir/wxutils.cpp.o
[ 67%] Building CXX object src/hugin_cpfind/cpfind/CMakeFiles/cpfind.dir/main.cpp.o
[ 67%] Building CXX object src/hugin1/base_wx/CMakeFiles/huginbasewx.dir/GraphTools.cpp.o
[ 67%] Built target fulla
[ 67%] Linking CXX executable verdandi
[ 67%] Built target celeste_standalone
[ 67%] Built target align_image_stack
[ 67%] Linking CXX shared module _hsi.so
[ 68%] Linking CXX shared library libhuginbasewx.so
[ 69%] Linking CXX executable cpfind
[ 69%] Built target hugin_stacker
[ 69%] Built target hsi
/usr/bin/ld: /tmp/ccC1V9ER.ltrans1.ltrans.o: in function `flann::serialization::SaveArchive::flushBlock()':
/usr/include/flann/util/serialization.h:425:(.text+0x2124): undefined reference to `LZ4_compress_HC_continue'
/usr/bin/ld: /usr/include/flann/util/serialization.h:443:(.text+0x21cd): undefined reference to `LZ4_compress_HC_continue'
/usr/bin/ld: /tmp/ccC1V9ER.ltrans4.ltrans.o: in function `flann::LshIndex<flann::L2<double> >::saveIndex(_IO_FILE*)':
/usr/include/flann/util/serialization.h:406:(.text+0x5bb6): undefined reference to `LZ4_resetStreamHC'
/usr/bin/ld: /tmp/ccC1V9ER.ltrans4.ltrans.o: in function `flann::HierarchicalClusteringIndex<flann::L2<double> >::saveIndex(_IO_FILE*)':
/usr/include/flann/util/serialization.h:406:(.text+0x65e0): undefined reference to `LZ4_resetStreamHC'
/usr/bin/ld: /tmp/ccC1V9ER.ltrans4.ltrans.o: in function `flann::AutotunedIndex<flann::L2<double> >::saveIndex(_IO_FILE*)':
/usr/include/flann/util/serialization.h:406:(.text+0xa02f): undefined reference to `LZ4_resetStreamHC'
/usr/bin/ld: /tmp/ccC1V9ER.ltrans5.ltrans.o: in function `flann::KMeansIndex<flann::L2<double> >::saveIndex(_IO_FILE*)':
/usr/include/flann/util/serialization.h:406:(.text+0x3aaa): undefined reference to `LZ4_resetStreamHC'
/usr/bin/ld: /tmp/ccC1V9ER.ltrans5.ltrans.o: in function `flann::LinearIndex<flann::L2<double> >::saveIndex(_IO_FILE*)':
/usr/include/flann/util/serialization.h:406:(.text+0x3dfa): undefined reference to `LZ4_resetStreamHC'
/usr/bin/ld: /tmp/ccC1V9ER.ltrans5.ltrans.o:/usr/include/flann/util/serialization.h:406: more undefined references to `LZ4_resetStreamHC' follow
collect2: error: ld returned 1 exit status
make[2]: *** [src/hugin_cpfind/cpfind/CMakeFiles/cpfind.dir/build.make:212: src/hugin_cpfind/cpfind/cpfind] Error 1
make[1]: *** [CMakeFiles/Makefile2:1929: src/hugin_cpfind/cpfind/CMakeFiles/cpfind.dir/all] Error 2
make[1]: *** Waiting for unfinished jobs....
[ 69%] Built target huginbasewx
[ 69%] Built target verdandi
make: *** [Makefile:156: all] Error 2
[1m[31m==> ERROR:(B[m[1m A failure occurred in build().(B[m
[1m    Aborting...(B[m
