-- The C compiler identification is GNU 16.1.1
-- The CXX compiler identification is GNU 16.1.1
-- Detecting C compiler ABI info
-- Detecting C compiler ABI info - done
-- Check for working C compiler: /usr/bin/cc - skipped
-- Detecting C compile features
-- Detecting C compile features - done
-- Detecting CXX compiler ABI info
-- Detecting CXX compiler ABI info - done
-- Check for working CXX compiler: /usr/bin/c++ - skipped
-- Detecting CXX compile features
-- Detecting CXX compile features - done
-- Found Hg: /usr/bin/hg (found version "7.2.3")
-- Current HG revision is c2f39c6d2664
-- Looking for log1p
-- Looking for log1p - found
-- Found wxWidgets: -lwx_baseu-3.2;-lwx_gtk3u_core-3.2;-lwx_gtk3u_aui-3.2;-lwx_gtk3u_xrc-3.2;-lwx_gtk3u_html-3.2;-lwx_baseu_xml-3.2;-lwx_gtk3u_gl-3.2;-lwx_baseu_net-3.2;-lwx_gtk3u_qa-3.2;-lwx_gtk3u_propgrid-3.2 (found version "3.2.11")
-- Found TIFF: /usr/include
-- WARNING: you are using the obsolete 'PKGCONFIG' macro, use FindPkgConfig
-- Could not find OPTIONAL package OPENEXR
-- Found ZLIB: /usr/include
-- Found OPENEXR: /usr/lib/libOpenEXR.so;/usr/lib/libImath-3_2.so;/usr/lib/libIex-3_4.so;/usr/lib/libIlmThread-3_4.so;/usr/lib/libz.so
-- Found VIGRA: /usr/lib/libvigraimpex.so
-- VIGRA version: 1.12.4
-- WARNING: you are using the obsolete 'PKGCONFIG' macro, use FindPkgConfig
-- Found Exiv2 release >= 0.12
-- Found Exiv2: /usr/lib/libexiv2.so
-- Found OpenGL: /usr/lib/libOpenGL.so
-- Found Epoxy: /usr/lib/libepoxy.so
-- Searching X11 header
-- Found X11: /usr/include
-- Looking for XOpenDisplay in /usr/lib/libX11.so;/usr/lib/libXext.so
-- Looking for XOpenDisplay in /usr/lib/libX11.so;/usr/lib/libXext.so - found
-- Looking for gethostbyname
-- Looking for gethostbyname - found
-- Looking for connect
-- Looking for connect - found
-- Looking for remove
-- Looking for remove - found
-- Looking for shmat
-- Looking for shmat - found
-- Looking for IceConnectionNumber in ICE
-- Looking for IceConnectionNumber in ICE - found
-- libpano13 version: 2.9.23
-- Performing Test CMAKE_HAVE_LIBC_PTHREAD
-- Performing Test CMAKE_HAVE_LIBC_PTHREAD - Success
-- Found Threads: TRUE
-- Found LCMS2: /usr/include
-- checking for module 'flann'
--   package 'flann' not found
-- flann library not found. falling back to included copy
-- Found FFTW: /usr/include
-- Found FFTW library. Activated support for FFT fast cross correlation used by fine-tune feature.
-- Found OpenMP_C: -fopenmp (found version "5.2")
-- Found OpenMP_CXX: -fopenmp (found version "5.2")
-- Found OpenMP: TRUE (found version "5.2")
-- Compiler supports OpenMP. Activating support for it.
-- Found SQLite3: /usr/include
-- Found Python3: /usr/bin/python3.14 (found version "3.14.6") found components: Interpreter Development Development.Module Development.Embed
-- Found SWIG: /usr/bin/swig (found suitable version "4.5.0", minimum required is "2.0.4")
-- LAPACK found (/usr/lib/liblapack.so;/usr/lib/libblas.so)
-- Using shared internal libraries
-- Python libs version: 3.14.6
-- Install Python libs into /usr/lib/python3.14/site-packages
-- Current source dir = /build/hugin-hg/src/hugin
-- Configuring done (2.9s)
-- Generating done (0.2s)
-- Build files have been written to: /build/hugin-hg/src/build
[  0%] Building C object src/foreign/levmar/CMakeFiles/huginlevmar.dir/Axb.c.o
[  0%] Generating ca_ES.gmo
[  1%] Building CXX object src/hugin_cpfind/localfeatures/CMakeFiles/localfeatures.dir/Homography.cpp.o
[  1%] Generating align_image_stack.1.gz
[  1%] Generating PTBatcherGUI.1.gz
[  1%] Building C object src/foreign/levmar/CMakeFiles/huginlevmar.dir/lm.c.o
[  2%] Building C object src/foreign/levmar/CMakeFiles/huginlevmar.dir/misc.c.o
[  2%] Generating ca_ES@valencia.gmo
[  2%] Building CXX object src/hugin_cpfind/localfeatures/CMakeFiles/localfeatures.dir/RansacFiltering.cpp.o
[  2%] Generating autooptimiser.1.gz
[  4%] Generating calibrate_lens_gui.1.gz
[  4%] Generating cs_CZ.gmo
[  4%] Generating celeste_standalone.1.gz
[  4%] Generating checkpto.1.gz
[  4%] Building CXX object src/hugin_cpfind/localfeatures/CMakeFiles/localfeatures.dir/Image.cpp.o
[  4%] Building CXX object src/hugin_cpfind/localfeatures/CMakeFiles/localfeatures.dir/CircularKeyPointDescriptor.cpp.o
[  5%] Generating cpclean.1.gz
[  5%] Generating de.gmo
[  5%] Generating da.gmo
[  5%] Generating hsi_ImageVariableGroup.h
[  5%] Generating hsi_Panorama.h
[  5%] Generating en_GB.gmo
[  6%] Generating es.gmo
[  6%] Generating cpfind.1.gz
[  6%] Generating eu.gmo
[  6%] Generating fi.gmo
[  7%] Generating hsi_PanoramaData.h
[  7%] Generating hsi_SrcPanoImage.h
[  8%] Generating fr.gmo
[  9%] Building CXX object src/hugin_cpfind/localfeatures/CMakeFiles/localfeatures.dir/KeyPointDetector.cpp.o
[  9%] Generating hu.gmo
[  9%] Generating deghosting_mask.1.gz
[  9%] Generating it.gmo
[ 10%] Generating fulla.1.gz
[ 11%] Generating ja.gmo
[ 11%] Generating geocpset.1.gz
[ 11%] Generating hugin.1.gz
[ 11%] Generating hugin_executor.1.gz
[ 12%] Swig compile hsi.i for python
[ 12%] Generating nl.gmo
[ 12%] Generating pl.gmo
[ 12%] Building CXX object src/hugin_cpfind/localfeatures/CMakeFiles/localfeatures.dir/KeyPointIO.cpp.o
[ 12%] Linking C static library libhuginlevmar.a
[ 12%] Generating pt_BR.gmo
[ 13%] Generating ro.gmo
[ 13%] Generating ru.gmo
[ 14%] Generating hugin_lensdb.1.gz
[ 14%] Generating hugin_hdrmerge.1.gz
[ 14%] Generating sk.gmo
[ 14%] Building CXX object src/hugin_cpfind/localfeatures/CMakeFiles/localfeatures.dir/MathStuff.cpp.o
[ 15%] Generating hugin_stitch_project.1.gz
[ 16%] Generating sv.gmo
[ 16%] Generating hugin_stacker.1.gz
[ 16%] Generating icpfind.1.gz
[ 16%] Generating linefind.1.gz
[ 16%] Generating zh_CN.gmo
[ 17%] Generating nona.1.gz
[ 17%] Generating zh_TW.gmo
[ 17%] Generating pano_modify.1.gz
[ 17%] Built target huginlevmar
/build/hugin-hg/src/hugin/src/hugin_cpfind/localfeatures/CircularKeyPointDescriptor.cpp:175:6: warning: #warning use LUT after parameter tuning [-Wcpp]
  175 |     #warning use LUT after parameter tuning
      |      ^~~~~~~
[ 17%] Generating pano_trafo.1.gz
[ 17%] Generating pto_gen.1.gz
[ 18%] Generating pto_lensstack.1.gz
[ 18%] Generating pto_mask.1.gz
[ 18%] Generating pto_merge.1.gz
[ 19%] Generating pto_move.1.gz
[ 19%] Building CXX object src/hugin_base/CMakeFiles/huginbase.dir/algorithms/nona/NonaFileStitcher.cpp.o
[ 19%] Built target translations
[ 19%] Generating pto_template.1.gz
[ 20%] Building CXX object src/hugin_base/CMakeFiles/huginbase.dir/algorithms/basic/CalculateCPStatistics.cpp.o
[ 21%] Generating tca_correct.1.gz
[ 21%] Generating pto_var.1.gz
[ 21%] Generating verdandi.1.gz
[ 21%] Building CXX object src/hugin_base/CMakeFiles/huginbase.dir/algorithms/basic/CalculateMeanExposure.cpp.o
[ 21%] Generating vig_optimize.1.gz
[ 21%] Building CXX object src/hugin_base/CMakeFiles/huginbase.dir/algorithms/basic/CalculateOptimalScale.cpp.o
[ 22%] Building CXX object src/hugin_base/CMakeFiles/huginbase.dir/algorithms/basic/CalculateOptimalROI.cpp.o
[ 22%] Building CXX object src/hugin_base/CMakeFiles/huginbase.dir/algorithms/basic/RotatePanorama.cpp.o
[ 22%] Building CXX object src/hugin_base/CMakeFiles/huginbase.dir/algorithms/basic/TranslatePanorama.cpp.o
[ 22%] Building CXX object src/hugin_base/CMakeFiles/huginbase.dir/algorithms/basic/StraightenPanorama.cpp.o
[ 23%] Building CXX object src/hugin_base/CMakeFiles/huginbase.dir/algorithms/basic/CalculateOverlap.cpp.o
[ 23%] Building CXX object src/hugin_base/CMakeFiles/huginbase.dir/algorithms/basic/LayerStacks.cpp.o
[ 23%] Building CXX object src/hugin_base/CMakeFiles/huginbase.dir/algorithms/nona/CalculateFOV.cpp.o
[ 23%] Built target ManPages
[ 24%] Building CXX object src/hugin_base/CMakeFiles/huginbase.dir/algorithms/nona/CenterHorizontally.cpp.o
[ 24%] Building CXX object src/hugin_base/CMakeFiles/huginbase.dir/algorithms/nona/FitPanorama.cpp.o
[ 24%] Building CXX object src/hugin_base/CMakeFiles/huginbase.dir/algorithms/nona/ComputeImageROI.cpp.o
/build/hugin-hg/src/hugin/src/hugin_base/panodata/Mask.h:126: Warning 362: operator= ignored
hsi_Panorama.h:24: Warning 362: operator= ignored
/build/hugin-hg/src/hugin/src/hugin_base/algorithms/optimizer/PhotometricOptimizer.h:72: Warning 325: Nested struct not currently supported (VarMapping ignored)
/build/hugin-hg/src/hugin/src/hugin_base/algorithms/optimizer/PhotometricOptimizer.h:101: Warning 325: Nested struct not currently supported (OptimData ignored)
[ 24%] Building CXX object src/hugin_base/CMakeFiles/huginbase.dir/algorithms/optimizer/ImageGraph.cpp.o
[ 25%] Building CXX object src/hugin_base/CMakeFiles/huginbase.dir/algorithms/optimizer/PhotometricOptimizer.cpp.o
[ 25%] Building CXX object src/hugin_base/CMakeFiles/huginbase.dir/algorithms/optimizer/PTOptimizer.cpp.o
[ 25%] Building CXX object src/hugin_base/CMakeFiles/huginbase.dir/algorithms/point_sampler/PointSampler.cpp.o
[ 25%] Linking CXX shared library liblocalfeatures.so
[ 26%] Building CXX object src/hugin_base/CMakeFiles/huginbase.dir/algorithms/control_points/CleanCP.cpp.o
[ 26%] Building CXX object src/hugin_base/CMakeFiles/huginbase.dir/appbase/ProgressDisplay.cpp.o
[ 26%] Building CXX object src/hugin_base/CMakeFiles/huginbase.dir/huginapp/CachedImageRemapper.cpp.o
[ 27%] Building CXX object src/hugin_base/CMakeFiles/huginbase.dir/huginapp/ImageCache.cpp.o
[ 27%] Building CXX object src/hugin_base/CMakeFiles/huginbase.dir/hugin_math/eig_jacobi.cpp.o
[ 27%] Building CXX object src/hugin_base/CMakeFiles/huginbase.dir/hugin_math/Matrix3.cpp.o
[ 27%] Building CXX object src/hugin_base/CMakeFiles/huginbase.dir/hugin_math/hugin_math.cpp.o
[ 28%] Building CXX object src/hugin_base/CMakeFiles/huginbase.dir/hugin_math/Vector3.cpp.o
[ 28%] Building CXX object src/hugin_base/CMakeFiles/huginbase.dir/hugin_utils/alphanum.cpp.o
[ 28%] Building CXX object src/hugin_base/CMakeFiles/huginbase.dir/hugin_utils/utils.cpp.o
[ 28%] Building CXX object src/hugin_base/CMakeFiles/huginbase.dir/lines/FindLines.cpp.o
[ 28%] Building CXX object src/hugin_base/CMakeFiles/huginbase.dir/lines/FindN8Lines.cpp.o
[ 29%] Building CXX object src/hugin_base/CMakeFiles/huginbase.dir/lensdb/LensDB.cpp.o
[ 30%] Building CXX object src/hugin_base/CMakeFiles/huginbase.dir/nona/SpaceTransform.cpp.o
[ 30%] Building CXX object src/hugin_base/CMakeFiles/huginbase.dir/nona/Stitcher1.cpp.o
[ 30%] Building CXX object src/hugin_base/CMakeFiles/huginbase.dir/nona/Stitcher2.cpp.o
[ 30%] Building CXX object src/hugin_base/CMakeFiles/huginbase.dir/nona/Stitcher3.cpp.o
[ 31%] Building CXX object src/hugin_base/CMakeFiles/huginbase.dir/nona/Stitcher4.cpp.o
[ 31%] Building CXX object src/hugin_base/CMakeFiles/huginbase.dir/nona/Stitcher.cpp.o
[ 31%] Building CXX object src/hugin_base/CMakeFiles/huginbase.dir/nona/StitcherOptions.cpp.o
[ 32%] Building CXX object src/hugin_base/CMakeFiles/huginbase.dir/panodata/ControlPoint.cpp.o
[ 32%] Building CXX object src/hugin_base/CMakeFiles/huginbase.dir/panodata/Lens.cpp.o
[ 32%] Built target localfeatures
[ 32%] Building CXX object src/hugin_base/CMakeFiles/huginbase.dir/panodata/Mask.cpp.o
[ 33%] Building CXX object src/hugin_base/CMakeFiles/huginbase.dir/panodata/Panorama.cpp.o
[ 33%] Building CXX object src/hugin_base/CMakeFiles/huginbase.dir/panodata/PanoramaOptions.cpp.o
[ 33%] Building CXX object src/hugin_base/CMakeFiles/huginbase.dir/panodata/PanoramaVariable.cpp.o
[ 33%] Building CXX object src/hugin_base/CMakeFiles/huginbase.dir/panodata/ParseExp.cpp.o
[ 34%] Building CXX object src/hugin_base/CMakeFiles/huginbase.dir/panodata/PTScriptParsing.cpp.o
[ 34%] Building CXX object src/hugin_base/CMakeFiles/huginbase.dir/panodata/SrcPanoImage.cpp.o
[ 34%] Building CXX object src/hugin_base/CMakeFiles/huginbase.dir/panodata/ImageVariableGroup.cpp.o
[ 35%] Building CXX object src/hugin_base/CMakeFiles/huginbase.dir/panodata/StandardImageVariableGroups.cpp.o
[ 35%] Building CXX object src/hugin_base/CMakeFiles/huginbase.dir/panodata/Exiv2Helper.cpp.o
[ 35%] Building CXX object src/hugin_base/CMakeFiles/huginbase.dir/panotools/PanoToolsInterface.cpp.o
[ 36%] Building CXX object src/hugin_base/CMakeFiles/huginbase.dir/panotools/PanoToolsOptimizerWrapper.cpp.o
[ 36%] Building CXX object src/hugin_base/CMakeFiles/huginbase.dir/panotools/PanoToolsUtils.cpp.o
[ 36%] Building CXX object src/hugin_base/CMakeFiles/huginbase.dir/panotools/PanoToolsTransformGPU.cpp.o
[ 36%] Building CXX object src/hugin_base/CMakeFiles/huginbase.dir/vigra_ext/emor.cpp.o
[ 37%] Building CXX object src/hugin_base/CMakeFiles/huginbase.dir/vigra_ext/ImageTransformsGPU.cpp.o
[ 37%] Built target hsi_swig_compilation
[ 37%] Linking CXX shared library libhuginbase.so
[ 37%] Built target huginbase
[ 37%] Building CXX object src/celeste/CMakeFiles/celeste.dir/CelesteGlobals.cpp.o
[ 37%] Building CXX object src/tools/CMakeFiles/tca_correct.dir/tca_correct.cpp.o
[ 37%] Building CXX object src/tools/CMakeFiles/autooptimiser.dir/autooptimiser.cpp.o
[ 38%] Building CXX object src/tools/CMakeFiles/pano_trafo.dir/pano_trafo.cpp.o
[ 39%] Building CXX object src/tools/CMakeFiles/fulla.dir/fulla.cpp.o
[ 39%] Building CXX object src/tools/CMakeFiles/nona.dir/nona.cpp.o
[ 40%] Building CXX object src/tools/CMakeFiles/geocpset.dir/geocpset.cpp.o
[ 40%] Building CXX object src/tools/CMakeFiles/pto_merge.dir/pto_merge.cpp.o
[ 40%] Building CXX object src/tools/CMakeFiles/pano_modify.dir/IniParser.cpp.o
[ 40%] Building CXX object src/tools/CMakeFiles/checkpto.dir/checkpto.cpp.o
[ 40%] Building CXX object src/tools/CMakeFiles/pto_template.dir/pto_template.cpp.o
[ 40%] Building CXX object src/tools/CMakeFiles/vig_optimize.dir/vig_optimize.cpp.o
[ 40%] Building CXX object src/tools/CMakeFiles/pto_mask.dir/pto_mask.cpp.o
[ 42%] Building CXX object src/tools/CMakeFiles/pto_lensstack.dir/pto_lensstack.cpp.o
[ 42%] Building CXX object src/tools/CMakeFiles/linefind.dir/linefind.cpp.o
[ 42%] Building CXX object src/tools/CMakeFiles/pto_gen.dir/pto_gen.cpp.o
[ 42%] Building CXX object src/tools/CMakeFiles/align_image_stack.dir/align_image_stack.cpp.o
[ 43%] Building CXX object src/tools/CMakeFiles/cpclean.dir/cpclean.cpp.o
[ 44%] Building CXX object src/tools/CMakeFiles/pto_move.dir/pto_move.cpp.o
[ 45%] Building CXX object src/tools/CMakeFiles/pto_var.dir/pto_var.cpp.o
[ 45%] Building CXX object src/celeste/CMakeFiles/celeste.dir/Celeste.cpp.o
[ 45%] Linking CXX executable pto_template
[ 46%] Building CXX object src/tools/CMakeFiles/pano_modify.dir/PanoOptionsFromIni.cpp.o
[ 47%] Building CXX object src/celeste/CMakeFiles/celeste.dir/ContrastFilter.cpp.o
[ 47%] Linking CXX executable nona
[ 47%] Linking CXX executable cpclean
[ 47%] Linking CXX executable pano_trafo
[ 47%] Linking CXX executable pto_lensstack
[ 47%] Linking CXX executable pto_merge
[ 48%] Linking CXX executable pto_mask
[ 48%] Linking CXX executable geocpset
[ 48%] Building CXX object src/celeste/CMakeFiles/celeste.dir/Gabor.cpp.o
[ 48%] Linking CXX executable pto_move
[ 48%] Linking CXX executable pto_gen
[ 48%] Built target pto_template
[ 49%] Building CXX object src/tools/CMakeFiles/hugin_hdrmerge.dir/hugin_hdrmerge.cpp.o
[ 49%] Linking CXX executable pto_var
[ 49%] Building CXX object src/celeste/CMakeFiles/celeste.dir/GaborFilter.cpp.o
[ 49%] Built target pano_trafo
[ 50%] Building CXX object src/tools/CMakeFiles/hugin_lensdb.dir/hugin_lensdb.cpp.o
[ 50%] Built target cpclean
[ 50%] Building CXX object src/tools/CMakeFiles/pano_modify.dir/pano_modify.cpp.o
[ 50%] Linking CXX executable checkpto
[ 50%] Built target pto_lensstack
[ 51%] Building CXX object src/celeste/CMakeFiles/celeste.dir/GaborJet.cpp.o
[ 51%] Building CXX object src/tools/CMakeFiles/hugin_hdrmerge.dir/__/deghosting/deghosting.cpp.o
[ 51%] Built target pto_merge
[ 52%] Building CXX object src/tools/CMakeFiles/verdandi.dir/verdandi.cpp.o
[ 52%] Built target geocpset
[ 52%] Building CXX object src/celeste/CMakeFiles/celeste.dir/ImageFile.cpp.o
[ 52%] Building CXX object src/tools/CMakeFiles/hugin_stacker.dir/stacker.cpp.o
[ 53%] Linking CXX executable vig_optimize
[ 53%] Building CXX object src/deghosting/CMakeFiles/deghosting_mask.dir/deghosting_mask.cpp.o
[ 53%] Linking CXX executable autooptimiser
[ 53%] Built target pto_mask
[ 53%] Build header file...
[ 53%] Linking CXX executable linefind
[ 53%] Building CXX object src/hugin_script_interface/CMakeFiles/hugin_python_interface.dir/hpi.cpp.o
[ 53%] Built target nona
[ 54%] Building CXX object src/hugin_script_interface/CMakeFiles/hugin_python_interface.dir/hpi_classes.cpp.o
[ 54%] Building CXX object src/celeste/CMakeFiles/celeste.dir/PGMImage.cpp.o
[ 55%] Linking CXX executable tca_correct
[ 55%] Linking CXX executable hugin_lensdb
[ 55%] Built target pto_move
[ 55%] Building CXX object src/deghosting/CMakeFiles/deghosting_mask.dir/deghosting.cpp.o
[ 55%] Building CXX object src/celeste/CMakeFiles/celeste.dir/svm.cpp.o
[ 55%] Built target pto_gen
[ 56%] Building CXX object src/celeste/CMakeFiles/celeste.dir/Utilities.cpp.o
[ 56%] Linking CXX executable pano_modify
[ 56%] Building CXX object src/hugin_script_interface/CMakeFiles/hsi.dir/CMakeFiles/hsi.dir/hsiPYTHON_wrap.cxx.o
[ 56%] Linking CXX shared library libhugin_python_interface.so
/build/hugin-hg/src/hugin/src/celeste/Utilities.cpp: In function ‘void celeste::FileCreateError(char*)’:
/build/hugin-hg/src/hugin/src/celeste/Utilities.cpp:195:15: warning: ignoring return value of ‘char* getcwd(char*, size_t)’ declared with attribute ‘warn_unused_result’ [-Wunused-result]
  195 |         getcwd( folder, FILENAME_MAX );
      |         ~~~~~~^~~~~~~~~~~~~~~~~~~~~~~~
/build/hugin-hg/src/hugin/src/celeste/Utilities.cpp: In function ‘void celeste::FileOpenError(char*)’:
/build/hugin-hg/src/hugin/src/celeste/Utilities.cpp:204:15: warning: ignoring return value of ‘char* getcwd(char*, size_t)’ declared with attribute ‘warn_unused_result’ [-Wunused-result]
  204 |         getcwd( folder, FILENAME_MAX );
      |         ~~~~~~^~~~~~~~~~~~~~~~~~~~~~~~
In file included from /build/hugin-hg/src/hugin/src/tools/hugin_hdrmerge.cpp:44:
/build/hugin-hg/src/hugin/src/hugin_base/vigra_ext/ReduceOpenEXR.h: In function ‘bool readPGMHeader(FILE*, int&, int&, int&)’:
/build/hugin-hg/src/hugin/src/hugin_base/vigra_ext/ReduceOpenEXR.h:43:10: warning: ignoring return value of ‘char* fgets(char*, int, FILE*)’ declared with attribute ‘warn_unused_result’ [-Wunused-result]
   43 |     fgets(line, 256, file);
      |     ~~~~~^~~~~~~~~~~~~~~~~
/build/hugin-hg/src/hugin/src/hugin_base/vigra_ext/ReduceOpenEXR.h:49:10: warning: ignoring return value of ‘char* fgets(char*, int, FILE*)’ declared with attribute ‘warn_unused_result’ [-Wunused-result]
   49 |     fgets(line, 256, file);
      |     ~~~~~^~~~~~~~~~~~~~~~~
/build/hugin-hg/src/hugin/src/hugin_base/vigra_ext/ReduceOpenEXR.h:51:10: warning: ignoring return value of ‘char* fgets(char*, int, FILE*)’ declared with attribute ‘warn_unused_result’ [-Wunused-result]
   51 |     fgets(line, 256, file);
      |     ~~~~~^~~~~~~~~~~~~~~~~
/build/hugin-hg/src/hugin/src/hugin_base/vigra_ext/ReduceOpenEXR.h:54:10: warning: ignoring return value of ‘char* fgets(char*, int, FILE*)’ declared with attribute ‘warn_unused_result’ [-Wunused-result]
   54 |     fgets(line, 256, file);
      |     ~~~~~^~~~~~~~~~~~~~~~~
[ 56%] Linking CXX shared library libceleste.so
[ 56%] Built target hugin_python_interface
[ 56%] Building CXX object src/hugin1/base_wx/CMakeFiles/huginbasewx.dir/wxImageCache.cpp.o
[ 56%] Built target hugin_lensdb
[ 57%] Linking CXX executable deghosting_mask
[ 57%] Built target pto_var
[ 58%] Building CXX object src/hugin1/base_wx/CMakeFiles/huginbasewx.dir/MyProgressDialog.cpp.o
[ 58%] Built target checkpto
[ 58%] Linking CXX executable hugin_hdrmerge
[ 58%] Building CXX object src/hugin1/base_wx/CMakeFiles/huginbasewx.dir/PTWXDlg.cpp.o
[ 58%] Built target vig_optimize
[ 58%] Building CXX object src/hugin1/base_wx/CMakeFiles/huginbasewx.dir/huginConfig.cpp.o
[ 59%] Building CXX object src/hugin1/base_wx/CMakeFiles/huginbasewx.dir/MyExternalCmdExecDialog.cpp.o
[ 59%] Built target linefind
[ 59%] Building CXX object src/hugin1/base_wx/CMakeFiles/huginbasewx.dir/platform.cpp.o
[ 59%] Built target autooptimiser
[ 59%] Building CXX object src/hugin1/base_wx/CMakeFiles/huginbasewx.dir/RunStitchPanel.cpp.o
[ 60%] Linking CXX executable align_image_stack
[ 60%] Built target pano_modify
[ 60%] Built target celeste
[ 60%] Linking CXX executable fulla
[ 60%] Building CXX object src/celeste/CMakeFiles/celeste_standalone.dir/Main.cpp.o
[ 61%] Building CXX object src/hugin1/base_wx/CMakeFiles/huginbasewx.dir/LensTools.cpp.o
[ 61%] Building CXX object src/hugin1/base_wx/CMakeFiles/huginbasewx.dir/wxLensDB.cpp.o
[ 61%] Building CXX object src/hugin1/base_wx/CMakeFiles/huginbasewx.dir/HFOVDialog.cpp.o
[ 61%] Built target tca_correct
[ 61%] Building CXX object src/hugin_cpfind/cpfind/CMakeFiles/cpfind.dir/PanoDetector.cpp.o
[ 61%] Building CXX object src/hugin1/base_wx/CMakeFiles/huginbasewx.dir/Command.cpp.o
[ 61%] Built target deghosting_mask
[ 61%] Built target hugin_hdrmerge
[ 61%] Building CXX object src/hugin_cpfind/cpfind/CMakeFiles/cpfind.dir/PanoDetectorLogic.cpp.o
[ 62%] Building CXX object src/hugin1/base_wx/CMakeFiles/huginbasewx.dir/PanoCommand.cpp.o
[ 63%] Building CXX object src/hugin_cpfind/cpfind/CMakeFiles/cpfind.dir/TestCode.cpp.o
[ 63%] Building CXX object src/hugin1/base_wx/CMakeFiles/huginbasewx.dir/wxPanoCommand.cpp.o
[ 64%] Linking CXX executable celeste_standalone
[ 64%] Building CXX object src/hugin_cpfind/cpfind/CMakeFiles/cpfind.dir/Utils.cpp.o
[ 64%] Building CXX object src/hugin1/base_wx/CMakeFiles/huginbasewx.dir/CommandHistory.cpp.o
[ 64%] Building CXX object src/hugin_cpfind/cpfind/CMakeFiles/cpfind.dir/main.cpp.o
[ 65%] Building CXX object src/hugin1/base_wx/CMakeFiles/huginbasewx.dir/Executor.cpp.o
[ 65%] Building CXX object src/hugin1/base_wx/CMakeFiles/huginbasewx.dir/AssistantExecutor.cpp.o
[ 65%] Building CXX object src/hugin1/base_wx/CMakeFiles/huginbasewx.dir/StitchingExecutor.cpp.o
[ 66%] Building CXX object src/hugin1/base_wx/CMakeFiles/huginbasewx.dir/wxcms.cpp.o
[ 66%] Building CXX object src/hugin1/base_wx/CMakeFiles/huginbasewx.dir/wxPlatform.cpp.o
[ 66%] Building CXX object src/hugin1/base_wx/CMakeFiles/huginbasewx.dir/wxutils.cpp.o
[ 67%] Linking CXX executable hugin_stacker
[ 67%] Building CXX object src/hugin1/base_wx/CMakeFiles/huginbasewx.dir/GraphTools.cpp.o
[ 67%] Built target celeste_standalone
[ 67%] Built target fulla
[ 67%] Built target align_image_stack
[ 67%] Linking CXX executable verdandi
[ 67%] Linking CXX shared module _hsi.so
[ 68%] Linking CXX executable cpfind
[ 69%] Linking CXX shared library libhuginbasewx.so
[ 69%] Built target hugin_stacker
[ 69%] Built target cpfind
[ 69%] Built target huginbasewx
[ 69%] Building CXX object src/hugin1/calibrate_lens/CMakeFiles/calibrate_lens_gui.dir/LensCalImageCtrl.cpp.o
[ 69%] Building CXX object src/hugin1/calibrate_lens/CMakeFiles/calibrate_lens_gui.dir/LensCalFrame.cpp.o
[ 69%] Building CXX object src/hugin1/icpfind/CMakeFiles/icpfindlib.dir/AutoCtrlPointCreator.cpp.o
[ 70%] Building CXX object src/hugin1/calibrate_lens/CMakeFiles/calibrate_lens_gui.dir/LensCalApp.cpp.o
[ 70%] Building CXX object src/hugin1/executor/CMakeFiles/hugin_executor.dir/hugin_executor.cpp.o
[ 70%] Building CXX object src/hugin1/icpfind/CMakeFiles/icpfindlib.dir/CPDetectorConfig.cpp.o
[ 70%] Building CXX object src/hugin1/stitch_project/CMakeFiles/hugin_stitch_project.dir/hugin_stitch_project.cpp.o
[ 70%] Building CXX object src/hugin1/ptbatcher/CMakeFiles/PTBatcherGUI.dir/PTBatcherGUI.cpp.o
[ 71%] Building CXX object src/hugin1/calibrate_lens/CMakeFiles/calibrate_lens_gui.dir/LensCalTypes.cpp.o
[ 71%] Building CXX object src/hugin1/toolbox/CMakeFiles/hugin_toolbox.dir/ToolboxApp.cpp.o
[ 71%] Building CXX object src/hugin1/ptbatcher/CMakeFiles/PTBatcherGUI.dir/RunStitchFrame.cpp.o
[ 71%] Building CXX object src/hugin1/ptbatcher/CMakeFiles/PTBatcherGUI.dir/ProjectArray.cpp.o
[ 71%] Building CXX object src/hugin1/toolbox/CMakeFiles/hugin_toolbox.dir/CreateBrightImgDlg.cpp.o
[ 71%] Building CXX object src/hugin1/toolbox/CMakeFiles/hugin_toolbox.dir/EnfusePanel.cpp.o
[ 73%] Building CXX object src/hugin1/ptbatcher/CMakeFiles/PTBatcherGUI.dir/Batch.cpp.o
[ 73%] Building CXX object src/hugin1/toolbox/CMakeFiles/hugin_toolbox.dir/PreviewWindow.cpp.o
[ 74%] Building CXX object src/hugin1/ptbatcher/CMakeFiles/PTBatcherGUI.dir/ProjectListBox.cpp.o
[ 74%] Building CXX object src/hugin1/toolbox/CMakeFiles/hugin_toolbox.dir/ToolboxFrame.cpp.o
[ 74%] Built target hsi
[ 74%] Building CXX object src/hugin1/toolbox/CMakeFiles/hugin_toolbox.dir/PerspectivePanel.cpp.o
[ 74%] Built target verdandi
[ 74%] Building CXX object src/hugin1/ptbatcher/CMakeFiles/PTBatcherGUI.dir/BatchFrame.cpp.o
[ 74%] Building CXX object src/hugin1/ptbatcher/CMakeFiles/PTBatcherGUI.dir/FindPanoDialog.cpp.o
[ 74%] Linking CXX executable hugin_executor
[ 75%] Building CXX object src/hugin1/ptbatcher/CMakeFiles/PTBatcherGUI.dir/FailedProjectsDialog.cpp.o
[ 75%] Building CXX object src/hugin1/toolbox/CMakeFiles/hugin_toolbox.dir/PerspectiveImageCtrl.cpp.o
[ 75%] Building CXX object src/hugin1/ptbatcher/CMakeFiles/PTBatcherGUI.dir/BatchTrayIcon.cpp.o
[ 75%] Building CXX object src/hugin1/ptbatcher/CMakeFiles/PTBatcherGUI.dir/ProgressStatusBar.cpp.o
[ 76%] Building CXX object src/hugin1/toolbox/CMakeFiles/hugin_toolbox.dir/StackerPanel.cpp.o
[ 76%] Linking CXX executable hugin_stitch_project
[ 76%] Building CXX object src/hugin1/ptbatcher/CMakeFiles/PTBatcherGUI.dir/ChangeUserDefinedDialog.cpp.o
[ 77%] Building CXX object src/hugin1/ptbatcher/CMakeFiles/PTBatcherGUI.dir/GenerateSequenceDialog.cpp.o
[ 77%] Linking CXX shared library libicpfindlib.so
[ 77%] Built target hugin_executor
[ 77%] Built target hugin_stitch_project
[ 78%] Linking CXX executable calibrate_lens_gui
[ 78%] Built target icpfindlib
[ 78%] Building CXX object src/hugin1/hugin/CMakeFiles/hugin.dir/huginApp.cpp.o
[ 78%] Building CXX object src/hugin1/icpfind/CMakeFiles/icpfind.dir/icpfind.cpp.o
[ 78%] Building CXX object src/hugin1/hugin/CMakeFiles/hugin.dir/CPImageCtrl.cpp.o
[ 78%] Building CXX object src/hugin1/hugin/CMakeFiles/hugin.dir/CPImagesComboBox.cpp.o
[ 78%] Building CXX object src/hugin1/hugin/CMakeFiles/hugin.dir/CPEditorPanel.cpp.o
[ 79%] Building CXX object src/hugin1/hugin/CMakeFiles/hugin.dir/MainFrame.cpp.o
[ 80%] Building CXX object src/hugin1/hugin/CMakeFiles/hugin.dir/CPDetectorDialog.cpp.o
[ 81%] Building CXX object src/hugin1/hugin/CMakeFiles/hugin.dir/PreviewFrame.cpp.o
[ 81%] Building CXX object src/hugin1/hugin/CMakeFiles/hugin.dir/HDRMergeOptionDialog.cpp.o
[ 81%] Building CXX object src/hugin1/hugin/CMakeFiles/hugin.dir/ImagesPanel.cpp.o
[ 81%] Building CXX object src/hugin1/hugin/CMakeFiles/hugin.dir/PreviewPanel.cpp.o
[ 82%] Building CXX object src/hugin1/hugin/CMakeFiles/hugin.dir/PanoPanel.cpp.o
[ 82%] Building CXX object src/hugin1/hugin/CMakeFiles/hugin.dir/GLPreviewFrame.cpp.o
[ 82%] Building CXX object src/hugin1/hugin/CMakeFiles/hugin.dir/GLViewer.cpp.o
[ 82%] Building CXX object src/hugin1/hugin/CMakeFiles/hugin.dir/GLRenderer.cpp.o
[ 82%] Building CXX object src/hugin1/hugin/CMakeFiles/hugin.dir/OptimizePhotometricPanel.cpp.o
[ 83%] Building CXX object src/hugin1/hugin/CMakeFiles/hugin.dir/OptimizePanel.cpp.o
[ 83%] Linking CXX executable PTBatcherGUI
[ 83%] Built target calibrate_lens_gui
[ 83%] Linking CXX executable hugin_toolbox
[ 83%] Building CXX object src/hugin1/hugin/CMakeFiles/hugin.dir/CPListFrame.cpp.o
[ 83%] Building CXX object src/hugin1/hugin/CMakeFiles/hugin.dir/TextKillFocusHandler.cpp.o
[ 84%] Linking CXX executable icpfind
[ 85%] Building CXX object src/hugin1/hugin/CMakeFiles/hugin.dir/PreferencesDialog.cpp.o
[ 85%] Building CXX object src/hugin1/hugin/CMakeFiles/hugin.dir/ResetDialog.cpp.o
[ 85%] Building CXX object src/hugin1/hugin/CMakeFiles/hugin.dir/LocalizedFileTipProvider.cpp.o
[ 86%] Building CXX object src/hugin1/hugin/CMakeFiles/hugin.dir/TextureManager.cpp.o
[ 86%] Building CXX object src/hugin1/hugin/CMakeFiles/hugin.dir/MeshRemapper.cpp.o
[ 86%] Building CXX object src/hugin1/hugin/CMakeFiles/hugin.dir/VertexCoordRemapper.cpp.o
[ 86%] Building CXX object src/hugin1/hugin/CMakeFiles/hugin.dir/TexCoordRemapper.cpp.o
[ 87%] Building CXX object src/hugin1/hugin/CMakeFiles/hugin.dir/ChoosyRemapper.cpp.o
[ 87%] Built target icpfind
[ 87%] Building CXX object src/hugin1/hugin/CMakeFiles/hugin.dir/MeshManager.cpp.o
[ 87%] Building CXX object src/hugin1/hugin/CMakeFiles/hugin.dir/ViewState.cpp.o
[ 88%] Building CXX object src/hugin1/hugin/CMakeFiles/hugin.dir/OutputProjectionInfo.cpp.o
[ 88%] Building CXX object src/hugin1/hugin/CMakeFiles/hugin.dir/ToolHelper.cpp.o
[ 88%] Building CXX object src/hugin1/hugin/CMakeFiles/hugin.dir/Tool.cpp.o
[ 89%] Building CXX object src/hugin1/hugin/CMakeFiles/hugin.dir/OverviewCameraTool.cpp.o
[ 89%] Building CXX object src/hugin1/hugin/CMakeFiles/hugin.dir/ProjectionGridTool.cpp.o
[ 89%] Building CXX object src/hugin1/hugin/CMakeFiles/hugin.dir/OverviewOutlinesTool.cpp.o
[ 89%] Building CXX object src/hugin1/hugin/CMakeFiles/hugin.dir/PreviewCropTool.cpp.o
[ 90%] Building CXX object src/hugin1/hugin/CMakeFiles/hugin.dir/DragTool.cpp.o
[ 90%] Building CXX object src/hugin1/hugin/CMakeFiles/hugin.dir/PreviewIdentifyTool.cpp.o
[ 90%] Building CXX object src/hugin1/hugin/CMakeFiles/hugin.dir/PanosphereSphereTool.cpp.o
[ 91%] Building CXX object src/hugin1/hugin/CMakeFiles/hugin.dir/PreviewDifferenceTool.cpp.o
[ 91%] Building CXX object src/hugin1/hugin/CMakeFiles/hugin.dir/PreviewPanoMaskTool.cpp.o
[ 91%] Built target PTBatcherGUI
[ 91%] Building CXX object src/hugin1/hugin/CMakeFiles/hugin.dir/PreviewControlPointTool.cpp.o
[ 92%] Building CXX object src/hugin1/hugin/CMakeFiles/hugin.dir/PreviewCameraTool.cpp.o
[ 92%] Built target hugin_toolbox
[ 92%] Building CXX object src/hugin1/hugin/CMakeFiles/hugin.dir/GreatCircles.cpp.o
[ 92%] Building CXX object src/hugin1/hugin/CMakeFiles/hugin.dir/AboutDialog.cpp.o
[ 92%] Building CXX object src/hugin1/hugin/CMakeFiles/hugin.dir/LayoutRemapper.cpp.o
[ 93%] Building CXX object src/hugin1/hugin/CMakeFiles/hugin.dir/PreviewLayoutLinesTool.cpp.o
[ 93%] Building CXX object src/hugin1/hugin/CMakeFiles/hugin.dir/PreviewColorPickerTool.cpp.o
[ 93%] Building CXX object src/hugin1/hugin/CMakeFiles/hugin.dir/PreviewGuideTool.cpp.o
[ 94%] Building CXX object src/hugin1/hugin/CMakeFiles/hugin.dir/MaskEditorPanel.cpp.o
[ 94%] Building CXX object src/hugin1/hugin/CMakeFiles/hugin.dir/MaskImageCtrl.cpp.o
[ 94%] Building CXX object src/hugin1/hugin/CMakeFiles/hugin.dir/MaskLoadDialog.cpp.o
[ 95%] Building CXX object src/hugin1/hugin/CMakeFiles/hugin.dir/HtmlWindow.cpp.o
[ 95%] Building CXX object src/hugin1/hugin/CMakeFiles/hugin.dir/PanoOperation.cpp.o
[ 95%] Building CXX object src/hugin1/hugin/CMakeFiles/hugin.dir/treelistctrl.cpp.o
[ 95%] Building CXX object src/hugin1/hugin/CMakeFiles/hugin.dir/ImagesTree.cpp.o
[ 96%] Building CXX object src/hugin1/hugin/CMakeFiles/hugin.dir/PanoOutputDialog.cpp.o
[ 96%] Building CXX object src/hugin1/hugin/CMakeFiles/hugin.dir/SplitButton.cpp.o
[ 96%] Building CXX object src/hugin1/hugin/CMakeFiles/hugin.dir/GuiLevel.cpp.o
[ 97%] Building CXX object src/hugin1/hugin/CMakeFiles/hugin.dir/ImageVariableDialog.cpp.o
[ 97%] Building CXX object src/hugin1/hugin/CMakeFiles/hugin.dir/PreviewEditCPTool.cpp.o
[ 97%] Building CXX object src/hugin1/hugin/CMakeFiles/hugin.dir/PapywizardImport.cpp.o
[ 98%] Building CXX object src/hugin1/hugin/CMakeFiles/hugin.dir/ChangeImageVariableDialog.cpp.o
[ 98%] Building CXX object src/hugin1/hugin/CMakeFiles/hugin.dir/RawImport.cpp.o
[ 98%] Building CXX object src/hugin1/hugin/CMakeFiles/hugin.dir/EditOutputIniDialog.cpp.o
[ 98%] Building CXX object src/hugin1/hugin/CMakeFiles/hugin.dir/SelectCropAspectRatioDialog.cpp.o
[ 99%] Building CXX object src/hugin1/hugin/CMakeFiles/hugin.dir/BrowseDialog.cpp.o
[ 99%] Building CXX object src/hugin1/hugin/CMakeFiles/hugin.dir/GenerateThumbnail.cpp.o
[ 99%] Building CXX object src/hugin1/hugin/CMakeFiles/hugin.dir/PluginItems.cpp.o
[100%] Linking CXX executable hugin
[100%] Built target hugin
