
added 2 packages, and audited 3 packages in 684ms

found 0 vulnerabilities
go: downloading github.com/Xuanwo/go-locale v1.1.3
go: downloading gopkg.in/alecthomas/kingpin.v2 v2.2.6
go: downloading gopkg.in/natefinch/lumberjack.v2 v2.0.0
go: downloading github.com/itchio/ox v0.0.0-20260212201121-1e6be0bfd382
go: downloading github.com/gotk3/gotk3 v0.6.1
go: downloading github.com/dchest/safefile v0.0.0-20151022103144-855e8d98f185
go: downloading github.com/google/uuid v1.6.0
go: downloading github.com/itchio/go-itchio v0.0.0-20260722142243-6e0c1ede75c4
go: downloading github.com/itchio/headway v0.0.0-20251229214354-da882c8b5dd4
go: downloading github.com/itchio/httpkit v0.0.0-20260213231528-25109ada88c9
go: downloading github.com/itchio/lake v0.0.0-20260609175358-7830e8bc546a
go: downloading github.com/itchio/savior v0.0.0-20260128212141-556ab9757054
go: downloading github.com/itchio/wharf v0.0.0-20260509025649-e95738701284
go: downloading github.com/mitchellh/go-ps v1.0.0
go: downloading github.com/alecthomas/template v0.0.0-20190718012654-fb15b899a751
go: downloading github.com/alecthomas/units v0.0.0-20190924025748-f65c72e2690d
go: downloading golang.org/x/text v0.33.0
go: downloading github.com/pkg/errors v0.9.1
go: downloading github.com/itchio/screw v0.0.0-20260221011136-e674b460b040
go: downloading github.com/itchio/kompress v0.0.0-20200301155538-5c2eecce9e51
go: downloading github.com/itchio/arkive v0.0.0-20260428180635-32e8e9c72151
go: downloading github.com/getlantern/idletiming v0.0.0-20231030193830-6767b09f86db
go: downloading google.golang.org/protobuf v1.36.11
go: downloading github.com/efarrer/iothrottler v0.0.3
go: downloading golang.org/x/net v0.49.0
go: downloading github.com/certifi/gocertifi v0.0.0-20210507211836-431795d63e8d
go: downloading github.com/mitchellh/mapstructure v1.3.2
go: downloading golang.org/x/time v0.14.0
go: downloading github.com/detailyang/go-fallocate v0.0.0-20180908115635-432fa640bd2e
go: downloading github.com/itchio/dskompress v0.0.0-20190702113811-5e6f499be697
go: downloading github.com/getlantern/netx v0.0.0-20251021221514-279deb2cfd40
go: downloading github.com/golang/protobuf v1.5.4
go: downloading github.com/getlantern/golog v0.0.0-20230503153817-8e72de7e0a65
go: downloading github.com/getlantern/mtime v0.0.0-20200417132445-23682092d1f7
go: downloading github.com/jgallagher/gosaca v0.0.0-20130226042358-754749770f08
go: downloading github.com/hashicorp/golang-lru v1.0.2
go: downloading github.com/gogs/chardet v0.0.0-20211120154057-b7413eaefb8f
go: downloading github.com/klauspost/compress v1.18.3
go: downloading github.com/getlantern/errors v1.0.4
go: downloading github.com/getlantern/ops v0.0.0-20231025133620-f368ab734534
go: downloading go.uber.org/zap v1.27.1
go: downloading github.com/oxtoacart/bpool v0.0.0-20190530202638-03653db5a59c
go: downloading github.com/getlantern/hidden v0.0.0-20220104173330-f221c5a24770
go: downloading github.com/getlantern/hex v0.0.0-20220104173244-ad7e4b9194dc
go: downloading github.com/getlantern/context v0.0.0-20220418194847-3d5e7a086201
go: downloading go.opentelemetry.io/otel v1.39.0
go: downloading github.com/go-stack/stack v1.8.1
go: downloading go.opentelemetry.io/otel/trace v1.39.0
go: downloading go.uber.org/multierr v1.11.0
go: downloading go.opentelemetry.io/otel/metric v1.39.0
go: downloading github.com/go-logr/logr v1.4.3
go: downloading go.opentelemetry.io/auto/sdk v1.2.1
go: downloading github.com/go-logr/stdr v1.2.2
go: downloading github.com/cespare/xxhash/v2 v2.3.0
# github.com/gotk3/gotk3/glib
cgo-gcc-prolog: In function ‘_cgo_a79867290448_Cfunc_g_binding_get_source’:
cgo-gcc-prolog:73:2: warning: ‘g_binding_get_source’ is deprecated: Use 'g_binding_dup_source' instead [-Wdeprecated-declarations]
In file included from /usr/include/glib-2.0/glib-object.h:24,
                 from /usr/include/glib-2.0/gio/gioenums.h:30,
                 from /usr/include/glib-2.0/gio/giotypes.h:30,
                 from /usr/include/glib-2.0/gio/gio.h:28,
                 from ../pkg/mod/github.com/gotk3/gotk3@v0.6.1/glib/gbinding.go:3:
/usr/include/glib-2.0/gobject/gbinding.h:107:23: note: declared here
  107 | GObject *             g_binding_get_source          (GBinding *binding);
      |                       ^~~~~~~~~~~~~~~~~~~~
cgo-gcc-prolog: In function ‘_cgo_a79867290448_Cfunc_g_binding_get_target’:
cgo-gcc-prolog:109:2: warning: ‘g_binding_get_target’ is deprecated: Use 'g_binding_dup_target' instead [-Wdeprecated-declarations]
/usr/include/glib-2.0/gobject/gbinding.h:111:23: note: declared here
  111 | GObject *             g_binding_get_target          (GBinding *binding);
      |                       ^~~~~~~~~~~~~~~~~~~~
# github.com/gotk3/gotk3/gdk
cgo-gcc-prolog: In function ‘_cgo_666caf7e17f8_Cfunc_gdk_pixbuf_animation_get_static_image’:
cgo-gcc-prolog:138:2: warning: ‘gdk_pixbuf_animation_get_static_image’ is deprecated [-Wdeprecated-declarations]
In file included from /usr/include/gdk-pixbuf-2.0/gdk-pixbuf/gdk-pixbuf.h:36,
                 from /usr/include/gtk-3.0/gdk/gdkpixbuf.h:33,
                 from /usr/include/gtk-3.0/gdk/gdkcairo.h:29,
                 from /usr/include/gtk-3.0/gdk/gdk.h:33,
                 from ../pkg/mod/github.com/gotk3/gotk3@v0.6.1/gdk/pixbuf.go:6:
/usr/include/gdk-pixbuf-2.0/gdk-pixbuf/gdk-pixbuf-animation.h:93:21: note: declared here
   93 | GdkPixbuf          *gdk_pixbuf_animation_get_static_image (GdkPixbufAnimation *animation);
      |                     ^~~~~~~~~~~~~~~~~~~~~~~~~~~~~~~~~~~~~
cgo-gcc-prolog: In function ‘_cgo_666caf7e17f8_Cfunc_gdk_pixbuf_animation_new_from_file’:
cgo-gcc-prolog:174:2: warning: ‘gdk_pixbuf_animation_new_from_file’ is deprecated [-Wdeprecated-declarations]
/usr/include/gdk-pixbuf-2.0/gdk-pixbuf/gdk-pixbuf-animation.h:63:21: note: declared here
   63 | GdkPixbufAnimation *gdk_pixbuf_animation_new_from_file   (const char         *filename,
      |                     ^~~~~~~~~~~~~~~~~~~~~~~~~~~~~~~~~~
cgo-gcc-prolog: In function ‘_cgo_666caf7e17f8_Cfunc_gdk_pixbuf_loader_get_animation’:
cgo-gcc-prolog:455:2: warning: ‘gdk_pixbuf_loader_get_animation’ is deprecated [-Wdeprecated-declarations]
In file included from /usr/include/gdk-pixbuf-2.0/gdk-pixbuf/gdk-pixbuf.h:39:
/usr/include/gdk-pixbuf-2.0/gdk-pixbuf/gdk-pixbuf-loader.h:102:22: note: declared here
  102 | GdkPixbufAnimation * gdk_pixbuf_loader_get_animation (GdkPixbufLoader *loader);
      |                      ^~~~~~~~~~~~~~~~~~~~~~~~~~~~~~~
