itk-lite-git-debug W: Directory (usr/src/debug/itk-lite-git/build/Modules/IO/TransformFactory/src) is empty
itk-lite-git-debug W: Directory (usr/src/debug/itk-lite-git/build/Modules/Filtering/Path/src) is empty
itk-lite-git-debug W: Directory (usr/src/debug/itk-lite-git/build/Modules/IO/TransformInsightLegacy/src) is empty
itk-lite-git-debug W: Directory (usr/src/debug/itk-lite-git/build/Modules/Filtering/Smoothing/src) is empty
itk-lite-git-debug W: Directory (usr/src/debug/itk-lite-git/build/Modules/IO/VTK/src) is empty
itk-lite-git-debug W: Directory (usr/src/debug/itk-lite-git/build/Modules/ThirdParty/MINC/src/libminc) is empty
itk-lite-git-debug W: Directory (usr/src/debug/itk-lite-git/build/Modules/ThirdParty/KWSys/src/KWSys) is empty
itk-lite-git-debug W: Directory (usr/src/debug/itk-lite-git/build/Modules/IO/Siemens/src) is empty
itk-lite-git-debug W: Directory (usr/src/debug/itk-lite-git/build/Modules/IO/PNG/src) is empty
itk-lite-git-debug W: Directory (usr/src/debug/itk-lite-git/build/Modules/IO/SpatialObjects/src) is empty
itk-lite-git-debug W: Directory (usr/src/debug/itk-lite-git/build/Modules/IO/JPEG2000/src) is empty
itk-lite-git-debug W: Directory (usr/src/debug/itk-lite-git/build/Modules/Registration/PDEDeformable/src) is empty
itk-lite-git-debug W: Directory (usr/src/debug/itk-lite-git/build/Modules/IO/LSM/src) is empty
itk-lite-git-debug W: Directory (usr/src/debug/itk-lite-git/build/Modules/IO/TransformMatlab/src) is empty
itk-lite-git-debug W: Directory (usr/src/debug/itk-lite-git/build/Modules/IO/MRC/src) is empty
itk-lite-git-debug W: Directory (usr/src/debug/itk-lite-git/build/Modules/ThirdParty/DICOMParser/src/DICOMParser) is empty
itk-lite-git-debug W: Directory (usr/src/debug/itk-lite-git/build/Modules/IO/JPEG/src) is empty
itk-lite-git-debug W: Directory (usr/src/debug/itk-lite-git/build/Modules/IO/ImageBase/src) is empty
itk-lite-git-debug W: Directory (usr/src/debug/itk-lite-git/build/Modules/Segmentation/MarkovRandomFieldsClassifiers/src) is empty
itk-lite-git-debug W: Directory (usr/src/debug/itk-lite-git/build/Modules/IO/Stimulate/src) is empty
itk-lite-git-debug W: Directory (usr/src/debug/itk-lite-git/build/Modules/Remote/SimpleITKFilters/src) is empty
itk-lite-git-debug W: Directory (usr/src/debug/itk-lite-git/build/Modules/IO/TransformBase/src) is empty
itk-lite-git-debug W: Directory (usr/src/debug/itk-lite-git/build/Modules/Segmentation/RegionGrowing/src) is empty
itk-lite-git-debug W: Directory (usr/src/debug/itk-lite-git/build/Modules/Filtering/FFT/src) is empty
itk-lite-git-debug W: Directory (usr/src/debug/itk-lite-git/build/Modules/Filtering/Colormap/src) is empty
itk-lite-git-debug W: Directory (usr/src/debug/itk-lite-git/build/Modules/IO/HDF5/src) is empty
itk-lite-git-debug W: Directory (usr/src/debug/itk-lite-git/build/Modules/ThirdParty/libLBFGS/src/itklbfgs) is empty
itk-lite-git-debug W: Directory (usr/src/debug/itk-lite-git/build/Modules/IO/MeshGifti/src) is empty
itk-lite-git-debug W: Directory (usr/src/debug/itk-lite-git/build/Modules/IO/MeshOBJ/src) is empty
itk-lite-git-debug W: Directory (usr/src/debug/itk-lite-git/build/Modules/IO/MeshVTK/src) is empty
itk-lite-git-debug W: Directory (usr/src/debug/itk-lite-git/build/Modules/IO/MeshFreeSurfer/src) is empty
itk-lite-git-debug W: Directory (usr/src/debug/itk-lite-git/build/Modules/Core/Common/src) is empty
itk-lite-git-debug W: Directory (usr/src/debug/itk-lite-git/build/Modules/IO/MeshBase/src) is empty
itk-lite-git-debug W: Directory (usr/src/debug/itk-lite-git/build/Modules/Filtering/QuadEdgeMeshFiltering/src) is empty
itk-lite-git-debug W: Directory (usr/src/debug/itk-lite-git/build/Modules/IO/TransformHDF5/src) is empty
itk-lite-git-debug W: Directory (usr/src/debug/itk-lite-git/build/Modules/Segmentation/DeformableMesh/src) is empty
itk-lite-git-debug W: Directory (usr/src/debug/itk-lite-git/build/Modules/IO/MeshBYU/src) is empty
itk-lite-git-debug W: Directory (usr/src/debug/itk-lite-git/build/Modules/ThirdParty/NIFTI/src/nifti/znzlib) is empty
itk-lite-git-debug W: Directory (usr/src/debug/itk-lite-git/build/Modules/IO/MINC/src) is empty
itk-lite-git-debug W: Directory (usr/src/debug/itk-lite-git/build/Modules/IO/IPL/src) is empty
itk-lite-git-debug W: Directory (usr/src/debug/itk-lite-git/build/Modules/Filtering/MathematicalMorphology/src) is empty
itk-lite-git-debug W: Directory (usr/src/debug/itk-lite-git/build/Modules/ThirdParty/NIFTI/src/nifti/niftilib) is empty
itk-lite-git-debug W: Directory (usr/src/debug/itk-lite-git/build/Modules/Segmentation/Watersheds/src) is empty
itk-lite-git-debug W: Directory (usr/src/debug/itk-lite-git/build/Modules/Numerics/Optimizersv4/src) is empty
itk-lite-git-debug W: Directory (usr/src/debug/itk-lite-git/build/Modules/IO/BioRad/src) is empty
itk-lite-git-debug W: Directory (usr/src/debug/itk-lite-git/build/Modules/Filtering/BiasCorrection/src) is empty
itk-lite-git-debug W: Directory (usr/src/debug/itk-lite-git/build/Modules/IO/GIPL/src) is empty
itk-lite-git-debug W: Directory (usr/src/debug/itk-lite-git/build/Modules/Core/Transform/src) is empty
itk-lite-git-debug W: Directory (usr/src/debug/itk-lite-git/build/Modules/Core/TestKernel/src) is empty
itk-lite-git-debug W: Directory (usr/src/debug/itk-lite-git/build/Modules/Filtering/FastMarching/src) is empty
itk-lite-git-debug W: Directory (usr/src/debug/itk-lite-git/build/Modules/ThirdParty/MetaIO/src/MetaIO/src) is empty
itk-lite-git-debug W: Directory (usr/src/debug/itk-lite-git/build/Modules/Filtering/DiffusionTensorImage/src) is empty
itk-lite-git-debug W: Directory (usr/src/debug/itk-lite-git/build/Modules/Segmentation/KLMRegionGrowing/src) is empty
itk-lite-git-debug W: Directory (usr/src/debug/itk-lite-git/build/Modules/Core/QuadEdgeMesh/src) is empty
itk-lite-git-debug W: Directory (usr/src/debug/itk-lite-git/build/Modules/Numerics/Polynomials/src) is empty
itk-lite-git-debug W: Directory (usr/src/debug/itk-lite-git/build/Modules/Filtering/LabelMap/src) is empty
itk-lite-git-debug W: Directory (usr/src/debug/itk-lite-git/build/Modules/Filtering/Denoising/src) is empty
itk-lite-git-debug W: Directory (usr/src/debug/itk-lite-git/build/Modules/Core/Mesh/src) is empty
itk-lite-git-debug W: Directory (usr/src/debug/itk-lite-git/build/Modules/IO/GE/src) is empty
itk-lite-git-debug W: Directory (usr/src/debug/itk-lite-git/build/Modules/Filtering/Convolution/src) is empty
itk-lite-git-debug W: Directory (usr/src/debug/itk-lite-git/build/Modules/Video/IO/src) is empty
itk-lite-git-debug W: Directory (usr/src/debug/itk-lite-git/build/Modules/ThirdParty/DoubleConversion/src/double-conversion) is empty
itk-lite-git-debug W: Directory (usr/src/debug/itk-lite-git/build/Modules/Numerics/Statistics/src) is empty
itk-lite-git-debug W: Directory (usr/src/debug/itk-lite-git/build/Modules/Registration/RegistrationMethodsv4/src) is empty
itk-lite-git-debug W: Directory (usr/src/debug/itk-lite-git/build/Modules/ThirdParty/VNL/src/vxl/v3p/netlib) is empty
itk-lite-git-debug W: Directory (usr/src/debug/itk-lite-git/build/Modules/IO/CSV/src) is empty
itk-lite-git-debug W: Directory (usr/src/debug/itk-lite-git/build/Modules/Filtering/ImageIntensity/src) is empty
itk-lite-git-debug W: Directory (usr/src/debug/itk-lite-git/build/Modules/Numerics/Optimizers/src) is empty
itk-lite-git-debug W: Directory (usr/src/debug/itk-lite-git/build/Modules/Filtering/ImageFeature/src) is empty
itk-lite-git-debug W: Directory (usr/src/debug/itk-lite-git/build/Modules/IO/NRRD/src) is empty
itk-lite-git-debug W: Directory (usr/src/debug/itk-lite-git/build/Modules/Video/Core/src) is empty
itk-lite-git-debug W: Directory (usr/src/debug/itk-lite-git/build/Modules/IO/XML/src) is empty
itk-lite-git-debug W: Directory (usr/src/debug/itk-lite-git/build/Modules/ThirdParty/VNL/src/vxl/core/vnl/algo) is empty
itk-lite-git-debug W: Directory (usr/src/debug/itk-lite-git/build/Modules/IO/BMP/src) is empty
itk-lite-git-debug W: Directory (usr/src/debug/itk-lite-git/build/Modules/IO/TransformMINC/src) is empty
itk-lite-git-debug W: Directory (usr/src/debug/itk-lite-git/build/Modules/ThirdParty/VNL/src/vxl/core/testlib) is empty
itk-lite-git-debug W: Directory (usr/src/debug/itk-lite-git/build/Modules/IO/TIFF/src) is empty
itk-lite-git-debug W: Directory (usr/src/debug/itk-lite-git/build/Modules/Bridge/VTK/src) is empty
itk-lite-git-debug W: Directory (usr/src/debug/itk-lite-git/build/Modules/ThirdParty/NrrdIO/src/NrrdIO) is empty
itk-lite-git-debug W: Directory (usr/src/debug/itk-lite-git/build/Modules/IO/GDCM/src) is empty
itk-lite-git-debug W: Directory (usr/src/debug/itk-lite-git/build/Modules/IO/MeshOFF/src) is empty
itk-lite-git-debug W: Directory (usr/src/debug/itk-lite-git/build/Modules/ThirdParty/GIFTI/src/gifticlib) is empty
itk-lite-git-debug W: Directory (usr/src/debug/itk-lite-git/build/Modules/IO/Bruker/src) is empty
itk-lite-git-debug W: Directory (usr/src/debug/itk-lite-git/build/Modules/IO/NIFTI/src) is empty
itk-lite-git-debug W: Directory (usr/src/debug/itk-lite-git/build/Modules/Core/SpatialObjects/src) is empty
itk-lite-git-debug W: Directory (usr/src/debug/itk-lite-git/build/Modules/Nonunit/Review/src) is empty
itk-lite-git-debug W: Directory (usr/src/debug/itk-lite-git/build/Modules/IO/Meta/src) is empty
