The no-dev option is deprecated.  Use -Wno-author instead.
-- The CXX compiler identification is GNU 16.2.1
-- The C compiler identification is GNU 16.2.1
-- Detecting CXX compiler ABI info
-- Detecting CXX compiler ABI info - done
-- Check for working CXX compiler: /usr/bin/c++ - skipped
-- Detecting CXX compile features
-- Detecting CXX compile features - done
-- Detecting C compiler ABI info
-- Detecting C compiler ABI info - done
-- Check for working C compiler: /usr/bin/cc - skipped
-- Detecting C compile features
-- Detecting C compile features - done
-- Found Git: /usr/bin/git (found version "2.55.0")
-- Performing Test C_HAS_WARNING-Wno-unused-parameter
-- Performing Test C_HAS_WARNING-Wno-unused-parameter - Success
-- Performing Test C_HAS_WARNING-Wall
-- Performing Test C_HAS_WARNING-Wall - Success
-- Performing Test C_HAS_WARNING-Wcast-align
-- Performing Test C_HAS_WARNING-Wcast-align - Success
-- Performing Test C_HAS_WARNING-Wdisabled-optimization
-- Performing Test C_HAS_WARNING-Wdisabled-optimization - Success
-- Performing Test C_HAS_WARNING-Wextra
-- Performing Test C_HAS_WARNING-Wextra - Success
-- Performing Test C_HAS_WARNING-Wformat_2
-- Performing Test C_HAS_WARNING-Wformat_2 - Success
-- Performing Test C_HAS_WARNING-Winvalid-pch
-- Performing Test C_HAS_WARNING-Winvalid-pch - Success
-- Performing Test C_HAS_WARNING-Wpointer-arith
-- Performing Test C_HAS_WARNING-Wpointer-arith - Success
-- Performing Test C_HAS_WARNING-Wshadow
-- Performing Test C_HAS_WARNING-Wshadow - Success
-- Performing Test C_HAS_WARNING-Wunused
-- Performing Test C_HAS_WARNING-Wunused - Success
-- Performing Test C_HAS_WARNING-Wwrite-strings
-- Performing Test C_HAS_WARNING-Wwrite-strings - Success
-- Performing Test CXX_HAS_WARNING-Wall
-- Performing Test CXX_HAS_WARNING-Wall - Success
-- Performing Test CXX_HAS_WARNING-Wcast-align
-- Performing Test CXX_HAS_WARNING-Wcast-align - Success
-- Performing Test CXX_HAS_WARNING-Wdisabled-optimization
-- Performing Test CXX_HAS_WARNING-Wdisabled-optimization - Success
-- Performing Test CXX_HAS_WARNING-Wextra
-- Performing Test CXX_HAS_WARNING-Wextra - Success
-- Performing Test CXX_HAS_WARNING-Wformat_2
-- Performing Test CXX_HAS_WARNING-Wformat_2 - Success
-- Performing Test CXX_HAS_WARNING-Winvalid-pch
-- Performing Test CXX_HAS_WARNING-Winvalid-pch - Success
-- Performing Test CXX_HAS_WARNING-Wpointer-arith
-- Performing Test CXX_HAS_WARNING-Wpointer-arith - Success
-- Performing Test CXX_HAS_WARNING-Wshadow
-- Performing Test CXX_HAS_WARNING-Wshadow - Success
-- Performing Test CXX_HAS_WARNING-Wunused
-- Performing Test CXX_HAS_WARNING-Wunused - Success
-- Performing Test CXX_HAS_WARNING-Wwrite-strings
-- Performing Test CXX_HAS_WARNING-Wwrite-strings - Success
-- Performing Test CXX_HAS_WARNING-Wno-undefined-var-template
-- Performing Test CXX_HAS_WARNING-Wno-undefined-var-template - Failed
-- Performing Test CXX_HAS_WARNING-Woverloaded-virtual
-- Performing Test CXX_HAS_WARNING-Woverloaded-virtual - Success
-- Performing Test CXX_HAS_WARNING-Wctad-maybe-unsupported
-- Performing Test CXX_HAS_WARNING-Wctad-maybe-unsupported - Success
-- Performing Test CXX_HAS_WARNING-Wstrict-null-sentinel
-- Performing Test CXX_HAS_WARNING-Wstrict-null-sentinel - Success
-- Performing Test CXX_HAS_DISABLE_OPTIMIZATION_FLAG
-- Performing Test CXX_HAS_DISABLE_OPTIMIZATION_FLAG - Failed
--  The remote module: https://github.com/InsightSoftwareConsortium/ITKSimpleITKFilters.git is cloned into the directory /build/itk-lite-git/src/ITK/Modules/Remote/SimpleITKFilters
-- Running module dependency checks
-- Enabled ITKAnisotropicSmoothing, requested by ITK_BUILD_DEFAULT_MODULES.
-- Enabled ITKAntiAlias, requested by ITK_BUILD_DEFAULT_MODULES.
-- Enabled ITKBiasCorrection, requested by ITK_BUILD_DEFAULT_MODULES.
-- Enabled ITKBinaryMathematicalMorphology, requested by ITK_BUILD_DEFAULT_MODULES.
-- Enabled ITKClassifiers, requested by ITK_BUILD_DEFAULT_MODULES.
-- Enabled ITKColormap, requested by ITK_BUILD_DEFAULT_MODULES.
-- Enabled ITKCommon, requested by ITK_BUILD_DEFAULT_MODULES.
-- Enabled ITKConnectedComponents, requested by ITK_BUILD_DEFAULT_MODULES.
-- Enabled ITKConvolution, requested by ITK_BUILD_DEFAULT_MODULES.
-- Enabled ITKCurvatureFlow, requested by ITK_BUILD_DEFAULT_MODULES.
-- Enabled ITKDICOMParser, requested by ITK_BUILD_DEFAULT_MODULES.
-- Enabled ITKDeconvolution, requested by ITK_BUILD_DEFAULT_MODULES.
-- Enabled ITKDeformableMesh, requested by ITK_BUILD_DEFAULT_MODULES.
-- Enabled ITKDenoising, requested by ITK_BUILD_DEFAULT_MODULES.
-- Enabled ITKDiffusionTensorImage, requested by ITK_BUILD_DEFAULT_MODULES.
-- Enabled ITKDisplacementField, requested by ITK_BUILD_DEFAULT_MODULES.
-- Enabled ITKDistanceMap, requested by ITK_BUILD_DEFAULT_MODULES.
-- Enabled ITKDoubleConversion, requested by ITK_BUILD_DEFAULT_MODULES.
-- Enabled ITKEigen, requested by ITK_BUILD_DEFAULT_MODULES.
-- Enabled ITKEigen3, needed by [ITKCommon;ITKVNL;ITKOptimizers].
-- Enabled ITKExpat, requested by ITK_BUILD_DEFAULT_MODULES.
-- Enabled ITKFFT, requested by ITK_BUILD_DEFAULT_MODULES.
-- Enabled ITKFastMarching, requested by ITK_BUILD_DEFAULT_MODULES.
-- Enabled ITKFiniteDifference, requested by ITK_BUILD_DEFAULT_MODULES.
-- Enabled ITKGDCM, needed by [ITKIOGDCM].
-- Enabled ITKGIFTI, requested by ITK_BUILD_DEFAULT_MODULES.
-- Enabled ITKGoogleTest, requested by ITK_BUILD_DEFAULT_MODULES.
-- Enabled ITKHDF5, requested by ITK_BUILD_DEFAULT_MODULES.
-- Enabled ITKIOBMP, requested by ITK_BUILD_DEFAULT_MODULES.
-- Enabled ITKIOBioRad, requested by ITK_BUILD_DEFAULT_MODULES.
-- Enabled ITKIOBruker, requested by ITK_BUILD_DEFAULT_MODULES.
-- Enabled ITKIOCSV, requested by ITK_BUILD_DEFAULT_MODULES.
-- Enabled ITKIOGDCM, requested by ITK_BUILD_DEFAULT_MODULES.
-- Enabled ITKIOGE, requested by ITK_BUILD_DEFAULT_MODULES.
-- Enabled ITKIOGIPL, requested by ITK_BUILD_DEFAULT_MODULES.
-- Enabled ITKIOHDF5, requested by ITK_BUILD_DEFAULT_MODULES.
-- Enabled ITKIOIPL, requested by ITK_BUILD_DEFAULT_MODULES.
-- Enabled ITKIOImageBase, requested by ITK_BUILD_DEFAULT_MODULES.
-- Enabled ITKIOJPEG, requested by ITK_BUILD_DEFAULT_MODULES.
-- Enabled ITKIOJPEG2000, requested by ITK_BUILD_DEFAULT_MODULES.
-- Enabled ITKIOLSM, requested by ITK_BUILD_DEFAULT_MODULES.
-- Enabled ITKIOMINC, requested by Module_ITKIOMINC.
-- Enabled ITKIOMRC, requested by ITK_BUILD_DEFAULT_MODULES.
-- Enabled ITKIOMesh, requested by ITK_BUILD_DEFAULT_MODULES.
-- Enabled ITKIOMeshBYU, requested by ITK_BUILD_DEFAULT_MODULES.
-- Enabled ITKIOMeshBase, requested by ITK_BUILD_DEFAULT_MODULES.
-- Enabled ITKIOMeshFreeSurfer, requested by ITK_BUILD_DEFAULT_MODULES.
-- Enabled ITKIOMeshGifti, requested by ITK_BUILD_DEFAULT_MODULES.
-- Enabled ITKIOMeshOBJ, requested by ITK_BUILD_DEFAULT_MODULES.
-- Enabled ITKIOMeshOFF, requested by ITK_BUILD_DEFAULT_MODULES.
-- Enabled ITKIOMeshVTK, requested by ITK_BUILD_DEFAULT_MODULES.
-- Enabled ITKIOMeta, requested by ITK_BUILD_DEFAULT_MODULES.
-- Enabled ITKIONIFTI, requested by ITK_BUILD_DEFAULT_MODULES.
-- Enabled ITKIONRRD, requested by ITK_BUILD_DEFAULT_MODULES.
-- Enabled ITKIOPNG, requested by ITK_BUILD_DEFAULT_MODULES.
-- Enabled ITKIORAW, requested by ITK_BUILD_DEFAULT_MODULES.
-- Enabled ITKIOSiemens, requested by ITK_BUILD_DEFAULT_MODULES.
-- Enabled ITKIOSpatialObjects, requested by ITK_BUILD_DEFAULT_MODULES.
-- Enabled ITKIOStimulate, requested by ITK_BUILD_DEFAULT_MODULES.
-- Enabled ITKIOTIFF, requested by ITK_BUILD_DEFAULT_MODULES.
-- Enabled ITKIOTransformBase, requested by ITK_BUILD_DEFAULT_MODULES.
-- Enabled ITKIOTransformHDF5, requested by ITK_BUILD_DEFAULT_MODULES.
-- Enabled ITKIOTransformInsightLegacy, requested by ITK_BUILD_DEFAULT_MODULES.
-- Enabled ITKIOTransformMINC, requested by Module_ITKIOTransformMINC.
-- Enabled ITKIOTransformMatlab, requested by ITK_BUILD_DEFAULT_MODULES.
-- Enabled ITKIOVTK, requested by ITK_BUILD_DEFAULT_MODULES.
-- Enabled ITKIOXML, requested by ITK_BUILD_DEFAULT_MODULES.
-- Enabled ITKImageAdaptors, requested by ITK_BUILD_DEFAULT_MODULES.
-- Enabled ITKImageCompare, requested by ITK_BUILD_DEFAULT_MODULES.
-- Enabled ITKImageCompose, requested by ITK_BUILD_DEFAULT_MODULES.
-- Enabled ITKImageFeature, requested by ITK_BUILD_DEFAULT_MODULES.
-- Enabled ITKImageFilterBase, requested by ITK_BUILD_DEFAULT_MODULES.
-- Enabled ITKImageFrequency, requested by ITK_BUILD_DEFAULT_MODULES.
-- Enabled ITKImageFunction, requested by ITK_BUILD_DEFAULT_MODULES.
-- Enabled ITKImageFusion, requested by ITK_BUILD_DEFAULT_MODULES.
-- Enabled ITKImageGradient, requested by ITK_BUILD_DEFAULT_MODULES.
-- Enabled ITKImageGrid, requested by ITK_BUILD_DEFAULT_MODULES.
-- Enabled ITKImageIntensity, requested by ITK_BUILD_DEFAULT_MODULES.
-- Enabled ITKImageLabel, requested by ITK_BUILD_DEFAULT_MODULES.
-- Enabled ITKImageNoise, requested by ITK_BUILD_DEFAULT_MODULES.
-- Enabled ITKImageSources, requested by ITK_BUILD_DEFAULT_MODULES.
-- Enabled ITKImageStatistics, requested by ITK_BUILD_DEFAULT_MODULES.
-- Enabled ITKIntegratedTest, requested by ITK_BUILD_DEFAULT_MODULES.
-- Enabled ITKJPEG, requested by ITK_BUILD_DEFAULT_MODULES.
-- Enabled ITKKLMRegionGrowing, requested by ITK_BUILD_DEFAULT_MODULES.
-- Enabled ITKKWSys, requested by ITK_BUILD_DEFAULT_MODULES.
-- Enabled ITKLIBLBFGS, requested by ITK_BUILD_DEFAULT_MODULES.
-- Enabled ITKLabelMap, requested by ITK_BUILD_DEFAULT_MODULES.
-- Enabled ITKLabelVoting, requested by ITK_BUILD_DEFAULT_MODULES.
-- Enabled ITKLevelSets, requested by ITK_BUILD_DEFAULT_MODULES.
-- Enabled ITKLevelSetsv4, requested by ITK_BUILD_DEFAULT_MODULES.
-- Enabled ITKMINC, needed by [ITKIOMINC;ITKIOTransformMINC].
-- Enabled ITKMarkovRandomFieldsClassifiers, requested by ITK_BUILD_DEFAULT_MODULES.
-- Enabled ITKMathematicalMorphology, requested by ITK_BUILD_DEFAULT_MODULES.
-- Enabled ITKMesh, requested by ITK_BUILD_DEFAULT_MODULES.
-- Enabled ITKMetaIO, requested by ITK_BUILD_DEFAULT_MODULES.
-- Enabled ITKMetricsv4, requested by ITK_BUILD_DEFAULT_MODULES.
-- Enabled ITKNIFTI, requested by ITK_BUILD_DEFAULT_MODULES.
-- Enabled ITKNarrowBand, requested by ITK_BUILD_DEFAULT_MODULES.
-- Enabled ITKNrrdIO, requested by ITK_BUILD_DEFAULT_MODULES.
-- Enabled ITKOpenJPEG, needed by [ITKIOJPEG2000;ITKReview].
-- Enabled ITKOptimizers, requested by ITK_BUILD_DEFAULT_MODULES.
-- Enabled ITKOptimizersv4, requested by ITK_BUILD_DEFAULT_MODULES.
-- Enabled ITKPDEDeformableRegistration, requested by ITK_BUILD_DEFAULT_MODULES.
-- Enabled ITKPNG, requested by ITK_BUILD_DEFAULT_MODULES.
-- Enabled ITKPath, requested by ITK_BUILD_DEFAULT_MODULES.
-- Enabled ITKPocketFFT, requested by ITK_BUILD_DEFAULT_MODULES.
-- Enabled ITKPolynomials, requested by ITK_BUILD_DEFAULT_MODULES.
-- Enabled ITKQuadEdgeMesh, requested by ITK_BUILD_DEFAULT_MODULES.
-- Enabled ITKQuadEdgeMeshFiltering, requested by ITK_BUILD_DEFAULT_MODULES.
-- Enabled ITKRegionGrowing, requested by ITK_BUILD_DEFAULT_MODULES.
-- Enabled ITKRegistrationCommon, requested by ITK_BUILD_DEFAULT_MODULES.
-- Enabled ITKRegistrationMethodsv4, requested by ITK_BUILD_DEFAULT_MODULES.
-- Enabled ITKReview, requested by Module_ITKReview.
-- Enabled ITKSignedDistanceFunction, requested by ITK_BUILD_DEFAULT_MODULES.
-- Enabled ITKSmoothing, requested by ITK_BUILD_DEFAULT_MODULES.
-- Enabled ITKSpatialFunction, requested by ITK_BUILD_DEFAULT_MODULES.
-- Enabled ITKSpatialObjects, requested by ITK_BUILD_DEFAULT_MODULES.
-- Enabled ITKStatistics, requested by ITK_BUILD_DEFAULT_MODULES.
-- Enabled ITKSuperPixel, requested by ITK_BUILD_DEFAULT_MODULES.
-- Enabled ITKTIFF, requested by ITK_BUILD_DEFAULT_MODULES.
-- Enabled ITKTestKernel, requested by ITK_BUILD_DEFAULT_MODULES.
-- Enabled ITKThresholding, requested by ITK_BUILD_DEFAULT_MODULES.
-- Enabled ITKTransform, requested by ITK_BUILD_DEFAULT_MODULES.
-- Enabled ITKTransformFactory, requested by ITK_BUILD_DEFAULT_MODULES.
-- Enabled ITKVNL, requested by ITK_BUILD_DEFAULT_MODULES.
-- Enabled ITKVTK, requested by ITK_BUILD_DEFAULT_MODULES.
-- Enabled ITKVideoCore, requested by ITK_BUILD_DEFAULT_MODULES.
-- Enabled ITKVideoFiltering, requested by ITK_BUILD_DEFAULT_MODULES.
-- Enabled ITKVideoIO, requested by ITK_BUILD_DEFAULT_MODULES.
-- Enabled ITKVoronoi, requested by ITK_BUILD_DEFAULT_MODULES.
-- Enabled ITKWatersheds, requested by ITK_BUILD_DEFAULT_MODULES.
-- Enabled ITKZLIB, requested by ITK_BUILD_DEFAULT_MODULES.
-- Enabled SimpleITKFilters, requested by Module_SimpleITKFilters.
-- Enabled StructuralSimilarity, requested by ITK_BUILD_DEFAULT_MODULES.
-- Double correction test returned: 89255.0/1e22 = 8.9255e-18
-- Checking whether C compiler has ptrdiff_t in stddef.h
-- Checking whether C compiler has ptrdiff_t in stddef.h - yes
-- Checking whether C compiler has ssize_t in unistd.h
-- Checking whether C compiler has ssize_t in unistd.h - yes
-- Checking whether C compiler has clock_gettime
-- Checking whether C compiler has clock_gettime - yes
-- Checking whether CXX compiler has setenv
-- Checking whether CXX compiler has setenv - yes
-- Checking whether CXX compiler has unsetenv
-- Checking whether CXX compiler has unsetenv - yes
-- Checking whether CXX compiler has environ in stdlib.h
-- Checking whether CXX compiler has environ in stdlib.h - no
-- Checking whether CXX compiler has utimes
-- Checking whether CXX compiler has utimes - yes
-- Checking whether CXX compiler has utimensat
-- Checking whether CXX compiler has utimensat - yes
-- Checking whether CXX compiler struct stat has st_mtim member
-- Checking whether CXX compiler struct stat has st_mtim member - yes
-- Checking whether CXX compiler struct stat has st_mtimespec member
-- Checking whether CXX compiler struct stat has st_mtimespec member - no
-- Looking for include files sys/types.h, ifaddrs.h
-- Looking for include files sys/types.h, ifaddrs.h - found
-- Checking whether CXX compiler has rlimit64
-- Checking whether CXX compiler has rlimit64 - yes
-- Looking for C++ include execinfo.h
-- Looking for C++ include execinfo.h - found
-- Checking whether backtrace works with this C++ compiler
-- Checking whether backtrace works with this C++ compiler - yes
-- Looking for C++ include dlfcn.h
-- Looking for C++ include dlfcn.h - found
-- Checking whether dladdr works with this C++ compiler
-- Checking whether dladdr works with this C++ compiler - yes
-- Looking for C++ include cxxabi.h
-- Looking for C++ include cxxabi.h - found
-- Checking whether cxxabi works with this C++ compiler
-- Checking whether cxxabi works with this C++ compiler - yes
-- Checking whether CXX compiler has getloadavg
-- Checking whether CXX compiler has getloadavg - yes
-- Checking whether <ext/stdio_filebuf.h> is available
-- Checking whether <ext/stdio_filebuf.h> is available - yes
-- Performing Test HAVE_IMPLICIT_MATH
-- Performing Test HAVE_IMPLICIT_MATH - Failed
-- Performing Test HAVE_EXPLICIT_LIBM
-- Performing Test HAVE_EXPLICIT_LIBM - Success
-- Performing Test COMPILER_HAS_HIDDEN_VISIBILITY
-- Performing Test COMPILER_HAS_HIDDEN_VISIBILITY - Success
-- Performing Test COMPILER_HAS_HIDDEN_INLINE_VISIBILITY
-- Performing Test COMPILER_HAS_HIDDEN_INLINE_VISIBILITY - Success
-- Performing Test COMPILER_HAS_DEPRECATED_ATTR
-- Performing Test COMPILER_HAS_DEPRECATED_ATTR - Success
-- Performing Test CMAKE_HAVE_LIBC_PTHREAD
-- Performing Test CMAKE_HAVE_LIBC_PTHREAD - Success
-- Found Threads: TRUE
-- Checking to see if this platform has the __FUNCTION__ C-Preprocessor directive
-- Checking to see if this platform supports has the __FUNCTION__ C-Preprocessor directive - yes
-- Looking for include file fenv.h
-- Looking for include file fenv.h - found
-- Looking for include file unistd.h
-- Looking for include file unistd.h - found
-- Performing Test ITK_PRIVATE_DYNAMIC_CAST - Success
-- Performing Test gcc_has_no_associative_math
-- Performing Test gcc_has_no_associative_math - Success
-- Found ZLIB: /usr/lib/libz.so (found version "1.3.2")
CMake Error at Modules/ThirdParty/PocketFFT/CMakeLists.txt:17 (find_path):
  Could not find POCKETFFT_INCLUDE_DIR using the following files:
  pocketfft_hdronly.h


-- Configuring incomplete, errors occurred!
[1m[31m==> ERROR:(B[m[1m A failure occurred in build().(B[m
[1m    Aborting...(B[m
