-- The CXX compiler identification is GNU 16.2.1
-- The C compiler identification is GNU 16.2.1
-- Detecting CXX compiler ABI info
-- Detecting CXX compiler ABI info - done
-- Check for working CXX compiler: /usr/bin/c++ - skipped
-- Detecting CXX compile features
-- Detecting CXX compile features - done
-- Detecting C compiler ABI info
-- Detecting C compiler ABI info - done
-- Check for working C compiler: /usr/bin/cc - skipped
-- Detecting C compile features
-- Detecting C compile features - done
-- Performing Test HAVE_FLAG_Wall
-- Performing Test HAVE_FLAG_Wall - Success
-- Performing Test HAVE_FLAG_Wextra
-- Performing Test HAVE_FLAG_Wextra - Success
-- Performing Test HAVE_FLAG_Wformat
-- Performing Test HAVE_FLAG_Wformat - Success
-- Performing Test HAVE_FLAG_Werror=format_security
-- Performing Test HAVE_FLAG_Werror=format_security - Success
-- Performing Test HAVE_FLAG_Wshadow
-- Performing Test HAVE_FLAG_Wshadow - Success
-- Performing Test HAVE_FLAG_Wundef
-- Performing Test HAVE_FLAG_Wundef - Success
-- Performing Test HAVE_FLAG_Wcast_align
-- Performing Test HAVE_FLAG_Wcast_align - Success
-- Performing Test HAVE_FLAG_Wmissing_include_dirs
-- Performing Test HAVE_FLAG_Wmissing_include_dirs - Success
-- Performing Test HAVE_FLAG_Woverloaded_virtual
-- Performing Test HAVE_FLAG_Woverloaded_virtual - Success
-- Performing Test HAVE_FLAG_Wold_style_cast
-- Performing Test HAVE_FLAG_Wold_style_cast - Success
-- Performing Test HAVE_FLAG_Wsign_compare
-- Performing Test HAVE_FLAG_Wsign_compare - Success
-- Performing Test HAVE_FLAG_Wdeprecated_declarations
-- Performing Test HAVE_FLAG_Wdeprecated_declarations - Success
-- Performing Test HAVE_FLAG_Wshorten_64_to_32
-- Performing Test HAVE_FLAG_Wshorten_64_to_32 - Failed
-- Performing Test HAVE_FLAG_fno_omit_frame_pointer
-- Performing Test HAVE_FLAG_fno_omit_frame_pointer - Success
-- Performing Test HAVE_FLAG_mmacosx_version_min=10.15
-- Performing Test HAVE_FLAG_mmacosx_version_min=10.15 - Failed
-- Performing Test HAVE_FLAG_/Oy_
-- Performing Test HAVE_FLAG_/Oy_ - Failed
-- Performing Test HAVE_FLAG_fvisibility_inlines_hidden
-- Performing Test HAVE_FLAG_fvisibility_inlines_hidden - Success
-- Performing Test HAVE_FLAG_/wd4244
-- Performing Test HAVE_FLAG_/wd4244 - Failed
-- Performing Test HAVE_FLAG_/wd4267
-- Performing Test HAVE_FLAG_/wd4267 - Failed
-- Performing Test HAVE_FLAG_flto
-- Performing Test HAVE_FLAG_flto - Success
-- Found PkgConfig: /usr/bin/pkg-config (found version "3.0.5")
-- Not using bundled deps
-- Performing Test CMAKE_HAVE_LIBC_PTHREAD
-- Performing Test CMAKE_HAVE_LIBC_PTHREAD - Success
-- Found Threads: TRUE
-- Performing Test HAVE_STDATOMIC
-- Performing Test HAVE_STDATOMIC - Success
-- Found WrapAtomic: TRUE
-- Found OpenGL: /usr/lib/libOpenGL.so
-- Found WrapOpenGL: TRUE
-- Could NOT find WrapVulkanHeaders (missing: Vulkan_INCLUDE_DIR) 
-- Could NOT find WrapVulkanHeaders (missing: Vulkan_INCLUDE_DIR) 
-- Found Libmpv: /usr/lib/libmpv.so (found version "2.5.0")
-- Qt root directory: build/qt
-- Qt version: 6.11.1
-- Performing Test QT6_HAVE_OPTIMALORIENTATION
-- Performing Test QT6_HAVE_OPTIMALORIENTATION - Failed
-- Found MPV: /usr/include
-- build/qt
-- Found SDL2: /usr/include/SDL2
-- Performing Test ICONV_SECOND_ARGUMENT_IS_CONST
-- Performing Test ICONV_SECOND_ARGUMENT_IS_CONST - Failed
-- Found Iconv: /usr/lib/libc.so
-- Could NOT find CEC (missing: CEC_LIBRARY CEC_INCLUDE_DIR) 
-- Enabled Inputs: SDL2 LIRC
-- Found X11: /usr/include
-- Looking for XOpenDisplay in /usr/lib/libX11.so;/usr/lib/libXext.so
-- Looking for XOpenDisplay in /usr/lib/libX11.so;/usr/lib/libXext.so - found
-- Looking for gethostbyname
-- Looking for gethostbyname - found
-- Looking for connect
-- Looking for connect - found
-- Looking for remove
-- Looking for remove - found
-- Looking for shmat
-- Looking for shmat - found
-- Looking for IceConnectionNumber in ICE
-- Looking for IceConnectionNumber in ICE - found
-- Enabling D-Bus power management
-- clang-tidy not enabled, pass -DCMAKE_EXPORT_COMPILE_COMMANDS=on to cmake to enable it
-- clang-tidy not enabled, pass -DCMAKE_EXPORT_COMPILE_COMMANDS=on to cmake to enable it
-- Found ZLIB: /usr/lib/libz.so (found version "1.3.2")
-- Using minizip
-- Configuring done (4.8s)
-- Generating done (0.1s)
-- Build files have been written to: /build/jellyfin-desktop-git/src/jellyfin-desktop/build
[0/2] Re-checking globbed directories...
[1/85] Copying JellyfinDesktop qml sources into build dir
[2/85] Copying resources for JellyfinDesktop
[3/85] Copying JellyfinDesktop qml resources into build dir
[4/85] Populating .qmlls.ini file at /build/jellyfin-desktop-git/src/jellyfin-desktop/build/.qt/.qmlls.build.ini
[5/85] Generating resources
-- Resources updated
[6/85] Automatic MOC for target shared
[7/85] Building CXX object src/shared/CMakeFiles/shared.dir/Names.cpp.o
[8/85] Building CXX object src/shared/CMakeFiles/shared.dir/__/core/Version.cpp.o
[9/85] Building CXX object src/shared/CMakeFiles/shared.dir/LocalJsonClient.cpp.o
[10/85] Building CXX object src/shared/CMakeFiles/shared.dir/shared_autogen/mocs_compilation.cpp.o
[11/85] Building CXX object src/shared/CMakeFiles/shared.dir/LocalJsonServer.cpp.o
[12/85] Building CXX object src/shared/CMakeFiles/shared.dir/Paths.cpp.o
[13/85] Linking CXX static library src/shared/libshared.a
[14/85] Automatic MOC for target jmp_core
[15/85] Building CXX object src/CMakeFiles/jmp_core.dir/display/x11/DisplayManagerX11.cpp.o
[16/85] Building CXX object src/CMakeFiles/jmp_core.dir/utils/CachedRegexMatcher.cpp.o
[17/85] Building CXX object src/CMakeFiles/jmp_core.dir/display/dummy/DisplayManagerDummy.cpp.o
[18/85] Building CXX object src/CMakeFiles/jmp_core.dir/player/OpenGLDetect.cpp.o
[19/85] Building CXX object src/CMakeFiles/jmp_core.dir/core/ProfileManager.cpp.o
[20/85] Building CXX object src/CMakeFiles/jmp_core.dir/core/Globals.cpp.o
[21/85] Building CXX object src/CMakeFiles/jmp_core.dir/core/SignalManager.cpp.o
[22/85] Building CXX object src/CMakeFiles/jmp_core.dir/input/InputMapping.cpp.o
[23/85] Building CXX object src/CMakeFiles/jmp_core.dir/input/InputSocket.cpp.o
[24/85] Building CXX object src/CMakeFiles/jmp_core.dir/input/InputLIRC.cpp.o
[25/85] Building CXX object src/CMakeFiles/jmp_core.dir/utils/Utils.cpp.o
[26/85] Building CXX object src/CMakeFiles/jmp_core.dir/ui/ErrorMessage.cpp.o
[27/85] Building CXX object src/CMakeFiles/jmp_core.dir/player/MpvVideoItem.cpp.o
[28/85] Building CXX object src/CMakeFiles/jmp_core.dir/settings/AudioSettingsController.cpp.o
[29/85] Building CXX object src/CMakeFiles/jmp_core.dir/display/DisplayManager.cpp.o
[30/85] Building CXX object src/CMakeFiles/jmp_core.dir/player/AlbumArtProvider.cpp.o
[31/85] Building CXX object src/CMakeFiles/jmp_core.dir/ui/EventFilter.cpp.o
[32/85] Building CXX object src/CMakeFiles/jmp_core.dir/display/DisplayComponent.cpp.o
[33/85] Building CXX object src/CMakeFiles/jmp_core.dir/input/InputSDL.cpp.o
[34/85] Building CXX object src/CMakeFiles/jmp_core.dir/input/InputComponent.cpp.o
/build/jellyfin-desktop-git/src/jellyfin-desktop/src/input/InputComponent.cpp: In lambda function:
/build/jellyfin-desktop-git/src/jellyfin-desktop/src/input/InputComponent.cpp:64:48: warning: implicit capture of ‘this’ via ‘[=]’ is deprecated in C++20 [-Wdeprecated]
   64 |   connect(m_autoRepeatTimer, &QTimer::timeout, [=]()
      |                                                ^
/build/jellyfin-desktop-git/src/jellyfin-desktop/src/input/InputComponent.cpp:64:48: note: add explicit ‘this’ or ‘*this’ capture
[35/85] Building CXX object src/CMakeFiles/jmp_core.dir/system/SystemComponent.cpp.o
/build/jellyfin-desktop-git/src/jellyfin-desktop/src/system/SystemComponent.cpp: In lambda function:
/build/jellyfin-desktop-git/src/jellyfin-desktop/src/system/SystemComponent.cpp:96:49: warning: implicit capture of ‘this’ via ‘[=]’ is deprecated in C++20 [-Wdeprecated]
   96 |     connect(s, &SettingsSection::valuesUpdated, [=]()
      |                                                 ^
/build/jellyfin-desktop-git/src/jellyfin-desktop/src/system/SystemComponent.cpp:96:49: note: add explicit ‘this’ or ‘*this’ capture
[36/85] Building CXX object src/CMakeFiles/jmp_core.dir/ui/WindowManager.cpp.o
[37/85] Building CXX object src/CMakeFiles/jmp_core.dir/player/PlayerComponent.cpp.o
/build/jellyfin-desktop-git/src/jellyfin-desktop/src/player/PlayerComponent.cpp: In lambda function:
/build/jellyfin-desktop-git/src/jellyfin-desktop/src/player/PlayerComponent.cpp:629:23: warning: implicit capture of ‘this’ via ‘[=]’ is deprecated in C++20 [-Wdeprecated]
  629 |         auto resume = [=] {
      |                       ^
/build/jellyfin-desktop-git/src/jellyfin-desktop/src/player/PlayerComponent.cpp:629:23: note: add explicit ‘this’ or ‘*this’ capture
/build/jellyfin-desktop-git/src/jellyfin-desktop/src/player/PlayerComponent.cpp: In lambda function:
/build/jellyfin-desktop-git/src/jellyfin-desktop/src/player/PlayerComponent.cpp:669:23: warning: implicit capture of ‘this’ via ‘[=]’ is deprecated in C++20 [-Wdeprecated]
  669 |         auto resume = [=] {
      |                       ^
/build/jellyfin-desktop-git/src/jellyfin-desktop/src/player/PlayerComponent.cpp:669:23: note: add explicit ‘this’ or ‘*this’ capture
[38/85] Building CXX object src/CMakeFiles/jmp_core.dir/utils/Log.cpp.o
[39/85] Building CXX object src/CMakeFiles/jmp_core.dir/settings/SettingsSection.cpp.o
[40/85] Building CXX object src/CMakeFiles/jmp_core.dir/mpris/MprisRootAdaptor.cpp.o
[41/85] Building CXX object src/CMakeFiles/jmp_core.dir/power/PowerComponentDBus.cpp.o
[42/85] Building CXX object src/CMakeFiles/jmp_core.dir/taskbar/TaskbarComponent.cpp.o
[43/85] Building CXX object src/CMakeFiles/jmp_core.dir/settings/SettingsComponent.cpp.o
[44/85] Building CXX object src/CMakeFiles/jmp_core.dir/power/PowerComponent.cpp.o
[45/85] Building CXX object src/CMakeFiles/jmp_core.dir/core/ComponentManager.cpp.o
/build/jellyfin-desktop-git/src/jellyfin-desktop/src/core/ComponentManager.cpp: In constructor ‘ComponentManager::ComponentManager()’:
/build/jellyfin-desktop-git/src/jellyfin-desktop/src/core/ComponentManager.cpp:25:55: warning: ‘QQmlPropertyMap::QQmlPropertyMap(QObject*)’ is deprecated: Use create() or the protected two-argument constructor instead. [-Wdeprecated-declarations]
   25 | ComponentManager::ComponentManager() : QObject(nullptr)
      |                                                       ^
In file included from /usr/include/qt6/QtQml/QtQml:34,
                 from /build/jellyfin-desktop-git/src/jellyfin-desktop/src/core/ComponentManager.cpp:2:
/usr/include/qt6/QtQml/qqmlpropertymap.h:28:14: note: declared here
   28 |     explicit QQmlPropertyMap(QObject *parent = nullptr);
      |              ^~~~~~~~~~~~~~~
[46/85] Building CXX object src/CMakeFiles/jmp_core.dir/jmp_core_autogen/mocs_compilation.cpp.o
[47/85] Building CXX object src/CMakeFiles/jmp_core.dir/mpris/MprisPlayerAdaptor.cpp.o
[48/85] Building CXX object src/CMakeFiles/jmp_core.dir/mpris/MprisComponent.cpp.o
[49/85] Linking CXX static library src/libjmp_core.a
[50/85] Automatic MOC for target JellyfinDesktop
[51/85] Running AUTOMOC file extraction for target JellyfinDesktop
[52/85] Running rcc for resource qmake_Konvergo
[53/85] Running rcc for resource qmake_Konvergo_copy
[54/85] Running rcc for resource JellyfinDesktop_raw_qml_0
[55/85] Running moc --collect-json for target JellyfinDesktop
[56/85] Generating .rcc/qmlcache/JellyfinDesktop_qmlcache_loader.cpp
[57/85] Automatic QML type registration for target JellyfinDesktop
[58/85] Generating .rcc/qmlcache/JellyfinDesktop_ui/webview_qml.cpp, .rcc/qmlcache/JellyfinDesktop_ui/webview_qml.cpp.aotstats
[59/85] Building CXX object src/CMakeFiles/JellyfinDesktop.dir/JellyfinDesktop_autogen/mocs_compilation.cpp.o
[60/85] Building CXX object src/CMakeFiles/JellyfinDesktop.dir/.qt/rcc/qrc_qmake_Konvergo.cpp.o
[61/85] Building CXX object src/CMakeFiles/JellyfinDesktop.dir/.qt/rcc/qrc_qmake_Konvergo_copy.cpp.o
[62/85] Building CXX object src/CMakeFiles/JellyfinDesktop.dir/.qt/rcc/qrc_JellyfinDesktop_raw_qml_0.cpp.o
[63/85] Building CXX object src/CMakeFiles/JellyfinDesktop.dir/qrc_resources.cpp.o
[64/85] Automatic MOC for target test_displaymanager
[65/85] Automatic MOC for target test_log
[66/85] Automatic MOC for target test_systemcomponent
[67/85] Automatic MOC for target test_settings
[68/85] Building CXX object tests/CMakeFiles/test_displaymanager.dir/test_displaymanager_autogen/mocs_compilation.cpp.o
[69/85] Building CXX object tests/CMakeFiles/test_log.dir/test_log_autogen/mocs_compilation.cpp.o
[70/85] Building CXX object tests/CMakeFiles/test_systemcomponent.dir/test_systemcomponent_autogen/mocs_compilation.cpp.o
[71/85] Building CXX object tests/CMakeFiles/test_settings.dir/test_settings_autogen/mocs_compilation.cpp.o
[72/85] Building CXX object src/CMakeFiles/JellyfinDesktop.dir/jellyfindesktop_qmltyperegistrations.cpp.o
[73/85] Building CXX object src/CMakeFiles/JellyfinDesktop.dir/.rcc/qmlcache/JellyfinDesktop_qmlcache_loader.cpp.o
[74/85] Building CXX object src/CMakeFiles/JellyfinDesktop.dir/.rcc/qmlcache/JellyfinDesktop_ui/webview_qml.cpp.o
[75/85] Building CXX object tests/CMakeFiles/test_log.dir/test_log.cpp.o
[76/85] Building CXX object tests/CMakeFiles/test_systemcomponent.dir/test_systemcomponent.cpp.o
[77/85] Building CXX object tests/CMakeFiles/test_displaymanager.dir/test_displaymanager.cpp.o
[78/85] Building CXX object tests/CMakeFiles/test_settings.dir/test_settings.cpp.o
[79/85] Building CXX object src/CMakeFiles/JellyfinDesktop.dir/main.cpp.o
[80/85] Linking CXX executable tests/test_log
[81/85] Linking CXX executable tests/test_systemcomponent
[82/85] Linking CXX executable tests/test_settings
[83/85] Linking CXX executable tests/test_displaymanager
[84/85] Linking CXX executable src/jellyfin-desktop
