[1/46] Generating wayland-xdg-shell-client-protocol.h ...
[2/46] Generating wayland-xdg-shell-client-protocol.c ...
[3/46] Generating wayland-viewporter-client-protocol.h ...
[4/46] Generating wayland-viewporter-client-protocol.c ...
[5/46] Generating wayland-relative-pointer-unstable-v1-client-protocol.h ...
[6/46] Generating wayland-relative-pointer-unstable-v1-client-protocol.c ...
[7/46] Generating wayland-pointer-constraints-unstable-v1-client-protocol.h ...
[8/46] Generating wayland-pointer-constraints-unstable-v1-client-protocol.c ...
[9/46] Generating wayland-xdg-decoration-unstable-v1-client-protocol.h ...
[10/46] Generating wayland-xdg-decoration-unstable-v1-client-protocol.c ...
[11/46] Generating wayland-primary-selection-unstable-v1-client-protocol.h ...
[12/46] Generating wayland-primary-selection-unstable-v1-client-protocol.c ...
[13/46] Generating wayland-text-input-unstable-v3-client-protocol.h ...
[14/46] Generating wayland-text-input-unstable-v3-client-protocol.c ...
[15/46] Generating wayland-xdg-activation-v1-client-protocol.h ...
[16/46] Generating wayland-xdg-activation-v1-client-protocol.c ...
[17/46] Generating wayland-tablet-unstable-v2-client-protocol.h ...
[18/46] Generating wayland-tablet-unstable-v2-client-protocol.c ...
[19/46] Generating wayland-cursor-shape-v1-client-protocol.h ...
[20/46] Generating wayland-cursor-shape-v1-client-protocol.c ...
[21/46] Generating wayland-fractional-scale-v1-client-protocol.h ...
[22/46] Generating wayland-fractional-scale-v1-client-protocol.c ...
[23/46] Generating wayland-single-pixel-buffer-v1-client-protocol.h ...
[24/46] Generating wayland-single-pixel-buffer-v1-client-protocol.c ...
[25/46] Generating wayland-idle-inhibit-unstable-v1-client-protocol.h ...
[26/46] Generating wayland-idle-inhibit-unstable-v1-client-protocol.c ...
[27/46] Generating wayland-keyboard-shortcuts-inhibit-unstable-v1-client-protocol.h ...
[28/46] Generating wayland-keyboard-shortcuts-inhibit-unstable-v1-client-protocol.c ...
[29/46] Generating wayland-xdg-toplevel-icon-v1-client-protocol.h ...
[30/46] Generating wayland-xdg-toplevel-icon-v1-client-protocol.c ...
[31/46] Generating wayland-xdg-system-bell-v1-client-protocol.h ...
[32/46] Generating wayland-xdg-system-bell-v1-client-protocol.c ...
[33/46] Generating wayland-xdg-toplevel-tag-v1-client-protocol.h ...
[34/46] Generating wayland-xdg-toplevel-tag-v1-client-protocol.c ...
[35/46] Generating wayland-ext-background-effect-v1-client-protocol.h ...
[36/46] Generating wayland-ext-background-effect-v1-client-protocol.c ...
[37/46] Generating wayland-xdg-toplevel-drag-v1-client-protocol.h ...
[38/46] Generating wayland-xdg-toplevel-drag-v1-client-protocol.c ...
[39/46] Generating wayland-pointer-gestures-unstable-v1-client-protocol.h ...
[40/46] Generating wayland-pointer-gestures-unstable-v1-client-protocol.c ...
[41/46] Generating wayland-xdg-output-unstable-v1-client-protocol.h ...
[42/46] Generating wayland-xdg-output-unstable-v1-client-protocol.c ...
[43/46] Generating wayland-kwin-blur-v1-client-protocol.h ...
[44/46] Generating wayland-kwin-blur-v1-client-protocol.c ...
[45/46] Generating wayland-wlr-layer-shell-unstable-v1-client-protocol.h ...
[46/46] Generating wayland-wlr-layer-shell-unstable-v1-client-protocol.c ...
 done
Copying 'Symbols NERD Font Mono' from /usr/share/fonts/TTF/SymbolsNerdFontMono-Regular.ttf
[1/141] Compiling kitty/screen.c ...
[2/141] Compiling kitty/glfw.c ...
[3/141] Compiling [wayland] glfw/wl_window.c ...
[4/141] Compiling [x11] glfw/x11_window.c ...
[5/141] Compiling kitty/shaders.c ...
[6/141] Compiling kitty/dnd.c ...
[7/141] Compiling kitty/fonts.c ...
[8/141] Compiling kitty/graphics.c ...
[9/141] Compiling kitty/decorations.c ...
[10/141] Compiling kitty/child-monitor.c ...
[11/141] Compiling kitty/state.c ...
[12/141] Compiling kitty/mouse.c ...
[13/141] Compiling kitty/vt-parser.c ...
[14/141] Compiling kitty/vt-parser.c ...
[15/141] Compiling kitty/freetype.c ...
[16/141] Compiling kitty/colors.c ...
[17/141] Compiling [x11] glfw/input.c ...
[18/141] Compiling [wayland] glfw/input.c ...
[19/141] Compiling [wayland] glfw/wl_client_side_decorations.c ...
[20/141] Compiling [x11] glfw/xkb_glfw.c ...
[21/141] Compiling [wayland] glfw/xkb_glfw.c ...
[22/141] Compiling kitty/line.c ...
[23/141] Compiling [wayland] glfw/wl_init.c ...
[24/141] Compiling kitty/glfw-wrapper.c ...
[25/141] Compiling kitty/data-types.c ...
[26/141] Compiling kittens/transfer/algorithm.c ...
[27/141] Compiling [x11] glfw/window.c ...
[28/141] Compiling [wayland] glfw/window.c ...
[29/141] Compiling [x11] glfw/x11_init.c ...
[30/141] Compiling kitty/disk-cache.c ...
[31/141] Compiling kitty/freetype_render_ui_text.c ...
[32/141] Compiling kitty/fontconfig.c ...
[33/141] Compiling kitty/history.c ...
[34/141] Compiling kitty/keys.c ...
[35/141] Compiling [x11] glfw/egl_context.c ...
[36/141] Compiling [wayland] glfw/egl_context.c ...
[37/141] Compiling kitty/gl.c ...
[38/141] Compiling kitty/launcher/main.c ...
[39/141] Compiling kitty/line-buf.c ...
[40/141] Compiling kitty/crypto.c ...
[41/141] Compiling [x11] glfw/glx_context.c ...
[42/141] Compiling kitty/font-names.c ...
[43/141] Compiling [x11] glfw/ibus_glfw.c ...
[44/141] Compiling [wayland] glfw/ibus_glfw.c ...
[45/141] Compiling [x11] glfw/x11_monitor.c ...
[46/141] Compiling [x11] glfw/context.c ...
[47/141] Compiling [wayland] glfw/context.c ...
[48/141] Compiling kitty/key_encoding.c ...
[49/141] Compiling kitty/resize.c ...
[50/141] Compiling [x11] glfw/backend_utils.c ...
[51/141] Compiling [wayland] glfw/backend_utils.c ...
[52/141] Compiling [x11] glfw/monitor.c ...
[53/141] Compiling [wayland] glfw/monitor.c ...
[54/141] Compiling kitty/cursor.c ...
[55/141] Compiling kitty/launcher/single-instance.c ...
[56/141] Compiling [x11] glfw/dbus_glfw.c ...
[57/141] Compiling [wayland] glfw/dbus_glfw.c ...
[58/141] Compiling kitty/charsets.c ...
[59/141] Compiling [wayland] glfw/wl_monitor.c ...
[60/141] Compiling [x11] glfw/init.c ...
[61/141] Compiling [wayland] glfw/init.c ...
[62/141] Compiling [x11] glfw/linux_desktop_settings.c ...
[63/141] Compiling [wayland] glfw/linux_desktop_settings.c ...
[64/141] Compiling [x11] glfw/linux_joystick.c ...
[65/141] Compiling [wayland] glfw/linux_joystick.c ...
[66/141] Compiling kitty/desktop.c ...
[67/141] Compiling kitty/animation.c ...
[68/141] Compiling kitty/png-reader.c ...
[69/141] Compiling [x11] glfw/vulkan.c ...
[70/141] Compiling [wayland] glfw/vulkan.c ...
[71/141] Compiling [x11] glfw/osmesa_context.c ...
[72/141] Compiling [wayland] glfw/osmesa_context.c ...
[73/141] Compiling kitty/loop-utils.c ...
[74/141] Compiling [x11] glfw/linux_notify.c ...
[75/141] Compiling [wayland] glfw/linux_notify.c ...
[76/141] Compiling 3rdparty/ringbuf/ringbuf.c ...
[77/141] Compiling kitty/simd-string.c ...
[78/141] Compiling kitty/child.c ...
[79/141] Compiling kitty/systemd.c ...
[80/141] Compiling kitty/kittens.c ...
[81/141] Compiling [x11] glfw/momentum-scroll.c ...
[82/141] Compiling [wayland] glfw/momentum-scroll.c ...
[83/141] Compiling [wayland] glfw/wayland-tablet-unstable-v2-client-protocol.c ...
[84/141] Compiling kitty/cursor_trail.c ...
[85/141] Compiling [wayland] glfw/wl_text_input.c ...
[86/141] Compiling 3rdparty/base64/lib/codec_choose.c ...
[87/141] Compiling kitty/text-cache.c ...
[88/141] Compiling kitty/hyperlink.c ...
[89/141] Compiling [wayland] glfw/wayland-xdg-shell-client-protocol.c ...
[90/141] Compiling kitty/glyph-cache.c ...
[91/141] Compiling kitty/rowcolumn-diacritics.c ...
[92/141] Compiling [wayland] glfw/wayland-pointer-gestures-unstable-v1-client-protocol.c ...
[93/141] Compiling [wayland] glfw/wayland-primary-selection-unstable-v1-client-protocol.c ...
[94/141] Compiling kitty/window_logo.c ...
[95/141] Compiling [wayland] glfw/wayland-text-input-unstable-v3-client-protocol.c ...
[96/141] Compiling [wayland] glfw/wayland-pointer-constraints-unstable-v1-client-protocol.c ...
[97/141] Compiling kitty/wcswidth.c ...
[98/141] Compiling kitty/fast-file-copy.c ...
[99/141] Compiling [wayland] glfw/wayland-wlr-layer-shell-unstable-v1-client-protocol.c ...
[100/141] Compiling 3rdparty/base64/lib/lib.c ...
[101/141] Compiling kitty/shlex.c ...
[102/141] Compiling kitty/launcher/cmdline.c ...
[103/141] Compiling [x11] glfw/posix_thread.c ...
[104/141] Compiling [wayland] glfw/posix_thread.c ...
[105/141] Compiling [wayland] glfw/wayland-xdg-activation-v1-client-protocol.c ...
[106/141] Compiling [wayland] glfw/wayland-xdg-toplevel-icon-v1-client-protocol.c ...
[107/141] Compiling [wayland] glfw/wayland-keyboard-shortcuts-inhibit-unstable-v1-client-protocol.c ...
[108/141] Compiling [wayland] glfw/wayland-ext-background-effect-v1-client-protocol.c ...
[109/141] Compiling [wayland] glfw/wayland-xdg-decoration-unstable-v1-client-protocol.c ...
[110/141] Compiling [wayland] glfw/wayland-xdg-output-unstable-v1-client-protocol.c ...
[111/141] Compiling [wayland] glfw/wayland-relative-pointer-unstable-v1-client-protocol.c ...
[112/141] Compiling [wayland] glfw/wayland-cursor-shape-v1-client-protocol.c ...
[113/141] Compiling [wayland] glfw/wayland-fractional-scale-v1-client-protocol.c ...
[114/141] Compiling [wayland] glfw/wayland-xdg-toplevel-drag-v1-client-protocol.c ...
[115/141] Compiling kitty/logging.c ...
[116/141] Compiling [wayland] glfw/wayland-idle-inhibit-unstable-v1-client-protocol.c ...
[117/141] Compiling [wayland] glfw/wayland-viewporter-client-protocol.c ...
[118/141] Compiling 3rdparty/base64/lib/arch/neon64/codec.c ...
[119/141] Compiling [wayland] glfw/wayland-xdg-toplevel-tag-v1-client-protocol.c ...
[120/141] Compiling [wayland] glfw/wayland-single-pixel-buffer-v1-client-protocol.c ...
[121/141] Compiling 3rdparty/base64/lib/tables/tables.c ...
[122/141] Compiling [wayland] glfw/wayland-xdg-system-bell-v1-client-protocol.c ...
[123/141] Compiling [wayland] glfw/wl_cursors.c ...
[124/141] Compiling 3rdparty/base64/lib/arch/neon32/codec.c ...
[125/141] Compiling [wayland] glfw/wayland-kwin-blur-v1-client-protocol.c ...
[126/141] Compiling kitty/char-props.c ...
[127/141] Compiling 3rdparty/base64/lib/arch/avx/codec.c ...
[128/141] Compiling 3rdparty/base64/lib/arch/ssse3/codec.c ...
[129/141] Compiling 3rdparty/base64/lib/arch/sse42/codec.c ...
[130/141] Compiling 3rdparty/base64/lib/arch/sse41/codec.c ...
[131/141] Compiling 3rdparty/base64/lib/arch/avx2/codec.c ...
[132/141] Compiling kitty/utmp.c ...
[133/141] Compiling 3rdparty/base64/lib/arch/avx512/codec.c ...
[134/141] Compiling 3rdparty/base64/lib/arch/generic/codec.c ...
[135/141] Compiling kitty/cleanup.c ...
[136/141] Compiling [x11] glfw/monotonic.c ...
[137/141] Compiling [wayland] glfw/monotonic.c ...
[138/141] Compiling kitty/monotonic.c ...
[139/141] Compiling kitty/simd-string-128.c ...
[140/141] Compiling kitty/simd-string-256.c ...
[141/141] Compiling kitty/gl-wrapper.c ...
 done
[1/5] Linking kitty/fast_data_types ...
[2/5] Linking [x11] kitty/glfw-x11 ...
[3/5] Linking [wayland] kitty/glfw-wayland ...
[4/5] Linking kittens/transfer/rsync ...
[5/5] Linking launcher ...
 done
[1/9] Compiling rounded_rect.slang ...
[2/9] Compiling linear2srgb.slang ...
[3/9] Compiling utils.slang ...
[4/9] Compiling blit-common.slang ...
[5/9] Compiling alpha-blend.slang ...
[6/9] Compiling hsluv.slang ...
[7/9] Compiling trail.slang ...
[8/9] Compiling tint.slang ...
[9/9] Compiling bgimage.slang ...
 done
[1/5] Compiling blit.slang ...
[2/5] Compiling background.slang ...
[3/5] Compiling border.slang ...
[4/5] Compiling screenshot.slang ...
[5/5] Compiling graphics.slang ...
 done
[1/2] Compiling cell.slang ...
[2/2] Compiling padding.slang ...
 done
[1/20] Compiling specialisation cell.06299.slang ...
[2/20] Compiling specialisation cell.a0507.slang ...
[3/20] Compiling specialisation cell.ce584.slang ...
[4/20] Compiling specialisation cell.default-specialization.slang ...
[5/20] Compiling specialisation cell.3e8c7.slang ...
[6/20] Compiling specialisation cell.97519.slang ...
[7/20] Compiling specialisation cell.53df3.slang ...
[8/20] Compiling specialisation cell.8795d.slang ...
[9/20] Compiling specialisation cell.696dd.slang ...
[10/20] Compiling specialisation cell.4307f.slang ...
[11/20] Compiling specialisation cell.d5dd6.slang ...
[12/20] Compiling specialisation cell.7c802.slang ...
[13/20] Compiling specialisation cell.2ced3.slang ...
[14/20] Compiling specialisation cell.3a52d.slang ...
[15/20] Compiling specialisation cell.37c22.slang ...
[16/20] Compiling specialisation cell.a07b1.slang ...
[17/20] Compiling specialisation cell.337b6.slang ...
[18/20] Compiling specialisation cell.45d75.slang ...
[19/20] Compiling specialisation graphics.alpha_mask.slang ...
[20/20] Compiling specialisation graphics.premult.slang ...
 done
[1/87] Linking rounded_rect.spv ...
[2/87] Linking blit.spv ...
[3/87] Linking cell.06299.spv ...
[4/87] Linking cell.a0507.spv ...
[5/87] Linking cell.ce584.spv ...
[6/87] Linking cell.spv ...
[7/87] Linking cell.3e8c7.spv ...
[8/87] Linking cell.97519.spv ...
[9/87] Linking cell.53df3.spv ...
[10/87] Linking cell.8795d.spv ...
[11/87] Linking cell.696dd.spv ...
[12/87] Linking cell.4307f.spv ...
[13/87] Linking cell.d5dd6.spv ...
[14/87] Linking cell.7c802.spv ...
[15/87] Linking cell.2ced3.spv ...
[16/87] Linking cell.3a52d.spv ...
[17/87] Linking cell.37c22.spv ...
[18/87] Linking cell.a07b1.spv ...
[19/87] Linking cell.337b6.spv ...
[20/87] Linking cell.45d75.spv ...
[21/87] Linking border.spv ...
[22/87] Linking trail.spv ...
[23/87] Linking screenshot.spv ...
[24/87] Linking graphics.spv ...
[25/87] Linking graphics.alpha_mask.spv ...
[26/87] Linking graphics.premult.spv ...
[27/87] Linking tint.spv ...
[28/87] Linking padding.spv ...
[29/87] Linking bgimage.spv ...
[30/87] Linking rounded_rect.slang-module to GLSL vertex shader ...
[31/87] Linking rounded_rect.slang-module to GLSL fragment shader ...
[32/87] Linking blit.slang-module to GLSL vertex shader ...
[33/87] Linking blit.slang-module to GLSL fragment shader ...
[34/87] Linking cell.slang-module to GLSL vertex shader ...
[35/87] Linking cell.slang-module to GLSL vertex shader ...
[36/87] Linking cell.slang-module to GLSL vertex shader ...
[37/87] Linking cell.slang-module to GLSL vertex shader ...
[38/87] Linking cell.slang-module to GLSL vertex shader ...
[39/87] Linking cell.slang-module to GLSL vertex shader ...
[40/87] Linking cell.slang-module to GLSL vertex shader ...
[41/87] Linking cell.slang-module to GLSL vertex shader ...
[42/87] Linking cell.slang-module to GLSL vertex shader ...
[43/87] Linking cell.slang-module to GLSL vertex shader ...
[44/87] Linking cell.slang-module to GLSL vertex shader ...
[45/87] Linking cell.slang-module to GLSL vertex shader ...
[46/87] Linking cell.slang-module to GLSL vertex shader ...
[47/87] Linking cell.slang-module to GLSL vertex shader ...
[48/87] Linking cell.slang-module to GLSL vertex shader ...
[49/87] Linking cell.slang-module to GLSL vertex shader ...
[50/87] Linking cell.slang-module to GLSL vertex shader ...
[51/87] Linking cell.slang-module to GLSL vertex shader ...
[52/87] Linking cell.slang-module to GLSL fragment shader ...
[53/87] Linking cell.slang-module to GLSL fragment shader ...
[54/87] Linking cell.slang-module to GLSL fragment shader ...
[55/87] Linking cell.slang-module to GLSL fragment shader ...
[56/87] Linking cell.slang-module to GLSL fragment shader ...
[57/87] Linking cell.slang-module to GLSL fragment shader ...
[58/87] Linking cell.slang-module to GLSL fragment shader ...
[59/87] Linking cell.slang-module to GLSL fragment shader ...
[60/87] Linking cell.slang-module to GLSL fragment shader ...
[61/87] Linking cell.slang-module to GLSL fragment shader ...
[62/87] Linking cell.slang-module to GLSL fragment shader ...
[63/87] Linking cell.slang-module to GLSL fragment shader ...
[64/87] Linking cell.slang-module to GLSL fragment shader ...
[65/87] Linking cell.slang-module to GLSL fragment shader ...
[66/87] Linking cell.slang-module to GLSL fragment shader ...
[67/87] Linking cell.slang-module to GLSL fragment shader ...
[68/87] Linking cell.slang-module to GLSL fragment shader ...
[69/87] Linking cell.slang-module to GLSL fragment shader ...
[70/87] Linking border.slang-module to GLSL vertex shader ...
[71/87] Linking border.slang-module to GLSL fragment shader ...
[72/87] Linking trail.slang-module to GLSL vertex shader ...
[73/87] Linking trail.slang-module to GLSL fragment shader ...
[74/87] Linking screenshot.slang-module to GLSL vertex shader ...
[75/87] Linking screenshot.slang-module to GLSL fragment shader ...
[76/87] Linking graphics.slang-module to GLSL vertex shader ...
[77/87] Linking graphics.slang-module to GLSL vertex shader ...
[78/87] Linking graphics.slang-module to GLSL vertex shader ...
[79/87] Linking graphics.slang-module to GLSL fragment shader ...
[80/87] Linking graphics.slang-module to GLSL fragment shader ...
[81/87] Linking graphics.slang-module to GLSL fragment shader ...
[82/87] Linking tint.slang-module to GLSL vertex shader ...
[83/87] Linking tint.slang-module to GLSL fragment shader ...
[84/87] Linking padding.slang-module to GLSL vertex shader ...
[85/87] Linking padding.slang-module to GLSL fragment shader ...
[86/87] Linking bgimage.slang-module to GLSL vertex shader ...
[87/87] Linking bgimage.slang-module to GLSL fragment shader ...
 done
[1/58] Validating rounded_rect.vert.glsl ...
[2/58] Validating rounded_rect.frag.glsl ...
[3/58] Validating blit.vert.glsl ...
[4/58] Validating blit.frag.glsl ...
[5/58] Validating cell.06299.vert.glsl ...
[6/58] Validating cell.a0507.vert.glsl ...
[7/58] Validating cell.ce584.vert.glsl ...
[8/58] Validating cell.vert.glsl ...
[9/58] Validating cell.3e8c7.vert.glsl ...
[10/58] Validating cell.97519.vert.glsl ...
[11/58] Validating cell.53df3.vert.glsl ...
[12/58] Validating cell.8795d.vert.glsl ...
[13/58] Validating cell.696dd.vert.glsl ...
[14/58] Validating cell.4307f.vert.glsl ...
[15/58] Validating cell.d5dd6.vert.glsl ...
[16/58] Validating cell.7c802.vert.glsl ...
[17/58] Validating cell.2ced3.vert.glsl ...
[18/58] Validating cell.3a52d.vert.glsl ...
[19/58] Validating cell.37c22.vert.glsl ...
[20/58] Validating cell.a07b1.vert.glsl ...
[21/58] Validating cell.337b6.vert.glsl ...
[22/58] Validating cell.45d75.vert.glsl ...
[23/58] Validating cell.06299.frag.glsl ...
[24/58] Validating cell.a0507.frag.glsl ...
[25/58] Validating cell.ce584.frag.glsl ...
[26/58] Validating cell.frag.glsl ...
[27/58] Validating cell.3e8c7.frag.glsl ...
[28/58] Validating cell.97519.frag.glsl ...
[29/58] Validating cell.53df3.frag.glsl ...
[30/58] Validating cell.8795d.frag.glsl ...
[31/58] Validating cell.696dd.frag.glsl ...
[32/58] Validating cell.4307f.frag.glsl ...
[33/58] Validating cell.d5dd6.frag.glsl ...
[34/58] Validating cell.7c802.frag.glsl ...
[35/58] Validating cell.2ced3.frag.glsl ...
[36/58] Validating cell.3a52d.frag.glsl ...
[37/58] Validating cell.37c22.frag.glsl ...
[38/58] Validating cell.a07b1.frag.glsl ...
[39/58] Validating cell.337b6.frag.glsl ...
[40/58] Validating cell.45d75.frag.glsl ...
[41/58] Validating border.vert.glsl ...
[42/58] Validating border.frag.glsl ...
[43/58] Validating trail.vert.glsl ...
[44/58] Validating trail.frag.glsl ...
[45/58] Validating screenshot.vert.glsl ...
[46/58] Validating screenshot.frag.glsl ...
[47/58] Validating graphics.vert.glsl ...
[48/58] Validating graphics.alpha_mask.vert.glsl ...
[49/58] Validating graphics.premult.vert.glsl ...
[50/58] Validating graphics.frag.glsl ...
[51/58] Validating graphics.alpha_mask.frag.glsl ...
[52/58] Validating graphics.premult.frag.glsl ...
[53/58] Validating tint.vert.glsl ...
[54/58] Validating tint.frag.glsl ...
[55/58] Validating padding.vert.glsl ...
[56/58] Validating padding.frag.glsl ...
[57/58] Validating bgimage.vert.glsl ...
[58/58] Validating bgimage.frag.glsl ...
 done
go: downloading golang.org/x/sys v0.47.0
go: downloading github.com/bmatcuk/doublestar/v4 v4.10.0
go: downloading github.com/emmansun/base64 v0.10.0
go: downloading github.com/kovidgoyal/go-shm v1.0.0
go: downloading github.com/kovidgoyal/dbus v0.0.0-20250519011319-e811c41c0bc1
go: downloading github.com/kovidgoyal/go-parallel v1.1.1
go: downloading github.com/dlclark/regexp2 v1.12.0
go: downloading github.com/seancfoley/ipaddress-go v1.7.1
go: downloading github.com/sgtdi/fswatcher v1.3.0
go: downloading github.com/kovidgoyal/imaging v1.8.23
go: downloading github.com/google/go-cmp v0.7.0
go: downloading golang.org/x/image v0.44.0
go: downloading golang.org/x/exp v0.0.0-20230801115018-d63ba01acd4b
go: downloading github.com/shirou/gopsutil/v4 v4.26.6
go: downloading github.com/ALTree/bigfloat v0.2.0
go: downloading github.com/google/uuid v1.6.0
go: downloading golang.org/x/text v0.40.0
go: downloading howett.net/plist v1.0.1
go: downloading github.com/hako/durafmt v0.0.0-20210608085754-5c1018a4e16b
go: downloading github.com/klauspost/compress v1.19.1
go: downloading github.com/nwaples/rardecode/v2 v2.3.0
go: downloading github.com/ulikunitz/xz v0.5.16
go: downloading github.com/alecthomas/chroma/v2 v2.27.0
go: downloading github.com/zeebo/xxh3 v1.1.0
go: downloading github.com/tklauser/go-sysconf v0.3.16
go: downloading github.com/seancfoley/bintree v1.3.1
go: downloading github.com/tklauser/numcpus v0.11.0
go: downloading github.com/klauspost/cpuid/v2 v2.2.10
go: downloading github.com/dlclark/regexp2/v2 v2.2.1
go: downloading github.com/rwcarlsen/goexif v0.0.0-20190401172101-9e8deecbddbd
crypto/internal/fips140deps/byteorder
container/list
github.com/seancfoley/ipaddress-go/ipaddr/addrerr
github.com/seancfoley/ipaddress-go/ipaddr/addrstr
internal/nettrace
github.com/shirou/gopsutil/v4/common
github.com/seancfoley/ipaddress-go/ipaddr/addrstrparam
vendor/golang.org/x/crypto/cryptobyte/asn1
golang.org/x/exp/constraints
github.com/google/go-cmp/cmp/internal/flags
unicode/utf16
encoding
crypto/internal/fips140/alias
crypto/internal/constanttime
vendor/golang.org/x/crypto/internal/alias
log/internal
crypto/internal/boring/sig
crypto/internal/fips140deps/cpu
image/color
golang.org/x/image/internal/safemath
github.com/klauspost/compress/internal/le
github.com/klauspost/compress/internal/cpuinfo
github.com/ulikunitz/xz/internal/hash
github.com/klauspost/compress
log/slog/internal
golang.org/x/exp/slices
crypto/internal/fips140/subtle
maps
crypto/internal/fips140deps/godebug
encoding/base64
math/rand/v2
hash
vendor/golang.org/x/net/dns/dnsmessage
internal/singleflight
weak
bufio
encoding/binary
crypto/internal/impl
encoding/base32
internal/saferio
context
crypto/internal/fips140deps/time
embed
github.com/google/go-cmp/cmp/internal/diff
crypto/internal/sysrand
github.com/bmatcuk/doublestar/v4
golang.org/x/sys/cpu
regexp/syntax
hash/crc32
crypto
github.com/google/go-cmp/cmp/internal/value
flag
crypto/internal/fips140
github.com/ALTree/bigfloat
crypto/internal/entropy/v1.0.0
crypto/subtle
encoding/hex
encoding/json
unique
github.com/kovidgoyal/go-parallel
crypto/internal/fips140/sha256
crypto/internal/fips140/sha3
crypto/internal/fips140/sha512
github.com/seancfoley/bintree/tree
golang.org/x/text/internal/tag
io/ioutil
crypto/internal/randutil
crypto/internal/fips140cache
compress/flate
compress/bzip2
database/sql/driver
os/exec
golang.org/x/text/internal/language
encoding/xml
mime
encoding/asn1
vendor/golang.org/x/sys/cpu
encoding/pem
github.com/kovidgoyal/kitty/tools/simdstring
vendor/golang.org/x/text/transform
log
vendor/golang.org/x/net/http2/hpack
mime/quotedprintable
net/http/internal
net/http/internal/ascii
os/signal
net/netip
hash/adler32
crypto/internal/fips140/hmac
crypto/sha3
image
github.com/kovidgoyal/imaging/colorconv
compress/lzw
image/color/palette
github.com/kovidgoyal/imaging/streams
golang.org/x/image/tiff/lzw
golang.org/x/image/riff
github.com/klauspost/compress/internal/godebug
crypto/internal/fips140hash
runtime/debug
vendor/golang.org/x/text/unicode/bidi
golang.org/x/text/transform
github.com/kovidgoyal/kitty/tools/icons
crypto/internal/fips140/check
github.com/ulikunitz/xz/internal/xlog
hash/crc64
golang.org/x/text/internal/stringset
github.com/klauspost/cpuid/v2
log/slog/internal/buffer
compress/gzip
github.com/emmansun/base64
vendor/golang.org/x/crypto/internal/poly1305
golang.org/x/sys/unix
crypto/internal/fips140/aes
crypto/fips140
crypto/internal/fips140/nistec/fiat
crypto/internal/fips140/edwards25519/field
crypto/internal/fips140/bigmod
crypto/internal/fips140/hkdf
crypto/internal/fips140/tls12
crypto/tls/internal/fips140tls
crypto/internal/fips140/tls13
regexp
vendor/golang.org/x/text/unicode/norm
archive/zip
compress/zlib
github.com/rwcarlsen/goexif/tiff
github.com/klauspost/compress/flate
github.com/kovidgoyal/imaging/prism/meta/icc
vendor/golang.org/x/crypto/cryptobyte
crypto/x509/pkix
image/internal/imageutil
golang.org/x/image/ccitt
golang.org/x/text/internal/language/compact
os/user
golang.org/x/image/vp8l
golang.org/x/image/vp8
image/draw
golang.org/x/image/bmp
crypto/internal/fips140/edwards25519
crypto/internal/fips140/drbg
golang.org/x/image/tiff
vendor/golang.org/x/text/secure/bidirule
image/jpeg
image/png
golang.org/x/text/language
github.com/klauspost/compress/fse
howett.net/plist
crypto/internal/fips140/aes/gcm
crypto/internal/fips140only
crypto/internal/fips140/mlkem
crypto/md5
github.com/google/go-cmp/cmp/internal/function
crypto/hkdf
crypto/rc4
crypto/internal/fips140/rsa
crypto/internal/fips140/ed25519
image/gif
github.com/hako/durafmt
github.com/kovidgoyal/imaging/types
github.com/kovidgoyal/kitty
crypto/cipher
github.com/rwcarlsen/goexif/exif
github.com/google/go-cmp/cmp
net/url
github.com/klauspost/compress/huff0
github.com/klauspost/compress/internal/snapref
github.com/klauspost/compress/zstd/internal/xxhash
github.com/kovidgoyal/imaging/webp
golang.org/x/image/webp
github.com/kovidgoyal/imaging/nrgb
vendor/golang.org/x/net/idna
golang.org/x/text/unicode/norm
crypto/mlkem
github.com/dlclark/regexp2/v2/syntax
github.com/ulikunitz/xz/lzma
github.com/kovidgoyal/kitty/tools/utils/streaming_base64
github.com/dlclark/regexp2/syntax
github.com/zeebo/xxh3
log/slog
crypto/internal/boring
crypto/des
vendor/golang.org/x/crypto/chacha20
github.com/kovidgoyal/imaging/apng
github.com/kovidgoyal/imaging/nrgba
github.com/kovidgoyal/imaging/netpbm
crypto/hmac
crypto/sha1
archive/tar
crypto/internal/rand
crypto/sha256
github.com/shirou/gopsutil/v4/internal/common
crypto/rand
crypto/aes
crypto/internal/boring/bbig
crypto/internal/fips140/nistec
crypto/sha512
crypto/ed25519
crypto/rsa
crypto/dsa
vendor/golang.org/x/crypto/chacha20poly1305
github.com/kovidgoyal/kitty/tools/utils/secrets
github.com/klauspost/compress/zstd
github.com/kovidgoyal/imaging/jpeg
github.com/klauspost/compress/zip
github.com/nwaples/rardecode/v2
github.com/klauspost/compress/gzip
golang.org/x/text/internal/catmsg
golang.org/x/text/internal/number
golang.org/x/text/internal
github.com/kovidgoyal/imaging/prism/meta
golang.org/x/text/internal/format
github.com/ulikunitz/xz
golang.org/x/text/message/catalog
github.com/kovidgoyal/imaging/prism/meta/gifmeta
github.com/kovidgoyal/imaging/prism/meta/tiffmeta
github.com/kovidgoyal/imaging/prism/meta/jpegmeta
github.com/kovidgoyal/imaging/prism/meta/webpmeta
github.com/kovidgoyal/imaging/prism/meta/pngmeta
golang.org/x/text/feature/plural
net
github.com/kovidgoyal/imaging/prism/meta/netpbmmeta
github.com/kovidgoyal/imaging/prism/meta/autometa
github.com/dlclark/regexp2
golang.org/x/text/message
github.com/shirou/gopsutil/v4/mem
github.com/kovidgoyal/go-shm
github.com/sgtdi/fswatcher
github.com/tklauser/numcpus
github.com/tklauser/go-sysconf
github.com/kovidgoyal/imaging/magick
github.com/shirou/gopsutil/v4/cpu
github.com/kovidgoyal/imaging
github.com/dlclark/regexp2/v2/helpers
crypto/internal/fips140/ecdh
crypto/elliptic
crypto/internal/fips140/ecdsa
crypto/ecdh
github.com/dlclark/regexp2/v2
crypto/ecdsa
crypto/hpke
github.com/alecthomas/chroma/v2
github.com/alecthomas/chroma/v2/styles
github.com/alecthomas/chroma/v2/lexers
net/textproto
vendor/golang.org/x/net/http/httpproxy
github.com/shirou/gopsutil/v4/net
github.com/google/uuid
crypto/x509
github.com/kovidgoyal/dbus
github.com/seancfoley/ipaddress-go/ipaddr
vendor/golang.org/x/net/http/httpguts
mime/multipart
github.com/shirou/gopsutil/v4/process
crypto/tls
github.com/kovidgoyal/dbus/introspect
github.com/kovidgoyal/dbus/prop
net/http/httptrace
net/http/internal/httpcommon
net/http
github.com/kovidgoyal/kitty/tools/utils
github.com/kovidgoyal/kitty/tools/utils/shlex
github.com/kovidgoyal/kitty/tools/tui/subseq
github.com/kovidgoyal/kitty/tools/utils/machine_id
github.com/kovidgoyal/kitty/tools/highlight
github.com/kovidgoyal/kitty/tools/utils/base85
github.com/kovidgoyal/kitty/tools/fzf
github.com/kovidgoyal/kitty/tools/rsync
github.com/kovidgoyal/kitty/tools/disk_cache
github.com/kovidgoyal/kitty/tools/ignorefiles
github.com/kovidgoyal/kitty/tools/utils/paths
github.com/kovidgoyal/kitty/tools/tty
github.com/kovidgoyal/kitty/tools/wcswidth
github.com/kovidgoyal/kitty/tools/crypto
github.com/kovidgoyal/kitty/tools/tui/shell_integration
github.com/kovidgoyal/kitty/tools/utils/humanize
github.com/kovidgoyal/kitty/tools/utils/style
github.com/kovidgoyal/kitty/tools/cli/markup
github.com/kovidgoyal/kitty/tools/tui/sgr
github.com/kovidgoyal/kitty/tools/tui/loop
github.com/kovidgoyal/kitty/tools/tui/shortcuts
github.com/kovidgoyal/kitty/tools/cmd/mouse_demo
github.com/kovidgoyal/kitty/tools/config
github.com/kovidgoyal/kitty/tools/cli
github.com/kovidgoyal/kitty/tools/themes
github.com/kovidgoyal/kitty/kittens/hyperlinked_grep
github.com/kovidgoyal/kitty/kittens/query_terminal
github.com/kovidgoyal/kitty/kittens/panel
github.com/kovidgoyal/kitty/kittens/notify
github.com/kovidgoyal/kitty/kittens/desktop_ui
github.com/kovidgoyal/kitty/kittens/dnd
github.com/kovidgoyal/kitty/tools/cmd/atexit
github.com/kovidgoyal/kitty/tools/tui/readline
github.com/kovidgoyal/kitty/kittens/show_key
github.com/kovidgoyal/kitty/tools/utils/images
github.com/kovidgoyal/kitty/tools/tui
github.com/kovidgoyal/kitty/tools/watch
github.com/kovidgoyal/kitty/kittens/quick_access_terminal
github.com/kovidgoyal/kitty/kittens/clipboard
github.com/kovidgoyal/kitty/tools/unicode_names
github.com/kovidgoyal/kitty/kittens/themes
github.com/kovidgoyal/kitty/kittens/command_palette
github.com/kovidgoyal/kitty/tools/cmd/run_shell
github.com/kovidgoyal/kitty/tools/tui/graphics
github.com/kovidgoyal/kitty/kittens/ssh
github.com/kovidgoyal/kitty/tools/cmd/show_error
github.com/kovidgoyal/kitty/kittens/hints
github.com/kovidgoyal/kitty/tools/cmd/update_self
github.com/kovidgoyal/kitty/tools/cmd/edit_in_kitty
github.com/kovidgoyal/kitty/kittens/unicode_input
github.com/kovidgoyal/kitty/tools/cmd/at
github.com/kovidgoyal/kitty/tools/cmd/benchmark
github.com/kovidgoyal/kitty/kittens/icat
github.com/kovidgoyal/kitty/kittens/choose_fonts
github.com/kovidgoyal/kitty/kittens/choose_files
github.com/kovidgoyal/kitty/kittens/transfer
github.com/kovidgoyal/kitty/tools/cmd/pytest
github.com/kovidgoyal/kitty/kittens/diff
github.com/kovidgoyal/kitty/kittens/ask
github.com/kovidgoyal/kitty/tools/cmd/tool
github.com/kovidgoyal/kitty/tools/cmd/completion
github.com/kovidgoyal/kitty/tools/cmd
make -C docs man
make -C docs html
make[1]: Entering directory '/build/kitty-git/src/kitty/docs'
sphinx-build -M html "." "_build" -n -q -j auto -T   
make[1]: Entering directory '/build/kitty-git/src/kitty/docs'
sphinx-build -M man "." "_build" -n -q -j auto -T   

Extension error!

Versions
========

* Platform:         linux; (Linux-7.1.6-arch1-1-x86_64-with-glibc2.44)
* Python version:   3.14.6 (CPython)
* Sphinx version:   9.1.0
* Docutils version: 0.23
* Jinja2 version:   3.1.6
* Pygments version: 2.20.0

Last Messages
=============

None.

Loaded Extensions
=================

None.

Traceback
=========

    Traceback (most recent call last):
      File "/usr/lib/python3.14/site-packages/sphinx/registry.py", line 550, in load_extension
        mod = import_module(extname)
      File "/usr/lib/python3.14/importlib/__init__.py", line 88, in import_module
        return _bootstrap._gcd_import(name[level:], package, level)
               ~~~~~~~~~~~~~~~~~~~~~~^^^^^^^^^^^^^^^^^^^^^^^^^^^^^^
      File "<frozen importlib._bootstrap>", line 1406, in _gcd_import
      File "<frozen importlib._bootstrap>", line 1371, in _find_and_load
      File "<frozen importlib._bootstrap>", line 1335, in _find_and_load_unlocked
    ModuleNotFoundError: No module named 'sphinx_design'
    
    The above exception was the direct cause of the following exception:
    
    Traceback (most recent call last):
      File "/usr/lib/python3.14/site-packages/sphinx/cmd/build.py", line 414, in build_main
        app = Sphinx(
            srcdir=args.sourcedir,
        ...<14 lines>...
            exception_on_warning=args.exception_on_warning,
        )
      File "/usr/lib/python3.14/site-packages/sphinx/application.py", line 299, in __init__
        self.setup_extension(extension)
        ~~~~~~~~~~~~~~~~~~~~^^^^^^^^^^^
      File "/usr/lib/python3.14/site-packages/sphinx/application.py", line 505, in setup_extension
        self.registry.load_extension(self, extname)
        ~~~~~~~~~~~~~~~~~~~~~~~~~~~~^^^^^^^^^^^^^^^
      File "/usr/lib/python3.14/site-packages/sphinx/registry.py", line 553, in load_extension
        raise ExtensionError(
            __('Could not import extension %s') % extname, err
        ) from err
    sphinx.errors.ExtensionError: Could not import extension sphinx_design (exception: No module named 'sphinx_design')


The full traceback has been saved in:
/tmp/sphinx-err-zzzl4kq1.log

To report this error to the developers, please open an issue at <https://github.com/sphinx-doc/sphinx/issues/>. Thanks!
Please also report this if it was a user error, so that a better error message can be provided next time.

Extension error!

Versions
========

* Platform:         linux; (Linux-7.1.6-arch1-1-x86_64-with-glibc2.44)
* Python version:   3.14.6 (CPython)
* Sphinx version:   9.1.0
* Docutils version: 0.23
* Jinja2 version:   3.1.6
* Pygments version: 2.20.0

Last Messages
=============

None.

Loaded Extensions
=================

None.

Traceback
=========

    Traceback (most recent call last):
      File "/usr/lib/python3.14/site-packages/sphinx/registry.py", line 550, in load_extension
        mod = import_module(extname)
      File "/usr/lib/python3.14/importlib/__init__.py", line 88, in import_module
        return _bootstrap._gcd_import(name[level:], package, level)
               ~~~~~~~~~~~~~~~~~~~~~~^^^^^^^^^^^^^^^^^^^^^^^^^^^^^^
      File "<frozen importlib._bootstrap>", line 1406, in _gcd_import
      File "<frozen importlib._bootstrap>", line 1371, in _find_and_load
      File "<frozen importlib._bootstrap>", line 1335, in _find_and_load_unlocked
    ModuleNotFoundError: No module named 'sphinx_design'
    
    The above exception was the direct cause of the following exception:
    
    Traceback (most recent call last):
      File "/usr/lib/python3.14/site-packages/sphinx/cmd/build.py", line 414, in build_main
        app = Sphinx(
            srcdir=args.sourcedir,
        ...<14 lines>...
            exception_on_warning=args.exception_on_warning,
        )
      File "/usr/lib/python3.14/site-packages/sphinx/application.py", line 299, in __init__
        self.setup_extension(extension)
        ~~~~~~~~~~~~~~~~~~~~^^^^^^^^^^^
      File "/usr/lib/python3.14/site-packages/sphinx/application.py", line 505, in setup_extension
        self.registry.load_extension(self, extname)
        ~~~~~~~~~~~~~~~~~~~~~~~~~~~~^^^^^^^^^^^^^^^
      File "/usr/lib/python3.14/site-packages/sphinx/registry.py", line 553, in load_extension
        raise ExtensionError(
            __('Could not import extension %s') % extname, err
        ) from err
    sphinx.errors.ExtensionError: Could not import extension sphinx_design (exception: No module named 'sphinx_design')


The full traceback has been saved in:
/tmp/sphinx-err-rmnscg_g.log

To report this error to the developers, please open an issue at <https://github.com/sphinx-doc/sphinx/issues/>. Thanks!
Please also report this if it was a user error, so that a better error message can be provided next time.
make[1]: *** [Makefile:25: html] Error 2
make[1]: Leaving directory '/build/kitty-git/src/kitty/docs'
make: *** [Makefile:48: html] Error 2
make: *** Waiting for unfinished jobs....
make[1]: *** [Makefile:25: man] Error 2
make[1]: Leaving directory '/build/kitty-git/src/kitty/docs'
make: *** [Makefile:45: man] Error 2
make docs
[1m[31m==> ERROR:(B[m[1m A failure occurred in build().(B[m
[1m    Aborting...(B[m
