[1/50] Generating wayland-xdg-shell-client-protocol.h ...
[2/50] Generating wayland-xdg-shell-client-protocol.c ...
[3/50] Generating wayland-viewporter-client-protocol.h ...
[4/50] Generating wayland-viewporter-client-protocol.c ...
[5/50] Generating wayland-relative-pointer-unstable-v1-client-protocol.h ...
[6/50] Generating wayland-relative-pointer-unstable-v1-client-protocol.c ...
[7/50] Generating wayland-pointer-constraints-unstable-v1-client-protocol.h ...
[8/50] Generating wayland-pointer-constraints-unstable-v1-client-protocol.c ...
[9/50] Generating wayland-xdg-decoration-unstable-v1-client-protocol.h ...
[10/50] Generating wayland-xdg-decoration-unstable-v1-client-protocol.c ...
[11/50] Generating wayland-primary-selection-unstable-v1-client-protocol.h ...
[12/50] Generating wayland-primary-selection-unstable-v1-client-protocol.c ...
[13/50] Generating wayland-text-input-unstable-v3-client-protocol.h ...
[14/50] Generating wayland-text-input-unstable-v3-client-protocol.c ...
[15/50] Generating wayland-xdg-activation-v1-client-protocol.h ...
[16/50] Generating wayland-xdg-activation-v1-client-protocol.c ...
[17/50] Generating wayland-tablet-unstable-v2-client-protocol.h ...
[18/50] Generating wayland-tablet-unstable-v2-client-protocol.c ...
[19/50] Generating wayland-cursor-shape-v1-client-protocol.h ...
[20/50] Generating wayland-cursor-shape-v1-client-protocol.c ...
[21/50] Generating wayland-fractional-scale-v1-client-protocol.h ...
[22/50] Generating wayland-fractional-scale-v1-client-protocol.c ...
[23/50] Generating wayland-single-pixel-buffer-v1-client-protocol.h ...
[24/50] Generating wayland-single-pixel-buffer-v1-client-protocol.c ...
[25/50] Generating wayland-idle-inhibit-unstable-v1-client-protocol.h ...
[26/50] Generating wayland-idle-inhibit-unstable-v1-client-protocol.c ...
[27/50] Generating wayland-keyboard-shortcuts-inhibit-unstable-v1-client-protocol.h ...
[28/50] Generating wayland-keyboard-shortcuts-inhibit-unstable-v1-client-protocol.c ...
[29/50] Generating wayland-xdg-toplevel-icon-v1-client-protocol.h ...
[30/50] Generating wayland-xdg-toplevel-icon-v1-client-protocol.c ...
[31/50] Generating wayland-xdg-system-bell-v1-client-protocol.h ...
[32/50] Generating wayland-xdg-system-bell-v1-client-protocol.c ...
[33/50] Generating wayland-xdg-toplevel-tag-v1-client-protocol.h ...
[34/50] Generating wayland-xdg-toplevel-tag-v1-client-protocol.c ...
[35/50] Generating wayland-ext-background-effect-v1-client-protocol.h ...
[36/50] Generating wayland-ext-background-effect-v1-client-protocol.c ...
[37/50] Generating wayland-xdg-toplevel-drag-v1-client-protocol.h ...
[38/50] Generating wayland-xdg-toplevel-drag-v1-client-protocol.c ...
[39/50] Generating wayland-pointer-gestures-unstable-v1-client-protocol.h ...
[40/50] Generating wayland-pointer-gestures-unstable-v1-client-protocol.c ...
[41/50] Generating wayland-xdg-output-unstable-v1-client-protocol.h ...
[42/50] Generating wayland-xdg-output-unstable-v1-client-protocol.c ...
[43/50] Generating wayland-kwin-blur-v1-client-protocol.h ...
[44/50] Generating wayland-kwin-blur-v1-client-protocol.c ...
[45/50] Generating wayland-wlr-layer-shell-unstable-v1-client-protocol.h ...
[46/50] Generating wayland-wlr-layer-shell-unstable-v1-client-protocol.c ...
[47/50] Generating wayland-wlr-virtual-pointer-unstable-v1-client-protocol.h ...
[48/50] Generating wayland-wlr-virtual-pointer-unstable-v1-client-protocol.c ...
[49/50] Generating wayland-virtual-keyboard-unstable-v1-client-protocol.h ...
[50/50] Generating wayland-virtual-keyboard-unstable-v1-client-protocol.c ...
 done
Copying 'Symbols NERD Font Mono' from /usr/share/fonts/TTF/SymbolsNerdFontMono-Regular.ttf
[1/146] Compiling kitty/screen.c ...
[2/146] Compiling kitty/glfw.c ...
[3/146] Compiling kitty/shaders.c ...
[4/146] Compiling [wayland] glfw/wl_window.c ...
[5/146] Compiling [x11] glfw/x11_window.c ...
[6/146] Compiling kitty/dnd.c ...
[7/146] Compiling kitty/fonts.c ...
[8/146] Compiling kitty/graphics.c ...
[9/146] Compiling kitty/decorations.c ...
[10/146] Compiling kitty/child-monitor.c ...
[11/146] Compiling kitty/state.c ...
[12/146] Compiling kitty/mouse.c ...
[13/146] Compiling kitty/vt-parser.c ...
[14/146] Compiling kitty/vt-parser.c ...
[15/146] Compiling kitty/freetype.c ...
[16/146] Compiling kitty/colors.c ...
[17/146] Compiling [x11] glfw/input.c ...
[18/146] Compiling [wayland] glfw/input.c ...
[19/146] Compiling [x11] glfw/xkb_glfw.c ...
[20/146] Compiling [wayland] glfw/xkb_glfw.c ...
[21/146] Compiling [wayland] glfw/wl_client_side_decorations.c ...
[22/146] Compiling kitty/line.c ...
[23/146] Compiling [wayland] glfw/wl_init.c ...
[24/146] Compiling kitty/glfw-wrapper.c ...
[25/146] Compiling kitty/fontconfig.c ...
[26/146] Compiling kitty/data-types.c ...
[27/146] Compiling kitty/disk-cache.c ...
[28/146] Compiling kittens/transfer/algorithm.c ...
[29/146] Compiling [x11] glfw/window.c ...
[30/146] Compiling [wayland] glfw/window.c ...
[31/146] Compiling [x11] glfw/x11_init.c ...
[32/146] Compiling kitty/freetype_render_ui_text.c ...
[33/146] Compiling kitty/history.c ...
[34/146] Compiling kitty/simd-string-512.c ...
[35/146] Compiling kitty/keys.c ...
[36/146] Compiling [x11] glfw/egl_context.c ...
[37/146] Compiling [wayland] glfw/egl_context.c ...
[38/146] Compiling kitty/gl.c ...
[39/146] Compiling kitty/launcher/main.c ...
[40/146] Compiling kitty/line-buf.c ...
[41/146] Compiling kitty/crypto.c ...
[42/146] Compiling [x11] glfw/glx_context.c ...
[43/146] Compiling kitty/font-names.c ...
[44/146] Compiling [x11] glfw/ibus_glfw.c ...
[45/146] Compiling [wayland] glfw/ibus_glfw.c ...
[46/146] Compiling kitty/simd-string.c ...
[47/146] Compiling [x11] glfw/x11_monitor.c ...
[48/146] Compiling [x11] glfw/context.c ...
[49/146] Compiling [wayland] glfw/context.c ...
[50/146] Compiling kitty/resize.c ...
[51/146] Compiling kitty/key_encoding.c ...
[52/146] Compiling [x11] glfw/backend_utils.c ...
[53/146] Compiling [wayland] glfw/backend_utils.c ...
[54/146] Compiling kitty/launcher/single-instance.c ...
[55/146] Compiling [x11] glfw/monitor.c ...
[56/146] Compiling [wayland] glfw/monitor.c ...
[57/146] Compiling kitty/cursor.c ...
[58/146] Compiling [x11] glfw/dbus_glfw.c ...
[59/146] Compiling [wayland] glfw/dbus_glfw.c ...
[60/146] Compiling kitty/charsets.c ...
[61/146] Compiling [wayland] glfw/wl_monitor.c ...
[62/146] Compiling [x11] glfw/init.c ...
[63/146] Compiling [wayland] glfw/init.c ...
[64/146] Compiling [x11] glfw/linux_desktop_settings.c ...
[65/146] Compiling [wayland] glfw/linux_desktop_settings.c ...
[66/146] Compiling [x11] glfw/linux_joystick.c ...
[67/146] Compiling [wayland] glfw/linux_joystick.c ...
[68/146] Compiling kitty/desktop.c ...
[69/146] Compiling kitty/png-reader.c ...
[70/146] Compiling kitty/animation.c ...
[71/146] Compiling [x11] glfw/vulkan.c ...
[72/146] Compiling [wayland] glfw/vulkan.c ...
[73/146] Compiling kitty/loop-utils.c ...
[74/146] Compiling [x11] glfw/osmesa_context.c ...
[75/146] Compiling [wayland] glfw/osmesa_context.c ...
[76/146] Compiling [x11] glfw/linux_notify.c ...
[77/146] Compiling [wayland] glfw/linux_notify.c ...
[78/146] Compiling 3rdparty/ringbuf/ringbuf.c ...
[79/146] Compiling kitty/child.c ...
[80/146] Compiling kitty/systemd.c ...
[81/146] Compiling kitty/shaped-run-cache.c ...
[82/146] Compiling kitty/kittens.c ...
[83/146] Compiling [x11] glfw/momentum-scroll.c ...
[84/146] Compiling [wayland] glfw/momentum-scroll.c ...
[85/146] Compiling [wayland] glfw/wayland-tablet-unstable-v2-client-protocol.c ...
[86/146] Compiling kitty/cursor_trail.c ...
[87/146] Compiling [wayland] glfw/wl_text_input.c ...
[88/146] Compiling 3rdparty/base64/lib/codec_choose.c ...
[89/146] Compiling kitty/text-cache.c ...
[90/146] Compiling kitty/hyperlink.c ...
[91/146] Compiling [wayland] glfw/wayland-xdg-shell-client-protocol.c ...
[92/146] Compiling [wayland] glfw/wl_inject.c ...
[93/146] Compiling kitty/glyph-cache.c ...
[94/146] Compiling kitty/rowcolumn-diacritics.c ...
[95/146] Compiling [wayland] glfw/wayland-pointer-gestures-unstable-v1-client-protocol.c ...
[96/146] Compiling [wayland] glfw/wayland-primary-selection-unstable-v1-client-protocol.c ...
[97/146] Compiling kitty/wcswidth.c ...
[98/146] Compiling kitty/window_logo.c ...
[99/146] Compiling [wayland] glfw/wayland-text-input-unstable-v3-client-protocol.c ...
[100/146] Compiling [wayland] glfw/wayland-pointer-constraints-unstable-v1-client-protocol.c ...
[101/146] Compiling kitty/fast-file-copy.c ...
[102/146] Compiling [wayland] glfw/wayland-wlr-layer-shell-unstable-v1-client-protocol.c ...
[103/146] Compiling [wayland] glfw/wayland-wlr-virtual-pointer-unstable-v1-client-protocol.c ...
[104/146] Compiling 3rdparty/base64/lib/lib.c ...
[105/146] Compiling kitty/shlex.c ...
[106/146] Compiling kitty/launcher/cmdline.c ...
[107/146] Compiling [x11] glfw/posix_thread.c ...
[108/146] Compiling [wayland] glfw/posix_thread.c ...
[109/146] Compiling [wayland] glfw/wayland-xdg-activation-v1-client-protocol.c ...
[110/146] Compiling [wayland] glfw/wayland-xdg-toplevel-icon-v1-client-protocol.c ...
[111/146] Compiling [wayland] glfw/wayland-keyboard-shortcuts-inhibit-unstable-v1-client-protocol.c ...
[112/146] Compiling [wayland] glfw/wayland-ext-background-effect-v1-client-protocol.c ...
[113/146] Compiling [wayland] glfw/wayland-xdg-decoration-unstable-v1-client-protocol.c ...
[114/146] Compiling [wayland] glfw/wayland-virtual-keyboard-unstable-v1-client-protocol.c ...
[115/146] Compiling [wayland] glfw/wayland-xdg-output-unstable-v1-client-protocol.c ...
[116/146] Compiling [wayland] glfw/wayland-relative-pointer-unstable-v1-client-protocol.c ...
[117/146] Compiling [wayland] glfw/wayland-cursor-shape-v1-client-protocol.c ...
[118/146] Compiling [wayland] glfw/wayland-fractional-scale-v1-client-protocol.c ...
[119/146] Compiling [wayland] glfw/wayland-xdg-toplevel-drag-v1-client-protocol.c ...
[120/146] Compiling kitty/logging.c ...
[121/146] Compiling [wayland] glfw/wayland-idle-inhibit-unstable-v1-client-protocol.c ...
[122/146] Compiling [wayland] glfw/wayland-viewporter-client-protocol.c ...
[123/146] Compiling 3rdparty/base64/lib/arch/neon64/codec.c ...
[124/146] Compiling [wayland] glfw/wayland-xdg-toplevel-tag-v1-client-protocol.c ...
[125/146] Compiling [wayland] glfw/wayland-single-pixel-buffer-v1-client-protocol.c ...
[126/146] Compiling 3rdparty/base64/lib/tables/tables.c ...
[127/146] Compiling [wayland] glfw/wayland-xdg-system-bell-v1-client-protocol.c ...
[128/146] Compiling [wayland] glfw/wl_cursors.c ...
[129/146] Compiling 3rdparty/base64/lib/arch/neon32/codec.c ...
[130/146] Compiling [wayland] glfw/wayland-kwin-blur-v1-client-protocol.c ...
[131/146] Compiling kitty/char-props.c ...
[132/146] Compiling 3rdparty/base64/lib/arch/avx/codec.c ...
[133/146] Compiling 3rdparty/base64/lib/arch/ssse3/codec.c ...
[134/146] Compiling 3rdparty/base64/lib/arch/sse42/codec.c ...
[135/146] Compiling 3rdparty/base64/lib/arch/sse41/codec.c ...
[136/146] Compiling 3rdparty/base64/lib/arch/avx2/codec.c ...
[137/146] Compiling kitty/utmp.c ...
[138/146] Compiling 3rdparty/base64/lib/arch/avx512/codec.c ...
[139/146] Compiling 3rdparty/base64/lib/arch/generic/codec.c ...
[140/146] Compiling kitty/cleanup.c ...
[141/146] Compiling [x11] glfw/monotonic.c ...
[142/146] Compiling [wayland] glfw/monotonic.c ...
[143/146] Compiling kitty/monotonic.c ...
[144/146] Compiling kitty/simd-string-128.c ...
[145/146] Compiling kitty/simd-string-256.c ...
[146/146] Compiling kitty/gl-wrapper.c ...
 done
[1/5] Linking kitty/fast_data_types ...
[2/5] Linking [x11] kitty/glfw-x11 ...
[3/5] Linking [wayland] kitty/glfw-wayland ...
[4/5] Linking kittens/transfer/rsync ...
[5/5] Linking launcher ...
 done
The shader slang compiler (slangc) not in PATH: /usr/local/sbin:/usr/local/bin:/usr/bin:/usr/bin/site_perl:/usr/bin/vendor_perl:/usr/bin/core_perl
Generating shaders failed with exit code: 1
[1m[31m==> ERROR:(B[m[1m A failure occurred in build().(B[m
[1m    Aborting...(B[m
