[1/46] Generating wayland-xdg-shell-client-protocol.h ...
[2/46] Generating wayland-xdg-shell-client-protocol.c ...
[3/46] Generating wayland-viewporter-client-protocol.h ...
[4/46] Generating wayland-viewporter-client-protocol.c ...
[5/46] Generating wayland-relative-pointer-unstable-v1-client-protocol.h ...
[6/46] Generating wayland-relative-pointer-unstable-v1-client-protocol.c ...
[7/46] Generating wayland-pointer-constraints-unstable-v1-client-protocol.h ...
[8/46] Generating wayland-pointer-constraints-unstable-v1-client-protocol.c ...
[9/46] Generating wayland-xdg-decoration-unstable-v1-client-protocol.h ...
[10/46] Generating wayland-xdg-decoration-unstable-v1-client-protocol.c ...
[11/46] Generating wayland-primary-selection-unstable-v1-client-protocol.h ...
[12/46] Generating wayland-primary-selection-unstable-v1-client-protocol.c ...
[13/46] Generating wayland-text-input-unstable-v3-client-protocol.h ...
[14/46] Generating wayland-text-input-unstable-v3-client-protocol.c ...
[15/46] Generating wayland-xdg-activation-v1-client-protocol.h ...
[16/46] Generating wayland-xdg-activation-v1-client-protocol.c ...
[17/46] Generating wayland-tablet-unstable-v2-client-protocol.h ...
[18/46] Generating wayland-tablet-unstable-v2-client-protocol.c ...
[19/46] Generating wayland-cursor-shape-v1-client-protocol.h ...
[20/46] Generating wayland-cursor-shape-v1-client-protocol.c ...
[21/46] Generating wayland-fractional-scale-v1-client-protocol.h ...
[22/46] Generating wayland-fractional-scale-v1-client-protocol.c ...
[23/46] Generating wayland-single-pixel-buffer-v1-client-protocol.h ...
[24/46] Generating wayland-single-pixel-buffer-v1-client-protocol.c ...
[25/46] Generating wayland-idle-inhibit-unstable-v1-client-protocol.h ...
[26/46] Generating wayland-idle-inhibit-unstable-v1-client-protocol.c ...
[27/46] Generating wayland-keyboard-shortcuts-inhibit-unstable-v1-client-protocol.h ...
[28/46] Generating wayland-keyboard-shortcuts-inhibit-unstable-v1-client-protocol.c ...
[29/46] Generating wayland-xdg-toplevel-icon-v1-client-protocol.h ...
[30/46] Generating wayland-xdg-toplevel-icon-v1-client-protocol.c ...
[31/46] Generating wayland-xdg-system-bell-v1-client-protocol.h ...
[32/46] Generating wayland-xdg-system-bell-v1-client-protocol.c ...
[33/46] Generating wayland-xdg-toplevel-tag-v1-client-protocol.h ...
[34/46] Generating wayland-xdg-toplevel-tag-v1-client-protocol.c ...
[35/46] Generating wayland-ext-background-effect-v1-client-protocol.h ...
[36/46] Generating wayland-ext-background-effect-v1-client-protocol.c ...
[37/46] Generating wayland-xdg-toplevel-drag-v1-client-protocol.h ...
[38/46] Generating wayland-xdg-toplevel-drag-v1-client-protocol.c ...
[39/46] Generating wayland-pointer-gestures-unstable-v1-client-protocol.h ...
[40/46] Generating wayland-pointer-gestures-unstable-v1-client-protocol.c ...
[41/46] Generating wayland-xdg-output-unstable-v1-client-protocol.h ...
[42/46] Generating wayland-xdg-output-unstable-v1-client-protocol.c ...
[43/46] Generating wayland-kwin-blur-v1-client-protocol.h ...
[44/46] Generating wayland-kwin-blur-v1-client-protocol.c ...
[45/46] Generating wayland-wlr-layer-shell-unstable-v1-client-protocol.h ...
[46/46] Generating wayland-wlr-layer-shell-unstable-v1-client-protocol.c ...
 done
Copying 'Symbols NERD Font Mono' from /usr/share/fonts/TTF/SymbolsNerdFontMono-Regular.ttf
[1/141] Compiling kitty/screen.c ...
[2/141] Compiling kitty/glfw.c ...
[3/141] Compiling [wayland] glfw/wl_window.c ...
[4/141] Compiling [x11] glfw/x11_window.c ...
[5/141] Compiling kitty/shaders.c ...
[6/141] Compiling kitty/dnd.c ...
[7/141] Compiling kitty/fonts.c ...
[8/141] Compiling kitty/graphics.c ...
[9/141] Compiling kitty/decorations.c ...
[10/141] Compiling kitty/child-monitor.c ...
[11/141] Compiling kitty/state.c ...
[12/141] Compiling kitty/mouse.c ...
[13/141] Compiling kitty/vt-parser.c ...
[14/141] Compiling kitty/vt-parser.c ...
[15/141] Compiling kitty/freetype.c ...
[16/141] Compiling kitty/colors.c ...
[17/141] Compiling [x11] glfw/input.c ...
[18/141] Compiling [wayland] glfw/input.c ...
[19/141] Compiling [wayland] glfw/wl_client_side_decorations.c ...
[20/141] Compiling [x11] glfw/xkb_glfw.c ...
[21/141] Compiling [wayland] glfw/xkb_glfw.c ...
[22/141] Compiling kitty/line.c ...
[23/141] Compiling [wayland] glfw/wl_init.c ...
[24/141] Compiling kitty/glfw-wrapper.c ...
In file included from glfw/internal.h:202,
                 from glfw/input.c:30:
glfw/x11_platform.h:52:10: fatal error: X11/extensions/XInput2.h: No such file or directory
   52 | #include <X11/extensions/XInput2.h>
      |          ^~~~~~~~~~~~~~~~~~~~~~~~~~
compilation terminated.
 done
Compiling [x11] glfw/input.c ...
gcc -MMD -DNDEBUG -D_GLFW_X11 -D_GLFW_BUILD_DLL -Wextra -Wfloat-conversion -Wno-missing-field-initializers -Wall -Wstrict-prototypes -std=c11 -pedantic-errors -Werror -O3 -fwrapv -fstack-protector-strong -pipe -fvisibility=hidden -fno-plt -fPIC -march=x86-64 -mtune=generic -O2 -pipe -fno-plt -fexceptions -Wp,-D_FORTIFY_SOURCE=3 -Wformat -Werror=format-security -fstack-clash-protection -fcf-protection -fno-omit-frame-pointer -mno-omit-leaf-frame-pointer -g -ffile-prefix-map=/build/kitty-git/src=/usr/src/debug/kitty-git -flto=auto -flto -fcf-protection=full -Wno-packed-bitfield-compat -fPIC -pthread -I/usr/include/dbus-1.0 -I/usr/lib/dbus-1.0/include -c glfw/input.c -o build/glfw-x11-glfw-input.c.o
[1m[31m==> ERROR:(B[m[1m A failure occurred in build().(B[m
[1m    Aborting...(B[m
