Traceback (most recent call last):
  File "/build/kitty-git/src/kitty/__main__.py", line 8, in <module>
    main()
    ~~~~^^
  File "/build/kitty-git/src/kitty/kitty/entry_points.py", line 157, in main
    func(sys.argv[1:])
    ~~~~^^^^^^^^^^^^^^
  File "/build/kitty-git/src/kitty/kitty/entry_points.py", line 110, in namespaced
    func(args[1:])
    ~~~~^^^^^^^^^^
  File "/build/kitty-git/src/kitty/kitty/entry_points.py", line 46, in complete
    os.execvp(kitten_exe(), args)
              ~~~~~~~~~~^^
  File "/build/kitty-git/src/kitty/kitty/types.py", line 187, in __call__
    self._cached_result = self.__wrapped__()
                          ~~~~~~~~~~~~~~~~^^
  File "/build/kitty-git/src/kitty/kitty/constants.py", line 103, in kitten_exe
    return os.path.join(os.path.dirname(kitty_exe()), 'kitten')
                                        ~~~~~~~~~^^
  File "/build/kitty-git/src/kitty/kitty/types.py", line 187, in __call__
    self._cached_result = self.__wrapped__()
                          ~~~~~~~~~~~~~~~~^^
  File "/build/kitty-git/src/kitty/kitty/constants.py", line 97, in kitty_exe
    raise RuntimeError('kitty binary not found')
RuntimeError: kitty binary not found
Traceback (most recent call last):
  File "/build/kitty-git/src/kitty/__main__.py", line 8, in <module>
    main()
    ~~~~^^
  File "/build/kitty-git/src/kitty/kitty/entry_points.py", line 157, in main
    func(sys.argv[1:])
    ~~~~^^^^^^^^^^^^^^
  File "/build/kitty-git/src/kitty/kitty/entry_points.py", line 110, in namespaced
    func(args[1:])
    ~~~~^^^^^^^^^^
  File "/build/kitty-git/src/kitty/kitty/entry_points.py", line 46, in complete
    os.execvp(kitten_exe(), args)
              ~~~~~~~~~~^^
  File "/build/kitty-git/src/kitty/kitty/types.py", line 187, in __call__
    self._cached_result = self.__wrapped__()
                          ~~~~~~~~~~~~~~~~^^
  File "/build/kitty-git/src/kitty/kitty/constants.py", line 103, in kitten_exe
    return os.path.join(os.path.dirname(kitty_exe()), 'kitten')
                                        ~~~~~~~~~^^
  File "/build/kitty-git/src/kitty/kitty/types.py", line 187, in __call__
    self._cached_result = self.__wrapped__()
                          ~~~~~~~~~~~~~~~~^^
  File "/build/kitty-git/src/kitty/kitty/constants.py", line 97, in kitty_exe
    raise RuntimeError('kitty binary not found')
RuntimeError: kitty binary not found
Traceback (most recent call last):
  File "/build/kitty-git/src/kitty/__main__.py", line 8, in <module>
    main()
    ~~~~^^
  File "/build/kitty-git/src/kitty/kitty/entry_points.py", line 157, in main
    func(sys.argv[1:])
    ~~~~^^^^^^^^^^^^^^
  File "/build/kitty-git/src/kitty/kitty/entry_points.py", line 110, in namespaced
    func(args[1:])
    ~~~~^^^^^^^^^^
  File "/build/kitty-git/src/kitty/kitty/entry_points.py", line 46, in complete
    os.execvp(kitten_exe(), args)
              ~~~~~~~~~~^^
  File "/build/kitty-git/src/kitty/kitty/types.py", line 187, in __call__
    self._cached_result = self.__wrapped__()
                          ~~~~~~~~~~~~~~~~^^
  File "/build/kitty-git/src/kitty/kitty/constants.py", line 103, in kitten_exe
    return os.path.join(os.path.dirname(kitty_exe()), 'kitten')
                                        ~~~~~~~~~^^
  File "/build/kitty-git/src/kitty/kitty/types.py", line 187, in __call__
    self._cached_result = self.__wrapped__()
                          ~~~~~~~~~~~~~~~~^^
  File "/build/kitty-git/src/kitty/kitty/constants.py", line 97, in kitty_exe
    raise RuntimeError('kitty binary not found')
RuntimeError: kitty binary not found
