The no-dev option is deprecated.  Use -Wno-author instead.
-- The C compiler identification is GNU 16.1.1
-- The CXX compiler identification is GNU 16.1.1
-- Detecting C compiler ABI info
-- Detecting C compiler ABI info - done
-- Check for working C compiler: /usr/bin/cc - skipped
-- Detecting C compile features
-- Detecting C compile features - done
-- Detecting CXX compiler ABI info
-- Detecting CXX compiler ABI info - done
-- Check for working CXX compiler: /usr/bin/c++ - skipped
-- Detecting CXX compile features
-- Detecting CXX compile features - done
-- Could NOT find boost_system (missing: boost_system_DIR)
-- Found CURL: /usr/lib/libcurl.so (found suitable version "8.21.0", minimum required is "7.55.0")
-- Found PkgConfig: /usr/bin/pkg-config (found version "2.5.1")
-- Checking for module 'jsoncpp'
--   Found jsoncpp, version 1.9.6
-- Checking for module 'tinyxml2'
--   Found tinyxml2, version 11.0.0
-- Performing Test CMAKE_HAVE_LIBC_PTHREAD
-- Performing Test CMAKE_HAVE_LIBC_PTHREAD - Success
-- Found Threads: TRUE
-- Found ZLIB: /usr/lib/libz.so (found version "1.3.2")
-- Checking for module 'tidy'
--   Found tidy, version 5.7.45
-- Configuring done (1.1s)
-- Generating done (0.0s)
-- Build files have been written to: /build/lgogdownloader/src/build
[ 25%] Building CXX object CMakeFiles/lgogdownloader.dir/src/blacklist.cpp.o
[ 25%] Building CXX object CMakeFiles/lgogdownloader.dir/main.cpp.o
[ 25%] Building CXX object CMakeFiles/lgogdownloader.dir/src/progressbar.cpp.o
[ 33%] Building CXX object CMakeFiles/lgogdownloader.dir/src/gamedetails.cpp.o
[ 41%] Building CXX object CMakeFiles/lgogdownloader.dir/src/galaxyapi.cpp.o
[ 75%] Building CXX object CMakeFiles/lgogdownloader.dir/src/downloader.cpp.o
[ 75%] Building CXX object CMakeFiles/lgogdownloader.dir/src/ziputil.cpp.o
[ 75%] Building CXX object CMakeFiles/lgogdownloader.dir/src/util.cpp.o
[ 75%] Building CXX object CMakeFiles/lgogdownloader.dir/src/website.cpp.o
[ 83%] Building CXX object CMakeFiles/lgogdownloader.dir/src/gamefile.cpp.o
In file included from /build/lgogdownloader/src/lgogdownloader-3.18/src/ziputil.cpp:7:
/build/lgogdownloader/src/lgogdownloader-3.18/include/ziputil.h:25:1: warning: anonymous non-C-compatible type given name for linkage purposes by ‘typedef’ declaration [-Wnon-c-typedef-for-linkage]
   25 | {
      | ^
      | zipEOCD
/build/lgogdownloader/src/lgogdownloader-3.18/include/ziputil.h:26:14: note: type is not C-compatible because ‘zipEOCD::header’ has default member initializer
   26 |     uint32_t header = 0;
      |              ^~~~~~
/build/lgogdownloader/src/lgogdownloader-3.18/include/ziputil.h:39:1: warning: anonymous non-C-compatible type given name for linkage purposes by ‘typedef’ declaration [-Wnon-c-typedef-for-linkage]
   39 | {
      | ^
      | zip64EOCD
/build/lgogdownloader/src/lgogdownloader-3.18/include/ziputil.h:40:14: note: type is not C-compatible because ‘zip64EOCD::header’ has default member initializer
   40 |     uint32_t header = 0;
      |              ^~~~~~
/build/lgogdownloader/src/lgogdownloader-3.18/include/ziputil.h:55:1: warning: anonymous non-C-compatible type given name for linkage purposes by ‘typedef’ declaration [-Wnon-c-typedef-for-linkage]
   55 | {
      | ^
      | zipCDEntry
/build/lgogdownloader/src/lgogdownloader-3.18/include/ziputil.h:56:14: note: type is not C-compatible because ‘zipCDEntry::header’ has default member initializer
   56 |     uint32_t header = 0;
      |              ^~~~~~
/build/lgogdownloader/src/lgogdownloader-3.18/src/ziputil.cpp: In function ‘zipCDEntry ZipUtil::readZipCDEntry(std::istream*)’:
/build/lgogdownloader/src/lgogdownloader-3.18/src/ziputil.cpp:439:26: warning: variable ‘uid’ set but not used [-Wunused-but-set-variable=]
  439 |                 uint64_t uid = 0;
      |                          ^~~
/build/lgogdownloader/src/lgogdownloader-3.18/src/ziputil.cpp:440:26: warning: variable ‘gid’ set but not used [-Wunused-but-set-variable=]
  440 |                 uint64_t gid = 0;
      |                          ^~~
In file included from /build/lgogdownloader/src/lgogdownloader-3.18/main.cpp:7:
/build/lgogdownloader/src/lgogdownloader-3.18/include/downloader.h:70:1: warning: anonymous non-C-compatible type given name for linkage purposes by ‘typedef’ declaration [-Wnon-c-typedef-for-linkage]
   70 | {
      | ^
      | zipFileEntry
/build/lgogdownloader/src/lgogdownloader-3.18/include/downloader.h:84:10: note: type is not C-compatible because ‘zipFileEntry::isSplitFile’ has default member initializer
   84 |     bool isSplitFile = false;
      |          ^~~~~~~~~~~
In file included from /build/lgogdownloader/src/lgogdownloader-3.18/src/galaxyapi.cpp:9:
/build/lgogdownloader/src/lgogdownloader-3.18/include/ziputil.h:25:1: warning: anonymous non-C-compatible type given name for linkage purposes by ‘typedef’ declaration [-Wnon-c-typedef-for-linkage]
   25 | {
      | ^
      | zipEOCD
/build/lgogdownloader/src/lgogdownloader-3.18/include/ziputil.h:26:14: note: type is not C-compatible because ‘zipEOCD::header’ has default member initializer
   26 |     uint32_t header = 0;
      |              ^~~~~~
/build/lgogdownloader/src/lgogdownloader-3.18/include/ziputil.h:39:1: warning: anonymous non-C-compatible type given name for linkage purposes by ‘typedef’ declaration [-Wnon-c-typedef-for-linkage]
   39 | {
      | ^
      | zip64EOCD
/build/lgogdownloader/src/lgogdownloader-3.18/include/ziputil.h:40:14: note: type is not C-compatible because ‘zip64EOCD::header’ has default member initializer
   40 |     uint32_t header = 0;
      |              ^~~~~~
/build/lgogdownloader/src/lgogdownloader-3.18/include/ziputil.h:55:1: warning: anonymous non-C-compatible type given name for linkage purposes by ‘typedef’ declaration [-Wnon-c-typedef-for-linkage]
   55 | {
      | ^
      | zipCDEntry
/build/lgogdownloader/src/lgogdownloader-3.18/include/ziputil.h:56:14: note: type is not C-compatible because ‘zipCDEntry::header’ has default member initializer
   56 |     uint32_t header = 0;
      |              ^~~~~~
In file included from /build/lgogdownloader/src/lgogdownloader-3.18/src/downloader.cpp:7:
/build/lgogdownloader/src/lgogdownloader-3.18/include/downloader.h:70:1: warning: anonymous non-C-compatible type given name for linkage purposes by ‘typedef’ declaration [-Wnon-c-typedef-for-linkage]
   70 | {
      | ^
      | zipFileEntry
/build/lgogdownloader/src/lgogdownloader-3.18/include/downloader.h:84:10: note: type is not C-compatible because ‘zipFileEntry::isSplitFile’ has default member initializer
   84 |     bool isSplitFile = false;
      |          ^~~~~~~~~~~
In file included from /build/lgogdownloader/src/lgogdownloader-3.18/src/downloader.cpp:12:
/build/lgogdownloader/src/lgogdownloader-3.18/include/ziputil.h:25:1: warning: anonymous non-C-compatible type given name for linkage purposes by ‘typedef’ declaration [-Wnon-c-typedef-for-linkage]
   25 | {
      | ^
      | zipEOCD
/build/lgogdownloader/src/lgogdownloader-3.18/include/ziputil.h:26:14: note: type is not C-compatible because ‘zipEOCD::header’ has default member initializer
   26 |     uint32_t header = 0;
      |              ^~~~~~
/build/lgogdownloader/src/lgogdownloader-3.18/include/ziputil.h:39:1: warning: anonymous non-C-compatible type given name for linkage purposes by ‘typedef’ declaration [-Wnon-c-typedef-for-linkage]
   39 | {
      | ^
      | zip64EOCD
/build/lgogdownloader/src/lgogdownloader-3.18/include/ziputil.h:40:14: note: type is not C-compatible because ‘zip64EOCD::header’ has default member initializer
   40 |     uint32_t header = 0;
      |              ^~~~~~
/build/lgogdownloader/src/lgogdownloader-3.18/include/ziputil.h:55:1: warning: anonymous non-C-compatible type given name for linkage purposes by ‘typedef’ declaration [-Wnon-c-typedef-for-linkage]
   55 | {
      | ^
      | zipCDEntry
/build/lgogdownloader/src/lgogdownloader-3.18/include/ziputil.h:56:14: note: type is not C-compatible because ‘zipCDEntry::header’ has default member initializer
   56 |     uint32_t header = 0;
      |              ^~~~~~
[ 91%] Linking CXX executable lgogdownloader
[ 91%] Built target lgogdownloader
[100%] Building man page
[100%] Built target manpage
