-- The C compiler identification is GNU 16.1.1
-- The CXX compiler identification is GNU 16.1.1
-- Detecting C compiler ABI info
-- Detecting C compiler ABI info - done
-- Check for working C compiler: /usr/bin/cc - skipped
-- Detecting C compile features
-- Detecting C compile features - done
-- Detecting CXX compiler ABI info
-- Detecting CXX compiler ABI info - done
-- Check for working CXX compiler: /usr/bin/c++ - skipped
-- Detecting CXX compile features
-- Detecting CXX compile features - done
-- Could NOT find boost_system (missing: boost_system_DIR)
-- Found CURL: /usr/lib/libcurl.so (found suitable version "8.21.0", minimum required is "7.55.0")
-- Found PkgConfig: /usr/bin/pkg-config (found version "2.5.1")
-- Checking for module 'jsoncpp'
--   Found jsoncpp, version 1.9.6
-- Checking for module 'tinyxml2'
--   Found tinyxml2, version 11.0.0
-- Performing Test CMAKE_HAVE_LIBC_PTHREAD
-- Performing Test CMAKE_HAVE_LIBC_PTHREAD - Success
-- Found Threads: TRUE
-- Found ZLIB: /usr/lib/libz.so (found version "1.3.2")
-- Checking for module 'tidy'
--   Found tidy, version 5.7.45
-- Performing Test HAVE_STDATOMIC
-- Performing Test HAVE_STDATOMIC - Success
-- Found WrapAtomic: TRUE
-- Found OpenGL: /usr/lib/libOpenGL.so
-- Found WrapOpenGL: TRUE
-- Could NOT find WrapVulkanHeaders (missing: Vulkan_INCLUDE_DIR) 
-- Could NOT find WrapVulkanHeaders (missing: Vulkan_INCLUDE_DIR) 
-- Found Cups: /usr/lib/libcups.so (found version "2.4.19")
-- Found Git: /usr/bin/git (found version "2.54.0")
-- Configuring done (1.9s)
-- Generating done (0.0s)
-- Build files have been written to: /build/lgogdownloader-qt-git/src/build
[  0%] Built target lgogdownloader_autogen_timestamp_deps
[  6%] Automatic MOC and UIC for target lgogdownloader
[  6%] Built target lgogdownloader_autogen
[ 12%] Building CXX object CMakeFiles/lgogdownloader.dir/lgogdownloader_autogen/mocs_compilation.cpp.o
[ 18%] Building CXX object CMakeFiles/lgogdownloader.dir/src/downloader.cpp.o
[ 25%] Building CXX object CMakeFiles/lgogdownloader.dir/src/progressbar.cpp.o
[ 37%] Building CXX object CMakeFiles/lgogdownloader.dir/src/blacklist.cpp.o
[ 37%] Building CXX object CMakeFiles/lgogdownloader.dir/src/gamefile.cpp.o
[ 43%] Building CXX object CMakeFiles/lgogdownloader.dir/src/gamedetails.cpp.o
[ 56%] Building CXX object CMakeFiles/lgogdownloader.dir/src/ziputil.cpp.o
[ 56%] Building CXX object CMakeFiles/lgogdownloader.dir/src/website.cpp.o
[ 75%] Building CXX object CMakeFiles/lgogdownloader.dir/src/galaxyapi.cpp.o
[ 81%] Building CXX object CMakeFiles/lgogdownloader.dir/main.cpp.o
[ 75%] Building CXX object CMakeFiles/lgogdownloader.dir/src/util.cpp.o
[ 81%] Building CXX object CMakeFiles/lgogdownloader.dir/src/gui_login.cpp.o
/build/lgogdownloader-qt-git/src/lgogdownloader/main.cpp: In function ‘void sigint_handler(int)’:
/build/lgogdownloader-qt-git/src/lgogdownloader/main.cpp:46:14: warning: ignoring return value of ‘ssize_t write(int, const void*, size_t)’ declared with attribute ‘warn_unused_result’ [-Wunused-result]
   46 |         write(STDOUT_FILENO, clear_progress_bar, 8); // It's important to use write here and not higher level functions (like buffered I/O) which are not signal handler safe.
      |         ~~~~~^~~~~~~~~~~~~~~~~~~~~~~~~~~~~~~~~~~~~~
[ 87%] Linking CXX executable lgogdownloader
[ 93%] Built target lgogdownloader
[100%] Building man page
[100%] Built target manpage
