The no-dev option is deprecated.  Use -Wno-author instead.
-- The C compiler identification is GNU 16.2.1
-- The CXX compiler identification is GNU 16.2.1
-- Detecting C compiler ABI info
-- Detecting C compiler ABI info - done
-- Check for working C compiler: /usr/bin/cc - skipped
-- Detecting C compile features
-- Detecting C compile features - done
-- Detecting CXX compiler ABI info
-- Detecting CXX compiler ABI info - done
-- Check for working CXX compiler: /usr/bin/c++ - skipped
-- Detecting CXX compile features
-- Detecting CXX compile features - done
-- Found CURL: /usr/lib/libcurl.so (found suitable version "8.22.0", minimum required is "7.55.0")
-- Found PkgConfig: /usr/bin/pkg-config (found version "3.0.7")
-- Checking for module 'jsoncpp'
--   Found jsoncpp, version 1.9.8
-- Checking for module 'tinyxml2'
--   Found tinyxml2, version 11.0.0
-- Performing Test CMAKE_HAVE_LIBC_PTHREAD
-- Performing Test CMAKE_HAVE_LIBC_PTHREAD - Success
-- Found Threads: TRUE
-- Found ZLIB: /usr/lib/libz.so (found version "1.3.2")
-- Checking for module 'tidy'
--   Found tidy, version 5.7.45
-- Configuring done (1.4s)
-- Generating done (0.0s)
CMake Warning (unused-cli):
  Manually-specified variables were not used by the project:

    USE_QT_GUI


-- Build files have been written to: /build/lgogdownloader-qt/src/build
[  8%] Building CXX object CMakeFiles/lgogdownloader.dir/src/website.cpp.o
[ 25%] Building CXX object CMakeFiles/lgogdownloader.dir/main.cpp.o
[ 25%] Building CXX object CMakeFiles/lgogdownloader.dir/src/progressbar.cpp.o
[ 41%] Building CXX object CMakeFiles/lgogdownloader.dir/src/gamedetails.cpp.o
[ 50%] Building CXX object CMakeFiles/lgogdownloader.dir/src/galaxyapi.cpp.o
[ 50%] Building CXX object CMakeFiles/lgogdownloader.dir/src/blacklist.cpp.o
[ 66%] Building CXX object CMakeFiles/lgogdownloader.dir/src/gamefile.cpp.o
[ 66%] Building CXX object CMakeFiles/lgogdownloader.dir/src/downloader.cpp.o
[ 83%] Building CXX object CMakeFiles/lgogdownloader.dir/src/ziputil.cpp.o
[ 83%] Building CXX object CMakeFiles/lgogdownloader.dir/src/util.cpp.o
/build/lgogdownloader-qt/src/lgogdownloader-3.19/main.cpp: In function ‘void sigint_handler(int)’:
/build/lgogdownloader-qt/src/lgogdownloader-3.19/main.cpp:46:14: warning: ignoring return value of ‘ssize_t write(int, const void*, size_t)’ declared with attribute ‘warn_unused_result’ [-Wunused-result]
   46 |         write(STDOUT_FILENO, clear_progress_bar, 8); // It's important to use write here and not higher level functions (like buffered I/O) which are not signal handler safe.
      |         ~~~~~^~~~~~~~~~~~~~~~~~~~~~~~~~~~~~~~~~~~~~
[ 91%] Linking CXX executable lgogdownloader
[ 91%] Built target lgogdownloader
[100%] Building man page
[100%] Built target manpage
