Date: 2026-06-14 UTC
[14:42:27.222] weston 15.0.1
               https://wayland.freedesktop.org
               Bug reports to: https://gitlab.freedesktop.org/wayland/weston/issues/
               Build: 15.0.1
[14:42:27.222] Command line: weston --backend=headless-backend.so --socket=wayland-5 --idle-time=0
[14:42:27.222] OS: Linux, 7.0.11-arch1-1, #1 SMP PREEMPT_DYNAMIC Tue, 02 Jun 2026 18:26:58 +0000, x86_64
[14:42:27.222] Flight recorder: enabled, scopes subscribed: log
[14:42:27.222] Starting with no config file.
[14:42:27.222] Output repaint window is 7 ms maximum.
[14:42:27.222] Loading module '/usr/lib/libweston-15/headless-backend.so'
[14:42:27.226] Registered plugin API 'weston_windowed_output_api_headless_v2' of size 16
[14:42:27.226] Color manager: no-op
                 protocol support: no
[14:42:27.226] Color representation not supported by renderer
[14:42:27.226] Output 'headless' attempts EOTF mode SDR and colorimetry mode default.
[14:42:27.226] Output 'headless' using color profile: stock sRGB color profile
[14:42:27.226] Output 'headless' enabled with head(s) headless
[14:42:27.226] Compositor capabilities:
               arbitrary surface rotation: no
               screen capture uses y-flip: no
               cursor planes: no
               arbitrary resolutions: no
               view mask clipping: no
               explicit sync: no
               color operations: no
               color representation: no
               presentation clock: CLOCK_MONOTONIC_RAW, id 4
               presentation clock resolution: 0.000000001 s
[14:42:27.226] Loading module '/usr/lib/weston/desktop-shell.so'
[14:42:27.226] launching '/usr/lib/weston/weston-keyboard'
[14:42:27.227] launching '/usr/lib/weston/weston-desktop-shell'
could not load cursor 'dnd-move'
could not load cursor 'dnd-move'
could not load cursor 'dnd-copy'
could not load cursor 'dnd-none'
could not load cursor 'dnd-copy'
could not load cursor 'dnd-none'
ninja: Entering directory `/build/libadwaita-git/src/build'
ninja: no work to do.
 1/70 demo - libadwaita:Validate appstream file OK              0.14s
 2/70 libadwaita:test-accent-color              OK              0.13s   4 subtests passed
 3/70 libadwaita:test-action-row                OK              0.14s   6 subtests passed
 4/70 libadwaita:test-animation                 OK              0.14s   1 subtests passed
 5/70 libadwaita:test-animation-target          OK              0.16s   3 subtests passed
 6/70 libadwaita:test-alert-dialog              OK              0.16s   14 subtests passed
 7/70 libadwaita:test-avatar                    OK              0.17s   3 subtests passed
 8/70 libadwaita:test-application-window        OK              0.17s   1 subtests passed
 9/70 libadwaita:test-bin                       OK              0.17s   1 subtests passed
10/70 libadwaita:test-banner                    OK              0.18s   4 subtests passed
11/70 libadwaita:test-about-dialog              OK              0.23s   2 subtests passed
12/70 libadwaita:test-breakpoint                OK              0.18s   2 subtests passed
13/70 libadwaita:test-breakpoint-bin            OK              0.18s   1 subtests passed
14/70 libadwaita:test-about-window              OK              0.25s   2 subtests passed
15/70 libadwaita:test-bottom-sheet              OK              0.21s   11 subtests passed
16/70 libadwaita:test-button-row                OK              0.19s   2 subtests passed
17/70 libadwaita:test-carousel                  OK              0.18s   7 subtests passed
18/70 libadwaita:test-carousel-indicator-dots   OK              0.20s   1 subtests passed
19/70 libadwaita:test-carousel-indicator-lines  OK              0.20s   1 subtests passed
20/70 libadwaita:test-dialog                    OK              0.18s   5 subtests passed
21/70 libadwaita:test-combo-row                 OK              0.22s   3 subtests passed
22/70 libadwaita:test-css-class-binding         OK              0.21s   16 subtests passed
23/70 libadwaita:test-easing                    OK              0.19s   35 subtests passed
24/70 libadwaita:test-entry-row                 OK              0.18s   2 subtests passed
25/70 libadwaita:test-expander-row              OK              0.20s   7 subtests passed
26/70 libadwaita:test-header-bar                OK              0.18s   6 subtests passed
27/70 libadwaita:test-inline-view-switcher      OK              0.18s   4 subtests passed
28/70 libadwaita:test-flap                      OK              0.21s   13 subtests passed
29/70 libadwaita:test-message-dialog            OK              0.18s   15 subtests passed
30/70 libadwaita:test-leaflet                   OK              0.20s   5 subtests passed
31/70 libadwaita:test-navigation-split-view     OK              0.18s   11 subtests passed
32/70 libadwaita:test-button-content            OK              0.34s   5 subtests passed
33/70 libadwaita:test-multi-layout-view         OK              0.20s   4 subtests passed
34/70 libadwaita:test-navigation-view           OK              0.20s   14 subtests passed
35/70 libadwaita:test-password-entry-row        OK              0.19s   1 subtests passed
36/70 libadwaita:test-overlay-split-view        OK              0.19s   12 subtests passed
37/70 libadwaita:test-preferences-dialog        OK              0.20s   2 subtests passed
38/70 libadwaita:test-preferences-group         OK              0.20s   4 subtests passed
39/70 libadwaita:test-preferences-row           OK              0.19s   2 subtests passed
40/70 libadwaita:test-preferences-page          OK              0.20s   6 subtests passed
41/70 libadwaita:test-preferences-window        OK              0.20s   2 subtests passed
42/70 libadwaita:test-sidebar                   OK              0.19s   7 subtests passed
43/70 libadwaita:test-sidebar-section           OK              0.18s   5 subtests passed
44/70 libadwaita:test-back-button               OK              0.47s   8 subtests passed
45/70 libadwaita:test-sidebar-item              OK              0.21s   10 subtests passed
46/70 libadwaita:test-shortcut-label            OK              0.20s   2 subtests passed
47/70 libadwaita:test-spinner-paintable         OK              0.19s   2 subtests passed
48/70 libadwaita:test-spinner                   OK              0.20s   1 subtests passed
49/70 libadwaita:test-spin-row                  OK              0.18s   3 subtests passed
50/70 libadwaita:test-split-button              OK              0.17s   8 subtests passed
51/70 libadwaita:test-squeezer                  OK              0.16s   8 subtests passed
52/70 libadwaita:test-status-page               OK              0.15s   3 subtests passed
53/70 libadwaita:test-switch-row                OK              0.14s   1 subtests passed
54/70 libadwaita:test-tab-button                OK              0.15s   1 subtests passed
55/70 libadwaita:test-tab-overview              OK              0.15s   10 subtests passed
56/70 libadwaita:test-timed-animation           OK              0.13s   7 subtests passed
57/70 libadwaita:test-tab-bar                   OK              0.17s   7 subtests passed
58/70 libadwaita:test-toast-overlay             OK              0.13s   3 subtests passed
59/70 libadwaita:test-tab-view                  OK              0.16s   33 subtests passed
60/70 libadwaita:test-toggle-group              OK              0.13s   18 subtests passed
61/70 libadwaita:test-view-switcher             OK              0.12s   2 subtests passed
62/70 libadwaita:test-toast                     OK              0.15s   12 subtests passed
63/70 libadwaita:test-toolbar-view              OK              0.14s   8 subtests passed
64/70 libadwaita:test-view-switcher-sidebar     OK              0.13s   6 subtests passed
65/70 libadwaita:test-view-switcher-bar         OK              0.14s   2 subtests passed
66/70 libadwaita:test-window                    OK              0.13s   1 subtests passed
67/70 libadwaita:test-wrap-layout               OK              0.11s   13 subtests passed
68/70 libadwaita:test-window-title              OK              0.12s   2 subtests passed
69/70 libadwaita:test-style-manager             OK              0.59s   5 subtests passed
70/70 doc - libadwaita:Validate docs            OK              2.77s

Ok:                70  
Fail:              0   

Full log written to /build/libadwaita-git/src/build/meson-logs/testlog.txt
[14:42:30.818] caught signal 15
[14:42:30.818] no-op renderer SHM seed: 2
