
Wrap files:
Wrap gi-docgen.wrap  type git not found: gi-docgen
Wrap gtk.wrap        type git not found: gtk
Wrap ministream.wrap type git not found: ministream
Wrap sassc.wrap      type git not found: sassc

+ exec meson setup --prefix /usr --libexecdir lib --sbindir bin --buildtype plain --auto-features enabled --wrap-mode nodownload -D b_pie=true -D python.bytecompile=1 libadwaita build -D gtk_doc=true
The Meson build system
Version: 1.11.1
Source dir: /build/libadwaita-git/src/libadwaita
Build dir: /build/libadwaita-git/src/build
Build type: native build
DEPRECATION: Option "gtk_doc" is replaced by 'documentation'
Project name: libadwaita
Project version: 1.10.alpha
C compiler for the host machine: cc (gcc 16.1.1 "cc (GCC) 16.1.1 20260430")
C linker for the host machine: cc ld.bfd 2.46.0
Host machine cpu family: x86_64
Host machine cpu: x86_64
Found pkg-config: YES (/usr/bin/pkg-config) 2.5.1
Run-time dependency glib-2.0 found: YES 2.88.1
Run-time dependency gio-2.0 found: YES 2.88.1
Run-time dependency gtk4 found: YES 4.23.1
Run-time dependency fribidi found: YES 1.0.16
Run-time dependency ministream found: YES 0.99.0
Program g-ir-scanner found: YES (/usr/bin/g-ir-scanner)
Compiler for C supports arguments -Wcast-align: YES 
Compiler for C supports arguments -Wdate-time: YES 
Compiler for C supports arguments -Werror=format-security -Werror=format=2: YES 
Compiler for C supports arguments -Wendif-labels: YES 
Compiler for C supports arguments -Werror=incompatible-pointer-types: YES 
Compiler for C supports arguments -Werror=missing-declarations: YES 
Compiler for C supports arguments -Werror=overflow: YES 
Compiler for C supports arguments -Werror=return-type: YES 
Compiler for C supports arguments -Werror=shift-count-overflow: YES 
Compiler for C supports arguments -Werror=shift-overflow=2: YES 
Compiler for C supports arguments -Werror=implicit-fallthrough=3: YES 
Compiler for C supports arguments -Wformat-nonliteral: YES 
Compiler for C supports arguments -Wformat-security: YES 
Compiler for C supports arguments -Winit-self: YES 
Compiler for C supports arguments -Wmaybe-uninitialized: YES 
Compiler for C supports arguments -Wmissing-field-initializers: YES 
Compiler for C supports arguments -Wmissing-include-dirs: YES 
Compiler for C supports arguments -Wmissing-noreturn: YES 
Compiler for C supports arguments -Wnested-externs: YES 
Compiler for C supports arguments -Wno-missing-field-initializers: YES 
Compiler for C supports arguments -Wno-sign-compare: YES 
Compiler for C supports arguments -Wno-strict-aliasing: YES 
Compiler for C supports arguments -Wno-unused-parameter: YES 
Compiler for C supports arguments -Wold-style-definition: YES 
Compiler for C supports arguments -Wpointer-arith: YES 
Compiler for C supports arguments -Wredundant-decls: YES 
Compiler for C supports arguments -Wshadow: YES 
Compiler for C supports arguments -Wstrict-prototypes: YES 
Compiler for C supports arguments -Wswitch-default: YES 
Compiler for C supports arguments -Wswitch-enum: YES 
Compiler for C supports arguments -Wtype-limits: YES 
Compiler for C supports arguments -Wundef: YES 
Compiler for C supports arguments -Wunused-function: YES 
Compiler for C supports arguments -Wfloat-equal: YES 
Program sassc found: YES (/usr/bin/sassc)
Dependency gio-2.0 for build machine found: YES 2.88.1 (cached)
Program /usr/bin/glib-compile-resources found: YES (/usr/bin/glib-compile-resources)
Dependency gio-2.0 for build machine found: YES 2.88.1 (cached)
Program /usr/bin/glib-compile-resources found: YES (/usr/bin/glib-compile-resources)
Configuring adw-version.h using configuration
Dependency glib-2.0 for build machine found: YES 2.88.1 (cached)
Program /usr/bin/glib-mkenums found: YES (/usr/bin/glib-mkenums)
Dependency glib-2.0 for build machine found: YES 2.88.1 (cached)
Program /usr/bin/glib-mkenums found: YES (/usr/bin/glib-mkenums)
Dependency glib-2.0 for build machine found: YES 2.88.1 (cached)
Program /usr/bin/glib-mkenums found: YES (/usr/bin/glib-mkenums)
Dependency glib-2.0 for build machine found: YES 2.88.1 (cached)
Program /usr/bin/glib-mkenums found: YES (/usr/bin/glib-mkenums)
Dependency glib-2.0 for build machine found: YES 2.88.1 (cached)
Program /usr/bin/glib-genmarshal found: YES (/usr/bin/glib-genmarshal)
Program gen-public-types.py found: YES (/usr/bin/python /build/libadwaita-git/src/libadwaita/src/gen-public-types.py)
Library m found: YES
Configuring config.h using configuration
Checking if "ld_supports_version_script" links: YES 
Run-time dependency gobject-introspection-1.0 found: YES 1.86.0
Dependency gobject-introspection-1.0 for host machine found: YES 1.86.0 (cached)
Program /usr/bin/g-ir-scanner found: YES (/usr/bin/g-ir-scanner)
Dependency gobject-introspection-1.0 for host machine found: YES 1.86.0 (cached)
Program /usr/bin/g-ir-compiler found: YES (/usr/bin/g-ir-compiler)
Found pkg-config: YES (/usr/bin/pkg-config) 2.5.1
Program vapigen found: YES (/usr/bin/vapigen)
Program msgfmt found: YES (/usr/bin/msgfmt)
Program msginit found: YES (/usr/bin/msginit)
Program msgmerge found: YES (/usr/bin/msgmerge)
Program xgettext found: YES (/usr/bin/xgettext)
Program desktop-file-validate found: NO
Program python3 found: YES (/usr/bin/python3)
Configuring org.gnome.Adwaita1.Demo.metainfo.xml.in using configuration
Program appstreamcli found: YES (/usr/bin/appstreamcli)
Configuring config.h.in using configuration
Found git repository at /build/libadwaita-git/src/libadwaita
Dependency gio-2.0 for build machine found: YES 2.88.1 (cached)
Program /usr/bin/glib-compile-resources found: YES (/usr/bin/glib-compile-resources)
Dependency gtk4 for host machine found: YES 4.23.1 (cached)
Dependency libadwaita-1 for host machine found: YES 1.10.alpha (overridden)
Dependency gio-2.0 for build machine found: YES 2.88.1 (cached)
Program /usr/bin/glib-compile-resources found: YES (/usr/bin/glib-compile-resources)
Dependency gio-2.0 for build machine found: YES 2.88.1 (cached)
Program /usr/bin/glib-compile-resources found: YES (/usr/bin/glib-compile-resources)
Dependency gio-2.0 for build machine found: YES 2.88.1 (cached)
Program /usr/bin/glib-compile-resources found: YES (/usr/bin/glib-compile-resources)
Configuring libadwaita.toml using configuration
Build-time dependency gi-docgen found: YES 2026.1
Program gi-docgen found: YES (/usr/bin/gi-docgen)
Configuring run using configuration
Build targets in project: 172

libadwaita 1.10.alpha

  Options
    Tests             : true
    Examples          : true
    Documentation     : true
    Introspection     : true
    Vapi              : true

  User defined options
    auto_features     : enabled
    b_pie             : true
    buildtype         : plain
    gtk_doc           : true
    libexecdir        : lib
    prefix            : /usr
    python.bytecompile: 1
    sbindir           : bin
    wrap_mode         : nodownload

Found ninja-1.13.2 at /usr/bin/ninja
Generating targets:   0%|          | 0/172 eta ?Generating targets:  65%|██████▍   | 111/172 eta 00:00                                                      Writing build.ninja:   0%|          | 0/646 eta ?                                                 ninja: Entering directory `/build/libadwaita-git/src/build'
[1/614] Generating tests/adwaita-test-resources_c with a custom command
[2/614] Generating tests/adwaita-test-resources_h with a custom command
[3/614] Building translation po/ab/LC_MESSAGES/libadwaita-ab.mo
[4/614] Building translation po/be/LC_MESSAGES/libadwaita-be.mo
[5/614] Building translation po/ca/LC_MESSAGES/libadwaita-ca.mo
[6/614] Building translation po/da/LC_MESSAGES/libadwaita-da.mo
[7/614] Building translation po/de/LC_MESSAGES/libadwaita-de.mo
[8/614] Generating tests/manual/adwaita-manual-test-resources_c with a custom command
[9/614] Generating tests/manual/adwaita-manual-test-resources_h with a custom command
[10/614] Building translation po/bg/LC_MESSAGES/libadwaita-bg.mo
[11/614] Building translation po/cs/LC_MESSAGES/libadwaita-cs.mo
[12/614] Building translation po/el/LC_MESSAGES/libadwaita-el.mo
[13/614] Building translation po/en_GB/LC_MESSAGES/libadwaita-en_GB.mo
[14/614] Building translation po/eo/LC_MESSAGES/libadwaita-eo.mo
[15/614] Building translation po/es/LC_MESSAGES/libadwaita-es.mo
[16/614] Building translation po/eu/LC_MESSAGES/libadwaita-eu.mo
[17/614] Building translation po/fa/LC_MESSAGES/libadwaita-fa.mo
[18/614] Building translation po/fi/LC_MESSAGES/libadwaita-fi.mo
[19/614] Building translation po/fil/LC_MESSAGES/libadwaita-fil.mo
[20/614] Building translation po/fr/LC_MESSAGES/libadwaita-fr.mo
[21/614] Building translation po/fur/LC_MESSAGES/libadwaita-fur.mo
[22/614] Building translation po/gl/LC_MESSAGES/libadwaita-gl.mo
[23/614] Building translation po/he/LC_MESSAGES/libadwaita-he.mo
[24/614] Building translation po/hi/LC_MESSAGES/libadwaita-hi.mo
[25/614] Building translation po/hr/LC_MESSAGES/libadwaita-hr.mo
[26/614] Building translation po/hu/LC_MESSAGES/libadwaita-hu.mo
[27/614] Building translation po/ia/LC_MESSAGES/libadwaita-ia.mo
[28/614] Building translation po/id/LC_MESSAGES/libadwaita-id.mo
[29/614] Building translation po/it/LC_MESSAGES/libadwaita-it.mo
[30/614] Building translation po/ja/LC_MESSAGES/libadwaita-ja.mo
[31/614] Building translation po/ka/LC_MESSAGES/libadwaita-ka.mo
[32/614] Building translation po/kab/LC_MESSAGES/libadwaita-kab.mo
[33/614] Building translation po/kk/LC_MESSAGES/libadwaita-kk.mo
[34/614] Building translation po/ko/LC_MESSAGES/libadwaita-ko.mo
[35/614] Building translation po/kw/LC_MESSAGES/libadwaita-kw.mo
[36/614] Building translation po/lt/LC_MESSAGES/libadwaita-lt.mo
[37/614] Building translation po/lv/LC_MESSAGES/libadwaita-lv.mo
[38/614] Building translation po/nb/LC_MESSAGES/libadwaita-nb.mo
[39/614] Building translation po/ne/LC_MESSAGES/libadwaita-ne.mo
[40/614] Building translation po/nl/LC_MESSAGES/libadwaita-nl.mo
[41/614] Building translation po/nn/LC_MESSAGES/libadwaita-nn.mo
[42/614] Building translation po/oc/LC_MESSAGES/libadwaita-oc.mo
[43/614] Building translation po/pa/LC_MESSAGES/libadwaita-pa.mo
[44/614] Building translation po/pl/LC_MESSAGES/libadwaita-pl.mo
[45/614] Building translation po/pt/LC_MESSAGES/libadwaita-pt.mo
[46/614] Building translation po/pt_BR/LC_MESSAGES/libadwaita-pt_BR.mo
[47/614] Building translation po/ru/LC_MESSAGES/libadwaita-ru.mo
[48/614] Building translation po/sl/LC_MESSAGES/libadwaita-sl.mo
[49/614] Building translation po/ro/LC_MESSAGES/libadwaita-ro.mo
[50/614] Building translation po/sk/LC_MESSAGES/libadwaita-sk.mo
[51/614] Building translation po/sr/LC_MESSAGES/libadwaita-sr.mo
[52/614] Building translation po/sr@latin/LC_MESSAGES/libadwaita-sr@latin.mo
[53/614] Building translation po/sv/LC_MESSAGES/libadwaita-sv.mo
[54/614] Building translation po/th/LC_MESSAGES/libadwaita-th.mo
[55/614] Building translation po/vi/LC_MESSAGES/libadwaita-vi.mo
[56/614] Building translation po/uz/LC_MESSAGES/libadwaita-uz.mo
[57/614] Building translation po/ug/LC_MESSAGES/libadwaita-ug.mo
[58/614] Building translation po/tr/LC_MESSAGES/libadwaita-tr.mo
[59/614] Building translation po/zh_CN/LC_MESSAGES/libadwaita-zh_CN.mo
[60/614] Building translation po/zh_TW/LC_MESSAGES/libadwaita-zh_TW.mo
[61/614] Building translation po/uk/LC_MESSAGES/libadwaita-uk.mo
[62/614] Generating doc/tools/screenshot-resources_h with a custom command
[63/614] Generating doc/tools/screenshot-resources_c with a custom command
[64/614] Generating glib marshaller header src/adw-marshalers_h
[65/614] Generating demo/config.h with a custom command
[66/614] Generating glib marshaller source src/adw-marshalers_c
[67/614] Generating GObject enum file src/adw-enums-private.c (wrapped by meson because command contains newlines, to capture output)
[68/614] Generating GObject enum file src/adw-enums-private.h (wrapped by meson because command contains newlines, to capture output)
[69/614] Generating GObject enum file src/adw-enums.c (wrapped by meson because command contains newlines, to capture output)
[70/614] Generating GObject enum file src/adw-enums.h (wrapped by meson because command contains newlines, to capture output)
[71/614] Merging translations for demo/data/org.gnome.Adwaita1.Demo.metainfo.xml
[72/614] Generating src/adw-resources_h with a custom command
[73/614] Merging translations for demo/data/org.gnome.Adwaita1.Demo.desktop
[74/614] Generating src/adw-resources_c with a custom command
[75/614] Generating src/stylesheet/gtk.scss with a custom command
[76/614] Generating src/adw-public-types.c with a custom command (wrapped by meson to capture output)
[77/614] Generating src/stylesheet/adwaita-stylesheet-resources_h with a custom command
[78/614] Generating src/stylesheet/adwaita-stylesheet-resources_c with a custom command
[79/614] Compiling C object tests/manual/test-button-states.p/meson-generated_.._adwaita-manual-test-resources.c.o
[80/614] Compiling C object tests/manual/test-breakpoints.p/meson-generated_.._adwaita-manual-test-resources.c.o
[81/614] Compiling C object tests/manual/test-split-views.p/meson-generated_.._adwaita-manual-test-resources.c.o
[82/614] Compiling C object tests/manual/test-shortcut-labels.p/meson-generated_.._adwaita-manual-test-resources.c.o
[83/614] Compiling C object tests/manual/test-alert-dialogs.p/meson-generated_.._adwaita-manual-test-resources.c.o
[84/614] Compiling C object tests/manual/test-avatar-colors.p/meson-generated_.._adwaita-manual-test-resources.c.o
[85/614] Compiling C object tests/manual/test-toolbars.p/meson-generated_.._adwaita-manual-test-resources.c.o
[86/614] Compiling C object tests/manual/test-navigation.p/meson-generated_.._adwaita-manual-test-resources.c.o
[87/614] Compiling C object tests/manual/test-shortcuts-dialogs.p/meson-generated_.._adwaita-manual-test-resources.c.o
[88/614] Compiling C object tests/manual/test-toggle-groups.p/meson-generated_.._adwaita-manual-test-resources.c.o
[89/614] Compiling C object tests/manual/test-view-switcher-bars.p/meson-generated_.._adwaita-manual-test-resources.c.o
[90/614] Compiling C object src/libadwaita-1.so.0.p/meson-generated_.._adw-marshalers.c.o
[91/614] Compiling C object src/libadwaita-1.so.0.p/meson-generated_.._adw-resources.c.o
[92/614] Compiling C object src/libadwaita-1.so.0.p/meson-generated_.._stylesheet_adwaita-stylesheet-resources.c.o
[93/614] Compiling C object tests/manual/test-shortcuts-dialogs.p/test-shortcuts-dialogs.c.o
[94/614] Compiling C object tests/manual/test-avatar-colors.p/test-avatar-colors.c.o
[95/614] Compiling C object examples/hello-world/hello.p/hello.c.o
[96/614] Compiling C object tests/manual/test-split-views.p/test-split-views.c.o
[97/614] Compiling C object tests/manual/test-shortcut-labels.p/test-shortcut-labels.c.o
[98/614] Compiling C object tests/manual/test-toggle-groups.p/test-toggle-groups.c.o
[99/614] Compiling C object tests/manual/test-breakpoints.p/test-breakpoints.c.o
[100/614] Compiling C object tests/manual/test-button-states.p/test-button-states.c.o
[101/614] Compiling C object tests/manual/test-navigation.p/test-navigation.c.o
[102/614] Compiling C object tests/manual/test-alert-dialogs.p/test-alert-dialogs.c.o
[103/614] Compiling C object src/libadwaita-1.so.0.p/meson-generated_.._adw-enums-private.c.o
[104/614] Compiling C object src/libadwaita-1.so.0.p/meson-generated_.._adw-enums.c.o
[105/614] Compiling C object tests/manual/test-toolbars.p/test-toolbars.c.o
[106/614] Compiling C object src/libadwaita-1.so.0.p/adw-accent-color.c.o
[107/614] Compiling C object src/libadwaita-1.so.0.p/adw-action-row.c.o
[108/614] Generating demo/adwaita-demo-resources_c with a custom command
[109/614] Generating demo/adwaita-demo-resources_h with a custom command
[110/614] Compiling C object src/libadwaita-1.so.0.p/adw-animation-target.c.o
[111/614] Compiling C object src/libadwaita-1.so.0.p/meson-generated_.._adw-public-types.c.o
[112/614] Compiling C object src/libadwaita-1.so.0.p/adw-animation.c.o
[113/614] Compiling C object src/libadwaita-1.so.0.p/adw-animation-util.c.o
[114/614] Compiling C object src/libadwaita-1.so.0.p/adw-about-dialog.c.o
[115/614] Compiling C object src/libadwaita-1.so.0.p/adw-alert-dialog.c.o
[116/614] Compiling C object src/libadwaita-1.so.0.p/adw-about-window.c.o
[117/614] Compiling C object src/libadwaita-1.so.0.p/adw-application.c.o
[118/614] Compiling C object src/libadwaita-1.so.0.p/adw-easing.c.o
[119/614] Compiling C object src/libadwaita-1.so.0.p/adw-application-window.c.o
[120/614] Compiling C object src/libadwaita-1.so.0.p/adw-fold-threshold-policy.c.o
[121/614] Compiling C object src/libadwaita-1.so.0.p/adw-avatar.c.o
[122/614] Compiling C object src/libadwaita-1.so.0.p/adw-bin.c.o
[123/614] Compiling C object src/libadwaita-1.so.0.p/adw-button-content.c.o
[124/614] Compiling C object src/libadwaita-1.so.0.p/adw-breakpoint.c.o
[125/614] Compiling C object src/libadwaita-1.so.0.p/adw-carousel-indicator-dots.c.o
[126/614] Compiling C object src/libadwaita-1.so.0.p/adw-breakpoint-bin.c.o
[127/614] Compiling C object src/libadwaita-1.so.0.p/adw-carousel-indicator-lines.c.o
[128/614] Compiling C object src/libadwaita-1.so.0.p/adw-banner.c.o
[129/614] Compiling C object src/libadwaita-1.so.0.p/adw-bottom-sheet.c.o
[130/614] Compiling C object src/libadwaita-1.so.0.p/adw-carousel.c.o
[131/614] Compiling C object src/libadwaita-1.so.0.p/adw-clamp.c.o
[132/614] Compiling C object src/libadwaita-1.so.0.p/adw-button-row.c.o
[133/614] Compiling C object src/libadwaita-1.so.0.p/adw-clamp-layout.c.o
[134/614] Compiling C object src/libadwaita-1.so.0.p/adw-navigation-direction.c.o
[135/614] Compiling C object src/libadwaita-1.so.0.p/adw-clamp-scrollable.c.o
[136/614] Compiling C object src/libadwaita-1.so.0.p/adw-css-class-binding.c.o
[137/614] Compiling C object src/libadwaita-1.so.0.p/adw-dialog.c.o
[138/614] Compiling C object src/libadwaita-1.so.0.p/adw-layout.c.o
[139/614] Compiling C object src/libadwaita-1.so.0.p/adw-combo-row.c.o
[140/614] Compiling C object src/libadwaita-1.so.0.p/adw-entry-row.c.o
[141/614] Compiling C object src/libadwaita-1.so.0.p/adw-inline-view-switcher.c.o
[142/614] Compiling C object src/libadwaita-1.so.0.p/adw-expander-row.c.o
[143/614] Compiling C object src/libadwaita-1.so.0.p/adw-layout-slot.c.o
[144/614] Compiling C object src/libadwaita-1.so.0.p/adw-enum-list-model.c.o
[145/614] Compiling C object src/libadwaita-1.so.0.p/adw-header-bar.c.o
[146/614] Compiling C object src/libadwaita-1.so.0.p/adw-flap.c.o
[147/614] Compiling C object src/libadwaita-1.so.0.p/adw-length-unit.c.o
[148/614] Compiling C object src/libadwaita-1.so.0.p/adw-password-entry-row.c.o
[149/614] Compiling C object src/libadwaita-1.so.0.p/adw-navigation-split-view.c.o
[150/614] Compiling C object src/libadwaita-1.so.0.p/adw-overlay-split-view.c.o
[151/614] Compiling C object src/libadwaita-1.so.0.p/adw-multi-layout-view.c.o
[152/614] Compiling C object src/libadwaita-1.so.0.p/adw-preferences-page.c.o
[153/614] Compiling C object src/libadwaita-1.so.0.p/adw-spring-params.c.o
[154/614] Compiling C object src/libadwaita-1.so.0.p/adw-message-dialog.c.o
[155/614] Compiling C object src/libadwaita-1.so.0.p/adw-main.c.o
[156/614] Compiling C object src/libadwaita-1.so.0.p/adw-leaflet.c.o
[157/614] Compiling C object src/libadwaita-1.so.0.p/adw-preferences-group.c.o
[158/614] Compiling C object src/libadwaita-1.so.0.p/adw-preferences-window.c.o
[159/614] Compiling C object src/libadwaita-1.so.0.p/adw-preferences-dialog.c.o
[160/614] Compiling C object src/libadwaita-1.so.0.p/adw-preferences-row.c.o
[161/614] Compiling C object src/libadwaita-1.so.0.p/adw-shortcuts-dialog.c.o
[162/614] Compiling C object src/libadwaita-1.so.0.p/adw-shortcuts-section.c.o
[163/614] Compiling C object src/libadwaita-1.so.0.p/adw-shortcuts-item.c.o
[164/614] Compiling C object src/libadwaita-1.so.0.p/adw-sidebar-item.c.o
[165/614] Compiling C object src/libadwaita-1.so.0.p/adw-shortcut-label.c.o
[166/614] Compiling C object src/libadwaita-1.so.0.p/adw-sidebar-section.c.o
[167/614] Compiling C object src/libadwaita-1.so.0.p/adw-spin-row.c.o
[168/614] Compiling C object src/libadwaita-1.so.0.p/adw-version.c.o
[169/614] Compiling C object src/libadwaita-1.so.0.p/adw-spinner-paintable.c.o
[170/614] Compiling C object src/libadwaita-1.so.0.p/adw-navigation-view.c.o
[171/614] Compiling C object src/libadwaita-1.so.0.p/adw-split-button.c.o
[172/614] Compiling C object src/libadwaita-1.so.0.p/adw-sidebar.c.o
[173/614] Compiling C object src/libadwaita-1.so.0.p/adw-spinner.c.o
[174/614] Compiling C object src/libadwaita-1.so.0.p/adw-swipeable.c.o
[175/614] Compiling C object src/libadwaita-1.so.0.p/adw-spring-animation.c.o
[176/614] Compiling C object src/libadwaita-1.so.0.p/adw-style-manager.c.o
[177/614] Compiling C object src/libadwaita-1.so.0.p/adw-switch-row.c.o
[178/614] Compiling C object src/libadwaita-1.so.0.p/adw-status-page.c.o
[179/614] Compiling C object src/libadwaita-1.so.0.p/adw-timed-animation.c.o
[180/614] Compiling C object src/libadwaita-1.so.0.p/adw-tab-bar.c.o
[181/614] Compiling C object src/libadwaita-1.so.0.p/adw-toast.c.o
[182/614] Compiling C object src/libadwaita-1.so.0.p/adw-tab-button.c.o
[183/614] Compiling C object src/libadwaita-1.so.0.p/adw-toast-overlay.c.o
[184/614] Compiling C object src/libadwaita-1.so.0.p/adw-tab-overview.c.o
[185/614] Compiling C object src/libadwaita-1.so.0.p/adw-swipe-tracker.c.o
[186/614] Compiling C object src/libadwaita-1.so.0.p/adw-bidi.c.o
[187/614] Compiling C object src/libadwaita-1.so.0.p/adw-toggle-group.c.o
[188/614] Compiling C object src/libadwaita-1.so.0.p/adw-view-switcher.c.o
[189/614] Compiling C object src/libadwaita-1.so.0.p/adw-view-switcher-bar.c.o
[190/614] Compiling C object src/libadwaita-1.so.0.p/adw-squeezer.c.o
[191/614] Compiling C object src/libadwaita-1.so.0.p/adw-view-switcher-sidebar.c.o
[192/614] Compiling C object src/libadwaita-1.so.0.p/adw-view-switcher-title.c.o
[193/614] Compiling C object src/libadwaita-1.so.0.p/adw-toolbar-view.c.o
[194/614] Compiling C object src/libadwaita-1.so.0.p/adw-tab-view.c.o
[195/614] Compiling C object src/libadwaita-1.so.0.p/adw-window-title.c.o
[196/614] Compiling C object src/libadwaita-1.so.0.p/adw-window.c.o
[197/614] Compiling C object src/libadwaita-1.so.0.p/adw-wrap-box.c.o
[198/614] Compiling C object src/libadwaita-1.so.0.p/adw-wrap-layout.c.o
[199/614] Compiling C object src/libadwaita-1.so.0.p/adw-view-stack.c.o
[200/614] Compiling C object src/libadwaita-1.so.0.p/adw-back-button.c.o
[201/614] Compiling C object src/libadwaita-1.so.0.p/adw-adaptive-preview.c.o
[202/614] Compiling C object src/libadwaita-1.so.0.p/adw-fading-label.c.o
[203/614] Compiling C object src/libadwaita-1.so.0.p/adw-floating-sheet.c.o
[204/614] Compiling C object src/libadwaita-1.so.0.p/adw-dialog-host.c.o
[205/614] Compiling C object src/libadwaita-1.so.0.p/adw-gizmo.c.o
[206/614] Compiling C object src/libadwaita-1.so.0.p/adw-color-utils.c.o
[207/614] Compiling C object src/libadwaita-1.so.0.p/adw-indicator-bin.c.o
[208/614] Compiling C object src/libadwaita-1.so.0.p/adw-settings.c.o
[209/614] Compiling C object src/libadwaita-1.so.0.p/adw-gtkbuilder-utils.c.o
[210/614] Compiling C object src/libadwaita-1.so.0.p/adw-link-row.c.o
[211/614] Compiling C object src/libadwaita-1-internal.a.p/meson-generated_.._adw-marshalers.c.o
[212/614] Compiling C object src/libadwaita-1.so.0.p/adw-inspector-page.c.o
[213/614] Compiling C object src/libadwaita-1.so.0.p/adw-settings-impl-gsettings.c.o
[214/614] Compiling C object src/libadwaita-1.so.0.p/adw-settings-impl.c.o
[215/614] Compiling C object src/libadwaita-1-internal.a.p/meson-generated_.._adw-resources.c.o
[216/614] Compiling C object src/libadwaita-1-internal.a.p/meson-generated_.._stylesheet_adwaita-stylesheet-resources.c.o
[217/614] Compiling C object src/libadwaita-1.so.0.p/adw-settings-impl-legacy.c.o
[218/614] Compiling C object src/libadwaita-1.so.0.p/adw-shortcut-row.c.o
[219/614] Compiling C object src/libadwaita-1.so.0.p/adw-sheet-controls.c.o
[220/614] Compiling C object src/libadwaita-1.so.0.p/adw-toast-widget.c.o
[221/614] Compiling C object src/libadwaita-1.so.0.p/adw-shadow-helper.c.o
[222/614] Compiling C object src/libadwaita-1.so.0.p/adw-tab-thumbnail.c.o
[223/614] Compiling C object src/libadwaita-1.so.0.p/adw-view-switcher-button.c.o
[224/614] Compiling C object src/libadwaita-1-internal.a.p/meson-generated_.._adw-enums-private.c.o
[225/614] Compiling C object src/libadwaita-1.so.0.p/adw-tab.c.o
[226/614] Compiling C object src/libadwaita-1.so.0.p/adw-tab-box.c.o
[227/614] Compiling C object src/libadwaita-1.so.0.p/adw-widget-utils.c.o
[228/614] Compiling C object src/libadwaita-1-internal.a.p/meson-generated_.._adw-enums.c.o
[229/614] Compiling C object src/libadwaita-1.so.0.p/adw-tab-grid.c.o
[230/614] Compiling C object src/libadwaita-1.so.0.p/adw-settings-impl-portal.c.o
[231/614] Compiling C object src/libadwaita-1-internal.a.p/adw-accent-color.c.o
[232/614] Compiling C object src/libadwaita-1-internal.a.p/adw-animation.c.o
[233/614] Compiling C object src/libadwaita-1-internal.a.p/adw-animation-util.c.o
[234/614] Compiling C object src/libadwaita-1-internal.a.p/meson-generated_.._adw-public-types.c.o
[235/614] Compiling C object src/libadwaita-1-internal.a.p/adw-animation-target.c.o
[236/614] Compiling C object src/libadwaita-1-internal.a.p/adw-application.c.o
[237/614] Compiling C object src/libadwaita-1-internal.a.p/adw-action-row.c.o
[238/614] Compiling C object src/libadwaita-1-internal.a.p/adw-application-window.c.o
[239/614] Compiling C object src/libadwaita-1-internal.a.p/adw-alert-dialog.c.o
[240/614] Compiling C object src/libadwaita-1-internal.a.p/adw-about-dialog.c.o
[241/614] Compiling C object src/libadwaita-1-internal.a.p/adw-banner.c.o
[242/614] Compiling C object src/libadwaita-1-internal.a.p/adw-about-window.c.o
[243/614] Compiling C object src/libadwaita-1-internal.a.p/adw-avatar.c.o
[244/614] Compiling C object src/libadwaita-1-internal.a.p/adw-easing.c.o
[245/614] Compiling C object src/libadwaita-1-internal.a.p/adw-bin.c.o
[246/614] Compiling C object src/libadwaita-1-internal.a.p/adw-fold-threshold-policy.c.o
[247/614] Compiling C object src/libadwaita-1-internal.a.p/adw-breakpoint.c.o
[248/614] Compiling C object src/libadwaita-1-internal.a.p/adw-breakpoint-bin.c.o
[249/614] Compiling C object src/libadwaita-1-internal.a.p/adw-button-content.c.o
[250/614] Compiling C object src/libadwaita-1-internal.a.p/adw-bottom-sheet.c.o
[251/614] Compiling C object src/libadwaita-1-internal.a.p/adw-clamp-layout.c.o
[252/614] Compiling C object src/libadwaita-1-internal.a.p/adw-navigation-direction.c.o
[253/614] Compiling C object src/libadwaita-1-internal.a.p/adw-carousel-indicator-lines.c.o
[254/614] Compiling C object src/libadwaita-1-internal.a.p/adw-button-row.c.o
[255/614] Compiling C object src/libadwaita-1-internal.a.p/adw-carousel.c.o
[256/614] Compiling C object src/libadwaita-1-internal.a.p/adw-clamp.c.o
[257/614] Compiling C object src/libadwaita-1-internal.a.p/adw-carousel-indicator-dots.c.o
[258/614] Compiling C object src/libadwaita-1-internal.a.p/adw-clamp-scrollable.c.o
[259/614] Compiling C object src/libadwaita-1-internal.a.p/adw-combo-row.c.o
[260/614] Compiling C object src/libadwaita-1-internal.a.p/adw-css-class-binding.c.o
[261/614] Compiling C object src/libadwaita-1-internal.a.p/adw-entry-row.c.o
[262/614] Compiling C object src/libadwaita-1-internal.a.p/adw-enum-list-model.c.o
[263/614] Compiling C object src/libadwaita-1-internal.a.p/adw-dialog.c.o
[264/614] Compiling C object src/libadwaita-1-internal.a.p/adw-length-unit.c.o
[265/614] Compiling C object src/libadwaita-1-internal.a.p/adw-inline-view-switcher.c.o
[266/614] Compiling C object src/libadwaita-1-internal.a.p/adw-expander-row.c.o
[267/614] Compiling C object src/libadwaita-1-internal.a.p/adw-layout-slot.c.o
[268/614] Compiling C object src/libadwaita-1-internal.a.p/adw-main.c.o
[269/614] Compiling C object src/libadwaita-1-internal.a.p/adw-flap.c.o
[270/614] Compiling C object src/libadwaita-1-internal.a.p/adw-header-bar.c.o
[271/614] Compiling C object src/libadwaita-1-internal.a.p/adw-layout.c.o
[272/614] Compiling C object src/libadwaita-1-internal.a.p/adw-leaflet.c.o
[273/614] Compiling C object src/libadwaita-1-internal.a.p/adw-message-dialog.c.o
[274/614] Compiling C object src/libadwaita-1-internal.a.p/adw-multi-layout-view.c.o
[275/614] Compiling C object src/libadwaita-1-internal.a.p/adw-password-entry-row.c.o
[276/614] Compiling C object src/libadwaita-1-internal.a.p/adw-overlay-split-view.c.o
[277/614] Compiling C object src/libadwaita-1-internal.a.p/adw-navigation-split-view.c.o
[278/614] Compiling C object src/libadwaita-1-internal.a.p/adw-preferences-group.c.o
[279/614] Compiling C object src/libadwaita-1-internal.a.p/adw-spring-params.c.o
[280/614] Compiling C object src/libadwaita-1-internal.a.p/adw-preferences-row.c.o
[281/614] Compiling C object src/libadwaita-1-internal.a.p/adw-preferences-dialog.c.o
[282/614] Compiling C object src/libadwaita-1-internal.a.p/adw-shortcuts-section.c.o
[283/614] Compiling C object src/libadwaita-1-internal.a.p/adw-shortcuts-item.c.o
[284/614] Compiling C object src/libadwaita-1-internal.a.p/adw-shortcut-label.c.o
[285/614] Compiling C object src/libadwaita-1-internal.a.p/adw-shortcuts-dialog.c.o
[286/614] Compiling C object src/libadwaita-1-internal.a.p/adw-preferences-window.c.o
[287/614] Compiling C object src/libadwaita-1-internal.a.p/adw-navigation-view.c.o
[288/614] Compiling C object src/libadwaita-1-internal.a.p/adw-spring-animation.c.o
[289/614] Compiling C object src/libadwaita-1-internal.a.p/adw-spin-row.c.o
[290/614] Compiling C object src/libadwaita-1-internal.a.p/adw-spinner.c.o
[291/614] Compiling C object src/libadwaita-1-internal.a.p/adw-sidebar-item.c.o
[292/614] Compiling C object src/libadwaita-1-internal.a.p/adw-sidebar-section.c.o
[293/614] Compiling C object src/libadwaita-1-internal.a.p/adw-preferences-page.c.o
[294/614] Compiling C object src/libadwaita-1-internal.a.p/adw-spinner-paintable.c.o
[295/614] Compiling C object src/libadwaita-1-internal.a.p/adw-sidebar.c.o
[296/614] Compiling C object src/libadwaita-1-internal.a.p/adw-squeezer.c.o
[297/614] Compiling C object src/libadwaita-1-internal.a.p/adw-split-button.c.o
[298/614] Compiling C object src/libadwaita-1-internal.a.p/adw-version.c.o
[299/614] Compiling C object src/libadwaita-1-internal.a.p/adw-swipeable.c.o
[300/614] Compiling C object src/libadwaita-1-internal.a.p/adw-style-manager.c.o
[301/614] Compiling C object src/libadwaita-1-internal.a.p/adw-switch-row.c.o
[302/614] Compiling C object src/libadwaita-1-internal.a.p/adw-toast.c.o
[303/614] Compiling C object src/libadwaita-1-internal.a.p/adw-bidi.c.o
[304/614] Compiling C object src/libadwaita-1-internal.a.p/adw-toolbar-view.c.o
[305/614] Compiling C object src/libadwaita-1-internal.a.p/adw-status-page.c.o
[306/614] Compiling C object src/libadwaita-1-internal.a.p/adw-window-title.c.o
[307/614] Compiling C object src/libadwaita-1-internal.a.p/adw-view-switcher-sidebar.c.o
[308/614] Compiling C object src/libadwaita-1-internal.a.p/adw-adaptive-preview.c.o
[309/614] Compiling C object src/libadwaita-1-internal.a.p/adw-tab-button.c.o
[310/614] Compiling C object src/libadwaita-1-internal.a.p/adw-swipe-tracker.c.o
[311/614] Compiling C object src/libadwaita-1-internal.a.p/adw-tab-bar.c.o
[312/614] Compiling C object src/libadwaita-1-internal.a.p/adw-toast-overlay.c.o
[313/614] Compiling C object src/libadwaita-1-internal.a.p/adw-timed-animation.c.o
[314/614] Compiling C object src/libadwaita-1-internal.a.p/adw-floating-sheet.c.o
[315/614] Compiling C object src/libadwaita-1-internal.a.p/adw-gizmo.c.o
[316/614] Compiling C object src/libadwaita-1-internal.a.p/adw-view-stack.c.o
[317/614] Compiling C object src/libadwaita-1-internal.a.p/adw-dialog-host.c.o
[318/614] Compiling C object src/libadwaita-1-internal.a.p/adw-view-switcher-bar.c.o
[319/614] Compiling C object src/libadwaita-1-internal.a.p/adw-window.c.o
[320/614] Compiling C object src/libadwaita-1-internal.a.p/adw-fading-label.c.o
[321/614] Compiling C object src/libadwaita-1-internal.a.p/adw-toggle-group.c.o
[322/614] Compiling C object src/libadwaita-1-internal.a.p/adw-tab-overview.c.o
[323/614] Compiling C object src/libadwaita-1-internal.a.p/adw-back-button.c.o
[324/614] Compiling C object src/libadwaita-1-internal.a.p/adw-settings.c.o
[325/614] Compiling C object src/libadwaita-1-internal.a.p/adw-settings-impl.c.o
[326/614] Compiling C object src/libadwaita-1-internal.a.p/adw-view-switcher.c.o
[327/614] Compiling C object src/libadwaita-1-internal.a.p/adw-view-switcher-title.c.o
[328/614] Compiling C object src/libadwaita-1-internal.a.p/adw-link-row.c.o
[329/614] Compiling C object src/libadwaita-1-internal.a.p/adw-wrap-box.c.o
[330/614] Compiling C object src/libadwaita-1-internal.a.p/adw-shortcut-row.c.o
[331/614] Compiling C object src/libadwaita-1-internal.a.p/adw-inspector-page.c.o
[332/614] Compiling C object src/libadwaita-1-internal.a.p/adw-tab-view.c.o
[333/614] Compiling C object src/libadwaita-1-internal.a.p/adw-tab.c.o
[334/614] Compiling C object src/libadwaita-1-internal.a.p/adw-view-switcher-button.c.o
[335/614] Compiling C object src/libadwaita-1-internal.a.p/adw-color-utils.c.o
[336/614] Compiling C object src/libadwaita-1-internal.a.p/adw-wrap-layout.c.o
[337/614] Compiling C object src/libadwaita-1-internal.a.p/adw-tab-box.c.o
[338/614] Compiling C object src/libadwaita-1-internal.a.p/adw-toast-widget.c.o
[339/614] Compiling C object src/libadwaita-1-internal.a.p/adw-gtkbuilder-utils.c.o
[340/614] Compiling C object src/libadwaita-1-internal.a.p/adw-widget-utils.c.o
[341/614] Compiling C object src/libadwaita-1-internal.a.p/adw-indicator-bin.c.o
[342/614] Compiling C object demo/adwaita-1-demo.p/meson-generated_.._adwaita-demo-resources.c.o
[343/614] Compiling C object src/libadwaita-1-internal.a.p/adw-tab-grid.c.o
[344/614] Compiling C object src/libadwaita-1-internal.a.p/adw-sheet-controls.c.o
[345/614] Compiling C object src/libadwaita-1-internal.a.p/adw-settings-impl-legacy.c.o
[346/614] Compiling C object src/libadwaita-1-internal.a.p/adw-tab-thumbnail.c.o
[347/614] Compiling C object demo/adwaita-1-demo.p/pages_alerts_adw-demo-page-alerts.c.o
[348/614] Compiling C object demo/adwaita-1-demo.p/pages_banners_adw-demo-page-banners.c.o
[349/614] Compiling C object demo/adwaita-1-demo.p/pages_bottom-sheets_adw-demo-page-bottom-sheets.c.o
[350/614] Compiling C object src/libadwaita-1-internal.a.p/adw-shadow-helper.c.o
[351/614] Compiling C object src/libadwaita-1-internal.a.p/adw-settings-impl-gsettings.c.o
[352/614] Compiling C object demo/adwaita-1-demo.p/pages_carousel_adw-demo-page-carousel.c.o
[353/614] Compiling C object demo/adwaita-1-demo.p/pages_clamp_adw-demo-page-clamp.c.o
[354/614] Compiling C object demo/adwaita-1-demo.p/pages_buttons_adw-demo-page-buttons.c.o
[355/614] Compiling C object demo/adwaita-1-demo.p/pages_lists_adw-demo-page-lists.c.o
[356/614] Compiling C object demo/adwaita-1-demo.p/pages_multi-layout_adw-demo-page-multi-layout.c.o
[357/614] Compiling C object demo/adwaita-1-demo.p/pages_split-views_adw-navigation-split-view-demo-dialog.c.o
[358/614] Compiling C object demo/adwaita-1-demo.p/pages_navigation-view_adw-navigation-view-demo-dialog.c.o
[359/614] Compiling C object demo/adwaita-1-demo.p/pages_split-views_adw-overlay-split-view-demo-dialog.c.o
[360/614] Compiling C object demo/adwaita-1-demo.p/pages_styles_adw-style-demo-dialog.c.o
[361/614] Compiling C object demo/adwaita-1-demo.p/pages_styles_adw-demo-page-styles.c.o
[362/614] Compiling C object demo/adwaita-1-demo.p/pages_about_adw-demo-page-about.c.o
[363/614] Compiling C object demo/adwaita-1-demo.p/pages_multi-layout_adw-multi-layout-demo-dialog.c.o
[364/614] Compiling C object src/libadwaita-1-internal.a.p/adw-settings-impl-portal.c.o
[365/614] Compiling C object demo/adwaita-1-demo.p/pages_spinner_adw-demo-page-spinner.c.o
[366/614] Compiling C object demo/adwaita-1-demo.p/pages_tab-view_adw-demo-page-tab-view.c.o
[367/614] Compiling C object demo/adwaita-1-demo.p/pages_avatar_adw-demo-page-avatar.c.o
[368/614] Compiling C object demo/adwaita-1-demo.p/pages_split-views_adw-demo-page-split-views.c.o
[369/614] Compiling C object tests/manual/test-view-switchers.p/meson-generated_.._adwaita-manual-test-resources.c.o
[370/614] Linking static target src/libadwaita-1-internal.a
[371/614] Compiling C object demo/adwaita-1-demo.p/pages_wrap-box_adw-demo-page-wrap-box.c.o
[372/614] Compiling C object demo/adwaita-1-demo.p/pages_view-switcher_adw-demo-page-view-switcher.c.o
[373/614] Compiling C object tests/test-about-dialog.p/meson-generated_.._adwaita-test-resources.c.o
[374/614] Compiling C object demo/adwaita-1-demo.p/pages_tab-view_adw-tab-view-demo-page.c.o
[375/614] Compiling C object tests/test-about-window.p/meson-generated_.._adwaita-test-resources.c.o
[376/614] Compiling C object demo/adwaita-1-demo.p/pages_toasts_adw-demo-page-toasts.c.o
[377/614] Compiling C object demo/adwaita-1-demo.p/pages_view-switcher_adw-view-switcher-demo-dialog.c.o
[378/614] Compiling C object demo/adwaita-1-demo.p/pages_animations_adw-demo-page-animations.c.o
[379/614] Compiling C object tests/test-action-row.p/meson-generated_.._adwaita-test-resources.c.o
[380/614] Compiling C object demo/adwaita-1-demo.p/adwaita-demo.c.o
[381/614] Compiling C object demo/adwaita-1-demo.p/pages_toggles_adw-demo-page-toggles.c.o
[382/614] Compiling C object demo/adwaita-1-demo.p/pages_tab-view_adw-tab-view-demo-window.c.o
[383/614] Compiling C object tests/test-alert-dialog.p/meson-generated_.._adwaita-test-resources.c.o
[384/614] Compiling C object demo/adwaita-1-demo.p/pages_navigation-view_adw-demo-page-navigation-view.c.o
[385/614] Compiling C object tests/test-accent-color.p/meson-generated_.._adwaita-test-resources.c.o
[386/614] Compiling C object demo/adwaita-1-demo.p/adw-demo-debug-info.c.o
[387/614] Compiling C object tests/test-application-window.p/meson-generated_.._adwaita-test-resources.c.o
[388/614] Compiling C object demo/adwaita-1-demo.p/adw-demo-sidebar-item.c.o
[389/614] Compiling C object tests/test-animation-target.p/meson-generated_.._adwaita-test-resources.c.o
[390/614] Compiling C object tests/test-avatar.p/meson-generated_.._adwaita-test-resources.c.o
[391/614] Compiling C object demo/adwaita-1-demo.p/adw-demo-window.c.o
[392/614] Compiling C object tests/manual/test-view-switcher-bars.p/test-view-switcher-bars.c.o
[393/614] Compiling C object tests/test-animation.p/meson-generated_.._adwaita-test-resources.c.o
[394/614] Compiling C object tests/test-back-button.p/meson-generated_.._adwaita-test-resources.c.o
[395/614] Compiling C object tests/test-banner.p/meson-generated_.._adwaita-test-resources.c.o
[396/614] Compiling C object tests/test-bin.p/meson-generated_.._adwaita-test-resources.c.o
[397/614] Compiling C object demo/adwaita-1-demo.p/pages_welcome_adw-demo-page-welcome.c.o
[398/614] Compiling C object tests/test-breakpoint-bin.p/meson-generated_.._adwaita-test-resources.c.o
[399/614] Compiling C object demo/adwaita-1-demo.p/adw-demo-preferences-dialog.c.o
[400/614] Compiling C object tests/test-button-content.p/meson-generated_.._adwaita-test-resources.c.o
[401/614] Compiling C object tests/test-bottom-sheet.p/meson-generated_.._adwaita-test-resources.c.o
[402/614] Compiling C object tests/manual/test-view-switchers.p/test-view-switchers.c.o
[403/614] Compiling C object tests/test-button-row.p/meson-generated_.._adwaita-test-resources.c.o
[404/614] Compiling C object tests/test-breakpoint.p/meson-generated_.._adwaita-test-resources.c.o
[405/614] Compiling C object tests/test-about-dialog.p/test-about-dialog.c.o
[406/614] Compiling C object tests/test-about-window.p/test-about-window.c.o
[407/614] Compiling C object tests/test-animation.p/test-animation.c.o
[408/614] Compiling C object tests/test-accent-color.p/test-accent-color.c.o
[409/614] Compiling C object tests/test-carousel.p/meson-generated_.._adwaita-test-resources.c.o
[410/614] Compiling C object tests/test-application-window.p/test-application-window.c.o
[411/614] Compiling C object tests/test-animation-target.p/test-animation-target.c.o
[412/614] Compiling C object tests/test-avatar.p/test-avatar.c.o
[413/614] Compiling C object tests/test-alert-dialog.p/test-alert-dialog.c.o
[414/614] Compiling C object tests/test-action-row.p/test-action-row.c.o
[415/614] Compiling C object tests/test-combo-row.p/meson-generated_.._adwaita-test-resources.c.o
[416/614] Compiling C object tests/test-carousel-indicator-dots.p/meson-generated_.._adwaita-test-resources.c.o
[417/614] Compiling C object tests/test-css-class-binding.p/meson-generated_.._adwaita-test-resources.c.o
[418/614] Compiling C object tests/test-carousel-indicator-lines.p/meson-generated_.._adwaita-test-resources.c.o
[419/614] Compiling C object tests/test-back-button.p/test-back-button.c.o
[420/614] Compiling C object tests/test-dialog.p/meson-generated_.._adwaita-test-resources.c.o
[421/614] Compiling C object tests/test-banner.p/test-banner.c.o
[422/614] Compiling C object tests/test-entry-row.p/meson-generated_.._adwaita-test-resources.c.o
[423/614] Compiling C object tests/test-expander-row.p/meson-generated_.._adwaita-test-resources.c.o
[424/614] Compiling C object tests/test-easing.p/meson-generated_.._adwaita-test-resources.c.o
[425/614] Compiling C object tests/test-bin.p/test-bin.c.o
[426/614] Compiling C object tests/test-bottom-sheet.p/test-bottom-sheet.c.o
[427/614] Compiling C object tests/test-breakpoint.p/test-breakpoint.c.o
[428/614] Compiling C object tests/test-button-content.p/test-button-content.c.o
[429/614] Compiling C object tests/test-breakpoint-bin.p/test-breakpoint-bin.c.o
[430/614] Compiling C object tests/test-header-bar.p/meson-generated_.._adwaita-test-resources.c.o
[431/614] Linking target src/libadwaita-1.so.0
[432/614] Compiling C object tests/test-flap.p/meson-generated_.._adwaita-test-resources.c.o
[433/614] Compiling C object tests/test-button-row.p/test-button-row.c.o
[434/614] Compiling C object tests/test-inline-view-switcher.p/meson-generated_.._adwaita-test-resources.c.o
[435/614] Compiling C object tests/test-carousel.p/test-carousel.c.o
[436/614] Compiling C object tests/test-multi-layout-view.p/meson-generated_.._adwaita-test-resources.c.o
[437/614] Compiling C object tests/test-leaflet.p/meson-generated_.._adwaita-test-resources.c.o
[438/614] Compiling C object tests/test-navigation-view.p/meson-generated_.._adwaita-test-resources.c.o
[439/614] Compiling C object tests/test-message-dialog.p/meson-generated_.._adwaita-test-resources.c.o
[440/614] Compiling C object tests/test-dialog.p/test-dialog.c.o
[441/614] Compiling C object tests/test-carousel-indicator-lines.p/test-carousel-indicator-lines.c.o
[442/614] Compiling C object tests/test-carousel-indicator-dots.p/test-carousel-indicator-dots.c.o
[443/614] Compiling C object tests/test-navigation-split-view.p/meson-generated_.._adwaita-test-resources.c.o
[444/614] Compiling C object tests/test-overlay-split-view.p/meson-generated_.._adwaita-test-resources.c.o
[445/614] Compiling C object tests/test-combo-row.p/test-combo-row.c.o
[446/614] Compiling C object tests/test-entry-row.p/test-entry-row.c.o
[447/614] Compiling C object tests/test-password-entry-row.p/meson-generated_.._adwaita-test-resources.c.o
[448/614] Compiling C object tests/test-easing.p/test-easing.c.o
[449/614] Generating symbol file src/libadwaita-1.so.0.p/libadwaita-1.so.0.symbols
[450/614] Compiling C object tests/test-preferences-dialog.p/meson-generated_.._adwaita-test-resources.c.o
[451/614] Compiling C object tests/test-preferences-group.p/meson-generated_.._adwaita-test-resources.c.o
[452/614] Compiling C object tests/test-expander-row.p/test-expander-row.c.o
[453/614] Compiling C object tests/test-preferences-row.p/meson-generated_.._adwaita-test-resources.c.o
[454/614] Compiling C object tests/test-preferences-page.p/meson-generated_.._adwaita-test-resources.c.o
[455/614] Compiling C object tests/test-preferences-window.p/meson-generated_.._adwaita-test-resources.c.o
[456/614] Compiling C object tests/test-flap.p/test-flap.c.o
[457/614] Compiling C object tests/test-header-bar.p/test-header-bar.c.o
[458/614] Compiling C object tests/test-css-class-binding.p/test-css-class-binding.c.o
[459/614] Compiling C object tests/test-leaflet.p/test-leaflet.c.o
[460/614] Compiling C object tests/test-sidebar.p/meson-generated_.._adwaita-test-resources.c.o
[461/614] Compiling C object tests/test-inline-view-switcher.p/test-inline-view-switcher.c.o
[462/614] Compiling C object tests/test-sidebar-item.p/meson-generated_.._adwaita-test-resources.c.o
[463/614] Compiling C object tests/test-message-dialog.p/test-message-dialog.c.o
[464/614] Compiling C object tests/test-sidebar-section.p/meson-generated_.._adwaita-test-resources.c.o
[465/614] Compiling C object tests/test-multi-layout-view.p/test-multi-layout-view.c.o
[466/614] Compiling C object tests/test-navigation-split-view.p/test-navigation-split-view.c.o
[467/614] Compiling C object tests/test-shortcut-label.p/meson-generated_.._adwaita-test-resources.c.o
[468/614] Compiling C object tests/test-spinner.p/meson-generated_.._adwaita-test-resources.c.o
[469/614] Compiling C object tests/test-navigation-view.p/test-navigation-view.c.o
[470/614] Compiling C object tests/test-spinner-paintable.p/meson-generated_.._adwaita-test-resources.c.o
[471/614] Compiling C object tests/test-password-entry-row.p/test-password-entry-row.c.o
[472/614] Compiling C object tests/test-spin-row.p/meson-generated_.._adwaita-test-resources.c.o
[473/614] Compiling C object tests/test-preferences-group.p/test-preferences-group.c.o
[474/614] Compiling C object tests/test-preferences-dialog.p/test-preferences-dialog.c.o
[475/614] Compiling C object tests/test-split-button.p/meson-generated_.._adwaita-test-resources.c.o
[476/614] Compiling C object tests/test-preferences-window.p/test-preferences-window.c.o
[477/614] Compiling C object tests/test-preferences-page.p/test-preferences-page.c.o
[478/614] Compiling C object tests/test-squeezer.p/meson-generated_.._adwaita-test-resources.c.o
[479/614] Compiling C object tests/test-status-page.p/meson-generated_.._adwaita-test-resources.c.o
[480/614] Compiling C object tests/test-overlay-split-view.p/test-overlay-split-view.c.o
[481/614] Compiling C object tests/test-preferences-row.p/test-preferences-row.c.o
[482/614] Compiling C object tests/test-style-manager.p/meson-generated_.._adwaita-test-resources.c.o
[483/614] Compiling C object tests/test-switch-row.p/meson-generated_.._adwaita-test-resources.c.o
[484/614] Compiling C object tests/test-tab-bar.p/meson-generated_.._adwaita-test-resources.c.o
[485/614] Compiling C object tests/test-sidebar.p/test-sidebar.c.o
[486/614] Compiling C object tests/test-tab-button.p/meson-generated_.._adwaita-test-resources.c.o
[487/614] Compiling C object tests/test-sidebar-item.p/test-sidebar-item.c.o
[488/614] Compiling C object tests/test-tab-overview.p/meson-generated_.._adwaita-test-resources.c.o
[489/614] Compiling C object tests/test-timed-animation.p/meson-generated_.._adwaita-test-resources.c.o
[490/614] Compiling C object tests/test-sidebar-section.p/test-sidebar-section.c.o
[491/614] Compiling C object tests/test-tab-view.p/meson-generated_.._adwaita-test-resources.c.o
[492/614] Compiling C object tests/test-spin-row.p/test-spin-row.c.o
[493/614] Compiling C object tests/test-toast-overlay.p/meson-generated_.._adwaita-test-resources.c.o
[494/614] Compiling C object tests/test-spinner.p/test-spinner.c.o
[495/614] Compiling C object tests/test-toast.p/meson-generated_.._adwaita-test-resources.c.o
[496/614] Compiling C object tests/test-shortcut-label.p/test-shortcut-label.c.o
[497/614] Compiling C object tests/test-toggle-group.p/meson-generated_.._adwaita-test-resources.c.o
[498/614] Compiling C object tests/test-split-button.p/test-split-button.c.o
[499/614] Compiling C object tests/test-squeezer.p/test-squeezer.c.o
[500/614] Compiling C object tests/test-toolbar-view.p/meson-generated_.._adwaita-test-resources.c.o
[501/614] Compiling C object tests/test-spinner-paintable.p/test-spinner-paintable.c.o
[502/614] Compiling C object tests/test-style-manager.p/test-style-manager.c.o
[503/614] Compiling C object tests/test-view-switcher.p/meson-generated_.._adwaita-test-resources.c.o
[504/614] Compiling C object tests/test-tab-bar.p/test-tab-bar.c.o
[505/614] Compiling C object tests/test-window.p/meson-generated_.._adwaita-test-resources.c.o
[506/614] Compiling C object tests/test-window-title.p/meson-generated_.._adwaita-test-resources.c.o
[507/614] Compiling C object tests/test-switch-row.p/test-switch-row.c.o
[508/614] Compiling C object tests/test-status-page.p/test-status-page.c.o
[509/614] Compiling C object tests/test-view-switcher-bar.p/meson-generated_.._adwaita-test-resources.c.o
[510/614] Compiling C object tests/test-wrap-layout.p/meson-generated_.._adwaita-test-resources.c.o
[511/614] Compiling C object tests/test-view-switcher-sidebar.p/meson-generated_.._adwaita-test-resources.c.o
[512/614] Compiling C object tests/test-tab-button.p/test-tab-button.c.o
[513/614] Compiling C object doc/tools/screenshot.p/meson-generated_.._screenshot-resources.c.o
[514/614] Compiling C object tests/test-toast.p/test-toast.c.o
[515/614] Compiling C object tests/test-timed-animation.p/test-timed-animation.c.o
[516/614] Compiling C object tests/test-tab-view.p/test-tab-view.c.o
[517/614] Compiling C object tests/test-tab-overview.p/test-tab-overview.c.o
[518/614] Compiling C object tests/test-view-switcher.p/test-view-switcher.c.o
[519/614] Compiling C object tests/test-toggle-group.p/test-toggle-group.c.o
[520/614] Compiling C object tests/test-toast-overlay.p/test-toast-overlay.c.o
[521/614] Compiling C object tests/test-view-switcher-sidebar.p/test-view-switcher-sidebar.c.o
[522/614] Compiling C object tests/test-window.p/test-window.c.o
[523/614] Compiling C object tests/test-toolbar-view.p/test-toolbar-view.c.o
[524/614] Compiling C object tests/test-view-switcher-bar.p/test-view-switcher-bar.c.o
[525/614] Compiling C object tests/test-window-title.p/test-window-title.c.o
[526/614] Compiling C object tests/test-wrap-layout.p/test-wrap-layout.c.o
[527/614] Compiling C object doc/tools/screenshot.p/screenshot.c.o
[528/614] Linking target examples/hello-world/hello
[529/614] Linking target tests/manual/test-shortcut-labels
[530/614] Linking target tests/manual/test-shortcuts-dialogs
[531/614] Linking target tests/manual/test-avatar-colors
[532/614] Linking target tests/manual/test-navigation
[533/614] Linking target tests/manual/test-breakpoints
[534/614] Linking target tests/manual/test-button-states
[535/614] Linking target tests/manual/test-view-switchers
[536/614] Linking target tests/manual/test-alert-dialogs
[537/614] Linking target tests/manual/test-toggle-groups
[538/614] Linking target tests/manual/test-split-views
[539/614] Linking target tests/manual/test-view-switcher-bars
[540/614] Linking target tests/manual/test-toolbars
[541/614] Linking target demo/adwaita-1-demo
[542/614] Generating src/Adw-1.gir with a custom command (wrapped by meson to set env)
[543/614] Generating src/Adw-1.typelib with a custom command
[544/614] Generating src/libadwaita-1.vapi with a custom command
[545/614] Linking target tests/test-application-window
[546/614] Linking target tests/test-breakpoint
[547/614] Linking target tests/test-dialog
[548/614] Linking target tests/test-about-dialog
[549/614] Linking target tests/test-back-button
[550/614] Linking target tests/test-carousel-indicator-dots
[551/614] Linking target tests/test-carousel-indicator-lines
[552/614] Linking target tests/test-animation
[553/614] Linking target tests/test-accent-color
[554/614] Linking target tests/test-bottom-sheet
[555/614] Linking target tests/test-alert-dialog
[556/614] Linking target tests/test-action-row
[557/614] Linking target tests/test-button-row
[558/614] Linking target tests/test-banner
[559/614] Linking target tests/test-about-window
[560/614] Linking target tests/test-avatar
[561/614] Linking target tests/test-css-class-binding
[562/614] Linking target tests/test-animation-target
[563/614] Linking target tests/test-combo-row
[564/614] Linking target tests/test-button-content
[565/614] Linking target tests/test-bin
[566/614] Linking target tests/test-easing
[567/614] Linking target tests/test-breakpoint-bin
[568/614] Linking target tests/test-carousel
[569/614] Linking target tests/test-entry-row
[570/614] Linking target tests/test-flap
[571/614] Linking target tests/test-navigation-view
[572/614] Linking target tests/test-inline-view-switcher
[573/614] Linking target tests/test-expander-row
[574/614] Linking target tests/test-header-bar
[575/614] Linking target tests/test-overlay-split-view
[576/614] Linking target tests/test-navigation-split-view
[577/614] Linking target tests/test-multi-layout-view
[578/614] Linking target tests/test-sidebar
[579/614] Linking target tests/test-shortcut-label
[580/614] Linking target tests/test-preferences-row
[581/614] Linking target tests/test-message-dialog
[582/614] Linking target tests/test-leaflet
[583/614] Linking target tests/test-preferences-group
[584/614] Linking target tests/test-spinner
[585/614] Linking target tests/test-password-entry-row
[586/614] Linking target tests/test-spin-row
[587/614] Linking target tests/test-preferences-window
[588/614] Linking target tests/test-preferences-page
[589/614] Linking target tests/test-spinner-paintable
[590/614] Linking target tests/test-sidebar-item
[591/614] Linking target tests/test-squeezer
[592/614] Linking target tests/test-preferences-dialog
[593/614] Linking target tests/test-sidebar-section
[594/614] Linking target doc/tools/screenshot
[595/614] Linking target tests/test-style-manager
[596/614] Linking target tests/test-status-page
[597/614] Linking target tests/test-split-button
[598/614] Linking target tests/test-tab-overview
[599/614] Linking target tests/test-toast
[600/614] Linking target tests/test-tab-view
[601/614] Linking target tests/test-toolbar-view
[602/614] Linking target tests/test-switch-row
[603/614] Linking target tests/test-timed-animation
[604/614] Linking target tests/test-tab-bar
[605/614] Linking target tests/test-tab-button
[606/614] Linking target tests/test-toast-overlay
[607/614] Linking target tests/test-toggle-group
[608/614] Linking target tests/test-view-switcher
[609/614] Linking target tests/test-window-title
[610/614] Linking target tests/test-wrap-layout
[611/614] Linking target tests/test-view-switcher-sidebar
[612/614] Linking target tests/test-view-switcher-bar
[613/614] Linking target tests/test-window
[614/614] Generating doc/libadwaita-doc with a custom command
INFO: autodetecting backend as ninja
INFO: calculating backend command to run: /usr/bin/ninja -C /build/libadwaita-git/src/build
