The no-dev option is deprecated.  Use -Wno-author instead.
-- The CXX compiler identification is GNU 16.2.1
-- The C compiler identification is GNU 16.2.1
-- Detecting CXX compiler ABI info
-- Detecting CXX compiler ABI info - done
-- Check for working CXX compiler: /usr/bin/c++ - skipped
-- Detecting CXX compile features
-- Detecting CXX compile features - done
-- Detecting C compiler ABI info
-- Detecting C compiler ABI info - done
-- Check for working C compiler: /usr/bin/cc - skipped
-- Detecting C compile features
-- Detecting C compile features - done
-- Could NOT find Geas, use Geas_ROOT to hint its location (missing: GEAS_INCLUDE GEAS_LIBRARY) 
-- Could NOT find Gecode, use Gecode_ROOT to hint its location (missing: GECODE_INCLUDE GECODE_LIBRARY Driver Float Int Kernel Minimodel Search Set Support) (Required is at least version "6.2")
CMake Warning at CMakeLists.txt:41 (find_package):
  By not providing "Findatlantis.cmake" in CMAKE_MODULE_PATH this project has
  asked CMake to find a package configuration file provided by "atlantis",
  but CMake did not find one.

  Could not find a package configuration file provided by "atlantis" with any
  of the following names:

    atlantis.cps
    atlantisConfig.cmake
    atlantis-config.cmake

  Add the installation prefix of "atlantis" to CMAKE_PREFIX_PATH or set
  "atlantis_DIR" to a directory containing one of the above files.  If
  "atlantis" provides a separate development package or SDK, be sure it has
  been installed.


CMake Warning at CMakeLists.txt:42 (find_package):
  By not providing "Findchuffed.cmake" in CMAKE_MODULE_PATH this project has
  asked CMake to find a package configuration file provided by "chuffed", but
  CMake did not find one.

  Could not find a package configuration file provided by "chuffed" with any
  of the following names:

    chuffed.cps
    chuffedConfig.cmake
    chuffed-config.cmake

  Add the installation prefix of "chuffed" to CMAKE_PREFIX_PATH or set
  "chuffed_DIR" to a directory containing one of the above files.  If
  "chuffed" provides a separate development package or SDK, be sure it has
  been installed.


-- Found ZLIB: /usr/lib/libz.so (found version "1.3.2")
-- Found OsiCBC: /usr/include;/usr/include/coin (found version "")
-- Performing Test CMAKE_HAVE_LIBC_PTHREAD
-- Performing Test CMAKE_HAVE_LIBC_PTHREAD - Success
-- Found Threads: TRUE
-- Found BISON: /usr/bin/bison (found suitable version "3.8.2", minimum required is "3.4")
-- Found FLEX: /usr/bin/flex (found suitable version "2.6.4", minimum required is "2.5")

----- MiniZinc build configuration ----
MiniZinc version: 2.10.0 
Enabled drivers:
	CPLEX: (PLUGIN)
	Gurobi: (PLUGIN)
	HiGHS: (PLUGIN)
	OSICBC : /usr/include;/usr/include/coin
	SCIP: (PLUGIN)
	XPress: (PLUGIN)
---------------------------------------

-- Configuring done (1.3s)
-- Generating done (0.0s)
CMake Warning (unused-cli):
  Manually-specified variables were not used by the project:

    FETCHCONTENT_QUIET


-- Build files have been written to: /build/libminizinc-git/src/build
[  2%] [BISON][MZNParser] Building parser with bison 3.8.2
[  2%] [FLEX][MZNLexer] Building scanner with flex 2.6.4
[  3%] Building CXX object CMakeFiles/minizinc_parser.dir/parser.tab.cpp.o
[  4%] Building CXX object CMakeFiles/minizinc_parser.dir/lexer.yy.cpp.o
[  4%] Built target minizinc_parser
[ 10%] Building CXX object CMakeFiles/minizinc_mip.dir/lib/utils_savestream.cpp.o
[ 10%] Building CXX object CMakeFiles/minizinc_mip.dir/solvers/MIP/MIP_solverinstance.cpp.o
[ 10%] Building CXX object CMakeFiles/minizinc_fzn.dir/solvers/fzn/fzn_solverinstance.cpp.o
[ 13%] Building CXX object CMakeFiles/minizinc_fzn.dir/solvers/mzn/mzn_solverinstance.cpp.o
[ 10%] Building CXX object CMakeFiles/minizinc_fzn.dir/solvers/mzn/mzn_solverfactory.cpp.o
[ 13%] Building CXX object CMakeFiles/minizinc_mip.dir/lib/algorithms/min_cut.cpp.o
[ 13%] Building CXX object CMakeFiles/minizinc_nl.dir/solvers/nl/nl_components.cpp.o
[ 13%] Building CXX object CMakeFiles/minizinc_fzn.dir/solvers/fzn/fzn_solverfactory.cpp.o
[ 14%] Building CXX object CMakeFiles/minizinc_nl.dir/solvers/nl/nl_solverinstance.cpp.o
[ 17%] Building CXX object CMakeFiles/minizinc_nl.dir/solvers/nl/nl_solreader.cpp.o
[ 17%] Building CXX object CMakeFiles/minizinc_nl.dir/solvers/nl/nl_file.cpp.o
[ 17%] Building CXX object CMakeFiles/minizinc_nl.dir/solvers/nl/nl_solverfactory.cpp.o
In file included from /build/libminizinc-git/src/libminizinc/solvers/mzn/mzn_solverinstance.cpp:16:
/build/libminizinc-git/src/libminizinc/include/minizinc/process.hh: In member function ‘int MiniZinc::Process<S2O>::run() [with S2O = MiniZinc::Solns2Log]’:
/build/libminizinc-git/src/libminizinc/include/minizinc/process.hh:335:9: warning: ignoring return value of ‘int pipe(int*)’ declared with attribute ‘warn_unused_result’ [-Wunused-result]
  335 |     pipe(pipes[0]);
      |     ~~~~^~~~~~~~~~
/build/libminizinc-git/src/libminizinc/include/minizinc/process.hh:336:9: warning: ignoring return value of ‘int pipe(int*)’ declared with attribute ‘warn_unused_result’ [-Wunused-result]
  336 |     pipe(pipes[1]);
      |     ~~~~^~~~~~~~~~
/build/libminizinc-git/src/libminizinc/include/minizinc/process.hh:337:9: warning: ignoring return value of ‘int pipe(int*)’ declared with attribute ‘warn_unused_result’ [-Wunused-result]
  337 |     pipe(pipes[2]);
      |     ~~~~^~~~~~~~~~
In file included from /build/libminizinc-git/src/libminizinc/solvers/fzn/fzn_solverinstance.cpp:21:
/build/libminizinc-git/src/libminizinc/include/minizinc/process.hh: In member function ‘int MiniZinc::Process<S2O>::run() [with S2O = MiniZinc::Solns2OutInteractive]’:
/build/libminizinc-git/src/libminizinc/include/minizinc/process.hh:335:9: warning: ignoring return value of ‘int pipe(int*)’ declared with attribute ‘warn_unused_result’ [-Wunused-result]
  335 |     pipe(pipes[0]);
      |     ~~~~^~~~~~~~~~
/build/libminizinc-git/src/libminizinc/include/minizinc/process.hh:336:9: warning: ignoring return value of ‘int pipe(int*)’ declared with attribute ‘warn_unused_result’ [-Wunused-result]
  336 |     pipe(pipes[1]);
      |     ~~~~^~~~~~~~~~
/build/libminizinc-git/src/libminizinc/include/minizinc/process.hh:337:9: warning: ignoring return value of ‘int pipe(int*)’ declared with attribute ‘warn_unused_result’ [-Wunused-result]
  337 |     pipe(pipes[2]);
      |     ~~~~^~~~~~~~~~
/build/libminizinc-git/src/libminizinc/include/minizinc/process.hh: In member function ‘int MiniZinc::Process<S2O>::run() [with S2O = MiniZinc::Solns2Out]’:
/build/libminizinc-git/src/libminizinc/include/minizinc/process.hh:335:9: warning: ignoring return value of ‘int pipe(int*)’ declared with attribute ‘warn_unused_result’ [-Wunused-result]
  335 |     pipe(pipes[0]);
      |     ~~~~^~~~~~~~~~
/build/libminizinc-git/src/libminizinc/include/minizinc/process.hh:336:9: warning: ignoring return value of ‘int pipe(int*)’ declared with attribute ‘warn_unused_result’ [-Wunused-result]
  336 |     pipe(pipes[1]);
      |     ~~~~^~~~~~~~~~
/build/libminizinc-git/src/libminizinc/include/minizinc/process.hh:337:9: warning: ignoring return value of ‘int pipe(int*)’ declared with attribute ‘warn_unused_result’ [-Wunused-result]
  337 |     pipe(pipes[2]);
      |     ~~~~^~~~~~~~~~
/build/libminizinc-git/src/libminizinc/include/minizinc/process.hh: In member function ‘int MiniZinc::Process<S2O>::run() [with S2O = MiniZinc::Solns2Log]’:
/build/libminizinc-git/src/libminizinc/include/minizinc/process.hh:335:9: warning: ignoring return value of ‘int pipe(int*)’ declared with attribute ‘warn_unused_result’ [-Wunused-result]
  335 |     pipe(pipes[0]);
      |     ~~~~^~~~~~~~~~
/build/libminizinc-git/src/libminizinc/include/minizinc/process.hh:336:9: warning: ignoring return value of ‘int pipe(int*)’ declared with attribute ‘warn_unused_result’ [-Wunused-result]
  336 |     pipe(pipes[1]);
      |     ~~~~^~~~~~~~~~
/build/libminizinc-git/src/libminizinc/include/minizinc/process.hh:337:9: warning: ignoring return value of ‘int pipe(int*)’ declared with attribute ‘warn_unused_result’ [-Wunused-result]
  337 |     pipe(pipes[2]);
      |     ~~~~^~~~~~~~~~
In file included from /build/libminizinc-git/src/libminizinc/solvers/nl/nl_solverinstance.cpp:12:
/build/libminizinc-git/src/libminizinc/include/minizinc/process.hh: In member function ‘int MiniZinc::Process<S2O>::run() [with S2O = MiniZinc::NLSolns2Out]’:
/build/libminizinc-git/src/libminizinc/include/minizinc/process.hh:335:9: warning: ignoring return value of ‘int pipe(int*)’ declared with attribute ‘warn_unused_result’ [-Wunused-result]
  335 |     pipe(pipes[0]);
      |     ~~~~^~~~~~~~~~
/build/libminizinc-git/src/libminizinc/include/minizinc/process.hh:336:9: warning: ignoring return value of ‘int pipe(int*)’ declared with attribute ‘warn_unused_result’ [-Wunused-result]
  336 |     pipe(pipes[1]);
      |     ~~~~^~~~~~~~~~
/build/libminizinc-git/src/libminizinc/include/minizinc/process.hh:337:9: warning: ignoring return value of ‘int pipe(int*)’ declared with attribute ‘warn_unused_result’ [-Wunused-result]
  337 |     pipe(pipes[2]);
      |     ~~~~^~~~~~~~~~
[ 17%] Built target minizinc_mip
[ 23%] Building CXX object CMakeFiles/minizinc_cplex.dir/solvers/MIP/MIP_cplex_solverfactory.cpp.o
[ 23%] Building CXX object CMakeFiles/minizinc_xpress.dir/solvers/MIP/MIP_xpress_wrap.cpp.o
[ 23%] Building CXX object CMakeFiles/minizinc_gurobi.dir/solvers/MIP/MIP_gurobi_wrap.cpp.o
[ 23%] Building CXX object CMakeFiles/minizinc_scip.dir/solvers/MIP/MIP_scip_wrap.cpp.o
[ 23%] Building CXX object CMakeFiles/minizinc_scip.dir/solvers/MIP/MIP_scip_solverfactory.cpp.o
[ 24%] Building CXX object CMakeFiles/minizinc_osicbc.dir/solvers/MIP/MIP_osicbc_solverfactory.cpp.o
[ 25%] Building CXX object CMakeFiles/minizinc_gurobi.dir/solvers/MIP/MIP_gurobi_solverfactory.cpp.o
[ 26%] Building CXX object CMakeFiles/minizinc_cplex.dir/solvers/MIP/MIP_cplex_wrap.cpp.o
[ 28%] Building CXX object CMakeFiles/minizinc_highs.dir/solvers/MIP/MIP_highs_solverfactory.cpp.o
[ 30%] Building CXX object CMakeFiles/minizinc_xpress.dir/solvers/MIP/MIP_xpress_solverfactory.cpp.o
[ 30%] Building CXX object CMakeFiles/minizinc_osicbc.dir/solvers/MIP/MIP_osicbc_wrap.cpp.o
[ 31%] Building CXX object CMakeFiles/minizinc_highs.dir/solvers/MIP/MIP_highs_wrap.cpp.o
[ 31%] Built target minizinc_fzn
[ 31%] Built target minizinc_nl
[ 31%] Built target minizinc_gurobi
[ 31%] Built target minizinc_scip
[ 31%] Built target minizinc_cplex
[ 31%] Built target minizinc_xpress
[ 31%] Built target minizinc_osicbc
[ 31%] Built target minizinc_highs
[ 34%] Building CXX object CMakeFiles/mzn.dir/lib/exception.cpp.o
[ 34%] Building CXX object CMakeFiles/mzn.dir/lib/astvec.cpp.o
[ 34%] Building CXX object CMakeFiles/mzn.dir/lib/blackbox.cpp.o
[ 38%] Building CXX object CMakeFiles/mzn.dir/lib/MIPdomains.cpp.o
[ 40%] Building CXX object CMakeFiles/mzn.dir/lib/copy.cpp.o
[ 40%] Building CXX object CMakeFiles/mzn.dir/lib/ast.cpp.o
[ 38%] Building CXX object CMakeFiles/mzn.dir/lib/astexception.cpp.o
[ 38%] Building CXX object CMakeFiles/mzn.dir/lib/builtins.cpp.o
[ 41%] Building CXX object CMakeFiles/mzn.dir/lib/aststring.cpp.o
[ 42%] Building CXX object CMakeFiles/mzn.dir/lib/eval_par.cpp.o
[ 43%] Building CXX object CMakeFiles/mzn.dir/lib/flatten.cpp.o
[ 44%] Building CXX object CMakeFiles/mzn.dir/lib/flatten/flat_exp.cpp.o
[ 48%] Building CXX object CMakeFiles/mzn.dir/lib/flatten/flatten_arrayaccess.cpp.o
[ 48%] Building CXX object CMakeFiles/mzn.dir/lib/file_utils.cpp.o
[ 48%] Building CXX object CMakeFiles/mzn.dir/lib/flatten/flatten_anon.cpp.o
[ 49%] Building CXX object CMakeFiles/mzn.dir/lib/chain_compressor.cpp.o
[ 50%] Building CXX object CMakeFiles/mzn.dir/lib/flatten/flatten_arraylit.cpp.o
[ 51%] Building CXX object CMakeFiles/mzn.dir/lib/flatten/flatten_call.cpp.o
[ 52%] Building CXX object CMakeFiles/mzn.dir/lib/flatten/flatten_comp.cpp.o
[ 53%] Building CXX object CMakeFiles/mzn.dir/lib/flatten/flatten_binop.cpp.o
[ 55%] Building CXX object CMakeFiles/mzn.dir/lib/flatten/flatten_fieldaccess.cpp.o
[ 56%] Building CXX object CMakeFiles/mzn.dir/lib/flatten/flatten_id.cpp.o
[ 57%] Building CXX object CMakeFiles/mzn.dir/lib/flatten/flatten_ite.cpp.o
[ 58%] Building CXX object CMakeFiles/mzn.dir/lib/flatten/flatten_let.cpp.o
[ 59%] Building CXX object CMakeFiles/mzn.dir/lib/flatten/flatten_par.cpp.o
[ 60%] Building CXX object CMakeFiles/mzn.dir/lib/flatten/flatten_setlit.cpp.o
[ 61%] Building CXX object CMakeFiles/mzn.dir/lib/flatten/flatten_unop.cpp.o
[ 62%] Building CXX object CMakeFiles/mzn.dir/lib/flatten/flatten_vardecl.cpp.o
[ 64%] Building CXX object CMakeFiles/mzn.dir/lib/flattener.cpp.o
[ 65%] Building CXX object CMakeFiles/mzn.dir/lib/gc.cpp.o
[ 66%] Building CXX object CMakeFiles/mzn.dir/lib/htmlprinter.cpp.o
[ 67%] Building CXX object CMakeFiles/mzn.dir/lib/json_parser.cpp.o
[ 68%] Building C object CMakeFiles/mzn.dir/lib/thirdparty/cdecode.c.o
[ 69%] Building C object CMakeFiles/mzn.dir/lib/thirdparty/cencode.c.o
[ 70%] Building C object CMakeFiles/mzn.dir/lib/thirdparty/miniz.c.o
/build/libminizinc-git/src/libminizinc/lib/thirdparty/miniz.c:3089:9: note: ‘#pragma message: Using fopen, ftello, fseeko, stat() etc. path for file I/O - this path may not support large files.’
 3089 | #pragma message("Using fopen, ftello, fseeko, stat() etc. path for file I/O - this path may not support large files.")
      |         ^~~~~~~
[ 71%] Building CXX object CMakeFiles/mzn.dir/lib/model.cpp.o
[ 73%] Building CXX object CMakeFiles/mzn.dir/lib/optimize.cpp.o
[ 74%] Building CXX object CMakeFiles/mzn.dir/lib/optimize_constraints.cpp.o
[ 75%] Building CXX object CMakeFiles/mzn.dir/lib/output.cpp.o
[ 76%] Building CXX object CMakeFiles/mzn.dir/lib/param_config.cpp.o
[ 77%] Building CXX object CMakeFiles/mzn.dir/lib/parser.cpp.o
[ 78%] Building CXX object CMakeFiles/mzn.dir/lib/passes/compile_pass.cpp.o
[ 79%] Building CXX object CMakeFiles/mzn.dir/lib/pathfileprinter.cpp.o
[ 80%] Building CXX object CMakeFiles/mzn.dir/lib/prettyprinter.cpp.o
[ 82%] Building CXX object CMakeFiles/mzn.dir/lib/solns2out.cpp.o
[ 83%] Building CXX object CMakeFiles/mzn.dir/lib/solver.cpp.o
[ 84%] Building CXX object CMakeFiles/mzn.dir/lib/solver_config.cpp.o
[ 85%] Building CXX object CMakeFiles/mzn.dir/lib/solver_instance_base.cpp.o
[ 86%] Building CXX object CMakeFiles/mzn.dir/lib/stackdump.cpp.o
[ 87%] Building CXX object CMakeFiles/mzn.dir/lib/statistics.cpp.o
[ 88%] Building CXX object CMakeFiles/mzn.dir/lib/type.cpp.o
[ 89%] Building CXX object CMakeFiles/mzn.dir/lib/typecheck.cpp.o
[ 91%] Building CXX object CMakeFiles/mzn.dir/lib/type_specialise.cpp.o
[ 92%] Building CXX object CMakeFiles/mzn.dir/lib/values.cpp.o
[ 93%] Building CXX object CMakeFiles/mzn.dir/lib/warning.cpp.o
[ 94%] Building CXX object CMakeFiles/mzn.dir/lib/utils.cpp.o
/build/libminizinc-git/src/libminizinc/lib/utils.cpp: In static member function ‘static void MiniZinc::OverflowHandler::OverflowInfo::overflow(int, siginfo_t*, void*)’:
/build/libminizinc-git/src/libminizinc/lib/utils.cpp:25:36: warning: ignoring return value of ‘ssize_t write(int, const void*, size_t)’ declared with attribute ‘warn_unused_result’ [-Wunused-result]
   25 | #define mzn_write(fd, buf, s) write((fd), (buf), (s))
      |                               ~~~~~^~~~~~~~~~~~~~~~~~
/build/libminizinc-git/src/libminizinc/lib/utils.cpp:289:5: note: in expansion of macro ‘mzn_write’
  289 |     mzn_write(2, msg, strlen(msg));
      |     ^~~~~~~~~
/build/libminizinc-git/src/libminizinc/lib/utils.cpp:25:36: warning: ignoring return value of ‘ssize_t write(int, const void*, size_t)’ declared with attribute ‘warn_unused_result’ [-Wunused-result]
   25 | #define mzn_write(fd, buf, s) write((fd), (buf), (s))
      |                               ~~~~~^~~~~~~~~~~~~~~~~~
/build/libminizinc-git/src/libminizinc/lib/utils.cpp:296:5: note: in expansion of macro ‘mzn_write’
  296 |     mzn_write(2, msg, strlen(msg));
      |     ^~~~~~~~~
/build/libminizinc-git/src/libminizinc/lib/utils.cpp:25:36: warning: ignoring return value of ‘ssize_t write(int, const void*, size_t)’ declared with attribute ‘warn_unused_result’ [-Wunused-result]
   25 | #define mzn_write(fd, buf, s) write((fd), (buf), (s))
      |                               ~~~~~^~~~~~~~~~~~~~~~~~
/build/libminizinc-git/src/libminizinc/lib/utils.cpp:298:5: note: in expansion of macro ‘mzn_write’
  298 |     mzn_write(2, msg, strlen(msg));
      |     ^~~~~~~~~
/build/libminizinc-git/src/libminizinc/lib/utils.cpp: In function ‘void MiniZinc::{anonymous}::dump_stack(const std::vector<MiniZinc::EnvI::CallStackEntry>&)’:
/build/libminizinc-git/src/libminizinc/lib/utils.cpp:25:36: warning: ignoring return value of ‘ssize_t write(int, const void*, size_t)’ declared with attribute ‘warn_unused_result’ [-Wunused-result]
   25 | #define mzn_write(fd, buf, s) write((fd), (buf), (s))
      |                               ~~~~~^~~~~~~~~~~~~~~~~~
/build/libminizinc-git/src/libminizinc/lib/utils.cpp:127:3: note: in expansion of macro ‘mzn_write’
  127 |   mzn_write(2, msg, strlen(msg));
      |   ^~~~~~~~~
/build/libminizinc-git/src/libminizinc/lib/utils.cpp:25:36: warning: ignoring return value of ‘ssize_t write(int, const void*, size_t)’ declared with attribute ‘warn_unused_result’ [-Wunused-result]
   25 | #define mzn_write(fd, buf, s) write((fd), (buf), (s))
      |                               ~~~~~^~~~~~~~~~~~~~~~~~
/build/libminizinc-git/src/libminizinc/lib/utils.cpp:129:3: note: in expansion of macro ‘mzn_write’
  129 |   mzn_write(2, buf, strlen(buf));
      |   ^~~~~~~~~
/build/libminizinc-git/src/libminizinc/lib/utils.cpp:25:36: warning: ignoring return value of ‘ssize_t write(int, const void*, size_t)’ declared with attribute ‘warn_unused_result’ [-Wunused-result]
   25 | #define mzn_write(fd, buf, s) write((fd), (buf), (s))
      |                               ~~~~~^~~~~~~~~~~~~~~~~~
/build/libminizinc-git/src/libminizinc/lib/utils.cpp:131:3: note: in expansion of macro ‘mzn_write’
  131 |   mzn_write(2, msg, strlen(msg));
      |   ^~~~~~~~~
/build/libminizinc-git/src/libminizinc/lib/utils.cpp:25:36: warning: ignoring return value of ‘ssize_t write(int, const void*, size_t)’ declared with attribute ‘warn_unused_result’ [-Wunused-result]
   25 | #define mzn_write(fd, buf, s) write((fd), (buf), (s))
      |                               ~~~~~^~~~~~~~~~~~~~~~~~
/build/libminizinc-git/src/libminizinc/lib/utils.cpp:137:7: note: in expansion of macro ‘mzn_write’
  137 |       mzn_write(2, msg, strlen(msg));
      |       ^~~~~~~~~
/build/libminizinc-git/src/libminizinc/lib/utils.cpp:25:36: warning: ignoring return value of ‘ssize_t write(int, const void*, size_t)’ declared with attribute ‘warn_unused_result’ [-Wunused-result]
   25 | #define mzn_write(fd, buf, s) write((fd), (buf), (s))
      |                               ~~~~~^~~~~~~~~~~~~~~~~~
/build/libminizinc-git/src/libminizinc/lib/utils.cpp:139:7: note: in expansion of macro ‘mzn_write’
  139 |       mzn_write(2, buf, strlen(buf));
      |       ^~~~~~~~~
/build/libminizinc-git/src/libminizinc/lib/utils.cpp:25:36: warning: ignoring return value of ‘ssize_t write(int, const void*, size_t)’ declared with attribute ‘warn_unused_result’ [-Wunused-result]
   25 | #define mzn_write(fd, buf, s) write((fd), (buf), (s))
      |                               ~~~~~^~~~~~~~~~~~~~~~~~
/build/libminizinc-git/src/libminizinc/lib/utils.cpp:145:7: note: in expansion of macro ‘mzn_write’
  145 |       mzn_write(2, msg, strlen(msg));
      |       ^~~~~~~~~
/build/libminizinc-git/src/libminizinc/lib/utils.cpp:25:36: warning: ignoring return value of ‘ssize_t write(int, const void*, size_t)’ declared with attribute ‘warn_unused_result’ [-Wunused-result]
   25 | #define mzn_write(fd, buf, s) write((fd), (buf), (s))
      |                               ~~~~~^~~~~~~~~~~~~~~~~~
/build/libminizinc-git/src/libminizinc/lib/utils.cpp:147:7: note: in expansion of macro ‘mzn_write’
  147 |       mzn_write(2, msg, strlen(msg));
      |       ^~~~~~~~~
/build/libminizinc-git/src/libminizinc/lib/utils.cpp:25:36: warning: ignoring return value of ‘ssize_t write(int, const void*, size_t)’ declared with attribute ‘warn_unused_result’ [-Wunused-result]
   25 | #define mzn_write(fd, buf, s) write((fd), (buf), (s))
      |                               ~~~~~^~~~~~~~~~~~~~~~~~
/build/libminizinc-git/src/libminizinc/lib/utils.cpp:149:7: note: in expansion of macro ‘mzn_write’
  149 |       mzn_write(2, msg, strlen(msg));
      |       ^~~~~~~~~
/build/libminizinc-git/src/libminizinc/lib/utils.cpp:25:36: warning: ignoring return value of ‘ssize_t write(int, const void*, size_t)’ declared with attribute ‘warn_unused_result’ [-Wunused-result]
   25 | #define mzn_write(fd, buf, s) write((fd), (buf), (s))
      |                               ~~~~~^~~~~~~~~~~~~~~~~~
/build/libminizinc-git/src/libminizinc/lib/utils.cpp:157:7: note: in expansion of macro ‘mzn_write’
  157 |       mzn_write(2, msg, strlen(msg));
      |       ^~~~~~~~~
/build/libminizinc-git/src/libminizinc/lib/utils.cpp:25:36: warning: ignoring return value of ‘ssize_t write(int, const void*, size_t)’ declared with attribute ‘warn_unused_result’ [-Wunused-result]
   25 | #define mzn_write(fd, buf, s) write((fd), (buf), (s))
      |                               ~~~~~^~~~~~~~~~~~~~~~~~
/build/libminizinc-git/src/libminizinc/lib/utils.cpp:159:7: note: in expansion of macro ‘mzn_write’
  159 |       mzn_write(2, msg, strlen(msg));
      |       ^~~~~~~~~
/build/libminizinc-git/src/libminizinc/lib/utils.cpp:25:36: warning: ignoring return value of ‘ssize_t write(int, const void*, size_t)’ declared with attribute ‘warn_unused_result’ [-Wunused-result]
   25 | #define mzn_write(fd, buf, s) write((fd), (buf), (s))
      |                               ~~~~~^~~~~~~~~~~~~~~~~~
/build/libminizinc-git/src/libminizinc/lib/utils.cpp:161:7: note: in expansion of macro ‘mzn_write’
  161 |       mzn_write(2, buf, strlen(buf));
      |       ^~~~~~~~~
/build/libminizinc-git/src/libminizinc/lib/utils.cpp:25:36: warning: ignoring return value of ‘ssize_t write(int, const void*, size_t)’ declared with attribute ‘warn_unused_result’ [-Wunused-result]
   25 | #define mzn_write(fd, buf, s) write((fd), (buf), (s))
      |                               ~~~~~^~~~~~~~~~~~~~~~~~
/build/libminizinc-git/src/libminizinc/lib/utils.cpp:163:7: note: in expansion of macro ‘mzn_write’
  163 |       mzn_write(2, msg, strlen(msg));
      |       ^~~~~~~~~
/build/libminizinc-git/src/libminizinc/lib/utils.cpp:25:36: warning: ignoring return value of ‘ssize_t write(int, const void*, size_t)’ declared with attribute ‘warn_unused_result’ [-Wunused-result]
   25 | #define mzn_write(fd, buf, s) write((fd), (buf), (s))
      |                               ~~~~~^~~~~~~~~~~~~~~~~~
/build/libminizinc-git/src/libminizinc/lib/utils.cpp:165:7: note: in expansion of macro ‘mzn_write’
  165 |       mzn_write(2, buf, strlen(buf));
      |       ^~~~~~~~~
/build/libminizinc-git/src/libminizinc/lib/utils.cpp:25:36: warning: ignoring return value of ‘ssize_t write(int, const void*, size_t)’ declared with attribute ‘warn_unused_result’ [-Wunused-result]
   25 | #define mzn_write(fd, buf, s) write((fd), (buf), (s))
      |                               ~~~~~^~~~~~~~~~~~~~~~~~
/build/libminizinc-git/src/libminizinc/lib/utils.cpp:167:7: note: in expansion of macro ‘mzn_write’
  167 |       mzn_write(2, msg, strlen(msg));
      |       ^~~~~~~~~
/build/libminizinc-git/src/libminizinc/lib/utils.cpp:25:36: warning: ignoring return value of ‘ssize_t write(int, const void*, size_t)’ declared with attribute ‘warn_unused_result’ [-Wunused-result]
   25 | #define mzn_write(fd, buf, s) write((fd), (buf), (s))
      |                               ~~~~~^~~~~~~~~~~~~~~~~~
/build/libminizinc-git/src/libminizinc/lib/utils.cpp:175:5: note: in expansion of macro ‘mzn_write’
  175 |     mzn_write(2, msg, strlen(msg));
      |     ^~~~~~~~~
[ 95%] Linking CXX static library libmzn.a
[ 95%] Built target mzn
[ 96%] Building CXX object CMakeFiles/minizinc.dir/minizinc.cpp.o
[ 97%] Building CXX object CMakeFiles/mzn2doc.dir/mzn2doc.cpp.o
[ 98%] Linking CXX executable minizinc
[ 98%] Built target minizinc
[100%] Linking CXX executable mzn2doc
[100%] Built target mzn2doc
