The no-dev option is deprecated.  Use -Wno-author instead.
-----------------------------------------------------------------
          Welcome to the OpenShot Build System!

CMake will now check libopenshot's build dependencies and inform
you of any missing files or other issues.

For more information, please visit <http://www.openshot.org/>.
-----------------------------------------------------------------
-- The C compiler identification is GNU 16.2.1
-- The CXX compiler identification is GNU 16.2.1
-- Detecting C compiler ABI info
-- Detecting C compiler ABI info - done
-- Check for working C compiler: /usr/bin/cc - skipped
-- Detecting C compile features
-- Detecting C compile features - done
-- Detecting CXX compiler ABI info
-- Detecting CXX compiler ABI info - done
-- Check for working CXX compiler: /usr/bin/c++ - skipped
-- Detecting CXX compile features
-- Detecting CXX compile features - done

Generating build files for OpenShot with CMake 4.4.2
  Building libopenshot (version 0.7.0)
  SO/API/ABI Version: 30

-- Found PkgConfig: /usr/bin/pkg-config (found version "3.0.5")
-- Found ALSA: /usr/lib/libasound.so (found version "1.2.16.1")
-- Found ZLIB: /usr/lib/libz.so (found version "1.3.2")
-- Found ImageMagick: /usr/lib/libMagick++-7.Q16HDRI.so (found version "7.1.2-29")
-- Looking for system jsoncpp
-- Found jsoncpp: /usr/include (found version "1.9.6")
-- Could NOT find Resvg (missing: Resvg_LIBRARIES Resvg_INCLUDE_DIRS) (found version "")
-- Found Qt5 5.15.19 (components: Core, Gui, Widgets, Svg)
-- Checking for module 'libavcodec'
--   Found libavcodec, version 58.134.100
-- Checking for module 'libavdevice'
--   Found libavdevice, version 58.13.100
-- Checking for module 'libavformat'
--   Found libavformat, version 58.76.100
-- Checking for module 'libavutil'
--   Found libavutil, version 56.70.100
-- Checking for module 'libswscale'
--   Found libswscale, version 5.9.100
-- Checking for module 'libswresample'
--   Found libswresample, version 3.9.100
-- Found FFmpeg: /usr/lib/ffmpeg4.4/libavcodec.so;/usr/lib/ffmpeg4.4/libavdevice.so;/usr/lib/ffmpeg4.4/libavformat.so;/usr/lib/ffmpeg4.4/libavutil.so;/usr/lib/ffmpeg4.4/libswscale.so;/usr/lib/ffmpeg4.4/libswresample.so (found version "n4.4.8") found components: avcodec avdevice avformat avutil swscale swresample
-- Found OpenMP_C: -fopenmp (found version "5.2")
-- Found OpenMP_CXX: -fopenmp (found version "5.2")
-- Found OpenMP: TRUE (found version "5.2")
-- Found ZeroMQ: /usr/lib/libzmq.so (found version "4.3.5")
-- Found babl: /usr/include/babl-0.1 (found version "0.1.128")
CMake Warning at src/CMakeLists.txt:544 (find_package):
  Could not find a configuration file for package "OpenCV" that is compatible
  with requested version "4".

  The following configuration files were considered but not accepted:

    /usr/lib/cmake/opencv5/OpenCVConfig.cmake, version: 5.0.0
      The version found is not compatible with the version requested.
    /lib/cmake/opencv5/OpenCVConfig.cmake, version: 5.0.0
      The version found is not compatible with the version requested.



-- Found SWIG: /usr/bin/swig (found suitable version "4.5.0", minimum required is "3.0")
-- Found PythonInterp: /usr/bin/python3 (found suitable version "3.14.7", minimum required is "3")
-- Found PythonLibs: /usr/lib/libpython3.14.so (found suitable version "3.14.7", minimum required is "3")
-- PYTHON_MODULE_PATH: /usr/lib/python3.14/site-packages
-- Found Doxygen: /usr/bin/doxygen (found version "1.16.1") found components: doxygen missing components: dot
-- Doxygen found, enabling libopenshot documentation target
-- libopenshot Build configuration:
-- The following features have been enabled:

 * FFmpeg swresample, Audio resampling uses swresample
 * FFmpeg hwaccel, GPU-accelerated routines (FFmpeg 3.4+)
 * Parallel tests, Unit tests can use 24 processors
 * Unit tests, Compile unit tests for library functions
 * Non-default target 'coverage', Run unit tests and (if enabled) collect coverage data
 * Non-default target 'doc', Build formatted API documentation (HTML+SVG)

-- The following OPTIONAL packages have been found:

 * ImageMagick
 * cppzmq
 * PkgConfig
 * babl
 * PythonInterp (required version >= 3)
 * PythonLibs (required version >= 3)
 * Doxygen
 * Catch2

-- The following REQUIRED packages have been found:

 * OpenShotAudio (required version >= 0.6.0)
 * jsoncpp
 * Qt5Widgets
 * Qt5Svg
 * FFmpeg
 * OpenMP
 * ZeroMQ
 * Qt5Core (required version >= 5.15.19)
 * Qt5Gui
 * Qt5
 * SWIG (required version >= 3.0)

-- The following features have been disabled:

 * Coverage, analyze test coverage and generate report
 * IWYU (include-what-you-use), Scan all source files with 'iwyu'
 * Wayland screen capture, Use xdg-desktop-portal ScreenCast and PipeWire
 * OpenCV algorithms, Use OpenCV algorithms

-- The following OPTIONAL packages have not been found:

 * Resvg
 * OpenCV (required version >= 4)
 * Qt6

-- Configuring done (1.8s)
-- Generating done (0.2s)
-- Build files have been written to: /build/libopenshot-git/src/build
[  0%] Built target openshot_autogen_timestamp_deps
[  0%] Automatic MOC for target openshot
[  0%] Built target openshot_autogen
[  0%] Building CXX object src/CMakeFiles/openshot.dir/openshot_autogen/mocs_compilation.cpp.o
[  0%] Building CXX object src/CMakeFiles/openshot.dir/AudioDevices.cpp.o
[  0%] Building CXX object src/CMakeFiles/openshot.dir/AudioBufferSource.cpp.o
[  0%] Building CXX object src/CMakeFiles/openshot.dir/AnimatedCurve.cpp.o
[  1%] Building CXX object src/CMakeFiles/openshot.dir/CameraCaptureReader.cpp.o
[  5%] Building CXX object src/CMakeFiles/openshot.dir/CacheBase.cpp.o
[  5%] Building CXX object src/CMakeFiles/openshot.dir/AudioWaveformer.cpp.o
[  5%] Building CXX object src/CMakeFiles/openshot.dir/AudioReaderSource.cpp.o
[  5%] Building CXX object src/CMakeFiles/openshot.dir/AudioResampler.cpp.o
[  5%] Building CXX object src/CMakeFiles/openshot.dir/ChunkReader.cpp.o
[  5%] Building CXX object src/CMakeFiles/openshot.dir/CacheDisk.cpp.o
[  5%] Building CXX object src/CMakeFiles/openshot.dir/AudioRecorder.cpp.o
[  5%] Building CXX object src/CMakeFiles/openshot.dir/CacheMemory.cpp.o
[  6%] Building CXX object src/CMakeFiles/openshot.dir/ChunkWriter.cpp.o
[  6%] Building CXX object src/CMakeFiles/openshot.dir/Color.cpp.o
[  7%] Building CXX object src/CMakeFiles/openshot.dir/ClipBase.cpp.o
[  7%] Building CXX object src/CMakeFiles/openshot.dir/Coordinate.cpp.o
[  7%] Building CXX object src/CMakeFiles/openshot.dir/Clip.cpp.o
[  8%] Building CXX object src/CMakeFiles/openshot.dir/DummyReader.cpp.o
[  8%] Building CXX object src/CMakeFiles/openshot.dir/CrashHandler.cpp.o
[  8%] Building CXX object src/CMakeFiles/openshot.dir/ReaderBase.cpp.o
[  8%] Building CXX object src/CMakeFiles/openshot.dir/RendererBase.cpp.o
[ 10%] Building CXX object src/CMakeFiles/openshot.dir/ScreenCaptureReader.cpp.o
[ 10%] Building CXX object src/CMakeFiles/openshot.dir/WriterBase.cpp.o
[ 10%] Building CXX object src/CMakeFiles/openshot.dir/EffectBase.cpp.o
[ 11%] Building CXX object src/CMakeFiles/openshot.dir/EffectInfo.cpp.o
[ 11%] Building CXX object src/CMakeFiles/openshot.dir/FFmpegReader.cpp.o
[ 12%] Building CXX object src/CMakeFiles/openshot.dir/FFmpegWriter.cpp.o
[ 12%] Building CXX object src/CMakeFiles/openshot.dir/Fraction.cpp.o
[ 12%] Building CXX object src/CMakeFiles/openshot.dir/Frame.cpp.o
[ 13%] Building CXX object src/CMakeFiles/openshot.dir/FrameScope.cpp.o
[ 13%] Building CXX object src/CMakeFiles/openshot.dir/FrameMapper.cpp.o
[ 13%] Building CXX object src/CMakeFiles/openshot.dir/MemoryTrim.cpp.o
[ 15%] Building CXX object src/CMakeFiles/openshot.dir/Json.cpp.o
[ 15%] Building CXX object src/CMakeFiles/openshot.dir/KeyFrame.cpp.o
[ 15%] Building CXX object src/CMakeFiles/openshot.dir/OpenShotVersion.cpp.o
[ 16%] Building CXX object src/CMakeFiles/openshot.dir/PlayerBase.cpp.o
[ 16%] Building CXX object src/CMakeFiles/openshot.dir/Point.cpp.o
[ 16%] Building CXX object src/CMakeFiles/openshot.dir/Profiles.cpp.o
[ 17%] Building CXX object src/CMakeFiles/openshot.dir/QtHtmlReader.cpp.o
[ 17%] Building CXX object src/CMakeFiles/openshot.dir/QtImageReader.cpp.o
[ 17%] Building CXX object src/CMakeFiles/openshot.dir/QtPlayer.cpp.o
[ 18%] Building CXX object src/CMakeFiles/openshot.dir/QtTextReader.cpp.o
[ 18%] Building CXX object src/CMakeFiles/openshot.dir/Settings.cpp.o
[ 20%] Building CXX object src/CMakeFiles/openshot.dir/TimelineBase.cpp.o
[ 20%] Building CXX object src/CMakeFiles/openshot.dir/Timeline.cpp.o
[ 20%] Building CXX object src/CMakeFiles/openshot.dir/TrackedObjectBase.cpp.o
[ 21%] Building CXX object src/CMakeFiles/openshot.dir/ZmqLogger.cpp.o
[ 21%] Building CXX object src/CMakeFiles/openshot.dir/effects/AudioVisualization.cpp.o
[ 21%] Building CXX object src/CMakeFiles/openshot.dir/effects/Bars.cpp.o
[ 22%] Building CXX object src/CMakeFiles/openshot.dir/effects/BeatSync.cpp.o
[ 22%] Building CXX object src/CMakeFiles/openshot.dir/effects/Blur.cpp.o
[ 22%] Building CXX object src/CMakeFiles/openshot.dir/effects/Brightness.cpp.o
[ 23%] Building CXX object src/CMakeFiles/openshot.dir/effects/Caption.cpp.o
[ 23%] Building CXX object src/CMakeFiles/openshot.dir/effects/ChromaKey.cpp.o
[ 23%] Building CXX object src/CMakeFiles/openshot.dir/effects/ColorGrade.cpp.o
[ 25%] Building CXX object src/CMakeFiles/openshot.dir/effects/ColorMap.cpp.o
[ 25%] Building CXX object src/CMakeFiles/openshot.dir/effects/ColorShift.cpp.o
[ 25%] Building CXX object src/CMakeFiles/openshot.dir/effects/Crop.cpp.o
[ 26%] Building CXX object src/CMakeFiles/openshot.dir/effects/CropHelpers.cpp.o
[ 26%] Building CXX object src/CMakeFiles/openshot.dir/effects/Deinterlace.cpp.o
[ 27%] Building CXX object src/CMakeFiles/openshot.dir/effects/Displace.cpp.o
[ 27%] Building CXX object src/CMakeFiles/openshot.dir/effects/FilmGrain.cpp.o
[ 27%] Building CXX object src/CMakeFiles/openshot.dir/effects/Glow.cpp.o
[ 28%] Building CXX object src/CMakeFiles/openshot.dir/effects/Hue.cpp.o
[ 28%] Building CXX object src/CMakeFiles/openshot.dir/effects/LensFlare.cpp.o
[ 28%] Building CXX object src/CMakeFiles/openshot.dir/effects/AnalogTape.cpp.o
[ 30%] Building CXX object src/CMakeFiles/openshot.dir/effects/Mask.cpp.o
[ 30%] Building CXX object src/CMakeFiles/openshot.dir/effects/Negate.cpp.o
[ 30%] Building CXX object src/CMakeFiles/openshot.dir/effects/Pixelate.cpp.o
[ 31%] Building CXX object src/CMakeFiles/openshot.dir/effects/Saturation.cpp.o
[ 31%] Building CXX object src/CMakeFiles/openshot.dir/effects/Sharpen.cpp.o
[ 31%] Building CXX object src/CMakeFiles/openshot.dir/effects/Shadow.cpp.o
[ 32%] Building CXX object src/CMakeFiles/openshot.dir/effects/Shift.cpp.o
[ 32%] Building CXX object src/CMakeFiles/openshot.dir/effects/SphericalProjection.cpp.o
[ 32%] Building CXX object src/CMakeFiles/openshot.dir/effects/Timer.cpp.o
[ 33%] Building CXX object src/CMakeFiles/openshot.dir/effects/DenoiseImage.cpp.o
[ 33%] Building CXX object src/CMakeFiles/openshot.dir/effects/Wave.cpp.o
[ 35%] Building CXX object src/CMakeFiles/openshot.dir/audio_effects/STFT.cpp.o
[ 35%] Building CXX object src/CMakeFiles/openshot.dir/audio_effects/Noise.cpp.o
[ 35%] Building CXX object src/CMakeFiles/openshot.dir/audio_effects/Delay.cpp.o
[ 36%] Building CXX object src/CMakeFiles/openshot.dir/audio_effects/Echo.cpp.o
[ 36%] Building CXX object src/CMakeFiles/openshot.dir/audio_effects/Distortion.cpp.o
[ 36%] Building CXX object src/CMakeFiles/openshot.dir/audio_effects/ParametricEQ.cpp.o
[ 37%] Building CXX object src/CMakeFiles/openshot.dir/audio_effects/Compressor.cpp.o
[ 37%] Building CXX object src/CMakeFiles/openshot.dir/audio_effects/Expander.cpp.o
[ 37%] Building CXX object src/CMakeFiles/openshot.dir/audio_effects/Robotization.cpp.o
[ 38%] Building CXX object src/CMakeFiles/openshot.dir/audio_effects/Whisperization.cpp.o
[ 38%] Building CXX object src/CMakeFiles/openshot.dir/Qt/AudioPlaybackThread.cpp.o
[ 38%] Building CXX object src/CMakeFiles/openshot.dir/Qt/PlayerDemo.cpp.o
[ 40%] Building CXX object src/CMakeFiles/openshot.dir/Qt/PlayerPrivate.cpp.o
[ 40%] Building CXX object src/CMakeFiles/openshot.dir/Qt/VideoCacheThread.cpp.o
[ 41%] Building CXX object src/CMakeFiles/openshot.dir/Qt/VideoPlaybackThread.cpp.o
[ 41%] Building CXX object src/CMakeFiles/openshot.dir/Qt/VideoRenderer.cpp.o
[ 41%] Building CXX object src/CMakeFiles/openshot.dir/Qt/VideoRenderWidget.cpp.o
[ 42%] Building CXX object src/CMakeFiles/openshot.dir/MagickUtilities.cpp.o
[ 42%] Building CXX object src/CMakeFiles/openshot.dir/ImageReader.cpp.o
[ 42%] Building CXX object src/CMakeFiles/openshot.dir/ImageWriter.cpp.o
[ 43%] Building CXX object src/CMakeFiles/openshot.dir/TextReader.cpp.o
[ 43%] Linking CXX shared library libopenshot.so
[ 43%] Built target openshot
[ 45%] Swig compile openshot.i for python
[ 46%] Building CXX object tests/CMakeFiles/openshot-benchmark.dir/Benchmark.cpp.o
[ 46%] Building CXX object tests/CMakeFiles/openshot-AudioRecorder-test.dir/AudioRecorder.cpp.o
[ 47%] Building CXX object tests/CMakeFiles/openshot-AudioDeviceManager-test.dir/AudioDeviceManager.cpp.o
[ 47%] Built target openshot-player_autogen_timestamp_deps
[ 47%] Building CXX object tests/CMakeFiles/openshot-AnimatedCurve-test.dir/AnimatedCurve.cpp.o
[ 47%] Building CXX object examples/CMakeFiles/openshot-html-example.dir/ExampleHtml.cpp.o
[ 47%] Building CXX object tests/CMakeFiles/openshot-Coordinate-test.dir/Coordinate.cpp.o
[ 47%] Building CXX object tests/CMakeFiles/openshot-AudioWaveformer-test.dir/AudioWaveformer.cpp.o
[ 47%] Building CXX object tests/CMakeFiles/openshot-CameraCaptureReader-test.dir/CameraCaptureReader.cpp.o
[ 50%] Building CXX object examples/CMakeFiles/openshot-example.dir/Example.cpp.o
[ 50%] Building CXX object tests/CMakeFiles/openshot-Caption-test.dir/Caption.cpp.o
[ 50%] Building CXX object tests/CMakeFiles/openshot-Color-test.dir/Color.cpp.o
[ 50%] Building CXX object tests/CMakeFiles/openshot-CacheDisk-test.dir/CacheDisk.cpp.o
[ 50%] Building CXX object tests/CMakeFiles/openshot-CacheMemory-test.dir/CacheMemory.cpp.o
[ 50%] Building CXX object tests/CMakeFiles/openshot-FFmpegReader-test.dir/FFmpegReader.cpp.o
[ 50%] Building CXX object tests/CMakeFiles/openshot-DummyReader-test.dir/DummyReader.cpp.o
[ 50%] Building CXX object tests/CMakeFiles/openshot-FFmpegWriter-test.dir/FFmpegWriter.cpp.o
[ 50%] Building CXX object tests/CMakeFiles/openshot-Clip-test.dir/Clip.cpp.o
[ 50%] Building CXX object tests/CMakeFiles/openshot-Fraction-test.dir/Fraction.cpp.o
[ 50%] Building CXX object tests/CMakeFiles/openshot-Frame-test.dir/Frame.cpp.o
[ 50%] Linking CXX executable openshot-Coordinate-test
[ 51%] Linking CXX executable openshot-Fraction-test
[ 52%] Linking CXX executable openshot-html-example
[ 52%] Linking CXX executable openshot-AnimatedCurve-test
[ 52%] Linking CXX executable openshot-DummyReader-test
[ 52%] Linking CXX executable openshot-example
[ 52%] Linking CXX executable openshot-Color-test
[ 52%] Linking CXX executable openshot-CacheDisk-test
[ 53%] Linking CXX executable openshot-CacheMemory-test
[ 55%] Linking CXX executable openshot-Frame-test
/usr/bin/ld: ../src/libopenshot.so.0.7.0: undefined reference to `openshot::TrackedObjectBBox::Contains(long) const'
/usr/bin/ld: ../src/libopenshot.so.0.7.0: undefined reference to `openshot::TrackedObjectBBox::GetBox(long)'
/usr/bin/ld: ../src/libopenshot.so.0.7.0: undefined reference to `typeinfo for openshot::TrackedObjectBBox'
[ 55%] Linking CXX executable openshot-FFmpegWriter-test
collect2: error: ld returned 1 exit status
make[2]: *** [tests/CMakeFiles/openshot-Coordinate-test.dir/build.make:123: tests/openshot-Coordinate-test] Error 1
make[1]: *** [CMakeFiles/Makefile2:4072: tests/CMakeFiles/openshot-Coordinate-test.dir/all] Error 2
make[1]: *** Waiting for unfinished jobs....
[ 55%] Building CXX object tests/CMakeFiles/openshot-benchmark.dir/BenchmarkOptions.cpp.o
[ 55%] Linking CXX executable openshot-Caption-test
[ 56%] Linking CXX executable openshot-FFmpegReader-test
/usr/bin/ld: ../src/libopenshot.so.0.7.0: undefined reference to `openshot::TrackedObjectBBox::Contains(long) const'
/usr/bin/ld: ../src/libopenshot.so.0.7.0: undefined reference to `openshot::TrackedObjectBBox::GetBox(long)'
/usr/bin/ld: ../src/libopenshot.so.0.7.0: undefined reference to `typeinfo for openshot::TrackedObjectBBox'
collect2: error: ld returned 1 exit status
make[2]: *** [examples/CMakeFiles/openshot-html-example.dir/build.make:123: examples/openshot-html-example] Error 1
make[1]: *** [CMakeFiles/Makefile2:3558: examples/CMakeFiles/openshot-html-example.dir/all] Error 2
/usr/bin/ld: ../src/libopenshot.so.0.7.0: undefined reference to `openshot::TrackedObjectBBox::Contains(long) const'
/usr/bin/ld: ../src/libopenshot.so.0.7.0: undefined reference to `openshot::TrackedObjectBBox::GetBox(long)'
/usr/bin/ld: ../src/libopenshot.so.0.7.0: undefined reference to `typeinfo for openshot::TrackedObjectBBox'
[ 56%] Building CXX object bindings/python/CMakeFiles/pyopenshot.dir/CMakeFiles/pyopenshot.dir/openshotPYTHON_wrap.cxx.o
collect2: error: ld returned 1 exit status
make[2]: *** [tests/CMakeFiles/openshot-AnimatedCurve-test.dir/build.make:123: tests/openshot-AnimatedCurve-test] Error 1
make[1]: *** [CMakeFiles/Makefile2:3816: tests/CMakeFiles/openshot-AnimatedCurve-test.dir/all] Error 2
/usr/bin/ld: ../src/libopenshot.so.0.7.0: undefined reference to `openshot::TrackedObjectBBox::Contains(long) const'
/usr/bin/ld: ../src/libopenshot.so.0.7.0: undefined reference to `openshot::TrackedObjectBBox::GetBox(long)'
/usr/bin/ld: ../src/libopenshot.so.0.7.0: undefined reference to `typeinfo for openshot::TrackedObjectBBox'
collect2: error: ld returned 1 exit status
make[2]: *** [examples/CMakeFiles/openshot-example.dir/build.make:121: examples/openshot-example] Error 1
make[1]: *** [CMakeFiles/Makefile2:3526: examples/CMakeFiles/openshot-example.dir/all] Error 2
[ 56%] Linking CXX executable openshot-AudioWaveformer-test
/usr/bin/ld: ../src/libopenshot.so.0.7.0: undefined reference to `openshot::TrackedObjectBBox::Contains(long) const'
/usr/bin/ld: ../src/libopenshot.so.0.7.0: undefined reference to `openshot::TrackedObjectBBox::GetBox(long)'
/usr/bin/ld: ../src/libopenshot.so.0.7.0: undefined reference to `typeinfo for openshot::TrackedObjectBBox'
collect2: error: ld returned 1 exit status
make[2]: *** [tests/CMakeFiles/openshot-DummyReader-test.dir/build.make:123: tests/openshot-DummyReader-test] Error 1
make[1]: *** [CMakeFiles/Makefile2:4104: tests/CMakeFiles/openshot-DummyReader-test.dir/all] Error 2
/usr/bin/ld: ../src/libopenshot.so.0.7.0: undefined reference to `openshot::TrackedObjectBBox::Contains(long) const'
/usr/bin/ld: ../src/libopenshot.so.0.7.0: undefined reference to `openshot::TrackedObjectBBox::GetBox(long)'
/usr/bin/ld: ../src/libopenshot.so.0.7.0: undefined reference to `typeinfo for openshot::TrackedObjectBBox'
collect2: error: ld returned 1 exit status
make[2]: *** [tests/CMakeFiles/openshot-Fraction-test.dir/build.make:123: tests/openshot-Fraction-test] Error 1
make[1]: *** [CMakeFiles/Makefile2:4200: tests/CMakeFiles/openshot-Fraction-test.dir/all] Error 2
/usr/bin/ld: ../src/libopenshot.so.0.7.0: undefined reference to `openshot::TrackedObjectBBox::Contains(long) const'
/usr/bin/ld: ../src/libopenshot.so.0.7.0: undefined reference to `openshot::TrackedObjectBBox::GetBox(long)'
/usr/bin/ld: ../src/libopenshot.so.0.7.0: undefined reference to `typeinfo for openshot::TrackedObjectBBox'
collect2: error: ld returned 1 exit status
make[2]: *** [tests/CMakeFiles/openshot-Color-test.dir/build.make:123: tests/openshot-Color-test] Error 1
make[1]: *** [CMakeFiles/Makefile2:4040: tests/CMakeFiles/openshot-Color-test.dir/all] Error 2
[ 57%] Linking CXX executable openshot-CameraCaptureReader-test
/usr/bin/ld: ../src/libopenshot.so.0.7.0: undefined reference to `openshot::TrackedObjectBBox::Contains(long) const'
/usr/bin/ld: ../src/libopenshot.so.0.7.0: undefined reference to `openshot::TrackedObjectBBox::GetBox(long)'
/usr/bin/ld: ../src/libopenshot.so.0.7.0: undefined reference to `typeinfo for openshot::TrackedObjectBBox'
collect2: error: ld returned 1 exit status
make[2]: *** [tests/CMakeFiles/openshot-CacheDisk-test.dir/build.make:123: tests/openshot-CacheDisk-test] Error 1
make[1]: *** [CMakeFiles/Makefile2:3912: tests/CMakeFiles/openshot-CacheDisk-test.dir/all] Error 2
[ 58%] Linking CXX executable openshot-AudioRecorder-test
/usr/bin/ld: ../src/libopenshot.so.0.7.0: undefined reference to `openshot::TrackedObjectBBox::Contains(long) const'
/usr/bin/ld: ../src/libopenshot.so.0.7.0: undefined reference to `openshot::TrackedObjectBBox::GetBox(long)'
/usr/bin/ld: ../src/libopenshot.so.0.7.0: undefined reference to `typeinfo for openshot::TrackedObjectBBox'
collect2: error: ld returned 1 exit status
make[2]: *** [tests/CMakeFiles/openshot-Frame-test.dir/build.make:123: tests/openshot-Frame-test] Error 1
make[1]: *** [CMakeFiles/Makefile2:4232: tests/CMakeFiles/openshot-Frame-test.dir/all] Error 2
[ 58%] Linking CXX executable openshot-AudioDeviceManager-test
/usr/bin/ld: ../src/libopenshot.so.0.7.0: undefined reference to `openshot::TrackedObjectBBox::Contains(long) const'
/usr/bin/ld: ../src/libopenshot.so.0.7.0: undefined reference to `openshot::TrackedObjectBBox::GetBox(long)'
/usr/bin/ld: ../src/libopenshot.so.0.7.0: undefined reference to `typeinfo for openshot::TrackedObjectBBox'
collect2: error: ld returned 1 exit status
make[2]: *** [tests/CMakeFiles/openshot-FFmpegWriter-test.dir/build.make:123: tests/openshot-FFmpegWriter-test] Error 1
make[1]: *** [CMakeFiles/Makefile2:4168: tests/CMakeFiles/openshot-FFmpegWriter-test.dir/all] Error 2
/usr/bin/ld: ../src/libopenshot.so.0.7.0: undefined reference to `openshot::TrackedObjectBBox::Contains(long) const'
/usr/bin/ld: ../src/libopenshot.so.0.7.0: undefined reference to `openshot::TrackedObjectBBox::GetBox(long)'
/usr/bin/ld: ../src/libopenshot.so.0.7.0: undefined reference to `typeinfo for openshot::TrackedObjectBBox'
collect2: error: ld returned 1 exit status
make[2]: *** [tests/CMakeFiles/openshot-CacheMemory-test.dir/build.make:123: tests/openshot-CacheMemory-test] Error 1
make[1]: *** [CMakeFiles/Makefile2:3944: tests/CMakeFiles/openshot-CacheMemory-test.dir/all] Error 2
/usr/bin/ld: ../src/libopenshot.so.0.7.0: undefined reference to `openshot::TrackedObjectBBox::Contains(long) const'
/usr/bin/ld: ../src/libopenshot.so.0.7.0: undefined reference to `openshot::TrackedObjectBBox::GetBox(long)'
/usr/bin/ld: ../src/libopenshot.so.0.7.0: undefined reference to `openshot::TrackedObjectBBox::Contains(long) const'
/usr/bin/ld: ../src/libopenshot.so.0.7.0: undefined reference to `openshot::TrackedObjectBBox::GetBox(long)'
/usr/bin/ld: ../src/libopenshot.so.0.7.0: undefined reference to `typeinfo for openshot::TrackedObjectBBox'
/usr/bin/ld: ../src/libopenshot.so.0.7.0: undefined reference to `typeinfo for openshot::TrackedObjectBBox'
collect2: error: ld returned 1 exit status
make[2]: *** [tests/CMakeFiles/openshot-Caption-test.dir/build.make:123: tests/openshot-Caption-test] Error 1
make[1]: *** [CMakeFiles/Makefile2:3976: tests/CMakeFiles/openshot-Caption-test.dir/all] Error 2
collect2: error: ld returned 1 exit status
make[2]: *** [tests/CMakeFiles/openshot-CameraCaptureReader-test.dir/build.make:123: tests/openshot-CameraCaptureReader-test] Error 1
make[1]: *** [CMakeFiles/Makefile2:3880: tests/CMakeFiles/openshot-CameraCaptureReader-test.dir/all] Error 2
[ 58%] Linking CXX executable openshot-benchmark
/usr/bin/ld: ../src/libopenshot.so.0.7.0: undefined reference to `openshot::TrackedObjectBBox::Contains(long) const'
/usr/bin/ld: ../src/libopenshot.so.0.7.0: undefined reference to `openshot::TrackedObjectBBox::GetBox(long)'
/usr/bin/ld: ../src/libopenshot.so.0.7.0: undefined reference to `typeinfo for openshot::TrackedObjectBBox'
[ 60%] Linking CXX executable openshot-Clip-test
collect2: error: ld returned 1 exit status
make[2]: *** [tests/CMakeFiles/openshot-FFmpegReader-test.dir/build.make:123: tests/openshot-FFmpegReader-test] Error 1
make[1]: *** [CMakeFiles/Makefile2:4136: tests/CMakeFiles/openshot-FFmpegReader-test.dir/all] Error 2
/usr/bin/ld: ../src/libopenshot.so.0.7.0: undefined reference to `openshot::TrackedObjectBBox::Contains(long) const'
/usr/bin/ld: ../src/libopenshot.so.0.7.0: undefined reference to `openshot::TrackedObjectBBox::GetBox(long)'
/usr/bin/ld: ../src/libopenshot.so.0.7.0: undefined reference to `typeinfo for openshot::TrackedObjectBBox'
collect2: error: ld returned 1 exit status
make[2]: *** [tests/CMakeFiles/openshot-AudioDeviceManager-test.dir/build.make:123: tests/openshot-AudioDeviceManager-test] Error 1
make[1]: *** [CMakeFiles/Makefile2:3752: tests/CMakeFiles/openshot-AudioDeviceManager-test.dir/all] Error 2
/usr/bin/ld: ../src/libopenshot.so.0.7.0: undefined reference to `openshot::TrackedObjectBBox::Contains(long) const'
/usr/bin/ld: ../src/libopenshot.so.0.7.0: undefined reference to `openshot::TrackedObjectBBox::GetBox(long)'
/usr/bin/ld: ../src/libopenshot.so.0.7.0: undefined reference to `typeinfo for openshot::TrackedObjectBBox'
collect2: error: ld returned 1 exit status
make[2]: *** [tests/CMakeFiles/openshot-AudioWaveformer-test.dir/build.make:123: tests/openshot-AudioWaveformer-test] Error 1
make[1]: *** [CMakeFiles/Makefile2:3848: tests/CMakeFiles/openshot-AudioWaveformer-test.dir/all] Error 2
/usr/bin/ld: ../src/libopenshot.so.0.7.0: undefined reference to `openshot::TrackedObjectBBox::Contains(long) const'
/usr/bin/ld: ../src/libopenshot.so.0.7.0: undefined reference to `openshot::TrackedObjectBBox::GetBox(long)'
/usr/bin/ld: ../src/libopenshot.so.0.7.0: undefined reference to `typeinfo for openshot::TrackedObjectBBox'
collect2: error: ld returned 1 exit status
make[2]: *** [tests/CMakeFiles/openshot-AudioRecorder-test.dir/build.make:123: tests/openshot-AudioRecorder-test] Error 1
make[1]: *** [CMakeFiles/Makefile2:3784: tests/CMakeFiles/openshot-AudioRecorder-test.dir/all] Error 2
/usr/bin/ld: ../src/libopenshot.so.0.7.0: undefined reference to `openshot::TrackedObjectBBox::Contains(long) const'
/usr/bin/ld: ../src/libopenshot.so.0.7.0: undefined reference to `openshot::TrackedObjectBBox::GetBox(long)'
/usr/bin/ld: ../src/libopenshot.so.0.7.0: undefined reference to `typeinfo for openshot::TrackedObjectBBox'
/usr/bin/ld: ../src/libopenshot.so.0.7.0: undefined reference to `openshot::TrackedObjectBBox::Contains(long) const'
/usr/bin/ld: ../src/libopenshot.so.0.7.0: undefined reference to `openshot::TrackedObjectBBox::GetBox(long)'
/usr/bin/ld: ../src/libopenshot.so.0.7.0: undefined reference to `typeinfo for openshot::TrackedObjectBBox'
collect2: error: ld returned 1 exit status
make[2]: *** [tests/CMakeFiles/openshot-Clip-test.dir/build.make:123: tests/openshot-Clip-test] Error 1
make[1]: *** [CMakeFiles/Makefile2:4008: tests/CMakeFiles/openshot-Clip-test.dir/all] Error 2
collect2: error: ld returned 1 exit status
make[2]: *** [tests/CMakeFiles/openshot-benchmark.dir/build.make:137: tests/openshot-benchmark] Error 1
make[1]: *** [CMakeFiles/Makefile2:3720: tests/CMakeFiles/openshot-benchmark.dir/all] Error 2
[ 61%] Linking CXX shared module _openshot.so
[ 61%] Built target pyopenshot
make: *** [Makefile:166: all] Error 2
[1m[31m==> ERROR:(B[m[1m A failure occurred in build().(B[m
[1m    Aborting...(B[m
