-- Install configuration: "None"
-- Installing: /build/libopenshot-qt6-git/pkg/libopenshot-qt6-git/usr/lib/libopenshot.so.0.7.0
-- Installing: /build/libopenshot-qt6-git/pkg/libopenshot-qt6-git/usr/lib/libopenshot.so.30
-- Set non-toolchain portion of runtime path of "/build/libopenshot-qt6-git/pkg/libopenshot-qt6-git/usr/lib/libopenshot.so.0.7.0" to ""
-- Installing: /build/libopenshot-qt6-git/pkg/libopenshot-qt6-git/usr/lib/libopenshot.so
-- Installing: /build/libopenshot-qt6-git/pkg/libopenshot-qt6-git/usr/include/libopenshot/.
-- Installing: /build/libopenshot-qt6-git/pkg/libopenshot-qt6-git/usr/include/libopenshot/./QtTextReader.h
-- Installing: /build/libopenshot-qt6-git/pkg/libopenshot-qt6-git/usr/include/libopenshot/./ClipBase.h
-- Installing: /build/libopenshot-qt6-git/pkg/libopenshot-qt6-git/usr/include/libopenshot/./AudioResampler.h
-- Installing: /build/libopenshot-qt6-git/pkg/libopenshot-qt6-git/usr/include/libopenshot/./ProcessingController.h
-- Installing: /build/libopenshot-qt6-git/pkg/libopenshot-qt6-git/usr/include/libopenshot/./FFmpegWriter.h
-- Installing: /build/libopenshot-qt6-git/pkg/libopenshot-qt6-git/usr/include/libopenshot/./ClipProcessingJobs.h
-- Installing: /build/libopenshot-qt6-git/pkg/libopenshot-qt6-git/usr/include/libopenshot/./CameraCaptureReader.h
-- Installing: /build/libopenshot-qt6-git/pkg/libopenshot-qt6-git/usr/include/libopenshot/./Fraction.h
-- Installing: /build/libopenshot-qt6-git/pkg/libopenshot-qt6-git/usr/include/libopenshot/./ChunkReader.h
-- Installing: /build/libopenshot-qt6-git/pkg/libopenshot-qt6-git/usr/include/libopenshot/./RendererBase.h
-- Installing: /build/libopenshot-qt6-git/pkg/libopenshot-qt6-git/usr/include/libopenshot/./Profiles.h
-- Installing: /build/libopenshot-qt6-git/pkg/libopenshot-qt6-git/usr/include/libopenshot/./FrameScope.h
-- Installing: /build/libopenshot-qt6-git/pkg/libopenshot-qt6-git/usr/include/libopenshot/./QtHtmlReader.h
-- Installing: /build/libopenshot-qt6-git/pkg/libopenshot-qt6-git/usr/include/libopenshot/./AudioRecorder.h
-- Installing: /build/libopenshot-qt6-git/pkg/libopenshot-qt6-git/usr/include/libopenshot/./Clip.h
-- Installing: /build/libopenshot-qt6-git/pkg/libopenshot-qt6-git/usr/include/libopenshot/./Effects.h
-- Installing: /build/libopenshot-qt6-git/pkg/libopenshot-qt6-git/usr/include/libopenshot/./QtUtilities.h
-- Installing: /build/libopenshot-qt6-git/pkg/libopenshot-qt6-git/usr/include/libopenshot/./ImageWriter.h
-- Installing: /build/libopenshot-qt6-git/pkg/libopenshot-qt6-git/usr/include/libopenshot/./ChannelLayouts.h
-- Installing: /build/libopenshot-qt6-git/pkg/libopenshot-qt6-git/usr/include/libopenshot/./TrackedObjectBase.h
-- Installing: /build/libopenshot-qt6-git/pkg/libopenshot-qt6-git/usr/include/libopenshot/./ImageReader.h
-- Installing: /build/libopenshot-qt6-git/pkg/libopenshot-qt6-git/usr/include/libopenshot/./Settings.h
-- Installing: /build/libopenshot-qt6-git/pkg/libopenshot-qt6-git/usr/include/libopenshot/./CacheBase.h
-- Installing: /build/libopenshot-qt6-git/pkg/libopenshot-qt6-git/usr/include/libopenshot/./EffectInfo.h
-- Installing: /build/libopenshot-qt6-git/pkg/libopenshot-qt6-git/usr/include/libopenshot/./CrashHandler.h
-- Installing: /build/libopenshot-qt6-git/pkg/libopenshot-qt6-git/usr/include/libopenshot/./Json.h
-- Installing: /build/libopenshot-qt6-git/pkg/libopenshot-qt6-git/usr/include/libopenshot/./Timeline.h
-- Installing: /build/libopenshot-qt6-git/pkg/libopenshot-qt6-git/usr/include/libopenshot/./OpenMPUtilities.h
-- Installing: /build/libopenshot-qt6-git/pkg/libopenshot-qt6-git/usr/include/libopenshot/./ScreenCaptureReader.h
-- Installing: /build/libopenshot-qt6-git/pkg/libopenshot-qt6-git/usr/include/libopenshot/./ReaderBase.h
-- Installing: /build/libopenshot-qt6-git/pkg/libopenshot-qt6-git/usr/include/libopenshot/./effects
-- Installing: /build/libopenshot-qt6-git/pkg/libopenshot-qt6-git/usr/include/libopenshot/./effects/Tracker.h
-- Installing: /build/libopenshot-qt6-git/pkg/libopenshot-qt6-git/usr/include/libopenshot/./effects/Brightness.h
-- Installing: /build/libopenshot-qt6-git/pkg/libopenshot-qt6-git/usr/include/libopenshot/./effects/ColorMap.h
-- Installing: /build/libopenshot-qt6-git/pkg/libopenshot-qt6-git/usr/include/libopenshot/./effects/ChromaKey.h
-- Installing: /build/libopenshot-qt6-git/pkg/libopenshot-qt6-git/usr/include/libopenshot/./effects/CropHelpers.h
-- Installing: /build/libopenshot-qt6-git/pkg/libopenshot-qt6-git/usr/include/libopenshot/./effects/BeatSync.h
-- Installing: /build/libopenshot-qt6-git/pkg/libopenshot-qt6-git/usr/include/libopenshot/./effects/ObjectMask.h
-- Installing: /build/libopenshot-qt6-git/pkg/libopenshot-qt6-git/usr/include/libopenshot/./effects/Pixelate.h
-- Installing: /build/libopenshot-qt6-git/pkg/libopenshot-qt6-git/usr/include/libopenshot/./effects/AnalogTape.h
-- Installing: /build/libopenshot-qt6-git/pkg/libopenshot-qt6-git/usr/include/libopenshot/./effects/Outline.h
-- Installing: /build/libopenshot-qt6-git/pkg/libopenshot-qt6-git/usr/include/libopenshot/./effects/Mask.h
-- Installing: /build/libopenshot-qt6-git/pkg/libopenshot-qt6-git/usr/include/libopenshot/./effects/Negate.h
-- Installing: /build/libopenshot-qt6-git/pkg/libopenshot-qt6-git/usr/include/libopenshot/./effects/Wave.h
-- Installing: /build/libopenshot-qt6-git/pkg/libopenshot-qt6-git/usr/include/libopenshot/./effects/Caption.h
-- Installing: /build/libopenshot-qt6-git/pkg/libopenshot-qt6-git/usr/include/libopenshot/./effects/Shadow.h
-- Installing: /build/libopenshot-qt6-git/pkg/libopenshot-qt6-git/usr/include/libopenshot/./effects/Saturation.h
-- Installing: /build/libopenshot-qt6-git/pkg/libopenshot-qt6-git/usr/include/libopenshot/./effects/Bars.h
-- Installing: /build/libopenshot-qt6-git/pkg/libopenshot-qt6-git/usr/include/libopenshot/./effects/DenoiseImage.h
-- Installing: /build/libopenshot-qt6-git/pkg/libopenshot-qt6-git/usr/include/libopenshot/./effects/Stabilizer.h
-- Installing: /build/libopenshot-qt6-git/pkg/libopenshot-qt6-git/usr/include/libopenshot/./effects/FilmGrain.h
-- Installing: /build/libopenshot-qt6-git/pkg/libopenshot-qt6-git/usr/include/libopenshot/./effects/Timer.h
-- Installing: /build/libopenshot-qt6-git/pkg/libopenshot-qt6-git/usr/include/libopenshot/./effects/ColorGrade.h
-- Installing: /build/libopenshot-qt6-git/pkg/libopenshot-qt6-git/usr/include/libopenshot/./effects/Shift.h
-- Installing: /build/libopenshot-qt6-git/pkg/libopenshot-qt6-git/usr/include/libopenshot/./effects/Crop.h
-- Installing: /build/libopenshot-qt6-git/pkg/libopenshot-qt6-git/usr/include/libopenshot/./effects/LensFlare.h
-- Installing: /build/libopenshot-qt6-git/pkg/libopenshot-qt6-git/usr/include/libopenshot/./effects/Hue.h
-- Installing: /build/libopenshot-qt6-git/pkg/libopenshot-qt6-git/usr/include/libopenshot/./effects/Glow.h
-- Installing: /build/libopenshot-qt6-git/pkg/libopenshot-qt6-git/usr/include/libopenshot/./effects/SphericalProjection.h
-- Installing: /build/libopenshot-qt6-git/pkg/libopenshot-qt6-git/usr/include/libopenshot/./effects/ColorShift.h
-- Installing: /build/libopenshot-qt6-git/pkg/libopenshot-qt6-git/usr/include/libopenshot/./effects/AudioVisualization.h
-- Installing: /build/libopenshot-qt6-git/pkg/libopenshot-qt6-git/usr/include/libopenshot/./effects/Displace.h
-- Installing: /build/libopenshot-qt6-git/pkg/libopenshot-qt6-git/usr/include/libopenshot/./effects/Blur.h
-- Installing: /build/libopenshot-qt6-git/pkg/libopenshot-qt6-git/usr/include/libopenshot/./effects/ObjectDetection.h
-- Installing: /build/libopenshot-qt6-git/pkg/libopenshot-qt6-git/usr/include/libopenshot/./effects/Deinterlace.h
-- Installing: /build/libopenshot-qt6-git/pkg/libopenshot-qt6-git/usr/include/libopenshot/./effects/Sharpen.h
-- Installing: /build/libopenshot-qt6-git/pkg/libopenshot-qt6-git/usr/include/libopenshot/./CVObjectDetection.h
-- Installing: /build/libopenshot-qt6-git/pkg/libopenshot-qt6-git/usr/include/libopenshot/./MemoryTrim.h
-- Installing: /build/libopenshot-qt6-git/pkg/libopenshot-qt6-git/usr/include/libopenshot/./Point.h
-- Installing: /build/libopenshot-qt6-git/pkg/libopenshot-qt6-git/usr/include/libopenshot/./Coordinate.h
-- Installing: /build/libopenshot-qt6-git/pkg/libopenshot-qt6-git/usr/include/libopenshot/./CacheMemory.h
-- Installing: /build/libopenshot-qt6-git/pkg/libopenshot-qt6-git/usr/include/libopenshot/./PlayerBase.h
-- Installing: /build/libopenshot-qt6-git/pkg/libopenshot-qt6-git/usr/include/libopenshot/./CVTracker.h
-- Installing: /build/libopenshot-qt6-git/pkg/libopenshot-qt6-git/usr/include/libopenshot/./ChunkWriter.h
-- Installing: /build/libopenshot-qt6-git/pkg/libopenshot-qt6-git/usr/include/libopenshot/./KeyFrame.h
-- Installing: /build/libopenshot-qt6-git/pkg/libopenshot-qt6-git/usr/include/libopenshot/./TextReader.h
-- Installing: /build/libopenshot-qt6-git/pkg/libopenshot-qt6-git/usr/include/libopenshot/./audio_effects
-- Installing: /build/libopenshot-qt6-git/pkg/libopenshot-qt6-git/usr/include/libopenshot/./audio_effects/STFT.h
-- Installing: /build/libopenshot-qt6-git/pkg/libopenshot-qt6-git/usr/include/libopenshot/./audio_effects/Delay.h
-- Installing: /build/libopenshot-qt6-git/pkg/libopenshot-qt6-git/usr/include/libopenshot/./audio_effects/Whisperization.h
-- Installing: /build/libopenshot-qt6-git/pkg/libopenshot-qt6-git/usr/include/libopenshot/./audio_effects/Noise.h
-- Installing: /build/libopenshot-qt6-git/pkg/libopenshot-qt6-git/usr/include/libopenshot/./audio_effects/Echo.h
-- Installing: /build/libopenshot-qt6-git/pkg/libopenshot-qt6-git/usr/include/libopenshot/./audio_effects/Compressor.h
-- Installing: /build/libopenshot-qt6-git/pkg/libopenshot-qt6-git/usr/include/libopenshot/./audio_effects/Distortion.h
-- Installing: /build/libopenshot-qt6-git/pkg/libopenshot-qt6-git/usr/include/libopenshot/./audio_effects/Expander.h
-- Installing: /build/libopenshot-qt6-git/pkg/libopenshot-qt6-git/usr/include/libopenshot/./audio_effects/ParametricEQ.h
-- Installing: /build/libopenshot-qt6-git/pkg/libopenshot-qt6-git/usr/include/libopenshot/./audio_effects/Robotization.h
-- Installing: /build/libopenshot-qt6-git/pkg/libopenshot-qt6-git/usr/include/libopenshot/./Qt
-- Installing: /build/libopenshot-qt6-git/pkg/libopenshot-qt6-git/usr/include/libopenshot/./Qt/VideoRenderer.h
-- Installing: /build/libopenshot-qt6-git/pkg/libopenshot-qt6-git/usr/include/libopenshot/./Qt/PlayerPrivate.h
-- Installing: /build/libopenshot-qt6-git/pkg/libopenshot-qt6-git/usr/include/libopenshot/./Qt/PlayerDemo.h
-- Installing: /build/libopenshot-qt6-git/pkg/libopenshot-qt6-git/usr/include/libopenshot/./Qt/VideoRenderWidget.h
-- Installing: /build/libopenshot-qt6-git/pkg/libopenshot-qt6-git/usr/include/libopenshot/./Qt/VideoPlaybackThread.h
-- Installing: /build/libopenshot-qt6-git/pkg/libopenshot-qt6-git/usr/include/libopenshot/./Qt/VideoCacheThread.h
-- Installing: /build/libopenshot-qt6-git/pkg/libopenshot-qt6-git/usr/include/libopenshot/./Qt/AudioPlaybackThread.h
-- Installing: /build/libopenshot-qt6-git/pkg/libopenshot-qt6-git/usr/include/libopenshot/./CVStabilization.h
-- Installing: /build/libopenshot-qt6-git/pkg/libopenshot-qt6-git/usr/include/libopenshot/./WriterBase.h
-- Installing: /build/libopenshot-qt6-git/pkg/libopenshot-qt6-git/usr/include/libopenshot/./AudioDevices.h
-- Installing: /build/libopenshot-qt6-git/pkg/libopenshot-qt6-git/usr/include/libopenshot/./Frame.h
-- Installing: /build/libopenshot-qt6-git/pkg/libopenshot-qt6-git/usr/include/libopenshot/./FFmpegUtilities.h
-- Installing: /build/libopenshot-qt6-git/pkg/libopenshot-qt6-git/usr/include/libopenshot/./Color.h
-- Installing: /build/libopenshot-qt6-git/pkg/libopenshot-qt6-git/usr/include/libopenshot/./TrackedObjectBBox.h
-- Installing: /build/libopenshot-qt6-git/pkg/libopenshot-qt6-git/usr/include/libopenshot/./AnimatedCurve.h
-- Installing: /build/libopenshot-qt6-git/pkg/libopenshot-qt6-git/usr/include/libopenshot/./Exceptions.h
-- Installing: /build/libopenshot-qt6-git/pkg/libopenshot-qt6-git/usr/include/libopenshot/./CacheDisk.h
-- Installing: /build/libopenshot-qt6-git/pkg/libopenshot-qt6-git/usr/include/libopenshot/./TimelineBase.h
-- Installing: /build/libopenshot-qt6-git/pkg/libopenshot-qt6-git/usr/include/libopenshot/./DummyReader.h
-- Installing: /build/libopenshot-qt6-git/pkg/libopenshot-qt6-git/usr/include/libopenshot/./FrameMapper.h
-- Installing: /build/libopenshot-qt6-git/pkg/libopenshot-qt6-git/usr/include/libopenshot/./Enums.h
-- Installing: /build/libopenshot-qt6-git/pkg/libopenshot-qt6-git/usr/include/libopenshot/./sort_filter
-- Installing: /build/libopenshot-qt6-git/pkg/libopenshot-qt6-git/usr/include/libopenshot/./sort_filter/Hungarian.h
-- Installing: /build/libopenshot-qt6-git/pkg/libopenshot-qt6-git/usr/include/libopenshot/./sort_filter/KalmanTracker.h
-- Installing: /build/libopenshot-qt6-git/pkg/libopenshot-qt6-git/usr/include/libopenshot/./AudioLocation.h
-- Installing: /build/libopenshot-qt6-git/pkg/libopenshot-qt6-git/usr/include/libopenshot/./QtImageReader.h
-- Installing: /build/libopenshot-qt6-git/pkg/libopenshot-qt6-git/usr/include/libopenshot/./QtPlayer.h
-- Installing: /build/libopenshot-qt6-git/pkg/libopenshot-qt6-git/usr/include/libopenshot/./FFmpegReader.h
-- Installing: /build/libopenshot-qt6-git/pkg/libopenshot-qt6-git/usr/include/libopenshot/./OpenShot.h
-- Installing: /build/libopenshot-qt6-git/pkg/libopenshot-qt6-git/usr/include/libopenshot/./ZmqLogger.h
-- Installing: /build/libopenshot-qt6-git/pkg/libopenshot-qt6-git/usr/include/libopenshot/./OpenCVUtilities.h
-- Installing: /build/libopenshot-qt6-git/pkg/libopenshot-qt6-git/usr/include/libopenshot/./MagickUtilities.h
-- Installing: /build/libopenshot-qt6-git/pkg/libopenshot-qt6-git/usr/include/libopenshot/./AudioWaveformer.h
-- Installing: /build/libopenshot-qt6-git/pkg/libopenshot-qt6-git/usr/include/libopenshot/./IdGenerator.h
-- Installing: /build/libopenshot-qt6-git/pkg/libopenshot-qt6-git/usr/include/libopenshot/./EffectBase.h
-- Installing: /build/libopenshot-qt6-git/pkg/libopenshot-qt6-git/usr/include/libopenshot/./AudioBufferSource.h
-- Installing: /build/libopenshot-qt6-git/pkg/libopenshot-qt6-git/usr/include/libopenshot/./AudioReaderSource.h
-- Installing: /build/libopenshot-qt6-git/pkg/libopenshot-qt6-git/usr/include/libopenshot/./CVObjectMask.h
-- Installing: /build/libopenshot-qt6-git/pkg/libopenshot-qt6-git/usr/lib/python3.14/site-packages/_openshot.so
-- Set non-toolchain portion of runtime path of "/build/libopenshot-qt6-git/pkg/libopenshot-qt6-git/usr/lib/python3.14/site-packages/_openshot.so" to ""
-- Installing: /build/libopenshot-qt6-git/pkg/libopenshot-qt6-git/usr/lib/python3.14/site-packages/openshot.py
-- Installing: /build/libopenshot-qt6-git/pkg/libopenshot-qt6-git/usr/lib/ruby/vendor_ruby/3.4.0/x86_64-linux/openshot.so
-- Set non-toolchain portion of runtime path of "/build/libopenshot-qt6-git/pkg/libopenshot-qt6-git/usr/lib/ruby/vendor_ruby/3.4.0/x86_64-linux/openshot.so" to ""
-- Installing: /build/libopenshot-qt6-git/pkg/libopenshot-qt6-git/usr/include/libopenshot/OpenShotVersion.h
Checking for documentation files to install...
