-----------------------------------------------------------------
          Welcome to the OpenShot Build System!

CMake will now check libopenshot's build dependencies and inform
you of any missing files or other issues.

For more information, please visit <http://www.openshot.org/>.
-----------------------------------------------------------------
-- The C compiler identification is GNU 16.2.1
-- The CXX compiler identification is GNU 16.2.1
-- Detecting C compiler ABI info
-- Detecting C compiler ABI info - done
-- Check for working C compiler: /usr/bin/cc - skipped
-- Detecting C compile features
-- Detecting C compile features - done
-- Detecting CXX compiler ABI info
-- Detecting CXX compiler ABI info - done
-- Check for working CXX compiler: /usr/bin/c++ - skipped
-- Detecting CXX compile features
-- Detecting CXX compile features - done

Generating build files for OpenShot with CMake 4.4.3
  Building libopenshot (version 1.0.0)
  SO/API/ABI Version: 31

-- Found PkgConfig: /usr/bin/pkg-config (found version "3.0.6")
-- Found ALSA: /usr/lib/libasound.so (found version "1.2.16.1")
-- Found ZLIB: /usr/lib/libz.so (found version "1.3.2")
-- Found ImageMagick: /usr/lib/libMagick++-7.Q16HDRI.so (found version "7.1.2-30")
-- Looking for system jsoncpp
-- Found jsoncpp: /usr/include (found version "1.9.6")
-- Found Resvg: /usr/lib/libresvg.so (found version "0.48.1")
-- Performing Test CMAKE_HAVE_LIBC_PTHREAD
-- Performing Test CMAKE_HAVE_LIBC_PTHREAD - Success
-- Found Threads: TRUE
-- Performing Test HAVE_STDATOMIC
-- Performing Test HAVE_STDATOMIC - Success
-- Found WrapAtomic: TRUE
-- Found OpenGL: /usr/lib/libOpenGL.so
-- Found WrapOpenGL: TRUE
-- Found WrapVulkanHeaders: /usr/include
-- Found Qt6  (components: Core, Gui, Widgets)
-- Checking for module 'libavcodec'
--   Found libavcodec, version 58.134.100
-- Checking for module 'libavdevice'
--   Found libavdevice, version 58.13.100
-- Checking for module 'libavformat'
--   Found libavformat, version 58.76.100
-- Checking for module 'libavutil'
--   Found libavutil, version 56.70.100
-- Checking for module 'libswscale'
--   Found libswscale, version 5.9.100
-- Checking for module 'libswresample'
--   Found libswresample, version 3.9.100
-- Found FFmpeg: /usr/lib/ffmpeg4.4/libavcodec.so;/usr/lib/ffmpeg4.4/libavdevice.so;/usr/lib/ffmpeg4.4/libavformat.so;/usr/lib/ffmpeg4.4/libavutil.so;/usr/lib/ffmpeg4.4/libswscale.so;/usr/lib/ffmpeg4.4/libswresample.so (found version "n4.4.8") found components: avcodec avdevice avformat avutil swscale swresample
-- Found OpenMP_C: -fopenmp (found version "5.2")
-- Found OpenMP_CXX: -fopenmp (found version "5.2")
-- Found OpenMP: TRUE (found version "5.2")
-- Found ZeroMQ: /usr/lib/libzmq.so (found version "4.3.5")
-- Found babl: /usr/include/babl-0.1 (found version "0.1.128")
CMake Warning at src/CMakeLists.txt:556 (find_package):
  By not providing "FindOpenCV.cmake" in CMAKE_MODULE_PATH this project has
  asked CMake to find a package configuration file provided by "OpenCV", but
  CMake did not find one.

  Could not find a package configuration file provided by "OpenCV" (requested
  version 4) with any of the following names:

    OpenCV.cps
    opencv.cps
    OpenCVConfig.cmake
    opencv-config.cmake

  Add the installation prefix of "OpenCV" to CMAKE_PREFIX_PATH or set
  "OpenCV_DIR" to a directory containing one of the above files.  If "OpenCV"
  provides a separate development package or SDK, be sure it has been
  installed.


-- Found SWIG: /usr/bin/swig (found suitable version "4.5.0", minimum required is "3.0")
-- Found PythonInterp: /usr/bin/python3 (found suitable version "3.14.7", minimum required is "3")
-- Found PythonLibs: /usr/lib/libpython3.14.so (found suitable version "3.14.7", minimum required is "3")
-- PYTHON_MODULE_PATH: /usr/lib/python3.14/site-packages
-- Found Doxygen: /usr/bin/doxygen (found version "1.18.0") found components: doxygen missing components: dot
-- Doxygen found, enabling libopenshot documentation target
-- libopenshot Build configuration:
-- The following features have been enabled:

 * Wayland screen capture, Use the optional xdg-desktop-portal and PipeWire capture module
 * FFmpeg swresample, Audio resampling uses swresample
 * FFmpeg hwaccel, GPU-accelerated routines (FFmpeg 3.4+)
 * Parallel tests, Unit tests can use 24 processors
 * Unit tests, Compile unit tests for library functions
 * Non-default target 'coverage', Run unit tests and (if enabled) collect coverage data
 * Non-default target 'doc', Build formatted API documentation (HTML+SVG)

-- The following OPTIONAL packages have been found:

 * ImageMagick
 * Resvg
 * Qt6WidgetsTools (required version >= 6.11.2)
 * Qt6Widgets
 * cppzmq
 * PkgConfig
 * babl
 * OpenGL
 * WrapVulkanHeaders
 * Qt6GuiTools (required version >= 6.11.2)
 * Qt6CoreTools (required version >= 6.11.2)
 * Qt6DBusTools (required version >= 6.11.2)
 * Qt6Gui
 * PythonInterp (required version >= 3)
 * PythonLibs (required version >= 3)
 * Doxygen
 * Catch2

-- The following REQUIRED packages have been found:

 * OpenShotAudio (required version >= 1.0.0)
 * jsoncpp
 * FFmpeg
 * OpenMP
 * ZeroMQ
 * Qt6
 * SWIG (required version >= 3.0)

-- The following features have been disabled:

 * Coverage, analyze test coverage and generate report
 * IWYU (include-what-you-use), Scan all source files with 'iwyu'
 * OpenCV algorithms, Use OpenCV algorithms

-- The following OPTIONAL packages have not been found:

 * OpenCV (required version >= 4)
 * Vulkan

-- Configuring done (2.0s)
-- Generating done (0.3s)
-- Build files have been written to: /build/libopenshot-qt6-git/src/build
[  0%] Built target openshot_autogen_timestamp_deps
[  0%] Automatic MOC for target openshot
[  0%] Built target openshot_autogen
[  0%] Building CXX object src/CMakeFiles/openshot.dir/AudioResampler.cpp.o
[  1%] Building CXX object src/CMakeFiles/openshot.dir/AnimatedCurve.cpp.o
[  1%] Building CXX object src/CMakeFiles/openshot.dir/CameraCaptureReader.cpp.o
[  1%] Building CXX object src/CMakeFiles/openshot.dir/AudioDevices.cpp.o
[  1%] Building CXX object src/CMakeFiles/openshot.dir/AudioWaveformer.cpp.o
[  1%] Building CXX object src/CMakeFiles/openshot.dir/AudioBufferSource.cpp.o
[  2%] Building CXX object src/CMakeFiles/openshot.dir/CacheMemory.cpp.o
[  3%] Building CXX object src/CMakeFiles/openshot.dir/AudioReaderSource.cpp.o
[  3%] Building CXX object src/CMakeFiles/openshot.dir/ChunkReader.cpp.o
[  3%] Building CXX object src/CMakeFiles/openshot.dir/ChunkWriter.cpp.o
[  3%] Building CXX object src/CMakeFiles/openshot.dir/CacheDisk.cpp.o
[  3%] Building CXX object src/CMakeFiles/openshot.dir/openshot_autogen/mocs_compilation.cpp.o
[  5%] Building CXX object src/CMakeFiles/openshot.dir/AudioRecorder.cpp.o
[  5%] Building CXX object src/CMakeFiles/openshot.dir/CacheBase.cpp.o
[  6%] Building CXX object src/CMakeFiles/openshot.dir/Color.cpp.o
[  7%] Building CXX object src/CMakeFiles/openshot.dir/ClipBase.cpp.o
[  7%] Building CXX object src/CMakeFiles/openshot.dir/Coordinate.cpp.o
[  7%] Building CXX object src/CMakeFiles/openshot.dir/Clip.cpp.o
[  7%] Building CXX object src/CMakeFiles/openshot.dir/CrashHandler.cpp.o
[  8%] Building CXX object src/CMakeFiles/openshot.dir/DummyReader.cpp.o
[  8%] Building CXX object src/CMakeFiles/openshot.dir/ReaderBase.cpp.o
[  8%] Building CXX object src/CMakeFiles/openshot.dir/RendererBase.cpp.o
[ 10%] Building CXX object src/CMakeFiles/openshot.dir/ScreenCaptureReader.cpp.o
[ 10%] Building CXX object src/CMakeFiles/openshot.dir/WriterBase.cpp.o
[ 10%] Building CXX object src/CMakeFiles/openshot.dir/EffectBase.cpp.o
[ 11%] Building CXX object src/CMakeFiles/openshot.dir/EffectInfo.cpp.o
[ 11%] Building CXX object src/CMakeFiles/openshot.dir/FFmpegReader.cpp.o
[ 11%] Building CXX object src/CMakeFiles/openshot.dir/FFmpegWriter.cpp.o
[ 12%] Building CXX object src/CMakeFiles/openshot.dir/Fraction.cpp.o
[ 12%] Building CXX object src/CMakeFiles/openshot.dir/Frame.cpp.o
[ 12%] Building CXX object src/CMakeFiles/openshot.dir/FrameScope.cpp.o
[ 13%] Building CXX object src/CMakeFiles/openshot.dir/FrameMapper.cpp.o
[ 13%] Building CXX object src/CMakeFiles/openshot.dir/MemoryTrim.cpp.o
[ 13%] Building CXX object src/CMakeFiles/openshot.dir/Json.cpp.o
[ 15%] Building CXX object src/CMakeFiles/openshot.dir/KeyFrame.cpp.o
[ 15%] Building CXX object src/CMakeFiles/openshot.dir/OpenShotVersion.cpp.o
[ 15%] Building CXX object src/CMakeFiles/openshot.dir/PlayerBase.cpp.o
[ 16%] Building CXX object src/CMakeFiles/openshot.dir/Point.cpp.o
[ 16%] Building CXX object src/CMakeFiles/openshot.dir/Profiles.cpp.o
[ 17%] Building CXX object src/CMakeFiles/openshot.dir/QtHtmlReader.cpp.o
[ 17%] Building CXX object src/CMakeFiles/openshot.dir/QtImageReader.cpp.o
[ 17%] Building CXX object src/CMakeFiles/openshot.dir/QtPlayer.cpp.o
[ 18%] Building CXX object src/CMakeFiles/openshot.dir/QtTextReader.cpp.o
[ 18%] Building CXX object src/CMakeFiles/openshot.dir/Settings.cpp.o
[ 18%] Building CXX object src/CMakeFiles/openshot.dir/TimelineBase.cpp.o
[ 20%] Building CXX object src/CMakeFiles/openshot.dir/Timeline.cpp.o
[ 20%] Building CXX object src/CMakeFiles/openshot.dir/TrackedObjectBase.cpp.o
[ 20%] Building CXX object src/CMakeFiles/openshot.dir/ZmqLogger.cpp.o
[ 21%] Building CXX object src/CMakeFiles/openshot.dir/effects/AudioVisualization.cpp.o
[ 21%] Building CXX object src/CMakeFiles/openshot.dir/effects/Bars.cpp.o
[ 21%] Building CXX object src/CMakeFiles/openshot.dir/effects/BeatSync.cpp.o
[ 22%] Building CXX object src/CMakeFiles/openshot.dir/effects/Blur.cpp.o
[ 22%] Building CXX object src/CMakeFiles/openshot.dir/effects/Brightness.cpp.o
/build/libopenshot-qt6-git/src/libopenshot/src/Timeline.cpp: In constructor ‘openshot::Timeline::Timeline(const std::string&, bool)’:
/build/libopenshot-qt6-git/src/libopenshot/src/Timeline.cpp:131:25: warning: ignoring return value of ‘virtual bool QFile::open(QIODeviceBase::OpenMode)’, declared with attribute ‘nodiscard’ [-Wunused-result]
  131 |         projectFile.open(QFile::ReadOnly);
      |         ~~~~~~~~~~~~~~~~^~~~~~~~~~~~~~~~~
In file included from /usr/include/qt6/QtCore/qdir.h:11,
                 from /usr/include/qt6/QtCore/QDir:1,
                 from /build/libopenshot-qt6-git/src/libopenshot/src/CacheDisk.h:18,
                 from /build/libopenshot-qt6-git/src/libopenshot/src/Timeline.cpp:16:
/usr/include/qt6/QtCore/qfile.h:264:32: note: declared here
  264 |     QFILE_MAYBE_NODISCARD bool open(OpenMode flags) override;
      |                                ^~~~
[ 22%] Building CXX object src/CMakeFiles/openshot.dir/effects/Caption.cpp.o
[ 23%] Building CXX object src/CMakeFiles/openshot.dir/effects/ChromaKey.cpp.o
[ 23%] Building CXX object src/CMakeFiles/openshot.dir/effects/ColorGrade.cpp.o
[ 25%] Building CXX object src/CMakeFiles/openshot.dir/effects/ColorMap.cpp.o
[ 25%] Building CXX object src/CMakeFiles/openshot.dir/effects/ColorShift.cpp.o
[ 25%] Building CXX object src/CMakeFiles/openshot.dir/effects/Crop.cpp.o
[ 26%] Building CXX object src/CMakeFiles/openshot.dir/effects/CropHelpers.cpp.o
[ 26%] Building CXX object src/CMakeFiles/openshot.dir/effects/Deinterlace.cpp.o
[ 26%] Building CXX object src/CMakeFiles/openshot.dir/effects/Displace.cpp.o
[ 27%] Building CXX object src/CMakeFiles/openshot.dir/effects/FilmGrain.cpp.o
[ 27%] Building CXX object src/CMakeFiles/openshot.dir/effects/Glow.cpp.o
[ 27%] Building CXX object src/CMakeFiles/openshot.dir/effects/Hue.cpp.o
[ 28%] Building CXX object src/CMakeFiles/openshot.dir/effects/LensFlare.cpp.o
[ 28%] Building CXX object src/CMakeFiles/openshot.dir/effects/AnalogTape.cpp.o
[ 28%] Building CXX object src/CMakeFiles/openshot.dir/effects/Mask.cpp.o
[ 30%] Building CXX object src/CMakeFiles/openshot.dir/effects/Negate.cpp.o
[ 30%] Building CXX object src/CMakeFiles/openshot.dir/effects/Pixelate.cpp.o
[ 30%] Building CXX object src/CMakeFiles/openshot.dir/effects/Saturation.cpp.o
[ 31%] Building CXX object src/CMakeFiles/openshot.dir/effects/Sharpen.cpp.o
[ 31%] Building CXX object src/CMakeFiles/openshot.dir/effects/Shadow.cpp.o
[ 31%] Building CXX object src/CMakeFiles/openshot.dir/effects/Shift.cpp.o
[ 32%] Building CXX object src/CMakeFiles/openshot.dir/effects/SphericalProjection.cpp.o
[ 32%] Building CXX object src/CMakeFiles/openshot.dir/effects/Timer.cpp.o
[ 33%] Building CXX object src/CMakeFiles/openshot.dir/effects/DenoiseImage.cpp.o
[ 33%] Building CXX object src/CMakeFiles/openshot.dir/effects/Wave.cpp.o
[ 33%] Building CXX object src/CMakeFiles/openshot.dir/audio_effects/STFT.cpp.o
[ 35%] Building CXX object src/CMakeFiles/openshot.dir/audio_effects/Noise.cpp.o
[ 35%] Building CXX object src/CMakeFiles/openshot.dir/audio_effects/Delay.cpp.o
[ 35%] Building CXX object src/CMakeFiles/openshot.dir/audio_effects/Echo.cpp.o
[ 36%] Building CXX object src/CMakeFiles/openshot.dir/audio_effects/Distortion.cpp.o
[ 36%] Building CXX object src/CMakeFiles/openshot.dir/audio_effects/ParametricEQ.cpp.o
[ 36%] Building CXX object src/CMakeFiles/openshot.dir/audio_effects/Compressor.cpp.o
[ 37%] Building CXX object src/CMakeFiles/openshot.dir/audio_effects/Expander.cpp.o
[ 37%] Building CXX object src/CMakeFiles/openshot.dir/audio_effects/Robotization.cpp.o
[ 37%] Building CXX object src/CMakeFiles/openshot.dir/audio_effects/Whisperization.cpp.o
[ 38%] Building CXX object src/CMakeFiles/openshot.dir/Qt/AudioPlaybackThread.cpp.o
[ 38%] Building CXX object src/CMakeFiles/openshot.dir/Qt/PlayerDemo.cpp.o
[ 38%] Building CXX object src/CMakeFiles/openshot.dir/Qt/PlayerPrivate.cpp.o
[ 40%] Building CXX object src/CMakeFiles/openshot.dir/Qt/VideoCacheThread.cpp.o
[ 40%] Building CXX object src/CMakeFiles/openshot.dir/Qt/VideoPlaybackThread.cpp.o
[ 40%] Building CXX object src/CMakeFiles/openshot.dir/Qt/VideoRenderer.cpp.o
[ 41%] Building CXX object src/CMakeFiles/openshot.dir/Qt/VideoRenderWidget.cpp.o
[ 41%] Building CXX object src/CMakeFiles/openshot.dir/MagickUtilities.cpp.o
[ 42%] Building CXX object src/CMakeFiles/openshot.dir/ImageReader.cpp.o
[ 42%] Building CXX object src/CMakeFiles/openshot.dir/ImageWriter.cpp.o
[ 42%] Building CXX object src/CMakeFiles/openshot.dir/TextReader.cpp.o
[ 43%] Linking CXX shared library libopenshot.so
[ 43%] Built target openshot
[ 45%] Swig compile openshot.i for python
[ 47%] Building CXX object examples/CMakeFiles/openshot-html-example.dir/ExampleHtml.cpp.o
[ 47%] Building CXX object tests/CMakeFiles/openshot-Coordinate-test.dir/Coordinate.cpp.o
[ 48%] Built target openshot-player_autogen_timestamp_deps
[ 48%] Building CXX object tests/CMakeFiles/openshot-AnimatedCurve-test.dir/AnimatedCurve.cpp.o
[ 50%] Building CXX object src/CMakeFiles/openshot-wayland-capture.dir/WaylandScreenCaptureReader.cpp.o
[ 51%] Building CXX object tests/CMakeFiles/openshot-CacheMemory-test.dir/CacheMemory.cpp.o
[ 51%] Building CXX object tests/CMakeFiles/openshot-AudioWaveformer-test.dir/AudioWaveformer.cpp.o
[ 51%] Building CXX object tests/CMakeFiles/openshot-AudioDeviceManager-test.dir/AudioDeviceManager.cpp.o
[ 51%] Building CXX object tests/CMakeFiles/openshot-Clip-test.dir/Clip.cpp.o
[ 50%] Building CXX object tests/CMakeFiles/openshot-AudioRecorder-test.dir/AudioRecorder.cpp.o
[ 52%] Building CXX object tests/CMakeFiles/openshot-CameraCaptureReader-test.dir/CameraCaptureReader.cpp.o
[ 52%] Building CXX object tests/CMakeFiles/openshot-DummyReader-test.dir/DummyReader.cpp.o
[ 52%] Building CXX object tests/CMakeFiles/openshot-CacheDisk-test.dir/CacheDisk.cpp.o
[ 52%] Building CXX object tests/CMakeFiles/openshot-benchmark.dir/Benchmark.cpp.o
[ 52%] Building CXX object examples/CMakeFiles/openshot-example.dir/Example.cpp.o
[ 52%] Building CXX object tests/CMakeFiles/openshot-Caption-test.dir/Caption.cpp.o
[ 53%] Building CXX object tests/CMakeFiles/openshot-Color-test.dir/Color.cpp.o
[ 56%] Building CXX object tests/CMakeFiles/openshot-FFmpegWriter-test.dir/FFmpegWriter.cpp.o
[ 56%] Building CXX object tests/CMakeFiles/openshot-FFmpegReader-test.dir/FFmpegReader.cpp.o
[ 56%] Building CXX object tests/CMakeFiles/openshot-Fraction-test.dir/Fraction.cpp.o
[ 56%] Linking CXX executable openshot-Coordinate-test
[ 56%] Linking CXX executable openshot-AnimatedCurve-test
/usr/bin/ld: ../src/libopenshot.so.1.0.0: undefined reference to `openshot::TrackedObjectBBox::Contains(long) const'
/usr/bin/ld: ../src/libopenshot.so.1.0.0: undefined reference to `openshot::TrackedObjectBBox::GetBox(long)'
/usr/bin/ld: ../src/libopenshot.so.1.0.0: undefined reference to `typeinfo for openshot::TrackedObjectBBox'
collect2: error: ld returned 1 exit status
make[2]: *** [tests/CMakeFiles/openshot-Coordinate-test.dir/build.make:125: tests/openshot-Coordinate-test] Error 1
make[1]: *** [CMakeFiles/Makefile2:4107: tests/CMakeFiles/openshot-Coordinate-test.dir/all] Error 2
make[1]: *** Waiting for unfinished jobs....
[ 56%] Building CXX object tests/CMakeFiles/openshot-benchmark.dir/BenchmarkOptions.cpp.o
[ 56%] Linking CXX executable openshot-example
[ 56%] Linking CXX executable openshot-Fraction-test
[ 56%] Linking CXX executable openshot-Color-test
/usr/bin/ld: ../src/libopenshot.so.1.0.0: undefined reference to `openshot::TrackedObjectBBox::Contains(long) const'
/usr/bin/ld: ../src/libopenshot.so.1.0.0: undefined reference to `openshot::TrackedObjectBBox::GetBox(long)'
/usr/bin/ld: ../src/libopenshot.so.1.0.0: undefined reference to `typeinfo for openshot::TrackedObjectBBox'
collect2: error: ld returned 1 exit status
make[2]: *** [tests/CMakeFiles/openshot-AnimatedCurve-test.dir/build.make:125: tests/openshot-AnimatedCurve-test] Error 1
make[1]: *** [CMakeFiles/Makefile2:3851: tests/CMakeFiles/openshot-AnimatedCurve-test.dir/all] Error 2
[ 57%] Linking CXX executable openshot-DummyReader-test
/usr/bin/ld: ../src/libopenshot.so.1.0.0: undefined reference to `openshot::TrackedObjectBBox::Contains(long) const'
/usr/bin/ld: ../src/libopenshot.so.1.0.0: undefined reference to `openshot::TrackedObjectBBox::GetBox(long)'
/usr/bin/ld: ../src/libopenshot.so.1.0.0: undefined reference to `typeinfo for openshot::TrackedObjectBBox'
[ 57%] Linking CXX executable openshot-html-example
collect2: error: ld returned 1 exit status
make[2]: *** [examples/CMakeFiles/openshot-example.dir/build.make:123: examples/openshot-example] Error 1
make[1]: *** [CMakeFiles/Makefile2:3561: examples/CMakeFiles/openshot-example.dir/all] Error 2
/usr/bin/ld: ../src/libopenshot.so.1.0.0: undefined reference to `openshot::TrackedObjectBBox::Contains(long) const'
/usr/bin/ld: ../src/libopenshot.so.1.0.0: undefined reference to `openshot::TrackedObjectBBox::GetBox(long)'
/usr/bin/ld: ../src/libopenshot.so.1.0.0: undefined reference to `typeinfo for openshot::TrackedObjectBBox'
collect2: error: ld returned 1 exit status
make[2]: *** [tests/CMakeFiles/openshot-Fraction-test.dir/build.make:125: tests/openshot-Fraction-test] Error 1
make[1]: *** [CMakeFiles/Makefile2:4235: tests/CMakeFiles/openshot-Fraction-test.dir/all] Error 2
[ 57%] Building CXX object bindings/python/CMakeFiles/pyopenshot.dir/CMakeFiles/pyopenshot.dir/openshotPYTHON_wrap.cxx.o
/usr/bin/ld: ../src/libopenshot.so.1.0.0: undefined reference to `openshot::TrackedObjectBBox::Contains(long) const'
/usr/bin/ld: ../src/libopenshot.so.1.0.0: undefined reference to `openshot::TrackedObjectBBox::GetBox(long)'
/usr/bin/ld: ../src/libopenshot.so.1.0.0: undefined reference to `typeinfo for openshot::TrackedObjectBBox'
collect2: error: ld returned 1 exit status
make[2]: *** [tests/CMakeFiles/openshot-Color-test.dir/build.make:125: tests/openshot-Color-test] Error 1
make[1]: *** [CMakeFiles/Makefile2:4075: tests/CMakeFiles/openshot-Color-test.dir/all] Error 2
[ 58%] Linking CXX executable openshot-CacheDisk-test
[ 60%] Linking CXX executable openshot-Caption-test
/usr/bin/ld: ../src/libopenshot.so.1.0.0: undefined reference to `openshot::TrackedObjectBBox::Contains(long) const'
/usr/bin/ld: ../src/libopenshot.so.1.0.0: undefined reference to `openshot::TrackedObjectBBox::GetBox(long)'
/usr/bin/ld: ../src/libopenshot.so.1.0.0: undefined reference to `typeinfo for openshot::TrackedObjectBBox'
collect2: error: ld returned 1 exit status
make[2]: *** [tests/CMakeFiles/openshot-DummyReader-test.dir/build.make:125: tests/openshot-DummyReader-test] Error 1
make[1]: *** [CMakeFiles/Makefile2:4139: tests/CMakeFiles/openshot-DummyReader-test.dir/all] Error 2
[ 60%] Linking CXX executable openshot-FFmpegWriter-test
[ 60%] Linking CXX executable openshot-CameraCaptureReader-test
/usr/bin/ld: ../src/libopenshot.so.1.0.0: undefined reference to `openshot::TrackedObjectBBox::Contains(long) const'
/usr/bin/ld: ../src/libopenshot.so.1.0.0: undefined reference to `openshot::TrackedObjectBBox::GetBox(long)'
/usr/bin/ld: ../src/libopenshot.so.1.0.0: undefined reference to `typeinfo for openshot::TrackedObjectBBox'
collect2: error: ld returned 1 exit status
make[2]: *** [examples/CMakeFiles/openshot-html-example.dir/build.make:127: examples/openshot-html-example] Error 1
make[1]: *** [CMakeFiles/Makefile2:3593: examples/CMakeFiles/openshot-html-example.dir/all] Error 2
/usr/bin/ld: ../src/libopenshot.so.1.0.0: undefined reference to `openshot::TrackedObjectBBox::Contains(long) const'
/usr/bin/ld: ../src/libopenshot.so.1.0.0: undefined reference to `openshot::TrackedObjectBBox::GetBox(long)'
/usr/bin/ld: ../src/libopenshot.so.1.0.0: undefined reference to `typeinfo for openshot::TrackedObjectBBox'
collect2: error: ld returned 1 exit status
make[2]: *** [tests/CMakeFiles/openshot-CacheDisk-test.dir/build.make:125: tests/openshot-CacheDisk-test] Error 1
make[1]: *** [CMakeFiles/Makefile2:3947: tests/CMakeFiles/openshot-CacheDisk-test.dir/all] Error 2
/usr/bin/ld: ../src/libopenshot.so.1.0.0: undefined reference to `openshot::TrackedObjectBBox::Contains(long) const'
/usr/bin/ld: ../src/libopenshot.so.1.0.0: undefined reference to `openshot::TrackedObjectBBox::GetBox(long)'
/usr/bin/ld: ../src/libopenshot.so.1.0.0: undefined reference to `typeinfo for openshot::TrackedObjectBBox'
collect2: error: ld returned 1 exit status
make[2]: *** [tests/CMakeFiles/openshot-Caption-test.dir/build.make:125: tests/openshot-Caption-test] Error 1
make[1]: *** [CMakeFiles/Makefile2:4011: tests/CMakeFiles/openshot-Caption-test.dir/all] Error 2
/usr/bin/ld: ../src/libopenshot.so.1.0.0: undefined reference to `openshot::TrackedObjectBBox::Contains(long) const'
/usr/bin/ld: ../src/libopenshot.so.1.0.0: undefined reference to `openshot::TrackedObjectBBox::GetBox(long)'
/usr/bin/ld: ../src/libopenshot.so.1.0.0: undefined reference to `openshot::TrackedObjectBBox::Contains(long) const'
/usr/bin/ld: ../src/libopenshot.so.1.0.0: undefined reference to `typeinfo for openshot::TrackedObjectBBox'
/usr/bin/ld: ../src/libopenshot.so.1.0.0: undefined reference to `openshot::TrackedObjectBBox::GetBox(long)'
/usr/bin/ld: ../src/libopenshot.so.1.0.0: undefined reference to `typeinfo for openshot::TrackedObjectBBox'
collect2: error: ld returned 1 exit status
make[2]: *** [tests/CMakeFiles/openshot-CameraCaptureReader-test.dir/build.make:125: tests/openshot-CameraCaptureReader-test] Error 1
make[1]: *** [CMakeFiles/Makefile2:3915: tests/CMakeFiles/openshot-CameraCaptureReader-test.dir/all] Error 2
collect2: error: ld returned 1 exit status
make[2]: *** [tests/CMakeFiles/openshot-FFmpegWriter-test.dir/build.make:125: tests/openshot-FFmpegWriter-test] Error 1
make[1]: *** [CMakeFiles/Makefile2:4203: tests/CMakeFiles/openshot-FFmpegWriter-test.dir/all] Error 2
[ 60%] Linking CXX executable openshot-CacheMemory-test
[ 61%] Linking CXX executable openshot-AudioDeviceManager-test
[ 61%] Linking CXX executable openshot-FFmpegReader-test
/usr/bin/ld: ../src/libopenshot.so.1.0.0: undefined reference to `openshot::TrackedObjectBBox::Contains(long) const'
/usr/bin/ld: ../src/libopenshot.so.1.0.0: undefined reference to `openshot::TrackedObjectBBox::GetBox(long)'
/usr/bin/ld: ../src/libopenshot.so.1.0.0: undefined reference to `typeinfo for openshot::TrackedObjectBBox'
collect2: error: ld returned 1 exit status
make[2]: *** [tests/CMakeFiles/openshot-CacheMemory-test.dir/build.make:125: tests/openshot-CacheMemory-test] Error 1
make[1]: *** [CMakeFiles/Makefile2:3979: tests/CMakeFiles/openshot-CacheMemory-test.dir/all] Error 2
/usr/bin/ld: ../src/libopenshot.so.1.0.0: undefined reference to `openshot::TrackedObjectBBox::Contains(long) const'
/usr/bin/ld: ../src/libopenshot.so.1.0.0: undefined reference to `openshot::TrackedObjectBBox::GetBox(long)'
/usr/bin/ld: ../src/libopenshot.so.1.0.0: undefined reference to `typeinfo for openshot::TrackedObjectBBox'
collect2: error: ld returned 1 exit status
make[2]: *** [tests/CMakeFiles/openshot-AudioDeviceManager-test.dir/build.make:125: tests/openshot-AudioDeviceManager-test] Error 1
make[1]: *** [CMakeFiles/Makefile2:3787: tests/CMakeFiles/openshot-AudioDeviceManager-test.dir/all] Error 2
[ 62%] Linking CXX executable openshot-AudioWaveformer-test
[ 62%] Linking CXX executable openshot-AudioRecorder-test
/usr/bin/ld: ../src/libopenshot.so.1.0.0: undefined reference to `openshot::TrackedObjectBBox::Contains(long) const'
/usr/bin/ld: ../src/libopenshot.so.1.0.0: undefined reference to `openshot::TrackedObjectBBox::GetBox(long)'
/usr/bin/ld: ../src/libopenshot.so.1.0.0: undefined reference to `typeinfo for openshot::TrackedObjectBBox'
collect2: error: ld returned 1 exit status
make[2]: *** [tests/CMakeFiles/openshot-FFmpegReader-test.dir/build.make:125: tests/openshot-FFmpegReader-test] Error 1
make[1]: *** [CMakeFiles/Makefile2:4171: tests/CMakeFiles/openshot-FFmpegReader-test.dir/all] Error 2
[ 62%] Linking CXX shared module libopenshot-wayland-capture.so
/usr/bin/ld: ../src/libopenshot.so.1.0.0: undefined reference to `openshot::TrackedObjectBBox::Contains(long) const'
/usr/bin/ld: ../src/libopenshot.so.1.0.0: undefined reference to `openshot::TrackedObjectBBox::GetBox(long)'
/usr/bin/ld: ../src/libopenshot.so.1.0.0: undefined reference to `typeinfo for openshot::TrackedObjectBBox'
/usr/bin/ld: ../src/libopenshot.so.1.0.0: undefined reference to `openshot::TrackedObjectBBox::Contains(long) const'
/usr/bin/ld: ../src/libopenshot.so.1.0.0: undefined reference to `openshot::TrackedObjectBBox::GetBox(long)'
/usr/bin/ld: ../src/libopenshot.so.1.0.0: undefined reference to `typeinfo for openshot::TrackedObjectBBox'
collect2: error: ld returned 1 exit status
make[2]: *** [tests/CMakeFiles/openshot-AudioWaveformer-test.dir/build.make:125: tests/openshot-AudioWaveformer-test] Error 1
make[1]: *** [CMakeFiles/Makefile2:3883: tests/CMakeFiles/openshot-AudioWaveformer-test.dir/all] Error 2
collect2: error: ld returned 1 exit status
make[2]: *** [tests/CMakeFiles/openshot-AudioRecorder-test.dir/build.make:125: tests/openshot-AudioRecorder-test] Error 1
make[1]: *** [CMakeFiles/Makefile2:3819: tests/CMakeFiles/openshot-AudioRecorder-test.dir/all] Error 2
[ 62%] Built target openshot-wayland-capture
[ 63%] Linking CXX executable openshot-benchmark
/usr/bin/ld: ../src/libopenshot.so.1.0.0: undefined reference to `openshot::TrackedObjectBBox::Contains(long) const'
/usr/bin/ld: ../src/libopenshot.so.1.0.0: undefined reference to `openshot::TrackedObjectBBox::GetBox(long)'
/usr/bin/ld: ../src/libopenshot.so.1.0.0: undefined reference to `typeinfo for openshot::TrackedObjectBBox'
collect2: error: ld returned 1 exit status
make[2]: *** [tests/CMakeFiles/openshot-benchmark.dir/build.make:139: tests/openshot-benchmark] Error 1
make[1]: *** [CMakeFiles/Makefile2:3755: tests/CMakeFiles/openshot-benchmark.dir/all] Error 2
[ 63%] Linking CXX executable openshot-Clip-test
/usr/bin/ld: ../src/libopenshot.so.1.0.0: undefined reference to `openshot::TrackedObjectBBox::Contains(long) const'
/usr/bin/ld: ../src/libopenshot.so.1.0.0: undefined reference to `openshot::TrackedObjectBBox::GetBox(long)'
/usr/bin/ld: ../src/libopenshot.so.1.0.0: undefined reference to `typeinfo for openshot::TrackedObjectBBox'
collect2: error: ld returned 1 exit status
make[2]: *** [tests/CMakeFiles/openshot-Clip-test.dir/build.make:125: tests/openshot-Clip-test] Error 1
make[1]: *** [CMakeFiles/Makefile2:4043: tests/CMakeFiles/openshot-Clip-test.dir/all] Error 2
[ 65%] Linking CXX shared module _openshot.so
[ 65%] Built target pyopenshot
make: *** [Makefile:166: all] Error 2
[1m[31m==> ERROR:(B[m[1m A failure occurred in build().(B[m
[1m    Aborting...(B[m
