-----------------------------------------------------------------
          Welcome to the OpenShot Build System!

CMake will now check libopenshot's build dependencies and inform
you of any missing files or other issues.

For more information, please visit <http://www.openshot.org/>.
-----------------------------------------------------------------
-- The C compiler identification is GNU 16.2.1
-- The CXX compiler identification is GNU 16.2.1
-- Detecting C compiler ABI info
-- Detecting C compiler ABI info - done
-- Check for working C compiler: /usr/bin/cc - skipped
-- Detecting C compile features
-- Detecting C compile features - done
-- Detecting CXX compiler ABI info
-- Detecting CXX compiler ABI info - done
-- Check for working CXX compiler: /usr/bin/c++ - skipped
-- Detecting CXX compile features
-- Detecting CXX compile features - done

Generating build files for OpenShot with CMake 4.4.3
  Building libopenshot (version 1.0.0)
  SO/API/ABI Version: 31

-- Found PkgConfig: /usr/bin/pkg-config (found version "3.0.6")
CMake Error at src/CMakeLists.txt:240 (find_package):
  Could not find a configuration file for package "OpenShotAudio" that is
  compatible with requested version "1.0.0".

  The following configuration files were considered but not accepted:

    /usr/lib/cmake/OpenShotAudio/OpenShotAudioConfig.cmake, version: 0.6.0
      The version found is not compatible with the version requested.
    /lib/cmake/OpenShotAudio/OpenShotAudioConfig.cmake, version: 0.6.0
      The version found is not compatible with the version requested.



-- Configuring incomplete, errors occurred!
[1m[31m==> ERROR:(B[m[1m A failure occurred in build().(B[m
[1m    Aborting...(B[m
