-- Install configuration: "None"
-- Installing: /build/libopenshot-audio-git/pkg/libopenshot-audio-git/usr/bin/openshot-audio-demo
-- Set non-toolchain portion of runtime path of "/build/libopenshot-audio-git/pkg/libopenshot-audio-git/usr/bin/openshot-audio-demo" to ""
-- Installing: /build/libopenshot-audio-git/pkg/libopenshot-audio-git/usr/lib/libopenshot-audio.so.0.6.0
-- Installing: /build/libopenshot-audio-git/pkg/libopenshot-audio-git/usr/lib/libopenshot-audio.so.10
-- Installing: /build/libopenshot-audio-git/pkg/libopenshot-audio-git/usr/lib/libopenshot-audio.so
-- Installing: /build/libopenshot-audio-git/pkg/libopenshot-audio-git/usr/include/libopenshot-audio/OpenShotAudio.h
-- Installing: /build/libopenshot-audio-git/pkg/libopenshot-audio-git/usr/include/libopenshot-audio/JuceHeader.h
-- Installing: /build/libopenshot-audio-git/pkg/libopenshot-audio-git/usr/include/libopenshot-audio/AppConfig.h
-- Installing juce_audio_basics headers
-- Installing: /build/libopenshot-audio-git/pkg/libopenshot-audio-git/usr/include/libopenshot-audio/juce_audio_basics
-- Installing: /build/libopenshot-audio-git/pkg/libopenshot-audio-git/usr/include/libopenshot-audio/juce_audio_basics/synthesisers
-- Installing: /build/libopenshot-audio-git/pkg/libopenshot-audio-git/usr/include/libopenshot-audio/juce_audio_basics/synthesisers/juce_Synthesiser.h
-- Installing: /build/libopenshot-audio-git/pkg/libopenshot-audio-git/usr/include/libopenshot-audio/juce_audio_basics/midi
-- Installing: /build/libopenshot-audio-git/pkg/libopenshot-audio-git/usr/include/libopenshot-audio/juce_audio_basics/midi/juce_MidiFile.h
-- Installing: /build/libopenshot-audio-git/pkg/libopenshot-audio-git/usr/include/libopenshot-audio/juce_audio_basics/midi/juce_MidiKeyboardState.h
-- Installing: /build/libopenshot-audio-git/pkg/libopenshot-audio-git/usr/include/libopenshot-audio/juce_audio_basics/midi/juce_MidiRPN.h
-- Installing: /build/libopenshot-audio-git/pkg/libopenshot-audio-git/usr/include/libopenshot-audio/juce_audio_basics/midi/juce_MidiMessage.h
-- Installing: /build/libopenshot-audio-git/pkg/libopenshot-audio-git/usr/include/libopenshot-audio/juce_audio_basics/midi/juce_MidiMessageSequence.h
-- Installing: /build/libopenshot-audio-git/pkg/libopenshot-audio-git/usr/include/libopenshot-audio/juce_audio_basics/midi/juce_MidiDataConcatenator.h
-- Installing: /build/libopenshot-audio-git/pkg/libopenshot-audio-git/usr/include/libopenshot-audio/juce_audio_basics/midi/juce_MidiBuffer.h
-- Installing: /build/libopenshot-audio-git/pkg/libopenshot-audio-git/usr/include/libopenshot-audio/juce_audio_basics/midi/ump
-- Installing: /build/libopenshot-audio-git/pkg/libopenshot-audio-git/usr/include/libopenshot-audio/juce_audio_basics/midi/ump/juce_UMPIterator.h
-- Installing: /build/libopenshot-audio-git/pkg/libopenshot-audio-git/usr/include/libopenshot-audio/juce_audio_basics/midi/ump/juce_UMPMidi1ToMidi2DefaultTranslator.h
-- Installing: /build/libopenshot-audio-git/pkg/libopenshot-audio-git/usr/include/libopenshot-audio/juce_audio_basics/midi/ump/juce_UMPSysEx7.h
-- Installing: /build/libopenshot-audio-git/pkg/libopenshot-audio-git/usr/include/libopenshot-audio/juce_audio_basics/midi/ump/juce_UMP.h
-- Installing: /build/libopenshot-audio-git/pkg/libopenshot-audio-git/usr/include/libopenshot-audio/juce_audio_basics/midi/ump/juce_UMPBytesOnGroup.h
-- Installing: /build/libopenshot-audio-git/pkg/libopenshot-audio-git/usr/include/libopenshot-audio/juce_audio_basics/midi/ump/juce_UMPProtocols.h
-- Installing: /build/libopenshot-audio-git/pkg/libopenshot-audio-git/usr/include/libopenshot-audio/juce_audio_basics/midi/ump/juce_UMPacket.h
-- Installing: /build/libopenshot-audio-git/pkg/libopenshot-audio-git/usr/include/libopenshot-audio/juce_audio_basics/midi/ump/juce_UMPConverters.h
-- Installing: /build/libopenshot-audio-git/pkg/libopenshot-audio-git/usr/include/libopenshot-audio/juce_audio_basics/midi/ump/juce_UMPUtils.h
-- Installing: /build/libopenshot-audio-git/pkg/libopenshot-audio-git/usr/include/libopenshot-audio/juce_audio_basics/midi/ump/juce_UMPReceiver.h
-- Installing: /build/libopenshot-audio-git/pkg/libopenshot-audio-git/usr/include/libopenshot-audio/juce_audio_basics/midi/ump/juce_UMPConversion.h
-- Installing: /build/libopenshot-audio-git/pkg/libopenshot-audio-git/usr/include/libopenshot-audio/juce_audio_basics/midi/ump/juce_UMPDeviceInfo.h
-- Installing: /build/libopenshot-audio-git/pkg/libopenshot-audio-git/usr/include/libopenshot-audio/juce_audio_basics/midi/ump/juce_UMPMidi1ToBytestreamTranslator.h
-- Installing: /build/libopenshot-audio-git/pkg/libopenshot-audio-git/usr/include/libopenshot-audio/juce_audio_basics/midi/ump/juce_UMPView.h
-- Installing: /build/libopenshot-audio-git/pkg/libopenshot-audio-git/usr/include/libopenshot-audio/juce_audio_basics/midi/ump/juce_UMPFactory.h
-- Installing: /build/libopenshot-audio-git/pkg/libopenshot-audio-git/usr/include/libopenshot-audio/juce_audio_basics/midi/ump/juce_UMPackets.h
-- Installing: /build/libopenshot-audio-git/pkg/libopenshot-audio-git/usr/include/libopenshot-audio/juce_audio_basics/midi/ump/juce_UMPDispatcher.h
-- Installing: /build/libopenshot-audio-git/pkg/libopenshot-audio-git/usr/include/libopenshot-audio/juce_audio_basics/juce_audio_basics.h
-- Installing: /build/libopenshot-audio-git/pkg/libopenshot-audio-git/usr/include/libopenshot-audio/juce_audio_basics/utilities
-- Installing: /build/libopenshot-audio-git/pkg/libopenshot-audio-git/usr/include/libopenshot-audio/juce_audio_basics/utilities/juce_Reverb.h
-- Installing: /build/libopenshot-audio-git/pkg/libopenshot-audio-git/usr/include/libopenshot-audio/juce_audio_basics/utilities/juce_IIRFilter.h
-- Installing: /build/libopenshot-audio-git/pkg/libopenshot-audio-git/usr/include/libopenshot-audio/juce_audio_basics/utilities/juce_Interpolators.h
-- Installing: /build/libopenshot-audio-git/pkg/libopenshot-audio-git/usr/include/libopenshot-audio/juce_audio_basics/utilities/juce_SmoothedValue.h
-- Installing: /build/libopenshot-audio-git/pkg/libopenshot-audio-git/usr/include/libopenshot-audio/juce_audio_basics/utilities/juce_ADSR.h
-- Installing: /build/libopenshot-audio-git/pkg/libopenshot-audio-git/usr/include/libopenshot-audio/juce_audio_basics/utilities/juce_Decibels.h
-- Installing: /build/libopenshot-audio-git/pkg/libopenshot-audio-git/usr/include/libopenshot-audio/juce_audio_basics/utilities/juce_AudioWorkgroup.h
-- Installing: /build/libopenshot-audio-git/pkg/libopenshot-audio-git/usr/include/libopenshot-audio/juce_audio_basics/utilities/juce_GenericInterpolator.h
-- Installing: /build/libopenshot-audio-git/pkg/libopenshot-audio-git/usr/include/libopenshot-audio/juce_audio_basics/buffers
-- Installing: /build/libopenshot-audio-git/pkg/libopenshot-audio-git/usr/include/libopenshot-audio/juce_audio_basics/buffers/juce_AudioChannelSet.h
-- Installing: /build/libopenshot-audio-git/pkg/libopenshot-audio-git/usr/include/libopenshot-audio/juce_audio_basics/buffers/juce_AudioDataConverters.h
-- Installing: /build/libopenshot-audio-git/pkg/libopenshot-audio-git/usr/include/libopenshot-audio/juce_audio_basics/buffers/juce_FloatVectorOperations.h
-- Installing: /build/libopenshot-audio-git/pkg/libopenshot-audio-git/usr/include/libopenshot-audio/juce_audio_basics/buffers/juce_AudioProcessLoadMeasurer.h
-- Installing: /build/libopenshot-audio-git/pkg/libopenshot-audio-git/usr/include/libopenshot-audio/juce_audio_basics/buffers/juce_AudioSampleBuffer.h
-- Installing: /build/libopenshot-audio-git/pkg/libopenshot-audio-git/usr/include/libopenshot-audio/juce_audio_basics/native
-- Installing: /build/libopenshot-audio-git/pkg/libopenshot-audio-git/usr/include/libopenshot-audio/juce_audio_basics/native/juce_CoreAudioLayouts_mac.h
-- Installing: /build/libopenshot-audio-git/pkg/libopenshot-audio-git/usr/include/libopenshot-audio/juce_audio_basics/native/juce_AudioWorkgroup_mac.h
-- Installing: /build/libopenshot-audio-git/pkg/libopenshot-audio-git/usr/include/libopenshot-audio/juce_audio_basics/native/juce_CoreAudioTimeConversions_mac.h
-- Installing: /build/libopenshot-audio-git/pkg/libopenshot-audio-git/usr/include/libopenshot-audio/juce_audio_basics/sources
-- Installing: /build/libopenshot-audio-git/pkg/libopenshot-audio-git/usr/include/libopenshot-audio/juce_audio_basics/sources/juce_MemoryAudioSource.h
-- Installing: /build/libopenshot-audio-git/pkg/libopenshot-audio-git/usr/include/libopenshot-audio/juce_audio_basics/sources/juce_AudioSource.h
-- Installing: /build/libopenshot-audio-git/pkg/libopenshot-audio-git/usr/include/libopenshot-audio/juce_audio_basics/sources/juce_ChannelRemappingAudioSource.h
-- Installing: /build/libopenshot-audio-git/pkg/libopenshot-audio-git/usr/include/libopenshot-audio/juce_audio_basics/sources/juce_ResamplingAudioSource.h
-- Installing: /build/libopenshot-audio-git/pkg/libopenshot-audio-git/usr/include/libopenshot-audio/juce_audio_basics/sources/juce_ToneGeneratorAudioSource.h
-- Installing: /build/libopenshot-audio-git/pkg/libopenshot-audio-git/usr/include/libopenshot-audio/juce_audio_basics/sources/juce_ReverbAudioSource.h
-- Installing: /build/libopenshot-audio-git/pkg/libopenshot-audio-git/usr/include/libopenshot-audio/juce_audio_basics/sources/juce_MixerAudioSource.h
-- Installing: /build/libopenshot-audio-git/pkg/libopenshot-audio-git/usr/include/libopenshot-audio/juce_audio_basics/sources/juce_BufferingAudioSource.h
-- Installing: /build/libopenshot-audio-git/pkg/libopenshot-audio-git/usr/include/libopenshot-audio/juce_audio_basics/sources/juce_PositionableAudioSource.h
-- Installing: /build/libopenshot-audio-git/pkg/libopenshot-audio-git/usr/include/libopenshot-audio/juce_audio_basics/sources/juce_IIRFilterAudioSource.h
-- Installing: /build/libopenshot-audio-git/pkg/libopenshot-audio-git/usr/include/libopenshot-audio/juce_audio_basics/audio_play_head
-- Installing: /build/libopenshot-audio-git/pkg/libopenshot-audio-git/usr/include/libopenshot-audio/juce_audio_basics/audio_play_head/juce_AudioPlayHead.h
-- Installing: /build/libopenshot-audio-git/pkg/libopenshot-audio-git/usr/include/libopenshot-audio/juce_audio_basics/mpe
-- Installing: /build/libopenshot-audio-git/pkg/libopenshot-audio-git/usr/include/libopenshot-audio/juce_audio_basics/mpe/juce_MPENote.h
-- Installing: /build/libopenshot-audio-git/pkg/libopenshot-audio-git/usr/include/libopenshot-audio/juce_audio_basics/mpe/juce_MPEValue.h
-- Installing: /build/libopenshot-audio-git/pkg/libopenshot-audio-git/usr/include/libopenshot-audio/juce_audio_basics/mpe/juce_MPESynthesiser.h
-- Installing: /build/libopenshot-audio-git/pkg/libopenshot-audio-git/usr/include/libopenshot-audio/juce_audio_basics/mpe/juce_MPEUtils.h
-- Installing: /build/libopenshot-audio-git/pkg/libopenshot-audio-git/usr/include/libopenshot-audio/juce_audio_basics/mpe/juce_MPESynthesiserVoice.h
-- Installing: /build/libopenshot-audio-git/pkg/libopenshot-audio-git/usr/include/libopenshot-audio/juce_audio_basics/mpe/juce_MPEInstrument.h
-- Installing: /build/libopenshot-audio-git/pkg/libopenshot-audio-git/usr/include/libopenshot-audio/juce_audio_basics/mpe/juce_MPEZoneLayout.h
-- Installing: /build/libopenshot-audio-git/pkg/libopenshot-audio-git/usr/include/libopenshot-audio/juce_audio_basics/mpe/juce_MPESynthesiserBase.h
-- Installing: /build/libopenshot-audio-git/pkg/libopenshot-audio-git/usr/include/libopenshot-audio/juce_audio_basics/mpe/juce_MPEMessages.h
-- Installing juce_audio_devices headers
-- Installing: /build/libopenshot-audio-git/pkg/libopenshot-audio-git/usr/include/libopenshot-audio/juce_audio_devices
-- Installing: /build/libopenshot-audio-git/pkg/libopenshot-audio-git/usr/include/libopenshot-audio/juce_audio_devices/audio_io
-- Installing: /build/libopenshot-audio-git/pkg/libopenshot-audio-git/usr/include/libopenshot-audio/juce_audio_devices/audio_io/juce_AudioDeviceManager.h
-- Installing: /build/libopenshot-audio-git/pkg/libopenshot-audio-git/usr/include/libopenshot-audio/juce_audio_devices/audio_io/juce_AudioIODevice.h
-- Installing: /build/libopenshot-audio-git/pkg/libopenshot-audio-git/usr/include/libopenshot-audio/juce_audio_devices/audio_io/juce_AudioIODeviceType.h
-- Installing: /build/libopenshot-audio-git/pkg/libopenshot-audio-git/usr/include/libopenshot-audio/juce_audio_devices/audio_io/juce_SystemAudioVolume.h
-- Installing: /build/libopenshot-audio-git/pkg/libopenshot-audio-git/usr/include/libopenshot-audio/juce_audio_devices/juce_audio_devices.h
-- Installing: /build/libopenshot-audio-git/pkg/libopenshot-audio-git/usr/include/libopenshot-audio/juce_audio_devices/midi_io
-- Installing: /build/libopenshot-audio-git/pkg/libopenshot-audio-git/usr/include/libopenshot-audio/juce_audio_devices/midi_io/juce_MidiMessageCollector.h
-- Installing: /build/libopenshot-audio-git/pkg/libopenshot-audio-git/usr/include/libopenshot-audio/juce_audio_devices/midi_io/juce_MidiDevices.h
-- Installing: /build/libopenshot-audio-git/pkg/libopenshot-audio-git/usr/include/libopenshot-audio/juce_audio_devices/midi_io/ump
-- Installing: /build/libopenshot-audio-git/pkg/libopenshot-audio-git/usr/include/libopenshot-audio/juce_audio_devices/midi_io/ump/juce_UMPBytestreamInputHandler.h
-- Installing: /build/libopenshot-audio-git/pkg/libopenshot-audio-git/usr/include/libopenshot-audio/juce_audio_devices/midi_io/ump/juce_UMPU32InputHandler.h
-- Installing: /build/libopenshot-audio-git/pkg/libopenshot-audio-git/usr/include/libopenshot-audio/juce_audio_devices/native
-- Installing: /build/libopenshot-audio-git/pkg/libopenshot-audio-git/usr/include/libopenshot-audio/juce_audio_devices/native/juce_HighPerformanceAudioHelpers_android.h
-- Installing: /build/libopenshot-audio-git/pkg/libopenshot-audio-git/usr/include/libopenshot-audio/juce_audio_devices/native/oboe
-- Installing: /build/libopenshot-audio-git/pkg/libopenshot-audio-git/usr/include/libopenshot-audio/juce_audio_devices/native/oboe/src
-- Installing: /build/libopenshot-audio-git/pkg/libopenshot-audio-git/usr/include/libopenshot-audio/juce_audio_devices/native/oboe/src/aaudio
-- Installing: /build/libopenshot-audio-git/pkg/libopenshot-audio-git/usr/include/libopenshot-audio/juce_audio_devices/native/oboe/src/aaudio/AudioStreamAAudio.h
-- Installing: /build/libopenshot-audio-git/pkg/libopenshot-audio-git/usr/include/libopenshot-audio/juce_audio_devices/native/oboe/src/aaudio/AAudioExtensions.h
-- Installing: /build/libopenshot-audio-git/pkg/libopenshot-audio-git/usr/include/libopenshot-audio/juce_audio_devices/native/oboe/src/aaudio/AAudioLoader.h
-- Installing: /build/libopenshot-audio-git/pkg/libopenshot-audio-git/usr/include/libopenshot-audio/juce_audio_devices/native/oboe/src/flowgraph
-- Installing: /build/libopenshot-audio-git/pkg/libopenshot-audio-git/usr/include/libopenshot-audio/juce_audio_devices/native/oboe/src/flowgraph/ClipToRange.h
-- Installing: /build/libopenshot-audio-git/pkg/libopenshot-audio-git/usr/include/libopenshot-audio/juce_audio_devices/native/oboe/src/flowgraph/SourceI16.h
-- Installing: /build/libopenshot-audio-git/pkg/libopenshot-audio-git/usr/include/libopenshot-audio/juce_audio_devices/native/oboe/src/flowgraph/MultiToManyConverter.h
-- Installing: /build/libopenshot-audio-git/pkg/libopenshot-audio-git/usr/include/libopenshot-audio/juce_audio_devices/native/oboe/src/flowgraph/MultiToMonoConverter.h
-- Installing: /build/libopenshot-audio-git/pkg/libopenshot-audio-git/usr/include/libopenshot-audio/juce_audio_devices/native/oboe/src/flowgraph/SinkI16.h
-- Installing: /build/libopenshot-audio-git/pkg/libopenshot-audio-git/usr/include/libopenshot-audio/juce_audio_devices/native/oboe/src/flowgraph/MonoBlend.h
-- Installing: /build/libopenshot-audio-git/pkg/libopenshot-audio-git/usr/include/libopenshot-audio/juce_audio_devices/native/oboe/src/flowgraph/SinkFloat.h
-- Installing: /build/libopenshot-audio-git/pkg/libopenshot-audio-git/usr/include/libopenshot-audio/juce_audio_devices/native/oboe/src/flowgraph/RampLinear.h
-- Installing: /build/libopenshot-audio-git/pkg/libopenshot-audio-git/usr/include/libopenshot-audio/juce_audio_devices/native/oboe/src/flowgraph/SinkI24.h
-- Installing: /build/libopenshot-audio-git/pkg/libopenshot-audio-git/usr/include/libopenshot-audio/juce_audio_devices/native/oboe/src/flowgraph/FlowgraphUtilities.h
-- Installing: /build/libopenshot-audio-git/pkg/libopenshot-audio-git/usr/include/libopenshot-audio/juce_audio_devices/native/oboe/src/flowgraph/ManyToMultiConverter.h
-- Installing: /build/libopenshot-audio-git/pkg/libopenshot-audio-git/usr/include/libopenshot-audio/juce_audio_devices/native/oboe/src/flowgraph/SinkI32.h
-- Installing: /build/libopenshot-audio-git/pkg/libopenshot-audio-git/usr/include/libopenshot-audio/juce_audio_devices/native/oboe/src/flowgraph/SourceFloat.h
-- Installing: /build/libopenshot-audio-git/pkg/libopenshot-audio-git/usr/include/libopenshot-audio/juce_audio_devices/native/oboe/src/flowgraph/SourceI24.h
-- Installing: /build/libopenshot-audio-git/pkg/libopenshot-audio-git/usr/include/libopenshot-audio/juce_audio_devices/native/oboe/src/flowgraph/Limiter.h
-- Installing: /build/libopenshot-audio-git/pkg/libopenshot-audio-git/usr/include/libopenshot-audio/juce_audio_devices/native/oboe/src/flowgraph/SourceI32.h
-- Installing: /build/libopenshot-audio-git/pkg/libopenshot-audio-git/usr/include/libopenshot-audio/juce_audio_devices/native/oboe/src/flowgraph/SampleRateConverter.h
-- Installing: /build/libopenshot-audio-git/pkg/libopenshot-audio-git/usr/include/libopenshot-audio/juce_audio_devices/native/oboe/src/flowgraph/resampler
-- Installing: /build/libopenshot-audio-git/pkg/libopenshot-audio-git/usr/include/libopenshot-audio/juce_audio_devices/native/oboe/src/flowgraph/resampler/SincResamplerStereo.h
-- Installing: /build/libopenshot-audio-git/pkg/libopenshot-audio-git/usr/include/libopenshot-audio/juce_audio_devices/native/oboe/src/flowgraph/resampler/HyperbolicCosineWindow.h
-- Installing: /build/libopenshot-audio-git/pkg/libopenshot-audio-git/usr/include/libopenshot-audio/juce_audio_devices/native/oboe/src/flowgraph/resampler/ResamplerDefinitions.h
-- Installing: /build/libopenshot-audio-git/pkg/libopenshot-audio-git/usr/include/libopenshot-audio/juce_audio_devices/native/oboe/src/flowgraph/resampler/PolyphaseResamplerStereo.h
-- Installing: /build/libopenshot-audio-git/pkg/libopenshot-audio-git/usr/include/libopenshot-audio/juce_audio_devices/native/oboe/src/flowgraph/resampler/LinearResampler.h
-- Installing: /build/libopenshot-audio-git/pkg/libopenshot-audio-git/usr/include/libopenshot-audio/juce_audio_devices/native/oboe/src/flowgraph/resampler/KaiserWindow.h
-- Installing: /build/libopenshot-audio-git/pkg/libopenshot-audio-git/usr/include/libopenshot-audio/juce_audio_devices/native/oboe/src/flowgraph/resampler/SincResampler.h
-- Installing: /build/libopenshot-audio-git/pkg/libopenshot-audio-git/usr/include/libopenshot-audio/juce_audio_devices/native/oboe/src/flowgraph/resampler/MultiChannelResampler.h
-- Installing: /build/libopenshot-audio-git/pkg/libopenshot-audio-git/usr/include/libopenshot-audio/juce_audio_devices/native/oboe/src/flowgraph/resampler/PolyphaseResamplerMono.h
-- Installing: /build/libopenshot-audio-git/pkg/libopenshot-audio-git/usr/include/libopenshot-audio/juce_audio_devices/native/oboe/src/flowgraph/resampler/IntegerRatio.h
-- Installing: /build/libopenshot-audio-git/pkg/libopenshot-audio-git/usr/include/libopenshot-audio/juce_audio_devices/native/oboe/src/flowgraph/resampler/PolyphaseResampler.h
-- Installing: /build/libopenshot-audio-git/pkg/libopenshot-audio-git/usr/include/libopenshot-audio/juce_audio_devices/native/oboe/src/flowgraph/MonoToMultiConverter.h
-- Installing: /build/libopenshot-audio-git/pkg/libopenshot-audio-git/usr/include/libopenshot-audio/juce_audio_devices/native/oboe/src/flowgraph/FlowGraphNode.h
-- Installing: /build/libopenshot-audio-git/pkg/libopenshot-audio-git/usr/include/libopenshot-audio/juce_audio_devices/native/oboe/src/flowgraph/ChannelCountConverter.h
-- Installing: /build/libopenshot-audio-git/pkg/libopenshot-audio-git/usr/include/libopenshot-audio/juce_audio_devices/native/oboe/src/common
-- Installing: /build/libopenshot-audio-git/pkg/libopenshot-audio-git/usr/include/libopenshot-audio/juce_audio_devices/native/oboe/src/common/QuirksManager.h
-- Installing: /build/libopenshot-audio-git/pkg/libopenshot-audio-git/usr/include/libopenshot-audio/juce_audio_devices/native/oboe/src/common/Trace.h
-- Installing: /build/libopenshot-audio-git/pkg/libopenshot-audio-git/usr/include/libopenshot-audio/juce_audio_devices/native/oboe/src/common/SourceFloatCaller.h
-- Installing: /build/libopenshot-audio-git/pkg/libopenshot-audio-git/usr/include/libopenshot-audio/juce_audio_devices/native/oboe/src/common/MonotonicCounter.h
-- Installing: /build/libopenshot-audio-git/pkg/libopenshot-audio-git/usr/include/libopenshot-audio/juce_audio_devices/native/oboe/src/common/SourceI16Caller.h
-- Installing: /build/libopenshot-audio-git/pkg/libopenshot-audio-git/usr/include/libopenshot-audio/juce_audio_devices/native/oboe/src/common/FilterAudioStream.h
-- Installing: /build/libopenshot-audio-git/pkg/libopenshot-audio-git/usr/include/libopenshot-audio/juce_audio_devices/native/oboe/src/common/FixedBlockAdapter.h
-- Installing: /build/libopenshot-audio-git/pkg/libopenshot-audio-git/usr/include/libopenshot-audio/juce_audio_devices/native/oboe/src/common/OboeDebug.h
-- Installing: /build/libopenshot-audio-git/pkg/libopenshot-audio-git/usr/include/libopenshot-audio/juce_audio_devices/native/oboe/src/common/AudioClock.h
-- Installing: /build/libopenshot-audio-git/pkg/libopenshot-audio-git/usr/include/libopenshot-audio/juce_audio_devices/native/oboe/src/common/SourceI24Caller.h
-- Installing: /build/libopenshot-audio-git/pkg/libopenshot-audio-git/usr/include/libopenshot-audio/juce_audio_devices/native/oboe/src/common/DataConversionFlowGraph.h
-- Installing: /build/libopenshot-audio-git/pkg/libopenshot-audio-git/usr/include/libopenshot-audio/juce_audio_devices/native/oboe/src/common/AudioSourceCaller.h
-- Installing: /build/libopenshot-audio-git/pkg/libopenshot-audio-git/usr/include/libopenshot-audio/juce_audio_devices/native/oboe/src/common/FixedBlockWriter.h
-- Installing: /build/libopenshot-audio-git/pkg/libopenshot-audio-git/usr/include/libopenshot-audio/juce_audio_devices/native/oboe/src/common/FixedBlockReader.h
-- Installing: /build/libopenshot-audio-git/pkg/libopenshot-audio-git/usr/include/libopenshot-audio/juce_audio_devices/native/oboe/src/common/SourceI32Caller.h
-- Installing: /build/libopenshot-audio-git/pkg/libopenshot-audio-git/usr/include/libopenshot-audio/juce_audio_devices/native/oboe/src/common/AdpfWrapper.h
-- Installing: /build/libopenshot-audio-git/pkg/libopenshot-audio-git/usr/include/libopenshot-audio/juce_audio_devices/native/oboe/src/opensles
-- Installing: /build/libopenshot-audio-git/pkg/libopenshot-audio-git/usr/include/libopenshot-audio/juce_audio_devices/native/oboe/src/opensles/EngineOpenSLES.h
-- Installing: /build/libopenshot-audio-git/pkg/libopenshot-audio-git/usr/include/libopenshot-audio/juce_audio_devices/native/oboe/src/opensles/AudioInputStreamOpenSLES.h
-- Installing: /build/libopenshot-audio-git/pkg/libopenshot-audio-git/usr/include/libopenshot-audio/juce_audio_devices/native/oboe/src/opensles/AudioOutputStreamOpenSLES.h
-- Installing: /build/libopenshot-audio-git/pkg/libopenshot-audio-git/usr/include/libopenshot-audio/juce_audio_devices/native/oboe/src/opensles/OutputMixerOpenSLES.h
-- Installing: /build/libopenshot-audio-git/pkg/libopenshot-audio-git/usr/include/libopenshot-audio/juce_audio_devices/native/oboe/src/opensles/OpenSLESUtilities.h
-- Installing: /build/libopenshot-audio-git/pkg/libopenshot-audio-git/usr/include/libopenshot-audio/juce_audio_devices/native/oboe/src/opensles/AudioStreamBuffered.h
-- Installing: /build/libopenshot-audio-git/pkg/libopenshot-audio-git/usr/include/libopenshot-audio/juce_audio_devices/native/oboe/src/opensles/AudioStreamOpenSLES.h
-- Installing: /build/libopenshot-audio-git/pkg/libopenshot-audio-git/usr/include/libopenshot-audio/juce_audio_devices/native/oboe/src/fifo
-- Installing: /build/libopenshot-audio-git/pkg/libopenshot-audio-git/usr/include/libopenshot-audio/juce_audio_devices/native/oboe/src/fifo/FifoController.h
-- Installing: /build/libopenshot-audio-git/pkg/libopenshot-audio-git/usr/include/libopenshot-audio/juce_audio_devices/native/oboe/src/fifo/FifoControllerIndirect.h
-- Installing: /build/libopenshot-audio-git/pkg/libopenshot-audio-git/usr/include/libopenshot-audio/juce_audio_devices/native/oboe/include
-- Installing: /build/libopenshot-audio-git/pkg/libopenshot-audio-git/usr/include/libopenshot-audio/juce_audio_devices/native/oboe/include/oboe
-- Installing: /build/libopenshot-audio-git/pkg/libopenshot-audio-git/usr/include/libopenshot-audio/juce_audio_devices/native/oboe/include/oboe/StabilizedCallback.h
-- Installing: /build/libopenshot-audio-git/pkg/libopenshot-audio-git/usr/include/libopenshot-audio/juce_audio_devices/native/oboe/include/oboe/ResultWithValue.h
-- Installing: /build/libopenshot-audio-git/pkg/libopenshot-audio-git/usr/include/libopenshot-audio/juce_audio_devices/native/oboe/include/oboe/OboeExtensions.h
-- Installing: /build/libopenshot-audio-git/pkg/libopenshot-audio-git/usr/include/libopenshot-audio/juce_audio_devices/native/oboe/include/oboe/FifoControllerBase.h
-- Installing: /build/libopenshot-audio-git/pkg/libopenshot-audio-git/usr/include/libopenshot-audio/juce_audio_devices/native/oboe/include/oboe/AudioStreamCallback.h
-- Installing: /build/libopenshot-audio-git/pkg/libopenshot-audio-git/usr/include/libopenshot-audio/juce_audio_devices/native/oboe/include/oboe/Utilities.h
-- Installing: /build/libopenshot-audio-git/pkg/libopenshot-audio-git/usr/include/libopenshot-audio/juce_audio_devices/native/oboe/include/oboe/LatencyTuner.h
-- Installing: /build/libopenshot-audio-git/pkg/libopenshot-audio-git/usr/include/libopenshot-audio/juce_audio_devices/native/oboe/include/oboe/Version.h
-- Installing: /build/libopenshot-audio-git/pkg/libopenshot-audio-git/usr/include/libopenshot-audio/juce_audio_devices/native/oboe/include/oboe/AudioStreamBuilder.h
-- Installing: /build/libopenshot-audio-git/pkg/libopenshot-audio-git/usr/include/libopenshot-audio/juce_audio_devices/native/oboe/include/oboe/FifoBuffer.h
-- Installing: /build/libopenshot-audio-git/pkg/libopenshot-audio-git/usr/include/libopenshot-audio/juce_audio_devices/native/oboe/include/oboe/AudioStream.h
-- Installing: /build/libopenshot-audio-git/pkg/libopenshot-audio-git/usr/include/libopenshot-audio/juce_audio_devices/native/oboe/include/oboe/Definitions.h
-- Installing: /build/libopenshot-audio-git/pkg/libopenshot-audio-git/usr/include/libopenshot-audio/juce_audio_devices/native/oboe/include/oboe/Oboe.h
-- Installing: /build/libopenshot-audio-git/pkg/libopenshot-audio-git/usr/include/libopenshot-audio/juce_audio_devices/native/oboe/include/oboe/AudioStreamBase.h
-- Installing: /build/libopenshot-audio-git/pkg/libopenshot-audio-git/usr/include/libopenshot-audio/juce_audio_devices/native/oboe/include/oboe/FullDuplexStream.h
-- Installing: /build/libopenshot-audio-git/pkg/libopenshot-audio-git/usr/include/libopenshot-audio/juce_audio_devices/native/juce_Audio_ios.h
-- Installing: /build/libopenshot-audio-git/pkg/libopenshot-audio-git/usr/include/libopenshot-audio/juce_audio_devices/native/java
-- Installing: /build/libopenshot-audio-git/pkg/libopenshot-audio-git/usr/include/libopenshot-audio/juce_audio_devices/native/java/app
-- Installing: /build/libopenshot-audio-git/pkg/libopenshot-audio-git/usr/include/libopenshot-audio/juce_audio_devices/native/java/app/com
-- Installing: /build/libopenshot-audio-git/pkg/libopenshot-audio-git/usr/include/libopenshot-audio/juce_audio_devices/native/java/app/com/rmsl
-- Installing: /build/libopenshot-audio-git/pkg/libopenshot-audio-git/usr/include/libopenshot-audio/juce_audio_devices/native/java/app/com/rmsl/juce
-- Installing: /build/libopenshot-audio-git/pkg/libopenshot-audio-git/usr/include/libopenshot-audio/juce_audio_devices/sources
-- Installing: /build/libopenshot-audio-git/pkg/libopenshot-audio-git/usr/include/libopenshot-audio/juce_audio_devices/sources/juce_AudioSourcePlayer.h
-- Installing: /build/libopenshot-audio-git/pkg/libopenshot-audio-git/usr/include/libopenshot-audio/juce_audio_devices/sources/juce_AudioTransportSource.h
-- Installing juce_audio_formats headers
-- Installing: /build/libopenshot-audio-git/pkg/libopenshot-audio-git/usr/include/libopenshot-audio/juce_audio_formats
-- Installing: /build/libopenshot-audio-git/pkg/libopenshot-audio-git/usr/include/libopenshot-audio/juce_audio_formats/juce_audio_formats.h
-- Installing: /build/libopenshot-audio-git/pkg/libopenshot-audio-git/usr/include/libopenshot-audio/juce_audio_formats/sampler
-- Installing: /build/libopenshot-audio-git/pkg/libopenshot-audio-git/usr/include/libopenshot-audio/juce_audio_formats/sampler/juce_Sampler.h
-- Installing: /build/libopenshot-audio-git/pkg/libopenshot-audio-git/usr/include/libopenshot-audio/juce_audio_formats/format
-- Installing: /build/libopenshot-audio-git/pkg/libopenshot-audio-git/usr/include/libopenshot-audio/juce_audio_formats/format/juce_AudioFormatWriter.h
-- Installing: /build/libopenshot-audio-git/pkg/libopenshot-audio-git/usr/include/libopenshot-audio/juce_audio_formats/format/juce_ARAAudioReaders.h
-- Installing: /build/libopenshot-audio-git/pkg/libopenshot-audio-git/usr/include/libopenshot-audio/juce_audio_formats/format/juce_AudioFormatManager.h
-- Installing: /build/libopenshot-audio-git/pkg/libopenshot-audio-git/usr/include/libopenshot-audio/juce_audio_formats/format/juce_MemoryMappedAudioFormatReader.h
-- Installing: /build/libopenshot-audio-git/pkg/libopenshot-audio-git/usr/include/libopenshot-audio/juce_audio_formats/format/juce_BufferingAudioFormatReader.h
-- Installing: /build/libopenshot-audio-git/pkg/libopenshot-audio-git/usr/include/libopenshot-audio/juce_audio_formats/format/juce_AudioSubsectionReader.h
-- Installing: /build/libopenshot-audio-git/pkg/libopenshot-audio-git/usr/include/libopenshot-audio/juce_audio_formats/format/juce_AudioFormat.h
-- Installing: /build/libopenshot-audio-git/pkg/libopenshot-audio-git/usr/include/libopenshot-audio/juce_audio_formats/format/juce_AudioFormatReader.h
-- Installing: /build/libopenshot-audio-git/pkg/libopenshot-audio-git/usr/include/libopenshot-audio/juce_audio_formats/format/juce_AudioFormatReaderSource.h
-- Installing: /build/libopenshot-audio-git/pkg/libopenshot-audio-git/usr/include/libopenshot-audio/juce_audio_formats/codecs
-- Installing: /build/libopenshot-audio-git/pkg/libopenshot-audio-git/usr/include/libopenshot-audio/juce_audio_formats/codecs/juce_OggVorbisAudioFormat.h
-- Installing: /build/libopenshot-audio-git/pkg/libopenshot-audio-git/usr/include/libopenshot-audio/juce_audio_formats/codecs/juce_FlacAudioFormat.h
-- Installing: /build/libopenshot-audio-git/pkg/libopenshot-audio-git/usr/include/libopenshot-audio/juce_audio_formats/codecs/juce_MP3AudioFormat.h
-- Installing: /build/libopenshot-audio-git/pkg/libopenshot-audio-git/usr/include/libopenshot-audio/juce_audio_formats/codecs/juce_WavAudioFormat.h
-- Installing: /build/libopenshot-audio-git/pkg/libopenshot-audio-git/usr/include/libopenshot-audio/juce_audio_formats/codecs/juce_AiffAudioFormat.h
-- Installing: /build/libopenshot-audio-git/pkg/libopenshot-audio-git/usr/include/libopenshot-audio/juce_audio_formats/codecs/oggvorbis
-- Installing: /build/libopenshot-audio-git/pkg/libopenshot-audio-git/usr/include/libopenshot-audio/juce_audio_formats/codecs/oggvorbis/ogg.h
-- Installing: /build/libopenshot-audio-git/pkg/libopenshot-audio-git/usr/include/libopenshot-audio/juce_audio_formats/codecs/oggvorbis/codec.h
-- Installing: /build/libopenshot-audio-git/pkg/libopenshot-audio-git/usr/include/libopenshot-audio/juce_audio_formats/codecs/oggvorbis/libvorbis-1.3.7
-- Installing: /build/libopenshot-audio-git/pkg/libopenshot-audio-git/usr/include/libopenshot-audio/juce_audio_formats/codecs/oggvorbis/libvorbis-1.3.7/lib
-- Installing: /build/libopenshot-audio-git/pkg/libopenshot-audio-git/usr/include/libopenshot-audio/juce_audio_formats/codecs/oggvorbis/libvorbis-1.3.7/lib/misc.h
-- Installing: /build/libopenshot-audio-git/pkg/libopenshot-audio-git/usr/include/libopenshot-audio/juce_audio_formats/codecs/oggvorbis/libvorbis-1.3.7/lib/backends.h
-- Installing: /build/libopenshot-audio-git/pkg/libopenshot-audio-git/usr/include/libopenshot-audio/juce_audio_formats/codecs/oggvorbis/libvorbis-1.3.7/lib/lookup_data.h
-- Installing: /build/libopenshot-audio-git/pkg/libopenshot-audio-git/usr/include/libopenshot-audio/juce_audio_formats/codecs/oggvorbis/libvorbis-1.3.7/lib/os.h
-- Installing: /build/libopenshot-audio-git/pkg/libopenshot-audio-git/usr/include/libopenshot-audio/juce_audio_formats/codecs/oggvorbis/libvorbis-1.3.7/lib/window.h
-- Installing: /build/libopenshot-audio-git/pkg/libopenshot-audio-git/usr/include/libopenshot-audio/juce_audio_formats/codecs/oggvorbis/libvorbis-1.3.7/lib/lookup.h
-- Installing: /build/libopenshot-audio-git/pkg/libopenshot-audio-git/usr/include/libopenshot-audio/juce_audio_formats/codecs/oggvorbis/libvorbis-1.3.7/lib/books
-- Installing: /build/libopenshot-audio-git/pkg/libopenshot-audio-git/usr/include/libopenshot-audio/juce_audio_formats/codecs/oggvorbis/libvorbis-1.3.7/lib/books/coupled
-- Installing: /build/libopenshot-audio-git/pkg/libopenshot-audio-git/usr/include/libopenshot-audio/juce_audio_formats/codecs/oggvorbis/libvorbis-1.3.7/lib/books/coupled/res_books_stereo.h
-- Installing: /build/libopenshot-audio-git/pkg/libopenshot-audio-git/usr/include/libopenshot-audio/juce_audio_formats/codecs/oggvorbis/libvorbis-1.3.7/lib/books/coupled/res_books_51.h
-- Installing: /build/libopenshot-audio-git/pkg/libopenshot-audio-git/usr/include/libopenshot-audio/juce_audio_formats/codecs/oggvorbis/libvorbis-1.3.7/lib/books/uncoupled
-- Installing: /build/libopenshot-audio-git/pkg/libopenshot-audio-git/usr/include/libopenshot-audio/juce_audio_formats/codecs/oggvorbis/libvorbis-1.3.7/lib/books/uncoupled/res_books_uncoupled.h
-- Installing: /build/libopenshot-audio-git/pkg/libopenshot-audio-git/usr/include/libopenshot-audio/juce_audio_formats/codecs/oggvorbis/libvorbis-1.3.7/lib/books/floor
-- Installing: /build/libopenshot-audio-git/pkg/libopenshot-audio-git/usr/include/libopenshot-audio/juce_audio_formats/codecs/oggvorbis/libvorbis-1.3.7/lib/books/floor/floor_books.h
-- Installing: /build/libopenshot-audio-git/pkg/libopenshot-audio-git/usr/include/libopenshot-audio/juce_audio_formats/codecs/oggvorbis/libvorbis-1.3.7/lib/smallft.h
-- Installing: /build/libopenshot-audio-git/pkg/libopenshot-audio-git/usr/include/libopenshot-audio/juce_audio_formats/codecs/oggvorbis/libvorbis-1.3.7/lib/modes
-- Installing: /build/libopenshot-audio-git/pkg/libopenshot-audio-git/usr/include/libopenshot-audio/juce_audio_formats/codecs/oggvorbis/libvorbis-1.3.7/lib/modes/setup_44u.h
-- Installing: /build/libopenshot-audio-git/pkg/libopenshot-audio-git/usr/include/libopenshot-audio/juce_audio_formats/codecs/oggvorbis/libvorbis-1.3.7/lib/modes/residue_8.h
-- Installing: /build/libopenshot-audio-git/pkg/libopenshot-audio-git/usr/include/libopenshot-audio/juce_audio_formats/codecs/oggvorbis/libvorbis-1.3.7/lib/modes/setup_8.h
-- Installing: /build/libopenshot-audio-git/pkg/libopenshot-audio-git/usr/include/libopenshot-audio/juce_audio_formats/codecs/oggvorbis/libvorbis-1.3.7/lib/modes/psych_11.h
-- Installing: /build/libopenshot-audio-git/pkg/libopenshot-audio-git/usr/include/libopenshot-audio/juce_audio_formats/codecs/oggvorbis/libvorbis-1.3.7/lib/modes/setup_16.h
-- Installing: /build/libopenshot-audio-git/pkg/libopenshot-audio-git/usr/include/libopenshot-audio/juce_audio_formats/codecs/oggvorbis/libvorbis-1.3.7/lib/modes/psych_8.h
-- Installing: /build/libopenshot-audio-git/pkg/libopenshot-audio-git/usr/include/libopenshot-audio/juce_audio_formats/codecs/oggvorbis/libvorbis-1.3.7/lib/modes/floor_all.h
-- Installing: /build/libopenshot-audio-git/pkg/libopenshot-audio-git/usr/include/libopenshot-audio/juce_audio_formats/codecs/oggvorbis/libvorbis-1.3.7/lib/modes/setup_44.h
-- Installing: /build/libopenshot-audio-git/pkg/libopenshot-audio-git/usr/include/libopenshot-audio/juce_audio_formats/codecs/oggvorbis/libvorbis-1.3.7/lib/modes/residue_16.h
-- Installing: /build/libopenshot-audio-git/pkg/libopenshot-audio-git/usr/include/libopenshot-audio/juce_audio_formats/codecs/oggvorbis/libvorbis-1.3.7/lib/modes/psych_16.h
-- Installing: /build/libopenshot-audio-git/pkg/libopenshot-audio-git/usr/include/libopenshot-audio/juce_audio_formats/codecs/oggvorbis/libvorbis-1.3.7/lib/modes/residue_44u.h
-- Installing: /build/libopenshot-audio-git/pkg/libopenshot-audio-git/usr/include/libopenshot-audio/juce_audio_formats/codecs/oggvorbis/libvorbis-1.3.7/lib/modes/psych_44.h
-- Installing: /build/libopenshot-audio-git/pkg/libopenshot-audio-git/usr/include/libopenshot-audio/juce_audio_formats/codecs/oggvorbis/libvorbis-1.3.7/lib/modes/setup_11.h
-- Installing: /build/libopenshot-audio-git/pkg/libopenshot-audio-git/usr/include/libopenshot-audio/juce_audio_formats/codecs/oggvorbis/libvorbis-1.3.7/lib/modes/setup_32.h
-- Installing: /build/libopenshot-audio-git/pkg/libopenshot-audio-git/usr/include/libopenshot-audio/juce_audio_formats/codecs/oggvorbis/libvorbis-1.3.7/lib/modes/residue_44p51.h
-- Installing: /build/libopenshot-audio-git/pkg/libopenshot-audio-git/usr/include/libopenshot-audio/juce_audio_formats/codecs/oggvorbis/libvorbis-1.3.7/lib/modes/residue_44.h
-- Installing: /build/libopenshot-audio-git/pkg/libopenshot-audio-git/usr/include/libopenshot-audio/juce_audio_formats/codecs/oggvorbis/libvorbis-1.3.7/lib/modes/setup_X.h
-- Installing: /build/libopenshot-audio-git/pkg/libopenshot-audio-git/usr/include/libopenshot-audio/juce_audio_formats/codecs/oggvorbis/libvorbis-1.3.7/lib/modes/setup_44p51.h
-- Installing: /build/libopenshot-audio-git/pkg/libopenshot-audio-git/usr/include/libopenshot-audio/juce_audio_formats/codecs/oggvorbis/libvorbis-1.3.7/lib/modes/setup_22.h
-- Installing: /build/libopenshot-audio-git/pkg/libopenshot-audio-git/usr/include/libopenshot-audio/juce_audio_formats/codecs/oggvorbis/libvorbis-1.3.7/lib/scales.h
-- Installing: /build/libopenshot-audio-git/pkg/libopenshot-audio-git/usr/include/libopenshot-audio/juce_audio_formats/codecs/oggvorbis/libvorbis-1.3.7/lib/bitrate.h
-- Installing: /build/libopenshot-audio-git/pkg/libopenshot-audio-git/usr/include/libopenshot-audio/juce_audio_formats/codecs/oggvorbis/libvorbis-1.3.7/lib/masking.h
-- Installing: /build/libopenshot-audio-git/pkg/libopenshot-audio-git/usr/include/libopenshot-audio/juce_audio_formats/codecs/oggvorbis/libvorbis-1.3.7/lib/lsp.h
-- Installing: /build/libopenshot-audio-git/pkg/libopenshot-audio-git/usr/include/libopenshot-audio/juce_audio_formats/codecs/oggvorbis/libvorbis-1.3.7/lib/envelope.h
-- Installing: /build/libopenshot-audio-git/pkg/libopenshot-audio-git/usr/include/libopenshot-audio/juce_audio_formats/codecs/oggvorbis/libvorbis-1.3.7/lib/highlevel.h
-- Installing: /build/libopenshot-audio-git/pkg/libopenshot-audio-git/usr/include/libopenshot-audio/juce_audio_formats/codecs/oggvorbis/libvorbis-1.3.7/lib/registry.h
-- Installing: /build/libopenshot-audio-git/pkg/libopenshot-audio-git/usr/include/libopenshot-audio/juce_audio_formats/codecs/oggvorbis/libvorbis-1.3.7/lib/codec_internal.h
-- Installing: /build/libopenshot-audio-git/pkg/libopenshot-audio-git/usr/include/libopenshot-audio/juce_audio_formats/codecs/oggvorbis/libvorbis-1.3.7/lib/mdct.h
-- Installing: /build/libopenshot-audio-git/pkg/libopenshot-audio-git/usr/include/libopenshot-audio/juce_audio_formats/codecs/oggvorbis/libvorbis-1.3.7/lib/codebook.h
-- Installing: /build/libopenshot-audio-git/pkg/libopenshot-audio-git/usr/include/libopenshot-audio/juce_audio_formats/codecs/oggvorbis/libvorbis-1.3.7/lib/lpc.h
-- Installing: /build/libopenshot-audio-git/pkg/libopenshot-audio-git/usr/include/libopenshot-audio/juce_audio_formats/codecs/oggvorbis/libvorbis-1.3.7/lib/psy.h
-- Installing: /build/libopenshot-audio-git/pkg/libopenshot-audio-git/usr/include/libopenshot-audio/juce_audio_formats/codecs/oggvorbis/config_types.h
-- Installing: /build/libopenshot-audio-git/pkg/libopenshot-audio-git/usr/include/libopenshot-audio/juce_audio_formats/codecs/oggvorbis/vorbisfile.h
-- Installing: /build/libopenshot-audio-git/pkg/libopenshot-audio-git/usr/include/libopenshot-audio/juce_audio_formats/codecs/oggvorbis/vorbisenc.h
-- Installing: /build/libopenshot-audio-git/pkg/libopenshot-audio-git/usr/include/libopenshot-audio/juce_audio_formats/codecs/oggvorbis/os_types.h
-- Installing: /build/libopenshot-audio-git/pkg/libopenshot-audio-git/usr/include/libopenshot-audio/juce_audio_formats/codecs/oggvorbis/crctable.h
-- Installing: /build/libopenshot-audio-git/pkg/libopenshot-audio-git/usr/include/libopenshot-audio/juce_audio_formats/codecs/juce_WindowsMediaAudioFormat.h
-- Installing: /build/libopenshot-audio-git/pkg/libopenshot-audio-git/usr/include/libopenshot-audio/juce_audio_formats/codecs/juce_CoreAudioFormat.h
-- Installing: /build/libopenshot-audio-git/pkg/libopenshot-audio-git/usr/include/libopenshot-audio/juce_audio_formats/codecs/juce_LAMEEncoderAudioFormat.h
-- Installing: /build/libopenshot-audio-git/pkg/libopenshot-audio-git/usr/include/libopenshot-audio/juce_audio_formats/codecs/flac
-- Installing: /build/libopenshot-audio-git/pkg/libopenshot-audio-git/usr/include/libopenshot-audio/juce_audio_formats/codecs/flac/callback.h
-- Installing: /build/libopenshot-audio-git/pkg/libopenshot-audio-git/usr/include/libopenshot-audio/juce_audio_formats/codecs/flac/format.h
-- Installing: /build/libopenshot-audio-git/pkg/libopenshot-audio-git/usr/include/libopenshot-audio/juce_audio_formats/codecs/flac/export.h
-- Installing: /build/libopenshot-audio-git/pkg/libopenshot-audio-git/usr/include/libopenshot-audio/juce_audio_formats/codecs/flac/ordinals.h
-- Installing: /build/libopenshot-audio-git/pkg/libopenshot-audio-git/usr/include/libopenshot-audio/juce_audio_formats/codecs/flac/all.h
-- Installing: /build/libopenshot-audio-git/pkg/libopenshot-audio-git/usr/include/libopenshot-audio/juce_audio_formats/codecs/flac/compat.h
-- Installing: /build/libopenshot-audio-git/pkg/libopenshot-audio-git/usr/include/libopenshot-audio/juce_audio_formats/codecs/flac/stream_encoder.h
-- Installing: /build/libopenshot-audio-git/pkg/libopenshot-audio-git/usr/include/libopenshot-audio/juce_audio_formats/codecs/flac/endswap.h
-- Installing: /build/libopenshot-audio-git/pkg/libopenshot-audio-git/usr/include/libopenshot-audio/juce_audio_formats/codecs/flac/assert.h
-- Installing: /build/libopenshot-audio-git/pkg/libopenshot-audio-git/usr/include/libopenshot-audio/juce_audio_formats/codecs/flac/libFLAC
-- Installing: /build/libopenshot-audio-git/pkg/libopenshot-audio-git/usr/include/libopenshot-audio/juce_audio_formats/codecs/flac/libFLAC/deduplication
-- Installing: /build/libopenshot-audio-git/pkg/libopenshot-audio-git/usr/include/libopenshot-audio/juce_audio_formats/codecs/flac/libFLAC/include
-- Installing: /build/libopenshot-audio-git/pkg/libopenshot-audio-git/usr/include/libopenshot-audio/juce_audio_formats/codecs/flac/libFLAC/include/private
-- Installing: /build/libopenshot-audio-git/pkg/libopenshot-audio-git/usr/include/libopenshot-audio/juce_audio_formats/codecs/flac/libFLAC/include/private/format.h
-- Installing: /build/libopenshot-audio-git/pkg/libopenshot-audio-git/usr/include/libopenshot-audio/juce_audio_formats/codecs/flac/libFLAC/include/private/crc.h
-- Installing: /build/libopenshot-audio-git/pkg/libopenshot-audio-git/usr/include/libopenshot-audio/juce_audio_formats/codecs/flac/libFLAC/include/private/window.h
-- Installing: /build/libopenshot-audio-git/pkg/libopenshot-audio-git/usr/include/libopenshot-audio/juce_audio_formats/codecs/flac/libFLAC/include/private/stream_encoder_framing.h
-- Installing: /build/libopenshot-audio-git/pkg/libopenshot-audio-git/usr/include/libopenshot-audio/juce_audio_formats/codecs/flac/libFLAC/include/private/float.h
-- Installing: /build/libopenshot-audio-git/pkg/libopenshot-audio-git/usr/include/libopenshot-audio/juce_audio_formats/codecs/flac/libFLAC/include/private/memory.h
-- Installing: /build/libopenshot-audio-git/pkg/libopenshot-audio-git/usr/include/libopenshot-audio/juce_audio_formats/codecs/flac/libFLAC/include/private/stream_encoder.h
-- Installing: /build/libopenshot-audio-git/pkg/libopenshot-audio-git/usr/include/libopenshot-audio/juce_audio_formats/codecs/flac/libFLAC/include/private/md5.h
-- Installing: /build/libopenshot-audio-git/pkg/libopenshot-audio-git/usr/include/libopenshot-audio/juce_audio_formats/codecs/flac/libFLAC/include/private/bitmath.h
-- Installing: /build/libopenshot-audio-git/pkg/libopenshot-audio-git/usr/include/libopenshot-audio/juce_audio_formats/codecs/flac/libFLAC/include/private/cpu.h
-- Installing: /build/libopenshot-audio-git/pkg/libopenshot-audio-git/usr/include/libopenshot-audio/juce_audio_formats/codecs/flac/libFLAC/include/private/bitwriter.h
-- Installing: /build/libopenshot-audio-git/pkg/libopenshot-audio-git/usr/include/libopenshot-audio/juce_audio_formats/codecs/flac/libFLAC/include/private/bitreader.h
-- Installing: /build/libopenshot-audio-git/pkg/libopenshot-audio-git/usr/include/libopenshot-audio/juce_audio_formats/codecs/flac/libFLAC/include/private/lpc.h
-- Installing: /build/libopenshot-audio-git/pkg/libopenshot-audio-git/usr/include/libopenshot-audio/juce_audio_formats/codecs/flac/libFLAC/include/private/fixed.h
-- Installing: /build/libopenshot-audio-git/pkg/libopenshot-audio-git/usr/include/libopenshot-audio/juce_audio_formats/codecs/flac/libFLAC/include/protected
-- Installing: /build/libopenshot-audio-git/pkg/libopenshot-audio-git/usr/include/libopenshot-audio/juce_audio_formats/codecs/flac/libFLAC/include/protected/stream_encoder.h
-- Installing: /build/libopenshot-audio-git/pkg/libopenshot-audio-git/usr/include/libopenshot-audio/juce_audio_formats/codecs/flac/libFLAC/include/protected/stream_decoder.h
-- Installing: /build/libopenshot-audio-git/pkg/libopenshot-audio-git/usr/include/libopenshot-audio/juce_audio_formats/codecs/flac/metadata.h
-- Installing: /build/libopenshot-audio-git/pkg/libopenshot-audio-git/usr/include/libopenshot-audio/juce_audio_formats/codecs/flac/stream_decoder.h
-- Installing: /build/libopenshot-audio-git/pkg/libopenshot-audio-git/usr/include/libopenshot-audio/juce_audio_formats/codecs/flac/private.h
-- Installing: /build/libopenshot-audio-git/pkg/libopenshot-audio-git/usr/include/libopenshot-audio/juce_audio_formats/codecs/flac/alloc.h
-- Installing juce_core headers
-- Installing: /build/libopenshot-audio-git/pkg/libopenshot-audio-git/usr/include/libopenshot-audio/juce_core
-- Installing: /build/libopenshot-audio-git/pkg/libopenshot-audio-git/usr/include/libopenshot-audio/juce_core/juce_core.h
-- Installing: /build/libopenshot-audio-git/pkg/libopenshot-audio-git/usr/include/libopenshot-audio/juce_core/time
-- Installing: /build/libopenshot-audio-git/pkg/libopenshot-audio-git/usr/include/libopenshot-audio/juce_core/time/juce_Time.h
-- Installing: /build/libopenshot-audio-git/pkg/libopenshot-audio-git/usr/include/libopenshot-audio/juce_core/time/juce_PerformanceCounter.h
-- Installing: /build/libopenshot-audio-git/pkg/libopenshot-audio-git/usr/include/libopenshot-audio/juce_core/time/juce_RelativeTime.h
-- Installing: /build/libopenshot-audio-git/pkg/libopenshot-audio-git/usr/include/libopenshot-audio/juce_core/logging
-- Installing: /build/libopenshot-audio-git/pkg/libopenshot-audio-git/usr/include/libopenshot-audio/juce_core/logging/juce_FileLogger.h
-- Installing: /build/libopenshot-audio-git/pkg/libopenshot-audio-git/usr/include/libopenshot-audio/juce_core/logging/juce_Logger.h
-- Installing: /build/libopenshot-audio-git/pkg/libopenshot-audio-git/usr/include/libopenshot-audio/juce_core/detail
-- Installing: /build/libopenshot-audio-git/pkg/libopenshot-audio-git/usr/include/libopenshot-audio/juce_core/detail/juce_CallbackListenerList.h
-- Installing: /build/libopenshot-audio-git/pkg/libopenshot-audio-git/usr/include/libopenshot-audio/juce_core/containers
-- Installing: /build/libopenshot-audio-git/pkg/libopenshot-audio-git/usr/include/libopenshot-audio/juce_core/containers/juce_Variant.h
-- Installing: /build/libopenshot-audio-git/pkg/libopenshot-audio-git/usr/include/libopenshot-audio/juce_core/containers/juce_SparseSet.h
-- Installing: /build/libopenshot-audio-git/pkg/libopenshot-audio-git/usr/include/libopenshot-audio/juce_core/containers/juce_ScopedValueSetter.h
-- Installing: /build/libopenshot-audio-git/pkg/libopenshot-audio-git/usr/include/libopenshot-audio/juce_core/containers/juce_PropertySet.h
-- Installing: /build/libopenshot-audio-git/pkg/libopenshot-audio-git/usr/include/libopenshot-audio/juce_core/containers/juce_OwnedArray.h
-- Installing: /build/libopenshot-audio-git/pkg/libopenshot-audio-git/usr/include/libopenshot-audio/juce_core/containers/juce_ReferenceCountedArray.h
-- Installing: /build/libopenshot-audio-git/pkg/libopenshot-audio-git/usr/include/libopenshot-audio/juce_core/containers/juce_SortedSet.h
-- Installing: /build/libopenshot-audio-git/pkg/libopenshot-audio-git/usr/include/libopenshot-audio/juce_core/containers/juce_HashMap.h
-- Installing: /build/libopenshot-audio-git/pkg/libopenshot-audio-git/usr/include/libopenshot-audio/juce_core/containers/juce_DynamicObject.h
-- Installing: /build/libopenshot-audio-git/pkg/libopenshot-audio-git/usr/include/libopenshot-audio/juce_core/containers/juce_NamedValueSet.h
-- Installing: /build/libopenshot-audio-git/pkg/libopenshot-audio-git/usr/include/libopenshot-audio/juce_core/containers/juce_Array.h
-- Installing: /build/libopenshot-audio-git/pkg/libopenshot-audio-git/usr/include/libopenshot-audio/juce_core/containers/juce_ArrayAllocationBase.h
-- Installing: /build/libopenshot-audio-git/pkg/libopenshot-audio-git/usr/include/libopenshot-audio/juce_core/containers/juce_Span.h
-- Installing: /build/libopenshot-audio-git/pkg/libopenshot-audio-git/usr/include/libopenshot-audio/juce_core/containers/juce_ElementComparator.h
-- Installing: /build/libopenshot-audio-git/pkg/libopenshot-audio-git/usr/include/libopenshot-audio/juce_core/containers/juce_Optional.h
-- Installing: /build/libopenshot-audio-git/pkg/libopenshot-audio-git/usr/include/libopenshot-audio/juce_core/containers/juce_SingleThreadedAbstractFifo.h
-- Installing: /build/libopenshot-audio-git/pkg/libopenshot-audio-git/usr/include/libopenshot-audio/juce_core/containers/juce_ListenerList.h
-- Installing: /build/libopenshot-audio-git/pkg/libopenshot-audio-git/usr/include/libopenshot-audio/juce_core/containers/juce_ArrayBase.h
-- Installing: /build/libopenshot-audio-git/pkg/libopenshot-audio-git/usr/include/libopenshot-audio/juce_core/containers/juce_FixedSizeFunction.h
-- Installing: /build/libopenshot-audio-git/pkg/libopenshot-audio-git/usr/include/libopenshot-audio/juce_core/containers/juce_AbstractFifo.h
-- Installing: /build/libopenshot-audio-git/pkg/libopenshot-audio-git/usr/include/libopenshot-audio/juce_core/containers/juce_LinkedListPointer.h
-- Installing: /build/libopenshot-audio-git/pkg/libopenshot-audio-git/usr/include/libopenshot-audio/juce_core/containers/juce_Enumerate.h
-- Installing: /build/libopenshot-audio-git/pkg/libopenshot-audio-git/usr/include/libopenshot-audio/juce_core/unit_tests
-- Installing: /build/libopenshot-audio-git/pkg/libopenshot-audio-git/usr/include/libopenshot-audio/juce_core/unit_tests/juce_UnitTestCategories.h
-- Installing: /build/libopenshot-audio-git/pkg/libopenshot-audio-git/usr/include/libopenshot-audio/juce_core/unit_tests/juce_UnitTest.h
-- Installing: /build/libopenshot-audio-git/pkg/libopenshot-audio-git/usr/include/libopenshot-audio/juce_core/files
-- Installing: /build/libopenshot-audio-git/pkg/libopenshot-audio-git/usr/include/libopenshot-audio/juce_core/files/juce_FileOutputStream.h
-- Installing: /build/libopenshot-audio-git/pkg/libopenshot-audio-git/usr/include/libopenshot-audio/juce_core/files/juce_File.h
-- Installing: /build/libopenshot-audio-git/pkg/libopenshot-audio-git/usr/include/libopenshot-audio/juce_core/files/juce_WildcardFileFilter.h
-- Installing: /build/libopenshot-audio-git/pkg/libopenshot-audio-git/usr/include/libopenshot-audio/juce_core/files/juce_AndroidDocument.h
-- Installing: /build/libopenshot-audio-git/pkg/libopenshot-audio-git/usr/include/libopenshot-audio/juce_core/files/juce_FileInputStream.h
-- Installing: /build/libopenshot-audio-git/pkg/libopenshot-audio-git/usr/include/libopenshot-audio/juce_core/files/juce_MemoryMappedFile.h
-- Installing: /build/libopenshot-audio-git/pkg/libopenshot-audio-git/usr/include/libopenshot-audio/juce_core/files/juce_FileSearchPath.h
-- Installing: /build/libopenshot-audio-git/pkg/libopenshot-audio-git/usr/include/libopenshot-audio/juce_core/files/juce_DirectoryIterator.h
-- Installing: /build/libopenshot-audio-git/pkg/libopenshot-audio-git/usr/include/libopenshot-audio/juce_core/files/juce_common_MimeTypes.h
-- Installing: /build/libopenshot-audio-git/pkg/libopenshot-audio-git/usr/include/libopenshot-audio/juce_core/files/juce_FileFilter.h
-- Installing: /build/libopenshot-audio-git/pkg/libopenshot-audio-git/usr/include/libopenshot-audio/juce_core/files/juce_RangedDirectoryIterator.h
-- Installing: /build/libopenshot-audio-git/pkg/libopenshot-audio-git/usr/include/libopenshot-audio/juce_core/files/juce_TemporaryFile.h
-- Installing: /build/libopenshot-audio-git/pkg/libopenshot-audio-git/usr/include/libopenshot-audio/juce_core/streams
-- Installing: /build/libopenshot-audio-git/pkg/libopenshot-audio-git/usr/include/libopenshot-audio/juce_core/streams/juce_AndroidDocumentInputSource.h
-- Installing: /build/libopenshot-audio-git/pkg/libopenshot-audio-git/usr/include/libopenshot-audio/juce_core/streams/juce_MemoryOutputStream.h
-- Installing: /build/libopenshot-audio-git/pkg/libopenshot-audio-git/usr/include/libopenshot-audio/juce_core/streams/juce_InputSource.h
-- Installing: /build/libopenshot-audio-git/pkg/libopenshot-audio-git/usr/include/libopenshot-audio/juce_core/streams/juce_InputStream.h
-- Installing: /build/libopenshot-audio-git/pkg/libopenshot-audio-git/usr/include/libopenshot-audio/juce_core/streams/juce_URLInputSource.h
-- Installing: /build/libopenshot-audio-git/pkg/libopenshot-audio-git/usr/include/libopenshot-audio/juce_core/streams/juce_SubregionStream.h
-- Installing: /build/libopenshot-audio-git/pkg/libopenshot-audio-git/usr/include/libopenshot-audio/juce_core/streams/juce_BufferedInputStream.h
-- Installing: /build/libopenshot-audio-git/pkg/libopenshot-audio-git/usr/include/libopenshot-audio/juce_core/streams/juce_OutputStream.h
-- Installing: /build/libopenshot-audio-git/pkg/libopenshot-audio-git/usr/include/libopenshot-audio/juce_core/streams/juce_FileInputSource.h
-- Installing: /build/libopenshot-audio-git/pkg/libopenshot-audio-git/usr/include/libopenshot-audio/juce_core/streams/juce_MemoryInputStream.h
-- Installing: /build/libopenshot-audio-git/pkg/libopenshot-audio-git/usr/include/libopenshot-audio/juce_core/xml
-- Installing: /build/libopenshot-audio-git/pkg/libopenshot-audio-git/usr/include/libopenshot-audio/juce_core/xml/juce_XmlElement.h
-- Installing: /build/libopenshot-audio-git/pkg/libopenshot-audio-git/usr/include/libopenshot-audio/juce_core/xml/juce_XmlDocument.h
-- Installing: /build/libopenshot-audio-git/pkg/libopenshot-audio-git/usr/include/libopenshot-audio/juce_core/serialisation
-- Installing: /build/libopenshot-audio-git/pkg/libopenshot-audio-git/usr/include/libopenshot-audio/juce_core/serialisation/juce_Serialisation.h
-- Installing: /build/libopenshot-audio-git/pkg/libopenshot-audio-git/usr/include/libopenshot-audio/juce_core/maths
-- Installing: /build/libopenshot-audio-git/pkg/libopenshot-audio-git/usr/include/libopenshot-audio/juce_core/maths/juce_NormalisableRange.h
-- Installing: /build/libopenshot-audio-git/pkg/libopenshot-audio-git/usr/include/libopenshot-audio/juce_core/maths/juce_Expression.h
-- Installing: /build/libopenshot-audio-git/pkg/libopenshot-audio-git/usr/include/libopenshot-audio/juce_core/maths/juce_StatisticsAccumulator.h
-- Installing: /build/libopenshot-audio-git/pkg/libopenshot-audio-git/usr/include/libopenshot-audio/juce_core/maths/juce_BigInteger.h
-- Installing: /build/libopenshot-audio-git/pkg/libopenshot-audio-git/usr/include/libopenshot-audio/juce_core/maths/juce_MathsFunctions.h
-- Installing: /build/libopenshot-audio-git/pkg/libopenshot-audio-git/usr/include/libopenshot-audio/juce_core/maths/juce_Random.h
-- Installing: /build/libopenshot-audio-git/pkg/libopenshot-audio-git/usr/include/libopenshot-audio/juce_core/maths/juce_Range.h
-- Installing: /build/libopenshot-audio-git/pkg/libopenshot-audio-git/usr/include/libopenshot-audio/juce_core/misc
-- Installing: /build/libopenshot-audio-git/pkg/libopenshot-audio-git/usr/include/libopenshot-audio/juce_core/misc/juce_ConsoleApplication.h
-- Installing: /build/libopenshot-audio-git/pkg/libopenshot-audio-git/usr/include/libopenshot-audio/juce_core/misc/juce_RuntimePermissions.h
-- Installing: /build/libopenshot-audio-git/pkg/libopenshot-audio-git/usr/include/libopenshot-audio/juce_core/misc/juce_EnumHelpers.h
-- Installing: /build/libopenshot-audio-git/pkg/libopenshot-audio-git/usr/include/libopenshot-audio/juce_core/misc/juce_WindowsRegistry.h
-- Installing: /build/libopenshot-audio-git/pkg/libopenshot-audio-git/usr/include/libopenshot-audio/juce_core/misc/juce_ScopeGuard.h
-- Installing: /build/libopenshot-audio-git/pkg/libopenshot-audio-git/usr/include/libopenshot-audio/juce_core/misc/juce_Uuid.h
-- Installing: /build/libopenshot-audio-git/pkg/libopenshot-audio-git/usr/include/libopenshot-audio/juce_core/misc/juce_Result.h
-- Installing: /build/libopenshot-audio-git/pkg/libopenshot-audio-git/usr/include/libopenshot-audio/juce_core/misc/juce_Functional.h
-- Installing: /build/libopenshot-audio-git/pkg/libopenshot-audio-git/usr/include/libopenshot-audio/juce_core/threads
-- Installing: /build/libopenshot-audio-git/pkg/libopenshot-audio-git/usr/include/libopenshot-audio/juce_core/threads/juce_SpinLock.h
-- Installing: /build/libopenshot-audio-git/pkg/libopenshot-audio-git/usr/include/libopenshot-audio/juce_core/threads/juce_ThreadLocalValue.h
-- Installing: /build/libopenshot-audio-git/pkg/libopenshot-audio-git/usr/include/libopenshot-audio/juce_core/threads/juce_ReadWriteLock.h
-- Installing: /build/libopenshot-audio-git/pkg/libopenshot-audio-git/usr/include/libopenshot-audio/juce_core/threads/juce_CriticalSection.h
-- Installing: /build/libopenshot-audio-git/pkg/libopenshot-audio-git/usr/include/libopenshot-audio/juce_core/threads/juce_Thread.h
-- Installing: /build/libopenshot-audio-git/pkg/libopenshot-audio-git/usr/include/libopenshot-audio/juce_core/threads/juce_ThreadPool.h
-- Installing: /build/libopenshot-audio-git/pkg/libopenshot-audio-git/usr/include/libopenshot-audio/juce_core/threads/juce_ScopedReadLock.h
-- Installing: /build/libopenshot-audio-git/pkg/libopenshot-audio-git/usr/include/libopenshot-audio/juce_core/threads/juce_WaitableEvent.h
-- Installing: /build/libopenshot-audio-git/pkg/libopenshot-audio-git/usr/include/libopenshot-audio/juce_core/threads/juce_ScopedLock.h
-- Installing: /build/libopenshot-audio-git/pkg/libopenshot-audio-git/usr/include/libopenshot-audio/juce_core/threads/juce_InterProcessLock.h
-- Installing: /build/libopenshot-audio-git/pkg/libopenshot-audio-git/usr/include/libopenshot-audio/juce_core/threads/juce_ScopedWriteLock.h
-- Installing: /build/libopenshot-audio-git/pkg/libopenshot-audio-git/usr/include/libopenshot-audio/juce_core/threads/juce_HighResolutionTimer.h
-- Installing: /build/libopenshot-audio-git/pkg/libopenshot-audio-git/usr/include/libopenshot-audio/juce_core/threads/juce_Process.h
-- Installing: /build/libopenshot-audio-git/pkg/libopenshot-audio-git/usr/include/libopenshot-audio/juce_core/threads/juce_DynamicLibrary.h
-- Installing: /build/libopenshot-audio-git/pkg/libopenshot-audio-git/usr/include/libopenshot-audio/juce_core/threads/juce_ChildProcess.h
-- Installing: /build/libopenshot-audio-git/pkg/libopenshot-audio-git/usr/include/libopenshot-audio/juce_core/threads/juce_TimeSliceThread.h
-- Installing: /build/libopenshot-audio-git/pkg/libopenshot-audio-git/usr/include/libopenshot-audio/juce_core/zip
-- Installing: /build/libopenshot-audio-git/pkg/libopenshot-audio-git/usr/include/libopenshot-audio/juce_core/zip/juce_GZIPCompressorOutputStream.h
-- Installing: /build/libopenshot-audio-git/pkg/libopenshot-audio-git/usr/include/libopenshot-audio/juce_core/zip/zlib
-- Installing: /build/libopenshot-audio-git/pkg/libopenshot-audio-git/usr/include/libopenshot-audio/juce_core/zip/zlib/inftrees.h
-- Installing: /build/libopenshot-audio-git/pkg/libopenshot-audio-git/usr/include/libopenshot-audio/juce_core/zip/zlib/zlib.h
-- Installing: /build/libopenshot-audio-git/pkg/libopenshot-audio-git/usr/include/libopenshot-audio/juce_core/zip/zlib/inflate.h
-- Installing: /build/libopenshot-audio-git/pkg/libopenshot-audio-git/usr/include/libopenshot-audio/juce_core/zip/zlib/zutil.h
-- Installing: /build/libopenshot-audio-git/pkg/libopenshot-audio-git/usr/include/libopenshot-audio/juce_core/zip/zlib/zconf.h
-- Installing: /build/libopenshot-audio-git/pkg/libopenshot-audio-git/usr/include/libopenshot-audio/juce_core/zip/zlib/trees.h
-- Installing: /build/libopenshot-audio-git/pkg/libopenshot-audio-git/usr/include/libopenshot-audio/juce_core/zip/zlib/inffixed.h
-- Installing: /build/libopenshot-audio-git/pkg/libopenshot-audio-git/usr/include/libopenshot-audio/juce_core/zip/zlib/zconf.in.h
-- Installing: /build/libopenshot-audio-git/pkg/libopenshot-audio-git/usr/include/libopenshot-audio/juce_core/zip/zlib/deflate.h
-- Installing: /build/libopenshot-audio-git/pkg/libopenshot-audio-git/usr/include/libopenshot-audio/juce_core/zip/zlib/inffast.h
-- Installing: /build/libopenshot-audio-git/pkg/libopenshot-audio-git/usr/include/libopenshot-audio/juce_core/zip/zlib/crc32.h
-- Installing: /build/libopenshot-audio-git/pkg/libopenshot-audio-git/usr/include/libopenshot-audio/juce_core/zip/juce_GZIPDecompressorInputStream.h
-- Installing: /build/libopenshot-audio-git/pkg/libopenshot-audio-git/usr/include/libopenshot-audio/juce_core/zip/juce_ZipFile.h
-- Installing: /build/libopenshot-audio-git/pkg/libopenshot-audio-git/usr/include/libopenshot-audio/juce_core/network
-- Installing: /build/libopenshot-audio-git/pkg/libopenshot-audio-git/usr/include/libopenshot-audio/juce_core/network/juce_NamedPipe.h
-- Installing: /build/libopenshot-audio-git/pkg/libopenshot-audio-git/usr/include/libopenshot-audio/juce_core/network/juce_Socket.h
-- Installing: /build/libopenshot-audio-git/pkg/libopenshot-audio-git/usr/include/libopenshot-audio/juce_core/network/juce_URL.h
-- Installing: /build/libopenshot-audio-git/pkg/libopenshot-audio-git/usr/include/libopenshot-audio/juce_core/network/juce_IPAddress.h
-- Installing: /build/libopenshot-audio-git/pkg/libopenshot-audio-git/usr/include/libopenshot-audio/juce_core/network/juce_WebInputStream.h
-- Installing: /build/libopenshot-audio-git/pkg/libopenshot-audio-git/usr/include/libopenshot-audio/juce_core/network/juce_MACAddress.h
-- Installing: /build/libopenshot-audio-git/pkg/libopenshot-audio-git/usr/include/libopenshot-audio/juce_core/javascript
-- Installing: /build/libopenshot-audio-git/pkg/libopenshot-audio-git/usr/include/libopenshot-audio/juce_core/javascript/juce_JSONUtils.h
-- Installing: /build/libopenshot-audio-git/pkg/libopenshot-audio-git/usr/include/libopenshot-audio/juce_core/javascript/juce_Javascript.h
-- Installing: /build/libopenshot-audio-git/pkg/libopenshot-audio-git/usr/include/libopenshot-audio/juce_core/javascript/juce_JSON.h
-- Installing: /build/libopenshot-audio-git/pkg/libopenshot-audio-git/usr/include/libopenshot-audio/juce_core/javascript/juce_JSONSerialisation.h
-- Installing: /build/libopenshot-audio-git/pkg/libopenshot-audio-git/usr/include/libopenshot-audio/juce_core/memory
-- Installing: /build/libopenshot-audio-git/pkg/libopenshot-audio-git/usr/include/libopenshot-audio/juce_core/memory/juce_OptionalScopedPointer.h
-- Installing: /build/libopenshot-audio-git/pkg/libopenshot-audio-git/usr/include/libopenshot-audio/juce_core/memory/juce_HeavyweightLeakedObjectDetector.h
-- Installing: /build/libopenshot-audio-git/pkg/libopenshot-audio-git/usr/include/libopenshot-audio/juce_core/memory/juce_SharedResourcePointer.h
-- Installing: /build/libopenshot-audio-git/pkg/libopenshot-audio-git/usr/include/libopenshot-audio/juce_core/memory/juce_WeakReference.h
-- Installing: /build/libopenshot-audio-git/pkg/libopenshot-audio-git/usr/include/libopenshot-audio/juce_core/memory/juce_AllocationHooks.h
-- Installing: /build/libopenshot-audio-git/pkg/libopenshot-audio-git/usr/include/libopenshot-audio/juce_core/memory/juce_LeakedObjectDetector.h
-- Installing: /build/libopenshot-audio-git/pkg/libopenshot-audio-git/usr/include/libopenshot-audio/juce_core/memory/juce_ReferenceCountedObject.h
-- Installing: /build/libopenshot-audio-git/pkg/libopenshot-audio-git/usr/include/libopenshot-audio/juce_core/memory/juce_Reservoir.h
-- Installing: /build/libopenshot-audio-git/pkg/libopenshot-audio-git/usr/include/libopenshot-audio/juce_core/memory/juce_Memory.h
-- Installing: /build/libopenshot-audio-git/pkg/libopenshot-audio-git/usr/include/libopenshot-audio/juce_core/memory/juce_HeapBlock.h
-- Installing: /build/libopenshot-audio-git/pkg/libopenshot-audio-git/usr/include/libopenshot-audio/juce_core/memory/juce_ScopedPointer.h
-- Installing: /build/libopenshot-audio-git/pkg/libopenshot-audio-git/usr/include/libopenshot-audio/juce_core/memory/juce_Atomic.h
-- Installing: /build/libopenshot-audio-git/pkg/libopenshot-audio-git/usr/include/libopenshot-audio/juce_core/memory/juce_ByteOrder.h
-- Installing: /build/libopenshot-audio-git/pkg/libopenshot-audio-git/usr/include/libopenshot-audio/juce_core/memory/juce_Singleton.h
-- Installing: /build/libopenshot-audio-git/pkg/libopenshot-audio-git/usr/include/libopenshot-audio/juce_core/memory/juce_MemoryBlock.h
-- Installing: /build/libopenshot-audio-git/pkg/libopenshot-audio-git/usr/include/libopenshot-audio/juce_core/memory/juce_ContainerDeletePolicy.h
-- Installing: /build/libopenshot-audio-git/pkg/libopenshot-audio-git/usr/include/libopenshot-audio/juce_core/native
-- Installing: /build/libopenshot-audio-git/pkg/libopenshot-audio-git/usr/include/libopenshot-audio/juce_core/native/juce_SharedCode_posix.h
-- Installing: /build/libopenshot-audio-git/pkg/libopenshot-audio-git/usr/include/libopenshot-audio/juce_core/native/juce_PlatformTimerListener.h
-- Installing: /build/libopenshot-audio-git/pkg/libopenshot-audio-git/usr/include/libopenshot-audio/juce_core/native/juce_JNIHelpers_android.h
-- Installing: /build/libopenshot-audio-git/pkg/libopenshot-audio-git/usr/include/libopenshot-audio/juce_core/native/juce_IPAddress_posix.h
-- Installing: /build/libopenshot-audio-git/pkg/libopenshot-audio-git/usr/include/libopenshot-audio/juce_core/native/juce_CFHelpers_mac.h
-- Installing: /build/libopenshot-audio-git/pkg/libopenshot-audio-git/usr/include/libopenshot-audio/juce_core/native/juce_SharedCode_intel.h
-- Installing: /build/libopenshot-audio-git/pkg/libopenshot-audio-git/usr/include/libopenshot-audio/juce_core/native/juce_BasicNativeHeaders.h
-- Installing: /build/libopenshot-audio-git/pkg/libopenshot-audio-git/usr/include/libopenshot-audio/juce_core/native/juce_ObjCHelpers_mac.h
-- Installing: /build/libopenshot-audio-git/pkg/libopenshot-audio-git/usr/include/libopenshot-audio/juce_core/native/java
-- Installing: /build/libopenshot-audio-git/pkg/libopenshot-audio-git/usr/include/libopenshot-audio/juce_core/native/java/app
-- Installing: /build/libopenshot-audio-git/pkg/libopenshot-audio-git/usr/include/libopenshot-audio/juce_core/native/java/app/com
-- Installing: /build/libopenshot-audio-git/pkg/libopenshot-audio-git/usr/include/libopenshot-audio/juce_core/native/java/app/com/rmsl
-- Installing: /build/libopenshot-audio-git/pkg/libopenshot-audio-git/usr/include/libopenshot-audio/juce_core/native/java/app/com/rmsl/juce
-- Installing: /build/libopenshot-audio-git/pkg/libopenshot-audio-git/usr/include/libopenshot-audio/juce_core/native/juce_ComSmartPtr_windows.h
-- Installing: /build/libopenshot-audio-git/pkg/libopenshot-audio-git/usr/include/libopenshot-audio/juce_core/native/javacore
-- Installing: /build/libopenshot-audio-git/pkg/libopenshot-audio-git/usr/include/libopenshot-audio/juce_core/native/javacore/app
-- Installing: /build/libopenshot-audio-git/pkg/libopenshot-audio-git/usr/include/libopenshot-audio/juce_core/native/javacore/app/com
-- Installing: /build/libopenshot-audio-git/pkg/libopenshot-audio-git/usr/include/libopenshot-audio/juce_core/native/javacore/app/com/rmsl
-- Installing: /build/libopenshot-audio-git/pkg/libopenshot-audio-git/usr/include/libopenshot-audio/juce_core/native/javacore/app/com/rmsl/juce
-- Installing: /build/libopenshot-audio-git/pkg/libopenshot-audio-git/usr/include/libopenshot-audio/juce_core/native/javacore/init
-- Installing: /build/libopenshot-audio-git/pkg/libopenshot-audio-git/usr/include/libopenshot-audio/juce_core/native/javacore/init/com
-- Installing: /build/libopenshot-audio-git/pkg/libopenshot-audio-git/usr/include/libopenshot-audio/juce_core/native/javacore/init/com/rmsl
-- Installing: /build/libopenshot-audio-git/pkg/libopenshot-audio-git/usr/include/libopenshot-audio/juce_core/native/javacore/init/com/rmsl/juce
-- Installing: /build/libopenshot-audio-git/pkg/libopenshot-audio-git/usr/include/libopenshot-audio/juce_core/native/juce_ThreadPriorities_native.h
-- Installing: /build/libopenshot-audio-git/pkg/libopenshot-audio-git/usr/include/libopenshot-audio/juce_core/text
-- Installing: /build/libopenshot-audio-git/pkg/libopenshot-audio-git/usr/include/libopenshot-audio/juce_core/text/juce_StringArray.h
-- Installing: /build/libopenshot-audio-git/pkg/libopenshot-audio-git/usr/include/libopenshot-audio/juce_core/text/juce_NewLine.h
-- Installing: /build/libopenshot-audio-git/pkg/libopenshot-audio-git/usr/include/libopenshot-audio/juce_core/text/juce_TextDiff.h
-- Installing: /build/libopenshot-audio-git/pkg/libopenshot-audio-git/usr/include/libopenshot-audio/juce_core/text/juce_CharPointer_UTF8.h
-- Installing: /build/libopenshot-audio-git/pkg/libopenshot-audio-git/usr/include/libopenshot-audio/juce_core/text/juce_Identifier.h
-- Installing: /build/libopenshot-audio-git/pkg/libopenshot-audio-git/usr/include/libopenshot-audio/juce_core/text/juce_CharPointer_UTF16.h
-- Installing: /build/libopenshot-audio-git/pkg/libopenshot-audio-git/usr/include/libopenshot-audio/juce_core/text/juce_String.h
-- Installing: /build/libopenshot-audio-git/pkg/libopenshot-audio-git/usr/include/libopenshot-audio/juce_core/text/juce_Base64.h
-- Installing: /build/libopenshot-audio-git/pkg/libopenshot-audio-git/usr/include/libopenshot-audio/juce_core/text/juce_StringPool.h
-- Installing: /build/libopenshot-audio-git/pkg/libopenshot-audio-git/usr/include/libopenshot-audio/juce_core/text/juce_StringRef.h
-- Installing: /build/libopenshot-audio-git/pkg/libopenshot-audio-git/usr/include/libopenshot-audio/juce_core/text/juce_StringPairArray.h
-- Installing: /build/libopenshot-audio-git/pkg/libopenshot-audio-git/usr/include/libopenshot-audio/juce_core/text/juce_LocalisedStrings.h
-- Installing: /build/libopenshot-audio-git/pkg/libopenshot-audio-git/usr/include/libopenshot-audio/juce_core/text/juce_CharPointer_ASCII.h
-- Installing: /build/libopenshot-audio-git/pkg/libopenshot-audio-git/usr/include/libopenshot-audio/juce_core/text/juce_CharPointer_UTF32.h
-- Installing: /build/libopenshot-audio-git/pkg/libopenshot-audio-git/usr/include/libopenshot-audio/juce_core/text/juce_CharacterFunctions.h
-- Installing: /build/libopenshot-audio-git/pkg/libopenshot-audio-git/usr/include/libopenshot-audio/juce_core/system
-- Installing: /build/libopenshot-audio-git/pkg/libopenshot-audio-git/usr/include/libopenshot-audio/juce_core/system/juce_CompilerSupport.h
-- Installing: /build/libopenshot-audio-git/pkg/libopenshot-audio-git/usr/include/libopenshot-audio/juce_core/system/juce_StandardHeader.h
-- Installing: /build/libopenshot-audio-git/pkg/libopenshot-audio-git/usr/include/libopenshot-audio/juce_core/system/juce_CompilerWarnings.h
-- Installing: /build/libopenshot-audio-git/pkg/libopenshot-audio-git/usr/include/libopenshot-audio/juce_core/system/juce_PlatformDefs.h
-- Installing: /build/libopenshot-audio-git/pkg/libopenshot-audio-git/usr/include/libopenshot-audio/juce_core/system/juce_TargetPlatform.h
-- Installing: /build/libopenshot-audio-git/pkg/libopenshot-audio-git/usr/include/libopenshot-audio/juce_core/system/juce_SystemStats.h
-- Installing juce_data_structures headers
-- Installing: /build/libopenshot-audio-git/pkg/libopenshot-audio-git/usr/include/libopenshot-audio/juce_data_structures
-- Installing: /build/libopenshot-audio-git/pkg/libopenshot-audio-git/usr/include/libopenshot-audio/juce_data_structures/juce_data_structures.h
-- Installing: /build/libopenshot-audio-git/pkg/libopenshot-audio-git/usr/include/libopenshot-audio/juce_data_structures/app_properties
-- Installing: /build/libopenshot-audio-git/pkg/libopenshot-audio-git/usr/include/libopenshot-audio/juce_data_structures/app_properties/juce_PropertiesFile.h
-- Installing: /build/libopenshot-audio-git/pkg/libopenshot-audio-git/usr/include/libopenshot-audio/juce_data_structures/app_properties/juce_ApplicationProperties.h
-- Installing: /build/libopenshot-audio-git/pkg/libopenshot-audio-git/usr/include/libopenshot-audio/juce_data_structures/values
-- Installing: /build/libopenshot-audio-git/pkg/libopenshot-audio-git/usr/include/libopenshot-audio/juce_data_structures/values/juce_ValueTreeSynchroniser.h
-- Installing: /build/libopenshot-audio-git/pkg/libopenshot-audio-git/usr/include/libopenshot-audio/juce_data_structures/values/juce_CachedValue.h
-- Installing: /build/libopenshot-audio-git/pkg/libopenshot-audio-git/usr/include/libopenshot-audio/juce_data_structures/values/juce_ValueTreePropertyWithDefault.h
-- Installing: /build/libopenshot-audio-git/pkg/libopenshot-audio-git/usr/include/libopenshot-audio/juce_data_structures/values/juce_Value.h
-- Installing: /build/libopenshot-audio-git/pkg/libopenshot-audio-git/usr/include/libopenshot-audio/juce_data_structures/values/juce_ValueTree.h
-- Installing: /build/libopenshot-audio-git/pkg/libopenshot-audio-git/usr/include/libopenshot-audio/juce_data_structures/undomanager
-- Installing: /build/libopenshot-audio-git/pkg/libopenshot-audio-git/usr/include/libopenshot-audio/juce_data_structures/undomanager/juce_UndoableAction.h
-- Installing: /build/libopenshot-audio-git/pkg/libopenshot-audio-git/usr/include/libopenshot-audio/juce_data_structures/undomanager/juce_UndoManager.h
-- Installing juce_dsp headers
-- Installing: /build/libopenshot-audio-git/pkg/libopenshot-audio-git/usr/include/libopenshot-audio/juce_dsp
-- Installing: /build/libopenshot-audio-git/pkg/libopenshot-audio-git/usr/include/libopenshot-audio/juce_dsp/frequency
-- Installing: /build/libopenshot-audio-git/pkg/libopenshot-audio-git/usr/include/libopenshot-audio/juce_dsp/frequency/juce_Convolution.h
-- Installing: /build/libopenshot-audio-git/pkg/libopenshot-audio-git/usr/include/libopenshot-audio/juce_dsp/frequency/juce_Windowing.h
-- Installing: /build/libopenshot-audio-git/pkg/libopenshot-audio-git/usr/include/libopenshot-audio/juce_dsp/frequency/juce_FFT.h
-- Installing: /build/libopenshot-audio-git/pkg/libopenshot-audio-git/usr/include/libopenshot-audio/juce_dsp/containers
-- Installing: /build/libopenshot-audio-git/pkg/libopenshot-audio-git/usr/include/libopenshot-audio/juce_dsp/containers/juce_AudioBlock.h
-- Installing: /build/libopenshot-audio-git/pkg/libopenshot-audio-git/usr/include/libopenshot-audio/juce_dsp/containers/juce_SIMDRegister_Impl.h
-- Installing: /build/libopenshot-audio-git/pkg/libopenshot-audio-git/usr/include/libopenshot-audio/juce_dsp/containers/juce_SIMDRegister.h
-- Installing: /build/libopenshot-audio-git/pkg/libopenshot-audio-git/usr/include/libopenshot-audio/juce_dsp/filter_design
-- Installing: /build/libopenshot-audio-git/pkg/libopenshot-audio-git/usr/include/libopenshot-audio/juce_dsp/filter_design/juce_FilterDesign.h
-- Installing: /build/libopenshot-audio-git/pkg/libopenshot-audio-git/usr/include/libopenshot-audio/juce_dsp/widgets
-- Installing: /build/libopenshot-audio-git/pkg/libopenshot-audio-git/usr/include/libopenshot-audio/juce_dsp/widgets/juce_LadderFilter.h
-- Installing: /build/libopenshot-audio-git/pkg/libopenshot-audio-git/usr/include/libopenshot-audio/juce_dsp/widgets/juce_Reverb.h
-- Installing: /build/libopenshot-audio-git/pkg/libopenshot-audio-git/usr/include/libopenshot-audio/juce_dsp/widgets/juce_Bias.h
-- Installing: /build/libopenshot-audio-git/pkg/libopenshot-audio-git/usr/include/libopenshot-audio/juce_dsp/widgets/juce_Gain.h
-- Installing: /build/libopenshot-audio-git/pkg/libopenshot-audio-git/usr/include/libopenshot-audio/juce_dsp/widgets/juce_Chorus.h
-- Installing: /build/libopenshot-audio-git/pkg/libopenshot-audio-git/usr/include/libopenshot-audio/juce_dsp/widgets/juce_Phaser.h
-- Installing: /build/libopenshot-audio-git/pkg/libopenshot-audio-git/usr/include/libopenshot-audio/juce_dsp/widgets/juce_WaveShaper.h
-- Installing: /build/libopenshot-audio-git/pkg/libopenshot-audio-git/usr/include/libopenshot-audio/juce_dsp/widgets/juce_Compressor.h
-- Installing: /build/libopenshot-audio-git/pkg/libopenshot-audio-git/usr/include/libopenshot-audio/juce_dsp/widgets/juce_Oscillator.h
-- Installing: /build/libopenshot-audio-git/pkg/libopenshot-audio-git/usr/include/libopenshot-audio/juce_dsp/widgets/juce_NoiseGate.h
-- Installing: /build/libopenshot-audio-git/pkg/libopenshot-audio-git/usr/include/libopenshot-audio/juce_dsp/widgets/juce_Limiter.h
-- Installing: /build/libopenshot-audio-git/pkg/libopenshot-audio-git/usr/include/libopenshot-audio/juce_dsp/processors
-- Installing: /build/libopenshot-audio-git/pkg/libopenshot-audio-git/usr/include/libopenshot-audio/juce_dsp/processors/juce_StateVariableFilter.h
-- Installing: /build/libopenshot-audio-git/pkg/libopenshot-audio-git/usr/include/libopenshot-audio/juce_dsp/processors/juce_ProcessorWrapper.h
-- Installing: /build/libopenshot-audio-git/pkg/libopenshot-audio-git/usr/include/libopenshot-audio/juce_dsp/processors/juce_IIRFilter.h
-- Installing: /build/libopenshot-audio-git/pkg/libopenshot-audio-git/usr/include/libopenshot-audio/juce_dsp/processors/juce_IIRFilter_Impl.h
-- Installing: /build/libopenshot-audio-git/pkg/libopenshot-audio-git/usr/include/libopenshot-audio/juce_dsp/processors/juce_FIRFilter.h
-- Installing: /build/libopenshot-audio-git/pkg/libopenshot-audio-git/usr/include/libopenshot-audio/juce_dsp/processors/juce_ProcessContext.h
-- Installing: /build/libopenshot-audio-git/pkg/libopenshot-audio-git/usr/include/libopenshot-audio/juce_dsp/processors/juce_BallisticsFilter.h
-- Installing: /build/libopenshot-audio-git/pkg/libopenshot-audio-git/usr/include/libopenshot-audio/juce_dsp/processors/juce_DryWetMixer.h
-- Installing: /build/libopenshot-audio-git/pkg/libopenshot-audio-git/usr/include/libopenshot-audio/juce_dsp/processors/juce_StateVariableTPTFilter.h
-- Installing: /build/libopenshot-audio-git/pkg/libopenshot-audio-git/usr/include/libopenshot-audio/juce_dsp/processors/juce_ProcessorChain.h
-- Installing: /build/libopenshot-audio-git/pkg/libopenshot-audio-git/usr/include/libopenshot-audio/juce_dsp/processors/juce_ProcessorDuplicator.h
-- Installing: /build/libopenshot-audio-git/pkg/libopenshot-audio-git/usr/include/libopenshot-audio/juce_dsp/processors/juce_LinkwitzRileyFilter.h
-- Installing: /build/libopenshot-audio-git/pkg/libopenshot-audio-git/usr/include/libopenshot-audio/juce_dsp/processors/juce_Oversampling.h
-- Installing: /build/libopenshot-audio-git/pkg/libopenshot-audio-git/usr/include/libopenshot-audio/juce_dsp/processors/juce_DelayLine.h
-- Installing: /build/libopenshot-audio-git/pkg/libopenshot-audio-git/usr/include/libopenshot-audio/juce_dsp/processors/juce_Panner.h
-- Installing: /build/libopenshot-audio-git/pkg/libopenshot-audio-git/usr/include/libopenshot-audio/juce_dsp/processors/juce_FirstOrderTPTFilter.h
-- Installing: /build/libopenshot-audio-git/pkg/libopenshot-audio-git/usr/include/libopenshot-audio/juce_dsp/maths
-- Installing: /build/libopenshot-audio-git/pkg/libopenshot-audio-git/usr/include/libopenshot-audio/juce_dsp/maths/juce_LookupTable.h
-- Installing: /build/libopenshot-audio-git/pkg/libopenshot-audio-git/usr/include/libopenshot-audio/juce_dsp/maths/juce_FastMathApproximations.h
-- Installing: /build/libopenshot-audio-git/pkg/libopenshot-audio-git/usr/include/libopenshot-audio/juce_dsp/maths/juce_SpecialFunctions.h
-- Installing: /build/libopenshot-audio-git/pkg/libopenshot-audio-git/usr/include/libopenshot-audio/juce_dsp/maths/juce_Matrix.h
-- Installing: /build/libopenshot-audio-git/pkg/libopenshot-audio-git/usr/include/libopenshot-audio/juce_dsp/maths/juce_Polynomial.h
-- Installing: /build/libopenshot-audio-git/pkg/libopenshot-audio-git/usr/include/libopenshot-audio/juce_dsp/maths/juce_Phase.h
-- Installing: /build/libopenshot-audio-git/pkg/libopenshot-audio-git/usr/include/libopenshot-audio/juce_dsp/maths/juce_LogRampedValue.h
-- Installing: /build/libopenshot-audio-git/pkg/libopenshot-audio-git/usr/include/libopenshot-audio/juce_dsp/juce_dsp.h
-- Installing: /build/libopenshot-audio-git/pkg/libopenshot-audio-git/usr/include/libopenshot-audio/juce_dsp/native
-- Installing: /build/libopenshot-audio-git/pkg/libopenshot-audio-git/usr/include/libopenshot-audio/juce_dsp/native/juce_SIMDNativeOps_avx.h
-- Installing: /build/libopenshot-audio-git/pkg/libopenshot-audio-git/usr/include/libopenshot-audio/juce_dsp/native/juce_SIMDNativeOps_neon.h
-- Installing: /build/libopenshot-audio-git/pkg/libopenshot-audio-git/usr/include/libopenshot-audio/juce_dsp/native/juce_SIMDNativeOps_sse.h
-- Installing: /build/libopenshot-audio-git/pkg/libopenshot-audio-git/usr/include/libopenshot-audio/juce_dsp/native/juce_SIMDNativeOps_fallback.h
-- Installing juce_events headers
-- Installing: /build/libopenshot-audio-git/pkg/libopenshot-audio-git/usr/include/libopenshot-audio/juce_events
-- Installing: /build/libopenshot-audio-git/pkg/libopenshot-audio-git/usr/include/libopenshot-audio/juce_events/messages
-- Installing: /build/libopenshot-audio-git/pkg/libopenshot-audio-git/usr/include/libopenshot-audio/juce_events/messages/juce_CallbackMessage.h
-- Installing: /build/libopenshot-audio-git/pkg/libopenshot-audio-git/usr/include/libopenshot-audio/juce_events/messages/juce_MessageListener.h
-- Installing: /build/libopenshot-audio-git/pkg/libopenshot-audio-git/usr/include/libopenshot-audio/juce_events/messages/juce_Message.h
-- Installing: /build/libopenshot-audio-git/pkg/libopenshot-audio-git/usr/include/libopenshot-audio/juce_events/messages/juce_ApplicationBase.h
-- Installing: /build/libopenshot-audio-git/pkg/libopenshot-audio-git/usr/include/libopenshot-audio/juce_events/messages/juce_Initialisation.h
-- Installing: /build/libopenshot-audio-git/pkg/libopenshot-audio-git/usr/include/libopenshot-audio/juce_events/messages/juce_MountedVolumeListChangeDetector.h
-- Installing: /build/libopenshot-audio-git/pkg/libopenshot-audio-git/usr/include/libopenshot-audio/juce_events/messages/juce_NotificationType.h
-- Installing: /build/libopenshot-audio-git/pkg/libopenshot-audio-git/usr/include/libopenshot-audio/juce_events/messages/juce_MessageManager.h
-- Installing: /build/libopenshot-audio-git/pkg/libopenshot-audio-git/usr/include/libopenshot-audio/juce_events/messages/juce_DeletedAtShutdown.h
-- Installing: /build/libopenshot-audio-git/pkg/libopenshot-audio-git/usr/include/libopenshot-audio/juce_events/interprocess
-- Installing: /build/libopenshot-audio-git/pkg/libopenshot-audio-git/usr/include/libopenshot-audio/juce_events/interprocess/juce_InterprocessConnectionServer.h
-- Installing: /build/libopenshot-audio-git/pkg/libopenshot-audio-git/usr/include/libopenshot-audio/juce_events/interprocess/juce_ChildProcessManager.h
-- Installing: /build/libopenshot-audio-git/pkg/libopenshot-audio-git/usr/include/libopenshot-audio/juce_events/interprocess/juce_NetworkServiceDiscovery.h
-- Installing: /build/libopenshot-audio-git/pkg/libopenshot-audio-git/usr/include/libopenshot-audio/juce_events/interprocess/juce_ConnectedChildProcess.h
-- Installing: /build/libopenshot-audio-git/pkg/libopenshot-audio-git/usr/include/libopenshot-audio/juce_events/interprocess/juce_InterprocessConnection.h
-- Installing: /build/libopenshot-audio-git/pkg/libopenshot-audio-git/usr/include/libopenshot-audio/juce_events/juce_events.h
-- Installing: /build/libopenshot-audio-git/pkg/libopenshot-audio-git/usr/include/libopenshot-audio/juce_events/timers
-- Installing: /build/libopenshot-audio-git/pkg/libopenshot-audio-git/usr/include/libopenshot-audio/juce_events/timers/juce_Timer.h
-- Installing: /build/libopenshot-audio-git/pkg/libopenshot-audio-git/usr/include/libopenshot-audio/juce_events/timers/juce_MultiTimer.h
-- Installing: /build/libopenshot-audio-git/pkg/libopenshot-audio-git/usr/include/libopenshot-audio/juce_events/timers/juce_TimedCallback.h
-- Installing: /build/libopenshot-audio-git/pkg/libopenshot-audio-git/usr/include/libopenshot-audio/juce_events/broadcasters
-- Installing: /build/libopenshot-audio-git/pkg/libopenshot-audio-git/usr/include/libopenshot-audio/juce_events/broadcasters/juce_ChangeBroadcaster.h
-- Installing: /build/libopenshot-audio-git/pkg/libopenshot-audio-git/usr/include/libopenshot-audio/juce_events/broadcasters/juce_ActionListener.h
-- Installing: /build/libopenshot-audio-git/pkg/libopenshot-audio-git/usr/include/libopenshot-audio/juce_events/broadcasters/juce_AsyncUpdater.h
-- Installing: /build/libopenshot-audio-git/pkg/libopenshot-audio-git/usr/include/libopenshot-audio/juce_events/broadcasters/juce_ActionBroadcaster.h
-- Installing: /build/libopenshot-audio-git/pkg/libopenshot-audio-git/usr/include/libopenshot-audio/juce_events/broadcasters/juce_LockingAsyncUpdater.h
-- Installing: /build/libopenshot-audio-git/pkg/libopenshot-audio-git/usr/include/libopenshot-audio/juce_events/broadcasters/juce_ChangeListener.h
-- Installing: /build/libopenshot-audio-git/pkg/libopenshot-audio-git/usr/include/libopenshot-audio/juce_events/native
-- Installing: /build/libopenshot-audio-git/pkg/libopenshot-audio-git/usr/include/libopenshot-audio/juce_events/native/juce_WinRTWrapper_windows.h
-- Installing: /build/libopenshot-audio-git/pkg/libopenshot-audio-git/usr/include/libopenshot-audio/juce_events/native/juce_EventLoopInternal_linux.h
-- Installing: /build/libopenshot-audio-git/pkg/libopenshot-audio-git/usr/include/libopenshot-audio/juce_events/native/juce_EventLoop_linux.h
-- Installing: /build/libopenshot-audio-git/pkg/libopenshot-audio-git/usr/include/libopenshot-audio/juce_events/native/juce_RunningInUnity.h
-- Installing: /build/libopenshot-audio-git/pkg/libopenshot-audio-git/usr/include/libopenshot-audio/juce_events/native/juce_HiddenMessageWindow_windows.h
-- Installing: /build/libopenshot-audio-git/pkg/libopenshot-audio-git/usr/include/libopenshot-audio/juce_events/native/juce_MessageQueue_mac.h
-- Installing: /build/libopenshot-audio-git/pkg/libopenshot-audio-git/usr/include/libopenshot-audio/juce_events/native/juce_ScopedLowPowerModeDisabler.h
-- Installing: /build/libopenshot-audio-git/pkg/libopenshot-audio-git/usr/share/man/man1/openshot-audio-demo.1
-- Installing: /build/libopenshot-audio-git/pkg/libopenshot-audio-git/usr/lib/cmake/OpenShotAudio/OpenShotAudioTargets.cmake
-- Installing: /build/libopenshot-audio-git/pkg/libopenshot-audio-git/usr/lib/cmake/OpenShotAudio/OpenShotAudioTargets-none.cmake
-- Installing: /build/libopenshot-audio-git/pkg/libopenshot-audio-git/usr/lib/cmake/OpenShotAudio/OpenShotAudioConfig.cmake
-- Installing: /build/libopenshot-audio-git/pkg/libopenshot-audio-git/usr/lib/cmake/OpenShotAudio/OpenShotAudioConfigVersion.cmake
-- Installing: /build/libopenshot-audio-git/pkg/libopenshot-audio-git/usr/lib/cmake/OpenShotAudio/FindASIO.cmake
