The no-dev option is deprecated.  Use -Wno-author instead.
-----------------------------------------------------------------
          Welcome to the OpenShot Build System!

CMake will now check libopenshot's build dependencies and inform
you of any missing files or other issues.

For more information, please visit <http://www.openshot.org/>.
-----------------------------------------------------------------
-- The C compiler identification is GNU 16.2.1
-- The CXX compiler identification is GNU 16.2.1
-- Detecting C compiler ABI info
-- Detecting C compiler ABI info - done
-- Check for working C compiler: /usr/bin/cc - skipped
-- Detecting C compile features
-- Detecting C compile features - done
-- Detecting CXX compiler ABI info
-- Detecting CXX compiler ABI info - done
-- Check for working CXX compiler: /usr/bin/c++ - skipped
-- Detecting CXX compile features
-- Detecting CXX compile features - done

Generating build files for OpenShot with CMake 4.4.2
  Building libopenshot (version 0.7.0)
  SO/API/ABI Version: 30

-- Found PkgConfig: /usr/bin/pkg-config (found version "3.0.5")
-- Found ALSA: /usr/lib/libasound.so (found version "1.2.16.1")
-- Found ZLIB: /usr/lib/libz.so (found version "1.3.2")
-- Found ImageMagick: /usr/lib/libMagick++-7.Q16HDRI.so (found version "7.1.2-29")
-- Looking for system jsoncpp
-- Found jsoncpp: /usr/include (found version "1.9.6")
-- Could NOT find Resvg (missing: Resvg_INCLUDE_DIRS) (found version "")
-- Performing Test HAVE_STDATOMIC
-- Performing Test HAVE_STDATOMIC - Success
-- Found OpenGL: /usr/lib/libOpenGL.so
-- Found WrapOpenGL: TRUE
-- Found WrapVulkanHeaders: /usr/include
-- Found Qt6  (components: Core, Gui, Widgets, Svg)
-- Checking for module 'libavcodec'
--   Found libavcodec, version 63.1.101
-- Checking for module 'libavdevice'
--   Found libavdevice, version 63.1.101
-- Checking for module 'libavformat'
--   Found libavformat, version 63.1.101
-- Checking for module 'libavutil'
--   Found libavutil, version 61.1.101
-- Checking for module 'libswscale'
--   Found libswscale, version 10.1.101
-- Checking for module 'libswresample'
--   Found libswresample, version 7.1.101
-- Found FFmpeg: /usr/lib/libavcodec.so;/usr/lib/libavdevice.so;/usr/lib/libavformat.so;/usr/lib/libavutil.so;/usr/lib/libswscale.so;/usr/lib/libswresample.so (found version "n9.0.1") found components: avcodec avdevice avformat avutil swscale swresample
-- Found OpenMP_C: -fopenmp (found version "5.2")
-- Found OpenMP_CXX: -fopenmp (found version "5.2")
-- Found OpenMP: TRUE (found version "5.2")
-- Found ZeroMQ: /usr/lib/libzmq.so (found version "4.3.5")
-- Found babl: /usr/include/babl-0.1 (found version "0.1.128")
CMake Warning at src/CMakeLists.txt:544 (find_package):
  By not providing "FindOpenCV.cmake" in CMAKE_MODULE_PATH this project has
  asked CMake to find a package configuration file provided by "OpenCV", but
  CMake did not find one.

  Could not find a package configuration file provided by "OpenCV" (requested
  version 4) with any of the following names:

    OpenCV.cps
    opencv.cps
    OpenCVConfig.cmake
    opencv-config.cmake

  Add the installation prefix of "OpenCV" to CMAKE_PREFIX_PATH or set
  "OpenCV_DIR" to a directory containing one of the above files.  If "OpenCV"
  provides a separate development package or SDK, be sure it has been
  installed.


-- Found SWIG: /usr/bin/swig (found suitable version "4.5.0", minimum required is "3.0")
-- Found PythonInterp: /usr/bin/python3 (found suitable version "3.14.7", minimum required is "3")
-- Found PythonLibs: /usr/lib/libpython3.14.so (found suitable version "3.14.7", minimum required is "3")
-- PYTHON_MODULE_PATH: /usr/lib/python3.14/site-packages
-- Found Doxygen: /usr/bin/doxygen (found version "1.16.1") found components: doxygen missing components: dot
-- Doxygen found, enabling libopenshot documentation target
-- libopenshot Build configuration:
-- The following features have been enabled:

 * Wayland screen capture, Use xdg-desktop-portal ScreenCast and PipeWire
 * FFmpeg swresample, Audio resampling uses swresample
 * FFmpeg hwaccel, GPU-accelerated routines (FFmpeg 3.4+)
 * Parallel tests, Unit tests can use 24 processors
 * Unit tests, Compile unit tests for library functions
 * Non-default target 'coverage', Run unit tests and (if enabled) collect coverage data
 * Non-default target 'doc', Build formatted API documentation (HTML+SVG)

-- The following OPTIONAL packages have been found:

 * ImageMagick
 * Qt6WidgetsTools (required version >= 6.11.1)
 * Qt6Widgets
 * Qt6Svg
 * cppzmq
 * PkgConfig
 * babl
 * Qt6Core
 * OpenGL
 * Vulkan
 * WrapVulkanHeaders
 * Qt6GuiTools (required version >= 6.11.1)
 * Qt6CoreTools (required version >= 6.11.1)
 * Qt6DBusTools (required version >= 6.11.1)
 * Qt6Gui
 * PythonInterp (required version >= 3)
 * PythonLibs (required version >= 3)
 * Doxygen
 * Catch2

-- The following REQUIRED packages have been found:

 * OpenShotAudio (required version >= 0.6.0)
 * jsoncpp
 * FFmpeg
 * OpenMP
 * ZeroMQ
 * Qt6
 * SWIG (required version >= 3.0)

-- The following features have been disabled:

 * Coverage, analyze test coverage and generate report
 * IWYU (include-what-you-use), Scan all source files with 'iwyu'
 * OpenCV algorithms, Use OpenCV algorithms

-- The following OPTIONAL packages have not been found:

 * Resvg
 * OpenCV (required version >= 4)

-- Configuring done (2.5s)
-- Generating done (0.3s)
-- Build files have been written to: /build/libopenshot-qt6-git/src/build
[  0%] Built target openshot_autogen_timestamp_deps
[  0%] Automatic MOC for target openshot
[  0%] Built target openshot_autogen
[  0%] Building CXX object src/CMakeFiles/openshot.dir/openshot_autogen/mocs_compilation.cpp.o
[  1%] Building CXX object src/CMakeFiles/openshot.dir/AudioReaderSource.cpp.o
[  1%] Building CXX object src/CMakeFiles/openshot.dir/AudioBufferSource.cpp.o
[  1%] Building CXX object src/CMakeFiles/openshot.dir/AudioResampler.cpp.o
[  2%] Building CXX object src/CMakeFiles/openshot.dir/AudioRecorder.cpp.o
[  2%] Building CXX object src/CMakeFiles/openshot.dir/AudioDevices.cpp.o
[  3%] Building CXX object src/CMakeFiles/openshot.dir/CameraCaptureReader.cpp.o
[  3%] Building CXX object src/CMakeFiles/openshot.dir/CacheBase.cpp.o
[  3%] Building CXX object src/CMakeFiles/openshot.dir/AudioWaveformer.cpp.o
[  3%] Building CXX object src/CMakeFiles/openshot.dir/AnimatedCurve.cpp.o
[  3%] Building CXX object src/CMakeFiles/openshot.dir/CacheDisk.cpp.o
[  5%] Building CXX object src/CMakeFiles/openshot.dir/CacheMemory.cpp.o
[  5%] Building CXX object src/CMakeFiles/openshot.dir/ChunkReader.cpp.o
[  5%] Building CXX object src/CMakeFiles/openshot.dir/Color.cpp.o
[  6%] Building CXX object src/CMakeFiles/openshot.dir/ClipBase.cpp.o
[  6%] Building CXX object src/CMakeFiles/openshot.dir/CrashHandler.cpp.o
[  6%] Building CXX object src/CMakeFiles/openshot.dir/Clip.cpp.o
[  6%] Building CXX object src/CMakeFiles/openshot.dir/Coordinate.cpp.o
[  7%] Building CXX object src/CMakeFiles/openshot.dir/ChunkWriter.cpp.o
[  8%] Building CXX object src/CMakeFiles/openshot.dir/DummyReader.cpp.o
[  8%] Building CXX object src/CMakeFiles/openshot.dir/ReaderBase.cpp.o
[  8%] Building CXX object src/CMakeFiles/openshot.dir/RendererBase.cpp.o
[ 10%] Building CXX object src/CMakeFiles/openshot.dir/ScreenCaptureReader.cpp.o
[ 10%] Building CXX object src/CMakeFiles/openshot.dir/WriterBase.cpp.o
[ 10%] Building CXX object src/CMakeFiles/openshot.dir/EffectBase.cpp.o
[ 11%] Building CXX object src/CMakeFiles/openshot.dir/EffectInfo.cpp.o
[ 11%] Building CXX object src/CMakeFiles/openshot.dir/FFmpegReader.cpp.o
[ 11%] Building CXX object src/CMakeFiles/openshot.dir/FFmpegWriter.cpp.o
[ 12%] Building CXX object src/CMakeFiles/openshot.dir/Fraction.cpp.o
[ 12%] Building CXX object src/CMakeFiles/openshot.dir/Frame.cpp.o
[ 12%] Building CXX object src/CMakeFiles/openshot.dir/FrameScope.cpp.o
[ 13%] Building CXX object src/CMakeFiles/openshot.dir/FrameMapper.cpp.o
[ 13%] Building CXX object src/CMakeFiles/openshot.dir/MemoryTrim.cpp.o
[ 15%] Building CXX object src/CMakeFiles/openshot.dir/Json.cpp.o
[ 15%] Building CXX object src/CMakeFiles/openshot.dir/KeyFrame.cpp.o
[ 15%] Building CXX object src/CMakeFiles/openshot.dir/OpenShotVersion.cpp.o
[ 16%] Building CXX object src/CMakeFiles/openshot.dir/PlayerBase.cpp.o
[ 16%] Building CXX object src/CMakeFiles/openshot.dir/Point.cpp.o
[ 16%] Building CXX object src/CMakeFiles/openshot.dir/Profiles.cpp.o
[ 17%] Building CXX object src/CMakeFiles/openshot.dir/QtHtmlReader.cpp.o
[ 17%] Building CXX object src/CMakeFiles/openshot.dir/QtImageReader.cpp.o
[ 17%] Building CXX object src/CMakeFiles/openshot.dir/QtPlayer.cpp.o
[ 18%] Building CXX object src/CMakeFiles/openshot.dir/QtTextReader.cpp.o
[ 18%] Building CXX object src/CMakeFiles/openshot.dir/Settings.cpp.o
[ 18%] Building CXX object src/CMakeFiles/openshot.dir/TimelineBase.cpp.o
/build/libopenshot-qt6-git/src/libopenshot/src/FFmpegWriter.cpp: In member function ‘AVStream* openshot::FFmpegWriter::add_audio_stream()’:
/build/libopenshot-qt6-git/src/libopenshot/src/FFmpegWriter.cpp:1145:20: error: ‘const AVCodec’ {aka ‘const struct AVCodec’} has no member named ‘supported_samplerates’
 1145 |         if (codec->supported_samplerates) {
      |                    ^~~~~~~~~~~~~~~~~~~~~
/build/libopenshot-qt6-git/src/libopenshot/src/FFmpegWriter.cpp:1147:36: error: ‘const AVCodec’ {aka ‘const struct AVCodec’} has no member named ‘supported_samplerates’
 1147 |                 for (i = 0; codec->supported_samplerates[i] != 0; i++)
      |                                    ^~~~~~~~~~~~~~~~~~~~~
/build/libopenshot-qt6-git/src/libopenshot/src/FFmpegWriter.cpp:1148:56: error: ‘const AVCodec’ {aka ‘const struct AVCodec’} has no member named ‘supported_samplerates’
 1148 |                         if (info.sample_rate == codec->supported_samplerates[i]) {
      |                                                        ^~~~~~~~~~~~~~~~~~~~~
/build/libopenshot-qt6-git/src/libopenshot/src/FFmpegWriter.cpp:1153:28: error: ‘const AVCodec’ {aka ‘const struct AVCodec’} has no member named ‘supported_samplerates’
 1153 |                 if (codec->supported_samplerates[i] == 0)
      |                            ^~~~~~~~~~~~~~~~~~~~~
/build/libopenshot-qt6-git/src/libopenshot/src/FFmpegWriter.cpp:1167:20: error: ‘const AVCodec’ {aka ‘const struct AVCodec’} has no member named ‘ch_layouts’
 1167 |         if (codec->ch_layouts) {
      |                    ^~~~~~~~~~
/build/libopenshot-qt6-git/src/libopenshot/src/FFmpegWriter.cpp:1169:61: error: ‘const AVCodec’ {aka ‘const struct AVCodec’} has no member named ‘ch_layouts’
 1169 |                 for (i = 0; av_channel_layout_check(&codec->ch_layouts[i]); i++)
      |                                                             ^~~~~~~~~~
/build/libopenshot-qt6-git/src/libopenshot/src/FFmpegWriter.cpp:1170:75: error: ‘const AVCodec’ {aka ‘const struct AVCodec’} has no member named ‘ch_layouts’
 1170 |                         if (av_channel_layout_compare(&ch_layout, &codec->ch_layouts[i])) {
      |                                                                           ^~~~~~~~~~
/build/libopenshot-qt6-git/src/libopenshot/src/FFmpegWriter.cpp:1175:54: error: ‘const AVCodec’ {aka ‘const struct AVCodec’} has no member named ‘ch_layouts’
 1175 |                 if (!av_channel_layout_check(&codec->ch_layouts[i]))
      |                                                      ^~~~~~~~~~
/build/libopenshot-qt6-git/src/libopenshot/src/FFmpegWriter.cpp:1198:20: error: ‘const AVCodec’ {aka ‘const struct AVCodec’} has no member named ‘sample_fmts’
 1198 |         if (codec->sample_fmts) {
      |                    ^~~~~~~~~~~
/build/libopenshot-qt6-git/src/libopenshot/src/FFmpegWriter.cpp:1199:40: error: ‘const AVCodec’ {aka ‘const struct AVCodec’} has no member named ‘sample_fmts’
 1199 |                 for (int i = 0; codec->sample_fmts[i] != AV_SAMPLE_FMT_NONE; i++) {
      |                                        ^~~~~~~~~~~
/build/libopenshot-qt6-git/src/libopenshot/src/FFmpegWriter.cpp:1201:48: error: ‘const AVCodec’ {aka ‘const struct AVCodec’} has no member named ‘sample_fmts’
 1201 |                         c->sample_fmt = codec->sample_fmts[i];
      |                                                ^~~~~~~~~~~
/build/libopenshot-qt6-git/src/libopenshot/src/FFmpegWriter.cpp: In member function ‘AVStream* openshot::FFmpegWriter::add_video_stream()’:
/build/libopenshot-qt6-git/src/libopenshot/src/FFmpegWriter.cpp:1404:61: error: ‘const AVCodec’ {aka ‘const struct AVCodec’} has no member named ‘pix_fmts’
 1404 |         const PixelFormat *supported_pixel_formats = codec->pix_fmts;
      |                                                             ^~~~~~~~
[ 20%] Building CXX object src/CMakeFiles/openshot.dir/Timeline.cpp.o
[ 20%] Building CXX object src/CMakeFiles/openshot.dir/TrackedObjectBase.cpp.o
[ 20%] Building CXX object src/CMakeFiles/openshot.dir/ZmqLogger.cpp.o
make[2]: *** [src/CMakeFiles/openshot.dir/build.make:457: src/CMakeFiles/openshot.dir/FFmpegWriter.cpp.o] Error 1
make[2]: *** Waiting for unfinished jobs....
[ 21%] Building CXX object src/CMakeFiles/openshot.dir/WaylandScreenCaptureReader.cpp.o
/build/libopenshot-qt6-git/src/libopenshot/src/Timeline.cpp: In constructor ‘openshot::Timeline::Timeline(const std::string&, bool)’:
/build/libopenshot-qt6-git/src/libopenshot/src/Timeline.cpp:131:25: warning: ignoring return value of ‘virtual bool QFile::open(QIODeviceBase::OpenMode)’, declared with attribute ‘nodiscard’ [-Wunused-result]
  131 |         projectFile.open(QFile::ReadOnly);
      |         ~~~~~~~~~~~~~~~~^~~~~~~~~~~~~~~~~
In file included from /usr/include/qt6/QtCore/qdir.h:11,
                 from /usr/include/qt6/QtCore/QDir:1,
                 from /build/libopenshot-qt6-git/src/libopenshot/src/CacheDisk.h:18,
                 from /build/libopenshot-qt6-git/src/libopenshot/src/Timeline.cpp:16:
/usr/include/qt6/QtCore/qfile.h:264:32: note: declared here
  264 |     QFILE_MAYBE_NODISCARD bool open(OpenMode flags) override;
      |                                ^~~~
make[1]: *** [CMakeFiles/Makefile2:3430: src/CMakeFiles/openshot.dir/all] Error 2
make: *** [Makefile:166: all] Error 2
[1m[31m==> ERROR:(B[m[1m A failure occurred in build().(B[m
[1m    Aborting...(B[m
