ninja: Entering directory `/build/libsoup/src/build'
ninja: no work to do.
 1/37 libsoup:cache-test               OK              0.12s
 2/37 libsoup:chunk-test               OK              0.11s
 3/37 libsoup:coding-test              OK              0.10s
 4/37 libsoup:continue-test            OK              0.10s
 5/37 libsoup:cookies-test             OK              0.09s
 6/37 libsoup:date-test                OK              0.09s
 7/37 libsoup:header-parsing-test      OK              0.08s
 8/37 libsoup:multipart-test           OK              0.06s
 9/37 libsoup:no-ssl-test              OK              0.06s
10/37 libsoup:samesite-test            OK              0.04s
11/37 libsoup:hsts-db-test             OK              0.12s
12/37 libsoup:requester-test           OK              0.09s
13/37 libsoup:redirect-test            OK              0.09s
14/37 libsoup:resource-test            OK              0.09s
15/37 libsoup:chunk-io-test            OK              0.16s
16/37 libsoup:socket-test              OK              0.05s
17/37 libsoup:tld-test                 OK              0.03s
18/37 libsoup:brotli-decompressor-test OK              0.02s
19/37 libsoup:streaming-test           OK              0.05s
20/37 libsoup:sniffing-test            OK              0.09s
21/37 libsoup:uri-parsing-test         OK              0.05s
22/37 libsoup:server-test              OK              0.10s
23/37 libsoup:ssl-test                 OK              0.09s
24/37 libsoup:forms-test               OK              0.21s
25/37 libsoup:ntlm-test                OK              0.19s
26/37 libsoup:websocket-test           OK              0.11s
27/37 libsoup:session-test             OK              0.35s
28/37 libsoup:server-auth-test         OK              0.63s
29/37 libsoup:misc-test                OK              0.67s
30/37 libsoup:context-test             OK              1.65s
31/37 libsoup:timeout-test             OK              8.09s
32/37 libsoup:hsts-test                OK             12.13s
33/37 libsoup:auth-test                OK              5.14s
34/37 libsoup:connection-test          OK              1.55s
35/37 libsoup:range-test               OK              1.10s
36/37 libsoup:proxy-test               OK              1.30s
37/37 libsoup:pull-api-test            OK              1.47s

Ok:                37  
Fail:              0   

Full log written to /build/libsoup/src/build/meson-logs/testlog.txt
