ninja: Entering directory `/build/libsoup/src/build'
ninja: no work to do.
Installing libsoup/soup-enum-types.h to /build/libsoup/pkg/libsoup/usr/include/libsoup-2.4/libsoup
Installing libsoup/libsoup-2.4.so.1.11.2 to /build/libsoup/pkg/libsoup/usr/lib
Installing libsoup/libsoup-gnome-2.4.so.1.11.2 to /build/libsoup/pkg/libsoup/usr/lib
Installing libsoup/Soup-2.4.gir to /build/libsoup/pkg/libsoup/usr/share/gir-1.0
Installing libsoup/Soup-2.4.typelib to /build/libsoup/pkg/libsoup/usr/lib/girepository-1.0
Installing libsoup/libsoup-2.4.vapi to /build/libsoup/pkg/libsoup/usr/share/vala/vapi
Installing libsoup/SoupGNOME-2.4.gir to /build/libsoup/pkg/libsoup/usr/share/gir-1.0
Installing libsoup/SoupGNOME-2.4.typelib to /build/libsoup/pkg/libsoup/usr/lib/girepository-1.0
Installing po/ab/LC_MESSAGES/libsoup.mo to /build/libsoup/pkg/libsoup/usr/share/locale/ab/LC_MESSAGES
Installing po/an/LC_MESSAGES/libsoup.mo to /build/libsoup/pkg/libsoup/usr/share/locale/an/LC_MESSAGES
Installing po/as/LC_MESSAGES/libsoup.mo to /build/libsoup/pkg/libsoup/usr/share/locale/as/LC_MESSAGES
Installing po/be/LC_MESSAGES/libsoup.mo to /build/libsoup/pkg/libsoup/usr/share/locale/be/LC_MESSAGES
Installing po/bg/LC_MESSAGES/libsoup.mo to /build/libsoup/pkg/libsoup/usr/share/locale/bg/LC_MESSAGES
Installing po/bn_IN/LC_MESSAGES/libsoup.mo to /build/libsoup/pkg/libsoup/usr/share/locale/bn_IN/LC_MESSAGES
Installing po/bs/LC_MESSAGES/libsoup.mo to /build/libsoup/pkg/libsoup/usr/share/locale/bs/LC_MESSAGES
Installing po/ca/LC_MESSAGES/libsoup.mo to /build/libsoup/pkg/libsoup/usr/share/locale/ca/LC_MESSAGES
Installing po/ca@valencia/LC_MESSAGES/libsoup.mo to /build/libsoup/pkg/libsoup/usr/share/locale/ca@valencia/LC_MESSAGES
Installing po/cs/LC_MESSAGES/libsoup.mo to /build/libsoup/pkg/libsoup/usr/share/locale/cs/LC_MESSAGES
Installing po/da/LC_MESSAGES/libsoup.mo to /build/libsoup/pkg/libsoup/usr/share/locale/da/LC_MESSAGES
Installing po/de/LC_MESSAGES/libsoup.mo to /build/libsoup/pkg/libsoup/usr/share/locale/de/LC_MESSAGES
Installing po/el/LC_MESSAGES/libsoup.mo to /build/libsoup/pkg/libsoup/usr/share/locale/el/LC_MESSAGES
Installing po/en_GB/LC_MESSAGES/libsoup.mo to /build/libsoup/pkg/libsoup/usr/share/locale/en_GB/LC_MESSAGES
Installing po/eo/LC_MESSAGES/libsoup.mo to /build/libsoup/pkg/libsoup/usr/share/locale/eo/LC_MESSAGES
Installing po/es/LC_MESSAGES/libsoup.mo to /build/libsoup/pkg/libsoup/usr/share/locale/es/LC_MESSAGES
Installing po/et/LC_MESSAGES/libsoup.mo to /build/libsoup/pkg/libsoup/usr/share/locale/et/LC_MESSAGES
Installing po/eu/LC_MESSAGES/libsoup.mo to /build/libsoup/pkg/libsoup/usr/share/locale/eu/LC_MESSAGES
Installing po/fa/LC_MESSAGES/libsoup.mo to /build/libsoup/pkg/libsoup/usr/share/locale/fa/LC_MESSAGES
Installing po/fi/LC_MESSAGES/libsoup.mo to /build/libsoup/pkg/libsoup/usr/share/locale/fi/LC_MESSAGES
Installing po/fr/LC_MESSAGES/libsoup.mo to /build/libsoup/pkg/libsoup/usr/share/locale/fr/LC_MESSAGES
Installing po/fur/LC_MESSAGES/libsoup.mo to /build/libsoup/pkg/libsoup/usr/share/locale/fur/LC_MESSAGES
Installing po/gd/LC_MESSAGES/libsoup.mo to /build/libsoup/pkg/libsoup/usr/share/locale/gd/LC_MESSAGES
Installing po/gl/LC_MESSAGES/libsoup.mo to /build/libsoup/pkg/libsoup/usr/share/locale/gl/LC_MESSAGES
Installing po/gu/LC_MESSAGES/libsoup.mo to /build/libsoup/pkg/libsoup/usr/share/locale/gu/LC_MESSAGES
Installing po/he/LC_MESSAGES/libsoup.mo to /build/libsoup/pkg/libsoup/usr/share/locale/he/LC_MESSAGES
Installing po/hi/LC_MESSAGES/libsoup.mo to /build/libsoup/pkg/libsoup/usr/share/locale/hi/LC_MESSAGES
Installing po/hr/LC_MESSAGES/libsoup.mo to /build/libsoup/pkg/libsoup/usr/share/locale/hr/LC_MESSAGES
Installing po/hu/LC_MESSAGES/libsoup.mo to /build/libsoup/pkg/libsoup/usr/share/locale/hu/LC_MESSAGES
Installing po/id/LC_MESSAGES/libsoup.mo to /build/libsoup/pkg/libsoup/usr/share/locale/id/LC_MESSAGES
Installing po/it/LC_MESSAGES/libsoup.mo to /build/libsoup/pkg/libsoup/usr/share/locale/it/LC_MESSAGES
Installing po/ja/LC_MESSAGES/libsoup.mo to /build/libsoup/pkg/libsoup/usr/share/locale/ja/LC_MESSAGES
Installing po/kn/LC_MESSAGES/libsoup.mo to /build/libsoup/pkg/libsoup/usr/share/locale/kn/LC_MESSAGES
Installing po/ko/LC_MESSAGES/libsoup.mo to /build/libsoup/pkg/libsoup/usr/share/locale/ko/LC_MESSAGES
Installing po/lt/LC_MESSAGES/libsoup.mo to /build/libsoup/pkg/libsoup/usr/share/locale/lt/LC_MESSAGES
Installing po/lv/LC_MESSAGES/libsoup.mo to /build/libsoup/pkg/libsoup/usr/share/locale/lv/LC_MESSAGES
Installing po/ml/LC_MESSAGES/libsoup.mo to /build/libsoup/pkg/libsoup/usr/share/locale/ml/LC_MESSAGES
Installing po/mr/LC_MESSAGES/libsoup.mo to /build/libsoup/pkg/libsoup/usr/share/locale/mr/LC_MESSAGES
Installing po/ms/LC_MESSAGES/libsoup.mo to /build/libsoup/pkg/libsoup/usr/share/locale/ms/LC_MESSAGES
Installing po/nb/LC_MESSAGES/libsoup.mo to /build/libsoup/pkg/libsoup/usr/share/locale/nb/LC_MESSAGES
Installing po/ne/LC_MESSAGES/libsoup.mo to /build/libsoup/pkg/libsoup/usr/share/locale/ne/LC_MESSAGES
Installing po/nl/LC_MESSAGES/libsoup.mo to /build/libsoup/pkg/libsoup/usr/share/locale/nl/LC_MESSAGES
Installing po/oc/LC_MESSAGES/libsoup.mo to /build/libsoup/pkg/libsoup/usr/share/locale/oc/LC_MESSAGES
Installing po/or/LC_MESSAGES/libsoup.mo to /build/libsoup/pkg/libsoup/usr/share/locale/or/LC_MESSAGES
Installing po/pa/LC_MESSAGES/libsoup.mo to /build/libsoup/pkg/libsoup/usr/share/locale/pa/LC_MESSAGES
Installing po/pl/LC_MESSAGES/libsoup.mo to /build/libsoup/pkg/libsoup/usr/share/locale/pl/LC_MESSAGES
Installing po/pt/LC_MESSAGES/libsoup.mo to /build/libsoup/pkg/libsoup/usr/share/locale/pt/LC_MESSAGES
Installing po/pt_BR/LC_MESSAGES/libsoup.mo to /build/libsoup/pkg/libsoup/usr/share/locale/pt_BR/LC_MESSAGES
Installing po/ro/LC_MESSAGES/libsoup.mo to /build/libsoup/pkg/libsoup/usr/share/locale/ro/LC_MESSAGES
Installing po/ru/LC_MESSAGES/libsoup.mo to /build/libsoup/pkg/libsoup/usr/share/locale/ru/LC_MESSAGES
Installing po/sk/LC_MESSAGES/libsoup.mo to /build/libsoup/pkg/libsoup/usr/share/locale/sk/LC_MESSAGES
Installing po/sl/LC_MESSAGES/libsoup.mo to /build/libsoup/pkg/libsoup/usr/share/locale/sl/LC_MESSAGES
Installing po/sr/LC_MESSAGES/libsoup.mo to /build/libsoup/pkg/libsoup/usr/share/locale/sr/LC_MESSAGES
Installing po/sr@latin/LC_MESSAGES/libsoup.mo to /build/libsoup/pkg/libsoup/usr/share/locale/sr@latin/LC_MESSAGES
Installing po/sv/LC_MESSAGES/libsoup.mo to /build/libsoup/pkg/libsoup/usr/share/locale/sv/LC_MESSAGES
Installing po/ta/LC_MESSAGES/libsoup.mo to /build/libsoup/pkg/libsoup/usr/share/locale/ta/LC_MESSAGES
Installing po/te/LC_MESSAGES/libsoup.mo to /build/libsoup/pkg/libsoup/usr/share/locale/te/LC_MESSAGES
Installing po/tg/LC_MESSAGES/libsoup.mo to /build/libsoup/pkg/libsoup/usr/share/locale/tg/LC_MESSAGES
Installing po/th/LC_MESSAGES/libsoup.mo to /build/libsoup/pkg/libsoup/usr/share/locale/th/LC_MESSAGES
Installing po/tr/LC_MESSAGES/libsoup.mo to /build/libsoup/pkg/libsoup/usr/share/locale/tr/LC_MESSAGES
Installing po/ug/LC_MESSAGES/libsoup.mo to /build/libsoup/pkg/libsoup/usr/share/locale/ug/LC_MESSAGES
Installing po/uk/LC_MESSAGES/libsoup.mo to /build/libsoup/pkg/libsoup/usr/share/locale/uk/LC_MESSAGES
Installing po/uz@cyrillic/LC_MESSAGES/libsoup.mo to /build/libsoup/pkg/libsoup/usr/share/locale/uz@cyrillic/LC_MESSAGES
Installing po/vi/LC_MESSAGES/libsoup.mo to /build/libsoup/pkg/libsoup/usr/share/locale/vi/LC_MESSAGES
Installing po/zh_CN/LC_MESSAGES/libsoup.mo to /build/libsoup/pkg/libsoup/usr/share/locale/zh_CN/LC_MESSAGES
Installing po/zh_HK/LC_MESSAGES/libsoup.mo to /build/libsoup/pkg/libsoup/usr/share/locale/zh_HK/LC_MESSAGES
Installing po/zh_TW/LC_MESSAGES/libsoup.mo to /build/libsoup/pkg/libsoup/usr/share/locale/zh_TW/LC_MESSAGES
Installing /build/libsoup/src/libsoup/libsoup/soup-address.h to /build/libsoup/pkg/libsoup/usr/include/libsoup-2.4/libsoup
Installing /build/libsoup/src/libsoup/libsoup/soup-auth.h to /build/libsoup/pkg/libsoup/usr/include/libsoup-2.4/libsoup
Installing /build/libsoup/src/libsoup/libsoup/soup-auth-domain.h to /build/libsoup/pkg/libsoup/usr/include/libsoup-2.4/libsoup
Installing /build/libsoup/src/libsoup/libsoup/soup-auth-domain-basic.h to /build/libsoup/pkg/libsoup/usr/include/libsoup-2.4/libsoup
Installing /build/libsoup/src/libsoup/libsoup/soup-auth-domain-digest.h to /build/libsoup/pkg/libsoup/usr/include/libsoup-2.4/libsoup
Installing /build/libsoup/src/libsoup/libsoup/soup-auth-manager.h to /build/libsoup/pkg/libsoup/usr/include/libsoup-2.4/libsoup
Installing /build/libsoup/src/libsoup/libsoup/soup-autocleanups.h to /build/libsoup/pkg/libsoup/usr/include/libsoup-2.4/libsoup
Installing /build/libsoup/src/libsoup/libsoup/soup-cache.h to /build/libsoup/pkg/libsoup/usr/include/libsoup-2.4/libsoup
Installing /build/libsoup/src/libsoup/libsoup/soup-content-decoder.h to /build/libsoup/pkg/libsoup/usr/include/libsoup-2.4/libsoup
Installing /build/libsoup/src/libsoup/libsoup/soup-content-sniffer.h to /build/libsoup/pkg/libsoup/usr/include/libsoup-2.4/libsoup
Installing /build/libsoup/src/libsoup/libsoup/soup-cookie.h to /build/libsoup/pkg/libsoup/usr/include/libsoup-2.4/libsoup
Installing /build/libsoup/src/libsoup/libsoup/soup-cookie-jar.h to /build/libsoup/pkg/libsoup/usr/include/libsoup-2.4/libsoup
Installing /build/libsoup/src/libsoup/libsoup/soup-cookie-jar-db.h to /build/libsoup/pkg/libsoup/usr/include/libsoup-2.4/libsoup
Installing /build/libsoup/src/libsoup/libsoup/soup-cookie-jar-text.h to /build/libsoup/pkg/libsoup/usr/include/libsoup-2.4/libsoup
Installing /build/libsoup/src/libsoup/libsoup/soup-date.h to /build/libsoup/pkg/libsoup/usr/include/libsoup-2.4/libsoup
Installing /build/libsoup/src/libsoup/libsoup/soup-form.h to /build/libsoup/pkg/libsoup/usr/include/libsoup-2.4/libsoup
Installing /build/libsoup/src/libsoup/libsoup/soup-headers.h to /build/libsoup/pkg/libsoup/usr/include/libsoup-2.4/libsoup
Installing /build/libsoup/src/libsoup/libsoup/soup-hsts-enforcer.h to /build/libsoup/pkg/libsoup/usr/include/libsoup-2.4/libsoup
Installing /build/libsoup/src/libsoup/libsoup/soup-hsts-enforcer-db.h to /build/libsoup/pkg/libsoup/usr/include/libsoup-2.4/libsoup
Installing /build/libsoup/src/libsoup/libsoup/soup-hsts-policy.h to /build/libsoup/pkg/libsoup/usr/include/libsoup-2.4/libsoup
Installing /build/libsoup/src/libsoup/libsoup/soup-logger.h to /build/libsoup/pkg/libsoup/usr/include/libsoup-2.4/libsoup
Installing /build/libsoup/src/libsoup/libsoup/soup-message.h to /build/libsoup/pkg/libsoup/usr/include/libsoup-2.4/libsoup
Installing /build/libsoup/src/libsoup/libsoup/soup-message-body.h to /build/libsoup/pkg/libsoup/usr/include/libsoup-2.4/libsoup
Installing /build/libsoup/src/libsoup/libsoup/soup-message-headers.h to /build/libsoup/pkg/libsoup/usr/include/libsoup-2.4/libsoup
Installing /build/libsoup/src/libsoup/libsoup/soup-method.h to /build/libsoup/pkg/libsoup/usr/include/libsoup-2.4/libsoup
Installing /build/libsoup/src/libsoup/libsoup/soup-misc.h to /build/libsoup/pkg/libsoup/usr/include/libsoup-2.4/libsoup
Installing /build/libsoup/src/libsoup/libsoup/soup-multipart.h to /build/libsoup/pkg/libsoup/usr/include/libsoup-2.4/libsoup
Installing /build/libsoup/src/libsoup/libsoup/soup-multipart-input-stream.h to /build/libsoup/pkg/libsoup/usr/include/libsoup-2.4/libsoup
Installing /build/libsoup/src/libsoup/libsoup/soup-password-manager.h to /build/libsoup/pkg/libsoup/usr/include/libsoup-2.4/libsoup
Installing /build/libsoup/src/libsoup/libsoup/soup-portability.h to /build/libsoup/pkg/libsoup/usr/include/libsoup-2.4/libsoup
Installing /build/libsoup/src/libsoup/libsoup/soup-proxy-resolver.h to /build/libsoup/pkg/libsoup/usr/include/libsoup-2.4/libsoup
Installing /build/libsoup/src/libsoup/libsoup/soup-proxy-resolver-default.h to /build/libsoup/pkg/libsoup/usr/include/libsoup-2.4/libsoup
Installing /build/libsoup/src/libsoup/libsoup/soup-proxy-uri-resolver.h to /build/libsoup/pkg/libsoup/usr/include/libsoup-2.4/libsoup
Installing /build/libsoup/src/libsoup/libsoup/soup-request.h to /build/libsoup/pkg/libsoup/usr/include/libsoup-2.4/libsoup
Installing /build/libsoup/src/libsoup/libsoup/soup-request-data.h to /build/libsoup/pkg/libsoup/usr/include/libsoup-2.4/libsoup
Installing /build/libsoup/src/libsoup/libsoup/soup-request-file.h to /build/libsoup/pkg/libsoup/usr/include/libsoup-2.4/libsoup
Installing /build/libsoup/src/libsoup/libsoup/soup-request-http.h to /build/libsoup/pkg/libsoup/usr/include/libsoup-2.4/libsoup
Installing /build/libsoup/src/libsoup/libsoup/soup-requester.h to /build/libsoup/pkg/libsoup/usr/include/libsoup-2.4/libsoup
Installing /build/libsoup/src/libsoup/libsoup/soup-server.h to /build/libsoup/pkg/libsoup/usr/include/libsoup-2.4/libsoup
Installing /build/libsoup/src/libsoup/libsoup/soup-session.h to /build/libsoup/pkg/libsoup/usr/include/libsoup-2.4/libsoup
Installing /build/libsoup/src/libsoup/libsoup/soup-session-async.h to /build/libsoup/pkg/libsoup/usr/include/libsoup-2.4/libsoup
Installing /build/libsoup/src/libsoup/libsoup/soup-session-feature.h to /build/libsoup/pkg/libsoup/usr/include/libsoup-2.4/libsoup
Installing /build/libsoup/src/libsoup/libsoup/soup-session-sync.h to /build/libsoup/pkg/libsoup/usr/include/libsoup-2.4/libsoup
Installing /build/libsoup/src/libsoup/libsoup/soup-socket.h to /build/libsoup/pkg/libsoup/usr/include/libsoup-2.4/libsoup
Installing /build/libsoup/src/libsoup/libsoup/soup-status.h to /build/libsoup/pkg/libsoup/usr/include/libsoup-2.4/libsoup
Installing /build/libsoup/src/libsoup/libsoup/soup-tld.h to /build/libsoup/pkg/libsoup/usr/include/libsoup-2.4/libsoup
Installing /build/libsoup/src/libsoup/libsoup/soup-types.h to /build/libsoup/pkg/libsoup/usr/include/libsoup-2.4/libsoup
Installing /build/libsoup/src/libsoup/libsoup/soup-uri.h to /build/libsoup/pkg/libsoup/usr/include/libsoup-2.4/libsoup
Installing /build/libsoup/src/libsoup/libsoup/soup-value-utils.h to /build/libsoup/pkg/libsoup/usr/include/libsoup-2.4/libsoup
Installing /build/libsoup/src/libsoup/libsoup/soup-websocket.h to /build/libsoup/pkg/libsoup/usr/include/libsoup-2.4/libsoup
Installing /build/libsoup/src/libsoup/libsoup/soup-websocket-connection.h to /build/libsoup/pkg/libsoup/usr/include/libsoup-2.4/libsoup
Installing /build/libsoup/src/libsoup/libsoup/soup-websocket-extension.h to /build/libsoup/pkg/libsoup/usr/include/libsoup-2.4/libsoup
Installing /build/libsoup/src/libsoup/libsoup/soup-websocket-extension-deflate.h to /build/libsoup/pkg/libsoup/usr/include/libsoup-2.4/libsoup
Installing /build/libsoup/src/libsoup/libsoup/soup-websocket-extension-manager.h to /build/libsoup/pkg/libsoup/usr/include/libsoup-2.4/libsoup
Installing /build/libsoup/src/libsoup/libsoup/soup-xmlrpc.h to /build/libsoup/pkg/libsoup/usr/include/libsoup-2.4/libsoup
Installing /build/libsoup/src/libsoup/libsoup/soup-xmlrpc-old.h to /build/libsoup/pkg/libsoup/usr/include/libsoup-2.4/libsoup
Installing /build/libsoup/src/libsoup/libsoup/soup.h to /build/libsoup/pkg/libsoup/usr/include/libsoup-2.4/libsoup
Installing /build/libsoup/src/libsoup/libsoup/soup-cookie-jar-sqlite.h to /build/libsoup/pkg/libsoup/usr/include/libsoup-gnome-2.4/libsoup
Installing /build/libsoup/src/libsoup/libsoup/soup-gnome-features.h to /build/libsoup/pkg/libsoup/usr/include/libsoup-gnome-2.4/libsoup
Installing /build/libsoup/src/libsoup/libsoup/soup-gnome.h to /build/libsoup/pkg/libsoup/usr/include/libsoup-gnome-2.4/libsoup
Installing /build/libsoup/src/build/libsoup/soup-version.h to /build/libsoup/pkg/libsoup/usr/include/libsoup-2.4/libsoup
Installing /build/libsoup/src/build/meson-private/libsoup-2.4.pc to /build/libsoup/pkg/libsoup/usr/lib/pkgconfig
Installing /build/libsoup/src/build/meson-private/libsoup-gnome-2.4.pc to /build/libsoup/pkg/libsoup/usr/lib/pkgconfig
Installing /build/libsoup/src/build/meson-private/libsoup-2.4.deps to /build/libsoup/pkg/libsoup/usr/share/vala/vapi
Installing symlink pointing to libsoup-2.4.so.1.11.2 to /build/libsoup/pkg/libsoup/usr/lib/libsoup-2.4.so.1
Installing symlink pointing to libsoup-2.4.so.1 to /build/libsoup/pkg/libsoup/usr/lib/libsoup-2.4.so
Installing symlink pointing to libsoup-gnome-2.4.so.1.11.2 to /build/libsoup/pkg/libsoup/usr/lib/libsoup-gnome-2.4.so.1
Installing symlink pointing to libsoup-gnome-2.4.so.1 to /build/libsoup/pkg/libsoup/usr/lib/libsoup-gnome-2.4.so
Running custom install script '/usr/bin/meson --internal gtkdoc --sourcedir=/build/libsoup/src/libsoup --builddir=/build/libsoup/src/build --subdir=docs/reference --headerdirs=/build/libsoup/src/libsoup/libsoup@@/build/libsoup/src/build/libsoup --mainfile=libsoup-2.4-docs.sgml --modulename=libsoup-2.4 --moduleversion= --mode=auto --gtkdoc-scan=/usr/bin/gtkdoc-scan --gtkdoc-scangobj=/usr/bin/gtkdoc-scangobj --gtkdoc-mkdb=/usr/bin/gtkdoc-mkdb --gtkdoc-mkhtml=/usr/bin/gtkdoc-mkhtml --gtkdoc-fixxref=/usr/bin/gtkdoc-fixxref --namespace=soup --htmlargs= --scanargs=--deprecated-guards=SOUP_DISABLE_DEPRECATED@@--rebuild-types@@--ignore-decorators="SOUP_DEPRECATED\\w*\\s*()|SOUP_DEPRECATED\\w*|SOUP_AVAILABLE[\\w_]*" --scanobjsargs= --gobjects-types-file= --fixxrefargs= --mkdbargs=--sgml-mode@@--output-format=xml --html-assets= --content-files=/build/libsoup/src/libsoup/docs/reference/build-howto.xml@@/build/libsoup/src/libsoup/docs/reference/client-howto.xml@@/build/libsoup/src/libsoup/docs/reference/request-howto.xml@@/build/libsoup/src/libsoup/docs/reference/server-howto.xml@@/build/libsoup/src/libsoup/docs/reference/session-porting.xml --expand-content-files= --ignore-headers=soup.h@@soup-autocleanups.h@@soup-enum-types.h@@soup-message-private.h@@soup-session-private.h@@soup-auth-basic.h@@soup-auth-digest.h@@soup-auth-ntlm.h@@soup-auth-negotiate.h@@soup-brotli-decompressor.h@@soup-connection.h@@soup-connection-auth.h@@soup-message-queue.h@@soup-path-map.h@@soup-gnome-features.h@@soup-proxy-resolver.h@@soup-proxy-resolver-gnome.h@@soup-proxy-resolver-static.h@@soup-directory-input-stream.h@@soup-http-input-stream.h@@soup-password-manager.h@@soup-password-manager-gnome.h@@soup-converter-wrapper.h@@soup-body-input-stream.h@@soup-body-output-stream.h@@soup-client-input-stream.h@@soup-content-processor.h@@soup-content-sniffer-stream.h@@soup-io-stream.h@@soup-cache-input-stream.h@@soup-filter-input-stream.h@@soup-cookie-jar-sqlite.h@@soup-requester.h@@soup-misc-private.h@@soup-proxy-uri-resolver.h@@soup-proxy-resolver-wrapper.h@@soup-proxy-uri-resolver.h@@soup-cache-private.h@@soup-cache-client-input-stream.h@@soup-socket-private.h@@soup-value-utils.h@@soup-websocket-extension-manager-private.h@@soup-xmlrpc-old.h --installdir= --cc=cc --ld=cc --cflags=-I/build/libsoup/src/libsoup/. -I/build/libsoup/src/build/. -I/usr/include/sysprof-6 -pthread -I/usr/include/glib-2.0 -I/usr/lib/glib-2.0/include -I/usr/include/libmount -I/usr/include/blkid -I/usr/include/libxml2 -march=x86-64 -mtune=generic -O2 -pipe -fno-plt -fexceptions -Wp,-D_FORTIFY_SOURCE=3 -Wformat -Werror=format-security -fstack-clash-protection -fcf-protection -fno-omit-frame-pointer -mno-omit-leaf-frame-pointer -g -ffile-prefix-map=/build/libsoup/src=/usr/src/debug/libsoup -flto=auto -D_DEFAULT_SOURCE -DHAVE_CONFIG_H -Wall -Wmissing-include-dirs -Wpointer-arith -Winit-self -Wdeclaration-after-statement -Werror=missing-prototypes -Werror=implicit-function-declaration -Werror=aggregate-return -Werror=format=2 -Wstrict-prototypes -Wno-format-zero-length -DLIBSOUP_HAVE_GSSAPI=1 -DUSE_NTLM_AUTH=1 \'-DNTLM_AUTH="/usr/bin/ntlm_auth"\' --ldflags=-L/build/libsoup/src/build/libsoup -Wl,-rpath,/build/libsoup/src/build/libsoup -lsoup-2.4 -lsysprof-capture-4 -pthread -lglib-2.0 -lgmodule-2.0 -lgobject-2.0 -lgio-2.0 -lxml2 -lsqlite3 -lpsl -lbrotlidec -lz -Wl,-O1 -Wl,--sort-common -Wl,--as-needed -Wl,-z,relro -Wl,-z,now -Wl,-z,pack-relative-relocs -flto=auto -march=x86-64 -mtune=generic -O2 -pipe -fno-plt -fexceptions -Wp,-D_FORTIFY_SOURCE=3 -Wformat -Werror=format-security -fstack-clash-protection -fcf-protection -fno-omit-frame-pointer -mno-omit-leaf-frame-pointer -g -ffile-prefix-map=/build/libsoup/src=/usr/src/debug/libsoup -flto=auto'
