checking for a BSD-compatible install... /usr/bin/install -c
checking whether sleep supports fractional seconds... yes
checking filesystem timestamp resolution... 0.01
checking whether build environment is sane... yes
checking for a race-free mkdir -p... /usr/bin/mkdir -p
checking for gawk... gawk
checking whether make sets $(MAKE)... yes
checking whether make supports nested variables... yes
checking xargs -n works... yes
checking whether UID '1000' is supported by ustar format... yes
checking whether GID '1000' is supported by ustar format... yes
checking how to create a ustar tar archive... gnutar
checking for gcc... gcc
checking whether the C compiler works... yes
checking for C compiler default output file name... a.out
checking for suffix of executables... 
checking whether we are cross compiling... no
checking for suffix of object files... o
checking whether the compiler supports GNU C... yes
checking whether gcc accepts -g... yes
checking for gcc option to enable C23 features... none needed
checking whether gcc understands -c and -o together... yes
checking whether make supports the include directive... yes (GNU style)
checking dependency style of gcc... none
checking build system type... x86_64-pc-linux-gnu
checking host system type... x86_64-pc-linux-gnu
checking how to print strings... printf
checking for a sed that does not truncate output... /usr/bin/sed
checking for grep that handles long lines and -e... /usr/bin/grep
checking for egrep... /usr/bin/grep -E
checking for fgrep... /usr/bin/grep -F
checking for ld used by gcc... /usr/bin/ld
checking if the linker (/usr/bin/ld) is GNU ld... yes
checking for BSD- or MS-compatible name lister (nm)... /usr/bin/nm -B
checking the name lister (/usr/bin/nm -B) interface... BSD nm
checking whether ln -s works... yes
checking the maximum length of command line arguments... 1572864
checking how to convert x86_64-pc-linux-gnu file names to x86_64-pc-linux-gnu format... func_convert_file_noop
checking how to convert x86_64-pc-linux-gnu file names to toolchain format... func_convert_file_noop
checking for /usr/bin/ld option to reload object files... -r
checking for file... file
checking for objdump... objdump
checking how to recognize dependent libraries... pass_all
checking for dlltool... no
checking how to associate runtime and link libraries... printf %s\n
checking for ranlib... ranlib
checking for ar... ar
checking for archiver @FILE support... @
checking for strip... strip
checking command to parse /usr/bin/nm -B output from gcc object... ok
checking for sysroot... no
checking for a working dd... /usr/bin/dd
checking how to truncate binary pipes... /usr/bin/dd bs=4096 count=1
checking for mt... no
checking if : is a manifest tool... no
checking for stdio.h... yes
checking for stdlib.h... yes
checking for string.h... yes
checking for inttypes.h... yes
checking for stdint.h... yes
checking for strings.h... yes
checking for sys/stat.h... yes
checking for sys/types.h... yes
checking for unistd.h... yes
checking for dlfcn.h... yes
checking which variant of shared library versioning to provide... (default) aix
checking for objdir... .libs
checking if gcc supports -fno-rtti -fno-exceptions... no
checking for gcc option to produce PIC... -fPIC -DPIC
checking if gcc PIC flag -fPIC -DPIC works... yes
checking if gcc static flag -static works... yes
checking if gcc supports -c -o file.o... yes
checking if gcc supports -c -o file.o... (cached) yes
checking whether the gcc linker (/usr/bin/ld -m elf_x86_64) supports shared libraries... yes
checking whether -lc should be explicitly linked in... no
checking dynamic linker characteristics... GNU/Linux ld.so
checking how to hardcode library paths into programs... immediate
checking whether stripping libraries is possible... yes
checking if libtool supports shared libraries... yes
checking whether to build shared libraries... yes
checking whether to build static libraries... yes
checking whether we should treat compiler warnings as errors... no
checking for size_t... yes
checking for ssize_t... yes
checking for socket... yes
checking for inet_addr... yes
checking for stdatomic.h... yes
checking for sys/queue.h... yes
checking for linux/if_addr.h... yes
checking for linux/rtnetlink.h... yes
checking for netinet/ip_icmp.h... yes
checking for struct sockaddr.sa_len... no
checking for struct sockaddr_in.sin_len... no
checking for struct sockaddr_in6.sin6_len... no
checking for struct sockaddr_conn.sconn_len... no
checking for socklen_t... yes
checking whether byte ordering is bigendian... no
checking that generated files are newer than configure... done
configure: creating ./config.status
config.status: creating usrsctplib/Makefile
config.status: creating programs/Makefile
config.status: creating Makefile
config.status: executing depfiles commands
config.status: executing libtool commands
Making all in usrsctplib
make[1]: Entering directory '/build/libusrsctp/src/_build/usrsctplib'
  CC       libusrsctp_la-user_environment.lo
  CC       libusrsctp_la-user_mbuf.lo
  CC       libusrsctp_la-user_recv_thread.lo
  CC       libusrsctp_la-user_socket.lo
  CC       netinet/libusrsctp_la-sctp_asconf.lo
  CC       netinet/libusrsctp_la-sctp_auth.lo
  CC       netinet/libusrsctp_la-sctp_bsd_addr.lo
  CC       netinet/libusrsctp_la-sctp_callout.lo
  CC       netinet/libusrsctp_la-sctp_cc_functions.lo
  CC       netinet/libusrsctp_la-sctp_crc32.lo
  CC       netinet/libusrsctp_la-sctp_indata.lo
  CC       netinet/libusrsctp_la-sctp_input.lo
  CC       netinet/libusrsctp_la-sctp_output.lo
  CC       netinet/libusrsctp_la-sctp_pcb.lo
  CC       netinet/libusrsctp_la-sctp_peeloff.lo
  CC       netinet/libusrsctp_la-sctp_sha1.lo
  CC       netinet/libusrsctp_la-sctp_ss_functions.lo
  CC       netinet/libusrsctp_la-sctp_sysctl.lo
  CC       netinet/libusrsctp_la-sctp_userspace.lo
  CC       netinet/libusrsctp_la-sctp_timer.lo
../../usrsctp-0.9.5.0/usrsctplib/netinet/sctp_cc_functions.c: In function 'sctp_cwnd_update_after_sack_common':
../../usrsctp-0.9.5.0/usrsctplib/netinet/sctp_cc_functions.c:767:30: warning: variable 't_cwnd' set but not used [-Wunused-but-set-variable=]
  767 |         uint32_t t_ssthresh, t_cwnd, incr;
      |                              ^~~~~~
../../usrsctp-0.9.5.0/usrsctplib/user_socket.c: In function 'sctp_userspace_ip_output':
../../usrsctp-0.9.5.0/usrsctplib/user_socket.c:2860:13: warning: variable 'send_count' set but not used [-Wunused-but-set-variable=]
 2860 |         int send_count;
      |             ^~~~~~~~~~
../../usrsctp-0.9.5.0/usrsctplib/user_socket.c: In function 'sctp_userspace_ip6_output':
../../usrsctp-0.9.5.0/usrsctplib/user_socket.c:3005:13: warning: variable 'send_count' set but not used [-Wunused-but-set-variable=]
 3005 |         int send_count;
      |             ^~~~~~~~~~
  CC       netinet/libusrsctp_la-sctp_usrreq.lo
../../usrsctp-0.9.5.0/usrsctplib/netinet/sctp_indata.c: In function 'sctp_strike_gap_ack_chunks':
../../usrsctp-0.9.5.0/usrsctplib/netinet/sctp_indata.c:3323:13: warning: variable 'tot_retrans' set but not used [-Wunused-but-set-variable=]
 3323 |         int tot_retrans = 0;
      |             ^~~~~~~~~~~
../../usrsctp-0.9.5.0/usrsctplib/netinet/sctp_output.c: In function 'sctp_chunk_retransmission':
../../usrsctp-0.9.5.0/usrsctplib/netinet/sctp_output.c:9973:40: warning: variable 'cnt_thru' set but not used [-Wunused-but-set-variable=]
 9973 |         int no_fragmentflg, bundle_at, cnt_thru;
      |                                        ^~~~~~~~
../../usrsctp-0.9.5.0/usrsctplib/netinet/sctp_output.c: In function 'sctp_lower_sosend':
../../usrsctp-0.9.5.0/usrsctplib/netinet/sctp_output.c:13419:20: warning: variable 'len' set but not used [-Wunused-but-set-variable=]
13419 |         int error, len;
      |                    ^~~
  CC       netinet/libusrsctp_la-sctputil.lo
  CC       netinet6/libusrsctp_la-sctp6_usrreq.lo
../../usrsctp-0.9.5.0/usrsctplib/netinet/sctp_usrreq.c: In function 'sctp_setopt':
../../usrsctp-0.9.5.0/usrsctplib/netinet/sctp_usrreq.c:5489:29: warning: variable 'cnt' set but not used [-Wunused-but-set-variable=]
 5489 |                         int cnt;
      |                             ^~~
  CCLD     libusrsctp.la
make[1]: Leaving directory '/build/libusrsctp/src/_build/usrsctplib'
Making all in programs
make[1]: Entering directory '/build/libusrsctp/src/_build/programs'
  CC       programs_helper.o
  CC       test_libmgmt.o
  CC       test_timer.o
  CC       chargen_server_upcall.o
  CC       tsctp.o
  CC       daytime_server.o
  CC       daytime_server_upcall.o
  CC       discard_server.o
  CC       discard_server_upcall.o
  CC       echo_server.o
  CC       echo_server_upcall.o
  CC       client.o
  CC       client_upcall.o
  CC       rtcweb.o
  CC       ekr_client.o
  CC       ekr_server.o
  CC       ekr_loop.o
  CC       ekr_peer.o
  CC       ekr_loop_upcall.o
  CC       http_client.o
  CC       http_client_upcall.o
  CC       st_client.o
  CCLD     test_timer
  CCLD     test_libmgmt
  CCLD     daytime_server_upcall
  CCLD     chargen_server_upcall
  CCLD     daytime_server
  CCLD     discard_server
  CCLD     discard_server_upcall
  CCLD     echo_server
  CCLD     echo_server_upcall
  CCLD     client_upcall
  CCLD     ekr_client
  CCLD     client
  CCLD     ekr_server
  CCLD     ekr_peer
  CCLD     http_client
  CCLD     http_client_upcall
  CCLD     ekr_loop_upcall
  CCLD     tsctp
  CCLD     ekr_loop
  CCLD     st_client
  CCLD     rtcweb
make[1]: Leaving directory '/build/libusrsctp/src/_build/programs'
make[1]: Entering directory '/build/libusrsctp/src/_build'
make[1]: Nothing to be done for 'all-am'.
make[1]: Leaving directory '/build/libusrsctp/src/_build'
