make: Entering directory '/build/libusrsctp/src/_build'
Making install in usrsctplib
make[1]: Entering directory '/build/libusrsctp/src/_build/usrsctplib'
make[2]: Entering directory '/build/libusrsctp/src/_build/usrsctplib'
 /usr/bin/mkdir -p '/build/libusrsctp/pkg/libusrsctp//usr/lib'
 /usr/bin/mkdir -p '/build/libusrsctp/pkg/libusrsctp//usr/include'
 /bin/sh ../libtool   --mode=install /usr/bin/install -c   libusrsctp.la '/build/libusrsctp/pkg/libusrsctp//usr/lib'
 /usr/bin/install -c -m 644 ../../usrsctp-0.9.5.0/usrsctplib/usrsctp.h '/build/libusrsctp/pkg/libusrsctp//usr/include'
libtool: install: /usr/bin/install -c .libs/libusrsctp.so.2.0.0 /build/libusrsctp/pkg/libusrsctp//usr/lib/libusrsctp.so.2.0.0
libtool: install: (cd /build/libusrsctp/pkg/libusrsctp//usr/lib && { ln -s -f libusrsctp.so.2.0.0 libusrsctp.so.2 || { rm -f libusrsctp.so.2 && ln -s libusrsctp.so.2.0.0 libusrsctp.so.2; }; })
libtool: install: (cd /build/libusrsctp/pkg/libusrsctp//usr/lib && { ln -s -f libusrsctp.so.2.0.0 libusrsctp.so || { rm -f libusrsctp.so && ln -s libusrsctp.so.2.0.0 libusrsctp.so; }; })
libtool: install: /usr/bin/install -c .libs/libusrsctp.lai /build/libusrsctp/pkg/libusrsctp//usr/lib/libusrsctp.la
libtool: install: /usr/bin/install -c .libs/libusrsctp.a /build/libusrsctp/pkg/libusrsctp//usr/lib/libusrsctp.a
libtool: install: chmod 644 /build/libusrsctp/pkg/libusrsctp//usr/lib/libusrsctp.a
libtool: install: ranlib /build/libusrsctp/pkg/libusrsctp//usr/lib/libusrsctp.a
libtool: warning: remember to run 'libtool --finish /usr/lib'
make[2]: Leaving directory '/build/libusrsctp/src/_build/usrsctplib'
make[1]: Leaving directory '/build/libusrsctp/src/_build/usrsctplib'
Making install in programs
make[1]: Entering directory '/build/libusrsctp/src/_build/programs'
make[2]: Entering directory '/build/libusrsctp/src/_build/programs'
make[2]: Nothing to be done for 'install-exec-am'.
make[2]: Nothing to be done for 'install-data-am'.
make[2]: Leaving directory '/build/libusrsctp/src/_build/programs'
make[1]: Leaving directory '/build/libusrsctp/src/_build/programs'
make[1]: Entering directory '/build/libusrsctp/src/_build'
make[2]: Entering directory '/build/libusrsctp/src/_build'
make[2]: Nothing to be done for 'install-exec-am'.
make[2]: Nothing to be done for 'install-data-am'.
make[2]: Leaving directory '/build/libusrsctp/src/_build'
make[1]: Leaving directory '/build/libusrsctp/src/_build'
make: Leaving directory '/build/libusrsctp/src/_build'
