libtoolize: putting auxiliary files in '.'.
libtoolize: linking file './ltmain.sh'
libtoolize: putting macros in AC_CONFIG_MACRO_DIRS, 'm4'.
libtoolize: linking file 'm4/libtool.m4'
libtoolize: linking file 'm4/ltoptions.m4'
libtoolize: linking file 'm4/ltsugar.m4'
libtoolize: linking file 'm4/ltversion.m4'
libtoolize: linking file 'm4/lt~obsolete.m4'
configure.ac:35: warning: The macro 'AC_PROG_LIBTOOL' is obsolete.
configure.ac:35: You should run autoupdate.
aclocal.m4:1417: AC_PROG_LIBTOOL is expanded from...
configure.ac:35: the top level
configure.ac:84: warning: The macro 'AC_HELP_STRING' is obsolete.
configure.ac:84: You should run autoupdate.
./lib/autoconf/general.m4:205: AC_HELP_STRING is expanded from...
configure.ac:84: the top level
configure.ac:95: warning: The macro 'AC_HELP_STRING' is obsolete.
configure.ac:95: You should run autoupdate.
./lib/autoconf/general.m4:205: AC_HELP_STRING is expanded from...
configure.ac:95: the top level
configure.ac:103: warning: The macro 'AC_HELP_STRING' is obsolete.
configure.ac:103: You should run autoupdate.
./lib/autoconf/general.m4:205: AC_HELP_STRING is expanded from...
configure.ac:103: the top level
configure.ac:112: warning: The macro 'AC_HELP_STRING' is obsolete.
configure.ac:112: You should run autoupdate.
./lib/autoconf/general.m4:205: AC_HELP_STRING is expanded from...
configure.ac:112: the top level
configure.ac:121: warning: The macro 'AC_HELP_STRING' is obsolete.
configure.ac:121: You should run autoupdate.
./lib/autoconf/general.m4:205: AC_HELP_STRING is expanded from...
configure.ac:121: the top level
configure.ac:130: warning: The macro 'AC_HELP_STRING' is obsolete.
configure.ac:130: You should run autoupdate.
./lib/autoconf/general.m4:205: AC_HELP_STRING is expanded from...
configure.ac:130: the top level
configure.ac:173: warning: The macro 'AC_TRY_COMPILE' is obsolete.
configure.ac:173: You should run autoupdate.
./lib/autoconf/general.m4:2903: AC_TRY_COMPILE is expanded from...
configure.ac:173: the top level
configure.ac:188: warning: AC_C_BIGENDIAN should be used with AC_CONFIG_HEADERS
configure.ac:34: installing './compile'
configure.ac:35: installing './config.guess'
configure.ac:35: installing './config.sub'
configure.ac:32: installing './install-sh'
configure.ac:32: installing './missing'
programs/Makefile.am: installing './depcomp'
