Making check in libvirt-sandbox
make[1]: Entering directory '/build/libvirt-sandbox/src/libvirt-sandbox-0.8.0/libvirt-sandbox'
make  check-recursive
make[2]: Entering directory '/build/libvirt-sandbox/src/libvirt-sandbox-0.8.0/libvirt-sandbox'
Making check in tests
make[3]: Entering directory '/build/libvirt-sandbox/src/libvirt-sandbox-0.8.0/libvirt-sandbox/tests'
make  test-config
make[4]: Entering directory '/build/libvirt-sandbox/src/libvirt-sandbox-0.8.0/libvirt-sandbox/tests'
  CC       test_config-test-config.o
  CCLD     test-config
make[4]: Leaving directory '/build/libvirt-sandbox/src/libvirt-sandbox-0.8.0/libvirt-sandbox/tests'
make  check-TESTS
make[4]: Entering directory '/build/libvirt-sandbox/src/libvirt-sandbox-0.8.0/libvirt-sandbox/tests'
make[5]: Entering directory '/build/libvirt-sandbox/src/libvirt-sandbox-0.8.0/libvirt-sandbox/tests'
PASS: test-config
============================================================================
Testsuite summary for libvirt-sandbox 0.8.0
============================================================================
# TOTAL: 1
# PASS:  1
# SKIP:  0
# XFAIL: 0
# FAIL:  0
# XPASS: 0
# ERROR: 0
============================================================================
make[5]: Leaving directory '/build/libvirt-sandbox/src/libvirt-sandbox-0.8.0/libvirt-sandbox/tests'
make[4]: Leaving directory '/build/libvirt-sandbox/src/libvirt-sandbox-0.8.0/libvirt-sandbox/tests'
make[3]: Leaving directory '/build/libvirt-sandbox/src/libvirt-sandbox-0.8.0/libvirt-sandbox/tests'
make[3]: Entering directory '/build/libvirt-sandbox/src/libvirt-sandbox-0.8.0/libvirt-sandbox'
make[3]: Nothing to be done for 'check-am'.
make[3]: Leaving directory '/build/libvirt-sandbox/src/libvirt-sandbox-0.8.0/libvirt-sandbox'
make[2]: Leaving directory '/build/libvirt-sandbox/src/libvirt-sandbox-0.8.0/libvirt-sandbox'
make[1]: Leaving directory '/build/libvirt-sandbox/src/libvirt-sandbox-0.8.0/libvirt-sandbox'
Making check in bin
make[1]: Entering directory '/build/libvirt-sandbox/src/libvirt-sandbox-0.8.0/bin'
make[1]: Nothing to be done for 'check'.
make[1]: Leaving directory '/build/libvirt-sandbox/src/libvirt-sandbox-0.8.0/bin'
Making check in examples
make[1]: Entering directory '/build/libvirt-sandbox/src/libvirt-sandbox-0.8.0/examples'
make[1]: Nothing to be done for 'check'.
make[1]: Leaving directory '/build/libvirt-sandbox/src/libvirt-sandbox-0.8.0/examples'
Making check in docs
make[1]: Entering directory '/build/libvirt-sandbox/src/libvirt-sandbox-0.8.0/docs'
Making check in libvirt-sandbox
make[2]: Entering directory '/build/libvirt-sandbox/src/libvirt-sandbox-0.8.0/docs/libvirt-sandbox'
make[2]: Nothing to be done for 'check'.
make[2]: Leaving directory '/build/libvirt-sandbox/src/libvirt-sandbox-0.8.0/docs/libvirt-sandbox'
make[2]: Entering directory '/build/libvirt-sandbox/src/libvirt-sandbox-0.8.0/docs'
make[2]: Nothing to be done for 'check-am'.
make[2]: Leaving directory '/build/libvirt-sandbox/src/libvirt-sandbox-0.8.0/docs'
make[1]: Leaving directory '/build/libvirt-sandbox/src/libvirt-sandbox-0.8.0/docs'
Making check in po
make[1]: Entering directory '/build/libvirt-sandbox/src/libvirt-sandbox-0.8.0/po'
grep: warning: stray \ before #
grep: warning: stray \ before #
grep: warning: stray \ before #
INTLTOOL_EXTRACT="/usr/bin/intltool-extract" XGETTEXT="/usr/bin/xgettext" srcdir=. /usr/bin/intltool-update --gettext-package libvirt-sandbox --pot
rm -f missing notexist
srcdir=. /usr/bin/intltool-update -m
if [ -r missing -o -r notexist ]; then \
  exit 1; \
fi
make[1]: Leaving directory '/build/libvirt-sandbox/src/libvirt-sandbox-0.8.0/po'
make[1]: Entering directory '/build/libvirt-sandbox/src/libvirt-sandbox-0.8.0'
make[1]: Leaving directory '/build/libvirt-sandbox/src/libvirt-sandbox-0.8.0'
