-- The CXX compiler identification is GNU 16.2.1
-- Detecting CXX compiler ABI info
-- Detecting CXX compiler ABI info - done
-- Check for working CXX compiler: /usr/bin/c++ - skipped
-- Detecting CXX compile features
-- Detecting CXX compile features - done
-- Performing Test CMAKE_HAVE_LIBC_PTHREAD
-- Performing Test CMAKE_HAVE_LIBC_PTHREAD - Success
-- Found Threads: TRUE
-- Performing Test HAVE_STDATOMIC
-- Performing Test HAVE_STDATOMIC - Success
-- Found WrapAtomic: TRUE
-- Found OpenGL: /usr/lib/libOpenGL.so
-- Found WrapOpenGL: TRUE
-- Could NOT find WrapVulkanHeaders (missing: Vulkan_INCLUDE_DIR) 
-- Could NOT find WrapVulkanHeaders (missing: Vulkan_INCLUDE_DIR) 
-- Found X11: /usr/include
-- Looking for XOpenDisplay in /usr/lib/libX11.so;/usr/lib/libXext.so
-- Looking for XOpenDisplay in /usr/lib/libX11.so;/usr/lib/libXext.so - found
-- Looking for gethostbyname
-- Looking for gethostbyname - found
-- Looking for connect
-- Looking for connect - found
-- Looking for remove
-- Looking for remove - found
-- Looking for shmat
-- Looking for shmat - found
-- Looking for IceConnectionNumber in ICE
-- Looking for IceConnectionNumber in ICE - found
-- Configuring done (1.4s)
-- Generating done (0.0s)
-- Build files have been written to: /build/linux-explorer/src/build
[1/38] Automatic MOC and UIC for target explorer
[2/38] Automatic RCC for src/ui/win7ui.qrc
[3/38] Building CXX object CMakeFiles/explorer.dir/src/aero/icons.cpp.o
[4/38] Building CXX object CMakeFiles/explorer.dir/src/aero/sounds.cpp.o
[5/38] Building CXX object CMakeFiles/explorer.dir/src/aero/capacitybar.cpp.o
[6/38] Building CXX object CMakeFiles/explorer.dir/src/data/Settings.cpp.o
[7/38] Building CXX object CMakeFiles/explorer.dir/src/model/DriveLabel.cpp.o
[8/38] Building CXX object CMakeFiles/explorer.dir/src/data/AutoMount.cpp.o
[9/38] Building CXX object CMakeFiles/explorer.dir/src/ui/AboutDialog.cpp.o
[10/38] Building CXX object CMakeFiles/explorer.dir/src/aero/artwork.cpp.o
[11/38] Building CXX object CMakeFiles/explorer.dir/src/aero/taskdialog.cpp.o
[12/38] Building CXX object CMakeFiles/explorer.dir/explorer_autogen/YPKJ5OE7LN/qrc_win7ui.cpp.o
[13/38] Building CXX object CMakeFiles/explorer.dir/src/data/Branding.cpp.o
[14/38] Building CXX object CMakeFiles/explorer.dir/src/aero/strips.cpp.o
[15/38] Building CXX object CMakeFiles/explorer.dir/src/aero/buttons.cpp.o
[16/38] Building CXX object CMakeFiles/explorer.dir/src/model/Archives.cpp.o
[17/38] Building CXX object CMakeFiles/explorer.dir/src/aero/arrows.cpp.o
[18/38] Building CXX object CMakeFiles/explorer.dir/src/aero/text.cpp.o
[19/38] Building CXX object CMakeFiles/explorer.dir/src/aero/listview.cpp.o
[20/38] Building CXX object CMakeFiles/explorer.dir/src/ui/AccessDialogs.cpp.o
[21/38] Building CXX object CMakeFiles/explorer.dir/src/ui/FileProgressDialog.cpp.o
[22/38] Building CXX object CMakeFiles/explorer.dir/src/main.cpp.o
[23/38] Building CXX object CMakeFiles/explorer.dir/src/model/ComputerModel.cpp.o
[24/38] Building CXX object CMakeFiles/explorer.dir/src/data/FileManagerService.cpp.o
[25/38] Building CXX object CMakeFiles/explorer.dir/src/model/FileOps.cpp.o
[26/38] Building CXX object CMakeFiles/explorer.dir/src/model/GroupingProxy.cpp.o
[27/38] Building CXX object CMakeFiles/explorer.dir/src/ui/ComputerView.cpp.o
[28/38] Building CXX object CMakeFiles/explorer.dir/src/model/DirectoryModel.cpp.o
[29/38] Building CXX object CMakeFiles/explorer.dir/explorer_autogen/mocs_compilation.cpp.o
[30/38] Building CXX object CMakeFiles/explorer.dir/src/ui/MapDriveDialog.cpp.o
[31/38] Building CXX object CMakeFiles/explorer.dir/src/ui/OptionsDialog.cpp.o
[32/38] Building CXX object CMakeFiles/explorer.dir/src/ui/MountDialog.cpp.o
[33/38] Building CXX object CMakeFiles/explorer.dir/src/ui/PreviewPane.cpp.o
[34/38] Building CXX object CMakeFiles/explorer.dir/src/ui/DetailsPane.cpp.o
[35/38] Building CXX object CMakeFiles/explorer.dir/src/ui/FileView.cpp.o
[36/38] Building CXX object CMakeFiles/explorer.dir/src/ui/MainWindow.cpp.o
[37/38] Building CXX object CMakeFiles/explorer.dir/src/ui/NavigationPane.cpp.o
[38/38] Linking CXX executable explorer
