lyrionmusicserver-bin E: ELF files outside of a valid path ('opt/').
lyrionmusicserver-bin W: ELF file ('opt/lyrionmusicserver-bin/Bin/x86_64-linux/faad') lacks FULL RELRO, check LDFLAGS.
lyrionmusicserver-bin W: ELF file ('opt/lyrionmusicserver-bin/Bin/x86_64-linux/flac') lacks FULL RELRO, check LDFLAGS.
lyrionmusicserver-bin W: ELF file ('opt/lyrionmusicserver-bin/Bin/x86_64-linux/mac') lacks FULL RELRO, check LDFLAGS.
lyrionmusicserver-bin W: ELF file ('opt/lyrionmusicserver-bin/Bin/x86_64-linux/sox') lacks FULL RELRO, check LDFLAGS.
lyrionmusicserver-bin W: ELF file ('opt/lyrionmusicserver-bin/Bin/x86_64-linux/wvunpack') lacks FULL RELRO, check LDFLAGS.
lyrionmusicserver-bin W: ELF file ('opt/lyrionmusicserver-bin/CPAN/arch/5.40/aarch64-linux-thread-multi/auto/Audio/Scan/Scan.so') lacks FULL RELRO, check LDFLAGS.
lyrionmusicserver-bin W: ELF file ('opt/lyrionmusicserver-bin/CPAN/arch/5.40/aarch64-linux-thread-multi/auto/Class/XSAccessor/XSAccessor.so') lacks FULL RELRO, check LDFLAGS.
lyrionmusicserver-bin W: ELF file ('opt/lyrionmusicserver-bin/CPAN/arch/5.40/aarch64-linux-thread-multi/auto/DBD/SQLite/SQLite.so') lacks FULL RELRO, check LDFLAGS.
lyrionmusicserver-bin W: ELF file ('opt/lyrionmusicserver-bin/CPAN/arch/5.40/aarch64-linux-thread-multi/auto/DBI/DBI.so') lacks FULL RELRO, check LDFLAGS.
lyrionmusicserver-bin W: ELF file ('opt/lyrionmusicserver-bin/CPAN/arch/5.40/aarch64-linux-thread-multi/auto/Digest/SHA1/SHA1.so') lacks FULL RELRO, check LDFLAGS.
lyrionmusicserver-bin W: ELF file ('opt/lyrionmusicserver-bin/CPAN/arch/5.40/aarch64-linux-thread-multi/auto/EV/EV.so') lacks FULL RELRO, check LDFLAGS.
lyrionmusicserver-bin W: ELF file ('opt/lyrionmusicserver-bin/CPAN/arch/5.40/aarch64-linux-thread-multi/auto/Encode/Detect/Detector/Detector.so') lacks FULL RELRO, check LDFLAGS.
lyrionmusicserver-bin W: ELF file ('opt/lyrionmusicserver-bin/CPAN/arch/5.40/aarch64-linux-thread-multi/auto/HTML/Parser/Parser.so') lacks FULL RELRO, check LDFLAGS.
lyrionmusicserver-bin W: ELF file ('opt/lyrionmusicserver-bin/CPAN/arch/5.40/aarch64-linux-thread-multi/auto/IO/AIO/AIO.so') lacks FULL RELRO, check LDFLAGS.
lyrionmusicserver-bin W: ELF file ('opt/lyrionmusicserver-bin/CPAN/arch/5.40/aarch64-linux-thread-multi/auto/IO/Interface/Interface.so') lacks FULL RELRO, check LDFLAGS.
lyrionmusicserver-bin W: ELF file ('opt/lyrionmusicserver-bin/CPAN/arch/5.40/aarch64-linux-thread-multi/auto/Image/Scale/Scale.so') lacks FULL RELRO, check LDFLAGS.
lyrionmusicserver-bin W: ELF file ('opt/lyrionmusicserver-bin/CPAN/arch/5.40/aarch64-linux-thread-multi/auto/JSON/XS/XS.so') lacks FULL RELRO, check LDFLAGS.
lyrionmusicserver-bin W: ELF file ('opt/lyrionmusicserver-bin/CPAN/arch/5.40/aarch64-linux-thread-multi/auto/Linux/Inotify2/Inotify2.so') lacks FULL RELRO, check LDFLAGS.
lyrionmusicserver-bin W: ELF file ('opt/lyrionmusicserver-bin/CPAN/arch/5.40/aarch64-linux-thread-multi/auto/MP3/Cut/Gapless/Gapless.so') lacks FULL RELRO, check LDFLAGS.
lyrionmusicserver-bin W: ELF file ('opt/lyrionmusicserver-bin/CPAN/arch/5.40/aarch64-linux-thread-multi/auto/Sub/Name/Name.so') lacks FULL RELRO, check LDFLAGS.
lyrionmusicserver-bin W: ELF file ('opt/lyrionmusicserver-bin/CPAN/arch/5.40/aarch64-linux-thread-multi/auto/Template/Stash/XS/XS.so') lacks FULL RELRO, check LDFLAGS.
lyrionmusicserver-bin W: ELF file ('opt/lyrionmusicserver-bin/CPAN/arch/5.40/aarch64-linux-thread-multi/auto/XML/Parser/Expat/Expat.so') lacks FULL RELRO, check LDFLAGS.
lyrionmusicserver-bin W: ELF file ('opt/lyrionmusicserver-bin/CPAN/arch/5.40/aarch64-linux-thread-multi/auto/YAML/XS/LibYAML/LibYAML.so') lacks FULL RELRO, check LDFLAGS.
lyrionmusicserver-bin W: ELF file ('opt/lyrionmusicserver-bin/CPAN/arch/5.40/arm-linux-gnueabihf-thread-multi-64int/auto/Audio/Scan/Scan.so') lacks FULL RELRO, check LDFLAGS.
lyrionmusicserver-bin W: ELF file ('opt/lyrionmusicserver-bin/CPAN/arch/5.40/arm-linux-gnueabihf-thread-multi-64int/auto/Class/XSAccessor/XSAccessor.so') lacks FULL RELRO, check LDFLAGS.
lyrionmusicserver-bin W: ELF file ('opt/lyrionmusicserver-bin/CPAN/arch/5.40/arm-linux-gnueabihf-thread-multi-64int/auto/DBD/SQLite/SQLite.so') lacks FULL RELRO, check LDFLAGS.
lyrionmusicserver-bin W: ELF file ('opt/lyrionmusicserver-bin/CPAN/arch/5.40/arm-linux-gnueabihf-thread-multi-64int/auto/DBI/DBI.so') lacks FULL RELRO, check LDFLAGS.
lyrionmusicserver-bin W: ELF file ('opt/lyrionmusicserver-bin/CPAN/arch/5.40/arm-linux-gnueabihf-thread-multi-64int/auto/Digest/SHA1/SHA1.so') lacks FULL RELRO, check LDFLAGS.
lyrionmusicserver-bin W: ELF file ('opt/lyrionmusicserver-bin/CPAN/arch/5.40/arm-linux-gnueabihf-thread-multi-64int/auto/EV/EV.so') lacks FULL RELRO, check LDFLAGS.
lyrionmusicserver-bin W: ELF file ('opt/lyrionmusicserver-bin/CPAN/arch/5.40/arm-linux-gnueabihf-thread-multi-64int/auto/Encode/Detect/Detector/Detector.so') lacks FULL RELRO, check LDFLAGS.
lyrionmusicserver-bin W: ELF file ('opt/lyrionmusicserver-bin/CPAN/arch/5.40/arm-linux-gnueabihf-thread-multi-64int/auto/HTML/Parser/Parser.so') lacks FULL RELRO, check LDFLAGS.
lyrionmusicserver-bin W: ELF file ('opt/lyrionmusicserver-bin/CPAN/arch/5.40/arm-linux-gnueabihf-thread-multi-64int/auto/IO/AIO/AIO.so') lacks FULL RELRO, check LDFLAGS.
lyrionmusicserver-bin W: ELF file ('opt/lyrionmusicserver-bin/CPAN/arch/5.40/arm-linux-gnueabihf-thread-multi-64int/auto/IO/Interface/Interface.so') lacks FULL RELRO, check LDFLAGS.
lyrionmusicserver-bin W: ELF file ('opt/lyrionmusicserver-bin/CPAN/arch/5.40/arm-linux-gnueabihf-thread-multi-64int/auto/Image/Scale/Scale.so') lacks FULL RELRO, check LDFLAGS.
lyrionmusicserver-bin W: ELF file ('opt/lyrionmusicserver-bin/CPAN/arch/5.40/arm-linux-gnueabihf-thread-multi-64int/auto/JSON/XS/XS.so') lacks FULL RELRO, check LDFLAGS.
lyrionmusicserver-bin W: ELF file ('opt/lyrionmusicserver-bin/CPAN/arch/5.40/arm-linux-gnueabihf-thread-multi-64int/auto/Linux/Inotify2/Inotify2.so') lacks FULL RELRO, check LDFLAGS.
lyrionmusicserver-bin W: ELF file ('opt/lyrionmusicserver-bin/CPAN/arch/5.40/arm-linux-gnueabihf-thread-multi-64int/auto/MP3/Cut/Gapless/Gapless.so') lacks FULL RELRO, check LDFLAGS.
lyrionmusicserver-bin W: ELF file ('opt/lyrionmusicserver-bin/CPAN/arch/5.40/arm-linux-gnueabihf-thread-multi-64int/auto/Sub/Name/Name.so') lacks FULL RELRO, check LDFLAGS.
lyrionmusicserver-bin W: ELF file ('opt/lyrionmusicserver-bin/CPAN/arch/5.40/arm-linux-gnueabihf-thread-multi-64int/auto/Template/Stash/XS/XS.so') lacks FULL RELRO, check LDFLAGS.
lyrionmusicserver-bin W: ELF file ('opt/lyrionmusicserver-bin/CPAN/arch/5.40/arm-linux-gnueabihf-thread-multi-64int/auto/XML/Parser/Expat/Expat.so') lacks FULL RELRO, check LDFLAGS.
lyrionmusicserver-bin W: ELF file ('opt/lyrionmusicserver-bin/CPAN/arch/5.40/arm-linux-gnueabihf-thread-multi-64int/auto/YAML/XS/LibYAML/LibYAML.so') lacks FULL RELRO, check LDFLAGS.
lyrionmusicserver-bin W: ELF file ('opt/lyrionmusicserver-bin/CPAN/arch/5.40/x86_64-linux-thread-multi/auto/Audio/Scan/Scan.so') lacks FULL RELRO, check LDFLAGS.
lyrionmusicserver-bin W: ELF file ('opt/lyrionmusicserver-bin/CPAN/arch/5.40/x86_64-linux-thread-multi/auto/Class/XSAccessor/XSAccessor.so') lacks FULL RELRO, check LDFLAGS.
lyrionmusicserver-bin W: ELF file ('opt/lyrionmusicserver-bin/CPAN/arch/5.40/x86_64-linux-thread-multi/auto/DBD/SQLite/SQLite.so') lacks FULL RELRO, check LDFLAGS.
lyrionmusicserver-bin W: ELF file ('opt/lyrionmusicserver-bin/CPAN/arch/5.40/x86_64-linux-thread-multi/auto/DBI/DBI.so') lacks FULL RELRO, check LDFLAGS.
lyrionmusicserver-bin W: ELF file ('opt/lyrionmusicserver-bin/CPAN/arch/5.40/x86_64-linux-thread-multi/auto/Digest/SHA1/SHA1.so') lacks FULL RELRO, check LDFLAGS.
lyrionmusicserver-bin W: ELF file ('opt/lyrionmusicserver-bin/CPAN/arch/5.40/x86_64-linux-thread-multi/auto/EV/EV.so') lacks FULL RELRO, check LDFLAGS.
lyrionmusicserver-bin W: ELF file ('opt/lyrionmusicserver-bin/CPAN/arch/5.40/x86_64-linux-thread-multi/auto/Encode/Detect/Detector/Detector.so') lacks FULL RELRO, check LDFLAGS.
lyrionmusicserver-bin W: ELF file ('opt/lyrionmusicserver-bin/CPAN/arch/5.40/x86_64-linux-thread-multi/auto/HTML/Parser/Parser.so') lacks FULL RELRO, check LDFLAGS.
lyrionmusicserver-bin W: ELF file ('opt/lyrionmusicserver-bin/CPAN/arch/5.40/x86_64-linux-thread-multi/auto/IO/AIO/AIO.so') lacks FULL RELRO, check LDFLAGS.
lyrionmusicserver-bin W: ELF file ('opt/lyrionmusicserver-bin/CPAN/arch/5.40/x86_64-linux-thread-multi/auto/IO/Interface/Interface.so') lacks FULL RELRO, check LDFLAGS.
lyrionmusicserver-bin W: ELF file ('opt/lyrionmusicserver-bin/CPAN/arch/5.40/x86_64-linux-thread-multi/auto/Image/Scale/Scale.so') lacks FULL RELRO, check LDFLAGS.
lyrionmusicserver-bin W: ELF file ('opt/lyrionmusicserver-bin/CPAN/arch/5.40/x86_64-linux-thread-multi/auto/JSON/XS/XS.so') lacks FULL RELRO, check LDFLAGS.
lyrionmusicserver-bin W: ELF file ('opt/lyrionmusicserver-bin/CPAN/arch/5.40/x86_64-linux-thread-multi/auto/Linux/Inotify2/Inotify2.so') lacks FULL RELRO, check LDFLAGS.
lyrionmusicserver-bin W: ELF file ('opt/lyrionmusicserver-bin/CPAN/arch/5.40/x86_64-linux-thread-multi/auto/MP3/Cut/Gapless/Gapless.so') lacks FULL RELRO, check LDFLAGS.
lyrionmusicserver-bin W: ELF file ('opt/lyrionmusicserver-bin/CPAN/arch/5.40/x86_64-linux-thread-multi/auto/Sub/Name/Name.so') lacks FULL RELRO, check LDFLAGS.
lyrionmusicserver-bin W: ELF file ('opt/lyrionmusicserver-bin/CPAN/arch/5.40/x86_64-linux-thread-multi/auto/Template/Stash/XS/XS.so') lacks FULL RELRO, check LDFLAGS.
lyrionmusicserver-bin W: ELF file ('opt/lyrionmusicserver-bin/CPAN/arch/5.40/x86_64-linux-thread-multi/auto/XML/Parser/Expat/Expat.so') lacks FULL RELRO, check LDFLAGS.
lyrionmusicserver-bin W: ELF file ('opt/lyrionmusicserver-bin/CPAN/arch/5.40/x86_64-linux-thread-multi/auto/YAML/XS/LibYAML/LibYAML.so') lacks FULL RELRO, check LDFLAGS.
lyrionmusicserver-bin W: ELF file ('opt/lyrionmusicserver-bin/CPAN/arch/5.42/x86_64-linux-thread-multi/auto/Audio/Scan/Scan.so') lacks FULL RELRO, check LDFLAGS.
lyrionmusicserver-bin W: ELF file ('opt/lyrionmusicserver-bin/CPAN/arch/5.42/x86_64-linux-thread-multi/auto/Class/XSAccessor/XSAccessor.so') lacks FULL RELRO, check LDFLAGS.
lyrionmusicserver-bin W: ELF file ('opt/lyrionmusicserver-bin/CPAN/arch/5.42/x86_64-linux-thread-multi/auto/DBD/SQLite/SQLite.so') lacks FULL RELRO, check LDFLAGS.
lyrionmusicserver-bin W: ELF file ('opt/lyrionmusicserver-bin/CPAN/arch/5.42/x86_64-linux-thread-multi/auto/DBI/DBI.so') lacks FULL RELRO, check LDFLAGS.
lyrionmusicserver-bin W: ELF file ('opt/lyrionmusicserver-bin/CPAN/arch/5.42/x86_64-linux-thread-multi/auto/Digest/SHA1/SHA1.so') lacks FULL RELRO, check LDFLAGS.
lyrionmusicserver-bin W: ELF file ('opt/lyrionmusicserver-bin/CPAN/arch/5.42/x86_64-linux-thread-multi/auto/EV/EV.so') lacks FULL RELRO, check LDFLAGS.
lyrionmusicserver-bin W: ELF file ('opt/lyrionmusicserver-bin/CPAN/arch/5.42/x86_64-linux-thread-multi/auto/Encode/Detect/Detector/Detector.so') lacks FULL RELRO, check LDFLAGS.
lyrionmusicserver-bin W: ELF file ('opt/lyrionmusicserver-bin/CPAN/arch/5.42/x86_64-linux-thread-multi/auto/HTML/Parser/Parser.so') lacks FULL RELRO, check LDFLAGS.
lyrionmusicserver-bin W: ELF file ('opt/lyrionmusicserver-bin/CPAN/arch/5.42/x86_64-linux-thread-multi/auto/IO/AIO/AIO.so') lacks FULL RELRO, check LDFLAGS.
lyrionmusicserver-bin W: ELF file ('opt/lyrionmusicserver-bin/CPAN/arch/5.42/x86_64-linux-thread-multi/auto/IO/Interface/Interface.so') lacks FULL RELRO, check LDFLAGS.
lyrionmusicserver-bin W: ELF file ('opt/lyrionmusicserver-bin/CPAN/arch/5.42/x86_64-linux-thread-multi/auto/Image/Scale/Scale.so') lacks FULL RELRO, check LDFLAGS.
lyrionmusicserver-bin W: ELF file ('opt/lyrionmusicserver-bin/CPAN/arch/5.42/x86_64-linux-thread-multi/auto/JSON/XS/XS.so') lacks FULL RELRO, check LDFLAGS.
lyrionmusicserver-bin W: ELF file ('opt/lyrionmusicserver-bin/CPAN/arch/5.42/x86_64-linux-thread-multi/auto/Linux/Inotify2/Inotify2.so') lacks FULL RELRO, check LDFLAGS.
lyrionmusicserver-bin W: ELF file ('opt/lyrionmusicserver-bin/CPAN/arch/5.42/x86_64-linux-thread-multi/auto/MP3/Cut/Gapless/Gapless.so') lacks FULL RELRO, check LDFLAGS.
lyrionmusicserver-bin W: ELF file ('opt/lyrionmusicserver-bin/CPAN/arch/5.42/x86_64-linux-thread-multi/auto/Sub/Name/Name.so') lacks FULL RELRO, check LDFLAGS.
lyrionmusicserver-bin W: ELF file ('opt/lyrionmusicserver-bin/CPAN/arch/5.42/x86_64-linux-thread-multi/auto/Template/Stash/XS/XS.so') lacks FULL RELRO, check LDFLAGS.
lyrionmusicserver-bin W: ELF file ('opt/lyrionmusicserver-bin/CPAN/arch/5.42/x86_64-linux-thread-multi/auto/XML/Parser/Expat/Expat.so') lacks FULL RELRO, check LDFLAGS.
lyrionmusicserver-bin W: ELF file ('opt/lyrionmusicserver-bin/CPAN/arch/5.42/x86_64-linux-thread-multi/auto/YAML/XS/LibYAML/LibYAML.so') lacks FULL RELRO, check LDFLAGS.
lyrionmusicserver-bin W: ELF file ('opt/lyrionmusicserver-bin/Bin/x86_64-linux/faad') lacks PIE.
lyrionmusicserver-bin W: ELF file ('opt/lyrionmusicserver-bin/Bin/x86_64-linux/mac') lacks PIE.
lyrionmusicserver-bin W: ELF file ('opt/lyrionmusicserver-bin/Bin/x86_64-linux/sox') lacks PIE.
lyrionmusicserver-bin W: Directory (opt/lyrionmusicserver-bin/Logs) is empty
lyrionmusicserver-bin W: Directory (opt/lyrionmusicserver-bin/prefs/plugin) is empty
lyrionmusicserver-bin W: Directory (opt/lyrionmusicserver-bin/Plugins) is empty
lyrionmusicserver-bin W: Directory (usr/src/debug/lyrionmusicserver-bin) is empty
lyrionmusicserver-bin W: Directory (opt/lyrionmusicserver-bin/cache) is empty
lyrionmusicserver-bin E: Insecure RUNPATH '/usr/lib64' in file ('opt/lyrionmusicserver-bin/CPAN/arch/5.42/x86_64-linux-thread-multi/auto/Audio/Scan/Scan.so')
lyrionmusicserver-bin E: Insecure RUNPATH '/usr/lib64' in file ('opt/lyrionmusicserver-bin/CPAN/arch/5.42/x86_64-linux-thread-multi/auto/DBD/SQLite/SQLite.so')
lyrionmusicserver-bin E: Insecure RUNPATH '/usr/lib64' in file ('opt/lyrionmusicserver-bin/CPAN/arch/5.42/x86_64-linux-thread-multi/auto/EV/EV.so')
lyrionmusicserver-bin E: Insecure RUNPATH '/usr/lib64' in file ('opt/lyrionmusicserver-bin/CPAN/arch/5.42/x86_64-linux-thread-multi/auto/Image/Scale/Scale.so')
lyrionmusicserver-bin W: Referenced library 'libgcc_s.so.1' is an uninstalled dependency (needed in files ['opt/lyrionmusicserver-bin/CPAN/arch/5.40/arm-linux-gnueabihf-thread-multi-64int/auto/Encode/Detect/Detector/Detector.so', 'opt/lyrionmusicserver-bin/CPAN/arch/5.40/arm-linux-gnueabihf-thread-multi-64int/auto/XML/Parser/Expat/Expat.so', 'opt/lyrionmusicserver-bin/CPAN/arch/5.40/arm-linux-gnueabihf-thread-multi-64int/auto/DBD/SQLite/SQLite.so'])
lyrionmusicserver-bin W: Referenced library 'libstdc++.so.6' is an uninstalled dependency (needed in files ['opt/lyrionmusicserver-bin/CPAN/arch/5.40/arm-linux-gnueabihf-thread-multi-64int/auto/Encode/Detect/Detector/Detector.so', 'opt/lyrionmusicserver-bin/CPAN/arch/5.40/arm-linux-gnueabihf-thread-multi-64int/auto/DBD/SQLite/SQLite.so'])
lyrionmusicserver-bin W: Referenced library 'ld-linux-armhf.so.3' is an uninstalled dependency (needed in files ['opt/lyrionmusicserver-bin/CPAN/arch/5.40/arm-linux-gnueabihf-thread-multi-64int/auto/HTML/Parser/Parser.so', 'opt/lyrionmusicserver-bin/CPAN/arch/5.40/arm-linux-gnueabihf-thread-multi-64int/auto/DBI/DBI.so', 'opt/lyrionmusicserver-bin/CPAN/arch/5.40/arm-linux-gnueabihf-thread-multi-64int/auto/DBD/SQLite/SQLite.so', 'opt/lyrionmusicserver-bin/CPAN/arch/5.40/arm-linux-gnueabihf-thread-multi-64int/auto/YAML/XS/LibYAML/LibYAML.so', 'opt/lyrionmusicserver-bin/CPAN/arch/5.40/arm-linux-gnueabihf-thread-multi-64int/auto/IO/AIO/AIO.so', 'opt/lyrionmusicserver-bin/CPAN/arch/5.40/arm-linux-gnueabihf-thread-multi-64int/auto/IO/Interface/Interface.so', 'opt/lyrionmusicserver-bin/CPAN/arch/5.40/arm-linux-gnueabihf-thread-multi-64int/auto/JSON/XS/XS.so', 'opt/lyrionmusicserver-bin/CPAN/arch/5.40/arm-linux-gnueabihf-thread-multi-64int/auto/Sub/Name/Name.so', 'opt/lyrionmusicserver-bin/CPAN/arch/5.40/arm-linux-gnueabihf-thread-multi-64int/auto/Image/Scale/Scale.so', 'opt/lyrionmusicserver-bin/CPAN/arch/5.40/arm-linux-gnueabihf-thread-multi-64int/auto/Audio/Scan/Scan.so', 'opt/lyrionmusicserver-bin/CPAN/arch/5.40/arm-linux-gnueabihf-thread-multi-64int/auto/MP3/Cut/Gapless/Gapless.so', 'opt/lyrionmusicserver-bin/CPAN/arch/5.40/arm-linux-gnueabihf-thread-multi-64int/auto/XML/Parser/Expat/Expat.so', 'opt/lyrionmusicserver-bin/CPAN/arch/5.40/arm-linux-gnueabihf-thread-multi-64int/auto/EV/EV.so'])
lyrionmusicserver-bin W: Referenced library 'libz.so.1' is an uninstalled dependency (needed in files ['opt/lyrionmusicserver-bin/CPAN/arch/5.40/arm-linux-gnueabihf-thread-multi-64int/auto/Audio/Scan/Scan.so', 'opt/lyrionmusicserver-bin/CPAN/arch/5.40/arm-linux-gnueabihf-thread-multi-64int/auto/Image/Scale/Scale.so'])
lyrionmusicserver-bin W: Referenced library 'libc.so.6' is an uninstalled dependency (needed in files ['opt/lyrionmusicserver-bin/CPAN/arch/5.40/arm-linux-gnueabihf-thread-multi-64int/auto/HTML/Parser/Parser.so', 'opt/lyrionmusicserver-bin/CPAN/arch/5.40/arm-linux-gnueabihf-thread-multi-64int/auto/DBI/DBI.so', 'opt/lyrionmusicserver-bin/CPAN/arch/5.40/arm-linux-gnueabihf-thread-multi-64int/auto/DBD/SQLite/SQLite.so', 'opt/lyrionmusicserver-bin/CPAN/arch/5.40/arm-linux-gnueabihf-thread-multi-64int/auto/YAML/XS/LibYAML/LibYAML.so', 'opt/lyrionmusicserver-bin/CPAN/arch/5.40/arm-linux-gnueabihf-thread-multi-64int/auto/IO/AIO/AIO.so', 'opt/lyrionmusicserver-bin/CPAN/arch/5.40/arm-linux-gnueabihf-thread-multi-64int/auto/IO/Interface/Interface.so', 'opt/lyrionmusicserver-bin/CPAN/arch/5.40/arm-linux-gnueabihf-thread-multi-64int/auto/JSON/XS/XS.so', 'opt/lyrionmusicserver-bin/CPAN/arch/5.40/arm-linux-gnueabihf-thread-multi-64int/auto/Class/XSAccessor/XSAccessor.so', 'opt/lyrionmusicserver-bin/CPAN/arch/5.40/arm-linux-gnueabihf-thread-multi-64int/auto/Template/Stash/XS/XS.so', 'opt/lyrionmusicserver-bin/CPAN/arch/5.40/arm-linux-gnueabihf-thread-multi-64int/auto/Image/Scale/Scale.so', 'opt/lyrionmusicserver-bin/CPAN/arch/5.40/arm-linux-gnueabihf-thread-multi-64int/auto/Audio/Scan/Scan.so', 'opt/lyrionmusicserver-bin/CPAN/arch/5.40/arm-linux-gnueabihf-thread-multi-64int/auto/MP3/Cut/Gapless/Gapless.so', 'opt/lyrionmusicserver-bin/CPAN/arch/5.40/arm-linux-gnueabihf-thread-multi-64int/auto/XML/Parser/Expat/Expat.so', 'opt/lyrionmusicserver-bin/CPAN/arch/5.40/arm-linux-gnueabihf-thread-multi-64int/auto/Linux/Inotify2/Inotify2.so', 'opt/lyrionmusicserver-bin/CPAN/arch/5.40/arm-linux-gnueabihf-thread-multi-64int/auto/Digest/SHA1/SHA1.so', 'opt/lyrionmusicserver-bin/CPAN/arch/5.40/arm-linux-gnueabihf-thread-multi-64int/auto/Encode/Detect/Detector/Detector.so', 'opt/lyrionmusicserver-bin/CPAN/arch/5.40/arm-linux-gnueabihf-thread-multi-64int/auto/EV/EV.so'])
lyrionmusicserver-bin W: Dependency libstdc++ detected and implicitly satisfied (libraries ['usr/lib/libstdc++.so.6'] needed in files ['opt/lyrionmusicserver-bin/CPAN/arch/5.40/x86_64-linux-thread-multi/auto/Encode/Detect/Detector/Detector.so', 'opt/lyrionmusicserver-bin/CPAN/arch/5.42/x86_64-linux-thread-multi/auto/DBD/SQLite/SQLite.so', 'opt/lyrionmusicserver-bin/CPAN/arch/5.40/aarch64-linux-thread-multi/auto/DBD/SQLite/SQLite.so', 'opt/lyrionmusicserver-bin/CPAN/arch/5.40/x86_64-linux-thread-multi/auto/DBD/SQLite/SQLite.so', 'opt/lyrionmusicserver-bin/CPAN/arch/5.40/aarch64-linux-thread-multi/auto/Encode/Detect/Detector/Detector.so', 'opt/lyrionmusicserver-bin/CPAN/arch/5.42/x86_64-linux-thread-multi/auto/Encode/Detect/Detector/Detector.so'])
lyrionmusicserver-bin W: Dependency libgcc detected and implicitly satisfied (libraries ['usr/lib/libgcc_s.so.1'] needed in files ['opt/lyrionmusicserver-bin/CPAN/arch/5.40/x86_64-linux-thread-multi/auto/Encode/Detect/Detector/Detector.so', 'opt/lyrionmusicserver-bin/CPAN/arch/5.42/x86_64-linux-thread-multi/auto/DBD/SQLite/SQLite.so', 'opt/lyrionmusicserver-bin/CPAN/arch/5.40/aarch64-linux-thread-multi/auto/DBD/SQLite/SQLite.so', 'opt/lyrionmusicserver-bin/CPAN/arch/5.40/x86_64-linux-thread-multi/auto/DBD/SQLite/SQLite.so', 'opt/lyrionmusicserver-bin/CPAN/arch/5.40/aarch64-linux-thread-multi/auto/Encode/Detect/Detector/Detector.so', 'opt/lyrionmusicserver-bin/CPAN/arch/5.42/x86_64-linux-thread-multi/auto/Encode/Detect/Detector/Detector.so'])
