* Getting build dependencies for wheel...
running egg_info
creating minigalaxy.egg-info
writing minigalaxy.egg-info/PKG-INFO
writing dependency_links to minigalaxy.egg-info/dependency_links.txt
writing entry points to minigalaxy.egg-info/entry_points.txt
writing requirements to minigalaxy.egg-info/requires.txt
writing top-level names to minigalaxy.egg-info/top_level.txt
writing manifest file 'minigalaxy.egg-info/SOURCES.txt'
reading manifest file 'minigalaxy.egg-info/SOURCES.txt'
adding license file 'LICENSE'
adding license file 'THIRD-PARTY-LICENSES.md'
writing manifest file 'minigalaxy.egg-info/SOURCES.txt'
* Building wheel...
running bdist_wheel
running build
running build_py
creating build/lib/minigalaxy
copying minigalaxy/file_info.py -> build/lib/minigalaxy
copying minigalaxy/paths.py -> build/lib/minigalaxy
copying minigalaxy/__init__.py -> build/lib/minigalaxy
copying minigalaxy/resources.py -> build/lib/minigalaxy
copying minigalaxy/game.py -> build/lib/minigalaxy
copying minigalaxy/version.py -> build/lib/minigalaxy
copying minigalaxy/translation.py -> build/lib/minigalaxy
copying minigalaxy/installer.py -> build/lib/minigalaxy
copying minigalaxy/api.py -> build/lib/minigalaxy
copying minigalaxy/__main__.py -> build/lib/minigalaxy
copying minigalaxy/css.py -> build/lib/minigalaxy
copying minigalaxy/constants.py -> build/lib/minigalaxy
copying minigalaxy/launch_command.py -> build/lib/minigalaxy
copying minigalaxy/download_manager.py -> build/lib/minigalaxy
copying minigalaxy/config.py -> build/lib/minigalaxy
copying minigalaxy/launcher.py -> build/lib/minigalaxy
copying minigalaxy/minigalaxy.py -> build/lib/minigalaxy
creating build/lib/minigalaxy/data
copying minigalaxy/data/__init__.py -> build/lib/minigalaxy/data
creating build/lib/minigalaxy/entity
copying minigalaxy/entity/__init__.py -> build/lib/minigalaxy/entity
copying minigalaxy/entity/state.py -> build/lib/minigalaxy/entity
creating build/lib/minigalaxy/download
copying minigalaxy/download/__init__.py -> build/lib/minigalaxy/download
copying minigalaxy/download/combined_progress_watcher.py -> build/lib/minigalaxy/download
copying minigalaxy/download/model.py -> build/lib/minigalaxy/download
creating build/lib/minigalaxy/ui
copying minigalaxy/ui/gametile.py -> build/lib/minigalaxy/ui
copying minigalaxy/ui/__init__.py -> build/lib/minigalaxy/ui
copying minigalaxy/ui/widget_utils.py -> build/lib/minigalaxy/ui
copying minigalaxy/ui/library_entry.py -> build/lib/minigalaxy/ui
copying minigalaxy/ui/login.py -> build/lib/minigalaxy/ui
copying minigalaxy/ui/gtk.py -> build/lib/minigalaxy/ui
copying minigalaxy/ui/webkit.py -> build/lib/minigalaxy/ui
copying minigalaxy/ui/library.py -> build/lib/minigalaxy/ui
copying minigalaxy/ui/game_icon_bar.py -> build/lib/minigalaxy/ui
copying minigalaxy/ui/preferences.py -> build/lib/minigalaxy/ui
copying minigalaxy/ui/download_list.py -> build/lib/minigalaxy/ui
copying minigalaxy/ui/filterswitch.py -> build/lib/minigalaxy/ui
copying minigalaxy/ui/categoryfilters.py -> build/lib/minigalaxy/ui
copying minigalaxy/ui/information.py -> build/lib/minigalaxy/ui
copying minigalaxy/ui/gametilelist.py -> build/lib/minigalaxy/ui
copying minigalaxy/ui/properties.py -> build/lib/minigalaxy/ui
copying minigalaxy/ui/chooselauchoption.py -> build/lib/minigalaxy/ui
copying minigalaxy/ui/about.py -> build/lib/minigalaxy/ui
copying minigalaxy/ui/window.py -> build/lib/minigalaxy/ui
creating build/lib/minigalaxy/ui/data
copying minigalaxy/ui/data/__init__.py -> build/lib/minigalaxy/ui/data
running egg_info
writing minigalaxy.egg-info/PKG-INFO
writing dependency_links to minigalaxy.egg-info/dependency_links.txt
writing entry points to minigalaxy.egg-info/entry_points.txt
writing requirements to minigalaxy.egg-info/requires.txt
writing top-level names to minigalaxy.egg-info/top_level.txt
reading manifest file 'minigalaxy.egg-info/SOURCES.txt'
adding license file 'LICENSE'
adding license file 'THIRD-PARTY-LICENSES.md'
writing manifest file 'minigalaxy.egg-info/SOURCES.txt'
copying minigalaxy/data/style.css -> build/lib/minigalaxy/data
copying minigalaxy/data/wine_disable_menubuilder.reg -> build/lib/minigalaxy/data
copying minigalaxy/ui/data/about.ui -> build/lib/minigalaxy/ui/data
copying minigalaxy/ui/data/application.ui -> build/lib/minigalaxy/ui/data
copying minigalaxy/ui/data/categoryfilters.ui -> build/lib/minigalaxy/ui/data
copying minigalaxy/ui/data/chooselaunchoption.ui -> build/lib/minigalaxy/ui/data
copying minigalaxy/ui/data/download_action_buttons.ui -> build/lib/minigalaxy/ui/data
copying minigalaxy/ui/data/download_list.ui -> build/lib/minigalaxy/ui/data
copying minigalaxy/ui/data/download_list_entry.ui -> build/lib/minigalaxy/ui/data
copying minigalaxy/ui/data/filterswitch.ui -> build/lib/minigalaxy/ui/data
copying minigalaxy/ui/data/game_icon_bar.ui -> build/lib/minigalaxy/ui/data
copying minigalaxy/ui/data/gametile.ui -> build/lib/minigalaxy/ui/data
copying minigalaxy/ui/data/gametilelist.ui -> build/lib/minigalaxy/ui/data
copying minigalaxy/ui/data/icon_linux.png -> build/lib/minigalaxy/ui/data
copying minigalaxy/ui/data/icon_wine.png -> build/lib/minigalaxy/ui/data
copying minigalaxy/ui/data/information.ui -> build/lib/minigalaxy/ui/data
copying minigalaxy/ui/data/io.github.sharkwouter.Minigalaxy.png -> build/lib/minigalaxy/ui/data
copying minigalaxy/ui/data/library.ui -> build/lib/minigalaxy/ui/data
copying minigalaxy/ui/data/login.ui -> build/lib/minigalaxy/ui/data
copying minigalaxy/ui/data/preferences.ui -> build/lib/minigalaxy/ui/data
copying minigalaxy/ui/data/properties.ui -> build/lib/minigalaxy/ui/data
installing to build/bdist.linux-x86_64/wheel
running install
running install_lib
creating build/bdist.linux-x86_64/wheel
creating build/bdist.linux-x86_64/wheel/minigalaxy
copying build/lib/minigalaxy/file_info.py -> build/bdist.linux-x86_64/wheel/./minigalaxy
copying build/lib/minigalaxy/paths.py -> build/bdist.linux-x86_64/wheel/./minigalaxy
creating build/bdist.linux-x86_64/wheel/minigalaxy/data
copying build/lib/minigalaxy/data/__init__.py -> build/bdist.linux-x86_64/wheel/./minigalaxy/data
copying build/lib/minigalaxy/data/style.css -> build/bdist.linux-x86_64/wheel/./minigalaxy/data
copying build/lib/minigalaxy/data/wine_disable_menubuilder.reg -> build/bdist.linux-x86_64/wheel/./minigalaxy/data
copying build/lib/minigalaxy/__init__.py -> build/bdist.linux-x86_64/wheel/./minigalaxy
copying build/lib/minigalaxy/resources.py -> build/bdist.linux-x86_64/wheel/./minigalaxy
copying build/lib/minigalaxy/game.py -> build/bdist.linux-x86_64/wheel/./minigalaxy
copying build/lib/minigalaxy/version.py -> build/bdist.linux-x86_64/wheel/./minigalaxy
creating build/bdist.linux-x86_64/wheel/minigalaxy/entity
copying build/lib/minigalaxy/entity/__init__.py -> build/bdist.linux-x86_64/wheel/./minigalaxy/entity
copying build/lib/minigalaxy/entity/state.py -> build/bdist.linux-x86_64/wheel/./minigalaxy/entity
copying build/lib/minigalaxy/translation.py -> build/bdist.linux-x86_64/wheel/./minigalaxy
copying build/lib/minigalaxy/installer.py -> build/bdist.linux-x86_64/wheel/./minigalaxy
creating build/bdist.linux-x86_64/wheel/minigalaxy/download
copying build/lib/minigalaxy/download/__init__.py -> build/bdist.linux-x86_64/wheel/./minigalaxy/download
copying build/lib/minigalaxy/download/combined_progress_watcher.py -> build/bdist.linux-x86_64/wheel/./minigalaxy/download
copying build/lib/minigalaxy/download/model.py -> build/bdist.linux-x86_64/wheel/./minigalaxy/download
copying build/lib/minigalaxy/api.py -> build/bdist.linux-x86_64/wheel/./minigalaxy
creating build/bdist.linux-x86_64/wheel/minigalaxy/ui
copying build/lib/minigalaxy/ui/gametile.py -> build/bdist.linux-x86_64/wheel/./minigalaxy/ui
creating build/bdist.linux-x86_64/wheel/minigalaxy/ui/data
copying build/lib/minigalaxy/ui/data/chooselaunchoption.ui -> build/bdist.linux-x86_64/wheel/./minigalaxy/ui/data
copying build/lib/minigalaxy/ui/data/categoryfilters.ui -> build/bdist.linux-x86_64/wheel/./minigalaxy/ui/data
copying build/lib/minigalaxy/ui/data/__init__.py -> build/bdist.linux-x86_64/wheel/./minigalaxy/ui/data
copying build/lib/minigalaxy/ui/data/about.ui -> build/bdist.linux-x86_64/wheel/./minigalaxy/ui/data
copying build/lib/minigalaxy/ui/data/properties.ui -> build/bdist.linux-x86_64/wheel/./minigalaxy/ui/data
copying build/lib/minigalaxy/ui/data/filterswitch.ui -> build/bdist.linux-x86_64/wheel/./minigalaxy/ui/data
copying build/lib/minigalaxy/ui/data/download_list.ui -> build/bdist.linux-x86_64/wheel/./minigalaxy/ui/data
copying build/lib/minigalaxy/ui/data/game_icon_bar.ui -> build/bdist.linux-x86_64/wheel/./minigalaxy/ui/data
copying build/lib/minigalaxy/ui/data/preferences.ui -> build/bdist.linux-x86_64/wheel/./minigalaxy/ui/data
copying build/lib/minigalaxy/ui/data/library.ui -> build/bdist.linux-x86_64/wheel/./minigalaxy/ui/data
copying build/lib/minigalaxy/ui/data/icon_linux.png -> build/bdist.linux-x86_64/wheel/./minigalaxy/ui/data
copying build/lib/minigalaxy/ui/data/gametilelist.ui -> build/bdist.linux-x86_64/wheel/./minigalaxy/ui/data
copying build/lib/minigalaxy/ui/data/login.ui -> build/bdist.linux-x86_64/wheel/./minigalaxy/ui/data
copying build/lib/minigalaxy/ui/data/information.ui -> build/bdist.linux-x86_64/wheel/./minigalaxy/ui/data
copying build/lib/minigalaxy/ui/data/download_action_buttons.ui -> build/bdist.linux-x86_64/wheel/./minigalaxy/ui/data
copying build/lib/minigalaxy/ui/data/io.github.sharkwouter.Minigalaxy.png -> build/bdist.linux-x86_64/wheel/./minigalaxy/ui/data
copying build/lib/minigalaxy/ui/data/gametile.ui -> build/bdist.linux-x86_64/wheel/./minigalaxy/ui/data
copying build/lib/minigalaxy/ui/data/download_list_entry.ui -> build/bdist.linux-x86_64/wheel/./minigalaxy/ui/data
copying build/lib/minigalaxy/ui/data/application.ui -> build/bdist.linux-x86_64/wheel/./minigalaxy/ui/data
copying build/lib/minigalaxy/ui/data/icon_wine.png -> build/bdist.linux-x86_64/wheel/./minigalaxy/ui/data
copying build/lib/minigalaxy/ui/__init__.py -> build/bdist.linux-x86_64/wheel/./minigalaxy/ui
copying build/lib/minigalaxy/ui/widget_utils.py -> build/bdist.linux-x86_64/wheel/./minigalaxy/ui
copying build/lib/minigalaxy/ui/library_entry.py -> build/bdist.linux-x86_64/wheel/./minigalaxy/ui
copying build/lib/minigalaxy/ui/login.py -> build/bdist.linux-x86_64/wheel/./minigalaxy/ui
copying build/lib/minigalaxy/ui/gtk.py -> build/bdist.linux-x86_64/wheel/./minigalaxy/ui
copying build/lib/minigalaxy/ui/webkit.py -> build/bdist.linux-x86_64/wheel/./minigalaxy/ui
copying build/lib/minigalaxy/ui/library.py -> build/bdist.linux-x86_64/wheel/./minigalaxy/ui
copying build/lib/minigalaxy/ui/game_icon_bar.py -> build/bdist.linux-x86_64/wheel/./minigalaxy/ui
copying build/lib/minigalaxy/ui/preferences.py -> build/bdist.linux-x86_64/wheel/./minigalaxy/ui
copying build/lib/minigalaxy/ui/download_list.py -> build/bdist.linux-x86_64/wheel/./minigalaxy/ui
copying build/lib/minigalaxy/ui/filterswitch.py -> build/bdist.linux-x86_64/wheel/./minigalaxy/ui
copying build/lib/minigalaxy/ui/categoryfilters.py -> build/bdist.linux-x86_64/wheel/./minigalaxy/ui
copying build/lib/minigalaxy/ui/information.py -> build/bdist.linux-x86_64/wheel/./minigalaxy/ui
copying build/lib/minigalaxy/ui/gametilelist.py -> build/bdist.linux-x86_64/wheel/./minigalaxy/ui
copying build/lib/minigalaxy/ui/properties.py -> build/bdist.linux-x86_64/wheel/./minigalaxy/ui
copying build/lib/minigalaxy/ui/chooselauchoption.py -> build/bdist.linux-x86_64/wheel/./minigalaxy/ui
copying build/lib/minigalaxy/ui/about.py -> build/bdist.linux-x86_64/wheel/./minigalaxy/ui
copying build/lib/minigalaxy/ui/window.py -> build/bdist.linux-x86_64/wheel/./minigalaxy/ui
copying build/lib/minigalaxy/__main__.py -> build/bdist.linux-x86_64/wheel/./minigalaxy
copying build/lib/minigalaxy/css.py -> build/bdist.linux-x86_64/wheel/./minigalaxy
copying build/lib/minigalaxy/constants.py -> build/bdist.linux-x86_64/wheel/./minigalaxy
copying build/lib/minigalaxy/launch_command.py -> build/bdist.linux-x86_64/wheel/./minigalaxy
copying build/lib/minigalaxy/download_manager.py -> build/bdist.linux-x86_64/wheel/./minigalaxy
copying build/lib/minigalaxy/config.py -> build/bdist.linux-x86_64/wheel/./minigalaxy
copying build/lib/minigalaxy/launcher.py -> build/bdist.linux-x86_64/wheel/./minigalaxy
copying build/lib/minigalaxy/minigalaxy.py -> build/bdist.linux-x86_64/wheel/./minigalaxy
running install_data
creating build/bdist.linux-x86_64/wheel/minigalaxy-1.4.1.data/data
creating build/bdist.linux-x86_64/wheel/minigalaxy-1.4.1.data/data/share/applications
copying data/io.github.sharkwouter.Minigalaxy.desktop -> build/bdist.linux-x86_64/wheel/minigalaxy-1.4.1.data/data/share/applications
creating build/bdist.linux-x86_64/wheel/minigalaxy-1.4.1.data/data/share/icons/hicolor/128x128/apps
copying data/icons/128x128/io.github.sharkwouter.Minigalaxy.png -> build/bdist.linux-x86_64/wheel/minigalaxy-1.4.1.data/data/share/icons/hicolor/128x128/apps
creating build/bdist.linux-x86_64/wheel/minigalaxy-1.4.1.data/data/share/icons/hicolor/192x192/apps
copying data/icons/192x192/io.github.sharkwouter.Minigalaxy.png -> build/bdist.linux-x86_64/wheel/minigalaxy-1.4.1.data/data/share/icons/hicolor/192x192/apps
creating build/bdist.linux-x86_64/wheel/minigalaxy-1.4.1.data/data/share/metainfo
copying data/io.github.sharkwouter.Minigalaxy.metainfo.xml -> build/bdist.linux-x86_64/wheel/minigalaxy-1.4.1.data/data/share/metainfo
creating build/bdist.linux-x86_64/wheel/minigalaxy-1.4.1.data/data/share/minigalaxy/translations/el/LC_MESSAGES
copying data/mo/el/LC_MESSAGES/minigalaxy.mo -> build/bdist.linux-x86_64/wheel/minigalaxy-1.4.1.data/data/share/minigalaxy/translations/el/LC_MESSAGES
creating build/bdist.linux-x86_64/wheel/minigalaxy-1.4.1.data/data/share/minigalaxy/translations/uk/LC_MESSAGES
copying data/mo/uk/LC_MESSAGES/minigalaxy.mo -> build/bdist.linux-x86_64/wheel/minigalaxy-1.4.1.data/data/share/minigalaxy/translations/uk/LC_MESSAGES
creating build/bdist.linux-x86_64/wheel/minigalaxy-1.4.1.data/data/share/minigalaxy/translations/de/LC_MESSAGES
copying data/mo/de/LC_MESSAGES/minigalaxy.mo -> build/bdist.linux-x86_64/wheel/minigalaxy-1.4.1.data/data/share/minigalaxy/translations/de/LC_MESSAGES
creating build/bdist.linux-x86_64/wheel/minigalaxy-1.4.1.data/data/share/minigalaxy/translations/zh_TW/LC_MESSAGES
copying data/mo/zh_TW/LC_MESSAGES/minigalaxy.mo -> build/bdist.linux-x86_64/wheel/minigalaxy-1.4.1.data/data/share/minigalaxy/translations/zh_TW/LC_MESSAGES
creating build/bdist.linux-x86_64/wheel/minigalaxy-1.4.1.data/data/share/minigalaxy/translations/fi/LC_MESSAGES
copying data/mo/fi/LC_MESSAGES/minigalaxy.mo -> build/bdist.linux-x86_64/wheel/minigalaxy-1.4.1.data/data/share/minigalaxy/translations/fi/LC_MESSAGES
creating build/bdist.linux-x86_64/wheel/minigalaxy-1.4.1.data/data/share/minigalaxy/translations/fr/LC_MESSAGES
copying data/mo/fr/LC_MESSAGES/minigalaxy.mo -> build/bdist.linux-x86_64/wheel/minigalaxy-1.4.1.data/data/share/minigalaxy/translations/fr/LC_MESSAGES
creating build/bdist.linux-x86_64/wheel/minigalaxy-1.4.1.data/data/share/minigalaxy/translations/sv_SE/LC_MESSAGES
copying data/mo/sv_SE/LC_MESSAGES/minigalaxy.mo -> build/bdist.linux-x86_64/wheel/minigalaxy-1.4.1.data/data/share/minigalaxy/translations/sv_SE/LC_MESSAGES
creating build/bdist.linux-x86_64/wheel/minigalaxy-1.4.1.data/data/share/minigalaxy/translations/pl/LC_MESSAGES
copying data/mo/pl/LC_MESSAGES/minigalaxy.mo -> build/bdist.linux-x86_64/wheel/minigalaxy-1.4.1.data/data/share/minigalaxy/translations/pl/LC_MESSAGES
creating build/bdist.linux-x86_64/wheel/minigalaxy-1.4.1.data/data/share/minigalaxy/translations/es_AR/LC_MESSAGES
copying data/mo/es_AR/LC_MESSAGES/minigalaxy.mo -> build/bdist.linux-x86_64/wheel/minigalaxy-1.4.1.data/data/share/minigalaxy/translations/es_AR/LC_MESSAGES
creating build/bdist.linux-x86_64/wheel/minigalaxy-1.4.1.data/data/share/minigalaxy/translations/pt_PT/LC_MESSAGES
copying data/mo/pt_PT/LC_MESSAGES/minigalaxy.mo -> build/bdist.linux-x86_64/wheel/minigalaxy-1.4.1.data/data/share/minigalaxy/translations/pt_PT/LC_MESSAGES
creating build/bdist.linux-x86_64/wheel/minigalaxy-1.4.1.data/data/share/minigalaxy/translations/it_IT/LC_MESSAGES
copying data/mo/it_IT/LC_MESSAGES/minigalaxy.mo -> build/bdist.linux-x86_64/wheel/minigalaxy-1.4.1.data/data/share/minigalaxy/translations/it_IT/LC_MESSAGES
creating build/bdist.linux-x86_64/wheel/minigalaxy-1.4.1.data/data/share/minigalaxy/translations/cs_CZ/LC_MESSAGES
copying data/mo/cs_CZ/LC_MESSAGES/minigalaxy.mo -> build/bdist.linux-x86_64/wheel/minigalaxy-1.4.1.data/data/share/minigalaxy/translations/cs_CZ/LC_MESSAGES
creating build/bdist.linux-x86_64/wheel/minigalaxy-1.4.1.data/data/share/minigalaxy/translations/nl/LC_MESSAGES
copying data/mo/nl/LC_MESSAGES/minigalaxy.mo -> build/bdist.linux-x86_64/wheel/minigalaxy-1.4.1.data/data/share/minigalaxy/translations/nl/LC_MESSAGES
creating build/bdist.linux-x86_64/wheel/minigalaxy-1.4.1.data/data/share/minigalaxy/translations/nn_NO/LC_MESSAGES
copying data/mo/nn_NO/LC_MESSAGES/minigalaxy.mo -> build/bdist.linux-x86_64/wheel/minigalaxy-1.4.1.data/data/share/minigalaxy/translations/nn_NO/LC_MESSAGES
creating build/bdist.linux-x86_64/wheel/minigalaxy-1.4.1.data/data/share/minigalaxy/translations/pt_BR/LC_MESSAGES
copying data/mo/pt_BR/LC_MESSAGES/minigalaxy.mo -> build/bdist.linux-x86_64/wheel/minigalaxy-1.4.1.data/data/share/minigalaxy/translations/pt_BR/LC_MESSAGES
creating build/bdist.linux-x86_64/wheel/minigalaxy-1.4.1.data/data/share/minigalaxy/translations/es_ES/LC_MESSAGES
copying data/mo/es_ES/LC_MESSAGES/minigalaxy.mo -> build/bdist.linux-x86_64/wheel/minigalaxy-1.4.1.data/data/share/minigalaxy/translations/es_ES/LC_MESSAGES
creating build/bdist.linux-x86_64/wheel/minigalaxy-1.4.1.data/data/share/minigalaxy/translations/ru_RU/LC_MESSAGES
copying data/mo/ru_RU/LC_MESSAGES/minigalaxy.mo -> build/bdist.linux-x86_64/wheel/minigalaxy-1.4.1.data/data/share/minigalaxy/translations/ru_RU/LC_MESSAGES
creating build/bdist.linux-x86_64/wheel/minigalaxy-1.4.1.data/data/share/minigalaxy/translations/tr/LC_MESSAGES
copying data/mo/tr/LC_MESSAGES/minigalaxy.mo -> build/bdist.linux-x86_64/wheel/minigalaxy-1.4.1.data/data/share/minigalaxy/translations/tr/LC_MESSAGES
creating build/bdist.linux-x86_64/wheel/minigalaxy-1.4.1.data/data/share/minigalaxy/translations/zh_CN/LC_MESSAGES
copying data/mo/zh_CN/LC_MESSAGES/minigalaxy.mo -> build/bdist.linux-x86_64/wheel/minigalaxy-1.4.1.data/data/share/minigalaxy/translations/zh_CN/LC_MESSAGES
creating build/bdist.linux-x86_64/wheel/minigalaxy-1.4.1.data/data/share/minigalaxy/translations/nb_NO/LC_MESSAGES
copying data/mo/nb_NO/LC_MESSAGES/minigalaxy.mo -> build/bdist.linux-x86_64/wheel/minigalaxy-1.4.1.data/data/share/minigalaxy/translations/nb_NO/LC_MESSAGES
creating build/bdist.linux-x86_64/wheel/minigalaxy-1.4.1.data/data/share/minigalaxy/translations/ro/LC_MESSAGES
copying data/mo/ro/LC_MESSAGES/minigalaxy.mo -> build/bdist.linux-x86_64/wheel/minigalaxy-1.4.1.data/data/share/minigalaxy/translations/ro/LC_MESSAGES
running install_egg_info
Copying minigalaxy.egg-info to build/bdist.linux-x86_64/wheel/./minigalaxy-1.4.1-py3.14.egg-info
running install_scripts
creating build/bdist.linux-x86_64/wheel/minigalaxy-1.4.1.dist-info/WHEEL
creating '/build/minigalaxy-git/src/minigalaxy/dist/.tmp-kptxobtq/minigalaxy-1.4.1-py3-none-any.whl' and adding 'build/bdist.linux-x86_64/wheel' to it
adding 'minigalaxy/__init__.py'
adding 'minigalaxy/__main__.py'
adding 'minigalaxy/api.py'
adding 'minigalaxy/config.py'
adding 'minigalaxy/constants.py'
adding 'minigalaxy/css.py'
adding 'minigalaxy/download_manager.py'
adding 'minigalaxy/file_info.py'
adding 'minigalaxy/game.py'
adding 'minigalaxy/installer.py'
adding 'minigalaxy/launch_command.py'
adding 'minigalaxy/launcher.py'
adding 'minigalaxy/minigalaxy.py'
adding 'minigalaxy/paths.py'
adding 'minigalaxy/resources.py'
adding 'minigalaxy/translation.py'
adding 'minigalaxy/version.py'
adding 'minigalaxy/data/__init__.py'
adding 'minigalaxy/data/style.css'
adding 'minigalaxy/data/wine_disable_menubuilder.reg'
adding 'minigalaxy/download/__init__.py'
adding 'minigalaxy/download/combined_progress_watcher.py'
adding 'minigalaxy/download/model.py'
adding 'minigalaxy/entity/__init__.py'
adding 'minigalaxy/entity/state.py'
adding 'minigalaxy/ui/__init__.py'
adding 'minigalaxy/ui/about.py'
adding 'minigalaxy/ui/categoryfilters.py'
adding 'minigalaxy/ui/chooselauchoption.py'
adding 'minigalaxy/ui/download_list.py'
adding 'minigalaxy/ui/filterswitch.py'
adding 'minigalaxy/ui/game_icon_bar.py'
adding 'minigalaxy/ui/gametile.py'
adding 'minigalaxy/ui/gametilelist.py'
adding 'minigalaxy/ui/gtk.py'
adding 'minigalaxy/ui/information.py'
adding 'minigalaxy/ui/library.py'
adding 'minigalaxy/ui/library_entry.py'
adding 'minigalaxy/ui/login.py'
adding 'minigalaxy/ui/preferences.py'
adding 'minigalaxy/ui/properties.py'
adding 'minigalaxy/ui/webkit.py'
adding 'minigalaxy/ui/widget_utils.py'
adding 'minigalaxy/ui/window.py'
adding 'minigalaxy/ui/data/__init__.py'
adding 'minigalaxy/ui/data/about.ui'
adding 'minigalaxy/ui/data/application.ui'
adding 'minigalaxy/ui/data/categoryfilters.ui'
adding 'minigalaxy/ui/data/chooselaunchoption.ui'
adding 'minigalaxy/ui/data/download_action_buttons.ui'
adding 'minigalaxy/ui/data/download_list.ui'
adding 'minigalaxy/ui/data/download_list_entry.ui'
adding 'minigalaxy/ui/data/filterswitch.ui'
adding 'minigalaxy/ui/data/game_icon_bar.ui'
adding 'minigalaxy/ui/data/gametile.ui'
adding 'minigalaxy/ui/data/gametilelist.ui'
adding 'minigalaxy/ui/data/icon_linux.png'
adding 'minigalaxy/ui/data/icon_wine.png'
adding 'minigalaxy/ui/data/information.ui'
adding 'minigalaxy/ui/data/io.github.sharkwouter.Minigalaxy.png'
adding 'minigalaxy/ui/data/library.ui'
adding 'minigalaxy/ui/data/login.ui'
adding 'minigalaxy/ui/data/preferences.ui'
adding 'minigalaxy/ui/data/properties.ui'
adding 'minigalaxy-1.4.1.data/data/share/applications/io.github.sharkwouter.Minigalaxy.desktop'
adding 'minigalaxy-1.4.1.data/data/share/icons/hicolor/128x128/apps/io.github.sharkwouter.Minigalaxy.png'
adding 'minigalaxy-1.4.1.data/data/share/icons/hicolor/192x192/apps/io.github.sharkwouter.Minigalaxy.png'
adding 'minigalaxy-1.4.1.data/data/share/metainfo/io.github.sharkwouter.Minigalaxy.metainfo.xml'
adding 'minigalaxy-1.4.1.data/data/share/minigalaxy/translations/cs_CZ/LC_MESSAGES/minigalaxy.mo'
adding 'minigalaxy-1.4.1.data/data/share/minigalaxy/translations/de/LC_MESSAGES/minigalaxy.mo'
adding 'minigalaxy-1.4.1.data/data/share/minigalaxy/translations/el/LC_MESSAGES/minigalaxy.mo'
adding 'minigalaxy-1.4.1.data/data/share/minigalaxy/translations/es_AR/LC_MESSAGES/minigalaxy.mo'
adding 'minigalaxy-1.4.1.data/data/share/minigalaxy/translations/es_ES/LC_MESSAGES/minigalaxy.mo'
adding 'minigalaxy-1.4.1.data/data/share/minigalaxy/translations/fi/LC_MESSAGES/minigalaxy.mo'
adding 'minigalaxy-1.4.1.data/data/share/minigalaxy/translations/fr/LC_MESSAGES/minigalaxy.mo'
adding 'minigalaxy-1.4.1.data/data/share/minigalaxy/translations/it_IT/LC_MESSAGES/minigalaxy.mo'
adding 'minigalaxy-1.4.1.data/data/share/minigalaxy/translations/nb_NO/LC_MESSAGES/minigalaxy.mo'
adding 'minigalaxy-1.4.1.data/data/share/minigalaxy/translations/nl/LC_MESSAGES/minigalaxy.mo'
adding 'minigalaxy-1.4.1.data/data/share/minigalaxy/translations/nn_NO/LC_MESSAGES/minigalaxy.mo'
adding 'minigalaxy-1.4.1.data/data/share/minigalaxy/translations/pl/LC_MESSAGES/minigalaxy.mo'
adding 'minigalaxy-1.4.1.data/data/share/minigalaxy/translations/pt_BR/LC_MESSAGES/minigalaxy.mo'
adding 'minigalaxy-1.4.1.data/data/share/minigalaxy/translations/pt_PT/LC_MESSAGES/minigalaxy.mo'
adding 'minigalaxy-1.4.1.data/data/share/minigalaxy/translations/ro/LC_MESSAGES/minigalaxy.mo'
adding 'minigalaxy-1.4.1.data/data/share/minigalaxy/translations/ru_RU/LC_MESSAGES/minigalaxy.mo'
adding 'minigalaxy-1.4.1.data/data/share/minigalaxy/translations/sv_SE/LC_MESSAGES/minigalaxy.mo'
adding 'minigalaxy-1.4.1.data/data/share/minigalaxy/translations/tr/LC_MESSAGES/minigalaxy.mo'
adding 'minigalaxy-1.4.1.data/data/share/minigalaxy/translations/uk/LC_MESSAGES/minigalaxy.mo'
adding 'minigalaxy-1.4.1.data/data/share/minigalaxy/translations/zh_CN/LC_MESSAGES/minigalaxy.mo'
adding 'minigalaxy-1.4.1.data/data/share/minigalaxy/translations/zh_TW/LC_MESSAGES/minigalaxy.mo'
adding 'minigalaxy-1.4.1.dist-info/licenses/LICENSE'
adding 'minigalaxy-1.4.1.dist-info/licenses/THIRD-PARTY-LICENSES.md'
adding 'minigalaxy-1.4.1.dist-info/METADATA'
adding 'minigalaxy-1.4.1.dist-info/WHEEL'
adding 'minigalaxy-1.4.1.dist-info/entry_points.txt'
adding 'minigalaxy-1.4.1.dist-info/top_level.txt'
adding 'minigalaxy-1.4.1.dist-info/RECORD'
removing build/bdist.linux-x86_64/wheel
Successfully built minigalaxy-1.4.1-py3-none-any.whl
