-- The C compiler identification is GNU 16.2.1
-- The CXX compiler identification is GNU 16.2.1
-- Detecting C compiler ABI info
-- Detecting C compiler ABI info - done
-- Check for working C compiler: /usr/bin/cc - skipped
-- Detecting C compile features
-- Detecting C compile features - done
-- Detecting CXX compiler ABI info
-- Detecting CXX compiler ABI info - done
-- Check for working CXX compiler: /usr/bin/c++ - skipped
-- Detecting CXX compile features
-- Detecting CXX compile features - done
-- Skipping most warnings for non-Debug build
-- Found PkgConfig: /usr/bin/pkg-config (found version "3.0.7")
-- Checking for module 'miral>=5.1'
--   Found miral, version 6.0.0
-- Checking for module 'mirrenderer>=2.18'
--   Package 'mirrenderer' not found
-- Checking for module 'mirplatform>=2.18'
--   Found mirplatform, version 2.29.0
-- Checking for module 'mircommon>=2.18'
--   Found mircommon, version 2.29.0
-- Checking for module 'mirserver>=2.18'
--   Found mirserver, version 2.29.0
-- Checking for module 'mirserver-internal>=2.18'
--   Found mirserver-internal, version 2.29.0
-- Checking for module 'mirwayland>=2.18'
--   Found mirwayland, version 2.29.0
-- Checking for module 'glib-2.0'
--   Found glib-2.0, version 2.88.3
-- Checking for module 'yaml-cpp'
--   Found yaml-cpp, version 0.9.0
-- Checking for module 'libevdev'
--   Found libevdev, version 1.13.7
-- Found nlohmann_json: /usr/share/cmake/nlohmann_json/nlohmann_jsonConfig.cmake (found suitable version "3.12.0", minimum required is "3.2.0")
-- Checking for module 'egl'
--   Found egl, version 1.5
-- Checking for module 'glesv2'
--   Found glesv2, version 3.2
-- Checking for module 'xkbcommon'
--   Found xkbcommon, version 1.13.2
-- Checking for module 'miral'
--   Found miral, version 6.0.0
-- Checking for module 'mirserver'
--   Found mirserver, version 2.29.0
-- Checking for module 'mirtest'
--   Found mirtest, version 2.29.0
-- Found GTest: /usr/lib/cmake/GTest/GTestConfig.cmake (found version "1.18.0")
-- Checking for module 'mircore'
--   Found mircore, version 2.29.0
-- Checking for module 'wayland-client'
--   Found wayland-client, version 1.26.0
-- Checking for module 'json-c'
--   Found json-c, version 0.19
-- Checking for module 'gtk4'
--   Found gtk4, version 4.22.5
-- Checking for module 'gtk4-layer-shell-0'
--   Found gtk4-layer-shell-0, version 1.3.0
-- Checking for module 'json-c'
--   Found json-c, version 0.19
-- Configuring done (1.5s)
-- Generating done (0.0s)
-- Build files have been written to: /build/miracle-wm/src/build
[  1%] Generating ../xdg-shell-client-protocol.h
[  2%] Generating ../xdg-shell-protocol.c
[  3%] Building CXX object miracle-wm-c/CMakeFiles/miracle-wm-c.dir/src/config-cpp.cpp.o
[  4%] Building CXX object miraclemsg/CMakeFiles/miracle-ipc.dir/ipc_client.cpp.o
[  4%] Building CXX object miracle-wm-c/CMakeFiles/miracle-wm-c.dir/src/config-c.cpp.o
[  5%] Building C object protocols/CMakeFiles/xdg-shell-protocol.dir/__/xdg-shell-protocol.c.o
[  6%] Linking C static library libxdg-shell-protocol.a
[  6%] Built target xdg-shell-protocol
[  7%] Linking CXX static library libmiracle-ipc.a
[  7%] Built target miracle-ipc
[  8%] Building CXX object debug-overlay/CMakeFiles/miracle-wm-debug-overlay.dir/main.cpp.o
[  9%] Building CXX object error-reporter/CMakeFiles/miracle-wm-basic-error-reporter.dir/main.cpp.o
[  9%] Building CXX object miraclemsg/CMakeFiles/miraclemsg.dir/main.cpp.o
[  9%] Linking CXX executable miracle-wm-basic-error-reporter
[ 10%] Linking CXX executable miraclemsg
[ 10%] Linking CXX executable miracle-wm-debug-overlay
[ 10%] Built target miracle-wm-basic-error-reporter
[ 10%] Built target miraclemsg
[ 10%] Built target miracle-wm-debug-overlay
[ 11%] Linking CXX shared library libmiracle-wm-c.so
[ 11%] Built target miracle-wm-c
[ 13%] Building CXX object CMakeFiles/miracle-wm-plugins.dir/src/plugin_manager_impl.cpp.o
[ 13%] Building CXX object miracle-wm-c/CMakeFiles/test_miracle_wm_c_api.dir/tests/test_config_c.cpp.o
[ 14%] Building CXX object miracle-wm-c/CMakeFiles/test_miracle_wm_c_api.dir/tests/test_config_cpp.cpp.o
[ 15%] Building CXX object CMakeFiles/miracle-wm-implementation.dir/cmake_pch.hxx.gch
[ 15%] Linking CXX shared library libmiracle-wm-plugins.so
[ 16%] Linking CXX executable test_miracle_wm_c_api
[ 19%] Building CXX object CMakeFiles/miracle-wm-implementation.dir/src/output.cpp.o
[ 19%] Building CXX object CMakeFiles/miracle-wm-implementation.dir/src/container.cpp.o
[ 19%] Building CXX object CMakeFiles/miracle-wm-implementation.dir/src/ipc_message_handler.cpp.o
[ 20%] Building CXX object CMakeFiles/miracle-wm-implementation.dir/src/auto_restarting_launcher.cpp.o
[ 21%] Building CXX object CMakeFiles/miracle-wm-implementation.dir/src/debug_overlay_controller.cpp.o
[ 23%] Building CXX object CMakeFiles/miracle-wm-implementation.dir/src/ipc_connection_manager.cpp.o
[ 24%] Building CXX object CMakeFiles/miracle-wm-implementation.dir/src/window_helpers.cpp.o
[ 24%] Building CXX object CMakeFiles/miracle-wm-implementation.dir/src/workspace_observer.cpp.o
[ 24%] Building CXX object CMakeFiles/miracle-wm-implementation.dir/src/error_reporter_controller.cpp.o
[ 26%] Building CXX object CMakeFiles/miracle-wm-implementation.dir/src/workspace.cpp.o
[ 26%] Building CXX object CMakeFiles/miracle-wm-implementation.dir/src/parent_background_internal_client.cpp.o
[ 27%] Building CXX object CMakeFiles/miracle-wm-implementation.dir/src/policy.cpp.o
[ 26%] Building CXX object CMakeFiles/miracle-wm-implementation.dir/src/config.cpp.o
[ 28%] Building CXX object CMakeFiles/miracle-wm-implementation.dir/src/leaf_container.cpp.o
[ 28%] Building CXX object CMakeFiles/miracle-wm-implementation.dir/src/workspace_manager.cpp.o
[ 29%] Building CXX object CMakeFiles/miracle-wm-implementation.dir/src/parent_container.cpp.o
[ 30%] Building CXX object CMakeFiles/miracle-wm-implementation.dir/src/window_manager_tools_window_controller.cpp.o
[ 31%] Building CXX object CMakeFiles/miracle-wm-implementation.dir/src/renderer.cpp.o
[ 31%] Built target test_miracle_wm_c_api
[ 31%] Building CXX object CMakeFiles/miracle-wm-implementation.dir/src/tessellation_helpers.cpp.o
[ 31%] Built target miracle-wm-plugins
[ 32%] Building CXX object CMakeFiles/miracle-wm-implementation.dir/src/ipc_command.cpp.o
[ 33%] Building CXX object CMakeFiles/miracle-wm-implementation.dir/src/ipc_command_executor.cpp.o
[ 34%] Building CXX object CMakeFiles/miracle-wm-implementation.dir/src/render_data_manager.cpp.o
[ 35%] Building CXX object CMakeFiles/miracle-wm-implementation.dir/src/animator.cpp.o
[ 35%] Building CXX object CMakeFiles/miracle-wm-implementation.dir/src/animation.cpp.o
[ 36%] Building CXX object CMakeFiles/miracle-wm-implementation.dir/src/program_factory.cpp.o
[ 37%] Building CXX object CMakeFiles/miracle-wm-implementation.dir/src/mode_observer.cpp.o
[ 38%] Building CXX object CMakeFiles/miracle-wm-implementation.dir/src/shell_component_container.cpp.o
[ 39%] Building CXX object CMakeFiles/miracle-wm-implementation.dir/src/layout_scheme.cpp.o
[ 39%] Building CXX object CMakeFiles/miracle-wm-implementation.dir/src/scratchpad.cpp.o
[ 40%] Building CXX object CMakeFiles/miracle-wm-implementation.dir/src/compositor_state.cpp.o
[ 41%] Building CXX object CMakeFiles/miracle-wm-implementation.dir/src/command_controller.cpp.o
[ 42%] Building CXX object CMakeFiles/miracle-wm-implementation.dir/src/animator_loop.cpp.o
[ 43%] Building CXX object CMakeFiles/miracle-wm-implementation.dir/src/drag_and_drop_service.cpp.o
[ 43%] Building CXX object CMakeFiles/miracle-wm-implementation.dir/src/output_manager.cpp.o
[ 44%] Building CXX object CMakeFiles/miracle-wm-implementation.dir/src/output_factory.cpp.o
[ 45%] Building CXX object CMakeFiles/miracle-wm-implementation.dir/src/move_service.cpp.o
[ 46%] Building CXX object CMakeFiles/miracle-wm-implementation.dir/src/resize_service.cpp.o
[ 47%] Building CXX object CMakeFiles/miracle-wm-implementation.dir/src/forwarding_surface.cpp.o
[ 47%] Building CXX object CMakeFiles/miracle-wm-implementation.dir/src/dying_surface_manager.cpp.o
[ 48%] Building CXX object CMakeFiles/miracle-wm-implementation.dir/src/shader_2d.cpp.o
[ 49%] Building CXX object CMakeFiles/miracle-wm-implementation.dir/src/wlr-output-management-unstable-v1_wrapper.cpp.o
[ 50%] Building CXX object CMakeFiles/miracle-wm-implementation.dir/src/wlr-ouput-management-unstable-v1.cpp.o
[ 51%] Building CXX object CMakeFiles/miracle-wm-implementation.dir/src/output_listener.cpp.o
[ 51%] Building CXX object CMakeFiles/miracle-wm-implementation.dir/src/display_config.cpp.o
[ 52%] Building CXX object CMakeFiles/miracle-wm-implementation.dir/src/window_observer.cpp.o
[ 53%] Building CXX object CMakeFiles/miracle-wm-implementation.dir/src/config_observer.cpp.o
[ 54%] Building CXX object CMakeFiles/miracle-wm-implementation.dir/src/binding_event.cpp.o
[ 55%] Building CXX object CMakeFiles/miracle-wm-implementation.dir/src/magnifier_wrapper.cpp.o
[ 55%] Building CXX object CMakeFiles/miracle-wm-implementation.dir/src/math_helpers.cpp.o
[ 56%] Building CXX object CMakeFiles/miracle-wm-implementation.dir/src/plugin_manager_null.cpp.o
[ 57%] Building CXX object CMakeFiles/miracle-wm-implementation.dir/src/plugin_manager_loader.cpp.o
[ 58%] Building CXX object CMakeFiles/miracle-wm-implementation.dir/src/plugin_bridge.cpp.o
[ 59%] Building CXX object CMakeFiles/miracle-wm-implementation.dir/src/shell_application_manager.cpp.o
[ 59%] Building CXX object CMakeFiles/miracle-wm-implementation.dir/src/internal_shell_application_spawner.cpp.o
[ 60%] Building CXX object CMakeFiles/miracle-wm-implementation.dir/src/plugin_managed_container.cpp.o
[ 61%] Building CXX object CMakeFiles/miracle-wm-implementation.dir/src/freestyle_window_container.cpp.o
[ 62%] Building CXX object CMakeFiles/miracle-wm-implementation.dir/src/collection_container.cpp.o
[ 63%] Building CXX object CMakeFiles/miracle-wm-implementation.dir/src/container_effect.cpp.o
[ 63%] Building CXX object CMakeFiles/miracle-wm-implementation.dir/src/window_container.cpp.o
[ 64%] Building CXX object CMakeFiles/miracle-wm-implementation.dir/src/sampler_registry.cpp.o
[ 65%] Building CXX object CMakeFiles/miracle-wm-implementation.dir/src/scene_override.cpp.o
[ 66%] Building CXX object CMakeFiles/miracle-wm-implementation.dir/src/overview_controller.cpp.o
[ 67%] Building CXX object CMakeFiles/miracle-wm-implementation.dir/src/carousel_layout.cpp.o
[ 67%] Building CXX object CMakeFiles/miracle-wm-implementation.dir/src/overview_scene_override.cpp.o
[ 68%] Building CXX object CMakeFiles/miracle-wm-implementation.dir/src/workspace_preview.cpp.o
[ 69%] Building CXX object CMakeFiles/miracle-wm-implementation.dir/src/occlusion_bypass.cpp.o
[ 70%] Linking CXX static library libmiracle-wm-implementation.a
[ 70%] Built target miracle-wm-implementation
[ 71%] Building CXX object tests/CMakeFiles/miracle-wm-tests.dir/cmake_pch.hxx.gch
[ 72%] Building CXX object CMakeFiles/miracle-wm.dir/src/main.cpp.o
[ 73%] Linking CXX executable miracle-wm
[ 75%] Building CXX object tests/CMakeFiles/miracle-wm-tests.dir/test_workspace.cpp.o
[ 75%] Building CXX object tests/CMakeFiles/miracle-wm-tests.dir/test_drag_and_drop_service.cpp.o
[ 75%] Building CXX object tests/CMakeFiles/miracle-wm-tests.dir/test_animator.cpp.o
[ 76%] Building CXX object tests/CMakeFiles/miracle-wm-tests.dir/test_feature_flags.cpp.o
[ 77%] Building CXX object tests/CMakeFiles/miracle-wm-tests.dir/test_filesystem_configuration.cpp.o
[ 78%] Building CXX object tests/CMakeFiles/miracle-wm-tests.dir/test_ipc_command_parser.cpp.o
[ 79%] Building CXX object tests/CMakeFiles/miracle-wm-tests.dir/test_render_data_manager.cpp.o
[ 80%] Building CXX object tests/CMakeFiles/miracle-wm-tests.dir/test_resize_service.cpp.o
[ 80%] Building CXX object tests/CMakeFiles/miracle-wm-tests.dir/test_scene_override_manager.cpp.o
[ 81%] Building CXX object tests/CMakeFiles/miracle-wm-tests.dir/test_carousel_layout.cpp.o
[ 82%] Building CXX object tests/CMakeFiles/miracle-wm-tests.dir/test_output_manager.cpp.o
[ 82%] Building CXX object tests/CMakeFiles/miracle-wm-tests.dir/test_sampler_registry.cpp.o
[ 83%] Building CXX object tests/CMakeFiles/miracle-wm-tests.dir/test_workspace_preview.cpp.o
[ 84%] Building CXX object tests/CMakeFiles/miracle-wm-tests.dir/test_overview_scene_override.cpp.o
[ 85%] Building CXX object tests/CMakeFiles/miracle-wm-tests.dir/test_occlusion_bypass.cpp.o
[ 86%] Building CXX object tests/CMakeFiles/miracle-wm-tests.dir/test_output.cpp.o
[ 87%] Building CXX object tests/CMakeFiles/miracle-wm-tests.dir/test_output_move_workspace.cpp.o
[ 88%] Building CXX object tests/CMakeFiles/miracle-wm-tests.dir/test_freestyle_window_container.cpp.o
[ 88%] Building CXX object tests/CMakeFiles/miracle-wm-tests.dir/test_plugin_managed_container.cpp.o
/build/miracle-wm/src/miracle-wm/tests/test_output_move_workspace.cpp: In function ‘std::unique_ptr<testing::NiceMock<miracle::test::MockOutputFactory> > {anonymous}::create_output_factory(const std::vector<std::shared_ptr<miracle::AbstractOutput> >&)’:
/build/miracle-wm/src/miracle-wm/tests/test_output_move_workspace.cpp:47:30: warning: ‘typename std::decay<_Tp>::type testing::Invoke(FunctionImpl&&) [with FunctionImpl = {anonymous}::create_output_factory(const std::vector<std::shared_ptr<miracle::AbstractOutput> >&)::<lambda(std::string, int, mir::geometry::Rectangle)>; typename std::decay<_Tp>::type = {anonymous}::create_output_factory(const std::vector<std::shared_ptr<miracle::AbstractOutput> >&)::<lambda(std::string, int, mir::geometry::Rectangle)>]’ is deprecated: Actions can now be implicitly constructed from callables. No need to create wrapper objects using Invoke(). [-Wdeprecated-declarations]
   47 |         .WillByDefault(Invoke([&outputs, next](std::string, int, geom::Rectangle) -> std::shared_ptr<AbstractOutput>
      |                        ~~~~~~^~~~~~~~~~~~~~~~~~~~~~~~~~~~~~~~~~~~~~~~~~~~~~~~~~~~~~~~~~~~~~~~~~~~~~~~~~~~~~~~~~~~~~~
   48 |     {
      |     ~                         
   49 |         if (*next >= outputs.size())
      |         ~~~~~~~~~~~~~~~~~~~~~~~~~~~~
   50 |             return nullptr;
      |             ~~~~~~~~~~~~~~~   
   51 |         return outputs[(*next)++];
      |         ~~~~~~~~~~~~~~~~~~~~~~~~~~
   52 |     }));
      |     ~~                        
In file included from /usr/include/gmock/gmock.h:56,
                 from /build/miracle-wm/src/build/tests/CMakeFiles/miracle-wm-tests.dir/cmake_pch.hxx:29,
                 from <command-line>:
/usr/include/gmock/gmock-actions.h:2042:41: note: declared here
 2042 | typename std::decay<FunctionImpl>::type Invoke(FunctionImpl&& function_impl) {
      |                                         ^~~~~~
/build/miracle-wm/src/miracle-wm/tests/test_workspace_preview.cpp: In function ‘{anonymous}::MockWorkspacePtr {anonymous}::already_visible()’:
/build/miracle-wm/src/miracle-wm/tests/test_workspace_preview.cpp:62:30: warning: ‘typename std::decay<_Tp>::type testing::Invoke(FunctionImpl&&) [with FunctionImpl = {anonymous}::already_visible()::<lambda()>; typename std::decay<_Tp>::type = {anonymous}::already_visible()::<lambda()>]’ is deprecated: Actions can now be implicitly constructed from callables. No need to create wrapper objects using Invoke(). [-Wdeprecated-declarations]
   62 |         .WillByDefault(Invoke([weak = std::weak_ptr<AbstractWorkspace>(workspace)]
      |                        ~~~~~~^~~~~~~~~~~~~~~~~~~~~~~~~~~~~~~~~~~~~~~~~~~~~~~~~~~~~
   63 |     {
      |     ~                         
   64 |         return weak.lock();
      |         ~~~~~~~~~~~~~~~~~~~   
   65 |     }));
      |     ~~                        
In file included from /usr/include/gmock/gmock.h:56,
                 from /build/miracle-wm/src/build/tests/CMakeFiles/miracle-wm-tests.dir/cmake_pch.hxx:29,
                 from <command-line>:
/usr/include/gmock/gmock-actions.h:2042:41: note: declared here
 2042 | typename std::decay<FunctionImpl>::type Invoke(FunctionImpl&& function_impl) {
      |                                         ^~~~~~
/build/miracle-wm/src/miracle-wm/tests/test_workspace_preview.cpp: In member function ‘virtual void WorkspacePreviewTest_ReleaseLeavesAWorkspaceThatBecameActiveInTheScene_Test::TestBody()’:
/build/miracle-wm/src/miracle-wm/tests/test_workspace_preview.cpp:230:30: warning: ‘typename std::decay<_Tp>::type testing::Invoke(FunctionImpl&&) [with FunctionImpl = WorkspacePreviewTest_ReleaseLeavesAWorkspaceThatBecameActiveInTheScene_Test::TestBody()::<lambda()>; typename std::decay<_Tp>::type = WorkspacePreviewTest_ReleaseLeavesAWorkspaceThatBecameActiveInTheScene_Test::TestBody()::<lambda()>]’ is deprecated: Actions can now be implicitly constructed from callables. No need to create wrapper objects using Invoke(). [-Wdeprecated-declarations]
  230 |         .WillByDefault(Invoke([weak = std::weak_ptr<AbstractWorkspace>(workspace)]
      |                        ~~~~~~^~~~~~~~~~~~~~~~~~~~~~~~~~~~~~~~~~~~~~~~~~~~~~~~~~~~~
  231 |     {
      |     ~                         
  232 |         return weak.lock();
      |         ~~~~~~~~~~~~~~~~~~~   
  233 |     }));
      |     ~~                        
/usr/include/gmock/gmock-actions.h:2042:41: note: declared here
 2042 | typename std::decay<FunctionImpl>::type Invoke(FunctionImpl&& function_impl) {
      |                                         ^~~~~~
[ 89%] Building CXX object tests/CMakeFiles/miracle-wm-tests.dir/test_leaf_container.cpp.o
/build/miracle-wm/src/miracle-wm/tests/test_overview_scene_override.cpp: In constructor ‘OverviewSceneOverrideTest::OverviewSceneOverrideTest()’:
/build/miracle-wm/src/miracle-wm/tests/test_overview_scene_override.cpp:96:67: warning: ‘typename std::decay<_Tp>::type testing::Invoke(FunctionImpl&&) [with FunctionImpl = OverviewSceneOverrideTest::OverviewSceneOverrideTest()::<lambda()>; typename std::decay<_Tp>::type = OverviewSceneOverrideTest::OverviewSceneOverrideTest()::<lambda()>]’ is deprecated: Actions can now be implicitly constructed from callables. No need to create wrapper objects using Invoke(). [-Wdeprecated-declarations]
   96 |             ON_CALL(*workspace, get_output()).WillByDefault(Invoke([weak = std::weak_ptr(output)]
      |                                                             ~~~~~~^~~~~~~~~~~~~~~~~~~~~~~~~~~~~~~
   97 |             {
      |             ~                                                      
   98 |                 return std::static_pointer_cast<AbstractOutput>(weak.lock());
      |                 ~~~~~~~~~~~~~~~~~~~~~~~~~~~~~~~~~~~~~~~~~~~~~~~~~~~~~~~~~~~~~
   99 |             }));
      |             ~~                                                     
In file included from /usr/include/gmock/gmock.h:56,
                 from /build/miracle-wm/src/build/tests/CMakeFiles/miracle-wm-tests.dir/cmake_pch.hxx:29,
                 from <command-line>:
/usr/include/gmock/gmock-actions.h:2042:41: note: declared here
 2042 | typename std::decay<FunctionImpl>::type Invoke(FunctionImpl&& function_impl) {
      |                                         ^~~~~~
/build/miracle-wm/src/miracle-wm/tests/test_overview_scene_override.cpp:108:64: warning: ‘typename std::decay<_Tp>::type testing::Invoke(FunctionImpl&&) [with FunctionImpl = OverviewSceneOverrideTest::OverviewSceneOverrideTest()::<lambda()>; typename std::decay<_Tp>::type = OverviewSceneOverrideTest::OverviewSceneOverrideTest()::<lambda()>]’ is deprecated: Actions can now be implicitly constructed from callables. No need to create wrapper objects using Invoke(). [-Wdeprecated-declarations]
  108 |         ON_CALL(*output, get_workspaces()).WillByDefault(Invoke([this]
      |                                                          ~~~~~~^~~~~~~
  109 |         {
      |         ~                                                       
  110 |             return workspaces;
      |             ~~~~~~~~~~~~~~~~~~                                  
  111 |         }));
      |         ~~                                                      
/usr/include/gmock/gmock-actions.h:2042:41: note: declared here
 2042 | typename std::decay<FunctionImpl>::type Invoke(FunctionImpl&& function_impl) {
      |                                         ^~~~~~
/build/miracle-wm/src/miracle-wm/tests/test_overview_scene_override.cpp:112:56: warning: ‘typename std::decay<_Tp>::type testing::Invoke(FunctionImpl&&) [with FunctionImpl = OverviewSceneOverrideTest::OverviewSceneOverrideTest()::<lambda()>; typename std::decay<_Tp>::type = OverviewSceneOverrideTest::OverviewSceneOverrideTest()::<lambda()>]’ is deprecated: Actions can now be implicitly constructed from callables. No need to create wrapper objects using Invoke(). [-Wdeprecated-declarations]
  112 |         ON_CALL(*output, active()).WillByDefault(Invoke([weak = std::weak_ptr(first_workspace)]
      |                                                  ~~~~~~^~~~~~~~~~~~~~~~~~~~~~~~~~~~~~~~~~~~~~~~
  113 |         {
      |         ~                                               
  114 |             return std::static_pointer_cast<AbstractWorkspace>(weak.lock());
      |             ~~~~~~~~~~~~~~~~~~~~~~~~~~~~~~~~~~~~~~~~~~~~~~~~~~~~~~~~~~~~~~~~
  115 |         }));
      |         ~~                                              
/usr/include/gmock/gmock-actions.h:2042:41: note: declared here
 2042 | typename std::decay<FunctionImpl>::type Invoke(FunctionImpl&& function_impl) {
      |                                         ^~~~~~
/build/miracle-wm/src/miracle-wm/tests/test_overview_scene_override.cpp:130:34: warning: ‘typename std::decay<_Tp>::type testing::Invoke(FunctionImpl&&) [with FunctionImpl = OverviewSceneOverrideTest::OverviewSceneOverrideTest()::<lambda(const miral::Window&)>; typename std::decay<_Tp>::type = OverviewSceneOverrideTest::OverviewSceneOverrideTest()::<lambda(const miral::Window&)>]’ is deprecated: Actions can now be implicitly constructed from callables. No need to create wrapper objects using Invoke(). [-Wdeprecated-declarations]
  130 |             .WillByDefault(Invoke([this](miral::Window const& window)
      |                            ~~~~~~^~~~~~~~~~~~~~~~~~~~~~~~~~~~~~~~~~~~
  131 |         {
      |         ~                         
  132 |             auto const it = containers_by_surface.find(
      |             ~~~~~~~~~~~~~~~~~~~~~~~~~~~~~~~~~~~~~~~~~~~
  133 |                 window.operator std::shared_ptr<mir::scene::Surface>().get());
      |                 ~~~~~~~~~~~~~~~~~~~~~~~~~~~~~~~~~~~~~~~~~~~~~~~~~~~~~~~~~~~~~~
  134 |             return it == containers_by_surface.end() ? nullptr : it->second;
      |             ~~~~~~~~~~~~~~~~~~~~~~~~~~~~~~~~~~~~~~~~~~~~~~~~~~~~~~~~~~~~~~~~
  135 |         }));
      |         ~~                        
/usr/include/gmock/gmock-actions.h:2042:41: note: declared here
 2042 | typename std::decay<FunctionImpl>::type Invoke(FunctionImpl&& function_impl) {
      |                                         ^~~~~~
/build/miracle-wm/src/miracle-wm/tests/test_overview_scene_override.cpp:139:34: warning: ‘typename std::decay<_Tp>::type testing::Invoke(FunctionImpl&&) [with FunctionImpl = OverviewSceneOverrideTest::OverviewSceneOverrideTest()::<lambda(const std::function<void()>&)>; typename std::decay<_Tp>::type = OverviewSceneOverrideTest::OverviewSceneOverrideTest()::<lambda(const std::function<void()>&)>]’ is deprecated: Actions can now be implicitly constructed from callables. No need to create wrapper objects using Invoke(). [-Wdeprecated-declarations]
  139 |             .WillByDefault(Invoke([](std::function<void()> const& f)
      |                            ~~~~~~^~~~~~~~~~~~~~~~~~~~~~~~~~~~~~~~~~~
  140 |         {
      |         ~                         
  141 |             f();
      |             ~~~~                  
  142 |         }));
      |         ~~                        
/usr/include/gmock/gmock-actions.h:2042:41: note: declared here
 2042 | typename std::decay<FunctionImpl>::type Invoke(FunctionImpl&& function_impl) {
      |                                         ^~~~~~
[ 90%] Building CXX object tests/CMakeFiles/miracle-wm-tests.dir/test_scratchpad.cpp.o
[ 91%] Building CXX object tests/CMakeFiles/miracle-wm-tests.dir/test_command_controller.cpp.o
[ 92%] Building CXX object tests/CMakeFiles/miracle-wm-tests.dir/test_dying_surface_manager.cpp.o
[ 92%] Building CXX object tests/CMakeFiles/miracle-wm-tests.dir/test_tiling_algorithms.cpp.o
[ 93%] Building CXX object tests/CMakeFiles/miracle-wm-tests.dir/test_parent_container.cpp.o
/build/miracle-wm/src/miracle-wm/tests/test_command_controller.cpp: In member function ‘virtual void CommandControllerTest_CanRenameSelectedWorkspace_Test::TestBody()’:
/build/miracle-wm/src/miracle-wm/tests/test_command_controller.cpp:250:31: warning: ‘typename std::decay<_Tp>::type testing::Invoke(FunctionImpl&&) [with FunctionImpl = CommandControllerTest_CanRenameSelectedWorkspace_Test::TestBody()::<lambda()>; typename std::decay<_Tp>::type = CommandControllerTest_CanRenameSelectedWorkspace_Test::TestBody()::<lambda()>]’ is deprecated: Actions can now be implicitly constructed from callables. No need to create wrapper objects using Invoke(). [-Wdeprecated-declarations]
  250 |         .WillRepeatedly(Invoke([&workspaces]()
      |                         ~~~~~~^~~~~~~~~~~~~~~~
  251 |     { return workspaces; }));
      |     ~~~~~~~~~~~~~~~~~~~~~~~    
In file included from /usr/include/gmock/gmock.h:56,
                 from /build/miracle-wm/src/build/tests/CMakeFiles/miracle-wm-tests.dir/cmake_pch.hxx:29,
                 from <command-line>:
/usr/include/gmock/gmock-actions.h:2042:41: note: declared here
 2042 | typename std::decay<FunctionImpl>::type Invoke(FunctionImpl&& function_impl) {
      |                                         ^~~~~~
/build/miracle-wm/src/miracle-wm/tests/test_command_controller.cpp: In member function ‘virtual void CommandControllerTest_CanRenameExistingWorkspace_Test::TestBody()’:
/build/miracle-wm/src/miracle-wm/tests/test_command_controller.cpp:284:31: warning: ‘typename std::decay<_Tp>::type testing::Invoke(FunctionImpl&&) [with FunctionImpl = CommandControllerTest_CanRenameExistingWorkspace_Test::TestBody()::<lambda()>; typename std::decay<_Tp>::type = CommandControllerTest_CanRenameExistingWorkspace_Test::TestBody()::<lambda()>]’ is deprecated: Actions can now be implicitly constructed from callables. No need to create wrapper objects using Invoke(). [-Wdeprecated-declarations]
  284 |         .WillRepeatedly(Invoke([&workspaces]()
      |                         ~~~~~~^~~~~~~~~~~~~~~~
  285 |     { return workspaces; }));
      |     ~~~~~~~~~~~~~~~~~~~~~~~    
/usr/include/gmock/gmock-actions.h:2042:41: note: declared here
 2042 | typename std::decay<FunctionImpl>::type Invoke(FunctionImpl&& function_impl) {
      |                                         ^~~~~~
/build/miracle-wm/src/miracle-wm/tests/test_command_controller.cpp: In member function ‘virtual void CommandControllerTest_CanSetThePlacementPolicyOfTheFocusedWorkspace_Test::TestBody()’:
/build/miracle-wm/src/miracle-wm/tests/test_command_controller.cpp:319:31: warning: ‘typename std::decay<_Tp>::type testing::Invoke(FunctionImpl&&) [with FunctionImpl = CommandControllerTest_CanSetThePlacementPolicyOfTheFocusedWorkspace_Test::TestBody()::<lambda()>; typename std::decay<_Tp>::type = CommandControllerTest_CanSetThePlacementPolicyOfTheFocusedWorkspace_Test::TestBody()::<lambda()>]’ is deprecated: Actions can now be implicitly constructed from callables. No need to create wrapper objects using Invoke(). [-Wdeprecated-declarations]
  319 |         .WillRepeatedly(Invoke([&workspaces]()
      |                         ~~~~~~^~~~~~~~~~~~~~~~
  320 |     { return workspaces; }));
      |     ~~~~~~~~~~~~~~~~~~~~~~~    
/usr/include/gmock/gmock-actions.h:2042:41: note: declared here
 2042 | typename std::decay<FunctionImpl>::type Invoke(FunctionImpl&& function_impl) {
      |                                         ^~~~~~
/build/miracle-wm/src/miracle-wm/tests/test_command_controller.cpp: In member function ‘virtual void CommandControllerTest_CanSetThePlacementPolicyOfAWorkspaceByNumber_Test::TestBody()’:
/build/miracle-wm/src/miracle-wm/tests/test_command_controller.cpp:339:31: warning: ‘typename std::decay<_Tp>::type testing::Invoke(FunctionImpl&&) [with FunctionImpl = CommandControllerTest_CanSetThePlacementPolicyOfAWorkspaceByNumber_Test::TestBody()::<lambda()>; typename std::decay<_Tp>::type = CommandControllerTest_CanSetThePlacementPolicyOfAWorkspaceByNumber_Test::TestBody()::<lambda()>]’ is deprecated: Actions can now be implicitly constructed from callables. No need to create wrapper objects using Invoke(). [-Wdeprecated-declarations]
  339 |         .WillRepeatedly(Invoke([&workspaces]()
      |                         ~~~~~~^~~~~~~~~~~~~~~~
  340 |     { return workspaces; }));
      |     ~~~~~~~~~~~~~~~~~~~~~~~    
/usr/include/gmock/gmock-actions.h:2042:41: note: declared here
 2042 | typename std::decay<FunctionImpl>::type Invoke(FunctionImpl&& function_impl) {
      |                                         ^~~~~~
/build/miracle-wm/src/miracle-wm/tests/test_command_controller.cpp: In member function ‘virtual void CommandControllerTest_CanSetThePlacementPolicyOfAWorkspaceByName_Test::TestBody()’:
/build/miracle-wm/src/miracle-wm/tests/test_command_controller.cpp:364:31: warning: ‘typename std::decay<_Tp>::type testing::Invoke(FunctionImpl&&) [with FunctionImpl = CommandControllerTest_CanSetThePlacementPolicyOfAWorkspaceByName_Test::TestBody()::<lambda()>; typename std::decay<_Tp>::type = CommandControllerTest_CanSetThePlacementPolicyOfAWorkspaceByName_Test::TestBody()::<lambda()>]’ is deprecated: Actions can now be implicitly constructed from callables. No need to create wrapper objects using Invoke(). [-Wdeprecated-declarations]
  364 |         .WillRepeatedly(Invoke([&workspaces]()
      |                         ~~~~~~^~~~~~~~~~~~~~~~
  365 |     { return workspaces; }));
      |     ~~~~~~~~~~~~~~~~~~~~~~~    
/usr/include/gmock/gmock-actions.h:2042:41: note: declared here
 2042 | typename std::decay<FunctionImpl>::type Invoke(FunctionImpl&& function_impl) {
      |                                         ^~~~~~
/build/miracle-wm/src/miracle-wm/tests/test_command_controller.cpp: In member function ‘virtual void CommandControllerTest_SetPlacementPolicyFailsWhenTheWorkspaceIsNotFound_Test::TestBody()’:
/build/miracle-wm/src/miracle-wm/tests/test_command_controller.cpp:389:31: warning: ‘typename std::decay<_Tp>::type testing::Invoke(FunctionImpl&&) [with FunctionImpl = CommandControllerTest_SetPlacementPolicyFailsWhenTheWorkspaceIsNotFound_Test::TestBody()::<lambda()>; typename std::decay<_Tp>::type = CommandControllerTest_SetPlacementPolicyFailsWhenTheWorkspaceIsNotFound_Test::TestBody()::<lambda()>]’ is deprecated: Actions can now be implicitly constructed from callables. No need to create wrapper objects using Invoke(). [-Wdeprecated-declarations]
  389 |         .WillRepeatedly(Invoke([&workspaces]()
      |                         ~~~~~~^~~~~~~~~~~~~~~~
  390 |     { return workspaces; }));
      |     ~~~~~~~~~~~~~~~~~~~~~~~    
/usr/include/gmock/gmock-actions.h:2042:41: note: declared here
 2042 | typename std::decay<FunctionImpl>::type Invoke(FunctionImpl&& function_impl) {
      |                                         ^~~~~~
[ 94%] Building CXX object tests/CMakeFiles/miracle-wm-tests.dir/test_container.cpp.o
[ 95%] Building CXX object tests/CMakeFiles/miracle-wm-tests.dir/test_ipc_message_handler.cpp.o
[ 96%] Building CXX object tests/CMakeFiles/miracle-wm-tests.dir/test_ipc_command_executor.cpp.o
[ 96%] Building CXX object tests/CMakeFiles/miracle-wm-tests.dir/test_workspace_manager.cpp.o
[ 97%] Building CXX object tests/CMakeFiles/miracle-wm-tests.dir/test_compositor_state.cpp.o
[ 98%] Building CXX object tests/CMakeFiles/miracle-wm-tests.dir/test_plugin_helpers.cpp.o
/build/miracle-wm/src/miracle-wm/tests/test_workspace_manager.cpp: In function ‘std::unique_ptr<testing::NiceMock<miracle::test::MockOutputFactory> > {anonymous}::create_output_factory(const std::vector<std::shared_ptr<miracle::AbstractOutput> >&)’:
/build/miracle-wm/src/miracle-wm/tests/test_workspace_manager.cpp:41:30: warning: ‘typename std::decay<_Tp>::type testing::Invoke(FunctionImpl&&) [with FunctionImpl = {anonymous}::create_output_factory(const std::vector<std::shared_ptr<miracle::AbstractOutput> >&)::<lambda(std::string, int, mir::geometry::Rectangle)>; typename std::decay<_Tp>::type = {anonymous}::create_output_factory(const std::vector<std::shared_ptr<miracle::AbstractOutput> >&)::<lambda(std::string, int, mir::geometry::Rectangle)>]’ is deprecated: Actions can now be implicitly constructed from callables. No need to create wrapper objects using Invoke(). [-Wdeprecated-declarations]
   41 |         .WillByDefault(Invoke([&outputs, next](std::string, int, geom::Rectangle) -> std::shared_ptr<AbstractOutput>
      |                        ~~~~~~^~~~~~~~~~~~~~~~~~~~~~~~~~~~~~~~~~~~~~~~~~~~~~~~~~~~~~~~~~~~~~~~~~~~~~~~~~~~~~~~~~~~~~~
   42 |     {
      |     ~                         
   43 |         if (*next >= outputs.size())
      |         ~~~~~~~~~~~~~~~~~~~~~~~~~~~~
   44 |             return nullptr;
      |             ~~~~~~~~~~~~~~~   
   45 |         return outputs[(*next)++];
      |         ~~~~~~~~~~~~~~~~~~~~~~~~~~
   46 |     }));
      |     ~~                        
In file included from /usr/include/gmock/gmock.h:56,
                 from /build/miracle-wm/src/build/tests/CMakeFiles/miracle-wm-tests.dir/cmake_pch.hxx:29,
                 from <command-line>:
/usr/include/gmock/gmock-actions.h:2042:41: note: declared here
 2042 | typename std::decay<FunctionImpl>::type Invoke(FunctionImpl&& function_impl) {
      |                                         ^~~~~~
/build/miracle-wm/src/miracle-wm/tests/test_workspace_manager.cpp: In member function ‘void WorkspaceManagerTest::setup_output(const std::shared_ptr<testing::NiceMock<miracle::test::MockOutput> >&, int, std::vector<std::shared_ptr<miracle::AbstractWorkspace> >&, std::shared_ptr<miracle::AbstractWorkspace>&)’:
/build/miracle-wm/src/miracle-wm/tests/test_workspace_manager.cpp:72:54: warning: ‘typename std::decay<_Tp>::type testing::Invoke(FunctionImpl&&) [with FunctionImpl = WorkspaceManagerTest::setup_output(const std::shared_ptr<testing::NiceMock<miracle::test::MockOutput> >&, int, std::vector<std::shared_ptr<miracle::AbstractWorkspace> >&, std::shared_ptr<miracle::AbstractWorkspace>&)::<lambda()>; typename std::decay<_Tp>::type = WorkspaceManagerTest::setup_output(const std::shared_ptr<testing::NiceMock<miracle::test::MockOutput> >&, int, std::vector<std::shared_ptr<miracle::AbstractWorkspace> >&, std::shared_ptr<miracle::AbstractWorkspace>&)::<lambda()>]’ is deprecated: Actions can now be implicitly constructed from callables. No need to create wrapper objects using Invoke(). [-Wdeprecated-declarations]
   72 |         ON_CALL(*target, active).WillByDefault(Invoke([&target_active]
      |                                                ~~~~~~^~~~~~~~~~~~~~~~~
   73 |         { return target_active; }));
      |         ~~~~~~~~~~~~~~~~~~~~~~~~~~                    
/usr/include/gmock/gmock-actions.h:2042:41: note: declared here
 2042 | typename std::decay<FunctionImpl>::type Invoke(FunctionImpl&& function_impl) {
      |                                         ^~~~~~
/build/miracle-wm/src/miracle-wm/tests/test_workspace_manager.cpp:76:34: warning: ‘typename std::decay<_Tp>::type testing::Invoke(FunctionImpl&&) [with FunctionImpl = WorkspaceManagerTest::setup_output(const std::shared_ptr<testing::NiceMock<miracle::test::MockOutput> >&, int, std::vector<std::shared_ptr<miracle::AbstractWorkspace> >&, std::shared_ptr<miracle::AbstractWorkspace>&)::<lambda()>; typename std::decay<_Tp>::type = WorkspaceManagerTest::setup_output(const std::shared_ptr<testing::NiceMock<miracle::test::MockOutput> >&, int, std::vector<std::shared_ptr<miracle::AbstractWorkspace> >&, std::shared_ptr<miracle::AbstractWorkspace>&)::<lambda()>]’ is deprecated: Actions can now be implicitly constructed from callables. No need to create wrapper objects using Invoke(). [-Wdeprecated-declarations]
   76 |             .WillByDefault(Invoke([&target_workspaces]()
      |                            ~~~~~~^~~~~~~~~~~~~~~~~~~~~~~
   77 |         { return target_workspaces; }));
      |         ~~~~~~~~~~~~~~~~~~~~~~~~~~~~~~
/usr/include/gmock/gmock-actions.h:2042:41: note: declared here
 2042 | typename std::decay<FunctionImpl>::type Invoke(FunctionImpl&& function_impl) {
      |                                         ^~~~~~
/build/miracle-wm/src/miracle-wm/tests/test_workspace_manager.cpp:82:34: warning: ‘typename std::decay<_Tp>::type testing::Invoke(FunctionImpl&&) [with FunctionImpl = WorkspaceManagerTest::setup_output(const std::shared_ptr<testing::NiceMock<miracle::test::MockOutput> >&, int, std::vector<std::shared_ptr<miracle::AbstractWorkspace> >&, std::shared_ptr<miracle::AbstractWorkspace>&)::<lambda(const miracle::WorkspaceCreationData&)>; typename std::decay<_Tp>::type = WorkspaceManagerTest::setup_output(const std::shared_ptr<testing::NiceMock<miracle::test::MockOutput> >&, int, std::vector<std::shared_ptr<miracle::AbstractWorkspace> >&, std::shared_ptr<miracle::AbstractWorkspace>&)::<lambda(const miracle::WorkspaceCreationData&)>]’ is deprecated: Actions can now be implicitly constructed from callables. No need to create wrapper objects using Invoke(). [-Wdeprecated-declarations]
   82 |             .WillByDefault(Invoke([this, weak_target = std::weak_ptr<NiceMock<test::MockOutput>>(target)](
      |                            ~~~~~~^~~~~~~~~~~~~~~~~~~~~~~~~~~~~~~~~~~~~~~~~~~~~~~~~~~~~~~~~~~~~~~~~~~~~~~~~
   83 |                                       WorkspaceCreationData const& data)
      |                                       ~~~~~~~~~~~~~~~~~~~~~~~~~~~~~~~~~~
   84 |         {
      |         ~                         
   85 |             add_new_workspace(data, weak_target.lock());
      |             ~~~~~~~~~~~~~~~~~~~~~~~~~~~~~~~~~~~~~~~~~~~~
   86 |         }));
      |         ~~                        
/usr/include/gmock/gmock-actions.h:2042:41: note: declared here
 2042 | typename std::decay<FunctionImpl>::type Invoke(FunctionImpl&& function_impl) {
      |                                         ^~~~~~
/build/miracle-wm/src/miracle-wm/tests/test_workspace_manager.cpp:89:34: warning: ‘typename std::decay<_Tp>::type testing::Invoke(FunctionImpl&&) [with FunctionImpl = WorkspaceManagerTest::setup_output(const std::shared_ptr<testing::NiceMock<miracle::test::MockOutput> >&, int, std::vector<std::shared_ptr<miracle::AbstractWorkspace> >&, std::shared_ptr<miracle::AbstractWorkspace>&)::<lambda(miracle::WorkspaceManager&, uint32_t, bool)>; typename std::decay<_Tp>::type = WorkspaceManagerTest::setup_output(const std::shared_ptr<testing::NiceMock<miracle::test::MockOutput> >&, int, std::vector<std::shared_ptr<miracle::AbstractWorkspace> >&, std::shared_ptr<miracle::AbstractWorkspace>&)::<lambda(miracle::WorkspaceManager&, uint32_t, bool)>]’ is deprecated: Actions can now be implicitly constructed from callables. No need to create wrapper objects using Invoke(). [-Wdeprecated-declarations]
   89 |             .WillByDefault(Invoke([&target_workspaces, &target_active](WorkspaceManager& manager, uint32_t id, bool) -> bool
      |                            ~~~~~~^~~~~~~~~~~~~~~~~~~~~~~~~~~~~~~~~~~~~~~~~~~~~~~~~~~~~~~~~~~~~~~~~~~~~~~~~~~~~~~~~~~~~~~~~~~
   90 |         {
      |         ~                         
   91 |             auto iter = std::ranges::find_if(target_workspaces, [id](const auto& workspace)
      |             ~~~~~~~~~~~~~~~~~~~~~~~~~~~~~~~~~~~~~~~~~~~~~~~~~~~~~~~~~~~~~~~~~~~~~~~~~~~~~~~
   92 |             {
      |             ~                     
   93 |                 return workspace->id() == id;
      |                 ~~~~~~~~~~~~~~~~~~~~~~~~~~~~~
   94 |             });
      |             ~~~                   
   95 | 
      |                                   
   96 |             if (iter != target_workspaces.end())
      |             ~~~~~~~~~~~~~~~~~~~~~~~~~~~~~~~~~~~~
   97 |             {
      |             ~                     
   98 |                 target_active = *iter;
      |                 ~~~~~~~~~~~~~~~~~~~~~~
   99 |                 return true;
      |                 ~~~~~~~~~~~~      
  100 |             }
      |             ~                     
  101 | 
      |                                   
  102 |             return false;
      |             ~~~~~~~~~~~~~         
  103 |         }));
      |         ~~                        
/usr/include/gmock/gmock-actions.h:2042:41: note: declared here
 2042 | typename std::decay<FunctionImpl>::type Invoke(FunctionImpl&& function_impl) {
      |                                         ^~~~~~
[ 99%] Building CXX object tests/CMakeFiles/miracle-wm-tests.dir/test_display_config.cpp.o
[ 99%] Built target miracle-wm
[100%] Linking CXX executable miracle-wm-tests
[100%] Built target miracle-wm-tests
