-- The C compiler identification is GNU 16.2.1
-- The CXX compiler identification is GNU 16.2.1
-- Detecting C compiler ABI info
-- Detecting C compiler ABI info - done
-- Check for working C compiler: /usr/bin/cc - skipped
-- Detecting C compile features
-- Detecting C compile features - done
-- Detecting CXX compiler ABI info
-- Detecting CXX compiler ABI info - done
-- Check for working CXX compiler: /usr/bin/c++ - skipped
-- Detecting CXX compile features
-- Detecting CXX compile features - done
-- Skipping most warnings for non-Debug build
-- Found PkgConfig: /usr/bin/pkg-config (found version "3.0.7")
-- Checking for module 'miral>=5.1'
--   Found miral, version 6.0.0
-- Checking for module 'mirrenderer>=2.18'
--   Package 'mirrenderer' not found
-- Checking for module 'mirplatform>=2.18'
--   Found mirplatform, version 2.29.0
-- Checking for module 'mircommon>=2.18'
--   Found mircommon, version 2.29.0
-- Checking for module 'mirserver>=2.18'
--   Found mirserver, version 2.29.0
-- Checking for module 'mirserver-internal>=2.18'
--   Found mirserver-internal, version 2.29.0
-- Checking for module 'mirwayland>=2.18'
--   Found mirwayland, version 2.29.0
-- Checking for module 'glib-2.0'
--   Found glib-2.0, version 2.88.3
-- Checking for module 'yaml-cpp'
--   Found yaml-cpp, version 0.9.0
-- Checking for module 'libevdev'
--   Found libevdev, version 1.13.7
-- Found nlohmann_json: /usr/share/cmake/nlohmann_json/nlohmann_jsonConfig.cmake (found suitable version "3.12.0", minimum required is "3.2.0")
-- Checking for module 'egl'
--   Found egl, version 1.5
-- Checking for module 'glesv2'
--   Found glesv2, version 3.2
-- Checking for module 'xkbcommon'
--   Found xkbcommon, version 1.13.2
-- Checking for module 'miral'
--   Found miral, version 6.0.0
-- Checking for module 'mirserver'
--   Found mirserver, version 2.29.0
-- Checking for module 'mirtest'
--   Found mirtest, version 2.29.0
-- Found GTest: /usr/lib/cmake/GTest/GTestConfig.cmake (found version "1.18.0")
-- Checking for module 'mircore'
--   Found mircore, version 2.29.0
-- Checking for module 'wayland-client'
--   Found wayland-client, version 1.26.0
-- Checking for module 'json-c'
--   Found json-c, version 0.19
-- Checking for module 'gtk4'
--   Found gtk4, version 4.22.5
-- Checking for module 'gtk4-layer-shell-0'
--   Found gtk4-layer-shell-0, version 1.3.0
-- Checking for module 'json-c'
--   Found json-c, version 0.19
-- Configuring done (2.9s)
-- Generating done (0.1s)
-- Build files have been written to: /build/miracle-wm/src/build
[  1%] Generating ../xdg-shell-protocol.c
[  2%] Generating ../xdg-shell-client-protocol.h
[  2%] Building CXX object miraclemsg/CMakeFiles/miracle-ipc.dir/ipc_client.cpp.o
[  3%] Building CXX object miracle-wm-c/CMakeFiles/miracle-wm-c.dir/src/config-c.cpp.o
[  4%] Building CXX object miracle-wm-c/CMakeFiles/miracle-wm-c.dir/src/config-cpp.cpp.o
[  5%] Building C object protocols/CMakeFiles/xdg-shell-protocol.dir/__/xdg-shell-protocol.c.o
[  6%] Linking C static library libxdg-shell-protocol.a
[  6%] Built target xdg-shell-protocol
[  7%] Linking CXX static library libmiracle-ipc.a
[  7%] Built target miracle-ipc
[  8%] Building CXX object debug-overlay/CMakeFiles/miracle-wm-debug-overlay.dir/main.cpp.o
[  9%] Building CXX object error-reporter/CMakeFiles/miracle-wm-basic-error-reporter.dir/main.cpp.o
[ 10%] Building CXX object miraclemsg/CMakeFiles/miraclemsg.dir/main.cpp.o
[ 11%] Linking CXX executable miracle-wm-basic-error-reporter
[ 11%] Linking CXX executable miraclemsg
[ 12%] Linking CXX executable miracle-wm-debug-overlay
[ 12%] Built target miracle-wm-basic-error-reporter
[ 12%] Built target miraclemsg
[ 12%] Built target miracle-wm-debug-overlay
[ 12%] Linking CXX shared library libmiracle-wm-c.so
[ 12%] Built target miracle-wm-c
[ 14%] Building CXX object CMakeFiles/miracle-wm-plugins.dir/src/plugin_manager_impl.cpp.o
[ 14%] Building CXX object miracle-wm-c/CMakeFiles/test_miracle_wm_c_api.dir/tests/test_config_cpp.cpp.o
[ 15%] Building CXX object miracle-wm-c/CMakeFiles/test_miracle_wm_c_api.dir/tests/test_config_c.cpp.o
[ 16%] Building CXX object CMakeFiles/miracle-wm-implementation.dir/cmake_pch.hxx.gch
[ 17%] Linking CXX shared library libmiracle-wm-plugins.so
[ 18%] Linking CXX executable test_miracle_wm_c_api
[ 19%] Building CXX object CMakeFiles/miracle-wm-implementation.dir/src/window_helpers.cpp.o
[ 20%] Building CXX object CMakeFiles/miracle-wm-implementation.dir/src/config.cpp.o
[ 21%] Building CXX object CMakeFiles/miracle-wm-implementation.dir/src/output.cpp.o
[ 21%] Building CXX object CMakeFiles/miracle-wm-implementation.dir/src/parent_background_internal_client.cpp.o
[ 22%] Building CXX object CMakeFiles/miracle-wm-implementation.dir/src/auto_restarting_launcher.cpp.o
[ 23%] Building CXX object CMakeFiles/miracle-wm-implementation.dir/src/error_reporter_controller.cpp.o
[ 24%] Building CXX object CMakeFiles/miracle-wm-implementation.dir/src/policy.cpp.o
[ 25%] Building CXX object CMakeFiles/miracle-wm-implementation.dir/src/workspace_manager.cpp.o
[ 26%] Building CXX object CMakeFiles/miracle-wm-implementation.dir/src/container.cpp.o
[ 27%] Building CXX object CMakeFiles/miracle-wm-implementation.dir/src/ipc_message_handler.cpp.o
[ 28%] Building CXX object CMakeFiles/miracle-wm-implementation.dir/src/workspace.cpp.o
[ 29%] Building CXX object CMakeFiles/miracle-wm-implementation.dir/src/debug_overlay_controller.cpp.o
[ 30%] Building CXX object CMakeFiles/miracle-wm-implementation.dir/src/parent_container.cpp.o
[ 31%] Building CXX object CMakeFiles/miracle-wm-implementation.dir/src/workspace_observer.cpp.o
[ 31%] Building CXX object CMakeFiles/miracle-wm-implementation.dir/src/leaf_container.cpp.o
[ 32%] Building CXX object CMakeFiles/miracle-wm-implementation.dir/src/ipc_connection_manager.cpp.o
[ 33%] Building CXX object CMakeFiles/miracle-wm-implementation.dir/src/window_manager_tools_window_controller.cpp.o
/build/miracle-wm/src/miracle-wm/src/window_helpers.cpp: In function ‘miral::WindowSpecification miracle::window_helpers::copy_from(const miral::WindowInfo&)’:
/build/miracle-wm/src/miracle-wm/src/window_helpers.cpp:42:31: error: ‘class std::optional<mir::geometry::generic::Rectangle<int> >’ has no member named ‘is_set’
   42 |     if (info.exclusive_rect().is_set())
      |                               ^~~~~~
/build/miracle-wm/src/miracle-wm/src/window_helpers.cpp:44:38: error: ‘optional_value’ is not a member of ‘mir’
   44 |         spec.exclusive_rect() = mir::optional_value<mir::optional_value<geom::Rectangle>>(info.exclusive_rect());
      |                                      ^~~~~~~~~~~~~~
/build/miracle-wm/src/miracle-wm/src/window_helpers.cpp:44:58: error: ‘optional_value’ is not a member of ‘mir’
   44 |         spec.exclusive_rect() = mir::optional_value<mir::optional_value<geom::Rectangle>>(info.exclusive_rect());
      |                                                          ^~~~~~~~~~~~~~
/build/miracle-wm/src/miracle-wm/src/window_helpers.cpp:44:88: error: expected primary-expression before ‘>>’ token
   44 |         spec.exclusive_rect() = mir::optional_value<mir::optional_value<geom::Rectangle>>(info.exclusive_rect());
      |                                                                                        ^~
/build/miracle-wm/src/miracle-wm/src/leaf_container.cpp: In member function ‘virtual void miracle::LeafContainer::handle_modify(const miral::WindowSpecification&, bool)’:
/build/miracle-wm/src/miracle-wm/src/leaf_container.cpp:281:22: error: ‘class std::optional<MirWindowState>’ has no member named ‘is_set’
  281 |     if (mods.state().is_set())
      |                      ^~~~~~
/build/miracle-wm/src/miracle-wm/src/leaf_container.cpp:306:26: error: ‘class std::optional<MirWindowState>’ has no member named ‘consume’
  306 |             mods.state().consume();
      |                          ^~~~~~~
/build/miracle-wm/src/miracle-wm/src/leaf_container.cpp:339:25: error: ‘class std::optional<mir::geometry::generic::Size<int> >’ has no member named ‘is_set’
  339 |         if (mods.size().is_set() && mods.size().value() != visible_area.size)
      |                         ^~~~~~
/build/miracle-wm/src/miracle-wm/src/leaf_container.cpp:340:25: error: ‘class std::optional<mir::geometry::generic::Size<int> >’ has no member named ‘consume’
  340 |             mods.size().consume();
      |                         ^~~~~~~
/build/miracle-wm/src/miracle-wm/src/leaf_container.cpp:341:29: error: ‘class std::optional<mir::geometry::generic::Point<int> >’ has no member named ‘is_set’
  341 |         if (mods.top_left().is_set() && mods.top_left().value() != visible_area.top_left)
      |                             ^~~~~~
/build/miracle-wm/src/miracle-wm/src/leaf_container.cpp:342:29: error: ‘class std::optional<mir::geometry::generic::Point<int> >’ has no member named ‘consume’
  342 |             mods.top_left().consume();
      |                             ^~~~~~~
[ 34%] Building CXX object CMakeFiles/miracle-wm-implementation.dir/src/renderer.cpp.o
/build/miracle-wm/src/miracle-wm/src/parent_container.cpp: In member function ‘mir::geometry::Rectangle miracle::ParentContainer::create_space(std::optional<long unsigned int>)’:
/build/miracle-wm/src/miracle-wm/src/parent_container.cpp:170:14: error: ‘fatal_error’ is not a member of ‘mir’
  170 |         mir::fatal_error("Invalid scheme during create_space");
      |              ^~~~~~~~~~~
/build/miracle-wm/src/miracle-wm/src/parent_container.cpp: In member function ‘miral::WindowSpecification miracle::ParentContainer::place_new_window(const miral::WindowSpecification&, std::optional<long unsigned int>)’:
/build/miracle-wm/src/miracle-wm/src/parent_container.cpp:203:26: error: ‘class std::optional<MirWindowState>’ has no member named ‘is_set’
  203 |     if (new_spec.state().is_set())
      |                          ^~~~~~
/build/miracle-wm/src/miracle-wm/src/parent_container.cpp:220:26: error: ‘class std::optional<MirWindowState>’ has no member named ‘is_set’
  220 |         new_spec.state().is_set() && new_spec.state() == mir_window_state_fullscreen);
      |                          ^~~~~~
/build/miracle-wm/src/miracle-wm/src/parent_container.cpp: In member function ‘std::shared_ptr<miracle::ParentContainer> miracle::ParentContainer::convert_to_parent(const std::shared_ptr<miracle::Container>&)’:
/build/miracle-wm/src/miracle-wm/src/parent_container.cpp:270:14: error: ‘fatal_error’ is not a member of ‘mir’
  270 |         mir::fatal_error("Attempting to convert a node to lane with an incorrect parent");
      |              ^~~~~~~~~~~
In file included from /build/miracle-wm/src/miracle-wm/src/window_manager_tools_window_controller.cpp:26:
/build/miracle-wm/src/miracle-wm/src/policy.h:103:10: error: ‘void miracle::Policy::handle_raise_window(miral::WindowInfo&)’ marked ‘override’, but does not override
  103 |     void handle_raise_window(miral::WindowInfo& window_info) override;
      |          ^~~~~~~~~~~~~~~~~~~
/build/miracle-wm/src/miracle-wm/src/window_manager_tools_window_controller.cpp: In member function ‘virtual void miracle::WindowManagerToolsWindowController::noclip(const miral::Window&)’:
/build/miracle-wm/src/miracle-wm/src/window_manager_tools_window_controller.cpp:177:32: error: ‘optional_value’ is not a member of ‘mir’
  177 |     window_info.clip_area(mir::optional_value<geom::Rectangle>());
      |                                ^~~~~~~~~~~~~~
/build/miracle-wm/src/miracle-wm/src/window_manager_tools_window_controller.cpp:177:62: error: expected primary-expression before ‘>’ token
  177 |     window_info.clip_area(mir::optional_value<geom::Rectangle>());
      |                                                              ^
/build/miracle-wm/src/miracle-wm/src/window_manager_tools_window_controller.cpp:177:64: error: expected primary-expression before ‘)’ token
  177 |     window_info.clip_area(mir::optional_value<geom::Rectangle>());
      |                                                                ^
In file included from /build/miracle-wm/src/miracle-wm/src/policy.cpp:20:
/build/miracle-wm/src/miracle-wm/src/policy.h:103:10: error: ‘void miracle::Policy::handle_raise_window(miral::WindowInfo&)’ marked ‘override’, but does not override
  103 |     void handle_raise_window(miral::WindowInfo& window_info) override;
      |          ^~~~~~~~~~~~~~~~~~~
[ 35%] Building CXX object CMakeFiles/miracle-wm-implementation.dir/src/tessellation_helpers.cpp.o
[ 36%] Building CXX object CMakeFiles/miracle-wm-implementation.dir/src/ipc_command.cpp.o
/build/miracle-wm/src/miracle-wm/src/policy.cpp: In member function ‘virtual miral::WindowSpecification miracle::Policy::place_new_window(const miral::ApplicationInfo&, const miral::WindowSpecification&)’:
/build/miracle-wm/src/miracle-wm/src/policy.cpp:609:82: error: ‘const class std::optional<std::optional<mir::geometry::generic::Rectangle<int> > >’ has no member named ‘is_set’
  609 |         auto const has_exclusive_rect = requested_specification.exclusive_rect().is_set();
      |                                                                                  ^~~~~~
/build/miracle-wm/src/miracle-wm/src/policy.cpp:610:75: error: ‘const class std::optional<MirPlacementGravity>’ has no member named ‘is_set’
  610 |         auto const is_attached = requested_specification.attached_edges().is_set();
      |                                                                           ^~~~~~
make[2]: *** [CMakeFiles/miracle-wm-implementation.dir/build.make:128: CMakeFiles/miracle-wm-implementation.dir/src/window_helpers.cpp.o] Error 1
make[2]: *** Waiting for unfinished jobs....
[ 36%] Built target test_miracle_wm_c_api
[ 36%] Built target miracle-wm-plugins
make[2]: *** [CMakeFiles/miracle-wm-implementation.dir/build.make:320: CMakeFiles/miracle-wm-implementation.dir/src/leaf_container.cpp.o] Error 1
make[2]: *** [CMakeFiles/miracle-wm-implementation.dir/build.make:352: CMakeFiles/miracle-wm-implementation.dir/src/window_manager_tools_window_controller.cpp.o] Error 1
make[2]: *** [CMakeFiles/miracle-wm-implementation.dir/build.make:336: CMakeFiles/miracle-wm-implementation.dir/src/parent_container.cpp.o] Error 1
make[2]: *** [CMakeFiles/miracle-wm-implementation.dir/build.make:96: CMakeFiles/miracle-wm-implementation.dir/src/policy.cpp.o] Error 1
make[1]: *** [CMakeFiles/Makefile2:238: CMakeFiles/miracle-wm-implementation.dir/all] Error 2
make: *** [Makefile:136: all] Error 2
[1m[31m==> ERROR:(B[m[1m A failure occurred in build().(B[m
[1m    Aborting...(B[m
