Running aclocal -I .  ...
Running automake --gnu  ...
configure.ac:102: warning: omit leading './' from config file names such as './mono-addins.spec';
configure.ac:102: remake rules might be subtly broken otherwise
configure.ac:102: warning: omit leading './' from config file names such as './Mono.Addins/mono-addins.pc';
configure.ac:102: remake rules might be subtly broken otherwise
configure.ac:102: warning: omit leading './' from config file names such as './Mono.Addins.Gui/mono-addins-gui.pc';
configure.ac:102: remake rules might be subtly broken otherwise
configure.ac:102: warning: omit leading './' from config file names such as './Mono.Addins.GuiGtk3/mono-addins-gui-gtk3.pc';
configure.ac:102: remake rules might be subtly broken otherwise
configure.ac:102: warning: omit leading './' from config file names such as './Mono.Addins.Setup/mono-addins-setup.pc';
configure.ac:102: remake rules might be subtly broken otherwise
configure.ac:102: warning: omit leading './' from config file names such as './Mono.Addins.MSBuild/mono-addins-msbuild.pc';
configure.ac:102: remake rules might be subtly broken otherwise
configure.ac:102: warning: omit leading './' from config file names such as './Makefile';
configure.ac:102: remake rules might be subtly broken otherwise
configure.ac:102: warning: omit leading './' from config file names such as './policy.config';
configure.ac:102: remake rules might be subtly broken otherwise
configure.ac:102: warning: omit leading './' from config file names such as './Mono.Addins.Gui/Makefile';
configure.ac:102: remake rules might be subtly broken otherwise
configure.ac:102: warning: omit leading './' from config file names such as './Mono.Addins.GuiGtk3/Makefile';
configure.ac:102: remake rules might be subtly broken otherwise
configure.ac:102: warning: omit leading './' from config file names such as './Mono.Addins.Setup/Makefile';
configure.ac:102: remake rules might be subtly broken otherwise
configure.ac:102: warning: omit leading './' from config file names such as './Mono.Addins/Makefile';
configure.ac:102: remake rules might be subtly broken otherwise
configure.ac:102: warning: omit leading './' from config file names such as './Mono.Addins.CecilReflector/Makefile';
configure.ac:102: remake rules might be subtly broken otherwise
configure.ac:102: warning: omit leading './' from config file names such as './Mono.Addins.MSBuild/Makefile';
configure.ac:102: remake rules might be subtly broken otherwise
configure.ac:102: warning: omit leading './' from config file names such as './mautil/Makefile';
configure.ac:102: remake rules might be subtly broken otherwise
configure.ac:102: warning: omit leading './' from config file names such as './mautil/mautil';
configure.ac:102: remake rules might be subtly broken otherwise
configure.ac:102: warning: omit leading './' from config file names such as './docs/Makefile';
configure.ac:102: remake rules might be subtly broken otherwise
configure.ac:102: warning: omit leading './' from config file names such as './Test/HelloWorldExtension/Makefile';
configure.ac:102: remake rules might be subtly broken otherwise
configure.ac:102: warning: omit leading './' from config file names such as './Test/FileContentExtension/Makefile';
configure.ac:102: remake rules might be subtly broken otherwise
configure.ac:102: warning: omit leading './' from config file names such as './Test/UnitTests/Makefile';
configure.ac:102: remake rules might be subtly broken otherwise
configure.ac:102: warning: omit leading './' from config file names such as './Test/CommandExtension/Makefile';
configure.ac:102: remake rules might be subtly broken otherwise
configure.ac:102: warning: omit leading './' from config file names such as './Test/SystemInfoExtension/Makefile';
configure.ac:102: remake rules might be subtly broken otherwise
configure.ac:102: warning: omit leading './' from config file names such as './Test/FileExtender/Makefile';
configure.ac:102: remake rules might be subtly broken otherwise
configure.ac:102: warning: omit leading './' from config file names such as './Test/Makefile';
configure.ac:102: remake rules might be subtly broken otherwise
configure.ac:4: installing './install-sh'
configure.ac:4: installing './missing'
xbuild.include:63: warning: EXTRA_DIST multiply defined in condition TRUE ...
./Mono.Addins.CecilReflector/Makefile.am:8:   'xbuild.include' included from here
Makefile.include:30: ... 'EXTRA_DIST' previously defined here
./Mono.Addins.CecilReflector/Makefile.am:7:   'Makefile.include' included from here
xbuild.include:63: warning: EXTRA_DIST multiply defined in condition ENABLE_GUI ...
./Mono.Addins.Gui/Makefile.am:12:   'xbuild.include' included from here
Makefile.include:30: ... 'EXTRA_DIST' previously defined here
./Mono.Addins.Gui/Makefile.am:11:   'Makefile.include' included from here
xbuild.include:63: warning: EXTRA_DIST multiply defined in condition ENABLE_GUI_GTK3 ...
./Mono.Addins.GuiGtk3/Makefile.am:12:   'xbuild.include' included from here
Makefile.include:30: ... 'EXTRA_DIST' previously defined here
./Mono.Addins.GuiGtk3/Makefile.am:11:   'Makefile.include' included from here
xbuild.include:63: warning: EXTRA_DIST multiply defined in condition TRUE ...
./Mono.Addins.MSBuild/Makefile.am:10:   'xbuild.include' included from here
Makefile.include:30: ... 'EXTRA_DIST' previously defined here
./Mono.Addins.MSBuild/Makefile.am:9:   'Makefile.include' included from here
xbuild.include:63: warning: EXTRA_DIST multiply defined in condition TRUE ...
./Mono.Addins.Setup/Makefile.am:9:   'xbuild.include' included from here
Makefile.include:30: ... 'EXTRA_DIST' previously defined here
./Mono.Addins.Setup/Makefile.am:8:   'Makefile.include' included from here
xbuild.include:63: warning: EXTRA_DIST multiply defined in condition TRUE ...
./Mono.Addins/Makefile.am:10:   'xbuild.include' included from here
Makefile.include:30: ... 'EXTRA_DIST' previously defined here
./Mono.Addins/Makefile.am:9:   'Makefile.include' included from here
xbuild.include:63: warning: EXTRA_DIST multiply defined in condition TRUE ...
./mautil/Makefile.am:9:   'xbuild.include' included from here
Makefile.include:30: ... 'EXTRA_DIST' previously defined here
./mautil/Makefile.am:8:   'Makefile.include' included from here
Running autoconf ...
configure.ac:40: warning: The macro 'AC_HELP_STRING' is obsolete.
configure.ac:40: You should run autoupdate.
./lib/autoconf/general.m4:205: AC_HELP_STRING is expanded from...
configure.ac:40: the top level
configure.ac:47: warning: The macro 'AC_HELP_STRING' is obsolete.
configure.ac:47: You should run autoupdate.
./lib/autoconf/general.m4:205: AC_HELP_STRING is expanded from...
configure.ac:47: the top level
configure.ac:54: warning: The macro 'AC_HELP_STRING' is obsolete.
configure.ac:54: You should run autoupdate.
./lib/autoconf/general.m4:205: AC_HELP_STRING is expanded from...
configure.ac:54: the top level
configure.ac:61: warning: The macro 'AC_HELP_STRING' is obsolete.
configure.ac:61: You should run autoupdate.
./lib/autoconf/general.m4:205: AC_HELP_STRING is expanded from...
configure.ac:61: the top level
Running ./configure --prefix=/usr --disable-gui ...
checking for a BSD-compatible install... /usr/bin/install -c
checking whether sleep supports fractional seconds... yes
checking filesystem timestamp resolution... 0.01
checking whether build environment is sane... yes
checking for a race-free mkdir -p... /usr/bin/mkdir -p
checking for gawk... gawk
checking whether make sets $(MAKE)... yes
checking whether make supports nested variables... yes
checking xargs -n works... yes
checking whether UID '1000' is supported by ustar format... yes
checking whether GID '1000' is supported by ustar format... yes
checking how to create a ustar tar archive... gnutar
checking whether to enable maintainer-specific portions of Makefiles... yes
checking for pkg-config... /usr/bin/pkg-config
checking pkg-config is at least version 0.16... yes
checking for mcs... /usr/bin/mcs
checking for gacutil... /usr/bin/gacutil
checking for al... /usr/bin/al
checking that generated files are newer than configure... done
configure: creating ./config.status
config.status: creating ./mono-addins.spec
config.status: creating ./Mono.Addins/mono-addins.pc
config.status: creating ./Mono.Addins.Gui/mono-addins-gui.pc
config.status: creating ./Mono.Addins.GuiGtk3/mono-addins-gui-gtk3.pc
config.status: creating ./Mono.Addins.Setup/mono-addins-setup.pc
config.status: creating ./Mono.Addins.MSBuild/mono-addins-msbuild.pc
config.status: creating ./Makefile
config.status: creating ./policy.config
config.status: creating ./Mono.Addins.Gui/Makefile
config.status: creating ./Mono.Addins.GuiGtk3/Makefile
config.status: creating ./Mono.Addins.Setup/Makefile
config.status: creating ./Mono.Addins/Makefile
config.status: creating ./Mono.Addins.CecilReflector/Makefile
config.status: creating ./Mono.Addins.MSBuild/Makefile
config.status: creating ./mautil/Makefile
config.status: creating ./mautil/mautil
config.status: creating ./docs/Makefile
config.status: creating ./Test/HelloWorldExtension/Makefile
config.status: creating ./Test/FileContentExtension/Makefile
config.status: creating ./Test/UnitTests/Makefile
config.status: creating ./Test/CommandExtension/Makefile
config.status: creating ./Test/SystemInfoExtension/Makefile
config.status: creating ./Test/FileExtender/Makefile
config.status: creating ./Test/Makefile

Configuration summary

   * Installation prefix = /usr
   * GTK2 gui support: no
   * GTK3 gui support: no
   * unit tests: no
   * documentation: no

Making all in Mono.Addins
make[1]: Entering directory '/build/mono-addins/src/mono-addins-mono-addins-1.3.3/Mono.Addins'
sed -e "s/@ASSEMBLY_NAME@/Mono.Addins/" -e "s/@POLICY@/0.2/" ../policy.config > policy.0.2.config
sed -e "s/@ASSEMBLY_NAME@/Mono.Addins/" -e "s/@POLICY@/0.3/" ../policy.config > policy.0.3.config
sed -e "s/@ASSEMBLY_NAME@/Mono.Addins/" -e "s/@POLICY@/0.4/" ../policy.config > policy.0.4.config
sed -e "s/@ASSEMBLY_NAME@/Mono.Addins/" -e "s/@POLICY@/0.5/" ../policy.config > policy.0.5.config
sed -e "s/@ASSEMBLY_NAME@/Mono.Addins/" -e "s/@POLICY@/0.6/" ../policy.config > policy.0.6.config
/usr/bin/al -link:policy.0.2.config -out:policy.0.2.Mono.Addins.dll -keyfile:../mono-addins.snk
/usr/bin/al -link:policy.0.3.config -out:policy.0.3.Mono.Addins.dll -keyfile:../mono-addins.snk
/usr/bin/al -link:policy.0.4.config -out:policy.0.4.Mono.Addins.dll -keyfile:../mono-addins.snk
/usr/bin/al -link:policy.0.5.config -out:policy.0.5.Mono.Addins.dll -keyfile:../mono-addins.snk
/usr/bin/al -link:policy.0.6.config -out:policy.0.6.Mono.Addins.dll -keyfile:../mono-addins.snk
ALINK: warning A99999: Path 'policy.0.4.config' in the resource name is not supported. Using just file name 'policy.0.4.config'
ALINK: warning A99999: Path 'policy.0.3.config' in the resource name is not supported. Using just file name 'policy.0.3.config'
ALINK: warning A99999: Path 'policy.0.6.config' in the resource name is not supported. Using just file name 'policy.0.6.config'
ALINK: warning A99999: Path 'policy.0.2.config' in the resource name is not supported. Using just file name 'policy.0.2.config'
ALINK: warning A99999: Path 'policy.0.5.config' in the resource name is not supported. Using just file name 'policy.0.5.config'
Building Mono.Addins.csproj
make[1]: Leaving directory '/build/mono-addins/src/mono-addins-mono-addins-1.3.3/Mono.Addins'
Making all in Mono.Addins.CecilReflector
make[1]: Entering directory '/build/mono-addins/src/mono-addins-mono-addins-1.3.3/Mono.Addins.CecilReflector'
sed -e "s/@ASSEMBLY_NAME@/Mono.Addins.CecilReflector/" -e "s/@POLICY@/0.2/" ../policy.config > policy.0.2.config
sed -e "s/@ASSEMBLY_NAME@/Mono.Addins.CecilReflector/" -e "s/@POLICY@/0.3/" ../policy.config > policy.0.3.config
sed -e "s/@ASSEMBLY_NAME@/Mono.Addins.CecilReflector/" -e "s/@POLICY@/0.4/" ../policy.config > policy.0.4.config
sed -e "s/@ASSEMBLY_NAME@/Mono.Addins.CecilReflector/" -e "s/@POLICY@/0.5/" ../policy.config > policy.0.5.config
sed -e "s/@ASSEMBLY_NAME@/Mono.Addins.CecilReflector/" -e "s/@POLICY@/0.6/" ../policy.config > policy.0.6.config
/usr/bin/al -link:policy.0.2.config -out:policy.0.2.Mono.Addins.CecilReflector.dll -keyfile:../mono-addins.snk
/usr/bin/al -link:policy.0.3.config -out:policy.0.3.Mono.Addins.CecilReflector.dll -keyfile:../mono-addins.snk
/usr/bin/al -link:policy.0.4.config -out:policy.0.4.Mono.Addins.CecilReflector.dll -keyfile:../mono-addins.snk
/usr/bin/al -link:policy.0.5.config -out:policy.0.5.Mono.Addins.CecilReflector.dll -keyfile:../mono-addins.snk
/usr/bin/al -link:policy.0.6.config -out:policy.0.6.Mono.Addins.CecilReflector.dll -keyfile:../mono-addins.snk
ALINK: warning A99999: Path 'policy.0.6.config' in the resource name is not supported. Using just file name 'policy.0.6.config'
ALINK: warning A99999: Path 'policy.0.3.config' in the resource name is not supported. Using just file name 'policy.0.3.config'
ALINK: warning A99999: Path 'policy.0.4.config' in the resource name is not supported. Using just file name 'policy.0.4.config'
ALINK: warning A99999: Path 'policy.0.5.config' in the resource name is not supported. Using just file name 'policy.0.5.config'
ALINK: warning A99999: Path 'policy.0.2.config' in the resource name is not supported. Using just file name 'policy.0.2.config'
Building Mono.Addins.CecilReflector.csproj
Mono.Cecil/Mono.Cecil.Cil/Symbols.cs(109,16): warning CS0649: Field 'MethodSymbols.code_size' is never assigned to, and will always have its default value 0
Mono.Cecil/Mono.Cecil.PE/Section.cs(38,15): warning CS0649: Field 'Section.VirtualSize' is never assigned to, and will always have its default value 0
Mono.Cecil/Mono.Cecil.Cil/Symbols.cs(112,26): warning CS0649: Field 'MethodSymbols.local_var_token' is never assigned to, and will always have its default value
make[1]: Leaving directory '/build/mono-addins/src/mono-addins-mono-addins-1.3.3/Mono.Addins.CecilReflector'
Making all in Mono.Addins.Setup
make[1]: Entering directory '/build/mono-addins/src/mono-addins-mono-addins-1.3.3/Mono.Addins.Setup'
sed -e "s/@ASSEMBLY_NAME@/Mono.Addins.Setup/" -e "s/@POLICY@/0.2/" ../policy.config > policy.0.2.config
sed -e "s/@ASSEMBLY_NAME@/Mono.Addins.Setup/" -e "s/@POLICY@/0.3/" ../policy.config > policy.0.3.config
sed -e "s/@ASSEMBLY_NAME@/Mono.Addins.Setup/" -e "s/@POLICY@/0.4/" ../policy.config > policy.0.4.config
sed -e "s/@ASSEMBLY_NAME@/Mono.Addins.Setup/" -e "s/@POLICY@/0.5/" ../policy.config > policy.0.5.config
sed -e "s/@ASSEMBLY_NAME@/Mono.Addins.Setup/" -e "s/@POLICY@/0.6/" ../policy.config > policy.0.6.config
/usr/bin/al -link:policy.0.2.config -out:policy.0.2.Mono.Addins.Setup.dll -keyfile:../mono-addins.snk
/usr/bin/al -link:policy.0.3.config -out:policy.0.3.Mono.Addins.Setup.dll -keyfile:../mono-addins.snk
/usr/bin/al -link:policy.0.5.config -out:policy.0.5.Mono.Addins.Setup.dll -keyfile:../mono-addins.snk
/usr/bin/al -link:policy.0.6.config -out:policy.0.6.Mono.Addins.Setup.dll -keyfile:../mono-addins.snk
/usr/bin/al -link:policy.0.4.config -out:policy.0.4.Mono.Addins.Setup.dll -keyfile:../mono-addins.snk
ALINK: warning A99999: Path 'policy.0.5.config' in the resource name is not supported. Using just file name 'policy.0.5.config'
ALINK: warning A99999: Path 'policy.0.4.config' in the resource name is not supported. Using just file name 'policy.0.4.config'
ALINK: warning A99999: Path 'policy.0.6.config' in the resource name is not supported. Using just file name 'policy.0.6.config'
ALINK: warning A99999: Path 'policy.0.3.config' in the resource name is not supported. Using just file name 'policy.0.3.config'
ALINK: warning A99999: Path 'policy.0.2.config' in the resource name is not supported. Using just file name 'policy.0.2.config'
Building Mono.Addins.Setup.csproj
Mono.Addins.Setup/AddinInfo.cs(152,45): warning CS0612: 'NativeDependency' is obsolete
Mono.Addins.Setup/AddinInfo.cs(159,45): warning CS0612: 'NativeDependency' is obsolete
Mono.Addins.Setup/RepositoryReaderWriter.cs(946,37): warning CS0612: 'NativeDependency' is obsolete
Mono.Addins.Setup/RepositoryReaderWriter.cs(539,10): warning CS0612: 'NativeDependency' is obsolete
Mono.Addins.Setup/AddinPackage.cs(92,4): warning CS0618: 'ZipFile' is obsolete: 'This assembly has been deprecated. Please use https://www.nuget.org/packages/SharpZipLib/ instead.'
Mono.Addins.Setup/AddinPackage.cs(92,24): warning CS0618: 'ZipFile' is obsolete: 'This assembly has been deprecated. Please use https://www.nuget.org/packages/SharpZipLib/ instead.'
Mono.Addins.Setup/AddinPackage.cs(93,13): warning CS0618: 'ZipEntry' is obsolete: 'This assembly has been deprecated. Please use https://www.nuget.org/packages/SharpZipLib/ instead.'
Mono.Addins.Setup/AddinPackage.cs(136,5): warning CS0618: 'ZipFile' is obsolete: 'This assembly has been deprecated. Please use https://www.nuget.org/packages/SharpZipLib/ instead.'
Mono.Addins.Setup/AddinPackage.cs(136,23): warning CS0618: 'ZipFile' is obsolete: 'This assembly has been deprecated. Please use https://www.nuget.org/packages/SharpZipLib/ instead.'
Mono.Addins.Setup/AddinPackage.cs(137,14): warning CS0618: 'ZipEntry' is obsolete: 'This assembly has been deprecated. Please use https://www.nuget.org/packages/SharpZipLib/ instead.'
Mono.Addins.Setup/RepositoryReaderWriter.cs(882,57): warning CS0612: 'NativeDependency' is obsolete
Mono.Addins.Setup/RepositoryReaderWriter.cs(883,38): warning CS0612: 'NativeDependency' is obsolete
Mono.Addins.Setup/RepositoryReaderWriter.cs(899,65): warning CS0612: 'NativeDependency' is obsolete
Mono.Addins.Setup/RepositoryReaderWriter.cs(900,38): warning CS0612: 'NativeDependency' is obsolete
Mono.Addins.Setup/RepositoryReaderWriter.cs(956,23): warning CS0612: 'NativeDependency' is obsolete
Mono.Addins.Setup/RepositoryReaderWriter.cs(541,4): warning CS0612: 'NativeDependency' is obsolete
Mono.Addins.Setup/RepositoryReaderWriter.cs(553,84): warning CS0612: 'NativeDependency' is obsolete
Mono.Addins.Setup/RepositoryReaderWriter.cs(553,10): warning CS0612: 'NativeDependency' is obsolete
Mono.Addins.Setup/SetupService.cs(375,4): warning CS0618: 'ZipOutputStream' is obsolete: 'This assembly has been deprecated. Please use https://www.nuget.org/packages/SharpZipLib/ instead.'
Mono.Addins.Setup/SetupService.cs(375,28): warning CS0618: 'ZipOutputStream' is obsolete: 'This assembly has been deprecated. Please use https://www.nuget.org/packages/SharpZipLib/ instead.'
Mono.Addins.Setup/SetupService.cs(392,24): warning CS0618: 'ZipEntry' is obsolete: 'This assembly has been deprecated. Please use https://www.nuget.org/packages/SharpZipLib/ instead.'
Mono.Addins.Setup/SetupService.cs(422,22): warning CS0618: 'ZipEntry' is obsolete: 'This assembly has been deprecated. Please use https://www.nuget.org/packages/SharpZipLib/ instead.'
Mono.Addins.Setup/SetupService.cs(582,4): warning CS0618: 'ZipFile' is obsolete: 'This assembly has been deprecated. Please use https://www.nuget.org/packages/SharpZipLib/ instead.'
Mono.Addins.Setup/SetupService.cs(582,24): warning CS0618: 'ZipFile' is obsolete: 'This assembly has been deprecated. Please use https://www.nuget.org/packages/SharpZipLib/ instead.'
Mono.Addins.Setup/SetupService.cs(584,5): warning CS0618: 'ZipEntry' is obsolete: 'This assembly has been deprecated. Please use https://www.nuget.org/packages/SharpZipLib/ instead.'
make[1]: Leaving directory '/build/mono-addins/src/mono-addins-mono-addins-1.3.3/Mono.Addins.Setup'
Making all in Mono.Addins.MSBuild
make[1]: Entering directory '/build/mono-addins/src/mono-addins-mono-addins-1.3.3/Mono.Addins.MSBuild'
sed -e "s/@ASSEMBLY_NAME@/Mono.Addins.MSBuild/" -e "s/@POLICY@/0.2/" ../policy.config > policy.0.2.config
sed -e "s/@ASSEMBLY_NAME@/Mono.Addins.MSBuild/" -e "s/@POLICY@/0.3/" ../policy.config > policy.0.3.config
sed -e "s/@ASSEMBLY_NAME@/Mono.Addins.MSBuild/" -e "s/@POLICY@/0.4/" ../policy.config > policy.0.4.config
sed -e "s/@ASSEMBLY_NAME@/Mono.Addins.MSBuild/" -e "s/@POLICY@/0.5/" ../policy.config > policy.0.5.config
sed -e "s/@ASSEMBLY_NAME@/Mono.Addins.MSBuild/" -e "s/@POLICY@/0.6/" ../policy.config > policy.0.6.config
/usr/bin/al -link:policy.0.2.config -out:policy.0.2.Mono.Addins.MSBuild.dll -keyfile:../mono-addins.snk
/usr/bin/al -link:policy.0.3.config -out:policy.0.3.Mono.Addins.MSBuild.dll -keyfile:../mono-addins.snk
/usr/bin/al -link:policy.0.4.config -out:policy.0.4.Mono.Addins.MSBuild.dll -keyfile:../mono-addins.snk
/usr/bin/al -link:policy.0.6.config -out:policy.0.6.Mono.Addins.MSBuild.dll -keyfile:../mono-addins.snk
/usr/bin/al -link:policy.0.5.config -out:policy.0.5.Mono.Addins.MSBuild.dll -keyfile:../mono-addins.snk
ALINK: warning A99999: Path 'policy.0.5.config' in the resource name is not supported. Using just file name 'policy.0.5.config'
ALINK: warning A99999: Path 'policy.0.3.config' in the resource name is not supported. Using just file name 'policy.0.3.config'
ALINK: warning A99999: Path 'policy.0.6.config' in the resource name is not supported. Using just file name 'policy.0.6.config'
ALINK: warning A99999: Path 'policy.0.2.config' in the resource name is not supported. Using just file name 'policy.0.2.config'
ALINK: warning A99999: Path 'policy.0.4.config' in the resource name is not supported. Using just file name 'policy.0.4.config'
Building Mono.Addins.MSBuild.csproj
make[1]: Leaving directory '/build/mono-addins/src/mono-addins-mono-addins-1.3.3/Mono.Addins.MSBuild'
Making all in Mono.Addins.Gui
make[1]: Entering directory '/build/mono-addins/src/mono-addins-mono-addins-1.3.3/Mono.Addins.Gui'
make[1]: Nothing to be done for 'all'.
make[1]: Leaving directory '/build/mono-addins/src/mono-addins-mono-addins-1.3.3/Mono.Addins.Gui'
Making all in Mono.Addins.GuiGtk3
make[1]: Entering directory '/build/mono-addins/src/mono-addins-mono-addins-1.3.3/Mono.Addins.GuiGtk3'
make[1]: Nothing to be done for 'all'.
make[1]: Leaving directory '/build/mono-addins/src/mono-addins-mono-addins-1.3.3/Mono.Addins.GuiGtk3'
Making all in mautil
make[1]: Entering directory '/build/mono-addins/src/mono-addins-mono-addins-1.3.3/mautil'
sed -e "s/@ASSEMBLY_NAME@//" -e "s/@POLICY@/0.2/" ../policy.config > policy.0.2.config
sed -e "s/@ASSEMBLY_NAME@//" -e "s/@POLICY@/0.3/" ../policy.config > policy.0.3.config
sed -e "s/@ASSEMBLY_NAME@//" -e "s/@POLICY@/0.4/" ../policy.config > policy.0.4.config
sed -e "s/@ASSEMBLY_NAME@//" -e "s/@POLICY@/0.5/" ../policy.config > policy.0.5.config
sed -e "s/@ASSEMBLY_NAME@//" -e "s/@POLICY@/0.6/" ../policy.config > policy.0.6.config
/usr/bin/al -link:policy.0.2.config -out:policy.0.2..dll -keyfile:../mono-addins.snk
/usr/bin/al -link:policy.0.3.config -out:policy.0.3..dll -keyfile:../mono-addins.snk
/usr/bin/al -link:policy.0.4.config -out:policy.0.4..dll -keyfile:../mono-addins.snk
/usr/bin/al -link:policy.0.5.config -out:policy.0.5..dll -keyfile:../mono-addins.snk
/usr/bin/al -link:policy.0.6.config -out:policy.0.6..dll -keyfile:../mono-addins.snk
ALINK: warning A99999: Path 'policy.0.5.config' in the resource name is not supported. Using just file name 'policy.0.5.config'
ALINK: warning A99999: Path 'policy.0.4.config' in the resource name is not supported. Using just file name 'policy.0.4.config'
ALINK: warning A99999: Path 'policy.0.2.config' in the resource name is not supported. Using just file name 'policy.0.2.config'
ALINK: warning A99999: Path 'policy.0.6.config' in the resource name is not supported. Using just file name 'policy.0.6.config'
ALINK: warning A99999: Path 'policy.0.3.config' in the resource name is not supported. Using just file name 'policy.0.3.config'
Building mautil.csproj
make[1]: Leaving directory '/build/mono-addins/src/mono-addins-mono-addins-1.3.3/mautil'
Making all in Test
make[1]: Entering directory '/build/mono-addins/src/mono-addins-mono-addins-1.3.3/Test'
Making all in UnitTests
make[2]: Entering directory '/build/mono-addins/src/mono-addins-mono-addins-1.3.3/Test/UnitTests'
make[2]: Nothing to be done for 'all'.
make[2]: Leaving directory '/build/mono-addins/src/mono-addins-mono-addins-1.3.3/Test/UnitTests'
Making all in CommandExtension
make[2]: Entering directory '/build/mono-addins/src/mono-addins-mono-addins-1.3.3/Test/CommandExtension'
make[2]: Nothing to be done for 'all'.
make[2]: Leaving directory '/build/mono-addins/src/mono-addins-mono-addins-1.3.3/Test/CommandExtension'
Making all in FileContentExtension
make[2]: Entering directory '/build/mono-addins/src/mono-addins-mono-addins-1.3.3/Test/FileContentExtension'
make[2]: Nothing to be done for 'all'.
make[2]: Leaving directory '/build/mono-addins/src/mono-addins-mono-addins-1.3.3/Test/FileContentExtension'
Making all in HelloWorldExtension
make[2]: Entering directory '/build/mono-addins/src/mono-addins-mono-addins-1.3.3/Test/HelloWorldExtension'
make[2]: Nothing to be done for 'all'.
make[2]: Leaving directory '/build/mono-addins/src/mono-addins-mono-addins-1.3.3/Test/HelloWorldExtension'
Making all in SystemInfoExtension
make[2]: Entering directory '/build/mono-addins/src/mono-addins-mono-addins-1.3.3/Test/SystemInfoExtension'
make[2]: Nothing to be done for 'all'.
make[2]: Leaving directory '/build/mono-addins/src/mono-addins-mono-addins-1.3.3/Test/SystemInfoExtension'
Making all in FileExtender
make[2]: Entering directory '/build/mono-addins/src/mono-addins-mono-addins-1.3.3/Test/FileExtender'
make[2]: Nothing to be done for 'all'.
make[2]: Leaving directory '/build/mono-addins/src/mono-addins-mono-addins-1.3.3/Test/FileExtender'
make[2]: Entering directory '/build/mono-addins/src/mono-addins-mono-addins-1.3.3/Test'
make[2]: Nothing to be done for 'all-am'.
make[2]: Leaving directory '/build/mono-addins/src/mono-addins-mono-addins-1.3.3/Test'
make[1]: Leaving directory '/build/mono-addins/src/mono-addins-mono-addins-1.3.3/Test'
Making all in docs
make[1]: Entering directory '/build/mono-addins/src/mono-addins-mono-addins-1.3.3/docs'
make[1]: Nothing to be done for 'all'.
make[1]: Leaving directory '/build/mono-addins/src/mono-addins-mono-addins-1.3.3/docs'
make[1]: Entering directory '/build/mono-addins/src/mono-addins-mono-addins-1.3.3'
make[1]: Nothing to be done for 'all-am'.
make[1]: Leaving directory '/build/mono-addins/src/mono-addins-mono-addins-1.3.3'
Microsoft (R) Build Engine version 14.1.0.0
Copyright (C) Microsoft Corporation. All rights reserved.

Build started 07/12/2026 15:01:48.
Project "/build/mono-addins/src/mono-addins-mono-addins-1.3.3/Mono.Addins/Mono.Addins.csproj" on node 1 (default targets).
CoreCompile:
  /usr/lib/mono/4.5/mcs.exe /noconfig /checked+ /nowarn:1574,1701,1702 /nostdlib+ /errorreport:prompt /warn:0 /doc:../bin/Mono.Addins.xml /highentropyva+ /reference:/usr/lib/mono/4.5-api/mscorlib.dll /reference:/usr/lib/mono/4.5-api/System.Core.dll /reference:/usr/lib/mono/4.5-api/System.dll /reference:/usr/lib/mono/4.5-api/System.Xml.dll /debug+ /debug:full /keyfile:../mono-addins.snk /optimize- /out:obj/Debug/Mono.Addins.dll /subsystemversion:6.00 /target:library /utf8output AssemblyInfo.cs Mono.Addins/ExtensionNode.cs Mono.Addins/ExtensionTree.cs Mono.Addins/TreeNode.cs Mono.Addins/RuntimeAddin.cs Mono.Addins/TreeNodeCollection.cs Mono.Addins/TypeExtensionNode.cs Mono.Addins/MissingDependencyException.cs Mono.Addins/ExtensionNodeList.cs Mono.Addins/NodeAttributeAttribute.cs Mono.Addins/ExtensionContext.cs Mono.Addins/ConditionType.cs Mono.Addins/AddinAttribute.cs Mono.Addins/ExtensionAttribute.cs Mono.Addins/AddinDependencyAttribute.cs Mono.Addins/ExtensionPointAttribute.cs Mono.Addins.Description/AddinDescription.cs Mono.Addins.Description/ExtensionPoint.cs Mono.Addins.Description/ModuleDescription.cs Mono.Addins.Description/ModuleDescriptionCollection.cs Mono.Addins.Description/ExtensionPointCollection.cs Mono.Addins.Description/ExtensionNodeType.cs Mono.Addins.Serialization/BinaryXmlReader.cs Mono.Addins.Serialization/BinaryXmlWriter.cs Mono.Addins.Serialization/IBinaryXmlElement.cs Mono.Addins.Serialization/BinaryXmlTypeMap.cs Mono.Addins.Description/ExtensionNodeSet.cs Mono.Addins.Description/ExtensionNodeSetCollection.cs Mono.Addins.Description/Extension.cs Mono.Addins.Description/ExtensionNodeDescription.cs Mono.Addins.Description/ExtensionNodeDescriptionCollection.cs Mono.Addins.Description/ExtensionCollection.cs Mono.Addins.Description/ConditionTypeDescription.cs Mono.Addins.Description/ConditionTypeDescriptionCollection.cs Mono.Addins.Description/ObjectDescription.cs Mono.Addins.Description/ObjectDescriptionCollection.cs Mono.Addins.Description/AddinDependency.cs Mono.Addins.Description/Dependency.cs Mono.Addins.Description/AssemblyDependency.cs Mono.Addins.Description/DependencyCollection.cs Mono.Addins/GettextCatalog.cs Mono.Addins/IProgressStatus.cs Mono.Addins/AddinManager.cs Mono.Addins/TypeExtensionPointAttribute.cs Mono.Addins.Database/AddinDatabase.cs Mono.Addins.Database/AddinHostIndex.cs Mono.Addins.Database/AddinScanFolderInfo.cs Mono.Addins.Database/AddinScanner.cs Mono.Addins.Database/AddinScanResult.cs Mono.Addins.Database/FileDatabase.cs Mono.Addins.Database/AddinUpdateData.cs Mono.Addins.Database/SetupProcess.cs Mono.Addins.Database/Util.cs Mono.Addins.Database/DatabaseConfiguration.cs Mono.Addins/Addin.cs Mono.Addins/AddinInfo.cs Mono.Addins.Description/NativeDependency.cs Mono.Addins/NodeElement.cs Mono.Addins/ConsoleProgressStatus.cs Mono.Addins.Database/ProcessProgressStatus.cs Mono.Addins/AddinErrorEventArgs.cs Mono.Addins/AddinEventArgs.cs Mono.Addins/AddinRegistry.cs Mono.Addins/ExtensionNodeChildAttribute.cs Mono.Addins/ExtensionNodeAttribute.cs Mono.Addins.Description/NodeTypeAttribute.cs Mono.Addins.Description/NodeTypeAttributeCollection.cs Mono.Addins/AddinRootAttribute.cs Mono.Addins.Description/ExtensionNodeTypeCollection.cs Mono.Addins/InstanceExtensionNode.cs Mono.Addins/IAddinInstaller.cs Mono.Addins.Localization/IAddinLocalizer.cs Mono.Addins/AddinLocalizer.cs Mono.Addins.Localization/IAddinLocalizerFactory.cs Mono.Addins.Localization/NullLocalizer.cs Mono.Addins.Localization/StringTableLocalizer.cs Mono.Addins.Localization/StringResourceLocalizer.cs Mono.Addins.Localization/GettextLocalizer.cs Mono.Addins.Localization/GettextDomain.cs Mono.Addins.Localization/IPluralAddinLocalizer.cs Mono.Addins.Database/IAssemblyReflector.cs Mono.Addins.Database/DefaultAssemblyReflector.cs Mono.Addins.Description/AddinFlags.cs Mono.Addins.Database/SetupDomain.cs Mono.Addins.Database/ISetupHandler.cs Mono.Addins/ExtensionAttributeAttribute.cs Mono.Addins/CustomExtensionAttribute.cs Mono.Addins/AddinAuthorAttribute.cs Mono.Addins/AddinLocalizerGettextAttribute.cs Mono.Addins/ImportAddinFileAttribute.cs Mono.Addins/ImportAddinAssemblyAttribute.cs Mono.Addins/AddinModuleAttribute.cs Mono.Addins/AddinEngine.cs Mono.Addins.Database/AddinFileSystemExtension.cs Mono.Addins.Database/SetupLocal.cs Mono.Addins/ContentType.cs Mono.Addins.Description/AddinProperty.cs Mono.Addins.Description/AddinPropertyCollection.cs Mono.Addins/AddinPropertyAttribute.cs Mono.Addins/AddinNameAttribute.cs Mono.Addins/AddinDescriptionAttribute.cs Mono.Addins/AddinUrlAttribute.cs Mono.Addins/AddinCategoryAttribute.cs Mono.Addins/AddinFlagsAttribute.cs "/tmp/.NETFramework,Version=v4.5.AssemblyAttributes.cs"
CopyFilesToOutputDirectory:
  Copying file from "obj/Debug/Mono.Addins.dll" to "../bin/Mono.Addins.dll".
  Mono.Addins -> /build/mono-addins/src/mono-addins-mono-addins-1.3.3/bin/Mono.Addins.dll
  Copying file from "obj/Debug/Mono.Addins.dll.mdb" to "../bin/Mono.Addins.dll.mdb".
Done Building Project "/build/mono-addins/src/mono-addins-mono-addins-1.3.3/Mono.Addins/Mono.Addins.csproj" (default targets).

Build succeeded.
    0 Warning(s)
    0 Error(s)

Time Elapsed 00:00:00.66
Microsoft (R) Build Engine version 14.1.0.0
Copyright (C) Microsoft Corporation. All rights reserved.

Build started 07/12/2026 15:01:49.
Project "/build/mono-addins/src/mono-addins-mono-addins-1.3.3/Mono.Addins.CecilReflector/Mono.Addins.CecilReflector.csproj" on node 1 (default targets).
Project "/build/mono-addins/src/mono-addins-mono-addins-1.3.3/Mono.Addins.CecilReflector/Mono.Addins.CecilReflector.csproj" (1) is building "/build/mono-addins/src/mono-addins-mono-addins-1.3.3/Mono.Addins/Mono.Addins.csproj" (2) on node 1 (default targets).
GenerateTargetFrameworkMonikerAttribute:
Skipping target "GenerateTargetFrameworkMonikerAttribute" because all output files are up-to-date with respect to the input files.
CoreCompile:
Skipping target "CoreCompile" because all output files are up-to-date with respect to the input files.
CopyFilesToOutputDirectory:
  Mono.Addins -> /build/mono-addins/src/mono-addins-mono-addins-1.3.3/bin/Mono.Addins.dll
Done Building Project "/build/mono-addins/src/mono-addins-mono-addins-1.3.3/Mono.Addins/Mono.Addins.csproj" (default targets).
GenerateTargetFrameworkMonikerAttribute:
Skipping target "GenerateTargetFrameworkMonikerAttribute" because all output files are up-to-date with respect to the input files.
CoreCompile:
  /usr/lib/mono/4.5/mcs.exe /noconfig /checked+ /nowarn:1701,1702 /nostdlib+ /errorreport:prompt /warn:0 /define:READ_ONLY /highentropyva+ /reference:/build/mono-addins/src/mono-addins-mono-addins-1.3.3/bin/Mono.Addins.dll /reference:/usr/lib/mono/4.5-api/mscorlib.dll /reference:/usr/lib/mono/4.5-api/System.Core.dll /debug+ /debug:full /keyfile:../mono-addins.snk /optimize- /out:obj/Debug/Mono.Addins.CecilReflector.dll /subsystemversion:6.00 /target:library /utf8output Mono.Cecil/Mono.Cecil.Cil/Code.cs Mono.Cecil/Mono.Cecil.Cil/CodeWriter.cs Mono.Cecil/Mono.Cecil.Cil/CodeReader.cs Mono.Cecil/Mono.Cecil.Cil/Document.cs Mono.Cecil/Mono.Cecil.Cil/ExceptionHandler.cs Mono.Cecil/Mono.Cecil.Cil/ILProcessor.cs Mono.Cecil/Mono.Cecil.Cil/Instruction.cs Mono.Cecil/Mono.Cecil.Cil/MethodBody.cs Mono.Cecil/Mono.Cecil.Cil/OpCode.cs Mono.Cecil/Mono.Cecil.Cil/OpCodes.cs Mono.Cecil/Mono.Cecil.Cil/SequencePoint.cs Mono.Cecil/Mono.Cecil.Cil/Symbols.cs Mono.Cecil/Mono.Cecil.Cil/VariableDefinition.cs Mono.Cecil/Mono.Cecil.Cil/VariableReference.cs Mono.Cecil/Mono.Cecil.Metadata/BlobHeap.cs Mono.Cecil/Mono.Cecil.Metadata/Buffers.cs Mono.Cecil/Mono.Cecil.Metadata/CodedIndex.cs Mono.Cecil/Mono.Cecil.Metadata/ElementType.cs Mono.Cecil/Mono.Cecil.Metadata/GuidHeap.cs Mono.Cecil/Mono.Cecil.Metadata/Heap.cs Mono.Cecil/Mono.Cecil.Metadata/MetadataToken.cs Mono.Cecil/Mono.Cecil.Metadata/Row.cs Mono.Cecil/Mono.Cecil.Metadata/StringHeap.cs Mono.Cecil/Mono.Cecil.Metadata/TableHeap.cs Mono.Cecil/Mono.Cecil.Metadata/TokenType.cs Mono.Cecil/Mono.Cecil.Metadata/UserStringHeap.cs Mono.Cecil/Mono.Cecil.Metadata/Utilities.cs Mono.Cecil/Mono.Cecil.PE/BinaryStreamReader.cs Mono.Cecil/Mono.Cecil.PE/BinaryStreamWriter.cs Mono.Cecil/Mono.Cecil.PE/ByteBufferEqualityComparer.cs Mono.Cecil/Mono.Cecil.PE/ByteBuffer.cs Mono.Cecil/Mono.Cecil.PE/DataDirectory.cs Mono.Cecil/Mono.Cecil.PE/Image.cs Mono.Cecil/Mono.Cecil.PE/ImageReader.cs Mono.Cecil/Mono.Cecil.PE/ImageWriter.cs Mono.Cecil/Mono.Cecil.PE/Section.cs Mono.Cecil/Mono.Cecil.PE/TextMap.cs Mono.Cecil/Mono.Cecil/ArrayType.cs Mono.Cecil/Mono.Cecil/AssemblyDefinition.cs Mono.Cecil/Mono.Cecil/AssemblyFlags.cs Mono.Cecil/Mono.Cecil/AssemblyHashAlgorithm.cs Mono.Cecil/Mono.Cecil/AssemblyLinkedResource.cs Mono.Cecil/Mono.Cecil/AssemblyNameDefinition.cs Mono.Cecil/Mono.Cecil/AssemblyNameReference.cs Mono.Cecil/Mono.Cecil/AssemblyReader.cs Mono.Cecil/Mono.Cecil/AssemblyWriter.cs Mono.Cecil/Mono.Cecil/BaseAssemblyResolver.cs Mono.Cecil/Mono.Cecil/CallSite.cs Mono.Cecil/Mono.Cecil/TypeParser.cs Mono.Cecil/Mono.Cecil/Import.cs Mono.Cecil/Mono.Collections.Generic/Collection.cs Mono.Cecil/Mono.Cecil/ExportedType.cs Mono.Cecil/Mono.Cecil/SecurityDeclaration.cs Mono.Cecil/Mono.Cecil/CustomAttribute.cs Mono.Cecil/Mono.Cecil/DefaultAssemblyResolver.cs Mono.Cecil/Mono.Cecil/FileAttributes.cs Mono.Cecil/Mono.Cecil/FunctionPointerType.cs Mono.Cecil/Mono.Cecil/GenericInstanceMethod.cs Mono.Cecil/Mono.Cecil/GenericInstanceType.cs Mono.Cecil/Mono.Cecil/GenericParameter.cs Mono.Cecil/Mono.Cecil/GenericParameterAttributes.cs Mono.Cecil/Mono.Cecil/IConstantProvider.cs Mono.Cecil/Mono.Cecil/ICustomAttributeProvider.cs Mono.Cecil/Mono.Cecil/IGenericInstance.cs Mono.Cecil/Mono.Cecil/IGenericParameterProvider.cs Mono.Cecil/Mono.Cecil/IMarshalInfoProvider.cs Mono.Cecil/Mono.Cecil/MarshalInfo.cs Mono.Cecil/Mono.Cecil/MetadataResolver.cs Mono.Cecil/Mono.Cecil/Modifiers.cs Mono.Cecil/Mono.Cecil/NativeType.cs Mono.Cecil/Mono.Cecil/PinnedType.cs Mono.Cecil/Mono.Cecil/MetadataSystem.cs Mono.Cecil/Mono.Cecil/IMethodSignature.cs Mono.Cecil/Mono.Cecil/ParameterDefinitionCollection.cs Mono.Cecil/Mono.Cecil/EmbeddedResource.cs Mono.Cecil/Mono.Cecil/EventAttributes.cs Mono.Cecil/Mono.Cecil/EventDefinition.cs Mono.Cecil/Mono.Cecil/EventReference.cs Mono.Cecil/Mono.Cecil/FieldAttributes.cs Mono.Cecil/Mono.Cecil/FieldDefinition.cs Mono.Cecil/Mono.Cecil/FieldReference.cs Mono.Cecil/Mono.Cecil/IMemberDefinition.cs Mono.Cecil/Mono.Cecil/LinkedResource.cs Mono.Cecil/Mono.Cecil/MemberReference.cs Mono.Cecil/Mono.Cecil/MethodAttributes.cs Mono.Cecil/Mono.Cecil/MethodCallingConvention.cs Mono.Cecil/Mono.Cecil/MethodDefinition.cs Mono.Cecil/Mono.Cecil/MethodImplAttributes.cs Mono.Cecil/Mono.Cecil/MethodReference.cs Mono.Cecil/Mono.Cecil/MethodReturnType.cs Mono.Cecil/Mono.Cecil/MethodSemanticsAttributes.cs Mono.Cecil/Mono.Cecil/MethodSpecification.cs Mono.Cecil/Mono.Cecil/ParameterAttributes.cs Mono.Cecil/Mono.Cecil/ParameterDefinition.cs Mono.Cecil/Mono.Cecil/ParameterReference.cs Mono.Cecil/Mono.Cecil/PInvokeAttributes.cs Mono.Cecil/Mono.Cecil/PInvokeInfo.cs Mono.Cecil/Mono.Cecil/PointerType.cs Mono.Cecil/Mono.Cecil/PropertyAttributes.cs Mono.Cecil/Mono.Cecil/PropertyDefinition.cs Mono.Cecil/Mono.Cecil/PropertyReference.cs Mono.Cecil/Mono.Cecil/ReferenceType.cs Mono.Cecil/Mono.Cecil/IMetadataScope.cs Mono.Cecil/Mono.Cecil/IMetadataTokenProvider.cs Mono.Cecil/Mono.Cecil/ManifestResourceAttributes.cs Mono.Cecil/Mono.Cecil/ModuleReference.cs Mono.Cecil/Mono.Cecil/MemberDefinitionCollection.cs Mono.Cecil/Mono.Cecil/ModuleDefinition.cs Mono.Cecil/Mono.Cecil/ModuleKind.cs Mono.Cecil/Mono.Cecil/Resource.cs Mono.Cecil/Mono.Cecil/SentinelType.cs Mono.Cecil/Mono.Cecil/TargetRuntime.cs Mono.Cecil/Mono.Cecil/TypeAttributes.cs Mono.Cecil/Mono.Cecil/TypeDefinition.cs Mono.Cecil/Mono.Cecil/TypeDefinitionCollection.cs Mono.Cecil/Mono.Cecil/TypeReference.cs Mono.Cecil/Mono.Cecil/TypeSpecification.cs Mono.Cecil/Mono.Cecil/TypeSystem.cs Mono.Cecil/Mono.Cecil/VariantType.cs Mono.Cecil/Mono.Security.Cryptography/CryptoConvert.cs Mono.Cecil/Mono.Security.Cryptography/CryptoService.cs Mono.Cecil/System.Runtime.CompilerServices/ExtensionAttribute.cs Mono.Cecil/Mono/Actions.cs Mono.Cecil/Mono/Empty.cs Mono.Cecil/Mono/Funcs.cs Mono.Addins.CecilReflector/Reflector.cs AssemblyInfo.cs "/tmp/.NETFramework,Version=v4.5.AssemblyAttributes.cs"
CopyFilesToOutputDirectory:
  Copying file from "obj/Debug/Mono.Addins.CecilReflector.dll" to "../bin/Mono.Addins.CecilReflector.dll".
  Mono.Addins.CecilReflector -> /build/mono-addins/src/mono-addins-mono-addins-1.3.3/bin/Mono.Addins.CecilReflector.dll
  Copying file from "obj/Debug/Mono.Addins.CecilReflector.dll.mdb" to "../bin/Mono.Addins.CecilReflector.dll.mdb".
Done Building Project "/build/mono-addins/src/mono-addins-mono-addins-1.3.3/Mono.Addins.CecilReflector/Mono.Addins.CecilReflector.csproj" (default targets).

Build succeeded.
    0 Warning(s)
    0 Error(s)

Time Elapsed 00:00:00.69
Microsoft (R) Build Engine version 14.1.0.0
Copyright (C) Microsoft Corporation. All rights reserved.

Build started 07/12/2026 15:01:49.
Project "/build/mono-addins/src/mono-addins-mono-addins-1.3.3/Mono.Addins.MSBuild/Mono.Addins.MSBuild.csproj" on node 1 (default targets).
Project "/build/mono-addins/src/mono-addins-mono-addins-1.3.3/Mono.Addins.MSBuild/Mono.Addins.MSBuild.csproj" (1) is building "/build/mono-addins/src/mono-addins-mono-addins-1.3.3/Mono.Addins.Setup/Mono.Addins.Setup.csproj" (2) on node 1 (default targets).
Project "/build/mono-addins/src/mono-addins-mono-addins-1.3.3/Mono.Addins.Setup/Mono.Addins.Setup.csproj" (2) is building "/build/mono-addins/src/mono-addins-mono-addins-1.3.3/Mono.Addins/Mono.Addins.csproj" (3) on node 1 (default targets).
GenerateTargetFrameworkMonikerAttribute:
Skipping target "GenerateTargetFrameworkMonikerAttribute" because all output files are up-to-date with respect to the input files.
CoreCompile:
Skipping target "CoreCompile" because all output files are up-to-date with respect to the input files.
CopyFilesToOutputDirectory:
  Mono.Addins -> /build/mono-addins/src/mono-addins-mono-addins-1.3.3/bin/Mono.Addins.dll
Done Building Project "/build/mono-addins/src/mono-addins-mono-addins-1.3.3/Mono.Addins/Mono.Addins.csproj" (default targets).
GenerateTargetFrameworkMonikerAttribute:
Skipping target "GenerateTargetFrameworkMonikerAttribute" because all output files are up-to-date with respect to the input files.
CoreCompile:
  /usr/lib/mono/4.5/mcs.exe /noconfig /checked+ /nowarn:1574,1701,1702 /nostdlib+ /errorreport:prompt /warn:0 /doc:../bin/Mono.Addins.Setup.xml /highentropyva+ /reference:/usr/lib/mono/4.5-api/ICSharpCode.SharpZipLib.dll /reference:/build/mono-addins/src/mono-addins-mono-addins-1.3.3/bin/Mono.Addins.dll /reference:/usr/lib/mono/4.5-api/mscorlib.dll /reference:/usr/lib/mono/4.5-api/System.Core.dll /reference:/usr/lib/mono/4.5-api/System.dll /reference:/usr/lib/mono/4.5-api/System.Xml.dll /debug+ /debug:full /keyfile:../mono-addins.snk /optimize- /out:obj/Debug/Mono.Addins.Setup.dll /subsystemversion:6.00 /target:library /utf8output Mono.Addins.Setup/AddinInfo.cs Mono.Addins.Setup/AddinInfoCollection.cs Mono.Addins.Setup/AddinPackage.cs Mono.Addins.Setup/AddinRepositoryEntry.cs Mono.Addins.Setup/AddinStore.cs Mono.Addins.Setup/AddinSystemConfiguration.cs Mono.Addins.Setup/AddinSystemConfigurationReaderWriter.cs Mono.Addins.Setup/AddinSystemConfigurationSerializer.cs Mono.Addins.Setup/InstallException.cs Mono.Addins.Setup/Package.cs Mono.Addins.Setup/PackageCollection.cs Mono.Addins.Setup/ReferenceRepositoryEntry.cs Mono.Addins.Setup/Repository.cs Mono.Addins.Setup/RepositoryEntry.cs Mono.Addins.Setup/RepositoryEntryCollection.cs Mono.Addins.Setup/RepositoryReaderWriter.cs Mono.Addins.Setup/RepositoryRecord.cs Mono.Addins.Setup/RepositorySerializer.cs Mono.Addins.Setup/SetupTool.cs Mono.Addins.Setup.ProgressMonitoring/ConsoleProgressMonitor.cs Mono.Addins.Setup.ProgressMonitoring/LogTextWriter.cs Mono.Addins.Setup.ProgressMonitoring/NullProgressMonitor.cs Mono.Addins.Setup.ProgressMonitoring/ProgressStatusMonitor.cs Mono.Addins.Setup.ProgressMonitoring/ProgressTracker.cs Mono.Addins.Setup/IProgressMonitor.cs Mono.Addins.Setup/RepositoryRegistry.cs Mono.Addins.Setup/SetupService.cs AssemblyInfo.cs Mono.Addins.Setup/ConsoleAddinInstaller.cs Mono.Addins.Setup/PcFileCache.cs Mono.Addins.Setup/TextFormatter.cs Mono.Addins.Setup/WebRequestHelper.cs "/tmp/.NETFramework,Version=v4.5.AssemblyAttributes.cs"
CopyFilesToOutputDirectory:
  Copying file from "obj/Debug/Mono.Addins.Setup.dll" to "../bin/Mono.Addins.Setup.dll".
  Mono.Addins.Setup -> /build/mono-addins/src/mono-addins-mono-addins-1.3.3/bin/Mono.Addins.Setup.dll
  Copying file from "obj/Debug/Mono.Addins.Setup.dll.mdb" to "../bin/Mono.Addins.Setup.dll.mdb".
Done Building Project "/build/mono-addins/src/mono-addins-mono-addins-1.3.3/Mono.Addins.Setup/Mono.Addins.Setup.csproj" (default targets).
GenerateTargetFrameworkMonikerAttribute:
Skipping target "GenerateTargetFrameworkMonikerAttribute" because all output files are up-to-date with respect to the input files.
CoreCompile:
  /usr/lib/mono/4.5/mcs.exe /noconfig /nowarn:1701,1702 /nostdlib+ /errorreport:prompt /warn:0 /define:DEBUG /highentropyva+ /reference:/usr/lib/mono/4.5-api/Microsoft.Build.Framework.dll /reference:/usr/lib/mono/4.5-api/Microsoft.Build.Utilities.v4.0.dll /reference:/build/mono-addins/src/mono-addins-mono-addins-1.3.3/bin/Mono.Addins.dll /reference:/build/mono-addins/src/mono-addins-mono-addins-1.3.3/bin/Mono.Addins.Setup.dll /reference:/usr/lib/mono/4.5-api/mscorlib.dll /reference:/usr/lib/mono/4.5-api/System.Core.dll /reference:/usr/lib/mono/4.5-api/System.dll /debug+ /debug:full /keyfile:../mono-addins.snk /optimize- /out:obj/Debug/Mono.Addins.MSBuild.dll /subsystemversion:6.00 /target:library /utf8output AssemblyInfo.cs ResolveAddinReferences.cs "/tmp/.NETFramework,Version=v4.5.AssemblyAttributes.cs"
CopyFilesToOutputDirectory:
  Copying file from "obj/Debug/Mono.Addins.MSBuild.dll" to "../bin/Mono.Addins.MSBuild.dll".
  Mono.Addins.MSBuild -> /build/mono-addins/src/mono-addins-mono-addins-1.3.3/bin/Mono.Addins.MSBuild.dll
  Copying file from "obj/Debug/Mono.Addins.MSBuild.dll.mdb" to "../bin/Mono.Addins.MSBuild.dll.mdb".
Done Building Project "/build/mono-addins/src/mono-addins-mono-addins-1.3.3/Mono.Addins.MSBuild/Mono.Addins.MSBuild.csproj" (default targets).

Build succeeded.
    0 Warning(s)
    0 Error(s)

Time Elapsed 00:00:00.89
Microsoft (R) Build Engine version 14.1.0.0
Copyright (C) Microsoft Corporation. All rights reserved.

Build started 07/12/2026 15:01:50.
Project "/build/mono-addins/src/mono-addins-mono-addins-1.3.3/Mono.Addins.Setup/Mono.Addins.Setup.csproj" on node 1 (default targets).
Project "/build/mono-addins/src/mono-addins-mono-addins-1.3.3/Mono.Addins.Setup/Mono.Addins.Setup.csproj" (1) is building "/build/mono-addins/src/mono-addins-mono-addins-1.3.3/Mono.Addins/Mono.Addins.csproj" (2) on node 1 (default targets).
GenerateTargetFrameworkMonikerAttribute:
Skipping target "GenerateTargetFrameworkMonikerAttribute" because all output files are up-to-date with respect to the input files.
CoreCompile:
Skipping target "CoreCompile" because all output files are up-to-date with respect to the input files.
CopyFilesToOutputDirectory:
  Mono.Addins -> /build/mono-addins/src/mono-addins-mono-addins-1.3.3/bin/Mono.Addins.dll
Done Building Project "/build/mono-addins/src/mono-addins-mono-addins-1.3.3/Mono.Addins/Mono.Addins.csproj" (default targets).
GenerateTargetFrameworkMonikerAttribute:
Skipping target "GenerateTargetFrameworkMonikerAttribute" because all output files are up-to-date with respect to the input files.
CoreCompile:
Skipping target "CoreCompile" because all output files are up-to-date with respect to the input files.
CopyFilesToOutputDirectory:
  Mono.Addins.Setup -> /build/mono-addins/src/mono-addins-mono-addins-1.3.3/bin/Mono.Addins.Setup.dll
Done Building Project "/build/mono-addins/src/mono-addins-mono-addins-1.3.3/Mono.Addins.Setup/Mono.Addins.Setup.csproj" (default targets).

Build succeeded.
    0 Warning(s)
    0 Error(s)

Time Elapsed 00:00:00.35
