Making install in Mono.Addins
make[1]: Entering directory '/build/mono-addins/src/mono-addins-mono-addins-1.3.3/Mono.Addins'
make[2]: Entering directory '/build/mono-addins/src/mono-addins-mono-addins-1.3.3/Mono.Addins'
/usr/bin/gacutil /i ../bin/Mono.Addins.dll /f /package mono-addins /root /build/mono-addins/pkg/mono-addins/usr/lib || exit 1;
 /usr/bin/mkdir -p '/build/mono-addins/pkg/mono-addins/usr/lib/pkgconfig'
 /usr/bin/install -c -m 644 mono-addins.pc '/build/mono-addins/pkg/mono-addins/usr/lib/pkgconfig'
Package exported to: /build/mono-addins/pkg/mono-addins/usr/lib/mono/mono-addins/Mono.Addins.dll -> ../gac/Mono.Addins/1.0.0.0__0738eb9f132ed756/Mono.Addins.dll
Installed ../bin/Mono.Addins.dll into the gac (/build/mono-addins/pkg/mono-addins/usr/lib/mono/gac)
/usr/bin/gacutil /i policy.0.2.Mono.Addins.dll /f /root /build/mono-addins/pkg/mono-addins/usr/lib
Installed policy.0.2.Mono.Addins.dll into the gac (/build/mono-addins/pkg/mono-addins/usr/lib/mono/gac)
/usr/bin/gacutil /i policy.0.3.Mono.Addins.dll /f /root /build/mono-addins/pkg/mono-addins/usr/lib
Installed policy.0.3.Mono.Addins.dll into the gac (/build/mono-addins/pkg/mono-addins/usr/lib/mono/gac)
/usr/bin/gacutil /i policy.0.4.Mono.Addins.dll /f /root /build/mono-addins/pkg/mono-addins/usr/lib
Installed policy.0.4.Mono.Addins.dll into the gac (/build/mono-addins/pkg/mono-addins/usr/lib/mono/gac)
/usr/bin/gacutil /i policy.0.5.Mono.Addins.dll /f /root /build/mono-addins/pkg/mono-addins/usr/lib
Installed policy.0.5.Mono.Addins.dll into the gac (/build/mono-addins/pkg/mono-addins/usr/lib/mono/gac)
/usr/bin/gacutil /i policy.0.6.Mono.Addins.dll /f /root /build/mono-addins/pkg/mono-addins/usr/lib
Installed policy.0.6.Mono.Addins.dll into the gac (/build/mono-addins/pkg/mono-addins/usr/lib/mono/gac)
make[2]: Leaving directory '/build/mono-addins/src/mono-addins-mono-addins-1.3.3/Mono.Addins'
make[1]: Leaving directory '/build/mono-addins/src/mono-addins-mono-addins-1.3.3/Mono.Addins'
Making install in Mono.Addins.CecilReflector
make[1]: Entering directory '/build/mono-addins/src/mono-addins-mono-addins-1.3.3/Mono.Addins.CecilReflector'
make[2]: Entering directory '/build/mono-addins/src/mono-addins-mono-addins-1.3.3/Mono.Addins.CecilReflector'
/usr/bin/gacutil /i ../bin/Mono.Addins.CecilReflector.dll /f /package mono-addins /root /build/mono-addins/pkg/mono-addins/usr/lib || exit 1;
Package exported to: /build/mono-addins/pkg/mono-addins/usr/lib/mono/mono-addins/Mono.Addins.CecilReflector.dll -> ../gac/Mono.Addins.CecilReflector/1.0.0.0__0738eb9f132ed756/Mono.Addins.CecilReflector.dll
Installed ../bin/Mono.Addins.CecilReflector.dll into the gac (/build/mono-addins/pkg/mono-addins/usr/lib/mono/gac)
/usr/bin/gacutil /i policy.0.2.Mono.Addins.CecilReflector.dll /f /root /build/mono-addins/pkg/mono-addins/usr/lib
Installed policy.0.2.Mono.Addins.CecilReflector.dll into the gac (/build/mono-addins/pkg/mono-addins/usr/lib/mono/gac)
/usr/bin/gacutil /i policy.0.3.Mono.Addins.CecilReflector.dll /f /root /build/mono-addins/pkg/mono-addins/usr/lib
Installed policy.0.3.Mono.Addins.CecilReflector.dll into the gac (/build/mono-addins/pkg/mono-addins/usr/lib/mono/gac)
/usr/bin/gacutil /i policy.0.4.Mono.Addins.CecilReflector.dll /f /root /build/mono-addins/pkg/mono-addins/usr/lib
Installed policy.0.4.Mono.Addins.CecilReflector.dll into the gac (/build/mono-addins/pkg/mono-addins/usr/lib/mono/gac)
/usr/bin/gacutil /i policy.0.5.Mono.Addins.CecilReflector.dll /f /root /build/mono-addins/pkg/mono-addins/usr/lib
Installed policy.0.5.Mono.Addins.CecilReflector.dll into the gac (/build/mono-addins/pkg/mono-addins/usr/lib/mono/gac)
/usr/bin/gacutil /i policy.0.6.Mono.Addins.CecilReflector.dll /f /root /build/mono-addins/pkg/mono-addins/usr/lib
Installed policy.0.6.Mono.Addins.CecilReflector.dll into the gac (/build/mono-addins/pkg/mono-addins/usr/lib/mono/gac)
make[2]: Leaving directory '/build/mono-addins/src/mono-addins-mono-addins-1.3.3/Mono.Addins.CecilReflector'
make[1]: Leaving directory '/build/mono-addins/src/mono-addins-mono-addins-1.3.3/Mono.Addins.CecilReflector'
Making install in Mono.Addins.Setup
make[1]: Entering directory '/build/mono-addins/src/mono-addins-mono-addins-1.3.3/Mono.Addins.Setup'
make[2]: Entering directory '/build/mono-addins/src/mono-addins-mono-addins-1.3.3/Mono.Addins.Setup'
/usr/bin/gacutil /i ../bin/Mono.Addins.Setup.dll /f /package mono-addins /root /build/mono-addins/pkg/mono-addins/usr/lib || exit 1;
 /usr/bin/mkdir -p '/build/mono-addins/pkg/mono-addins/usr/lib/pkgconfig'
 /usr/bin/install -c -m 644 mono-addins-setup.pc '/build/mono-addins/pkg/mono-addins/usr/lib/pkgconfig'
Package exported to: /build/mono-addins/pkg/mono-addins/usr/lib/mono/mono-addins/Mono.Addins.Setup.dll -> ../gac/Mono.Addins.Setup/1.0.0.0__0738eb9f132ed756/Mono.Addins.Setup.dll
Installed ../bin/Mono.Addins.Setup.dll into the gac (/build/mono-addins/pkg/mono-addins/usr/lib/mono/gac)
/usr/bin/gacutil /i policy.0.2.Mono.Addins.Setup.dll /f /root /build/mono-addins/pkg/mono-addins/usr/lib
Installed policy.0.2.Mono.Addins.Setup.dll into the gac (/build/mono-addins/pkg/mono-addins/usr/lib/mono/gac)
/usr/bin/gacutil /i policy.0.3.Mono.Addins.Setup.dll /f /root /build/mono-addins/pkg/mono-addins/usr/lib
Installed policy.0.3.Mono.Addins.Setup.dll into the gac (/build/mono-addins/pkg/mono-addins/usr/lib/mono/gac)
/usr/bin/gacutil /i policy.0.4.Mono.Addins.Setup.dll /f /root /build/mono-addins/pkg/mono-addins/usr/lib
Installed policy.0.4.Mono.Addins.Setup.dll into the gac (/build/mono-addins/pkg/mono-addins/usr/lib/mono/gac)
/usr/bin/gacutil /i policy.0.5.Mono.Addins.Setup.dll /f /root /build/mono-addins/pkg/mono-addins/usr/lib
Installed policy.0.5.Mono.Addins.Setup.dll into the gac (/build/mono-addins/pkg/mono-addins/usr/lib/mono/gac)
/usr/bin/gacutil /i policy.0.6.Mono.Addins.Setup.dll /f /root /build/mono-addins/pkg/mono-addins/usr/lib
Installed policy.0.6.Mono.Addins.Setup.dll into the gac (/build/mono-addins/pkg/mono-addins/usr/lib/mono/gac)
make[2]: Leaving directory '/build/mono-addins/src/mono-addins-mono-addins-1.3.3/Mono.Addins.Setup'
make[1]: Leaving directory '/build/mono-addins/src/mono-addins-mono-addins-1.3.3/Mono.Addins.Setup'
Making install in Mono.Addins.MSBuild
make[1]: Entering directory '/build/mono-addins/src/mono-addins-mono-addins-1.3.3/Mono.Addins.MSBuild'
make[2]: Entering directory '/build/mono-addins/src/mono-addins-mono-addins-1.3.3/Mono.Addins.MSBuild'
/usr/bin/gacutil /i ../bin/Mono.Addins.MSBuild.dll /f /package mono-addins /root /build/mono-addins/pkg/mono-addins/usr/lib || exit 1;
 /usr/bin/mkdir -p '/build/mono-addins/pkg/mono-addins/usr/lib/pkgconfig'
 /usr/bin/install -c -m 644 mono-addins-msbuild.pc '/build/mono-addins/pkg/mono-addins/usr/lib/pkgconfig'
Package exported to: /build/mono-addins/pkg/mono-addins/usr/lib/mono/mono-addins/Mono.Addins.MSBuild.dll -> ../gac/Mono.Addins.MSBuild/1.0.0.0__0738eb9f132ed756/Mono.Addins.MSBuild.dll
Installed ../bin/Mono.Addins.MSBuild.dll into the gac (/build/mono-addins/pkg/mono-addins/usr/lib/mono/gac)
/usr/bin/gacutil /i policy.0.2.Mono.Addins.MSBuild.dll /f /root /build/mono-addins/pkg/mono-addins/usr/lib
Installed policy.0.2.Mono.Addins.MSBuild.dll into the gac (/build/mono-addins/pkg/mono-addins/usr/lib/mono/gac)
/usr/bin/gacutil /i policy.0.3.Mono.Addins.MSBuild.dll /f /root /build/mono-addins/pkg/mono-addins/usr/lib
Installed policy.0.3.Mono.Addins.MSBuild.dll into the gac (/build/mono-addins/pkg/mono-addins/usr/lib/mono/gac)
/usr/bin/gacutil /i policy.0.4.Mono.Addins.MSBuild.dll /f /root /build/mono-addins/pkg/mono-addins/usr/lib
Installed policy.0.4.Mono.Addins.MSBuild.dll into the gac (/build/mono-addins/pkg/mono-addins/usr/lib/mono/gac)
/usr/bin/gacutil /i policy.0.5.Mono.Addins.MSBuild.dll /f /root /build/mono-addins/pkg/mono-addins/usr/lib
Installed policy.0.5.Mono.Addins.MSBuild.dll into the gac (/build/mono-addins/pkg/mono-addins/usr/lib/mono/gac)
/usr/bin/gacutil /i policy.0.6.Mono.Addins.MSBuild.dll /f /root /build/mono-addins/pkg/mono-addins/usr/lib
Installed policy.0.6.Mono.Addins.MSBuild.dll into the gac (/build/mono-addins/pkg/mono-addins/usr/lib/mono/gac)
make[2]: Leaving directory '/build/mono-addins/src/mono-addins-mono-addins-1.3.3/Mono.Addins.MSBuild'
make[1]: Leaving directory '/build/mono-addins/src/mono-addins-mono-addins-1.3.3/Mono.Addins.MSBuild'
Making install in Mono.Addins.Gui
make[1]: Entering directory '/build/mono-addins/src/mono-addins-mono-addins-1.3.3/Mono.Addins.Gui'
make[2]: Entering directory '/build/mono-addins/src/mono-addins-mono-addins-1.3.3/Mono.Addins.Gui'
make[2]: Leaving directory '/build/mono-addins/src/mono-addins-mono-addins-1.3.3/Mono.Addins.Gui'
make[1]: Leaving directory '/build/mono-addins/src/mono-addins-mono-addins-1.3.3/Mono.Addins.Gui'
Making install in Mono.Addins.GuiGtk3
make[1]: Entering directory '/build/mono-addins/src/mono-addins-mono-addins-1.3.3/Mono.Addins.GuiGtk3'
make[2]: Entering directory '/build/mono-addins/src/mono-addins-mono-addins-1.3.3/Mono.Addins.GuiGtk3'
make[2]: Leaving directory '/build/mono-addins/src/mono-addins-mono-addins-1.3.3/Mono.Addins.GuiGtk3'
make[1]: Leaving directory '/build/mono-addins/src/mono-addins-mono-addins-1.3.3/Mono.Addins.GuiGtk3'
Making install in mautil
make[1]: Entering directory '/build/mono-addins/src/mono-addins-mono-addins-1.3.3/mautil'
Building mautil.csproj
make[2]: Entering directory '/build/mono-addins/src/mono-addins-mono-addins-1.3.3/mautil'
 /usr/bin/mkdir -p '/build/mono-addins/pkg/mono-addins/usr/bin'
Building mautil.csproj
 /usr/bin/mkdir -p '/build/mono-addins/pkg/mono-addins/usr/share/man/man1'
 /usr/bin/install -c mautil '/build/mono-addins/pkg/mono-addins/usr/bin'
 /usr/bin/install -c -m 644 mautil.1 '/build/mono-addins/pkg/mono-addins/usr/share/man/man1'
 /usr/bin/mkdir -p '/build/mono-addins/pkg/mono-addins/usr/lib/mono/mono-addins'
 /usr/bin/install -c -m 644 ../bin/mautil.exe '/build/mono-addins/pkg/mono-addins/usr/lib/mono/mono-addins'
make[2]: Leaving directory '/build/mono-addins/src/mono-addins-mono-addins-1.3.3/mautil'
make[1]: Leaving directory '/build/mono-addins/src/mono-addins-mono-addins-1.3.3/mautil'
Making install in Test
make[1]: Entering directory '/build/mono-addins/src/mono-addins-mono-addins-1.3.3/Test'
Making install in UnitTests
make[2]: Entering directory '/build/mono-addins/src/mono-addins-mono-addins-1.3.3/Test/UnitTests'
make[3]: Entering directory '/build/mono-addins/src/mono-addins-mono-addins-1.3.3/Test/UnitTests'
make[3]: Nothing to be done for 'install-exec-am'.
make[3]: Nothing to be done for 'install-data-am'.
make[3]: Leaving directory '/build/mono-addins/src/mono-addins-mono-addins-1.3.3/Test/UnitTests'
make[2]: Leaving directory '/build/mono-addins/src/mono-addins-mono-addins-1.3.3/Test/UnitTests'
Making install in CommandExtension
make[2]: Entering directory '/build/mono-addins/src/mono-addins-mono-addins-1.3.3/Test/CommandExtension'
make[3]: Entering directory '/build/mono-addins/src/mono-addins-mono-addins-1.3.3/Test/CommandExtension'
make[3]: Nothing to be done for 'install-exec-am'.
make[3]: Nothing to be done for 'install-data-am'.
make[3]: Leaving directory '/build/mono-addins/src/mono-addins-mono-addins-1.3.3/Test/CommandExtension'
make[2]: Leaving directory '/build/mono-addins/src/mono-addins-mono-addins-1.3.3/Test/CommandExtension'
Making install in FileContentExtension
make[2]: Entering directory '/build/mono-addins/src/mono-addins-mono-addins-1.3.3/Test/FileContentExtension'
make[3]: Entering directory '/build/mono-addins/src/mono-addins-mono-addins-1.3.3/Test/FileContentExtension'
make[3]: Nothing to be done for 'install-exec-am'.
make[3]: Nothing to be done for 'install-data-am'.
make[3]: Leaving directory '/build/mono-addins/src/mono-addins-mono-addins-1.3.3/Test/FileContentExtension'
make[2]: Leaving directory '/build/mono-addins/src/mono-addins-mono-addins-1.3.3/Test/FileContentExtension'
Making install in HelloWorldExtension
make[2]: Entering directory '/build/mono-addins/src/mono-addins-mono-addins-1.3.3/Test/HelloWorldExtension'
make[3]: Entering directory '/build/mono-addins/src/mono-addins-mono-addins-1.3.3/Test/HelloWorldExtension'
make[3]: Nothing to be done for 'install-exec-am'.
make[3]: Nothing to be done for 'install-data-am'.
make[3]: Leaving directory '/build/mono-addins/src/mono-addins-mono-addins-1.3.3/Test/HelloWorldExtension'
make[2]: Leaving directory '/build/mono-addins/src/mono-addins-mono-addins-1.3.3/Test/HelloWorldExtension'
Making install in SystemInfoExtension
make[2]: Entering directory '/build/mono-addins/src/mono-addins-mono-addins-1.3.3/Test/SystemInfoExtension'
make[3]: Entering directory '/build/mono-addins/src/mono-addins-mono-addins-1.3.3/Test/SystemInfoExtension'
make[3]: Nothing to be done for 'install-exec-am'.
make[3]: Nothing to be done for 'install-data-am'.
make[3]: Leaving directory '/build/mono-addins/src/mono-addins-mono-addins-1.3.3/Test/SystemInfoExtension'
make[2]: Leaving directory '/build/mono-addins/src/mono-addins-mono-addins-1.3.3/Test/SystemInfoExtension'
Making install in FileExtender
make[2]: Entering directory '/build/mono-addins/src/mono-addins-mono-addins-1.3.3/Test/FileExtender'
make[3]: Entering directory '/build/mono-addins/src/mono-addins-mono-addins-1.3.3/Test/FileExtender'
make[3]: Nothing to be done for 'install-exec-am'.
make[3]: Nothing to be done for 'install-data-am'.
make[3]: Leaving directory '/build/mono-addins/src/mono-addins-mono-addins-1.3.3/Test/FileExtender'
make[2]: Leaving directory '/build/mono-addins/src/mono-addins-mono-addins-1.3.3/Test/FileExtender'
make[2]: Entering directory '/build/mono-addins/src/mono-addins-mono-addins-1.3.3/Test'
make[3]: Entering directory '/build/mono-addins/src/mono-addins-mono-addins-1.3.3/Test'
make[3]: Nothing to be done for 'install-exec-am'.
make[3]: Nothing to be done for 'install-data-am'.
make[3]: Leaving directory '/build/mono-addins/src/mono-addins-mono-addins-1.3.3/Test'
make[2]: Leaving directory '/build/mono-addins/src/mono-addins-mono-addins-1.3.3/Test'
make[1]: Leaving directory '/build/mono-addins/src/mono-addins-mono-addins-1.3.3/Test'
Making install in docs
make[1]: Entering directory '/build/mono-addins/src/mono-addins-mono-addins-1.3.3/docs'
make[2]: Entering directory '/build/mono-addins/src/mono-addins-mono-addins-1.3.3/docs'
make[2]: Nothing to be done for 'install-exec-am'.
make[2]: Nothing to be done for 'install-data-am'.
make[2]: Leaving directory '/build/mono-addins/src/mono-addins-mono-addins-1.3.3/docs'
make[1]: Leaving directory '/build/mono-addins/src/mono-addins-mono-addins-1.3.3/docs'
make[1]: Entering directory '/build/mono-addins/src/mono-addins-mono-addins-1.3.3'
make[2]: Entering directory '/build/mono-addins/src/mono-addins-mono-addins-1.3.3'
make[2]: Nothing to be done for 'install-exec-am'.
make[2]: Nothing to be done for 'install-data-am'.
make[2]: Leaving directory '/build/mono-addins/src/mono-addins-mono-addins-1.3.3'
make[1]: Leaving directory '/build/mono-addins/src/mono-addins-mono-addins-1.3.3'
