-- cmake version 4.3
-- The C compiler identification is GNU 16.1.1
-- The CXX compiler identification is GNU 16.1.1
-- Detecting C compiler ABI info
-- Detecting C compiler ABI info - done
-- Check for working C compiler: /usr/bin/cc - skipped
-- Detecting C compile features
-- Detecting C compile features - done
-- Detecting CXX compiler ABI info
-- Detecting CXX compiler ABI info - done
-- Check for working CXX compiler: /usr/bin/c++ - skipped
-- Detecting CXX compile features
-- Detecting CXX compile features - done
-- override default CMAKE_INSTALL_PREFIX = /usr
-- Detected an UNKNOWN Linux machine
-- toolchain options processed
-- Found OpenSSL: /usr/lib/libcrypto.so (found version "3.6.3")
-- Found PkgConfig: /usr/bin/pkg-config (found version "2.5.1")
-- Performing Test HAS_MACRO_PREFIX_MAP_FLAG
-- Performing Test HAS_MACRO_PREFIX_MAP_FLAG - Success
-- Compilation from within a git repository. Using git rev-parse HEAD
-- Looking for __GLIBC__
-- Looking for __GLIBC__ - found
-- Looking for include file strings.h
-- Looking for include file strings.h - found
-- Looking for include file string.h
-- Looking for include file string.h - found
-- Performing Test CMAKE_HAVE_LIBC_PTHREAD
-- Performing Test CMAKE_HAVE_LIBC_PTHREAD - Success
-- Found Threads: TRUE
-- found krb5-config here /usr/bin/krb5-config
-- Found kerberos 5 headers: /include
-- Found kerberos 5 libs:    /usr/lib/libkrb5.so;/usr/lib/libk5crypto.so;/usr/lib/libcom_err.so;/usr/lib/libgssapi_krb5.so
-- Looking for include file gssapi.h
-- Looking for include file gssapi.h - found
-- Looking for include file sys/acl.h
-- Looking for include file sys/acl.h - found
-- Looking for include file acl/libacl.h
-- Looking for include file acl/libacl.h - found
-- Looking for acl_get_file in acl
-- Looking for acl_get_file in acl - found
-- Looking for acl_get_fd_np
-- Looking for acl_get_fd_np - not found
-- Looking for acl_set_fd_np
-- Looking for acl_set_fd_np - not found
-- Found BTRFS Util library: /usr/lib/libbtrfsutil.so
-- Looking for open_by_handle in handle
-- Looking for open_by_handle in handle - found
-- Looking for include file xfs/xfs.h
-- Looking for include file xfs/xfs.h - found
-- Found JeMalloc: /usr/lib/libjemalloc.so
-- Checking for module 'dbus-1'
--   Found dbus-1, version 1.16.2
-- Found nfs idmap library: /usr/lib/libnfsidmap.so
-- Looking for wbcLookupSids in wbclient
-- Looking for wbcLookupSids in wbclient - found
-- Looking for 3 include files stdint.h, ..., wbclient.h
-- Looking for 3 include files stdint.h, ..., wbclient.h - found
-- Performing Test WBCLIENT4_H
-- Performing Test WBCLIENT4_H - Success
-- Found Winbind4 client: 
-- Looking for cap_set_proc in cap
-- Looking for cap_set_proc in cap - found
-- Found Caps: /usr/lib/libcap.so
-- Looking for include file blkid/blkid.h
-- Looking for include file blkid/blkid.h - found
-- Looking for blkid_devno_to_devname in blkid
-- Looking for blkid_devno_to_devname in blkid - found
-- Looking for include file uuid/uuid.h
-- Looking for include file uuid/uuid.h - found
-- Looking for uuid_parse in uuid
-- Looking for uuid_parse in uuid - found
-- Looking for daemon in c
-- Looking for daemon in c - found
-- Found Unwind: /usr/lib/libunwind.so
-- libunwind found: /usr/lib/libunwind.so
-- OVERRIDE_INSTALL_PREFIX = 
-- found krb5-config here /usr/bin/krb5-config
-- Found kerberos 5 headers: /include
-- Found kerberos 5 libs:    /usr/lib/libkrb5.so;/usr/lib/libk5crypto.so;/usr/lib/libcom_err.so;/usr/lib/libgssapi_krb5.so;/usr/lib/libkrb5.so;/usr/lib/libk5crypto.so;/usr/lib/libcom_err.so;/usr/lib/libgssapi_krb5.so
-- Looking for include file stdbool.h
-- Looking for include file stdbool.h - found
-- Looking for include file sys/epoll.h
-- Looking for include file sys/epoll.h - found
-- Looking for epoll_create
-- Looking for epoll_create - found
-- Found EPOLL: 1
-- Found Winbind4 client: 
-- 
-- -------------------------------------------------------
-- TIRPC_EPOLL = TRUE
-- USE_RPC_RDMA = OFF
-- USE_GSS = ON
-- USE_PROFILE = OFF
-- USE_LTTNG_NTIRPC = OFF
-- USE_MONITORING = ON
-- PROXY_PROTOCOL_PARSE_COMMON_NETWORK_ID = OFF
-- NTIRPC USE_TLS = OFF
-- NTIRPC USE_OPENSSL = OFF
-- NTIRPC USE_GNUTLS = OFF
-- Using ntirpc submodule
/build/nfs-ganesha-git/src/nfs-ganesha/src/libntirpc/ntirpc/
-- Looking for urcu_ref_get_unless_zero
-- Looking for urcu_ref_get_unless_zero - found
-- Found BISON: /usr/bin/bison (found version "3.8.2")
-- Found FLEX: /usr/bin/flex (found version "2.6.4")
-- 
-- -------------------------------------------------------
-- PLATFORM = LINUX
-- ARCH = x86_64
-- VERSION = 10.0
-- BUILD HOST = 
-- C COMPILER = GNU
-- C COMPILER VERSION = 16.1.1
-- -------------------------------------------------------
-- USE_FSAL_PROXY_V4 = ON
-- USE_FSAL_PROXY_V3 = DEFAULT_ON
-- USE_FSAL_VFS = ON
-- USE_FSAL_LUSTRE = OFF
-- USE_FSAL_LIZARDFS = OFF
-- USE_FSAL_KVSFS = OFF
-- USE_FSAL_CEPH = OFF
-- USE_FSAL_CEPH_MKNOD = 
-- USE_FSAL_CEPH_SETLK = 
-- USE_FSAL_CEPH_LL_LOOKUP_ROOT = 
-- USE_FSAL_CEPH_STATX = 
-- USE_FSAL_CEPH_LL_DELEGATION = 
-- USE_FSAL_CEPH_LL_SYNC_INODE = 
-- USE_FSAL_CEPH_ABORT_CONN = 
-- USE_FSAL_CEPH_RECLAIM_RESET = 
-- USE_FSAL_CEPH_GET_FS_CID = 
-- USE_FSAL_CEPH_STATX = 
-- USE_FSAL_CEPH_FS_NONBLOCKING_IO = 
-- USE_FSAL_CEPH_FS_ZEROCOPY_IO = 
-- USE_FSAL_CEPH_FSCRYPT = 
-- USE_FSAL_RGW = OFF
-- USE_FSAL_SAUNAFS = ON
-- USE_FSAL_XFS = ON
-- USE_FSAL_GPFS = ON
-- USE_FSAL_GLUSTER = OFF
-- USE_FSAL_NULL = ON
-- USE_FSAL_MEM = ON
-- GSH_CAN_HOST_LOCAL_FS = ON
-- USE_SYSTEM_NTIRPC = OFF
-- USE_DBUS = ON
-- USE_GRPC = OFF
-- USE_CB_SIMULATOR = OFF
-- USE_BTRFSUTIL = ON
-- USE_NFSIDMAP = ON
-- USE_RELATIVE_FILE_PATHS_IN_LOGS = ON
-- ENABLE_ERROR_INJECTION = OFF
-- ENABLE_VFS_POSIX_ACL = OFF
-- ENABLE_VFS_DEBUG_ACL = OFF
-- ENABLE_RFC_ACL = OFF
-- CEPHFS_POSIX_ACL = DEFAULT_ON
-- USE_MONITORING = ON
-- USE_CAPS = ON
-- USE_BLKID = ON
-- DISTNAME_HAS_GIT_DATA = OFF
-- _MSPAC_SUPPORT = ON
-- USE_EFENCE = OFF
-- _NO_TCP_REGISTER = OFF
-- RPCBIND = ON
-- DEBUG_SAL = OFF
-- _VALGRIND_MEMCHECK = OFF
-- ENABLE_LOCKTRACE = OFF
-- PROXYV4_HANDLE_MAPPING = OFF
-- DEBUG_MDCACHE = OFF
-- ENABLE_QOS = OFF
-- DEBUG_SYMS = OFF
-- COVERAGE = OFF
-- ENFORCE_GCC = OFF
-- USE_GTEST = OFF
-- USE_GSS = ON
-- TIRPC_EPOLL = TRUE
-- USE_9P = ON
-- _USE_9P = ON
-- _USE_9P_RDMA = OFF
-- USE_NFS_RDMA = OFF
-- USE_RPC_RDMA = OFF
-- USE_NFS3 = ON
-- USE_NLM = ON
-- USE_NFSACL3 = ON
-- USE_ACL_MAPPING = ON
-- KRB5_PREFIX = 
-- CEPH_PREFIX = 
-- RGW_PREFIX = 
-- GLUSTER_PREFIX = 
-- CMAKE_PREFIX_PATH = 
-- _GIT_HEAD_COMMIT = 6837112382158aa7d914f9a1ceb728e712946173
-- _GIT_HEAD_COMMIT_ABBREV = 6837112
-- _GIT_DESCRIBE = V10.0-0-g683711238
-- ALLOCATOR = jemalloc
-- GOLD_LINKER = 
-- CMAKE_INSTALL_PREFIX = /usr
-- FSAL_DESTINATION = /usr/lib/ganesha
-- USE_ADMIN_TOOLS = OFF
-- USE_GUI_ADMIN_TOOLS = ON
-- MODULES_PATH = 
-- USE_LTTNG = OFF
-- USE_VSOCK = OFF
-- USE_TOOL_MULTILOCK = OFF
-- USE_MAN_PAGE = ON
-- USE_RADOS_RECOV = OFF
-- RADOS_URLS = OFF
-- USE_CUNIT = OFF
-- USE_UNWIND = ON
-- SANITIZE_ADDRESS = OFF
-- USE_TLS = OFF
-- USE_OPENSSL = OFF
-- USE_GNUTLS = OFF
-- TLS_BACKEND = 
-- Found LSB_release: /usr/bin/lsb_release
-- Found Doxygen: /usr/bin/doxygen (found version "1.16.1") found components: doxygen dot
-- Configuring done (3.7s)
-- Generating done (0.2s)
-- Build files have been written to: /build/nfs-ganesha-git/src/build
[  0%] [BISON][ConfigParser] Building parser with bison 3.8.2
[  0%] [FLEX][ConfigScanner] Building scanner with flex 2.6.4
[  0%] Building C object support/CMakeFiles/uid2grp.dir/uid2grp.c.o
[  0%] Building CXX object libntirpc/src/monitoring/CMakeFiles/ntirpcmonitoring.dir/monitoring.cc.o
[  0%] Building C object RPCAL/CMakeFiles/rpcal.dir/connection_manager.c.o
[  0%] Building C object hashtable/CMakeFiles/hashtable.dir/hashtable.c.o
[  0%] Building C object avl/CMakeFiles/avltree.dir/avl.c.o
[  0%] Building C object dbus/CMakeFiles/gshdbus.dir/dbus_server.c.o
[  0%] Building C object log/CMakeFiles/log.dir/display.c.o
[  0%] Building C object Protocols/NLM/CMakeFiles/nlm.dir/nlm_Cancel.c.o
[  1%] Building C object Protocols/XDR/CMakeFiles/nfs_mnt_xdr.dir/xdr_mount.c.o
[  1%] Building C object support/CMakeFiles/string_utils.dir/strlcpy.c.o
[  1%] Building C object Protocols/NFS/CMakeFiles/nfsproto.dir/nfs4_Compound.c.o
[  2%] Building C object Protocols/NFSACL/CMakeFiles/nfsacl.dir/nfsacl_Null.c.o
[  2%] Building C object Protocols/NFS/CMakeFiles/nfs4callbacks.dir/nfs4_cb_Compound.c.o
[  2%] Building C object support/CMakeFiles/hash.dir/murmur3.c.o
[  2%] Building C object support/CMakeFiles/netgroup_cache.dir/netgroup_cache.c.o
[  2%] Building C object Protocols/RQUOTA/CMakeFiles/rquota.dir/rquota_Null.c.o
[  2%] Building C object SAL/CMakeFiles/sal.dir/sal_metrics.c.o
[  2%] Building C object Protocols/9P/CMakeFiles/9p.dir/9p_interpreter.c.o
[  2%] Building C object Protocols/9P/CMakeFiles/9p.dir/9p_proto_tools.c.o
[  3%] Building C object support/CMakeFiles/string_utils.dir/strnlen.c.o
[  4%] Building C object support/CMakeFiles/hash.dir/city.c.o
[  4%] Building C object log/CMakeFiles/log.dir/log_functions.c.o
[  4%] Building C object support/CMakeFiles/string_utils.dir/refstr.c.o
[  4%] Building C object config_parsing/CMakeFiles/config_parsing.dir/analyse.c.o
[  4%] Building C object avl/CMakeFiles/avltree.dir/bst.c.o
[  4%] Built target netgroup_cache
[  4%] Built target hash
[  4%] Building C object Protocols/RQUOTA/CMakeFiles/rquota.dir/rquota_getquota.c.o
[  4%] Building C object Protocols/NFSACL/CMakeFiles/nfsacl.dir/nfsacl_getacl.c.o
[  5%] Building C object avl/CMakeFiles/avltree.dir/rb.c.o
[  5%] Built target string_utils
[  5%] Building C object avl/CMakeFiles/avltree.dir/splay.c.o
[  5%] Built target hashtable
[  5%] Building C object Protocols/XDR/CMakeFiles/nfs_mnt_xdr.dir/xdr_nfs23.c.o
[  6%] Building C object config_parsing/CMakeFiles/config_parsing.dir/config_parsing.c.o
[  6%] Building C object SAL/CMakeFiles/sal.dir/state_async.c.o
[  6%] Building C object Protocols/XDR/CMakeFiles/nfs_mnt_xdr.dir/xdr_nfsv41.c.o
[  7%] Building C object Protocols/RQUOTA/CMakeFiles/rquota.dir/rquota_getactivequota.c.o
[  7%] Built target nfs4callbacks
[  7%] Building C object Protocols/NFS/CMakeFiles/nfsproto.dir/nfs4_op_access.c.o
[  8%] Building C object Protocols/NLM/CMakeFiles/nlm.dir/nlm_Free_All.c.o
[  8%] Building C object config_parsing/CMakeFiles/config_parsing.dir/conf_url.c.o
[  8%] Built target avltree
[  8%] Building C object support/CMakeFiles/support.dir/nfs4_acls.c.o
[  8%] Building C object support/CMakeFiles/uid2grp.dir/uid2grp_cache.c.o
[  8%] Building CXX object monitoring/CMakeFiles/ganesha_monitoring.dir/prometheus_exposer.cc.o
[  8%] Building C object os/CMakeFiles/gos.dir/linux/acl.c.o
[  8%] Building C object Protocols/9P/CMakeFiles/9p.dir/9p_read_conf.c.o
[  9%] Building C object dbus/CMakeFiles/gshdbus.dir/properties_handler.c.o
[  9%] Building C object RPCAL/CMakeFiles/rpcal.dir/connection_manager_metrics.c.o
[  9%] Building C object os/CMakeFiles/gos.dir/linux/subr.c.o
[  9%] Building C object Protocols/9P/CMakeFiles/9p.dir/9p_attach.c.o
[  9%] Building CXX object monitoring/CMakeFiles/ganesha_monitoring.dir/dynamic_metrics.cc.o
[ 10%] Building C object Protocols/NFSACL/CMakeFiles/nfsacl.dir/nfsacl_setacl.c.o
[ 11%] Building C object RPCAL/CMakeFiles/rpcal.dir/nfs_dupreq.c.o
[ 11%] Building C object support/CMakeFiles/support.dir/nfs_creds.c.o
[ 11%] Building C object Protocols/RQUOTA/CMakeFiles/rquota.dir/rquota_setquota.c.o
[ 11%] Building C object config_parsing/CMakeFiles/config_parsing.dir/conf_yacc.c.o
[ 11%] Building C object Protocols/NLM/CMakeFiles/nlm.dir/nlm_Granted_Res.c.o
[ 11%] Building C object SAL/CMakeFiles/sal.dir/state_lock.c.o
[ 11%] Building C object dbus/CMakeFiles/gshdbus.dir/signal_handler.c.o
[ 11%] Building C object config_parsing/CMakeFiles/config_parsing.dir/conf_lex.c.o
[ 11%] Building C object RPCAL/CMakeFiles/rpcal.dir/rpc_tools.c.o
[ 11%] Building C object Protocols/NFS/CMakeFiles/nfsproto.dir/nfs4_op_allocate.c.o
[ 11%] Built target uid2grp
[ 11%] Building C object SAL/CMakeFiles/sal.dir/state_share.c.o
[ 11%] Built target gos
[ 11%] Building C object RPCAL/CMakeFiles/rpcal.dir/gss_credcache.c.o
[ 11%] Building C object SAL/CMakeFiles/sal.dir/state_misc.c.o
[ 11%] Building C object Protocols/XDR/CMakeFiles/nfs_mnt_xdr.dir/xdr_nlm4.c.o
[ 11%] Built target log
[ 11%] Building C object RPCAL/CMakeFiles/rpcal.dir/gss_extra.c.o
[ 12%] Building C object Protocols/9P/CMakeFiles/9p.dir/9p_auth.c.o
[ 13%] Building C object Protocols/NFS/CMakeFiles/nfsproto.dir/nfs4_op_bind_conn.c.o
[ 13%] Building C object dbus/CMakeFiles/gshdbus.dir/dbus_heartbeat.c.o
[ 13%] Built target nfsacl
[ 14%] Building C object Protocols/XDR/CMakeFiles/nfs_mnt_xdr.dir/xdr_nsm.c.o
[ 14%] Building C object Protocols/RQUOTA/CMakeFiles/rquota.dir/rquota_setactivequota.c.o
[ 14%] Building C object Protocols/NLM/CMakeFiles/nlm.dir/nlm_Lock.c.o
[ 14%] Built target config_parsing
[ 15%] Building C object FSAL/Stackable_FSALs/FSAL_MDCACHE/CMakeFiles/fsalmdcache.dir/mdcache_handle.c.o
[ 15%] Building C object FSAL/FSAL_PSEUDO/CMakeFiles/fsalpseudo.dir/handle.c.o
[ 16%] Building C object support/CMakeFiles/support.dir/nfs_filehandle_mgmt.c.o
[ 16%] Building C object FSAL/Stackable_FSALs/FSAL_MDCACHE/CMakeFiles/fsalmdcache.dir/mdcache_file.c.o
[ 16%] Building C object FSAL/Stackable_FSALs/FSAL_MDCACHE/CMakeFiles/fsalmdcache.dir/mdcache_xattrs.c.o
[ 16%] Building C object FSAL/Stackable_FSALs/FSAL_MDCACHE/CMakeFiles/fsalmdcache.dir/mdcache_main.c.o
[ 16%] Building C object Protocols/NLM/CMakeFiles/nlm.dir/nlm_Null.c.o
[ 16%] Building C object FSAL/FSAL_PSEUDO/CMakeFiles/fsalpseudo.dir/main.c.o
[ 16%] Built target rpcal
[ 17%] Building C object FSAL/FSAL_PSEUDO/CMakeFiles/fsalpseudo.dir/export.c.o
[ 17%] Building C object Protocols/9P/CMakeFiles/9p.dir/9p_flush.c.o
[ 17%] Building C object Protocols/9P/CMakeFiles/9p.dir/9p_clunk.c.o
[ 17%] Building C object Protocols/NFS/CMakeFiles/nfsproto.dir/nfs4_op_close.c.o
[ 17%] Building C object Protocols/XDR/CMakeFiles/nfs_mnt_xdr.dir/xdr_nfsacl.c.o
[ 17%] Built target gshdbus
[ 17%] Building C object Protocols/9P/CMakeFiles/9p.dir/9p_flush_hook.c.o
[ 17%] Building C object Protocols/RQUOTA/CMakeFiles/rquota.dir/rquota_common.c.o
[ 18%] Building C object SAL/CMakeFiles/sal.dir/state_layout.c.o
[ 18%] Building C object support/CMakeFiles/support.dir/nfs_read_conf.c.o
[ 19%] Building C object Protocols/NLM/CMakeFiles/nlm.dir/nlm_Share.c.o
[ 21%] Building C object FSAL/Stackable_FSALs/FSAL_MDCACHE/CMakeFiles/fsalmdcache.dir/mdcache_export.c.o
[ 21%] Building C object Protocols/9P/CMakeFiles/9p.dir/9p_getattr.c.o
[ 21%] Building C object idmapper/CMakeFiles/idmap.dir/idmapper.c.o
[ 21%] Building C object Protocols/9P/CMakeFiles/9p.dir/9p_getlock.c.o
[ 21%] Building C object idmapper/CMakeFiles/idmap.dir/idmapper_cache.c.o
[ 22%] Building C object idmapper/CMakeFiles/idmap.dir/idmapper_negative_cache.c.o
[ 22%] Built target fsalpseudo
[ 22%] Building C object idmapper/CMakeFiles/idmap.dir/idmapper_monitoring.c.o
[ 22%] Building C object FSAL/Stackable_FSALs/FSAL_MDCACHE/CMakeFiles/fsalmdcache.dir/mdcache_helpers.c.o
[ 22%] Building C object MainNFSD/CMakeFiles/MainServices.dir/nfs_admin_thread.c.o
[ 22%] Building C object Protocols/XDR/CMakeFiles/nfs_mnt_xdr.dir/xdr_rquota.c.o
[ 22%] Building C object Protocols/NFS/CMakeFiles/nfsproto.dir/nfs4_op_commit.c.o
[ 22%] Building C object libkmip/CMakeFiles/kmip.dir/kmip.c.o
[ 22%] Built target rquota
[ 23%] Building C object MainNFSD/CMakeFiles/MainServices.dir/nfs_rpc_callback.c.o
[ 23%] Building C object idmapper/CMakeFiles/idmap.dir/pwnam_wrappers.c.o
[ 23%] Building C object idmapper/CMakeFiles/idmap.dir/sss_nss_idmap.c.o
[ 23%] Built target nfs_mnt_xdr
[ 23%] Building C object Protocols/NLM/CMakeFiles/nlm.dir/nlm_Sm_Notify.c.o
[ 23%] Building C object SAL/CMakeFiles/sal.dir/state_deleg.c.o
[ 23%] Building C object support/CMakeFiles/support.dir/nfs_convert.c.o
[ 23%] Building C object Protocols/NLM/CMakeFiles/nlm.dir/nlm_Test.c.o
[ 23%] Building C object Protocols/9P/CMakeFiles/9p.dir/9p_lcreate.c.o
[ 23%] Building C object Protocols/NLM/CMakeFiles/nlm.dir/nlm_Unlock.c.o
[ 23%] Building C object Protocols/NLM/CMakeFiles/nlm.dir/nlm_Unshare.c.o
[ 23%] Building C object MainNFSD/CMakeFiles/MainServices.dir/nfs_worker_thread.c.o
[ 23%] Building C object MainNFSD/CMakeFiles/MainServices.dir/nfs_rpc_dispatcher_thread.c.o
[ 23%] Building C object MainNFSD/CMakeFiles/MainServices.dir/nfs_rpc_tcp_socket_manager_thread.c.o
[ 23%] Building C object SAL/CMakeFiles/sal.dir/nfs4_clientid.c.o
[ 23%] Building C object support/CMakeFiles/support.dir/nfs_ip_name.c.o
[ 23%] Built target idmap
[ 23%] Building C object Protocols/NFS/CMakeFiles/nfsproto.dir/nfs4_op_create.c.o
[ 23%] Building C object libkmip/CMakeFiles/kmip.dir/kmip_memset.c.o
[ 25%] Building C object Protocols/NFS/CMakeFiles/nfsproto.dir/nfs4_op_create_session.c.o
[ 26%] Building C object support/CMakeFiles/support.dir/ds.c.o
[ 26%] Building C object support/CMakeFiles/support.dir/exports.c.o
[ 27%] Building C object MainNFSD/CMakeFiles/MainServices.dir/nfs_init.c.o
[ 27%] Building C object Protocols/9P/CMakeFiles/9p.dir/9p_lopen.c.o
[ 28%] Building C object Protocols/9P/CMakeFiles/9p.dir/9p_link.c.o
[ 28%] Building C object Protocols/9P/CMakeFiles/9p.dir/9p_lock.c.o
[ 29%] Building C object Protocols/NLM/CMakeFiles/nlm.dir/nlm_async.c.o
[ 29%] Building C object Protocols/NLM/CMakeFiles/nlm.dir/nlm_util.c.o
[ 29%] Building C object FSAL/Stackable_FSALs/FSAL_MDCACHE/CMakeFiles/fsalmdcache.dir/mdcache_lru.c.o
[ 29%] Building C object support/CMakeFiles/support.dir/fridgethr.c.o
[ 29%] Building C object support/CMakeFiles/support.dir/delayed_exec.c.o
[ 29%] Building C object libkmip/CMakeFiles/kmip.dir/kmip_bio.c.o
[ 30%] Building C object FSAL/FSAL_VFS/os/CMakeFiles/fsal_os.dir/linux/handle_syscalls.c.o
[ 30%] Building C object Protocols/9P/CMakeFiles/9p.dir/9p_mkdir.c.o
[ 30%] Building C object Protocols/NFS/CMakeFiles/nfsproto.dir/nfs4_op_delegpurge.c.o
[ 30%] Building C object Protocols/NFS/CMakeFiles/nfsproto.dir/nfs4_op_delegreturn.c.o
[ 30%] Building C object Protocols/NLM/CMakeFiles/nlm.dir/nsm.c.o
[ 30%] Building C object MainNFSD/CMakeFiles/MainServices.dir/nfs_lib.c.o
[ 30%] Building C object SAL/CMakeFiles/sal.dir/nfs4_state.c.o
[ 31%] Building C object support/CMakeFiles/support.dir/bsd-base64.c.o
[ 32%] Building C object SAL/CMakeFiles/sal.dir/nfs4_state_id.c.o
[ 32%] Building C object FSAL/Stackable_FSALs/FSAL_MDCACHE/CMakeFiles/fsalmdcache.dir/mdcache_hash.c.o
[ 32%] Building C object support/CMakeFiles/support.dir/server_stats.c.o
[ 32%] Building C object SAL/CMakeFiles/sal.dir/nfs4_lease.c.o
[ 32%] Building C object SAL/CMakeFiles/sal.dir/nfs4_recovery.c.o
[ 32%] Built target fsal_os
[ 32%] Linking C static library libkmip.a
[ 32%] Building C object Protocols/NFS/CMakeFiles/nfsproto.dir/nfs4_op_destroy_session.c.o
[ 33%] Building C object Protocols/NFS/CMakeFiles/nfsproto.dir/nfs4_op_exchange_id.c.o
[ 33%] Building C object Protocols/9P/CMakeFiles/9p.dir/9p_mknod.c.o
[ 33%] Building C object SAL/CMakeFiles/sal.dir/nfs41_session_id.c.o
[ 33%] Building C object support/CMakeFiles/support.dir/export_mgr.c.o
[ 33%] Building C object support/CMakeFiles/support.dir/nfs4_fs_locations.c.o
[ 33%] Building C object MainNFSD/CMakeFiles/MainServices.dir/nfs_metrics.c.o
[ 33%] Built target kmip
[ 33%] Building C object Protocols/NFS/CMakeFiles/nfsproto.dir/nfs4_op_free_stateid.c.o
[ 33%] Building C object Protocols/9P/CMakeFiles/9p.dir/9p_read.c.o
[ 33%] Building C object FSAL/Stackable_FSALs/FSAL_MDCACHE/CMakeFiles/fsalmdcache.dir/mdcache_avl.c.o
[ 33%] Built target nlm
[ 34%] Building C object FSAL/Stackable_FSALs/FSAL_MDCACHE/CMakeFiles/fsalmdcache.dir/mdcache_read_conf.c.o
[ 34%] Building C object FSAL/Stackable_FSALs/FSAL_MDCACHE/CMakeFiles/fsalmdcache.dir/mdcache_up.c.o
[ 34%] Building C object FSAL/FSAL_SAUNAFS/CMakeFiles/fsalsaunafs.dir/context_wrap.c.o
[ 34%] Building C object MainNFSD/CMakeFiles/MainServices.dir/nfs_reaper_thread.c.o
[ 34%] Building C object support/CMakeFiles/support.dir/xprt_handler.c.o
[ 35%] Building C object MainNFSD/CMakeFiles/MainServices.dir/__/support/client_mgr.c.o
[ 35%] Building C object MainNFSD/CMakeFiles/MainServices.dir/9p_dispatcher.c.o
[ 36%] Building C object Protocols/9P/CMakeFiles/9p.dir/9p_readdir.c.o
[ 36%] Building C object Protocols/9P/CMakeFiles/9p.dir/9p_readlink.c.o
[ 37%] Building C object support/CMakeFiles/support.dir/ip_utils.c.o
[ 38%] Building C object SAL/CMakeFiles/sal.dir/nfs4_owner.c.o
[ 38%] Building C object FSAL/FSAL_SAUNAFS/CMakeFiles/fsalsaunafs.dir/ds.c.o
[ 38%] Building C object Protocols/NFS/CMakeFiles/nfsproto.dir/nfs4_op_getdeviceinfo.c.o
[ 38%] Building C object Protocols/NFS/CMakeFiles/nfsproto.dir/nfs4_op_getattr.c.o
[ 38%] Building C object Protocols/NFS/CMakeFiles/nfsproto.dir/nfs4_op_getdevicelist.c.o
[ 38%] Building C object SAL/CMakeFiles/sal.dir/recovery/recovery_fs.c.o
[ 38%] Generating ../ganesha-config.8, ../ganesha-log-config.8, ../ganesha-cache-config.8, ../ganesha-export-config.8, ../ganesha-core-config.8, ../ganesha-9p-config.8, ../ganesha-xfs-config.8, ../ganesha-vfs-config.8, ../ganesha-proxy-v4-config.8, ../ganesha-proxy-v3-config.8, ../ganesha-gpfs-config.8
[ 38%] Linking CXX shared library libntirpcmonitoring.so
[ 38%] Building C object SAL/CMakeFiles/sal.dir/recovery/recovery_fs_ng.c.o
[ 38%] Building C object FSAL/FSAL_SAUNAFS/CMakeFiles/fsalsaunafs.dir/export.c.o
[ 39%] Building C object Protocols/NFS/CMakeFiles/nfsproto.dir/nfs4_op_getfh.c.o
[ 39%] Building C object Protocols/9P/CMakeFiles/9p.dir/9p_remove.c.o
[ 39%] Built target fsalmdcache
[ 39%] Building C object SAL/CMakeFiles/sal.dir/nlm_owner.c.o
[ 39%] Built target support
[ 39%] Building C object Protocols/NFS/CMakeFiles/nfsproto.dir/nfs4_op_illegal.c.o
[ 39%] Building C object FSAL/FSAL_SAUNAFS/CMakeFiles/fsalsaunafs.dir/fileinfo_cache.c.o
[ 39%] Building C object Protocols/9P/CMakeFiles/9p.dir/9p_rename.c.o
[ 39%] Building C object Protocols/NFS/CMakeFiles/nfsproto.dir/nfs4_op_layoutcommit.c.o
[ 40%] Building C object SAL/CMakeFiles/sal.dir/nlm_state.c.o
[ 41%] Building C object Protocols/9P/CMakeFiles/9p.dir/9p_renameat.c.o
[ 41%] Built target MainServices
[ 41%] Building C object Protocols/9P/CMakeFiles/9p.dir/9p_fsync.c.o
[ 42%] Building C object FSAL/FSAL_SAUNAFS/CMakeFiles/fsalsaunafs.dir/handle.c.o
[ 42%] Building C object Protocols/NFS/CMakeFiles/nfsproto.dir/nfs4_op_layoutget.c.o
[ 42%] Building C object FSAL/FSAL_SAUNAFS/CMakeFiles/fsalsaunafs.dir/main.c.o
[ 42%] Building C object SAL/CMakeFiles/sal.dir/9p_owner.c.o
[ 42%] Building C object Protocols/9P/CMakeFiles/9p.dir/9p_unlinkat.c.o
[ 43%] Building C object Protocols/NFS/CMakeFiles/nfsproto.dir/nfs4_op_layoutreturn.c.o
[ 43%] Building C object FSAL/FSAL_SAUNAFS/CMakeFiles/fsalsaunafs.dir/mds_export.c.o
[ 43%] Building C object Protocols/9P/CMakeFiles/9p.dir/9p_setattr.c.o
[ 43%] Building C object FSAL/FSAL_SAUNAFS/CMakeFiles/fsalsaunafs.dir/mds_handle.c.o
[ 43%] Building C object Protocols/NFS/CMakeFiles/nfsproto.dir/nfs4_op_link.c.o
Running Sphinx v9.1.0
loading translations [en]... done
[ 44%] Building C object Protocols/9P/CMakeFiles/9p.dir/9p_statfs.c.o
[ 44%] Building C object Protocols/9P/CMakeFiles/9p.dir/9p_symlink.c.o
[ 45%] Building C object FSAL/FSAL_SAUNAFS/CMakeFiles/fsalsaunafs.dir/saunafs_acl.c.o
[ 45%] Building C object Protocols/9P/CMakeFiles/9p.dir/9p_version.c.o
[ 45%] Building C object Protocols/9P/CMakeFiles/9p.dir/9p_walk.c.o
[ 45%] Building C object Protocols/NFS/CMakeFiles/nfsproto.dir/nfs4_op_lock.c.o
[ 45%] Building C object Protocols/NFS/CMakeFiles/nfsproto.dir/nfs4_op_lockt.c.o
[ 45%] Built target sal
[ 47%] Building C object Protocols/NFS/CMakeFiles/nfsproto.dir/nfs4_op_locku.c.o
[ 47%] Building C object Protocols/9P/CMakeFiles/9p.dir/9p_xattrcreate.c.o
[ 47%] Building C object Protocols/9P/CMakeFiles/9p.dir/9p_xattrwalk.c.o
[ 47%] Building C object FSAL/FSAL_SAUNAFS/CMakeFiles/fsalsaunafs.dir/saunafs_internal.c.o
[ 47%] Building C object Protocols/NFS/CMakeFiles/nfsproto.dir/nfs4_op_lookup.c.o
[ 47%] Building C object Protocols/9P/CMakeFiles/9p.dir/9p_write.c.o
[ 47%] Building C object Protocols/NFS/CMakeFiles/nfsproto.dir/nfs4_op_lookupp.c.o
[ 47%] Building C object Protocols/9P/CMakeFiles/9p.dir/9p_rerror.c.o
[ 47%] Building C object Protocols/NFS/CMakeFiles/nfsproto.dir/nfs4_op_nverify.c.o
[ 47%] Building C object Protocols/NFS/CMakeFiles/nfsproto.dir/nfs4_op_open.c.o
[ 48%] Building C object Protocols/NFS/CMakeFiles/nfsproto.dir/nfs4_op_open_downgrade.c.o
[ 48%] Building C object Protocols/NFS/CMakeFiles/nfsproto.dir/nfs4_op_open_confirm.c.o
[ 48%] Building C object Protocols/NFS/CMakeFiles/nfsproto.dir/nfs4_op_openattr.c.o
[ 48%] Building C object Protocols/NFS/CMakeFiles/nfsproto.dir/nfs4_op_putfh.c.o
[ 50%] Building C object Protocols/NFS/CMakeFiles/nfsproto.dir/nfs4_op_putpubfh.c.o
[ 50%] Building C object Protocols/NFS/CMakeFiles/nfsproto.dir/nfs4_op_putrootfh.c.o
[ 50%] Building C object Protocols/NFS/CMakeFiles/nfsproto.dir/nfs4_op_read.c.o
[ 50%] Building C object Protocols/NFS/CMakeFiles/nfsproto.dir/nfs4_op_readdir.c.o
[ 51%] Building C object Protocols/NFS/CMakeFiles/nfsproto.dir/nfs4_op_readlink.c.o
[ 51%] Building C object Protocols/NFS/CMakeFiles/nfsproto.dir/nfs4_op_reclaim_complete.c.o
[ 51%] Linking C shared module libfsalsaunafs.so
[ 51%] Building C object Protocols/NFS/CMakeFiles/nfsproto.dir/nfs4_op_release_lockowner.c.o
[ 51%] Building C object Protocols/NFS/CMakeFiles/nfsproto.dir/nfs4_op_remove.c.o
building [mo]: targets for 0 po files that are out of date
writing output... 
building [man]: all manpages
updating environment: [new config] 23 added, 0 changed, 0 removed
reading sources... [  4%] ganesha-9p-config
[ 52%] Building C object Protocols/NFS/CMakeFiles/nfsproto.dir/nfs4_op_rename.c.o
[ 52%] Building C object Protocols/NFS/CMakeFiles/nfsproto.dir/nfs4_op_renew.c.o
[ 52%] Built target 9p
[ 52%] Building C object Protocols/NFS/CMakeFiles/nfsproto.dir/nfs4_op_restorefh.c.o
reading sources... [  9%] ganesha-cache-config
[ 52%] Building C object Protocols/NFS/CMakeFiles/nfsproto.dir/nfs4_op_savefh.c.o
[ 52%] Building C object Protocols/NFS/CMakeFiles/nfsproto.dir/nfs4_op_secinfo.c.o
reading sources... [ 13%] ganesha-ceph-config
[ 53%] Building C object Protocols/NFS/CMakeFiles/nfsproto.dir/nfs4_op_secinfo_no_name.c.o
reading sources... [ 17%] ganesha-config
[ 53%] Building C object Protocols/NFS/CMakeFiles/nfsproto.dir/nfs4_op_sequence.c.o
reading sources... [ 22%] ganesha-core-config
[ 53%] Building C object Protocols/NFS/CMakeFiles/nfsproto.dir/nfs4_op_set_ssv.c.o
[ 53%] Building C object Protocols/NFS/CMakeFiles/nfsproto.dir/nfs4_op_setattr.c.o
reading sources... [ 26%] ganesha-export-config
[ 54%] Building C object Protocols/NFS/CMakeFiles/nfsproto.dir/nfs4_op_xattr.c.o
[ 54%] Building C object Protocols/NFS/CMakeFiles/nfsproto.dir/nfs4_op_setclientid.c.o
[ 54%] Building C object Protocols/NFS/CMakeFiles/nfsproto.dir/nfs4_op_setclientid_confirm.c.o
[ 54%] Building C object Protocols/NFS/CMakeFiles/nfsproto.dir/nfs4_op_destroy_clientid.c.o
reading sources... [ 30%] ganesha-fscrypt-config
[ 55%] Building C object Protocols/NFS/CMakeFiles/nfsproto.dir/nfs4_op_test_stateid.c.o
[ 55%] Building C object Protocols/NFS/CMakeFiles/nfsproto.dir/nfs4_op_verify.c.o
reading sources... [ 35%] ganesha-gluster-config
reading sources... [ 39%] [ 55%] Linking CXX shared library libganesha_monitoring.so
ganesha-gpfs-config
[ 55%] Building C object Protocols/NFS/CMakeFiles/nfsproto.dir/nfs4_op_write.c.o
[ 55%] Building C object Protocols/NFS/CMakeFiles/nfsproto.dir/nfs4_pseudo.c.o
reading sources... [ 43%] ganesha-kvsfs-config
reading sources... [ 48%] ganesha-log-config
[ 56%] Building C object Protocols/NFS/CMakeFiles/nfsproto.dir/nfs_proto_tools.c.o
reading sources... [ 52%] ganesha-lustre-config
reading sources... [ 57%] ganesha-proxy-v3-config
reading sources... [ 61%] ganesha-proxy-v4-config
[ 56%] Building C object Protocols/NFS/CMakeFiles/nfsproto.dir/nfs_null.c.o
[ 56%] Building C object Protocols/NFS/CMakeFiles/nfsproto.dir/mnt_Dump.c.o
reading sources... [ 65%] ganesha-qos-config
[ 56%] Building C object Protocols/NFS/CMakeFiles/nfsproto.dir/mnt_Export.c.o
reading sources... [ 70%] ganesha-rados-cluster-design
[ 56%] Building C object Protocols/NFS/CMakeFiles/nfsproto.dir/mnt_Mnt.c.o
reading sources... [ 74%] ganesha-rados-grace
[ 57%] Building C object Protocols/NFS/CMakeFiles/nfsproto.dir/mnt_Null.c.o
reading sources... [ 78%] ganesha-rgw-config
reading sources... [ 83%] ganesha-tls-config
[ 57%] Building C object Protocols/NFS/CMakeFiles/nfsproto.dir/mnt_Umnt.c.o
reading sources... [ 87%] ganesha-top
[ 57%] Building C object Protocols/NFS/CMakeFiles/nfsproto.dir/mnt_UmntAll.c.o
reading sources... [ 91%] ganesha-vfs-config
reading sources... [ 96%] ganesha-xfs-config
[ 57%] Building C object Protocols/NFS/CMakeFiles/nfsproto.dir/nfs3_access.c.o
reading sources... [100%] index

/build/nfs-ganesha-git/src/nfs-ganesha/src/doc/man/ganesha-core-config.rst:37: ERROR: Unexpected indentation. [docutils]
/build/nfs-ganesha-git/src/nfs-ganesha/src/doc/man/ganesha-core-config.rst:38: WARNING: Block quote ends without a blank line; unexpected unindent. [docutils]
/build/nfs-ganesha-git/src/nfs-ganesha/src/doc/man/ganesha-core-config.rst:46: WARNING: Definition list ends without a blank line; unexpected unindent. [docutils]
/build/nfs-ganesha-git/src/nfs-ganesha/src/doc/man/ganesha-core-config.rst:71: WARNING: Definition list ends without a blank line; unexpected unindent. [docutils]
/build/nfs-ganesha-git/src/nfs-ganesha/src/doc/man/ganesha-core-config.rst:178: WARNING: Definition list ends without a blank line; unexpected unindent. [docutils]
/build/nfs-ganesha-git/src/nfs-ganesha/src/doc/man/ganesha-export-config.rst:120: ERROR: Unexpected indentation. [docutils]
/build/nfs-ganesha-git/src/nfs-ganesha/src/doc/man/ganesha-export-config.rst:121: WARNING: Block quote ends without a blank line; unexpected unindent. [docutils]
/build/nfs-ganesha-git/src/nfs-ganesha/src/doc/man/ganesha-export-config.rst:129: WARNING: Definition list ends without a blank line; unexpected unindent. [docutils]
/build/nfs-ganesha-git/src/nfs-ganesha/src/doc/man/ganesha-export-config.rst:426: WARNING: Inline emphasis start-string without end-string. [docutils]
/build/nfs-ganesha-git/src/nfs-ganesha/src/doc/man/ganesha-export-config.rst:427: WARNING: Definition list ends without a blank line; unexpected unindent. [docutils]
/build/nfs-ganesha-git/src/nfs-ganesha/src/doc/man/ganesha-export-config.rst:428: WARNING: Definition list ends without a blank line; unexpected unindent. [docutils]
/build/nfs-ganesha-git/src/nfs-ganesha/src/doc/man/ganesha-export-config.rst:490: ERROR: Unexpected indentation. [docutils]
/build/nfs-ganesha-git/src/nfs-ganesha/src/doc/man/ganesha-export-config.rst:496: ERROR: Unexpected indentation. [docutils]
/build/nfs-ganesha-git/src/nfs-ganesha/src/doc/man/ganesha-export-config.rst:497: WARNING: Block quote ends without a blank line; unexpected unindent. [docutils]
/build/nfs-ganesha-git/src/nfs-ganesha/src/doc/man/ganesha-export-config.rst:501: ERROR: Unexpected indentation. [docutils]
/build/nfs-ganesha-git/src/nfs-ganesha/src/doc/man/ganesha-export-config.rst:503: WARNING: Block quote ends without a blank line; unexpected unindent. [docutils]
/build/nfs-ganesha-git/src/nfs-ganesha/src/doc/man/ganesha-export-config.rst:504: WARNING: Block quote ends without a blank line; unexpected unindent. [docutils]
/build/nfs-ganesha-git/src/nfs-ganesha/src/doc/man/ganesha-export-config.rst:508: ERROR: Unexpected indentation. [docutils]
/build/nfs-ganesha-git/src/nfs-ganesha/src/doc/man/ganesha-export-config.rst:514: ERROR: Unexpected indentation. [docutils]
/build/nfs-ganesha-git/src/nfs-ganesha/src/doc/man/ganesha-export-config.rst:515: WARNING: Block quote ends without a blank line; unexpected unindent. [docutils]
/build/nfs-ganesha-git/src/nfs-ganesha/src/doc/man/ganesha-export-config.rst:519: ERROR: Unexpected indentation. [docutils]
/build/nfs-ganesha-git/src/nfs-ganesha/src/doc/man/ganesha-export-config.rst:521: WARNING: Block quote ends without a blank line; unexpected unindent. [docutils]
/build/nfs-ganesha-git/src/nfs-ganesha/src/doc/man/ganesha-export-config.rst:522: WARNING: Block quote ends without a blank line; unexpected unindent. [docutils]
/build/nfs-ganesha-git/src/nfs-ganesha/src/doc/man/ganesha-export-config.rst:529: ERROR: Unexpected indentation. [docutils]
/build/nfs-ganesha-git/src/nfs-ganesha/src/doc/man/ganesha-export-config.rst:537: WARNING: Definition list ends without a blank line; unexpected unindent. [docutils]
/build/nfs-ganesha-git/src/nfs-ganesha/src/doc/man/ganesha-export-config.rst:538: WARNING: Block quote ends without a blank line; unexpected unindent. [docutils]
/build/nfs-ganesha-git/src/nfs-ganesha/src/doc/man/index.rst:1: WARNING: toctree contains reference to nonexisting document 'ganesha-proxy-config' [toc.not_readable]
looking for now-outdated files... none found
pickling environment... done
checking consistency... /build/nfs-ganesha-git/src/nfs-ganesha/src/doc/man/ganesha-proxy-v3-config.rst: WARNING: document isn't included in any toctree [toc.not_included]
/build/nfs-ganesha-git/src/nfs-ganesha/src/doc/man/ganesha-proxy-v4-config.rst: WARNING: document isn't included in any toctree [toc.not_included]
/build/nfs-ganesha-git/src/nfs-ganesha/src/doc/man/ganesha-top.rst: WARNING: document isn't included in any toctree [toc.not_included]
done
[ 58%] Building C object Protocols/NFS/CMakeFiles/nfsproto.dir/nfs3_commit.c.o
preparing documents... done
copying assets... 
copying assets: done
writing... ganesha-vfs-config.8 { 
} ganesha-log-config.8 { 
} ganesha-gluster-config.8 { 
} ganesha-cache-config.8 { 
[ 58%] Building C object Protocols/NFS/CMakeFiles/nfsproto.dir/nfs3_create.c.o
} [ 58%] Building C object Protocols/NFS/CMakeFiles/nfsproto.dir/nfs3_fsinfo.c.o
ganesha-kvsfs-config.8 { 
} ganesha-gpfs-config.8 { 
} ganesha-proxy-v4-config.8 { 
} ganesha-qos-config.8 { 
} ganesha-proxy-v3-config.8 { 
[ 58%] Building C object Protocols/NFS/CMakeFiles/nfsproto.dir/nfs3_fsstat.c.o
} ganesha-xfs-config.8 { 
} ganesha-tls-config.8 { 
} ganesha-rados-grace.8 { 
} ganesha-ceph-config.8 { 
[ 59%] Building C object Protocols/NFS/CMakeFiles/nfsproto.dir/nfs3_getattr.c.o
} ganesha-core-config.8 { 
[ 59%] Building C object Protocols/NFS/CMakeFiles/nfsproto.dir/nfs3_link.c.o
[ 59%] Building C object Protocols/NFS/CMakeFiles/nfsproto.dir/nfs3_lookup.c.o
[ 59%] Building C object Protocols/NFS/CMakeFiles/nfsproto.dir/nfs3_mkdir.c.o
[ 60%] Building C object Protocols/NFS/CMakeFiles/nfsproto.dir/nfs3_mknod.c.o
[ 60%] Building C object Protocols/NFS/CMakeFiles/nfsproto.dir/nfs3_pathconf.c.o
[ 60%] Building C object Protocols/NFS/CMakeFiles/nfsproto.dir/nfs3_read.c.o
[ 60%] Building C object Protocols/NFS/CMakeFiles/nfsproto.dir/nfs3_readdir.c.o
} [ 60%] Building C object Protocols/NFS/CMakeFiles/nfsproto.dir/nfs3_readdirplus.c.o
[ 61%] Building C object Protocols/NFS/CMakeFiles/nfsproto.dir/nfs3_readlink.c.o
ganesha-export-config.8 { 
} /build/nfs-ganesha-git/src/nfs-ganesha/src/doc/man/ganesha-export-config.rst:613: WARNING: unknown document: 'ganesha-proxy-config' [ref.doc]
ganesha-lustre-config.8 { 
} [ 61%] Building C object Protocols/NFS/CMakeFiles/nfsproto.dir/nfs3_remove.c.o
ganesha-config.8 { 
} /build/nfs-ganesha-git/src/nfs-ganesha/src/doc/man/ganesha-config.rst:239: WARNING: unknown document: 'ganesha-proxy-config' [ref.doc]
ganesha-rgw-config.8 { 
} ganesha-fscrypt-config.8 { 
} ganesha-rados-cluster-design.8 { 
} [ 61%] Building C object Protocols/NFS/CMakeFiles/nfsproto.dir/nfs3_rename.c.o
ganesha-9p-config.8 { 
} ganesha-top.8 { 
} done
build succeeded, 32 warnings.

The manual pages are in ...
[ 61%] Building C object Protocols/NFS/CMakeFiles/nfsproto.dir/nfs3_rmdir.c.o
[ 62%] Building C object Protocols/NFS/CMakeFiles/nfsproto.dir/nfs3_setattr.c.o
[ 62%] Building C object Protocols/NFS/CMakeFiles/nfsproto.dir/nfs3_symlink.c.o
[ 62%] Building C object Protocols/NFS/CMakeFiles/nfsproto.dir/nfs3_write.c.o
[ 62%] Built target nfsproto
[ 63%] manpages building
[ 63%] Built target manpages
[ 63%] Built target ntirpcmonitoring
[ 64%] Building C object libntirpc/src/CMakeFiles/ntirpc.dir/bsd_epoll.c.o
[ 64%] Building C object libntirpc/src/CMakeFiles/ntirpc.dir/auth_none.c.o
[ 64%] Building C object libntirpc/src/CMakeFiles/ntirpc.dir/bindresvport.c.o
[ 64%] Building C object libntirpc/src/CMakeFiles/ntirpc.dir/clnt_perror.c.o
[ 64%] Building C object libntirpc/src/CMakeFiles/ntirpc.dir/clnt_bcast.c.o
[ 64%] Building C object libntirpc/src/CMakeFiles/ntirpc.dir/clnt_generic.c.o
[ 64%] Building C object libntirpc/src/CMakeFiles/ntirpc.dir/clnt_dg.c.o
[ 64%] Building C object libntirpc/src/CMakeFiles/ntirpc.dir/authunix_prot.c.o
[ 64%] Building C object libntirpc/src/CMakeFiles/ntirpc.dir/clnt_raw.c.o
[ 65%] Building C object libntirpc/src/CMakeFiles/ntirpc.dir/city.c.o
[ 65%] Building C object libntirpc/src/CMakeFiles/ntirpc.dir/clnt_vc.c.o
[ 66%] Building C object libntirpc/src/CMakeFiles/ntirpc.dir/auth_unix.c.o
[ 67%] Building C object libntirpc/src/CMakeFiles/ntirpc.dir/getnetpath.c.o
[ 67%] Building C object libntirpc/src/CMakeFiles/ntirpc.dir/getnetconfig.c.o
[ 67%] Building C object libntirpc/src/CMakeFiles/ntirpc.dir/getpeereid.c.o
[ 67%] Building C object libntirpc/src/CMakeFiles/ntirpc.dir/pmap_prot.c.o
[ 67%] Building C object libntirpc/src/CMakeFiles/ntirpc.dir/mt_misc.c.o
[ 67%] Building C object libntirpc/src/CMakeFiles/ntirpc.dir/clnt_simple.c.o
[ 68%] Building C object libntirpc/src/CMakeFiles/ntirpc.dir/pmap_prot2.c.o
[ 68%] Building C object libntirpc/src/CMakeFiles/ntirpc.dir/pmap_rmt.c.o
[ 68%] Building C object libntirpc/src/CMakeFiles/ntirpc.dir/rbtree.c.o
[ 68%] Building C object libntirpc/src/CMakeFiles/ntirpc.dir/rbtree_x.c.o
[ 69%] Building C object libntirpc/src/CMakeFiles/ntirpc.dir/rpc_prot.c.o
[ 69%] Building C object libntirpc/src/CMakeFiles/ntirpc.dir/rpc_callmsg.c.o
[ 69%] Building C object libntirpc/src/CMakeFiles/ntirpc.dir/rpc_commondata.c.o
[ 69%] Building C object libntirpc/src/CMakeFiles/ntirpc.dir/rpc_dplx_msg.c.o
[ 70%] Building C object libntirpc/src/CMakeFiles/ntirpc.dir/rpc_dtablesize.c.o
[ 70%] Building C object libntirpc/src/CMakeFiles/ntirpc.dir/rpc_crc32.c.o
[ 70%] Building C object libntirpc/src/CMakeFiles/ntirpc.dir/rpc_generic.c.o
[ 70%] Building C object libntirpc/src/CMakeFiles/ntirpc.dir/rpcb_clnt.c.o
[ 70%] Building C object libntirpc/src/CMakeFiles/ntirpc.dir/rpcb_prot.c.o
[ 71%] Building C object libntirpc/src/CMakeFiles/ntirpc.dir/rpcb_st_xdr.c.o
[ 71%] Built target fsalsaunafs
[ 71%] Building C object libntirpc/src/CMakeFiles/ntirpc.dir/strlcpy.c.o
[ 71%] Building C object libntirpc/src/CMakeFiles/ntirpc.dir/svc_auth.c.o
[ 72%] Building C object libntirpc/src/CMakeFiles/ntirpc.dir/svc_auth_unix.c.o
[ 72%] Building C object libntirpc/src/CMakeFiles/ntirpc.dir/svc.c.o
[ 72%] Building C object libntirpc/src/CMakeFiles/ntirpc.dir/svc_auth_none.c.o
[ 72%] Building C object libntirpc/src/CMakeFiles/ntirpc.dir/svc_dg.c.o
[ 72%] Building C object libntirpc/src/CMakeFiles/ntirpc.dir/svc_generic.c.o
[ 73%] Building C object libntirpc/src/CMakeFiles/ntirpc.dir/svc_raw.c.o
[ 73%] Building C object libntirpc/src/CMakeFiles/ntirpc.dir/svc_rqst.c.o
[ 73%] Building C object libntirpc/src/CMakeFiles/ntirpc.dir/svc_simple.c.o
[ 73%] Building C object libntirpc/src/CMakeFiles/ntirpc.dir/svc_vc.c.o
[ 73%] Building C object libntirpc/src/CMakeFiles/ntirpc.dir/svc_xprt.c.o
[ 75%] Building C object libntirpc/src/CMakeFiles/ntirpc.dir/xdr.c.o
[ 75%] Building C object libntirpc/src/CMakeFiles/ntirpc.dir/xdr_float.c.o
[ 75%] Building C object libntirpc/src/CMakeFiles/ntirpc.dir/xdr_mem.c.o
[ 75%] Building C object libntirpc/src/CMakeFiles/ntirpc.dir/xdr_reference.c.o
[ 76%] Building C object libntirpc/src/CMakeFiles/ntirpc.dir/xdr_ioq.c.o
[ 76%] Building C object libntirpc/src/CMakeFiles/ntirpc.dir/svc_ioq.c.o
[ 76%] Building C object libntirpc/src/CMakeFiles/ntirpc.dir/work_pool.c.o
[ 76%] Building C object libntirpc/src/CMakeFiles/ntirpc.dir/auth_gss.c.o
[ 77%] Building C object libntirpc/src/CMakeFiles/ntirpc.dir/authgss_hash.c.o
[ 77%] Building C object libntirpc/src/CMakeFiles/ntirpc.dir/authgss_prot.c.o
[ 77%] Building C object libntirpc/src/CMakeFiles/ntirpc.dir/svc_auth_gss.c.o
[ 77%] Building C object libntirpc/src/CMakeFiles/ntirpc.dir/metrics_libntirpc.c.o
[ 78%] Linking C shared library libntirpc.so
[ 78%] Built target ganesha_monitoring
[ 78%] Built target ntirpc
[ 79%] Building C object libntirpc/tests/CMakeFiles/rpcping.dir/rpcping.c.o
[ 79%] Building C object MainNFSD/CMakeFiles/ganesha_nfsd.dir/__/FSAL/fsal_destroyer.c.o
[ 79%] Building C object MainNFSD/CMakeFiles/ganesha_nfsd.dir/__/FSAL/fsal_manager.c.o
[ 79%] Building C object MainNFSD/CMakeFiles/ganesha_nfsd.dir/__/FSAL/default_methods.c.o
[ 79%] Building C object MainNFSD/CMakeFiles/ganesha_nfsd.dir/__/FSAL_UP/fsal_up_top.c.o
[ 79%] Building C object MainNFSD/CMakeFiles/ganesha_nfsd.dir/__/FSAL/commonlib.c.o
[ 80%] Building C object MainNFSD/CMakeFiles/ganesha_nfsd.dir/__/FSAL/fsal_config.c.o
[ 80%] Building C object MainNFSD/CMakeFiles/ganesha_nfsd.dir/__/FSAL/common_pnfs.c.o
[ 80%] Building C object MainNFSD/CMakeFiles/ganesha_nfsd.dir/__/FSAL_UP/fsal_up_async.c.o
[ 80%] Building C object MainNFSD/CMakeFiles/ganesha_nfsd.dir/__/FSAL/access_check.c.o
[ 81%] Building C object MainNFSD/CMakeFiles/ganesha_nfsd.dir/__/FSAL/fsal_helper.c.o
[ 82%] Building C object MainNFSD/CMakeFiles/ganesha_nfsd.dir/__/FSAL/fsal_convert.c.o
[ 82%] Building C object MainNFSD/CMakeFiles/ganesha_nfsd.dir/__/FSAL/localfs.c.o
[ 83%] Building C object MainNFSD/CMakeFiles/ganesha_nfsd.dir/__/FSAL/posix_acls.c.o
[ 83%] Linking C executable rpcping
[ 83%] Built target rpcping
[ 83%] Linking C shared library libganesha_nfsd.so
[ 83%] Built target ganesha_nfsd
[ 83%] Building C object FSAL/FSAL_MEM/CMakeFiles/fsalmem.dir/mem_export.c.o
[ 83%] Building C object FSAL/Stackable_FSALs/FSAL_NULL/CMakeFiles/fsalnull.dir/handle.c.o
[ 83%] Building C object FSAL/FSAL_PROXY_V3/CMakeFiles/fsalproxy_v3.dir/nlm.c.o
[ 84%] Building C object PLUGIN/kmip/CMakeFiles/kmip_fscrypt.dir/kmip_fscrypt.c.o
[ 84%] Building C object FSAL/Stackable_FSALs/FSAL_NULL/CMakeFiles/fsalnull.dir/xattrs.c.o
[ 84%] Building C object FSAL/FSAL_PROXY_V4/CMakeFiles/fsalproxy_v4.dir/main.c.o
[ 84%] Building C object FSAL/FSAL_PROXY_V4/CMakeFiles/fsalproxy_v4.dir/handle.c.o
[ 84%] Building C object FSAL/FSAL_VFS/vfs/CMakeFiles/fsalvfs.dir/__/export.c.o
[ 84%] Building C object FSAL/FSAL_GPFS/CMakeFiles/fsalgpfs.dir/main.c.o
[ 84%] Building C object FSAL/FSAL_PROXY_V3/CMakeFiles/fsalproxy_v3.dir/main.c.o
[ 84%] Building C object FSAL/FSAL_GPFS/CMakeFiles/fsalgpfs.dir/export.c.o
[ 84%] Building C object CMakeFiles/sm_notify.ganesha.dir/Protocols/NLM/sm_notify.c.o
[ 84%] Building C object FSAL/FSAL_PROXY_V3/CMakeFiles/fsalproxy_v3.dir/rpc.c.o
[ 84%] Building C object FSAL/Stackable_FSALs/FSAL_NULL/CMakeFiles/fsalnull.dir/export.c.o
[ 85%] Building C object FSAL/FSAL_VFS/vfs/CMakeFiles/fsalvfs.dir/__/handle.c.o
[ 85%] Building C object FSAL/FSAL_VFS/xfs/CMakeFiles/fsalxfs.dir/main.c.o
[ 87%] Building C object FSAL/Stackable_FSALs/FSAL_NULL/CMakeFiles/fsalnull.dir/main.c.o
[ 87%] Building C object CMakeFiles/ganesha.nfsd.dir/MainNFSD/nfs_main.c.o
[ 87%] Building C object FSAL/Stackable_FSALs/FSAL_NULL/CMakeFiles/fsalnull.dir/file.c.o
[ 87%] Building C object FSAL/FSAL_PROXY_V4/CMakeFiles/fsalproxy_v4.dir/export.c.o
[ 87%] Building C object FSAL/FSAL_PROXY_V3/CMakeFiles/fsalproxy_v3.dir/utils.c.o
[ 88%] Building C object FSAL/FSAL_PROXY_V4/CMakeFiles/fsalproxy_v4.dir/xattrs.c.o
[ 88%] Linking C executable sm_notify.ganesha
[ 88%] Building C object FSAL/FSAL_MEM/CMakeFiles/fsalmem.dir/mem_handle.c.o
[ 88%] Building C object FSAL/FSAL_GPFS/CMakeFiles/fsalgpfs.dir/handle.c.o
[ 88%] Building C object FSAL/FSAL_VFS/xfs/CMakeFiles/fsalxfs.dir/__/export.c.o
[ 88%] Building C object FSAL/FSAL_MEM/CMakeFiles/fsalmem.dir/mem_up.c.o
[ 89%] Building C object FSAL/FSAL_MEM/CMakeFiles/fsalmem.dir/mem_main.c.o
[ 90%] Building C object FSAL/FSAL_VFS/vfs/CMakeFiles/fsalvfs.dir/__/handle_syscalls.c.o
[ 90%] Linking C executable ganesha.nfsd
[ 90%] Building C object FSAL/FSAL_GPFS/CMakeFiles/fsalgpfs.dir/file.c.o
[ 90%] Building C object FSAL/FSAL_VFS/vfs/CMakeFiles/fsalvfs.dir/__/file.c.o
[ 90%] Building C object FSAL/FSAL_GPFS/CMakeFiles/fsalgpfs.dir/fsal_up.c.o
[ 91%] Building C object FSAL/FSAL_VFS/xfs/CMakeFiles/fsalxfs.dir/__/handle.c.o
[ 92%] Linking C shared module libfsalnull.so
[ 92%] Building C object FSAL/FSAL_VFS/xfs/CMakeFiles/fsalxfs.dir/handle_syscalls.c.o
[ 92%] Building C object FSAL/FSAL_VFS/vfs/CMakeFiles/fsalvfs.dir/__/xattrs.c.o
[ 92%] Building C object FSAL/FSAL_VFS/xfs/CMakeFiles/fsalxfs.dir/__/file.c.o
[ 92%] Linking C shared module libkmip_fscrypt.so
[ 93%] Linking C shared module libfsalproxy_v3.so
[ 93%] Building C object FSAL/FSAL_GPFS/CMakeFiles/fsalgpfs.dir/fsal_ds.c.o
[ 94%] Building C object FSAL/FSAL_VFS/vfs/CMakeFiles/fsalvfs.dir/__/state.c.o
[ 94%] Building C object FSAL/FSAL_VFS/xfs/CMakeFiles/fsalxfs.dir/__/xattrs.c.o
[ 94%] Building C object FSAL/FSAL_GPFS/CMakeFiles/fsalgpfs.dir/fsal_mds.c.o
[ 94%] Built target sm_notify.ganesha
[ 95%] Building C object FSAL/FSAL_GPFS/CMakeFiles/fsalgpfs.dir/fsal_unlink.c.o
[ 95%] Building C object FSAL/FSAL_VFS/vfs/CMakeFiles/fsalvfs.dir/__/subfsal_helpers.c.o
[ 96%] Building C object FSAL/FSAL_VFS/xfs/CMakeFiles/fsalxfs.dir/__/state.c.o
[ 96%] Building C object FSAL/FSAL_VFS/vfs/CMakeFiles/fsalvfs.dir/subfsal_vfs.c.o
[ 96%] Building C object FSAL/FSAL_GPFS/CMakeFiles/fsalgpfs.dir/fsal_symlinks.c.o
[ 96%] Built target ganesha.nfsd
[ 96%] Building C object FSAL/FSAL_VFS/vfs/CMakeFiles/fsalvfs.dir/attrs.c.o
[ 96%] Building C object FSAL/FSAL_VFS/xfs/CMakeFiles/fsalxfs.dir/__/empty_check_hsm.c.o
[ 96%] Building C object FSAL/FSAL_VFS/vfs/CMakeFiles/fsalvfs.dir/__/empty_check_hsm.c.o
[ 96%] Linking C shared module libfsalmem.so
[ 97%] Building C object FSAL/FSAL_VFS/vfs/CMakeFiles/fsalvfs.dir/main.c.o
[ 97%] Building C object FSAL/FSAL_GPFS/CMakeFiles/fsalgpfs.dir/fsal_rename.c.o
[ 97%] Building C object FSAL/FSAL_VFS/xfs/CMakeFiles/fsalxfs.dir/subfsal_xfs.c.o
[ 97%] Linking C shared module libfsalproxy_v4.so
[ 97%] Building C object FSAL/FSAL_GPFS/CMakeFiles/fsalgpfs.dir/fsal_create.c.o
[ 97%] Building C object FSAL/FSAL_GPFS/CMakeFiles/fsalgpfs.dir/fsal_fileop.c.o
[ 98%] Building C object FSAL/FSAL_GPFS/CMakeFiles/fsalgpfs.dir/fsal_attrs.c.o
[ 98%] Building C object FSAL/FSAL_GPFS/CMakeFiles/fsalgpfs.dir/fsal_lock.c.o
[ 98%] Building C object FSAL/FSAL_GPFS/CMakeFiles/fsalgpfs.dir/fsal_lookup.c.o
[ 98%] Building C object FSAL/FSAL_GPFS/CMakeFiles/fsalgpfs.dir/fsal_convert.c.o
[100%] Building C object FSAL/FSAL_GPFS/CMakeFiles/fsalgpfs.dir/fsal_internal.c.o
[100%] Building C object FSAL/FSAL_GPFS/CMakeFiles/fsalgpfs.dir/gpfsext.c.o
[100%] Building C object FSAL/FSAL_GPFS/CMakeFiles/fsalgpfs.dir/fsal_stats_gpfs.c.o
[100%] Linking C shared module libfsalvfs.so
[100%] Linking C shared module libfsalxfs.so
[100%] Built target fsalnull
[100%] Linking C shared module libfsalgpfs.so
[100%] Built target fsalmem
[100%] Built target kmip_fscrypt
[100%] Built target fsalproxy_v3
[100%] Built target fsalproxy_v4
[100%] Built target fsalvfs
[100%] Built target fsalxfs
[100%] Built target fsalgpfs
