-- Install configuration: "None"
-- Installing: /build/nfs-ganesha-git/pkg/nfs-ganesha-git//etc/ganesha/ganesha.conf
-- Installing: /build/nfs-ganesha-git/pkg/nfs-ganesha-git/usr/bin/ganesha.nfsd
-- Set non-toolchain portion of runtime path of "/build/nfs-ganesha-git/pkg/nfs-ganesha-git/usr/bin/ganesha.nfsd" to ""
-- Installing: /build/nfs-ganesha-git/pkg/nfs-ganesha-git/usr/lib/pkgconfig/libntirpc.pc
-- Installing: /build/nfs-ganesha-git/pkg/nfs-ganesha-git/usr/include/ntirpc
-- Installing: /build/nfs-ganesha-git/pkg/nfs-ganesha-git/usr/include/ntirpc/intrinsic.h
-- Installing: /build/nfs-ganesha-git/pkg/nfs-ganesha-git/usr/include/ntirpc/namespace.h
-- Installing: /build/nfs-ganesha-git/pkg/nfs-ganesha-git/usr/include/ntirpc/un-namespace.h
-- Installing: /build/nfs-ganesha-git/pkg/nfs-ganesha-git/usr/include/ntirpc/rpc
-- Installing: /build/nfs-ganesha-git/pkg/nfs-ganesha-git/usr/include/ntirpc/rpc/tls.h
-- Installing: /build/nfs-ganesha-git/pkg/nfs-ganesha-git/usr/include/ntirpc/rpc/auth_unix.h
-- Installing: /build/nfs-ganesha-git/pkg/nfs-ganesha-git/usr/include/ntirpc/rpc/rpc_msg.h
-- Installing: /build/nfs-ganesha-git/pkg/nfs-ganesha-git/usr/include/ntirpc/rpc/pool_queue.h
-- Installing: /build/nfs-ganesha-git/pkg/nfs-ganesha-git/usr/include/ntirpc/rpc/work_pool.h
-- Installing: /build/nfs-ganesha-git/pkg/nfs-ganesha-git/usr/include/ntirpc/rpc/clnt.h
-- Installing: /build/nfs-ganesha-git/pkg/nfs-ganesha-git/usr/include/ntirpc/rpc/pmap_prot.h
-- Installing: /build/nfs-ganesha-git/pkg/nfs-ganesha-git/usr/include/ntirpc/rpc/nettype.h
-- Installing: /build/nfs-ganesha-git/pkg/nfs-ganesha-git/usr/include/ntirpc/rpc/gss_internal.h
-- Installing: /build/nfs-ganesha-git/pkg/nfs-ganesha-git/usr/include/ntirpc/rpc/tirpc_compat.h
-- Installing: /build/nfs-ganesha-git/pkg/nfs-ganesha-git/usr/include/ntirpc/rpc/auth_inline.h
-- Installing: /build/nfs-ganesha-git/pkg/nfs-ganesha-git/usr/include/ntirpc/rpc/svc_auth.h
-- Installing: /build/nfs-ganesha-git/pkg/nfs-ganesha-git/usr/include/ntirpc/rpc/rpc_com.h
-- Installing: /build/nfs-ganesha-git/pkg/nfs-ganesha-git/usr/include/ntirpc/rpc/auth.h
-- Installing: /build/nfs-ganesha-git/pkg/nfs-ganesha-git/usr/include/ntirpc/rpc/xdr.h
-- Installing: /build/nfs-ganesha-git/pkg/nfs-ganesha-git/usr/include/ntirpc/rpc/auth_gss.h
-- Installing: /build/nfs-ganesha-git/pkg/nfs-ganesha-git/usr/include/ntirpc/rpc/des_crypt.h
-- Installing: /build/nfs-ganesha-git/pkg/nfs-ganesha-git/usr/include/ntirpc/rpc/rpc.h
-- Installing: /build/nfs-ganesha-git/pkg/nfs-ganesha-git/usr/include/ntirpc/rpc/auth_stat.h
-- Installing: /build/nfs-ganesha-git/pkg/nfs-ganesha-git/usr/include/ntirpc/rpc/rpcent.h
-- Installing: /build/nfs-ganesha-git/pkg/nfs-ganesha-git/usr/include/ntirpc/rpc/xdr_ioq.h
-- Installing: /build/nfs-ganesha-git/pkg/nfs-ganesha-git/usr/include/ntirpc/rpc/des.h
-- Installing: /build/nfs-ganesha-git/pkg/nfs-ganesha-git/usr/include/ntirpc/rpc/clnt_stat.h
-- Installing: /build/nfs-ganesha-git/pkg/nfs-ganesha-git/usr/include/ntirpc/rpc/pmap_rmt.h
-- Installing: /build/nfs-ganesha-git/pkg/nfs-ganesha-git/usr/include/ntirpc/rpc/haproxy.h
-- Installing: /build/nfs-ganesha-git/pkg/nfs-ganesha-git/usr/include/ntirpc/rpc/svc.h
-- Installing: /build/nfs-ganesha-git/pkg/nfs-ganesha-git/usr/include/ntirpc/rpc/rpcb_prot.x
-- Installing: /build/nfs-ganesha-git/pkg/nfs-ganesha-git/usr/include/ntirpc/rpc/xdr_inline.h
-- Installing: /build/nfs-ganesha-git/pkg/nfs-ganesha-git/usr/include/ntirpc/rpc/svc_rqst.h
-- Installing: /build/nfs-ganesha-git/pkg/nfs-ganesha-git/usr/include/ntirpc/rpc/rpcb_clnt.h
-- Installing: /build/nfs-ganesha-git/pkg/nfs-ganesha-git/usr/include/ntirpc/rpc/rpc_err.h
-- Installing: /build/nfs-ganesha-git/pkg/nfs-ganesha-git/usr/include/ntirpc/rpc/rpcb_prot.h
-- Installing: /build/nfs-ganesha-git/pkg/nfs-ganesha-git/usr/include/ntirpc/rpc/types.h
-- Installing: /build/nfs-ganesha-git/pkg/nfs-ganesha-git/usr/include/ntirpc/rpc/rpc_cksum.h
-- Installing: /build/nfs-ganesha-git/pkg/nfs-ganesha-git/usr/include/ntirpc/rpcsvc
-- Installing: /build/nfs-ganesha-git/pkg/nfs-ganesha-git/usr/include/ntirpc/rpcsvc/crypt.h
-- Installing: /build/nfs-ganesha-git/pkg/nfs-ganesha-git/usr/include/ntirpc/netconfig.h
-- Installing: /build/nfs-ganesha-git/pkg/nfs-ganesha-git/usr/include/ntirpc/fpmath.h
-- Installing: /build/nfs-ganesha-git/pkg/nfs-ganesha-git/usr/include/ntirpc/libc_private.h
-- Installing: /build/nfs-ganesha-git/pkg/nfs-ganesha-git/usr/include/ntirpc/reentrant.h
-- Installing: /build/nfs-ganesha-git/pkg/nfs-ganesha-git/usr/include/ntirpc/misc
-- Installing: /build/nfs-ganesha-git/pkg/nfs-ganesha-git/usr/include/ntirpc/misc/city.h
-- Installing: /build/nfs-ganesha-git/pkg/nfs-ganesha-git/usr/include/ntirpc/misc/winpthreads.h
-- Installing: /build/nfs-ganesha-git/pkg/nfs-ganesha-git/usr/include/ntirpc/misc/timespec.h
-- Installing: /build/nfs-ganesha-git/pkg/nfs-ganesha-git/usr/include/ntirpc/misc/os_epoll.h
-- Installing: /build/nfs-ganesha-git/pkg/nfs-ganesha-git/usr/include/ntirpc/misc/rbtree.h
-- Installing: /build/nfs-ganesha-git/pkg/nfs-ganesha-git/usr/include/ntirpc/misc/abstract_atomic.h
-- Installing: /build/nfs-ganesha-git/pkg/nfs-ganesha-git/usr/include/ntirpc/misc/event.h
-- Installing: /build/nfs-ganesha-git/pkg/nfs-ganesha-git/usr/include/ntirpc/misc/citycrc.h
-- Installing: /build/nfs-ganesha-git/pkg/nfs-ganesha-git/usr/include/ntirpc/misc/stdio.h
-- Installing: /build/nfs-ganesha-git/pkg/nfs-ganesha-git/usr/include/ntirpc/misc/wait_queue.h
-- Installing: /build/nfs-ganesha-git/pkg/nfs-ganesha-git/usr/include/ntirpc/misc/opr_queue.h
-- Installing: /build/nfs-ganesha-git/pkg/nfs-ganesha-git/usr/include/ntirpc/misc/stdint.h
-- Installing: /build/nfs-ganesha-git/pkg/nfs-ganesha-git/usr/include/ntirpc/misc/rbtree_x.h
-- Installing: /build/nfs-ganesha-git/pkg/nfs-ganesha-git/usr/include/ntirpc/misc/portable.h
-- Installing: /build/nfs-ganesha-git/pkg/nfs-ganesha-git/usr/include/ntirpc/misc/queue.h
-- Installing: /build/nfs-ganesha-git/pkg/nfs-ganesha-git/usr/include/ntirpc/misc/bsd_epoll.h
-- Installing: /build/nfs-ganesha-git/pkg/nfs-ganesha-git/usr/include/ntirpc/misc/macpthreads.h
-- Installing: /build/nfs-ganesha-git/pkg/nfs-ganesha-git/usr/include/ntirpc/misc/opr.h
-- Installing: /build/nfs-ganesha-git/pkg/nfs-ganesha-git/usr/include/ntirpc/misc/socket.h
-- Installing: /build/nfs-ganesha-git/pkg/nfs-ganesha-git/usr/include/ntirpc/lttng
-- Installing: /build/nfs-ganesha-git/pkg/nfs-ganesha-git/usr/include/ntirpc/lttng/ntirpc_traces.h
-- Installing: /build/nfs-ganesha-git/pkg/nfs-ganesha-git/usr/include/ntirpc/getpeereid.h
-- Installing: /build/nfs-ganesha-git/pkg/nfs-ganesha-git/usr/include/ntirpc/version.h
-- Installing: /build/nfs-ganesha-git/pkg/nfs-ganesha-git/usr/include/ntirpc/config.h
-- Installing: /build/nfs-ganesha-git/pkg/nfs-ganesha-git/usr/lib/libntirpc.so.7.2
-- Set non-toolchain portion of runtime path of "/build/nfs-ganesha-git/pkg/nfs-ganesha-git/usr/lib/libntirpc.so.7.2" to ""
-- Installing: /build/nfs-ganesha-git/pkg/nfs-ganesha-git/usr/lib/libntirpc.so
-- Installing: /build/nfs-ganesha-git/pkg/nfs-ganesha-git/usr/lib/libntirpcmonitoring.so.7.2
-- Installing: /build/nfs-ganesha-git/pkg/nfs-ganesha-git/usr/lib/libntirpcmonitoring.so
-- Installing: /build/nfs-ganesha-git/pkg/nfs-ganesha-git/usr/include/ntirpc/monitoring.h
-- Installing: /build/nfs-ganesha-git/pkg/nfs-ganesha-git/usr/lib/ganesha/libkmip_fscrypt.so
-- Set non-toolchain portion of runtime path of "/build/nfs-ganesha-git/pkg/nfs-ganesha-git/usr/lib/ganesha/libkmip_fscrypt.so" to ""
-- Installing: /build/nfs-ganesha-git/pkg/nfs-ganesha-git/usr/lib/libganesha_monitoring.so
-- Installing: /build/nfs-ganesha-git/pkg/nfs-ganesha-git/usr/lib/ganesha/libfsalnull.so
-- Set non-toolchain portion of runtime path of "/build/nfs-ganesha-git/pkg/nfs-ganesha-git/usr/lib/ganesha/libfsalnull.so" to ""
-- Installing: /build/nfs-ganesha-git/pkg/nfs-ganesha-git/usr/lib/ganesha/libfsalvfs.so
-- Set non-toolchain portion of runtime path of "/build/nfs-ganesha-git/pkg/nfs-ganesha-git/usr/lib/ganesha/libfsalvfs.so" to ""
-- Installing: /build/nfs-ganesha-git/pkg/nfs-ganesha-git/usr/lib/ganesha/libfsalxfs.so
-- Set non-toolchain portion of runtime path of "/build/nfs-ganesha-git/pkg/nfs-ganesha-git/usr/lib/ganesha/libfsalxfs.so" to ""
-- Installing: /build/nfs-ganesha-git/pkg/nfs-ganesha-git/usr/lib/ganesha/libfsalproxy_v4.so
-- Set non-toolchain portion of runtime path of "/build/nfs-ganesha-git/pkg/nfs-ganesha-git/usr/lib/ganesha/libfsalproxy_v4.so" to ""
-- Installing: /build/nfs-ganesha-git/pkg/nfs-ganesha-git/usr/lib/ganesha/libfsalproxy_v3.so
-- Set non-toolchain portion of runtime path of "/build/nfs-ganesha-git/pkg/nfs-ganesha-git/usr/lib/ganesha/libfsalproxy_v3.so" to ""
-- Installing: /build/nfs-ganesha-git/pkg/nfs-ganesha-git/usr/lib/ganesha/libfsalsaunafs.so
-- Installing: /build/nfs-ganesha-git/pkg/nfs-ganesha-git/usr/lib/ganesha/libfsalgpfs.so
-- Set non-toolchain portion of runtime path of "/build/nfs-ganesha-git/pkg/nfs-ganesha-git/usr/lib/ganesha/libfsalgpfs.so" to ""
-- Installing: /build/nfs-ganesha-git/pkg/nfs-ganesha-git/usr/lib/ganesha/libfsalmem.so
-- Set non-toolchain portion of runtime path of "/build/nfs-ganesha-git/pkg/nfs-ganesha-git/usr/lib/ganesha/libfsalmem.so" to ""
-- Installing: /build/nfs-ganesha-git/pkg/nfs-ganesha-git/usr/lib/libganesha_nfsd.so.10.0
-- Set non-toolchain portion of runtime path of "/build/nfs-ganesha-git/pkg/nfs-ganesha-git/usr/lib/libganesha_nfsd.so.10.0" to ""
-- Installing: /build/nfs-ganesha-git/pkg/nfs-ganesha-git/usr/lib/libganesha_nfsd.so
-- Installing: /build/nfs-ganesha-git/pkg/nfs-ganesha-git/usr/share/man/man8/ganesha-config.8
-- Installing: /build/nfs-ganesha-git/pkg/nfs-ganesha-git/usr/share/man/man8/ganesha-log-config.8
-- Installing: /build/nfs-ganesha-git/pkg/nfs-ganesha-git/usr/share/man/man8/ganesha-cache-config.8
-- Installing: /build/nfs-ganesha-git/pkg/nfs-ganesha-git/usr/share/man/man8/ganesha-export-config.8
-- Installing: /build/nfs-ganesha-git/pkg/nfs-ganesha-git/usr/share/man/man8/ganesha-core-config.8
-- Installing: /build/nfs-ganesha-git/pkg/nfs-ganesha-git/usr/share/man/man8/ganesha-9p-config.8
-- Installing: /build/nfs-ganesha-git/pkg/nfs-ganesha-git/usr/share/man/man8/ganesha-xfs-config.8
-- Installing: /build/nfs-ganesha-git/pkg/nfs-ganesha-git/usr/share/man/man8/ganesha-vfs-config.8
-- Installing: /build/nfs-ganesha-git/pkg/nfs-ganesha-git/usr/share/man/man8/ganesha-proxy-v4-config.8
-- Installing: /build/nfs-ganesha-git/pkg/nfs-ganesha-git/usr/share/man/man8/ganesha-proxy-v3-config.8
-- Installing: /build/nfs-ganesha-git/pkg/nfs-ganesha-git/usr/share/man/man8/ganesha-gpfs-config.8
