patching file ImageLounge/plugins/AffineTransformations/src/DkSkewEstimator.cpp
patching file ImageLounge/plugins/CompositePlugin/src/SbChannelWidget.cpp
patching file ImageLounge/plugins/CompositePlugin/src/SbCompositePlugin.cpp
patching file ImageLounge/plugins/FakeMiniaturesPlugin/src/DkFakeMiniaturesDialog.cpp
patching file ImageLounge/plugins/PageExtractionPlugin/src/DkPageSegmentation.cpp
patching file ImageLounge/plugins/PageExtractionPlugin/src/DkPageSegmentationUtils.cpp
patching file ImageLounge/src/DkCore/DkBasicLoader.cpp
Hunk #2 succeeded at 838 (offset 4 lines).
Hunk #3 succeeded at 872 (offset 4 lines).
Hunk #4 succeeded at 880 (offset 4 lines).
Hunk #5 succeeded at 888 (offset 4 lines).
Hunk #6 succeeded at 896 (offset 4 lines).
Hunk #7 succeeded at 904 (offset 4 lines).
Hunk #8 succeeded at 912 (offset 4 lines).
Hunk #9 succeeded at 920 (offset 4 lines).
Hunk #10 succeeded at 2321 (offset 4 lines).
Hunk #11 succeeded at 2504 (offset 4 lines).
Hunk #12 succeeded at 2514 (offset 4 lines).
Hunk #13 succeeded at 2530 (offset 4 lines).
patching file ImageLounge/src/DkCore/DkImageStorage.cpp
patching file ImageLounge/src/DkGui/DkDialog.cpp
patching file ImageLounge/src/DkGui/DkViewPort.cpp
