-- The C compiler identification is GNU 16.2.1
-- The CXX compiler identification is GNU 16.2.1
-- Detecting C compiler ABI info
-- Detecting C compiler ABI info - done
-- Check for working C compiler: /usr/bin/cc - skipped
-- Detecting C compile features
-- Detecting C compile features - done
-- Detecting CXX compiler ABI info
-- Detecting CXX compiler ABI info - done
-- Check for working CXX compiler: /usr/bin/c++ - skipped
-- Detecting CXX compile features
-- Detecting CXX compile features - done
-- Performing Test CMAKE_HAVE_LIBC_PTHREAD
-- Performing Test CMAKE_HAVE_LIBC_PTHREAD - Success
-- Found Threads: TRUE
-- Performing Test HAVE_STDATOMIC
-- Performing Test HAVE_STDATOMIC - Success
-- Found WrapAtomic: TRUE
-- Found OpenGL: /usr/lib/libOpenGL.so
-- Found WrapOpenGL: TRUE
-- Found WrapVulkanHeaders: /usr/include
-- Found Cups: /usr/lib/libcups.so (found version "2.4.19")
-- A release build (non-debug). Debugging outputs are silently ignored.
-- Found PkgConfig: /usr/bin/pkg-config (found version "3.0.5")
-- Checking for module 'exiv2>=0.27'
--   Found exiv2, version 0.28.8
-- exiv2 version by pkg-config: 0.28.8
-- exiv2 contains exiv2.hpp, using it
-- Found OpenCV: /usr (found version "5.0.0") found components: core imgproc
-- Checking for module 'libraw>=0.12.0'
--   Found libraw, version 0.22.2
-- Found TIFF: /usr/lib/cmake/tiff (found version "4.7.2")
-- QUAZIP: QuaZip-1 for Qt6 found
-- revision is d1e056e3, 2026-07-21, custom
linuxdeploy is not available or working, required for AppImage
you may install a compatible version with scripts/build-linuxdeploy.sh
-- nomacs version is 3.23.3
-- using plugin directory: /build/nomacs/src/nomacs/ImageLounge/plugins
-- Found GTest: /usr/lib/cmake/GTest/GTestConfig.cmake (found version "1.17.0")
-- 
-- ----------------------------------------------------------------------------------
--  nomacs - Image Lounge 3.23  <https://nomacs.org>
--  Qt version: 6.11.1
--  nomacs will be compiled with OPENCV support .................. YES
--  nomacs will be compiled with LIBRAW support .................. YES
--  nomacs will be compiled with extended TIFF support ........... YES
--  nomacs will be compiled with plugin support .................. YES
--  nomacs will be compiled with Translations .................... YES
--  nomacs will be compiled with QuaZip support .................. YES
--  nomacs tests ................................................. YES
--  nomacs benchmarks ............................................ NO
-- ----------------------------------------------------------------------------------
-- Configuring done (1.7s)
-- Generating done (0.1s)
-- Build files have been written to: /build/nomacs/src/build
[1/134] cd /build/nomacs/src/build && /usr/bin/cmake -E make_directory /build/nomacs/src/build/themes/ && /usr/bin/cmake -E copy_if_different /build/nomacs/src/nomacs/ImageLounge/src/themes/Dark-Theme.css /build/nomacs/src/nomacs/ImageLounge/src/themes/Light-Theme.css /build/nomacs/src/nomacs/ImageLounge/src/themes/System.css /build/nomacs/src/build/themes/
[2/134] Automatic MOC for target nomacsCore
[3/134] Generating qrc_nomacs.cpp
[4/134] Building CXX object CMakeFiles/nomacsCore.dir/src/DkGui/DkConnection.cpp.o
[5/134] Building CXX object CMakeFiles/nomacsCore.dir/src/DkGui/DkBaseWidgets.cpp.o
[6/134] Building CXX object CMakeFiles/nomacsCore.dir/src/DkGui/DkMenu.cpp.o
[7/134] Building CXX object CMakeFiles/nomacsCore.dir/src/DkGui/DkLogWidget.cpp.o
[8/134] Building CXX object CMakeFiles/nomacsCore.dir/src/DkGui/DkShortcuts.cpp.o
[9/134] Building CXX object CMakeFiles/nomacsCore.dir/src/DkCore/DkBaseViewPort.cpp.o
[10/134] Building CXX object CMakeFiles/nomacsCore.dir/src/DkGui/DkSettingsWidget.cpp.o
[11/134] Building CXX object CMakeFiles/nomacsCore.dir/src/DkGui/DkQuickAccess.cpp.o
[12/134] Building CXX object CMakeFiles/nomacsCore.dir/src/DkGui/DkNetwork.cpp.o
[13/134] Building CXX object CMakeFiles/nomacsCore.dir/src/DkGui/DkManipulatorWidgets.cpp.o
[14/134] Building CXX object CMakeFiles/nomacsCore.dir/src/DkGui/DkPong.cpp.o
[15/134] Building CXX object CMakeFiles/nomacsCore.dir/src/DkGui/DkDockWidgets.cpp.o
[16/134] Building CXX object CMakeFiles/nomacsCore.dir/src/DkCore/DkBatchInfo.cpp.o
[17/134] Building CXX object CMakeFiles/nomacsCore.dir/src/DkCore/DkDependencyResolver.cpp.o
[18/134] Building CXX object CMakeFiles/nomacsCore.dir/src/DkGui/DkToolbars.cpp.o
[19/134] Building CXX object CMakeFiles/nomacsCore.dir/src/DkGui/DkControlWidget.cpp.o
[20/134] Building CXX object CMakeFiles/nomacsCore.dir/src/DkCore/DkActionManager.cpp.o
[21/134] Building CXX object CMakeFiles/nomacsCore.dir/src/DkCore/DkBasicLoader.cpp.o
[22/134] Building CXX object CMakeFiles/nomacsCore.dir/src/DkGui/DkPreferenceWidgets.cpp.o
[23/134] Building CXX object CMakeFiles/nomacsCore.dir/src/DkGui/DkMetaDataWidgets.cpp.o
[24/134] Building CXX object CMakeFiles/nomacsCore.dir/src/DkCore/DkFileInfo.cpp.o
[25/134] Building CXX object CMakeFiles/nomacsCore.dir/src/DkGui/DkWidgets.cpp.o
[26/134] Building CXX object CMakeFiles/nomacsCore.dir/src/DkCore/DkBasicWidgets.cpp.o
[27/134] Building CXX object CMakeFiles/nomacsCore.dir/src/DkCore/DkCachedThumb.cpp.o
[28/134] Building CXX object CMakeFiles/nomacsCore.dir/src/DkCore/DkManipulatorsIpl.cpp.o
[29/134] Building CXX object CMakeFiles/nomacsCore.dir/src/DkCore/DkMath.cpp.o
[30/134] Building CXX object CMakeFiles/nomacsCore.dir/src/DkCore/DkVersion.cpp.o
[31/134] Building CXX object CMakeFiles/nomacsCore.dir/qrc_nomacs.cpp.o
[32/134] Building CXX object CMakeFiles/nomacsCore.dir/src/DkCore/DkMessageBox.cpp.o
[33/134] Building CXX object CMakeFiles/nomacsCore.dir/src/DkCore/DkManipulators.cpp.o
[34/134] Building CXX object CMakeFiles/nomacsCore.dir/src/DkGui/DkCentralWidget.cpp.o
[35/134] Building CXX object CMakeFiles/nomacsCore.dir/src/DkCore/DkNativeImage.cpp.o
[36/134] Building CXX object CMakeFiles/nomacsCore.dir/src/DkGui/DkNoMacs.cpp.o
[37/134] Building CXX object CMakeFiles/nomacsCore.dir/src/DkGui/DkThumbsWidgets.cpp.o
[38/134] Building CXX object CMakeFiles/nomacsCore.dir/src/DkGui/DkViewPort.cpp.o
[39/134] Building CXX object CMakeFiles/nomacsCore.dir/src/DkCore/DkTimer.cpp.o
[40/134] Building CXX object CMakeFiles/nomacsCore.dir/src/DkGui/DkDialog.cpp.o
[41/134] Building CXX object CMakeFiles/nomacsCore.dir/src/DkCore/DkImageContainer.cpp.o
[42/134] Building CXX object CMakeFiles/nomacsCore.dir/src/DkGui/DkBatch.cpp.o
[43/134] Building CXX object CMakeFiles/nomacsCore.dir/src/DkCore/DkStatusBar.cpp.o
[44/134] Building CXX object CMakeFiles/nomacsCore.dir/3rdparty/libqpsd/qpsdhandler_p.cpp.o
[45/134] Building CXX object CMakeFiles/nomacsCore.dir/src/DkCore/DkMetaData.cpp.o
/build/nomacs/src/nomacs/ImageLounge/src/DkCore/DkMetaData.cpp: In static member function ‘static void nmc::DkMetaDataHelper::initialize()’:
/build/nomacs/src/nomacs/ImageLounge/src/DkCore/DkMetaData.cpp:2032:26: warning: ‘bool Exiv2::enableBMFF(bool)’ is deprecated [-Wdeprecated-declarations]
 2032 |     if (Exiv2::enableBMFF(true)) {
      |         ~~~~~~~~~~~~~~~~~^~~~~~
In file included from /usr/include/exiv2/exiv2.hpp:9,
                 from /build/nomacs/src/nomacs/ImageLounge/src/DkCore/DkMetaData.h:35,
                 from /build/nomacs/src/nomacs/ImageLounge/src/DkCore/DkMetaData.cpp:28:
/usr/include/exiv2/bmffimage.hpp:16:30: note: declared here
   16 | [[deprecated]] EXIV2API bool enableBMFF(bool enable = true);
      |                              ^~~~~~~~~~
[46/134] Building CXX object CMakeFiles/nomacsCore.dir/3rdparty/libqpsd/qpsdhandler.cpp.o
[47/134] Building CXX object CMakeFiles/nomacsCore.dir/3rdparty/libqpsd/qpsdplugin.cpp.o
[48/134] Building CXX object CMakeFiles/nomacsCore.dir/src/DkCore/DkThemeManager.cpp.o
[49/134] Building CXX object CMakeFiles/nomacsCore.dir/src/DkCore/DkImageLoader.cpp.o
[50/134] Building CXX object CMakeFiles/nomacsCore.dir/src/DkCore/DkSaveDialog.cpp.o
[51/134] Building CXX object CMakeFiles/nomacsCore.dir/src/DkCore/DkUpdater.cpp.o
[52/134] Building CXX object CMakeFiles/nomacsCore.dir/src/DkCore/DkSettings.cpp.o
[53/134] Building CXX object CMakeFiles/nomacsCore.dir/src/DkCore/DkImageStorage.cpp.o
[54/134] Building CXX object CMakeFiles/nomacsCore.dir/src/DkCore/DkThumbs.cpp.o
[55/134] Building CXX object CMakeFiles/nomacsCore.dir/src/DkCore/DkPluginManager.cpp.o
[56/134] Building CXX object CMakeFiles/nomacsCore.dir/src/DkCore/DkProcess.cpp.o
[57/134] Building CXX object CMakeFiles/nomacsCore.dir/src/DkCore/DkUtils.cpp.o
[58/134] Building CXX object CMakeFiles/nomacsCore.dir/nomacsCore_autogen/mocs_compilation.cpp.o
[59/134] Linking CXX shared library libnomacsCore.so.3.23.3
[60/134] Creating library symlink libnomacsCore.so.3 libnomacsCore.so
[61/134] Automatic MOC for target nomacs
[62/134] Generating nomacs_hr.qm
[63/134] Generating nomacs_el.qm
[64/134] Generating nomacs_bg.qm
[65/134] Generating nomacs_et.qm
[66/134] Generating nomacs_fi.qm
[67/134] Generating nomacs_ar.qm
[68/134] Generating nomacs_bs.qm
[69/134] Generating nomacs_hu.qm
[70/134] Generating nomacs_cs.qm
[71/134] Generating nomacs_fr.qm
[72/134] Generating nomacs_id.qm
[73/134] Generating nomacs_ko.qm
[74/134] Generating nomacs_nl.qm
[75/134] Generating nomacs_pl.qm
[76/134] Generating nomacs_it.qm
[77/134] Generating nomacs_ja.qm
[78/134] Generating nomacs_ca.qm
[79/134] Generating nomacs_de.qm
[80/134] Generating nomacs_pt.qm
[81/134] Generating nomacs_pt_BR.qm
[82/134] Generating nomacs_sr.qm
[83/134] Generating nomacs_sl.qm
[84/134] Generating nomacs_sk.qm
[85/134] Generating nomacs_ru.qm
[86/134] Generating nomacs_tr.qm
[87/134] Generating nomacs_es.qm
[88/134] Generating nomacs_sv.qm
[89/134] Generating nomacs_uk.qm
[90/134] Generating nomacs_zh_CN.qm
[91/134] Generating nomacs_zh_TW.qm
[92/134] Building CXX object CMakeFiles/nomacs.dir/nomacs_autogen/mocs_compilation.cpp.o
[93/134] Automatic MOC for target pageExtractionPlugin
[94/134] Automatic MOC for target paintPlugin
[95/134] Generating qrc_nomacsPlugin.cpp
[96/134] Generating qrc_nomacsPlugin.cpp
[97/134] Automatic MOC for target CompositePlugin
[98/134] Building CXX object nomacs-plugins/PaintPlugin/CMakeFiles/paintPlugin.dir/qrc_nomacsPlugin.cpp.o
[99/134] Generating qrc_nomacsPlugin.cpp
[100/134] Automatic MOC for target fakeMiniaturesPlugin
[101/134] Automatic MOC for target affineTransformPlugin
[102/134] Building CXX object nomacs-plugins/CompositePlugin/CMakeFiles/CompositePlugin.dir/qrc_nomacsPlugin.cpp.o
[103/134] Generating qrc_nomacsPlugin.cpp
[104/134] Generating qrc_nomacsPlugin.cpp
[105/134] Building CXX object nomacs-plugins/PageExtractionPlugin/CMakeFiles/pageExtractionPlugin.dir/qrc_nomacsPlugin.cpp.o
[106/134] Building CXX object nomacs-plugins/AffineTransformations/CMakeFiles/affineTransformPlugin.dir/qrc_nomacsPlugin.cpp.o
[107/134] Building CXX object nomacs-plugins/FakeMiniaturesPlugin/CMakeFiles/fakeMiniaturesPlugin.dir/qrc_nomacsPlugin.cpp.o
[108/134] Building CXX object nomacs-plugins/PageExtractionPlugin/CMakeFiles/pageExtractionPlugin.dir/pageExtractionPlugin_autogen/mocs_compilation.cpp.o
[109/134] Building CXX object nomacs-plugins/FakeMiniaturesPlugin/CMakeFiles/fakeMiniaturesPlugin.dir/src/DkFakeMiniaturesDialog.cpp.o
[110/134] Building CXX object nomacs-plugins/PageExtractionPlugin/CMakeFiles/pageExtractionPlugin.dir/src/DkPageSegmentationUtils.cpp.o
[111/134] Building CXX object nomacs-plugins/FakeMiniaturesPlugin/CMakeFiles/fakeMiniaturesPlugin.dir/src/DkFakeMiniaturesPlugin.cpp.o
[112/134] Building CXX object nomacs-plugins/CompositePlugin/CMakeFiles/CompositePlugin.dir/src/SbCompositePlugin.cpp.o
[113/134] Building CXX object nomacs-plugins/AffineTransformations/CMakeFiles/affineTransformPlugin.dir/src/DkSkewEstimator.cpp.o
[114/134] Building CXX object nomacs-plugins/CompositePlugin/CMakeFiles/CompositePlugin.dir/src/SbChannelWidget.cpp.o
[115/134] Building CXX object nomacs-plugins/PageExtractionPlugin/CMakeFiles/pageExtractionPlugin.dir/src/DkPageSegmentation.cpp.o
[116/134] Building CXX object nomacs-plugins/PaintPlugin/CMakeFiles/paintPlugin.dir/paintPlugin_autogen/mocs_compilation.cpp.o
[117/134] Building CXX object nomacs-plugins/PageExtractionPlugin/CMakeFiles/pageExtractionPlugin.dir/src/DkPageExtractionPlugin.cpp.o
[118/134] Building CXX object nomacs-plugins/FakeMiniaturesPlugin/CMakeFiles/fakeMiniaturesPlugin.dir/fakeMiniaturesPlugin_autogen/mocs_compilation.cpp.o
[119/134] Building CXX object nomacs-plugins/AffineTransformations/CMakeFiles/affineTransformPlugin.dir/affineTransformPlugin_autogen/mocs_compilation.cpp.o
[120/134] Building CXX object nomacs-plugins/CompositePlugin/CMakeFiles/CompositePlugin.dir/CompositePlugin_autogen/mocs_compilation.cpp.o
[121/134] Building CXX object nomacs-plugins/PaintPlugin/CMakeFiles/paintPlugin.dir/src/DkPaintPlugin.cpp.o
[122/134] Building CXX object nomacs-plugins/AffineTransformations/CMakeFiles/affineTransformPlugin.dir/src/DkImgTransformationsPlugin.cpp.o
[123/134] Building CXX object CMakeFiles/nomacs.dir/src/main.cpp.o
[124/134] Linking CXX shared library nomacs-plugins/libfakeMiniaturesPlugin.so.3.23.3
[125/134] Creating library symlink nomacs-plugins/libfakeMiniaturesPlugin.so.3 nomacs-plugins/libfakeMiniaturesPlugin.so
[126/134] Linking CXX shared library nomacs-plugins/libCompositePlugin.so.3.23.3
[127/134] Creating library symlink nomacs-plugins/libCompositePlugin.so.3 nomacs-plugins/libCompositePlugin.so
[128/134] Linking CXX executable nomacs
[129/134] Linking CXX shared library nomacs-plugins/libpageExtractionPlugin.so.3.23.3
[130/134] Creating library symlink nomacs-plugins/libpageExtractionPlugin.so.3 nomacs-plugins/libpageExtractionPlugin.so
[131/134] Linking CXX shared library nomacs-plugins/libpaintPlugin.so.3.23.3
[132/134] Creating library symlink nomacs-plugins/libpaintPlugin.so.3 nomacs-plugins/libpaintPlugin.so
[133/134] Linking CXX shared library nomacs-plugins/libaffineTransformPlugin.so.3.23.3
[134/134] Creating library symlink nomacs-plugins/libaffineTransformPlugin.so.3 nomacs-plugins/libaffineTransformPlugin.so
