make depend && make _build_libs
make depend && make _build_engines
make depend && make _build_programs
make[1]: Entering directory '/build/openssl-1.1/src/openssl-1.1.1w'
make[1]: Entering directory '/build/openssl-1.1/src/openssl-1.1.1w'
make[1]: Entering directory '/build/openssl-1.1/src/openssl-1.1.1w'
make[1]: Leaving directory '/build/openssl-1.1/src/openssl-1.1.1w'
make[1]: Leaving directory '/build/openssl-1.1/src/openssl-1.1.1w'
make[1]: Leaving directory '/build/openssl-1.1/src/openssl-1.1.1w'
make[1]: Entering directory '/build/openssl-1.1/src/openssl-1.1.1w'
make[1]: Nothing to be done for '_build_engines'.
make[1]: Leaving directory '/build/openssl-1.1/src/openssl-1.1.1w'
make[1]: Entering directory '/build/openssl-1.1/src/openssl-1.1.1w'
make[1]: Nothing to be done for '_build_libs'.
make[1]: Leaving directory '/build/openssl-1.1/src/openssl-1.1.1w'
created directory `/build/openssl-1.1/pkg/openssl-1.1/usr'
created directory `/build/openssl-1.1/pkg/openssl-1.1/usr/lib'
created directory `/build/openssl-1.1/pkg/openssl-1.1/usr/lib/openssl-1.1'
*** Installing runtime libraries
make[1]: Entering directory '/build/openssl-1.1/src/openssl-1.1.1w'
make[1]: Nothing to be done for '_build_programs'.
make[1]: Leaving directory '/build/openssl-1.1/src/openssl-1.1.1w'
install libcrypto.so.1.1 -> /build/openssl-1.1/pkg/openssl-1.1/usr/lib/openssl-1.1/libcrypto.so.1.1
install libssl.so.1.1 -> /build/openssl-1.1/pkg/openssl-1.1/usr/lib/openssl-1.1/libssl.so.1.1
*** Installing development files
created directory `/build/openssl-1.1/pkg/openssl-1.1/usr/lib/openssl-1.1/engines-1.1'
created directory `/build/openssl-1.1/pkg/openssl-1.1/usr/bin'
*** Installing engines
created directory `/build/openssl-1.1/pkg/openssl-1.1/usr/include'
created directory `/build/openssl-1.1/pkg/openssl-1.1/usr/include/openssl'
*** Installing runtime programs
install engines/afalg.so -> /build/openssl-1.1/pkg/openssl-1.1/usr/lib/openssl-1.1/engines-1.1/afalg.so
install apps/openssl -> /build/openssl-1.1/pkg/openssl-1.1/usr/bin/openssl
install ./include/openssl/aes.h -> /build/openssl-1.1/pkg/openssl-1.1/usr/include/openssl/aes.h
install engines/capi.so -> /build/openssl-1.1/pkg/openssl-1.1/usr/lib/openssl-1.1/engines-1.1/capi.so
install ./include/openssl/asn1.h -> /build/openssl-1.1/pkg/openssl-1.1/usr/include/openssl/asn1.h
install ./tools/c_rehash -> /build/openssl-1.1/pkg/openssl-1.1/usr/bin/c_rehash
install ./include/openssl/asn1_mac.h -> /build/openssl-1.1/pkg/openssl-1.1/usr/include/openssl/asn1_mac.h
install engines/padlock.so -> /build/openssl-1.1/pkg/openssl-1.1/usr/lib/openssl-1.1/engines-1.1/padlock.so
install ./include/openssl/asn1err.h -> /build/openssl-1.1/pkg/openssl-1.1/usr/include/openssl/asn1err.h
install ./include/openssl/asn1t.h -> /build/openssl-1.1/pkg/openssl-1.1/usr/include/openssl/asn1t.h
install ./include/openssl/async.h -> /build/openssl-1.1/pkg/openssl-1.1/usr/include/openssl/async.h
install ./include/openssl/asyncerr.h -> /build/openssl-1.1/pkg/openssl-1.1/usr/include/openssl/asyncerr.h
install ./include/openssl/bio.h -> /build/openssl-1.1/pkg/openssl-1.1/usr/include/openssl/bio.h
install ./include/openssl/bioerr.h -> /build/openssl-1.1/pkg/openssl-1.1/usr/include/openssl/bioerr.h
install ./include/openssl/blowfish.h -> /build/openssl-1.1/pkg/openssl-1.1/usr/include/openssl/blowfish.h
install ./include/openssl/bn.h -> /build/openssl-1.1/pkg/openssl-1.1/usr/include/openssl/bn.h
install ./include/openssl/bnerr.h -> /build/openssl-1.1/pkg/openssl-1.1/usr/include/openssl/bnerr.h
install ./include/openssl/buffer.h -> /build/openssl-1.1/pkg/openssl-1.1/usr/include/openssl/buffer.h
install ./include/openssl/buffererr.h -> /build/openssl-1.1/pkg/openssl-1.1/usr/include/openssl/buffererr.h
install ./include/openssl/camellia.h -> /build/openssl-1.1/pkg/openssl-1.1/usr/include/openssl/camellia.h
install ./include/openssl/cast.h -> /build/openssl-1.1/pkg/openssl-1.1/usr/include/openssl/cast.h
install ./include/openssl/cmac.h -> /build/openssl-1.1/pkg/openssl-1.1/usr/include/openssl/cmac.h
install ./include/openssl/cms.h -> /build/openssl-1.1/pkg/openssl-1.1/usr/include/openssl/cms.h
install ./include/openssl/cmserr.h -> /build/openssl-1.1/pkg/openssl-1.1/usr/include/openssl/cmserr.h
install ./include/openssl/comp.h -> /build/openssl-1.1/pkg/openssl-1.1/usr/include/openssl/comp.h
install ./include/openssl/comperr.h -> /build/openssl-1.1/pkg/openssl-1.1/usr/include/openssl/comperr.h
install ./include/openssl/conf.h -> /build/openssl-1.1/pkg/openssl-1.1/usr/include/openssl/conf.h
install ./include/openssl/conf_api.h -> /build/openssl-1.1/pkg/openssl-1.1/usr/include/openssl/conf_api.h
install ./include/openssl/conferr.h -> /build/openssl-1.1/pkg/openssl-1.1/usr/include/openssl/conferr.h
install ./include/openssl/crypto.h -> /build/openssl-1.1/pkg/openssl-1.1/usr/include/openssl/crypto.h
install ./include/openssl/cryptoerr.h -> /build/openssl-1.1/pkg/openssl-1.1/usr/include/openssl/cryptoerr.h
install ./include/openssl/ct.h -> /build/openssl-1.1/pkg/openssl-1.1/usr/include/openssl/ct.h
install ./include/openssl/cterr.h -> /build/openssl-1.1/pkg/openssl-1.1/usr/include/openssl/cterr.h
install ./include/openssl/des.h -> /build/openssl-1.1/pkg/openssl-1.1/usr/include/openssl/des.h
install ./include/openssl/dh.h -> /build/openssl-1.1/pkg/openssl-1.1/usr/include/openssl/dh.h
install ./include/openssl/dherr.h -> /build/openssl-1.1/pkg/openssl-1.1/usr/include/openssl/dherr.h
install ./include/openssl/dsa.h -> /build/openssl-1.1/pkg/openssl-1.1/usr/include/openssl/dsa.h
install ./include/openssl/dsaerr.h -> /build/openssl-1.1/pkg/openssl-1.1/usr/include/openssl/dsaerr.h
install ./include/openssl/dtls1.h -> /build/openssl-1.1/pkg/openssl-1.1/usr/include/openssl/dtls1.h
install ./include/openssl/e_os2.h -> /build/openssl-1.1/pkg/openssl-1.1/usr/include/openssl/e_os2.h
install ./include/openssl/ebcdic.h -> /build/openssl-1.1/pkg/openssl-1.1/usr/include/openssl/ebcdic.h
install ./include/openssl/ec.h -> /build/openssl-1.1/pkg/openssl-1.1/usr/include/openssl/ec.h
install ./include/openssl/ecdh.h -> /build/openssl-1.1/pkg/openssl-1.1/usr/include/openssl/ecdh.h
install ./include/openssl/ecdsa.h -> /build/openssl-1.1/pkg/openssl-1.1/usr/include/openssl/ecdsa.h
install ./include/openssl/ecerr.h -> /build/openssl-1.1/pkg/openssl-1.1/usr/include/openssl/ecerr.h
install ./include/openssl/engine.h -> /build/openssl-1.1/pkg/openssl-1.1/usr/include/openssl/engine.h
install ./include/openssl/engineerr.h -> /build/openssl-1.1/pkg/openssl-1.1/usr/include/openssl/engineerr.h
install ./include/openssl/err.h -> /build/openssl-1.1/pkg/openssl-1.1/usr/include/openssl/err.h
install ./include/openssl/evp.h -> /build/openssl-1.1/pkg/openssl-1.1/usr/include/openssl/evp.h
install ./include/openssl/evperr.h -> /build/openssl-1.1/pkg/openssl-1.1/usr/include/openssl/evperr.h
install ./include/openssl/hmac.h -> /build/openssl-1.1/pkg/openssl-1.1/usr/include/openssl/hmac.h
install ./include/openssl/idea.h -> /build/openssl-1.1/pkg/openssl-1.1/usr/include/openssl/idea.h
install ./include/openssl/kdf.h -> /build/openssl-1.1/pkg/openssl-1.1/usr/include/openssl/kdf.h
install ./include/openssl/kdferr.h -> /build/openssl-1.1/pkg/openssl-1.1/usr/include/openssl/kdferr.h
install ./include/openssl/lhash.h -> /build/openssl-1.1/pkg/openssl-1.1/usr/include/openssl/lhash.h
install ./include/openssl/md2.h -> /build/openssl-1.1/pkg/openssl-1.1/usr/include/openssl/md2.h
install ./include/openssl/md4.h -> /build/openssl-1.1/pkg/openssl-1.1/usr/include/openssl/md4.h
install ./include/openssl/md5.h -> /build/openssl-1.1/pkg/openssl-1.1/usr/include/openssl/md5.h
install ./include/openssl/mdc2.h -> /build/openssl-1.1/pkg/openssl-1.1/usr/include/openssl/mdc2.h
install ./include/openssl/modes.h -> /build/openssl-1.1/pkg/openssl-1.1/usr/include/openssl/modes.h
install ./include/openssl/obj_mac.h -> /build/openssl-1.1/pkg/openssl-1.1/usr/include/openssl/obj_mac.h
install ./include/openssl/objects.h -> /build/openssl-1.1/pkg/openssl-1.1/usr/include/openssl/objects.h
install ./include/openssl/objectserr.h -> /build/openssl-1.1/pkg/openssl-1.1/usr/include/openssl/objectserr.h
install ./include/openssl/ocsp.h -> /build/openssl-1.1/pkg/openssl-1.1/usr/include/openssl/ocsp.h
install ./include/openssl/ocsperr.h -> /build/openssl-1.1/pkg/openssl-1.1/usr/include/openssl/ocsperr.h
install ./include/openssl/opensslconf.h -> /build/openssl-1.1/pkg/openssl-1.1/usr/include/openssl/opensslconf.h
install ./include/openssl/opensslv.h -> /build/openssl-1.1/pkg/openssl-1.1/usr/include/openssl/opensslv.h
install ./include/openssl/ossl_typ.h -> /build/openssl-1.1/pkg/openssl-1.1/usr/include/openssl/ossl_typ.h
install ./include/openssl/pem.h -> /build/openssl-1.1/pkg/openssl-1.1/usr/include/openssl/pem.h
install ./include/openssl/pem2.h -> /build/openssl-1.1/pkg/openssl-1.1/usr/include/openssl/pem2.h
install ./include/openssl/pemerr.h -> /build/openssl-1.1/pkg/openssl-1.1/usr/include/openssl/pemerr.h
install ./include/openssl/pkcs12.h -> /build/openssl-1.1/pkg/openssl-1.1/usr/include/openssl/pkcs12.h
install ./include/openssl/pkcs12err.h -> /build/openssl-1.1/pkg/openssl-1.1/usr/include/openssl/pkcs12err.h
install ./include/openssl/pkcs7.h -> /build/openssl-1.1/pkg/openssl-1.1/usr/include/openssl/pkcs7.h
install ./include/openssl/pkcs7err.h -> /build/openssl-1.1/pkg/openssl-1.1/usr/include/openssl/pkcs7err.h
install ./include/openssl/rand.h -> /build/openssl-1.1/pkg/openssl-1.1/usr/include/openssl/rand.h
install ./include/openssl/rand_drbg.h -> /build/openssl-1.1/pkg/openssl-1.1/usr/include/openssl/rand_drbg.h
install ./include/openssl/randerr.h -> /build/openssl-1.1/pkg/openssl-1.1/usr/include/openssl/randerr.h
install ./include/openssl/rc2.h -> /build/openssl-1.1/pkg/openssl-1.1/usr/include/openssl/rc2.h
install ./include/openssl/rc4.h -> /build/openssl-1.1/pkg/openssl-1.1/usr/include/openssl/rc4.h
install ./include/openssl/rc5.h -> /build/openssl-1.1/pkg/openssl-1.1/usr/include/openssl/rc5.h
install ./include/openssl/ripemd.h -> /build/openssl-1.1/pkg/openssl-1.1/usr/include/openssl/ripemd.h
install ./include/openssl/rsa.h -> /build/openssl-1.1/pkg/openssl-1.1/usr/include/openssl/rsa.h
install ./include/openssl/rsaerr.h -> /build/openssl-1.1/pkg/openssl-1.1/usr/include/openssl/rsaerr.h
install ./include/openssl/safestack.h -> /build/openssl-1.1/pkg/openssl-1.1/usr/include/openssl/safestack.h
install ./include/openssl/seed.h -> /build/openssl-1.1/pkg/openssl-1.1/usr/include/openssl/seed.h
install ./include/openssl/sha.h -> /build/openssl-1.1/pkg/openssl-1.1/usr/include/openssl/sha.h
install ./include/openssl/srp.h -> /build/openssl-1.1/pkg/openssl-1.1/usr/include/openssl/srp.h
install ./include/openssl/srtp.h -> /build/openssl-1.1/pkg/openssl-1.1/usr/include/openssl/srtp.h
install ./include/openssl/ssl.h -> /build/openssl-1.1/pkg/openssl-1.1/usr/include/openssl/ssl.h
install ./include/openssl/ssl2.h -> /build/openssl-1.1/pkg/openssl-1.1/usr/include/openssl/ssl2.h
install ./include/openssl/ssl3.h -> /build/openssl-1.1/pkg/openssl-1.1/usr/include/openssl/ssl3.h
install ./include/openssl/sslerr.h -> /build/openssl-1.1/pkg/openssl-1.1/usr/include/openssl/sslerr.h
install ./include/openssl/stack.h -> /build/openssl-1.1/pkg/openssl-1.1/usr/include/openssl/stack.h
install ./include/openssl/store.h -> /build/openssl-1.1/pkg/openssl-1.1/usr/include/openssl/store.h
install ./include/openssl/storeerr.h -> /build/openssl-1.1/pkg/openssl-1.1/usr/include/openssl/storeerr.h
install ./include/openssl/symhacks.h -> /build/openssl-1.1/pkg/openssl-1.1/usr/include/openssl/symhacks.h
install ./include/openssl/tls1.h -> /build/openssl-1.1/pkg/openssl-1.1/usr/include/openssl/tls1.h
install ./include/openssl/ts.h -> /build/openssl-1.1/pkg/openssl-1.1/usr/include/openssl/ts.h
install ./include/openssl/tserr.h -> /build/openssl-1.1/pkg/openssl-1.1/usr/include/openssl/tserr.h
install ./include/openssl/txt_db.h -> /build/openssl-1.1/pkg/openssl-1.1/usr/include/openssl/txt_db.h
install ./include/openssl/ui.h -> /build/openssl-1.1/pkg/openssl-1.1/usr/include/openssl/ui.h
install ./include/openssl/uierr.h -> /build/openssl-1.1/pkg/openssl-1.1/usr/include/openssl/uierr.h
install ./include/openssl/whrlpool.h -> /build/openssl-1.1/pkg/openssl-1.1/usr/include/openssl/whrlpool.h
install ./include/openssl/x509.h -> /build/openssl-1.1/pkg/openssl-1.1/usr/include/openssl/x509.h
install ./include/openssl/x509_vfy.h -> /build/openssl-1.1/pkg/openssl-1.1/usr/include/openssl/x509_vfy.h
install ./include/openssl/x509err.h -> /build/openssl-1.1/pkg/openssl-1.1/usr/include/openssl/x509err.h
install ./include/openssl/x509v3.h -> /build/openssl-1.1/pkg/openssl-1.1/usr/include/openssl/x509v3.h
install ./include/openssl/x509v3err.h -> /build/openssl-1.1/pkg/openssl-1.1/usr/include/openssl/x509v3err.h
install ./include/openssl/aes.h -> /build/openssl-1.1/pkg/openssl-1.1/usr/include/openssl/aes.h
install ./include/openssl/asn1.h -> /build/openssl-1.1/pkg/openssl-1.1/usr/include/openssl/asn1.h
install ./include/openssl/asn1_mac.h -> /build/openssl-1.1/pkg/openssl-1.1/usr/include/openssl/asn1_mac.h
install ./include/openssl/asn1err.h -> /build/openssl-1.1/pkg/openssl-1.1/usr/include/openssl/asn1err.h
install ./include/openssl/asn1t.h -> /build/openssl-1.1/pkg/openssl-1.1/usr/include/openssl/asn1t.h
install ./include/openssl/async.h -> /build/openssl-1.1/pkg/openssl-1.1/usr/include/openssl/async.h
install ./include/openssl/asyncerr.h -> /build/openssl-1.1/pkg/openssl-1.1/usr/include/openssl/asyncerr.h
install ./include/openssl/bio.h -> /build/openssl-1.1/pkg/openssl-1.1/usr/include/openssl/bio.h
install ./include/openssl/bioerr.h -> /build/openssl-1.1/pkg/openssl-1.1/usr/include/openssl/bioerr.h
install ./include/openssl/blowfish.h -> /build/openssl-1.1/pkg/openssl-1.1/usr/include/openssl/blowfish.h
install ./include/openssl/bn.h -> /build/openssl-1.1/pkg/openssl-1.1/usr/include/openssl/bn.h
install ./include/openssl/bnerr.h -> /build/openssl-1.1/pkg/openssl-1.1/usr/include/openssl/bnerr.h
install ./include/openssl/buffer.h -> /build/openssl-1.1/pkg/openssl-1.1/usr/include/openssl/buffer.h
install ./include/openssl/buffererr.h -> /build/openssl-1.1/pkg/openssl-1.1/usr/include/openssl/buffererr.h
install ./include/openssl/camellia.h -> /build/openssl-1.1/pkg/openssl-1.1/usr/include/openssl/camellia.h
install ./include/openssl/cast.h -> /build/openssl-1.1/pkg/openssl-1.1/usr/include/openssl/cast.h
install ./include/openssl/cmac.h -> /build/openssl-1.1/pkg/openssl-1.1/usr/include/openssl/cmac.h
install ./include/openssl/cms.h -> /build/openssl-1.1/pkg/openssl-1.1/usr/include/openssl/cms.h
install ./include/openssl/cmserr.h -> /build/openssl-1.1/pkg/openssl-1.1/usr/include/openssl/cmserr.h
install ./include/openssl/comp.h -> /build/openssl-1.1/pkg/openssl-1.1/usr/include/openssl/comp.h
install ./include/openssl/comperr.h -> /build/openssl-1.1/pkg/openssl-1.1/usr/include/openssl/comperr.h
install ./include/openssl/conf.h -> /build/openssl-1.1/pkg/openssl-1.1/usr/include/openssl/conf.h
install ./include/openssl/conf_api.h -> /build/openssl-1.1/pkg/openssl-1.1/usr/include/openssl/conf_api.h
install ./include/openssl/conferr.h -> /build/openssl-1.1/pkg/openssl-1.1/usr/include/openssl/conferr.h
install ./include/openssl/crypto.h -> /build/openssl-1.1/pkg/openssl-1.1/usr/include/openssl/crypto.h
install ./include/openssl/cryptoerr.h -> /build/openssl-1.1/pkg/openssl-1.1/usr/include/openssl/cryptoerr.h
install ./include/openssl/ct.h -> /build/openssl-1.1/pkg/openssl-1.1/usr/include/openssl/ct.h
install ./include/openssl/cterr.h -> /build/openssl-1.1/pkg/openssl-1.1/usr/include/openssl/cterr.h
install ./include/openssl/des.h -> /build/openssl-1.1/pkg/openssl-1.1/usr/include/openssl/des.h
install ./include/openssl/dh.h -> /build/openssl-1.1/pkg/openssl-1.1/usr/include/openssl/dh.h
install ./include/openssl/dherr.h -> /build/openssl-1.1/pkg/openssl-1.1/usr/include/openssl/dherr.h
install ./include/openssl/dsa.h -> /build/openssl-1.1/pkg/openssl-1.1/usr/include/openssl/dsa.h
install ./include/openssl/dsaerr.h -> /build/openssl-1.1/pkg/openssl-1.1/usr/include/openssl/dsaerr.h
install ./include/openssl/dtls1.h -> /build/openssl-1.1/pkg/openssl-1.1/usr/include/openssl/dtls1.h
install ./include/openssl/e_os2.h -> /build/openssl-1.1/pkg/openssl-1.1/usr/include/openssl/e_os2.h
install ./include/openssl/ebcdic.h -> /build/openssl-1.1/pkg/openssl-1.1/usr/include/openssl/ebcdic.h
install ./include/openssl/ec.h -> /build/openssl-1.1/pkg/openssl-1.1/usr/include/openssl/ec.h
install ./include/openssl/ecdh.h -> /build/openssl-1.1/pkg/openssl-1.1/usr/include/openssl/ecdh.h
install ./include/openssl/ecdsa.h -> /build/openssl-1.1/pkg/openssl-1.1/usr/include/openssl/ecdsa.h
install ./include/openssl/ecerr.h -> /build/openssl-1.1/pkg/openssl-1.1/usr/include/openssl/ecerr.h
install ./include/openssl/engine.h -> /build/openssl-1.1/pkg/openssl-1.1/usr/include/openssl/engine.h
install ./include/openssl/engineerr.h -> /build/openssl-1.1/pkg/openssl-1.1/usr/include/openssl/engineerr.h
install ./include/openssl/err.h -> /build/openssl-1.1/pkg/openssl-1.1/usr/include/openssl/err.h
install ./include/openssl/evp.h -> /build/openssl-1.1/pkg/openssl-1.1/usr/include/openssl/evp.h
install ./include/openssl/evperr.h -> /build/openssl-1.1/pkg/openssl-1.1/usr/include/openssl/evperr.h
install ./include/openssl/hmac.h -> /build/openssl-1.1/pkg/openssl-1.1/usr/include/openssl/hmac.h
install ./include/openssl/idea.h -> /build/openssl-1.1/pkg/openssl-1.1/usr/include/openssl/idea.h
install ./include/openssl/kdf.h -> /build/openssl-1.1/pkg/openssl-1.1/usr/include/openssl/kdf.h
install ./include/openssl/kdferr.h -> /build/openssl-1.1/pkg/openssl-1.1/usr/include/openssl/kdferr.h
install ./include/openssl/lhash.h -> /build/openssl-1.1/pkg/openssl-1.1/usr/include/openssl/lhash.h
install ./include/openssl/md2.h -> /build/openssl-1.1/pkg/openssl-1.1/usr/include/openssl/md2.h
install ./include/openssl/md4.h -> /build/openssl-1.1/pkg/openssl-1.1/usr/include/openssl/md4.h
install ./include/openssl/md5.h -> /build/openssl-1.1/pkg/openssl-1.1/usr/include/openssl/md5.h
install ./include/openssl/mdc2.h -> /build/openssl-1.1/pkg/openssl-1.1/usr/include/openssl/mdc2.h
install ./include/openssl/modes.h -> /build/openssl-1.1/pkg/openssl-1.1/usr/include/openssl/modes.h
install ./include/openssl/obj_mac.h -> /build/openssl-1.1/pkg/openssl-1.1/usr/include/openssl/obj_mac.h
install ./include/openssl/objects.h -> /build/openssl-1.1/pkg/openssl-1.1/usr/include/openssl/objects.h
install ./include/openssl/objectserr.h -> /build/openssl-1.1/pkg/openssl-1.1/usr/include/openssl/objectserr.h
install ./include/openssl/ocsp.h -> /build/openssl-1.1/pkg/openssl-1.1/usr/include/openssl/ocsp.h
install ./include/openssl/ocsperr.h -> /build/openssl-1.1/pkg/openssl-1.1/usr/include/openssl/ocsperr.h
install ./include/openssl/opensslconf.h -> /build/openssl-1.1/pkg/openssl-1.1/usr/include/openssl/opensslconf.h
install ./include/openssl/opensslv.h -> /build/openssl-1.1/pkg/openssl-1.1/usr/include/openssl/opensslv.h
install ./include/openssl/ossl_typ.h -> /build/openssl-1.1/pkg/openssl-1.1/usr/include/openssl/ossl_typ.h
install ./include/openssl/pem.h -> /build/openssl-1.1/pkg/openssl-1.1/usr/include/openssl/pem.h
install ./include/openssl/pem2.h -> /build/openssl-1.1/pkg/openssl-1.1/usr/include/openssl/pem2.h
install ./include/openssl/pemerr.h -> /build/openssl-1.1/pkg/openssl-1.1/usr/include/openssl/pemerr.h
install ./include/openssl/pkcs12.h -> /build/openssl-1.1/pkg/openssl-1.1/usr/include/openssl/pkcs12.h
install ./include/openssl/pkcs12err.h -> /build/openssl-1.1/pkg/openssl-1.1/usr/include/openssl/pkcs12err.h
install ./include/openssl/pkcs7.h -> /build/openssl-1.1/pkg/openssl-1.1/usr/include/openssl/pkcs7.h
install ./include/openssl/pkcs7err.h -> /build/openssl-1.1/pkg/openssl-1.1/usr/include/openssl/pkcs7err.h
install ./include/openssl/rand.h -> /build/openssl-1.1/pkg/openssl-1.1/usr/include/openssl/rand.h
install ./include/openssl/rand_drbg.h -> /build/openssl-1.1/pkg/openssl-1.1/usr/include/openssl/rand_drbg.h
install ./include/openssl/randerr.h -> /build/openssl-1.1/pkg/openssl-1.1/usr/include/openssl/randerr.h
install ./include/openssl/rc2.h -> /build/openssl-1.1/pkg/openssl-1.1/usr/include/openssl/rc2.h
install ./include/openssl/rc4.h -> /build/openssl-1.1/pkg/openssl-1.1/usr/include/openssl/rc4.h
install ./include/openssl/rc5.h -> /build/openssl-1.1/pkg/openssl-1.1/usr/include/openssl/rc5.h
install ./include/openssl/ripemd.h -> /build/openssl-1.1/pkg/openssl-1.1/usr/include/openssl/ripemd.h
install ./include/openssl/rsa.h -> /build/openssl-1.1/pkg/openssl-1.1/usr/include/openssl/rsa.h
install ./include/openssl/rsaerr.h -> /build/openssl-1.1/pkg/openssl-1.1/usr/include/openssl/rsaerr.h
install ./include/openssl/safestack.h -> /build/openssl-1.1/pkg/openssl-1.1/usr/include/openssl/safestack.h
install ./include/openssl/seed.h -> /build/openssl-1.1/pkg/openssl-1.1/usr/include/openssl/seed.h
install ./include/openssl/sha.h -> /build/openssl-1.1/pkg/openssl-1.1/usr/include/openssl/sha.h
install ./include/openssl/srp.h -> /build/openssl-1.1/pkg/openssl-1.1/usr/include/openssl/srp.h
install ./include/openssl/srtp.h -> /build/openssl-1.1/pkg/openssl-1.1/usr/include/openssl/srtp.h
install ./include/openssl/ssl.h -> /build/openssl-1.1/pkg/openssl-1.1/usr/include/openssl/ssl.h
install ./include/openssl/ssl2.h -> /build/openssl-1.1/pkg/openssl-1.1/usr/include/openssl/ssl2.h
install ./include/openssl/ssl3.h -> /build/openssl-1.1/pkg/openssl-1.1/usr/include/openssl/ssl3.h
install ./include/openssl/sslerr.h -> /build/openssl-1.1/pkg/openssl-1.1/usr/include/openssl/sslerr.h
install ./include/openssl/stack.h -> /build/openssl-1.1/pkg/openssl-1.1/usr/include/openssl/stack.h
install ./include/openssl/store.h -> /build/openssl-1.1/pkg/openssl-1.1/usr/include/openssl/store.h
install ./include/openssl/storeerr.h -> /build/openssl-1.1/pkg/openssl-1.1/usr/include/openssl/storeerr.h
install ./include/openssl/symhacks.h -> /build/openssl-1.1/pkg/openssl-1.1/usr/include/openssl/symhacks.h
install ./include/openssl/tls1.h -> /build/openssl-1.1/pkg/openssl-1.1/usr/include/openssl/tls1.h
install ./include/openssl/ts.h -> /build/openssl-1.1/pkg/openssl-1.1/usr/include/openssl/ts.h
install ./include/openssl/tserr.h -> /build/openssl-1.1/pkg/openssl-1.1/usr/include/openssl/tserr.h
install ./include/openssl/txt_db.h -> /build/openssl-1.1/pkg/openssl-1.1/usr/include/openssl/txt_db.h
install ./include/openssl/ui.h -> /build/openssl-1.1/pkg/openssl-1.1/usr/include/openssl/ui.h
install ./include/openssl/uierr.h -> /build/openssl-1.1/pkg/openssl-1.1/usr/include/openssl/uierr.h
install ./include/openssl/whrlpool.h -> /build/openssl-1.1/pkg/openssl-1.1/usr/include/openssl/whrlpool.h
install ./include/openssl/x509.h -> /build/openssl-1.1/pkg/openssl-1.1/usr/include/openssl/x509.h
install ./include/openssl/x509_vfy.h -> /build/openssl-1.1/pkg/openssl-1.1/usr/include/openssl/x509_vfy.h
install ./include/openssl/x509err.h -> /build/openssl-1.1/pkg/openssl-1.1/usr/include/openssl/x509err.h
install ./include/openssl/x509v3.h -> /build/openssl-1.1/pkg/openssl-1.1/usr/include/openssl/x509v3.h
install ./include/openssl/x509v3err.h -> /build/openssl-1.1/pkg/openssl-1.1/usr/include/openssl/x509v3err.h
install libcrypto.a -> /build/openssl-1.1/pkg/openssl-1.1/usr/lib/openssl-1.1/libcrypto.a
install libssl.a -> /build/openssl-1.1/pkg/openssl-1.1/usr/lib/openssl-1.1/libssl.a
link /build/openssl-1.1/pkg/openssl-1.1/usr/lib/openssl-1.1/libcrypto.so -> /build/openssl-1.1/pkg/openssl-1.1/usr/lib/openssl-1.1/libcrypto.so.1.1
link /build/openssl-1.1/pkg/openssl-1.1/usr/lib/openssl-1.1/libssl.so -> /build/openssl-1.1/pkg/openssl-1.1/usr/lib/openssl-1.1/libssl.so.1.1
created directory `/build/openssl-1.1/pkg/openssl-1.1/usr/lib/openssl-1.1/pkgconfig'
install libcrypto.pc -> /build/openssl-1.1/pkg/openssl-1.1/usr/lib/openssl-1.1/pkgconfig/libcrypto.pc
install libssl.pc -> /build/openssl-1.1/pkg/openssl-1.1/usr/lib/openssl-1.1/pkgconfig/libssl.pc
install openssl.pc -> /build/openssl-1.1/pkg/openssl-1.1/usr/lib/openssl-1.1/pkgconfig/openssl.pc
