openloco-git E: ELF file ('usr/share/openloco/OpenLoco') outside of a valid path.
openloco-git W: Directory (usr/share/openloco/data/objects/openloco_objects-src/RoadExtra) is empty
openloco-git W: Directory (usr/share/openloco/data/objects/openloco_objects-src/Tree) is empty
openloco-git W: Directory (usr/share/openloco/data/objects/openloco_objects-src/Building) is empty
openloco-git W: Directory (usr/share/openloco/data/objects/openloco_objects-src/Track) is empty
openloco-git W: Directory (usr/share/openloco/data/objects/openloco_objects-src/Industry) is empty
openloco-git W: Directory (usr/share/openloco/data/objects/openloco_objects-src/Climate) is empty
openloco-git W: Directory (usr/share/openloco/data/objects/openloco_objects-src/TownNames) is empty
openloco-git W: Directory (usr/share/openloco/data/objects/openloco_objects-src/Sound) is empty
openloco-git W: Directory (usr/share/openloco/data/objects/openloco_objects-src/Region) is empty
openloco-git W: Directory (usr/share/openloco/data/objects/openloco_objects-src/Airport) is empty
openloco-git W: Directory (usr/share/openloco/data/objects/openloco_objects-src/LevelCrossing) is empty
openloco-git W: Directory (usr/share/openloco/data/objects/openloco_objects-src/Dock) is empty
openloco-git W: Directory (usr/share/openloco/data/objects/openloco_objects-src/Currency) is empty
openloco-git W: Directory (usr/share/openloco/data/objects/openloco_objects-src/TrackExtra) is empty
openloco-git W: Directory (usr/share/openloco/data/objects/openloco_objects-src/Competitor) is empty
openloco-git W: Directory (usr/share/openloco/data/objects/openloco_objects-src/ScenarioText) is empty
openloco-git W: Directory (usr/share/openloco/data/objects/openloco_objects-src/TrainSignal) is empty
openloco-git W: Directory (usr/share/openloco/data/objects/openloco_objects-src/Steam) is empty
openloco-git W: Directory (usr/share/openloco/data/objects/openloco_objects-src/TrainStation) is empty
openloco-git E: Symlink (usr/bin/openloco) points to non-existing /usr/share/openloco/bin/OpenLoco
openloco-git E: Dependency fmt detected and not included (libraries ['usr/lib/libfmt.so.12'] needed in files ['usr/share/openloco/OpenLoco'])
