-- Install configuration: "None"
-- Installing: /build/openexr3.2/pkg/openexr3.2-libs/usr/include/openexr3.2/OpenEXR/OpenEXRConfig.h
-- Installing: /build/openexr3.2/pkg/openexr3.2-libs/usr/include/openexr3.2/OpenEXR/IexConfig.h
-- Installing: /build/openexr3.2/pkg/openexr3.2-libs/usr/include/openexr3.2/OpenEXR/IlmThreadConfig.h
-- Installing: /build/openexr3.2/pkg/openexr3.2-libs/usr/lib/openexr3.2/pkgconfig/OpenEXR.pc
-- Installing: /build/openexr3.2/pkg/openexr3.2-libs/usr/lib/openexr3.2/cmake/OpenEXR/OpenEXRConfig.cmake
-- Installing: /build/openexr3.2/pkg/openexr3.2-libs/usr/lib/openexr3.2/cmake/OpenEXR/OpenEXRConfigVersion.cmake
-- Installing: /build/openexr3.2/pkg/openexr3.2-libs/usr/lib/openexr3.2/cmake/OpenEXR/OpenEXRTargets.cmake
-- Installing: /build/openexr3.2/pkg/openexr3.2-libs/usr/lib/openexr3.2/cmake/OpenEXR/OpenEXRTargets-none.cmake
-- Installing: /build/openexr3.2/pkg/openexr3.2-libs/usr/lib/openexr3.2/libIex-3_2.so.31.3.2.4
-- Installing: /build/openexr3.2/pkg/openexr3.2-libs/usr/lib/openexr3.2/libIex-3_2.so.31
-- Installing: /build/openexr3.2/pkg/openexr3.2-libs/usr/lib/openexr3.2/libIex-3_2.so
-- Installing: /build/openexr3.2/pkg/openexr3.2-libs/usr/include/openexr3.2/OpenEXR/Iex.h
-- Installing: /build/openexr3.2/pkg/openexr3.2-libs/usr/include/openexr3.2/OpenEXR/IexBaseExc.h
-- Installing: /build/openexr3.2/pkg/openexr3.2-libs/usr/include/openexr3.2/OpenEXR/IexErrnoExc.h
-- Installing: /build/openexr3.2/pkg/openexr3.2-libs/usr/include/openexr3.2/OpenEXR/IexExport.h
-- Installing: /build/openexr3.2/pkg/openexr3.2-libs/usr/include/openexr3.2/OpenEXR/IexForward.h
-- Installing: /build/openexr3.2/pkg/openexr3.2-libs/usr/include/openexr3.2/OpenEXR/IexMacros.h
-- Installing: /build/openexr3.2/pkg/openexr3.2-libs/usr/include/openexr3.2/OpenEXR/IexMathExc.h
-- Installing: /build/openexr3.2/pkg/openexr3.2-libs/usr/include/openexr3.2/OpenEXR/IexMathFloatExc.h
-- Installing: /build/openexr3.2/pkg/openexr3.2-libs/usr/include/openexr3.2/OpenEXR/IexMathIeeeExc.h
-- Installing: /build/openexr3.2/pkg/openexr3.2-libs/usr/include/openexr3.2/OpenEXR/IexNamespace.h
-- Installing: /build/openexr3.2/pkg/openexr3.2-libs/usr/include/openexr3.2/OpenEXR/IexThrowErrnoExc.h
-- Installing: /build/openexr3.2/pkg/openexr3.2-libs/usr/lib/openexr3.2/libIex.so
-- Creating symlink /usr/lib/openexr3.2/libIex.so -> libIex-3_2.so
-- Installing: /build/openexr3.2/pkg/openexr3.2-libs/usr/lib/openexr3.2/libIlmThread-3_2.so.31.3.2.4
-- Installing: /build/openexr3.2/pkg/openexr3.2-libs/usr/lib/openexr3.2/libIlmThread-3_2.so.31
-- Set non-toolchain portion of runtime path of "/build/openexr3.2/pkg/openexr3.2-libs/usr/lib/openexr3.2/libIlmThread-3_2.so.31.3.2.4" to ""
-- Installing: /build/openexr3.2/pkg/openexr3.2-libs/usr/lib/openexr3.2/libIlmThread-3_2.so
-- Installing: /build/openexr3.2/pkg/openexr3.2-libs/usr/include/openexr3.2/OpenEXR/IlmThread.h
-- Installing: /build/openexr3.2/pkg/openexr3.2-libs/usr/include/openexr3.2/OpenEXR/IlmThreadExport.h
-- Installing: /build/openexr3.2/pkg/openexr3.2-libs/usr/include/openexr3.2/OpenEXR/IlmThreadForward.h
-- Installing: /build/openexr3.2/pkg/openexr3.2-libs/usr/include/openexr3.2/OpenEXR/IlmThreadMutex.h
-- Installing: /build/openexr3.2/pkg/openexr3.2-libs/usr/include/openexr3.2/OpenEXR/IlmThreadNamespace.h
-- Installing: /build/openexr3.2/pkg/openexr3.2-libs/usr/include/openexr3.2/OpenEXR/IlmThreadPool.h
-- Installing: /build/openexr3.2/pkg/openexr3.2-libs/usr/include/openexr3.2/OpenEXR/IlmThreadSemaphore.h
-- Installing: /build/openexr3.2/pkg/openexr3.2-libs/usr/lib/openexr3.2/libIlmThread.so
-- Creating symlink /usr/lib/openexr3.2/libIlmThread.so -> libIlmThread-3_2.so
-- Installing: /build/openexr3.2/pkg/openexr3.2-libs/usr/lib/openexr3.2/libOpenEXRCore-3_2.so.31.3.2.4
-- Installing: /build/openexr3.2/pkg/openexr3.2-libs/usr/lib/openexr3.2/libOpenEXRCore-3_2.so.31
-- Installing: /build/openexr3.2/pkg/openexr3.2-libs/usr/lib/openexr3.2/libOpenEXRCore-3_2.so
-- Installing: /build/openexr3.2/pkg/openexr3.2-libs/usr/include/openexr3.2/OpenEXR/openexr.h
-- Installing: /build/openexr3.2/pkg/openexr3.2-libs/usr/include/openexr3.2/OpenEXR/openexr_attr.h
-- Installing: /build/openexr3.2/pkg/openexr3.2-libs/usr/include/openexr3.2/OpenEXR/openexr_base.h
-- Installing: /build/openexr3.2/pkg/openexr3.2-libs/usr/include/openexr3.2/OpenEXR/openexr_chunkio.h
-- Installing: /build/openexr3.2/pkg/openexr3.2-libs/usr/include/openexr3.2/OpenEXR/openexr_coding.h
-- Installing: /build/openexr3.2/pkg/openexr3.2-libs/usr/include/openexr3.2/OpenEXR/openexr_compression.h
-- Installing: /build/openexr3.2/pkg/openexr3.2-libs/usr/include/openexr3.2/OpenEXR/openexr_config.h
-- Installing: /build/openexr3.2/pkg/openexr3.2-libs/usr/include/openexr3.2/OpenEXR/openexr_context.h
-- Installing: /build/openexr3.2/pkg/openexr3.2-libs/usr/include/openexr3.2/OpenEXR/openexr_decode.h
-- Installing: /build/openexr3.2/pkg/openexr3.2-libs/usr/include/openexr3.2/OpenEXR/openexr_debug.h
-- Installing: /build/openexr3.2/pkg/openexr3.2-libs/usr/include/openexr3.2/OpenEXR/openexr_encode.h
-- Installing: /build/openexr3.2/pkg/openexr3.2-libs/usr/include/openexr3.2/OpenEXR/openexr_errors.h
-- Installing: /build/openexr3.2/pkg/openexr3.2-libs/usr/include/openexr3.2/OpenEXR/openexr_part.h
-- Installing: /build/openexr3.2/pkg/openexr3.2-libs/usr/include/openexr3.2/OpenEXR/openexr_std_attr.h
-- Installing: /build/openexr3.2/pkg/openexr3.2-libs/usr/include/openexr3.2/OpenEXR/openexr_version.h
-- Installing: /build/openexr3.2/pkg/openexr3.2-libs/usr/lib/openexr3.2/libOpenEXRCore.so
-- Creating symlink /usr/lib/openexr3.2/libOpenEXRCore.so -> libOpenEXRCore-3_2.so
-- Installing: /build/openexr3.2/pkg/openexr3.2-libs/usr/lib/openexr3.2/libOpenEXR-3_2.so.31.3.2.4
-- Installing: /build/openexr3.2/pkg/openexr3.2-libs/usr/lib/openexr3.2/libOpenEXR-3_2.so.31
-- Set non-toolchain portion of runtime path of "/build/openexr3.2/pkg/openexr3.2-libs/usr/lib/openexr3.2/libOpenEXR-3_2.so.31.3.2.4" to ""
-- Installing: /build/openexr3.2/pkg/openexr3.2-libs/usr/lib/openexr3.2/libOpenEXR-3_2.so
-- Installing: /build/openexr3.2/pkg/openexr3.2-libs/usr/include/openexr3.2/OpenEXR/ImfAcesFile.h
-- Installing: /build/openexr3.2/pkg/openexr3.2-libs/usr/include/openexr3.2/OpenEXR/ImfArray.h
-- Installing: /build/openexr3.2/pkg/openexr3.2-libs/usr/include/openexr3.2/OpenEXR/ImfAttribute.h
-- Installing: /build/openexr3.2/pkg/openexr3.2-libs/usr/include/openexr3.2/OpenEXR/ImfBoxAttribute.h
-- Installing: /build/openexr3.2/pkg/openexr3.2-libs/usr/include/openexr3.2/OpenEXR/ImfChannelList.h
-- Installing: /build/openexr3.2/pkg/openexr3.2-libs/usr/include/openexr3.2/OpenEXR/ImfChannelListAttribute.h
-- Installing: /build/openexr3.2/pkg/openexr3.2-libs/usr/include/openexr3.2/OpenEXR/ImfChromaticities.h
-- Installing: /build/openexr3.2/pkg/openexr3.2-libs/usr/include/openexr3.2/OpenEXR/ImfChromaticitiesAttribute.h
-- Installing: /build/openexr3.2/pkg/openexr3.2-libs/usr/include/openexr3.2/OpenEXR/ImfCompositeDeepScanLine.h
-- Installing: /build/openexr3.2/pkg/openexr3.2-libs/usr/include/openexr3.2/OpenEXR/ImfCompression.h
-- Installing: /build/openexr3.2/pkg/openexr3.2-libs/usr/include/openexr3.2/OpenEXR/ImfCompressionAttribute.h
-- Installing: /build/openexr3.2/pkg/openexr3.2-libs/usr/include/openexr3.2/OpenEXR/ImfCompressor.h
-- Installing: /build/openexr3.2/pkg/openexr3.2-libs/usr/include/openexr3.2/OpenEXR/ImfConvert.h
-- Installing: /build/openexr3.2/pkg/openexr3.2-libs/usr/include/openexr3.2/OpenEXR/ImfCRgbaFile.h
-- Installing: /build/openexr3.2/pkg/openexr3.2-libs/usr/include/openexr3.2/OpenEXR/ImfDeepCompositing.h
-- Installing: /build/openexr3.2/pkg/openexr3.2-libs/usr/include/openexr3.2/OpenEXR/ImfDeepFrameBuffer.h
-- Installing: /build/openexr3.2/pkg/openexr3.2-libs/usr/include/openexr3.2/OpenEXR/ImfDeepImageState.h
-- Installing: /build/openexr3.2/pkg/openexr3.2-libs/usr/include/openexr3.2/OpenEXR/ImfDeepImageStateAttribute.h
-- Installing: /build/openexr3.2/pkg/openexr3.2-libs/usr/include/openexr3.2/OpenEXR/ImfDeepScanLineInputFile.h
-- Installing: /build/openexr3.2/pkg/openexr3.2-libs/usr/include/openexr3.2/OpenEXR/ImfDeepScanLineInputPart.h
-- Installing: /build/openexr3.2/pkg/openexr3.2-libs/usr/include/openexr3.2/OpenEXR/ImfDeepScanLineOutputFile.h
-- Installing: /build/openexr3.2/pkg/openexr3.2-libs/usr/include/openexr3.2/OpenEXR/ImfDeepScanLineOutputPart.h
-- Installing: /build/openexr3.2/pkg/openexr3.2-libs/usr/include/openexr3.2/OpenEXR/ImfDeepTiledInputFile.h
-- Installing: /build/openexr3.2/pkg/openexr3.2-libs/usr/include/openexr3.2/OpenEXR/ImfDeepTiledInputPart.h
-- Installing: /build/openexr3.2/pkg/openexr3.2-libs/usr/include/openexr3.2/OpenEXR/ImfDeepTiledOutputFile.h
-- Installing: /build/openexr3.2/pkg/openexr3.2-libs/usr/include/openexr3.2/OpenEXR/ImfDeepTiledOutputPart.h
-- Installing: /build/openexr3.2/pkg/openexr3.2-libs/usr/include/openexr3.2/OpenEXR/ImfDoubleAttribute.h
-- Installing: /build/openexr3.2/pkg/openexr3.2-libs/usr/include/openexr3.2/OpenEXR/ImfEnvmap.h
-- Installing: /build/openexr3.2/pkg/openexr3.2-libs/usr/include/openexr3.2/OpenEXR/ImfEnvmapAttribute.h
-- Installing: /build/openexr3.2/pkg/openexr3.2-libs/usr/include/openexr3.2/OpenEXR/ImfExport.h
-- Installing: /build/openexr3.2/pkg/openexr3.2-libs/usr/include/openexr3.2/OpenEXR/ImfFloatAttribute.h
-- Installing: /build/openexr3.2/pkg/openexr3.2-libs/usr/include/openexr3.2/OpenEXR/ImfFloatVectorAttribute.h
-- Installing: /build/openexr3.2/pkg/openexr3.2-libs/usr/include/openexr3.2/OpenEXR/ImfForward.h
-- Installing: /build/openexr3.2/pkg/openexr3.2-libs/usr/include/openexr3.2/OpenEXR/ImfFrameBuffer.h
-- Installing: /build/openexr3.2/pkg/openexr3.2-libs/usr/include/openexr3.2/OpenEXR/ImfFramesPerSecond.h
-- Installing: /build/openexr3.2/pkg/openexr3.2-libs/usr/include/openexr3.2/OpenEXR/ImfGenericInputFile.h
-- Installing: /build/openexr3.2/pkg/openexr3.2-libs/usr/include/openexr3.2/OpenEXR/ImfGenericOutputFile.h
-- Installing: /build/openexr3.2/pkg/openexr3.2-libs/usr/include/openexr3.2/OpenEXR/ImfHeader.h
-- Installing: /build/openexr3.2/pkg/openexr3.2-libs/usr/include/openexr3.2/OpenEXR/ImfHuf.h
-- Installing: /build/openexr3.2/pkg/openexr3.2-libs/usr/include/openexr3.2/OpenEXR/ImfIDManifest.h
-- Installing: /build/openexr3.2/pkg/openexr3.2-libs/usr/include/openexr3.2/OpenEXR/ImfIDManifestAttribute.h
-- Installing: /build/openexr3.2/pkg/openexr3.2-libs/usr/include/openexr3.2/OpenEXR/ImfInputFile.h
-- Installing: /build/openexr3.2/pkg/openexr3.2-libs/usr/include/openexr3.2/OpenEXR/ImfInputPart.h
-- Installing: /build/openexr3.2/pkg/openexr3.2-libs/usr/include/openexr3.2/OpenEXR/ImfInt64.h
-- Installing: /build/openexr3.2/pkg/openexr3.2-libs/usr/include/openexr3.2/OpenEXR/ImfIntAttribute.h
-- Installing: /build/openexr3.2/pkg/openexr3.2-libs/usr/include/openexr3.2/OpenEXR/ImfIO.h
-- Installing: /build/openexr3.2/pkg/openexr3.2-libs/usr/include/openexr3.2/OpenEXR/ImfKeyCode.h
-- Installing: /build/openexr3.2/pkg/openexr3.2-libs/usr/include/openexr3.2/OpenEXR/ImfKeyCodeAttribute.h
-- Installing: /build/openexr3.2/pkg/openexr3.2-libs/usr/include/openexr3.2/OpenEXR/ImfLineOrder.h
-- Installing: /build/openexr3.2/pkg/openexr3.2-libs/usr/include/openexr3.2/OpenEXR/ImfLineOrderAttribute.h
-- Installing: /build/openexr3.2/pkg/openexr3.2-libs/usr/include/openexr3.2/OpenEXR/ImfLut.h
-- Installing: /build/openexr3.2/pkg/openexr3.2-libs/usr/include/openexr3.2/OpenEXR/ImfMatrixAttribute.h
-- Installing: /build/openexr3.2/pkg/openexr3.2-libs/usr/include/openexr3.2/OpenEXR/ImfMisc.h
-- Installing: /build/openexr3.2/pkg/openexr3.2-libs/usr/include/openexr3.2/OpenEXR/ImfMultiPartInputFile.h
-- Installing: /build/openexr3.2/pkg/openexr3.2-libs/usr/include/openexr3.2/OpenEXR/ImfMultiPartOutputFile.h
-- Installing: /build/openexr3.2/pkg/openexr3.2-libs/usr/include/openexr3.2/OpenEXR/ImfMultiView.h
-- Installing: /build/openexr3.2/pkg/openexr3.2-libs/usr/include/openexr3.2/OpenEXR/ImfName.h
-- Installing: /build/openexr3.2/pkg/openexr3.2-libs/usr/include/openexr3.2/OpenEXR/ImfNamespace.h
-- Installing: /build/openexr3.2/pkg/openexr3.2-libs/usr/include/openexr3.2/OpenEXR/ImfOpaqueAttribute.h
-- Installing: /build/openexr3.2/pkg/openexr3.2-libs/usr/include/openexr3.2/OpenEXR/ImfOutputFile.h
-- Installing: /build/openexr3.2/pkg/openexr3.2-libs/usr/include/openexr3.2/OpenEXR/ImfOutputPart.h
-- Installing: /build/openexr3.2/pkg/openexr3.2-libs/usr/include/openexr3.2/OpenEXR/ImfPartHelper.h
-- Installing: /build/openexr3.2/pkg/openexr3.2-libs/usr/include/openexr3.2/OpenEXR/ImfPartType.h
-- Installing: /build/openexr3.2/pkg/openexr3.2-libs/usr/include/openexr3.2/OpenEXR/ImfPixelType.h
-- Installing: /build/openexr3.2/pkg/openexr3.2-libs/usr/include/openexr3.2/OpenEXR/ImfPreviewImage.h
-- Installing: /build/openexr3.2/pkg/openexr3.2-libs/usr/include/openexr3.2/OpenEXR/ImfPreviewImageAttribute.h
-- Installing: /build/openexr3.2/pkg/openexr3.2-libs/usr/include/openexr3.2/OpenEXR/ImfRational.h
-- Installing: /build/openexr3.2/pkg/openexr3.2-libs/usr/include/openexr3.2/OpenEXR/ImfRationalAttribute.h
-- Installing: /build/openexr3.2/pkg/openexr3.2-libs/usr/include/openexr3.2/OpenEXR/ImfRgba.h
-- Installing: /build/openexr3.2/pkg/openexr3.2-libs/usr/include/openexr3.2/OpenEXR/ImfRgbaFile.h
-- Installing: /build/openexr3.2/pkg/openexr3.2-libs/usr/include/openexr3.2/OpenEXR/ImfRgbaYca.h
-- Installing: /build/openexr3.2/pkg/openexr3.2-libs/usr/include/openexr3.2/OpenEXR/ImfStandardAttributes.h
-- Installing: /build/openexr3.2/pkg/openexr3.2-libs/usr/include/openexr3.2/OpenEXR/ImfStdIO.h
-- Installing: /build/openexr3.2/pkg/openexr3.2-libs/usr/include/openexr3.2/OpenEXR/ImfStringAttribute.h
-- Installing: /build/openexr3.2/pkg/openexr3.2-libs/usr/include/openexr3.2/OpenEXR/ImfStringVectorAttribute.h
-- Installing: /build/openexr3.2/pkg/openexr3.2-libs/usr/include/openexr3.2/OpenEXR/ImfTestFile.h
-- Installing: /build/openexr3.2/pkg/openexr3.2-libs/usr/include/openexr3.2/OpenEXR/ImfThreading.h
-- Installing: /build/openexr3.2/pkg/openexr3.2-libs/usr/include/openexr3.2/OpenEXR/ImfTileDescription.h
-- Installing: /build/openexr3.2/pkg/openexr3.2-libs/usr/include/openexr3.2/OpenEXR/ImfTileDescriptionAttribute.h
-- Installing: /build/openexr3.2/pkg/openexr3.2-libs/usr/include/openexr3.2/OpenEXR/ImfTiledInputFile.h
-- Installing: /build/openexr3.2/pkg/openexr3.2-libs/usr/include/openexr3.2/OpenEXR/ImfTiledInputPart.h
-- Installing: /build/openexr3.2/pkg/openexr3.2-libs/usr/include/openexr3.2/OpenEXR/ImfTiledOutputFile.h
-- Installing: /build/openexr3.2/pkg/openexr3.2-libs/usr/include/openexr3.2/OpenEXR/ImfTiledOutputPart.h
-- Installing: /build/openexr3.2/pkg/openexr3.2-libs/usr/include/openexr3.2/OpenEXR/ImfTiledRgbaFile.h
-- Installing: /build/openexr3.2/pkg/openexr3.2-libs/usr/include/openexr3.2/OpenEXR/ImfTimeCode.h
-- Installing: /build/openexr3.2/pkg/openexr3.2-libs/usr/include/openexr3.2/OpenEXR/ImfTimeCodeAttribute.h
-- Installing: /build/openexr3.2/pkg/openexr3.2-libs/usr/include/openexr3.2/OpenEXR/ImfVecAttribute.h
-- Installing: /build/openexr3.2/pkg/openexr3.2-libs/usr/include/openexr3.2/OpenEXR/ImfVersion.h
-- Installing: /build/openexr3.2/pkg/openexr3.2-libs/usr/include/openexr3.2/OpenEXR/ImfWav.h
-- Installing: /build/openexr3.2/pkg/openexr3.2-libs/usr/include/openexr3.2/OpenEXR/ImfXdr.h
-- Installing: /build/openexr3.2/pkg/openexr3.2-libs/usr/lib/openexr3.2/libOpenEXR.so
-- Creating symlink /usr/lib/openexr3.2/libOpenEXR.so -> libOpenEXR-3_2.so
-- Installing: /build/openexr3.2/pkg/openexr3.2-libs/usr/lib/openexr3.2/libOpenEXRUtil-3_2.so.31.3.2.4
-- Installing: /build/openexr3.2/pkg/openexr3.2-libs/usr/lib/openexr3.2/libOpenEXRUtil-3_2.so.31
-- Set non-toolchain portion of runtime path of "/build/openexr3.2/pkg/openexr3.2-libs/usr/lib/openexr3.2/libOpenEXRUtil-3_2.so.31.3.2.4" to ""
-- Installing: /build/openexr3.2/pkg/openexr3.2-libs/usr/lib/openexr3.2/libOpenEXRUtil-3_2.so
-- Installing: /build/openexr3.2/pkg/openexr3.2-libs/usr/include/openexr3.2/OpenEXR/ImfCheckFile.h
-- Installing: /build/openexr3.2/pkg/openexr3.2-libs/usr/include/openexr3.2/OpenEXR/ImfDeepImage.h
-- Installing: /build/openexr3.2/pkg/openexr3.2-libs/usr/include/openexr3.2/OpenEXR/ImfDeepImageChannel.h
-- Installing: /build/openexr3.2/pkg/openexr3.2-libs/usr/include/openexr3.2/OpenEXR/ImfDeepImageIO.h
-- Installing: /build/openexr3.2/pkg/openexr3.2-libs/usr/include/openexr3.2/OpenEXR/ImfDeepImageLevel.h
-- Installing: /build/openexr3.2/pkg/openexr3.2-libs/usr/include/openexr3.2/OpenEXR/ImfFlatImage.h
-- Installing: /build/openexr3.2/pkg/openexr3.2-libs/usr/include/openexr3.2/OpenEXR/ImfFlatImageChannel.h
-- Installing: /build/openexr3.2/pkg/openexr3.2-libs/usr/include/openexr3.2/OpenEXR/ImfFlatImageIO.h
-- Installing: /build/openexr3.2/pkg/openexr3.2-libs/usr/include/openexr3.2/OpenEXR/ImfFlatImageLevel.h
-- Installing: /build/openexr3.2/pkg/openexr3.2-libs/usr/include/openexr3.2/OpenEXR/ImfImage.h
-- Installing: /build/openexr3.2/pkg/openexr3.2-libs/usr/include/openexr3.2/OpenEXR/ImfImageChannel.h
-- Installing: /build/openexr3.2/pkg/openexr3.2-libs/usr/include/openexr3.2/OpenEXR/ImfImageChannelRenaming.h
-- Installing: /build/openexr3.2/pkg/openexr3.2-libs/usr/include/openexr3.2/OpenEXR/ImfImageDataWindow.h
-- Installing: /build/openexr3.2/pkg/openexr3.2-libs/usr/include/openexr3.2/OpenEXR/ImfImageIO.h
-- Installing: /build/openexr3.2/pkg/openexr3.2-libs/usr/include/openexr3.2/OpenEXR/ImfImageLevel.h
-- Installing: /build/openexr3.2/pkg/openexr3.2-libs/usr/include/openexr3.2/OpenEXR/ImfSampleCountChannel.h
-- Installing: /build/openexr3.2/pkg/openexr3.2-libs/usr/include/openexr3.2/OpenEXR/ImfUtilExport.h
-- Installing: /build/openexr3.2/pkg/openexr3.2-libs/usr/lib/openexr3.2/libOpenEXRUtil.so
-- Creating symlink /usr/lib/openexr3.2/libOpenEXRUtil.so -> libOpenEXRUtil-3_2.so
-- Installing: /build/openexr3.2/pkg/openexr3.2-libs/usr/bin/exr2aces
-- Set non-toolchain portion of runtime path of "/build/openexr3.2/pkg/openexr3.2-libs/usr/bin/exr2aces" to ""
-- Installing: /build/openexr3.2/pkg/openexr3.2-libs/usr/bin/exrheader
-- Set non-toolchain portion of runtime path of "/build/openexr3.2/pkg/openexr3.2-libs/usr/bin/exrheader" to ""
-- Installing: /build/openexr3.2/pkg/openexr3.2-libs/usr/bin/exrinfo
-- Set non-toolchain portion of runtime path of "/build/openexr3.2/pkg/openexr3.2-libs/usr/bin/exrinfo" to ""
-- Installing: /build/openexr3.2/pkg/openexr3.2-libs/usr/bin/exrmaketiled
-- Set non-toolchain portion of runtime path of "/build/openexr3.2/pkg/openexr3.2-libs/usr/bin/exrmaketiled" to ""
-- Installing: /build/openexr3.2/pkg/openexr3.2-libs/usr/bin/exrstdattr
-- Set non-toolchain portion of runtime path of "/build/openexr3.2/pkg/openexr3.2-libs/usr/bin/exrstdattr" to ""
-- Installing: /build/openexr3.2/pkg/openexr3.2-libs/usr/bin/exrmakepreview
-- Set non-toolchain portion of runtime path of "/build/openexr3.2/pkg/openexr3.2-libs/usr/bin/exrmakepreview" to ""
-- Installing: /build/openexr3.2/pkg/openexr3.2-libs/usr/bin/exrenvmap
-- Set non-toolchain portion of runtime path of "/build/openexr3.2/pkg/openexr3.2-libs/usr/bin/exrenvmap" to ""
-- Installing: /build/openexr3.2/pkg/openexr3.2-libs/usr/bin/exrmultiview
-- Set non-toolchain portion of runtime path of "/build/openexr3.2/pkg/openexr3.2-libs/usr/bin/exrmultiview" to ""
-- Installing: /build/openexr3.2/pkg/openexr3.2-libs/usr/bin/exrmultipart
-- Set non-toolchain portion of runtime path of "/build/openexr3.2/pkg/openexr3.2-libs/usr/bin/exrmultipart" to ""
-- Installing: /build/openexr3.2/pkg/openexr3.2-libs/usr/bin/exrmanifest
-- Set non-toolchain portion of runtime path of "/build/openexr3.2/pkg/openexr3.2-libs/usr/bin/exrmanifest" to ""
-- Installing: /build/openexr3.2/pkg/openexr3.2-libs/usr/share/doc/OpenEXR3.2/examples/drawImage.cpp
-- Installing: /build/openexr3.2/pkg/openexr3.2-libs/usr/share/doc/OpenEXR3.2/examples/drawImage.h
-- Installing: /build/openexr3.2/pkg/openexr3.2-libs/usr/share/doc/OpenEXR3.2/examples/generalInterfaceExamples.cpp
-- Installing: /build/openexr3.2/pkg/openexr3.2-libs/usr/share/doc/OpenEXR3.2/examples/generalInterfaceExamples.h
-- Installing: /build/openexr3.2/pkg/openexr3.2-libs/usr/share/doc/OpenEXR3.2/examples/generalInterfaceTiledExamples.cpp
-- Installing: /build/openexr3.2/pkg/openexr3.2-libs/usr/share/doc/OpenEXR3.2/examples/generalInterfaceTiledExamples.h
-- Installing: /build/openexr3.2/pkg/openexr3.2-libs/usr/share/doc/OpenEXR3.2/examples/lowLevelIoExamples.cpp
-- Installing: /build/openexr3.2/pkg/openexr3.2-libs/usr/share/doc/OpenEXR3.2/examples/lowLevelIoExamples.h
-- Installing: /build/openexr3.2/pkg/openexr3.2-libs/usr/share/doc/OpenEXR3.2/examples/main.cpp
-- Installing: /build/openexr3.2/pkg/openexr3.2-libs/usr/share/doc/OpenEXR3.2/examples/namespaceAlias.h
-- Installing: /build/openexr3.2/pkg/openexr3.2-libs/usr/share/doc/OpenEXR3.2/examples/previewImageExamples.cpp
-- Installing: /build/openexr3.2/pkg/openexr3.2-libs/usr/share/doc/OpenEXR3.2/examples/previewImageExamples.h
-- Installing: /build/openexr3.2/pkg/openexr3.2-libs/usr/share/doc/OpenEXR3.2/examples/rgbaInterfaceExamples.cpp
-- Installing: /build/openexr3.2/pkg/openexr3.2-libs/usr/share/doc/OpenEXR3.2/examples/rgbaInterfaceExamples.h
-- Installing: /build/openexr3.2/pkg/openexr3.2-libs/usr/share/doc/OpenEXR3.2/examples/rgbaInterfaceTiledExamples.cpp
-- Installing: /build/openexr3.2/pkg/openexr3.2-libs/usr/share/doc/OpenEXR3.2/examples/rgbaInterfaceTiledExamples.h
-- Installing: /build/openexr3.2/pkg/openexr3.2-libs/usr/share/doc/OpenEXR3.2/examples/deepExamples.cpp
-- Installing: /build/openexr3.2/pkg/openexr3.2-libs/usr/share/doc/OpenEXR3.2/examples/deepExamples.h
-- Installing: /build/openexr3.2/pkg/openexr3.2-libs/usr/share/doc/OpenEXR3.2/examples/deepTiledExamples.cpp
-- Installing: /build/openexr3.2/pkg/openexr3.2-libs/usr/share/doc/OpenEXR3.2/examples/deepTiledExamples.h
-- Installing: /build/openexr3.2/pkg/openexr3.2-libs/usr/share/doc/OpenEXR3.2/examples/multipartExamples.cpp
-- Installing: /build/openexr3.2/pkg/openexr3.2-libs/usr/share/doc/OpenEXR3.2/examples/multipartExamples.h
