patching file apps/CA.pl.in
patching file apps/openssl.cnf
patching file crypto/dh/dh_check.c
patching file crypto/dh/dh_err.c
patching file crypto/dh/dh_key.c
patching file crypto/err/openssl.txt
patching file include/openssl/dh.h
patching file include/openssl/dherr.h
patching file crypto/pkcs12/p12_add.c
patching file crypto/pkcs12/p12_mutl.c
patching file crypto/pkcs12/p12_npas.c
patching file crypto/pkcs7/pk7_mime.c
patching file include/openssl/pkcs12err.h
patching file test/recipes/80-test_pkcs12.t
patching file test/recipes/80-test_pkcs12_data/bad1.p12
patching file test/recipes/80-test_pkcs12_data/bad2.p12
patching file test/recipes/80-test_pkcs12_data/bad3.p12
patching file ssl/ssl_lib.c
patching file ssl/ssl_sess.c
patching file ssl/statem/statem_srvr.c
patching file ssl/record/rec_layer_s3.c
patching file ssl/record/record.h
patching file ssl/ssl_lib.c
patching file ssl/ssl_lib.c
patching file ssl/statem/extensions_clnt.c
patching file test/sslapitest.c
patching file test/handshake_helper.c
patching file test/ssl-tests/08-npn.conf
patching file test/ssl-tests/08-npn.conf.in
patching file test/ssl-tests/09-alpn.conf
patching file test/ssl-tests/09-alpn.conf.in
patching file ssl/statem/extensions_srvr.c
patching file ssl/statem/extensions_clnt.c
patching file test/sslapitest.c
patching file test/recipes/70-test_npn.t
patching file util/perl/TLSProxy/Message.pm
patching file util/perl/TLSProxy/NextProto.pm
patching file util/perl/TLSProxy/Proxy.pm
patching file crypto/bn/bn_gf2m.c
patching file test/ec_internal_test.c
patching file crypto/bn/bn_exp.c
patching file crypto/ec/ec_lib.c
patching file include/crypto/bn.h
patching file crypto/cms/cms_pwri.c
Hunk #1 succeeded at 215 (offset -14 lines).
patching file crypto/bio/bf_lbuf.c
Hunk #1 succeeded at 191 (offset 2 lines).
patching file crypto/modes/ocb128.c
patching file crypto/asn1/a_mbstr.c
patching file crypto/asn1/a_utf8.c
patching file include/internal/unicode.h
patching file test/asn1_internal_test.c
Hunk #1 succeeded at 133 with fuzz 2 (offset 26 lines).
patching file crypto/asn1/a_strex.c
Hunk #1 succeeded at 203 (offset 5 lines).
patching file crypto/pkcs12/p12_utl.c
Hunk #1 succeeded at 207 (offset -6 lines).
patching file test/asn1_internal_test.c
Hunk #1 succeeded at 173 with fuzz 2 (offset 26 lines).
patching file crypto/ts/ts_rsp_verify.c
Hunk #1 succeeded at 262 (offset 53 lines).
Hunk #2 succeeded at 274 (offset 52 lines).
patching file crypto/pkcs12/p12_decr.c
Hunk #1 succeeded at 88 (offset -49 lines).
patching file crypto/asn1/a_mbstr.c
Hunk #1 succeeded at 178 (offset 4 lines).
Hunk #2 succeeded at 207 (offset 4 lines).
Hunk #3 succeeded at 295 with fuzz 2 (offset 7 lines).
patching file crypto/cms/cms_pwri.c
patching file test/cmsapitest.c
patching file test/recipes/80-test_cmsapi.t
patching file apps/s_client.c
Hunk #1 succeeded at 2698 (offset 48 lines).
patching file crypto/pkcs12/p12_kiss.c
Hunk #1 succeeded at 183 (offset -7 lines).
patching file crypto/pkcs7/pk7_doit.c
Hunk #1 succeeded at 1092 (offset -93 lines).
patching file crypto/x509/x509_vfy.c
patching file crypto/x509/x509_vfy.c
patching file test/certs/cve-2026-28388-ca.pem
patching file test/certs/cve-2026-28388-crls.pem
patching file test/certs/cve-2026-28388-leaf.pem
patching file test/recipes/25-test_verify.t
patching file crypto/dh/dh_ameth.c
patching file crypto/ec/ec_ameth.c
patching file test/recipes/80-test_cms.t
patching file test/recipes/80-test_cms_data/dh-cert.pem
patching file test/recipes/80-test_cms_data/dh-key.pem
patching file test/recipes/80-test_cms_data/ecdh-cert.pem
patching file test/recipes/80-test_cms_data/ecdh-key.pem
patching file crypto/rsa/rsa_ameth.c
patching file test/smime-certs/smrsa3-cert.pem
patching file test/smime-certs/smrsa3-key.pem (copied from test/smime-certs/smrsa3.pem)
patching file test/recipes/80-test_cms.t
patching file test/recipes/80-test_cms.t
patching file crypto/asn1/tasn_dec.c
patching file crypto/cms/cms_pwri.c
patching file test/cms-msg/make_missing_kdf_der.py
patching file test/recipes/80-test_cms.t
patching file crypto/pkcs7/pk7_smime.c
patching file test/recipes/80-test_cms.t
patching file test/smime-eml/pkcs7-empty-digest-set.eml
test/recipes/80-test_cmsapi_data/cms_pwri_kek_oob.der
test/recipes/80-test_cms_data/dh-malformed.der
test/recipes/80-test_cms_data/ecdh-malformed.der
test/recipes/80-test_cms_data/rsa-malformed.der
test/cms-msg/missing-kdf.der
