-- Install configuration: "Release"
-- Installing: /build/opencv4/pkg/opencv4/usr/share/licenses/opencv4/dlpack-LICENSE
-- Installing: /build/opencv4/pkg/opencv4/usr/share/licenses/opencv4/ippicv-readme.htm
-- Installing: /build/opencv4/pkg/opencv4/usr/share/licenses/opencv4/ippicv-EULA.txt
-- Installing: /build/opencv4/pkg/opencv4/usr/share/licenses/opencv4/ippicv-third-party-programs.txt
-- Installing: /build/opencv4/pkg/opencv4/usr/share/licenses/opencv4/ippiw-support.txt
-- Installing: /build/opencv4/pkg/opencv4/usr/share/licenses/opencv4/ippiw-third-party-programs.txt
-- Installing: /build/opencv4/pkg/opencv4/usr/share/licenses/opencv4/ippiw-EULA.txt
-- Installing: /build/opencv4/pkg/opencv4/usr/share/licenses/opencv4/flatbuffers-LICENSE.txt
-- Installing: /build/opencv4/pkg/opencv4/usr/share/licenses/opencv4/opencl-headers-LICENSE.txt
-- Installing: /build/opencv4/pkg/opencv4/usr/share/licenses/opencv4/ade-LICENSE
-- Installing: /build/opencv4/pkg/opencv4/usr/include/opencv4/opencv2/cvconfig.h
-- Installing: /build/opencv4/pkg/opencv4/usr/include/opencv4/opencv2/opencv_modules.hpp
-- Installing: /build/opencv4/pkg/opencv4/usr/lib/opencv4/pkgconfig/opencv4.pc
-- Installing: /build/opencv4/pkg/opencv4/usr/lib/opencv4/cmake/opencv4/OpenCVModules.cmake
-- Installing: /build/opencv4/pkg/opencv4/usr/lib/opencv4/cmake/opencv4/OpenCVModules-release.cmake
-- Installing: /build/opencv4/pkg/opencv4/usr/lib/opencv4/cmake/opencv4/OpenCVConfig-version.cmake
-- Installing: /build/opencv4/pkg/opencv4/usr/lib/opencv4/cmake/opencv4/OpenCVConfig.cmake
-- Installing: /build/opencv4/pkg/opencv4/usr/share/opencv4/valgrind.supp
-- Installing: /build/opencv4/pkg/opencv4/usr/share/opencv4/valgrind_3rdparty.supp
-- Installing: /build/opencv4/pkg/opencv4/usr/share/licenses/opencv4/ittnotify-BSD-3-Clause.txt
-- Installing: /build/opencv4/pkg/opencv4/usr/share/licenses/opencv4/ittnotify-GPL-2.0-only.txt
-- Installing: /build/opencv4/pkg/opencv4/usr/include/opencv4/opencv2/opencv.hpp
-- Installing: /build/opencv4/pkg/opencv4/usr/lib/opencv4/libopencv_core.so.4.14.0
-- Installing: /build/opencv4/pkg/opencv4/usr/lib/opencv4/libopencv_core.so.414
-- Set non-toolchain portion of runtime path of "/build/opencv4/pkg/opencv4/usr/lib/opencv4/libopencv_core.so.4.14.0" to "/usr/lib/opencv4"
-- Installing: /build/opencv4/pkg/opencv4/usr/lib/opencv4/libopencv_core.so
-- Installing: /build/opencv4/pkg/opencv4/usr/include/opencv4/opencv2/core.hpp
-- Installing: /build/opencv4/pkg/opencv4/usr/include/opencv4/opencv2/core/affine.hpp
-- Installing: /build/opencv4/pkg/opencv4/usr/include/opencv4/opencv2/core/async.hpp
-- Installing: /build/opencv4/pkg/opencv4/usr/include/opencv4/opencv2/core/base.hpp
-- Installing: /build/opencv4/pkg/opencv4/usr/include/opencv4/opencv2/core/bindings_utils.hpp
-- Installing: /build/opencv4/pkg/opencv4/usr/include/opencv4/opencv2/core/bufferpool.hpp
-- Installing: /build/opencv4/pkg/opencv4/usr/include/opencv4/opencv2/core/check.hpp
-- Installing: /build/opencv4/pkg/opencv4/usr/include/opencv4/opencv2/core/core.hpp
-- Installing: /build/opencv4/pkg/opencv4/usr/include/opencv4/opencv2/core/core_c.h
-- Installing: /build/opencv4/pkg/opencv4/usr/include/opencv4/opencv2/core/cuda.hpp
-- Installing: /build/opencv4/pkg/opencv4/usr/include/opencv4/opencv2/core/cuda.inl.hpp
-- Installing: /build/opencv4/pkg/opencv4/usr/include/opencv4/opencv2/core/cuda/block.hpp
-- Installing: /build/opencv4/pkg/opencv4/usr/include/opencv4/opencv2/core/cuda/border_interpolate.hpp
-- Installing: /build/opencv4/pkg/opencv4/usr/include/opencv4/opencv2/core/cuda/color.hpp
-- Installing: /build/opencv4/pkg/opencv4/usr/include/opencv4/opencv2/core/cuda/common.hpp
-- Installing: /build/opencv4/pkg/opencv4/usr/include/opencv4/opencv2/core/cuda/cuda_compat.hpp
-- Installing: /build/opencv4/pkg/opencv4/usr/include/opencv4/opencv2/core/cuda/datamov_utils.hpp
-- Installing: /build/opencv4/pkg/opencv4/usr/include/opencv4/opencv2/core/cuda/detail/color_detail.hpp
-- Installing: /build/opencv4/pkg/opencv4/usr/include/opencv4/opencv2/core/cuda/detail/reduce.hpp
-- Installing: /build/opencv4/pkg/opencv4/usr/include/opencv4/opencv2/core/cuda/detail/reduce_key_val.hpp
-- Installing: /build/opencv4/pkg/opencv4/usr/include/opencv4/opencv2/core/cuda/detail/transform_detail.hpp
-- Installing: /build/opencv4/pkg/opencv4/usr/include/opencv4/opencv2/core/cuda/detail/type_traits_detail.hpp
-- Installing: /build/opencv4/pkg/opencv4/usr/include/opencv4/opencv2/core/cuda/detail/vec_distance_detail.hpp
-- Installing: /build/opencv4/pkg/opencv4/usr/include/opencv4/opencv2/core/cuda/dynamic_smem.hpp
-- Installing: /build/opencv4/pkg/opencv4/usr/include/opencv4/opencv2/core/cuda/emulation.hpp
-- Installing: /build/opencv4/pkg/opencv4/usr/include/opencv4/opencv2/core/cuda/filters.hpp
-- Installing: /build/opencv4/pkg/opencv4/usr/include/opencv4/opencv2/core/cuda/funcattrib.hpp
-- Installing: /build/opencv4/pkg/opencv4/usr/include/opencv4/opencv2/core/cuda/functional.hpp
-- Installing: /build/opencv4/pkg/opencv4/usr/include/opencv4/opencv2/core/cuda/limits.hpp
-- Installing: /build/opencv4/pkg/opencv4/usr/include/opencv4/opencv2/core/cuda/reduce.hpp
-- Installing: /build/opencv4/pkg/opencv4/usr/include/opencv4/opencv2/core/cuda/saturate_cast.hpp
-- Installing: /build/opencv4/pkg/opencv4/usr/include/opencv4/opencv2/core/cuda/scan.hpp
-- Installing: /build/opencv4/pkg/opencv4/usr/include/opencv4/opencv2/core/cuda/simd_functions.hpp
-- Installing: /build/opencv4/pkg/opencv4/usr/include/opencv4/opencv2/core/cuda/transform.hpp
-- Installing: /build/opencv4/pkg/opencv4/usr/include/opencv4/opencv2/core/cuda/type_traits.hpp
-- Installing: /build/opencv4/pkg/opencv4/usr/include/opencv4/opencv2/core/cuda/utility.hpp
-- Installing: /build/opencv4/pkg/opencv4/usr/include/opencv4/opencv2/core/cuda/vec_distance.hpp
-- Installing: /build/opencv4/pkg/opencv4/usr/include/opencv4/opencv2/core/cuda/vec_math.hpp
-- Installing: /build/opencv4/pkg/opencv4/usr/include/opencv4/opencv2/core/cuda/vec_traits.hpp
-- Installing: /build/opencv4/pkg/opencv4/usr/include/opencv4/opencv2/core/cuda/warp.hpp
-- Installing: /build/opencv4/pkg/opencv4/usr/include/opencv4/opencv2/core/cuda/warp_reduce.hpp
-- Installing: /build/opencv4/pkg/opencv4/usr/include/opencv4/opencv2/core/cuda/warp_shuffle.hpp
-- Installing: /build/opencv4/pkg/opencv4/usr/include/opencv4/opencv2/core/cuda_stream_accessor.hpp
-- Installing: /build/opencv4/pkg/opencv4/usr/include/opencv4/opencv2/core/cuda_types.hpp
-- Installing: /build/opencv4/pkg/opencv4/usr/include/opencv4/opencv2/core/cv_cpu_dispatch.h
-- Installing: /build/opencv4/pkg/opencv4/usr/include/opencv4/opencv2/core/cv_cpu_helper.h
-- Installing: /build/opencv4/pkg/opencv4/usr/include/opencv4/opencv2/core/cvdef.h
-- Installing: /build/opencv4/pkg/opencv4/usr/include/opencv4/opencv2/core/cvstd.hpp
-- Installing: /build/opencv4/pkg/opencv4/usr/include/opencv4/opencv2/core/cvstd.inl.hpp
-- Installing: /build/opencv4/pkg/opencv4/usr/include/opencv4/opencv2/core/cvstd_wrapper.hpp
-- Installing: /build/opencv4/pkg/opencv4/usr/include/opencv4/opencv2/core/detail/async_promise.hpp
-- Installing: /build/opencv4/pkg/opencv4/usr/include/opencv4/opencv2/core/detail/dispatch_helper.impl.hpp
-- Installing: /build/opencv4/pkg/opencv4/usr/include/opencv4/opencv2/core/detail/exception_ptr.hpp
-- Installing: /build/opencv4/pkg/opencv4/usr/include/opencv4/opencv2/core/directx.hpp
-- Installing: /build/opencv4/pkg/opencv4/usr/include/opencv4/opencv2/core/dualquaternion.hpp
-- Installing: /build/opencv4/pkg/opencv4/usr/include/opencv4/opencv2/core/dualquaternion.inl.hpp
-- Installing: /build/opencv4/pkg/opencv4/usr/include/opencv4/opencv2/core/eigen.hpp
-- Installing: /build/opencv4/pkg/opencv4/usr/include/opencv4/opencv2/core/fast_math.hpp
-- Installing: /build/opencv4/pkg/opencv4/usr/include/opencv4/opencv2/core/hal/hal.hpp
-- Installing: /build/opencv4/pkg/opencv4/usr/include/opencv4/opencv2/core/hal/interface.h
-- Installing: /build/opencv4/pkg/opencv4/usr/include/opencv4/opencv2/core/hal/intrin.hpp
-- Installing: /build/opencv4/pkg/opencv4/usr/include/opencv4/opencv2/core/hal/intrin_avx.hpp
-- Installing: /build/opencv4/pkg/opencv4/usr/include/opencv4/opencv2/core/hal/intrin_avx512.hpp
-- Installing: /build/opencv4/pkg/opencv4/usr/include/opencv4/opencv2/core/hal/intrin_cpp.hpp
-- Installing: /build/opencv4/pkg/opencv4/usr/include/opencv4/opencv2/core/hal/intrin_forward.hpp
-- Installing: /build/opencv4/pkg/opencv4/usr/include/opencv4/opencv2/core/hal/intrin_lasx.hpp
-- Installing: /build/opencv4/pkg/opencv4/usr/include/opencv4/opencv2/core/hal/intrin_legacy_ops.h
-- Installing: /build/opencv4/pkg/opencv4/usr/include/opencv4/opencv2/core/hal/intrin_lsx.hpp
-- Installing: /build/opencv4/pkg/opencv4/usr/include/opencv4/opencv2/core/hal/intrin_math.hpp
-- Installing: /build/opencv4/pkg/opencv4/usr/include/opencv4/opencv2/core/hal/intrin_msa.hpp
-- Installing: /build/opencv4/pkg/opencv4/usr/include/opencv4/opencv2/core/hal/intrin_neon.hpp
-- Installing: /build/opencv4/pkg/opencv4/usr/include/opencv4/opencv2/core/hal/intrin_rvv071.hpp
-- Installing: /build/opencv4/pkg/opencv4/usr/include/opencv4/opencv2/core/hal/intrin_rvv_scalable.hpp
-- Installing: /build/opencv4/pkg/opencv4/usr/include/opencv4/opencv2/core/hal/intrin_sse.hpp
-- Installing: /build/opencv4/pkg/opencv4/usr/include/opencv4/opencv2/core/hal/intrin_sse_em.hpp
-- Installing: /build/opencv4/pkg/opencv4/usr/include/opencv4/opencv2/core/hal/intrin_vsx.hpp
-- Installing: /build/opencv4/pkg/opencv4/usr/include/opencv4/opencv2/core/hal/intrin_wasm.hpp
-- Installing: /build/opencv4/pkg/opencv4/usr/include/opencv4/opencv2/core/hal/msa_macros.h
-- Installing: /build/opencv4/pkg/opencv4/usr/include/opencv4/opencv2/core/hal/simd_utils.impl.hpp
-- Installing: /build/opencv4/pkg/opencv4/usr/include/opencv4/opencv2/core/mat.hpp
-- Installing: /build/opencv4/pkg/opencv4/usr/include/opencv4/opencv2/core/mat.inl.hpp
-- Installing: /build/opencv4/pkg/opencv4/usr/include/opencv4/opencv2/core/matx.hpp
-- Installing: /build/opencv4/pkg/opencv4/usr/include/opencv4/opencv2/core/matx.inl.hpp
-- Installing: /build/opencv4/pkg/opencv4/usr/include/opencv4/opencv2/core/neon_utils.hpp
-- Installing: /build/opencv4/pkg/opencv4/usr/include/opencv4/opencv2/core/ocl.hpp
-- Installing: /build/opencv4/pkg/opencv4/usr/include/opencv4/opencv2/core/ocl_genbase.hpp
-- Installing: /build/opencv4/pkg/opencv4/usr/include/opencv4/opencv2/core/opencl/ocl_defs.hpp
-- Installing: /build/opencv4/pkg/opencv4/usr/include/opencv4/opencv2/core/opencl/opencl_info.hpp
-- Installing: /build/opencv4/pkg/opencv4/usr/include/opencv4/opencv2/core/opencl/opencl_svm.hpp
-- Installing: /build/opencv4/pkg/opencv4/usr/include/opencv4/opencv2/core/opencl/runtime/autogenerated/opencl_clblas.hpp
-- Installing: /build/opencv4/pkg/opencv4/usr/include/opencv4/opencv2/core/opencl/runtime/autogenerated/opencl_clfft.hpp
-- Installing: /build/opencv4/pkg/opencv4/usr/include/opencv4/opencv2/core/opencl/runtime/autogenerated/opencl_core.hpp
-- Installing: /build/opencv4/pkg/opencv4/usr/include/opencv4/opencv2/core/opencl/runtime/autogenerated/opencl_core_wrappers.hpp
-- Installing: /build/opencv4/pkg/opencv4/usr/include/opencv4/opencv2/core/opencl/runtime/autogenerated/opencl_gl.hpp
-- Installing: /build/opencv4/pkg/opencv4/usr/include/opencv4/opencv2/core/opencl/runtime/autogenerated/opencl_gl_wrappers.hpp
-- Installing: /build/opencv4/pkg/opencv4/usr/include/opencv4/opencv2/core/opencl/runtime/opencl_clblas.hpp
-- Installing: /build/opencv4/pkg/opencv4/usr/include/opencv4/opencv2/core/opencl/runtime/opencl_clfft.hpp
-- Installing: /build/opencv4/pkg/opencv4/usr/include/opencv4/opencv2/core/opencl/runtime/opencl_core.hpp
-- Installing: /build/opencv4/pkg/opencv4/usr/include/opencv4/opencv2/core/opencl/runtime/opencl_core_wrappers.hpp
-- Installing: /build/opencv4/pkg/opencv4/usr/include/opencv4/opencv2/core/opencl/runtime/opencl_gl.hpp
-- Installing: /build/opencv4/pkg/opencv4/usr/include/opencv4/opencv2/core/opencl/runtime/opencl_gl_wrappers.hpp
-- Installing: /build/opencv4/pkg/opencv4/usr/include/opencv4/opencv2/core/opencl/runtime/opencl_svm_20.hpp
-- Installing: /build/opencv4/pkg/opencv4/usr/include/opencv4/opencv2/core/opencl/runtime/opencl_svm_definitions.hpp
-- Installing: /build/opencv4/pkg/opencv4/usr/include/opencv4/opencv2/core/opencl/runtime/opencl_svm_hsa_extension.hpp
-- Installing: /build/opencv4/pkg/opencv4/usr/include/opencv4/opencv2/core/opengl.hpp
-- Installing: /build/opencv4/pkg/opencv4/usr/include/opencv4/opencv2/core/operations.hpp
-- Installing: /build/opencv4/pkg/opencv4/usr/include/opencv4/opencv2/core/optim.hpp
-- Installing: /build/opencv4/pkg/opencv4/usr/include/opencv4/opencv2/core/ovx.hpp
-- Installing: /build/opencv4/pkg/opencv4/usr/include/opencv4/opencv2/core/parallel/backend/parallel_for.openmp.hpp
-- Installing: /build/opencv4/pkg/opencv4/usr/include/opencv4/opencv2/core/parallel/backend/parallel_for.tbb.hpp
-- Installing: /build/opencv4/pkg/opencv4/usr/include/opencv4/opencv2/core/parallel/parallel_backend.hpp
-- Installing: /build/opencv4/pkg/opencv4/usr/include/opencv4/opencv2/core/persistence.hpp
-- Installing: /build/opencv4/pkg/opencv4/usr/include/opencv4/opencv2/core/quaternion.hpp
-- Installing: /build/opencv4/pkg/opencv4/usr/include/opencv4/opencv2/core/quaternion.inl.hpp
-- Installing: /build/opencv4/pkg/opencv4/usr/include/opencv4/opencv2/core/saturate.hpp
-- Installing: /build/opencv4/pkg/opencv4/usr/include/opencv4/opencv2/core/simd_intrinsics.hpp
-- Installing: /build/opencv4/pkg/opencv4/usr/include/opencv4/opencv2/core/softfloat.hpp
-- Installing: /build/opencv4/pkg/opencv4/usr/include/opencv4/opencv2/core/sse_utils.hpp
-- Installing: /build/opencv4/pkg/opencv4/usr/include/opencv4/opencv2/core/traits.hpp
-- Installing: /build/opencv4/pkg/opencv4/usr/include/opencv4/opencv2/core/types.hpp
-- Installing: /build/opencv4/pkg/opencv4/usr/include/opencv4/opencv2/core/types_c.h
-- Installing: /build/opencv4/pkg/opencv4/usr/include/opencv4/opencv2/core/utility.hpp
-- Installing: /build/opencv4/pkg/opencv4/usr/include/opencv4/opencv2/core/utils/allocator_stats.hpp
-- Installing: /build/opencv4/pkg/opencv4/usr/include/opencv4/opencv2/core/utils/allocator_stats.impl.hpp
-- Installing: /build/opencv4/pkg/opencv4/usr/include/opencv4/opencv2/core/utils/filesystem.hpp
-- Installing: /build/opencv4/pkg/opencv4/usr/include/opencv4/opencv2/core/utils/fp_control_utils.hpp
-- Installing: /build/opencv4/pkg/opencv4/usr/include/opencv4/opencv2/core/utils/instrumentation.hpp
-- Installing: /build/opencv4/pkg/opencv4/usr/include/opencv4/opencv2/core/utils/logger.defines.hpp
-- Installing: /build/opencv4/pkg/opencv4/usr/include/opencv4/opencv2/core/utils/logger.hpp
-- Installing: /build/opencv4/pkg/opencv4/usr/include/opencv4/opencv2/core/utils/logtag.hpp
-- Installing: /build/opencv4/pkg/opencv4/usr/include/opencv4/opencv2/core/utils/tls.hpp
-- Installing: /build/opencv4/pkg/opencv4/usr/include/opencv4/opencv2/core/utils/trace.hpp
-- Installing: /build/opencv4/pkg/opencv4/usr/include/opencv4/opencv2/core/va_intel.hpp
-- Installing: /build/opencv4/pkg/opencv4/usr/include/opencv4/opencv2/core/version.hpp
-- Installing: /build/opencv4/pkg/opencv4/usr/include/opencv4/opencv2/core/vsx_utils.hpp
-- Installing: /build/opencv4/pkg/opencv4/usr/share/licenses/opencv4/SoftFloat-COPYING.txt
-- Installing: /build/opencv4/pkg/opencv4/usr/lib/opencv4/libopencv_flann.so.4.14.0
-- Installing: /build/opencv4/pkg/opencv4/usr/lib/opencv4/libopencv_flann.so.414
-- Set non-toolchain portion of runtime path of "/build/opencv4/pkg/opencv4/usr/lib/opencv4/libopencv_flann.so.4.14.0" to "/usr/lib/opencv4"
-- Installing: /build/opencv4/pkg/opencv4/usr/lib/opencv4/libopencv_flann.so
-- Installing: /build/opencv4/pkg/opencv4/usr/include/opencv4/opencv2/flann.hpp
-- Installing: /build/opencv4/pkg/opencv4/usr/include/opencv4/opencv2/flann/all_indices.h
-- Installing: /build/opencv4/pkg/opencv4/usr/include/opencv4/opencv2/flann/allocator.h
-- Installing: /build/opencv4/pkg/opencv4/usr/include/opencv4/opencv2/flann/any.h
-- Installing: /build/opencv4/pkg/opencv4/usr/include/opencv4/opencv2/flann/autotuned_index.h
-- Installing: /build/opencv4/pkg/opencv4/usr/include/opencv4/opencv2/flann/composite_index.h
-- Installing: /build/opencv4/pkg/opencv4/usr/include/opencv4/opencv2/flann/config.h
-- Installing: /build/opencv4/pkg/opencv4/usr/include/opencv4/opencv2/flann/defines.h
-- Installing: /build/opencv4/pkg/opencv4/usr/include/opencv4/opencv2/flann/dist.h
-- Installing: /build/opencv4/pkg/opencv4/usr/include/opencv4/opencv2/flann/dummy.h
-- Installing: /build/opencv4/pkg/opencv4/usr/include/opencv4/opencv2/flann/dynamic_bitset.h
-- Installing: /build/opencv4/pkg/opencv4/usr/include/opencv4/opencv2/flann/flann.hpp
-- Installing: /build/opencv4/pkg/opencv4/usr/include/opencv4/opencv2/flann/flann_base.hpp
-- Installing: /build/opencv4/pkg/opencv4/usr/include/opencv4/opencv2/flann/general.h
-- Installing: /build/opencv4/pkg/opencv4/usr/include/opencv4/opencv2/flann/ground_truth.h
-- Installing: /build/opencv4/pkg/opencv4/usr/include/opencv4/opencv2/flann/heap.h
-- Installing: /build/opencv4/pkg/opencv4/usr/include/opencv4/opencv2/flann/hierarchical_clustering_index.h
-- Installing: /build/opencv4/pkg/opencv4/usr/include/opencv4/opencv2/flann/index_testing.h
-- Installing: /build/opencv4/pkg/opencv4/usr/include/opencv4/opencv2/flann/kdtree_index.h
-- Installing: /build/opencv4/pkg/opencv4/usr/include/opencv4/opencv2/flann/kdtree_single_index.h
-- Installing: /build/opencv4/pkg/opencv4/usr/include/opencv4/opencv2/flann/kmeans_index.h
-- Installing: /build/opencv4/pkg/opencv4/usr/include/opencv4/opencv2/flann/linear_index.h
-- Installing: /build/opencv4/pkg/opencv4/usr/include/opencv4/opencv2/flann/logger.h
-- Installing: /build/opencv4/pkg/opencv4/usr/include/opencv4/opencv2/flann/lsh_index.h
-- Installing: /build/opencv4/pkg/opencv4/usr/include/opencv4/opencv2/flann/lsh_table.h
-- Installing: /build/opencv4/pkg/opencv4/usr/include/opencv4/opencv2/flann/matrix.h
-- Installing: /build/opencv4/pkg/opencv4/usr/include/opencv4/opencv2/flann/miniflann.hpp
-- Installing: /build/opencv4/pkg/opencv4/usr/include/opencv4/opencv2/flann/nn_index.h
-- Installing: /build/opencv4/pkg/opencv4/usr/include/opencv4/opencv2/flann/object_factory.h
-- Installing: /build/opencv4/pkg/opencv4/usr/include/opencv4/opencv2/flann/params.h
-- Installing: /build/opencv4/pkg/opencv4/usr/include/opencv4/opencv2/flann/random.h
-- Installing: /build/opencv4/pkg/opencv4/usr/include/opencv4/opencv2/flann/result_set.h
-- Installing: /build/opencv4/pkg/opencv4/usr/include/opencv4/opencv2/flann/sampling.h
-- Installing: /build/opencv4/pkg/opencv4/usr/include/opencv4/opencv2/flann/saving.h
-- Installing: /build/opencv4/pkg/opencv4/usr/include/opencv4/opencv2/flann/simplex_downhill.h
-- Installing: /build/opencv4/pkg/opencv4/usr/include/opencv4/opencv2/flann/timer.h
-- Installing: /build/opencv4/pkg/opencv4/usr/lib/opencv4/libopencv_hdf.so.4.14.0
-- Installing: /build/opencv4/pkg/opencv4/usr/lib/opencv4/libopencv_hdf.so.414
-- Set non-toolchain portion of runtime path of "/build/opencv4/pkg/opencv4/usr/lib/opencv4/libopencv_hdf.so.4.14.0" to "/usr/lib/opencv4"
-- Installing: /build/opencv4/pkg/opencv4/usr/lib/opencv4/libopencv_hdf.so
-- Installing: /build/opencv4/pkg/opencv4/usr/include/opencv4/opencv2/hdf.hpp
-- Installing: /build/opencv4/pkg/opencv4/usr/include/opencv4/opencv2/hdf/hdf5.hpp
-- Installing: /build/opencv4/pkg/opencv4/usr/lib/opencv4/libopencv_imgproc.so.4.14.0
-- Installing: /build/opencv4/pkg/opencv4/usr/lib/opencv4/libopencv_imgproc.so.414
-- Set non-toolchain portion of runtime path of "/build/opencv4/pkg/opencv4/usr/lib/opencv4/libopencv_imgproc.so.4.14.0" to "/usr/lib/opencv4"
-- Installing: /build/opencv4/pkg/opencv4/usr/lib/opencv4/libopencv_imgproc.so
-- Installing: /build/opencv4/pkg/opencv4/usr/include/opencv4/opencv2/imgproc.hpp
-- Installing: /build/opencv4/pkg/opencv4/usr/include/opencv4/opencv2/imgproc/bindings.hpp
-- Installing: /build/opencv4/pkg/opencv4/usr/include/opencv4/opencv2/imgproc/detail/gcgraph.hpp
-- Installing: /build/opencv4/pkg/opencv4/usr/include/opencv4/opencv2/imgproc/detail/legacy.hpp
-- Installing: /build/opencv4/pkg/opencv4/usr/include/opencv4/opencv2/imgproc/hal/hal.hpp
-- Installing: /build/opencv4/pkg/opencv4/usr/include/opencv4/opencv2/imgproc/hal/interface.h
-- Installing: /build/opencv4/pkg/opencv4/usr/include/opencv4/opencv2/imgproc/imgproc.hpp
-- Installing: /build/opencv4/pkg/opencv4/usr/include/opencv4/opencv2/imgproc/imgproc_c.h
-- Installing: /build/opencv4/pkg/opencv4/usr/include/opencv4/opencv2/imgproc/segmentation.hpp
-- Installing: /build/opencv4/pkg/opencv4/usr/include/opencv4/opencv2/imgproc/types_c.h
-- Installing: /build/opencv4/pkg/opencv4/usr/lib/opencv4/libopencv_intensity_transform.so.4.14.0
-- Installing: /build/opencv4/pkg/opencv4/usr/lib/opencv4/libopencv_intensity_transform.so.414
-- Set non-toolchain portion of runtime path of "/build/opencv4/pkg/opencv4/usr/lib/opencv4/libopencv_intensity_transform.so.4.14.0" to "/usr/lib/opencv4"
-- Installing: /build/opencv4/pkg/opencv4/usr/lib/opencv4/libopencv_intensity_transform.so
-- Installing: /build/opencv4/pkg/opencv4/usr/include/opencv4/opencv2/intensity_transform.hpp
-- Installing: /build/opencv4/pkg/opencv4/usr/lib/opencv4/libopencv_ml.so.4.14.0
-- Installing: /build/opencv4/pkg/opencv4/usr/lib/opencv4/libopencv_ml.so.414
-- Set non-toolchain portion of runtime path of "/build/opencv4/pkg/opencv4/usr/lib/opencv4/libopencv_ml.so.4.14.0" to "/usr/lib/opencv4"
-- Installing: /build/opencv4/pkg/opencv4/usr/lib/opencv4/libopencv_ml.so
-- Installing: /build/opencv4/pkg/opencv4/usr/include/opencv4/opencv2/ml.hpp
-- Installing: /build/opencv4/pkg/opencv4/usr/include/opencv4/opencv2/ml/ml.hpp
-- Installing: /build/opencv4/pkg/opencv4/usr/include/opencv4/opencv2/ml/ml.inl.hpp
-- Installing: /build/opencv4/pkg/opencv4/usr/lib/opencv4/libopencv_phase_unwrapping.so.4.14.0
-- Installing: /build/opencv4/pkg/opencv4/usr/lib/opencv4/libopencv_phase_unwrapping.so.414
-- Set non-toolchain portion of runtime path of "/build/opencv4/pkg/opencv4/usr/lib/opencv4/libopencv_phase_unwrapping.so.4.14.0" to "/usr/lib/opencv4"
-- Installing: /build/opencv4/pkg/opencv4/usr/lib/opencv4/libopencv_phase_unwrapping.so
-- Installing: /build/opencv4/pkg/opencv4/usr/include/opencv4/opencv2/phase_unwrapping.hpp
-- Installing: /build/opencv4/pkg/opencv4/usr/include/opencv4/opencv2/phase_unwrapping/histogramphaseunwrapping.hpp
-- Installing: /build/opencv4/pkg/opencv4/usr/include/opencv4/opencv2/phase_unwrapping/phase_unwrapping.hpp
-- Installing: /build/opencv4/pkg/opencv4/usr/lib/opencv4/libopencv_photo.so.4.14.0
-- Installing: /build/opencv4/pkg/opencv4/usr/lib/opencv4/libopencv_photo.so.414
-- Set non-toolchain portion of runtime path of "/build/opencv4/pkg/opencv4/usr/lib/opencv4/libopencv_photo.so.4.14.0" to "/usr/lib/opencv4"
-- Installing: /build/opencv4/pkg/opencv4/usr/lib/opencv4/libopencv_photo.so
-- Installing: /build/opencv4/pkg/opencv4/usr/include/opencv4/opencv2/photo.hpp
-- Installing: /build/opencv4/pkg/opencv4/usr/include/opencv4/opencv2/photo/cuda.hpp
-- Installing: /build/opencv4/pkg/opencv4/usr/include/opencv4/opencv2/photo/legacy/constants_c.h
-- Installing: /build/opencv4/pkg/opencv4/usr/include/opencv4/opencv2/photo/photo.hpp
-- Installing: /build/opencv4/pkg/opencv4/usr/lib/opencv4/libopencv_plot.so.4.14.0
-- Installing: /build/opencv4/pkg/opencv4/usr/lib/opencv4/libopencv_plot.so.414
-- Set non-toolchain portion of runtime path of "/build/opencv4/pkg/opencv4/usr/lib/opencv4/libopencv_plot.so.4.14.0" to "/usr/lib/opencv4"
-- Installing: /build/opencv4/pkg/opencv4/usr/lib/opencv4/libopencv_plot.so
-- Installing: /build/opencv4/pkg/opencv4/usr/include/opencv4/opencv2/plot.hpp
-- Installing: /build/opencv4/pkg/opencv4/usr/lib/opencv4/libopencv_quality.so.4.14.0
-- Installing: /build/opencv4/pkg/opencv4/usr/lib/opencv4/libopencv_quality.so.414
-- Set non-toolchain portion of runtime path of "/build/opencv4/pkg/opencv4/usr/lib/opencv4/libopencv_quality.so.4.14.0" to "/usr/lib/opencv4"
-- Installing: /build/opencv4/pkg/opencv4/usr/lib/opencv4/libopencv_quality.so
-- Installing: /build/opencv4/pkg/opencv4/usr/include/opencv4/opencv2/quality.hpp
-- Installing: /build/opencv4/pkg/opencv4/usr/include/opencv4/opencv2/quality/quality_utils.hpp
-- Installing: /build/opencv4/pkg/opencv4/usr/include/opencv4/opencv2/quality/qualitybase.hpp
-- Installing: /build/opencv4/pkg/opencv4/usr/include/opencv4/opencv2/quality/qualitybrisque.hpp
-- Installing: /build/opencv4/pkg/opencv4/usr/include/opencv4/opencv2/quality/qualitygmsd.hpp
-- Installing: /build/opencv4/pkg/opencv4/usr/include/opencv4/opencv2/quality/qualitymse.hpp
-- Installing: /build/opencv4/pkg/opencv4/usr/include/opencv4/opencv2/quality/qualitypsnr.hpp
-- Installing: /build/opencv4/pkg/opencv4/usr/include/opencv4/opencv2/quality/qualityssim.hpp
-- Installing: /build/opencv4/pkg/opencv4/usr/share/opencv4/quality/brisque_model_live.yml
-- Installing: /build/opencv4/pkg/opencv4/usr/share/opencv4/quality/brisque_range_live.yml
-- Installing: /build/opencv4/pkg/opencv4/usr/lib/opencv4/libopencv_reg.so.4.14.0
-- Installing: /build/opencv4/pkg/opencv4/usr/lib/opencv4/libopencv_reg.so.414
-- Set non-toolchain portion of runtime path of "/build/opencv4/pkg/opencv4/usr/lib/opencv4/libopencv_reg.so.4.14.0" to "/usr/lib/opencv4"
-- Installing: /build/opencv4/pkg/opencv4/usr/lib/opencv4/libopencv_reg.so
-- Installing: /build/opencv4/pkg/opencv4/usr/include/opencv4/opencv2/reg/map.hpp
-- Installing: /build/opencv4/pkg/opencv4/usr/include/opencv4/opencv2/reg/mapaffine.hpp
-- Installing: /build/opencv4/pkg/opencv4/usr/include/opencv4/opencv2/reg/mapper.hpp
-- Installing: /build/opencv4/pkg/opencv4/usr/include/opencv4/opencv2/reg/mappergradaffine.hpp
-- Installing: /build/opencv4/pkg/opencv4/usr/include/opencv4/opencv2/reg/mappergradeuclid.hpp
-- Installing: /build/opencv4/pkg/opencv4/usr/include/opencv4/opencv2/reg/mappergradproj.hpp
-- Installing: /build/opencv4/pkg/opencv4/usr/include/opencv4/opencv2/reg/mappergradshift.hpp
-- Installing: /build/opencv4/pkg/opencv4/usr/include/opencv4/opencv2/reg/mappergradsimilar.hpp
-- Installing: /build/opencv4/pkg/opencv4/usr/include/opencv4/opencv2/reg/mapperpyramid.hpp
-- Installing: /build/opencv4/pkg/opencv4/usr/include/opencv4/opencv2/reg/mapprojec.hpp
-- Installing: /build/opencv4/pkg/opencv4/usr/include/opencv4/opencv2/reg/mapshift.hpp
-- Installing: /build/opencv4/pkg/opencv4/usr/lib/opencv4/libopencv_signal.so.4.14.0
-- Installing: /build/opencv4/pkg/opencv4/usr/lib/opencv4/libopencv_signal.so.414
-- Set non-toolchain portion of runtime path of "/build/opencv4/pkg/opencv4/usr/lib/opencv4/libopencv_signal.so.4.14.0" to "/usr/lib/opencv4"
-- Installing: /build/opencv4/pkg/opencv4/usr/lib/opencv4/libopencv_signal.so
-- Installing: /build/opencv4/pkg/opencv4/usr/include/opencv4/opencv2/signal.hpp
-- Installing: /build/opencv4/pkg/opencv4/usr/include/opencv4/opencv2/signal/signal_resample.hpp
-- Installing: /build/opencv4/pkg/opencv4/usr/lib/opencv4/libopencv_surface_matching.so.4.14.0
-- Installing: /build/opencv4/pkg/opencv4/usr/lib/opencv4/libopencv_surface_matching.so.414
-- Set non-toolchain portion of runtime path of "/build/opencv4/pkg/opencv4/usr/lib/opencv4/libopencv_surface_matching.so.4.14.0" to "/usr/lib/opencv4"
-- Installing: /build/opencv4/pkg/opencv4/usr/lib/opencv4/libopencv_surface_matching.so
-- Installing: /build/opencv4/pkg/opencv4/usr/include/opencv4/opencv2/surface_matching.hpp
-- Installing: /build/opencv4/pkg/opencv4/usr/include/opencv4/opencv2/surface_matching/icp.hpp
-- Installing: /build/opencv4/pkg/opencv4/usr/include/opencv4/opencv2/surface_matching/pose_3d.hpp
-- Installing: /build/opencv4/pkg/opencv4/usr/include/opencv4/opencv2/surface_matching/ppf_helpers.hpp
-- Installing: /build/opencv4/pkg/opencv4/usr/include/opencv4/opencv2/surface_matching/ppf_match_3d.hpp
-- Installing: /build/opencv4/pkg/opencv4/usr/include/opencv4/opencv2/surface_matching/t_hash_int.hpp
-- Installing: /build/opencv4/pkg/opencv4/usr/lib/opencv4/libopencv_viz.so.4.14.0
-- Installing: /build/opencv4/pkg/opencv4/usr/lib/opencv4/libopencv_viz.so.414
-- Set non-toolchain portion of runtime path of "/build/opencv4/pkg/opencv4/usr/lib/opencv4/libopencv_viz.so.4.14.0" to "/usr/lib/opencv4"
-- Installing: /build/opencv4/pkg/opencv4/usr/lib/opencv4/libopencv_viz.so
-- Installing: /build/opencv4/pkg/opencv4/usr/include/opencv4/opencv2/viz.hpp
-- Installing: /build/opencv4/pkg/opencv4/usr/include/opencv4/opencv2/viz/types.hpp
-- Installing: /build/opencv4/pkg/opencv4/usr/include/opencv4/opencv2/viz/viz3d.hpp
-- Installing: /build/opencv4/pkg/opencv4/usr/include/opencv4/opencv2/viz/vizcore.hpp
-- Installing: /build/opencv4/pkg/opencv4/usr/include/opencv4/opencv2/viz/widget_accessor.hpp
-- Installing: /build/opencv4/pkg/opencv4/usr/include/opencv4/opencv2/viz/widgets.hpp
-- Installing: /build/opencv4/pkg/opencv4/usr/lib/opencv4/libopencv_xphoto.so.4.14.0
-- Installing: /build/opencv4/pkg/opencv4/usr/lib/opencv4/libopencv_xphoto.so.414
-- Set non-toolchain portion of runtime path of "/build/opencv4/pkg/opencv4/usr/lib/opencv4/libopencv_xphoto.so.4.14.0" to "/usr/lib/opencv4"
-- Installing: /build/opencv4/pkg/opencv4/usr/lib/opencv4/libopencv_xphoto.so
-- Installing: /build/opencv4/pkg/opencv4/usr/include/opencv4/opencv2/xphoto.hpp
-- Installing: /build/opencv4/pkg/opencv4/usr/include/opencv4/opencv2/xphoto/bm3d_image_denoising.hpp
-- Installing: /build/opencv4/pkg/opencv4/usr/include/opencv4/opencv2/xphoto/dct_image_denoising.hpp
-- Installing: /build/opencv4/pkg/opencv4/usr/include/opencv4/opencv2/xphoto/inpainting.hpp
-- Installing: /build/opencv4/pkg/opencv4/usr/include/opencv4/opencv2/xphoto/oilpainting.hpp
-- Installing: /build/opencv4/pkg/opencv4/usr/include/opencv4/opencv2/xphoto/tonemap.hpp
-- Installing: /build/opencv4/pkg/opencv4/usr/include/opencv4/opencv2/xphoto/white_balance.hpp
-- Installing: /build/opencv4/pkg/opencv4/usr/lib/opencv4/libopencv_alphamat.so.4.14.0
-- Installing: /build/opencv4/pkg/opencv4/usr/lib/opencv4/libopencv_alphamat.so.414
-- Set non-toolchain portion of runtime path of "/build/opencv4/pkg/opencv4/usr/lib/opencv4/libopencv_alphamat.so.4.14.0" to "/usr/lib/opencv4"
-- Installing: /build/opencv4/pkg/opencv4/usr/lib/opencv4/libopencv_alphamat.so
-- Installing: /build/opencv4/pkg/opencv4/usr/include/opencv4/opencv2/alphamat.hpp
-- Installing: /build/opencv4/pkg/opencv4/usr/lib/opencv4/libopencv_dnn.so.4.14.0
-- Installing: /build/opencv4/pkg/opencv4/usr/lib/opencv4/libopencv_dnn.so.414
-- Set non-toolchain portion of runtime path of "/build/opencv4/pkg/opencv4/usr/lib/opencv4/libopencv_dnn.so.4.14.0" to "/usr/lib/opencv4"
-- Installing: /build/opencv4/pkg/opencv4/usr/lib/opencv4/libopencv_dnn.so
-- Installing: /build/opencv4/pkg/opencv4/usr/include/opencv4/opencv2/dnn.hpp
-- Installing: /build/opencv4/pkg/opencv4/usr/include/opencv4/opencv2/dnn/all_layers.hpp
-- Installing: /build/opencv4/pkg/opencv4/usr/include/opencv4/opencv2/dnn/dict.hpp
-- Installing: /build/opencv4/pkg/opencv4/usr/include/opencv4/opencv2/dnn/dnn.hpp
-- Installing: /build/opencv4/pkg/opencv4/usr/include/opencv4/opencv2/dnn/dnn.inl.hpp
-- Installing: /build/opencv4/pkg/opencv4/usr/include/opencv4/opencv2/dnn/layer.details.hpp
-- Installing: /build/opencv4/pkg/opencv4/usr/include/opencv4/opencv2/dnn/layer.hpp
-- Installing: /build/opencv4/pkg/opencv4/usr/include/opencv4/opencv2/dnn/shape_utils.hpp
-- Installing: /build/opencv4/pkg/opencv4/usr/include/opencv4/opencv2/dnn/utils/debug_utils.hpp
-- Installing: /build/opencv4/pkg/opencv4/usr/include/opencv4/opencv2/dnn/utils/inference_engine.hpp
-- Installing: /build/opencv4/pkg/opencv4/usr/include/opencv4/opencv2/dnn/version.hpp
-- Installing: /build/opencv4/pkg/opencv4/usr/lib/opencv4/libopencv_dnn_superres.so.4.14.0
-- Installing: /build/opencv4/pkg/opencv4/usr/lib/opencv4/libopencv_dnn_superres.so.414
-- Set non-toolchain portion of runtime path of "/build/opencv4/pkg/opencv4/usr/lib/opencv4/libopencv_dnn_superres.so.4.14.0" to "/usr/lib/opencv4"
-- Installing: /build/opencv4/pkg/opencv4/usr/lib/opencv4/libopencv_dnn_superres.so
-- Installing: /build/opencv4/pkg/opencv4/usr/include/opencv4/opencv2/dnn_superres.hpp
-- Installing: /build/opencv4/pkg/opencv4/usr/lib/opencv4/libopencv_features2d.so.4.14.0
-- Installing: /build/opencv4/pkg/opencv4/usr/lib/opencv4/libopencv_features2d.so.414
-- Set non-toolchain portion of runtime path of "/build/opencv4/pkg/opencv4/usr/lib/opencv4/libopencv_features2d.so.4.14.0" to "/usr/lib/opencv4"
-- Installing: /build/opencv4/pkg/opencv4/usr/lib/opencv4/libopencv_features2d.so
-- Installing: /build/opencv4/pkg/opencv4/usr/include/opencv4/opencv2/features2d.hpp
-- Installing: /build/opencv4/pkg/opencv4/usr/include/opencv4/opencv2/features2d/features2d.hpp
-- Installing: /build/opencv4/pkg/opencv4/usr/include/opencv4/opencv2/features2d/hal/interface.h
-- Installing: /build/opencv4/pkg/opencv4/usr/share/licenses/opencv4/mscr-chi_table_LICENSE.txt
-- Installing: /build/opencv4/pkg/opencv4/usr/share/licenses/opencv4/features2d-LICENSE.KAZE
-- Installing: /build/opencv4/pkg/opencv4/usr/share/licenses/opencv4/features2d-LICENSE.AKAZE
-- Installing: /build/opencv4/pkg/opencv4/usr/lib/opencv4/libopencv_freetype.so.4.14.0
-- Installing: /build/opencv4/pkg/opencv4/usr/lib/opencv4/libopencv_freetype.so.414
-- Set non-toolchain portion of runtime path of "/build/opencv4/pkg/opencv4/usr/lib/opencv4/libopencv_freetype.so.4.14.0" to "/usr/lib/opencv4"
-- Installing: /build/opencv4/pkg/opencv4/usr/lib/opencv4/libopencv_freetype.so
-- Installing: /build/opencv4/pkg/opencv4/usr/include/opencv4/opencv2/freetype.hpp
-- Installing: /build/opencv4/pkg/opencv4/usr/lib/opencv4/libopencv_fuzzy.so.4.14.0
-- Installing: /build/opencv4/pkg/opencv4/usr/lib/opencv4/libopencv_fuzzy.so.414
-- Set non-toolchain portion of runtime path of "/build/opencv4/pkg/opencv4/usr/lib/opencv4/libopencv_fuzzy.so.4.14.0" to "/usr/lib/opencv4"
-- Installing: /build/opencv4/pkg/opencv4/usr/lib/opencv4/libopencv_fuzzy.so
-- Installing: /build/opencv4/pkg/opencv4/usr/include/opencv4/opencv2/fuzzy.hpp
-- Installing: /build/opencv4/pkg/opencv4/usr/include/opencv4/opencv2/fuzzy/fuzzy_F0_math.hpp
-- Installing: /build/opencv4/pkg/opencv4/usr/include/opencv4/opencv2/fuzzy/fuzzy_F1_math.hpp
-- Installing: /build/opencv4/pkg/opencv4/usr/include/opencv4/opencv2/fuzzy/fuzzy_image.hpp
-- Installing: /build/opencv4/pkg/opencv4/usr/include/opencv4/opencv2/fuzzy/types.hpp
-- Installing: /build/opencv4/pkg/opencv4/usr/lib/opencv4/libopencv_hfs.so.4.14.0
-- Installing: /build/opencv4/pkg/opencv4/usr/lib/opencv4/libopencv_hfs.so.414
-- Set non-toolchain portion of runtime path of "/build/opencv4/pkg/opencv4/usr/lib/opencv4/libopencv_hfs.so.4.14.0" to "/usr/lib/opencv4"
-- Installing: /build/opencv4/pkg/opencv4/usr/lib/opencv4/libopencv_hfs.so
-- Installing: /build/opencv4/pkg/opencv4/usr/include/opencv4/opencv2/hfs.hpp
-- Installing: /build/opencv4/pkg/opencv4/usr/lib/opencv4/libopencv_img_hash.so.4.14.0
-- Installing: /build/opencv4/pkg/opencv4/usr/lib/opencv4/libopencv_img_hash.so.414
-- Set non-toolchain portion of runtime path of "/build/opencv4/pkg/opencv4/usr/lib/opencv4/libopencv_img_hash.so.4.14.0" to "/usr/lib/opencv4"
-- Installing: /build/opencv4/pkg/opencv4/usr/lib/opencv4/libopencv_img_hash.so
-- Installing: /build/opencv4/pkg/opencv4/usr/include/opencv4/opencv2/img_hash.hpp
-- Installing: /build/opencv4/pkg/opencv4/usr/include/opencv4/opencv2/img_hash/average_hash.hpp
-- Installing: /build/opencv4/pkg/opencv4/usr/include/opencv4/opencv2/img_hash/block_mean_hash.hpp
-- Installing: /build/opencv4/pkg/opencv4/usr/include/opencv4/opencv2/img_hash/color_moment_hash.hpp
-- Installing: /build/opencv4/pkg/opencv4/usr/include/opencv4/opencv2/img_hash/img_hash_base.hpp
-- Installing: /build/opencv4/pkg/opencv4/usr/include/opencv4/opencv2/img_hash/marr_hildreth_hash.hpp
-- Installing: /build/opencv4/pkg/opencv4/usr/include/opencv4/opencv2/img_hash/phash.hpp
-- Installing: /build/opencv4/pkg/opencv4/usr/include/opencv4/opencv2/img_hash/radial_variance_hash.hpp
-- Installing: /build/opencv4/pkg/opencv4/usr/lib/opencv4/libopencv_imgcodecs.so.4.14.0
-- Installing: /build/opencv4/pkg/opencv4/usr/lib/opencv4/libopencv_imgcodecs.so.414
-- Set non-toolchain portion of runtime path of "/build/opencv4/pkg/opencv4/usr/lib/opencv4/libopencv_imgcodecs.so.4.14.0" to "/usr/lib/opencv4"
-- Installing: /build/opencv4/pkg/opencv4/usr/lib/opencv4/libopencv_imgcodecs.so
-- Installing: /build/opencv4/pkg/opencv4/usr/include/opencv4/opencv2/imgcodecs.hpp
-- Installing: /build/opencv4/pkg/opencv4/usr/include/opencv4/opencv2/imgcodecs/imgcodecs.hpp
-- Installing: /build/opencv4/pkg/opencv4/usr/include/opencv4/opencv2/imgcodecs/imgcodecs_c.h
-- Installing: /build/opencv4/pkg/opencv4/usr/include/opencv4/opencv2/imgcodecs/ios.h
-- Installing: /build/opencv4/pkg/opencv4/usr/include/opencv4/opencv2/imgcodecs/legacy/constants_c.h
-- Installing: /build/opencv4/pkg/opencv4/usr/include/opencv4/opencv2/imgcodecs/macosx.h
-- Installing: /build/opencv4/pkg/opencv4/usr/lib/opencv4/libopencv_line_descriptor.so.4.14.0
-- Installing: /build/opencv4/pkg/opencv4/usr/lib/opencv4/libopencv_line_descriptor.so.414
-- Set non-toolchain portion of runtime path of "/build/opencv4/pkg/opencv4/usr/lib/opencv4/libopencv_line_descriptor.so.4.14.0" to "/usr/lib/opencv4"
-- Installing: /build/opencv4/pkg/opencv4/usr/lib/opencv4/libopencv_line_descriptor.so
-- Installing: /build/opencv4/pkg/opencv4/usr/include/opencv4/opencv2/line_descriptor.hpp
-- Installing: /build/opencv4/pkg/opencv4/usr/include/opencv4/opencv2/line_descriptor/descriptor.hpp
-- Installing: /build/opencv4/pkg/opencv4/usr/lib/opencv4/libopencv_saliency.so.4.14.0
-- Installing: /build/opencv4/pkg/opencv4/usr/lib/opencv4/libopencv_saliency.so.414
-- Set non-toolchain portion of runtime path of "/build/opencv4/pkg/opencv4/usr/lib/opencv4/libopencv_saliency.so.4.14.0" to "/usr/lib/opencv4"
-- Installing: /build/opencv4/pkg/opencv4/usr/lib/opencv4/libopencv_saliency.so
-- Installing: /build/opencv4/pkg/opencv4/usr/include/opencv4/opencv2/saliency.hpp
-- Installing: /build/opencv4/pkg/opencv4/usr/include/opencv4/opencv2/saliency/saliencyBaseClasses.hpp
-- Installing: /build/opencv4/pkg/opencv4/usr/include/opencv4/opencv2/saliency/saliencySpecializedClasses.hpp
-- Installing: /build/opencv4/pkg/opencv4/usr/lib/opencv4/libopencv_text.so.4.14.0
-- Installing: /build/opencv4/pkg/opencv4/usr/lib/opencv4/libopencv_text.so.414
-- Set non-toolchain portion of runtime path of "/build/opencv4/pkg/opencv4/usr/lib/opencv4/libopencv_text.so.4.14.0" to "/usr/lib/opencv4"
-- Installing: /build/opencv4/pkg/opencv4/usr/lib/opencv4/libopencv_text.so
-- Installing: /build/opencv4/pkg/opencv4/usr/include/opencv4/opencv2/text.hpp
-- Installing: /build/opencv4/pkg/opencv4/usr/include/opencv4/opencv2/text/erfilter.hpp
-- Installing: /build/opencv4/pkg/opencv4/usr/include/opencv4/opencv2/text/ocr.hpp
-- Installing: /build/opencv4/pkg/opencv4/usr/include/opencv4/opencv2/text/swt_text_detection.hpp
-- Installing: /build/opencv4/pkg/opencv4/usr/include/opencv4/opencv2/text/textDetector.hpp
-- Installing: /build/opencv4/pkg/opencv4/usr/lib/opencv4/libopencv_videoio.so.4.14.0
-- Installing: /build/opencv4/pkg/opencv4/usr/lib/opencv4/libopencv_videoio.so.414
-- Set non-toolchain portion of runtime path of "/build/opencv4/pkg/opencv4/usr/lib/opencv4/libopencv_videoio.so.4.14.0" to "/usr/lib/opencv4"
-- Installing: /build/opencv4/pkg/opencv4/usr/lib/opencv4/libopencv_videoio.so
-- Installing: /build/opencv4/pkg/opencv4/usr/include/opencv4/opencv2/videoio.hpp
-- Installing: /build/opencv4/pkg/opencv4/usr/include/opencv4/opencv2/videoio/legacy/constants_c.h
-- Installing: /build/opencv4/pkg/opencv4/usr/include/opencv4/opencv2/videoio/registry.hpp
-- Installing: /build/opencv4/pkg/opencv4/usr/include/opencv4/opencv2/videoio/videoio.hpp
-- Installing: /build/opencv4/pkg/opencv4/usr/include/opencv4/opencv2/videoio/videoio_c.h
-- Installing: /build/opencv4/pkg/opencv4/usr/lib/opencv4/libopencv_calib3d.so.4.14.0
-- Installing: /build/opencv4/pkg/opencv4/usr/lib/opencv4/libopencv_calib3d.so.414
-- Set non-toolchain portion of runtime path of "/build/opencv4/pkg/opencv4/usr/lib/opencv4/libopencv_calib3d.so.4.14.0" to "/usr/lib/opencv4"
-- Installing: /build/opencv4/pkg/opencv4/usr/lib/opencv4/libopencv_calib3d.so
-- Installing: /build/opencv4/pkg/opencv4/usr/include/opencv4/opencv2/calib3d.hpp
-- Installing: /build/opencv4/pkg/opencv4/usr/include/opencv4/opencv2/calib3d/calib3d.hpp
-- Installing: /build/opencv4/pkg/opencv4/usr/include/opencv4/opencv2/calib3d/calib3d_c.h
-- Installing: /build/opencv4/pkg/opencv4/usr/lib/opencv4/libopencv_cvv.so.4.14.0
-- Installing: /build/opencv4/pkg/opencv4/usr/lib/opencv4/libopencv_cvv.so.414
-- Set non-toolchain portion of runtime path of "/build/opencv4/pkg/opencv4/usr/lib/opencv4/libopencv_cvv.so.4.14.0" to "/usr/lib/opencv4"
-- Installing: /build/opencv4/pkg/opencv4/usr/lib/opencv4/libopencv_cvv.so
-- Installing: /build/opencv4/pkg/opencv4/usr/include/opencv4/opencv2/cvv.hpp
-- Installing: /build/opencv4/pkg/opencv4/usr/include/opencv4/opencv2/cvv/call_meta_data.hpp
-- Installing: /build/opencv4/pkg/opencv4/usr/include/opencv4/opencv2/cvv/cvv.hpp
-- Installing: /build/opencv4/pkg/opencv4/usr/include/opencv4/opencv2/cvv/debug_mode.hpp
-- Installing: /build/opencv4/pkg/opencv4/usr/include/opencv4/opencv2/cvv/dmatch.hpp
-- Installing: /build/opencv4/pkg/opencv4/usr/include/opencv4/opencv2/cvv/filter.hpp
-- Installing: /build/opencv4/pkg/opencv4/usr/include/opencv4/opencv2/cvv/final_show.hpp
-- Installing: /build/opencv4/pkg/opencv4/usr/include/opencv4/opencv2/cvv/show_image.hpp
-- Installing: /build/opencv4/pkg/opencv4/usr/lib/opencv4/libopencv_datasets.so.4.14.0
-- Installing: /build/opencv4/pkg/opencv4/usr/lib/opencv4/libopencv_datasets.so.414
-- Set non-toolchain portion of runtime path of "/build/opencv4/pkg/opencv4/usr/lib/opencv4/libopencv_datasets.so.4.14.0" to "/usr/lib/opencv4"
-- Installing: /build/opencv4/pkg/opencv4/usr/lib/opencv4/libopencv_datasets.so
-- Installing: /build/opencv4/pkg/opencv4/usr/include/opencv4/opencv2/datasets/ar_hmdb.hpp
-- Installing: /build/opencv4/pkg/opencv4/usr/include/opencv4/opencv2/datasets/ar_sports.hpp
-- Installing: /build/opencv4/pkg/opencv4/usr/include/opencv4/opencv2/datasets/dataset.hpp
-- Installing: /build/opencv4/pkg/opencv4/usr/include/opencv4/opencv2/datasets/fr_adience.hpp
-- Installing: /build/opencv4/pkg/opencv4/usr/include/opencv4/opencv2/datasets/fr_lfw.hpp
-- Installing: /build/opencv4/pkg/opencv4/usr/include/opencv4/opencv2/datasets/gr_chalearn.hpp
-- Installing: /build/opencv4/pkg/opencv4/usr/include/opencv4/opencv2/datasets/gr_skig.hpp
-- Installing: /build/opencv4/pkg/opencv4/usr/include/opencv4/opencv2/datasets/hpe_humaneva.hpp
-- Installing: /build/opencv4/pkg/opencv4/usr/include/opencv4/opencv2/datasets/hpe_parse.hpp
-- Installing: /build/opencv4/pkg/opencv4/usr/include/opencv4/opencv2/datasets/ir_affine.hpp
-- Installing: /build/opencv4/pkg/opencv4/usr/include/opencv4/opencv2/datasets/ir_robot.hpp
-- Installing: /build/opencv4/pkg/opencv4/usr/include/opencv4/opencv2/datasets/is_bsds.hpp
-- Installing: /build/opencv4/pkg/opencv4/usr/include/opencv4/opencv2/datasets/is_weizmann.hpp
-- Installing: /build/opencv4/pkg/opencv4/usr/include/opencv4/opencv2/datasets/msm_epfl.hpp
-- Installing: /build/opencv4/pkg/opencv4/usr/include/opencv4/opencv2/datasets/msm_middlebury.hpp
-- Installing: /build/opencv4/pkg/opencv4/usr/include/opencv4/opencv2/datasets/or_imagenet.hpp
-- Installing: /build/opencv4/pkg/opencv4/usr/include/opencv4/opencv2/datasets/or_mnist.hpp
-- Installing: /build/opencv4/pkg/opencv4/usr/include/opencv4/opencv2/datasets/or_pascal.hpp
-- Installing: /build/opencv4/pkg/opencv4/usr/include/opencv4/opencv2/datasets/or_sun.hpp
-- Installing: /build/opencv4/pkg/opencv4/usr/include/opencv4/opencv2/datasets/pd_caltech.hpp
-- Installing: /build/opencv4/pkg/opencv4/usr/include/opencv4/opencv2/datasets/pd_inria.hpp
-- Installing: /build/opencv4/pkg/opencv4/usr/include/opencv4/opencv2/datasets/slam_kitti.hpp
-- Installing: /build/opencv4/pkg/opencv4/usr/include/opencv4/opencv2/datasets/slam_tumindoor.hpp
-- Installing: /build/opencv4/pkg/opencv4/usr/include/opencv4/opencv2/datasets/sr_bsds.hpp
-- Installing: /build/opencv4/pkg/opencv4/usr/include/opencv4/opencv2/datasets/sr_div2k.hpp
-- Installing: /build/opencv4/pkg/opencv4/usr/include/opencv4/opencv2/datasets/sr_general100.hpp
-- Installing: /build/opencv4/pkg/opencv4/usr/include/opencv4/opencv2/datasets/tr_chars.hpp
-- Installing: /build/opencv4/pkg/opencv4/usr/include/opencv4/opencv2/datasets/tr_icdar.hpp
-- Installing: /build/opencv4/pkg/opencv4/usr/include/opencv4/opencv2/datasets/tr_svt.hpp
-- Installing: /build/opencv4/pkg/opencv4/usr/include/opencv4/opencv2/datasets/track_alov.hpp
-- Installing: /build/opencv4/pkg/opencv4/usr/include/opencv4/opencv2/datasets/track_vot.hpp
-- Installing: /build/opencv4/pkg/opencv4/usr/include/opencv4/opencv2/datasets/util.hpp
-- Installing: /build/opencv4/pkg/opencv4/usr/lib/opencv4/libopencv_highgui.so.4.14.0
-- Installing: /build/opencv4/pkg/opencv4/usr/lib/opencv4/libopencv_highgui.so.414
-- Set non-toolchain portion of runtime path of "/build/opencv4/pkg/opencv4/usr/lib/opencv4/libopencv_highgui.so.4.14.0" to "/usr/lib/opencv4"
-- Installing: /build/opencv4/pkg/opencv4/usr/lib/opencv4/libopencv_highgui.so
-- Installing: /build/opencv4/pkg/opencv4/usr/include/opencv4/opencv2/highgui.hpp
-- Installing: /build/opencv4/pkg/opencv4/usr/include/opencv4/opencv2/highgui/highgui.hpp
-- Installing: /build/opencv4/pkg/opencv4/usr/include/opencv4/opencv2/highgui/highgui_c.h
-- Installing: /build/opencv4/pkg/opencv4/usr/lib/opencv4/libopencv_mcc.so.4.14.0
-- Installing: /build/opencv4/pkg/opencv4/usr/lib/opencv4/libopencv_mcc.so.414
-- Set non-toolchain portion of runtime path of "/build/opencv4/pkg/opencv4/usr/lib/opencv4/libopencv_mcc.so.4.14.0" to "/usr/lib/opencv4"
-- Installing: /build/opencv4/pkg/opencv4/usr/lib/opencv4/libopencv_mcc.so
-- Installing: /build/opencv4/pkg/opencv4/usr/include/opencv4/opencv2/mcc.hpp
-- Installing: /build/opencv4/pkg/opencv4/usr/include/opencv4/opencv2/mcc/ccm.hpp
-- Installing: /build/opencv4/pkg/opencv4/usr/include/opencv4/opencv2/mcc/checker_detector.hpp
-- Installing: /build/opencv4/pkg/opencv4/usr/include/opencv4/opencv2/mcc/checker_model.hpp
-- Installing: /build/opencv4/pkg/opencv4/usr/lib/opencv4/libopencv_objdetect.so.4.14.0
-- Installing: /build/opencv4/pkg/opencv4/usr/lib/opencv4/libopencv_objdetect.so.414
-- Set non-toolchain portion of runtime path of "/build/opencv4/pkg/opencv4/usr/lib/opencv4/libopencv_objdetect.so.4.14.0" to "/usr/lib/opencv4"
-- Installing: /build/opencv4/pkg/opencv4/usr/lib/opencv4/libopencv_objdetect.so
-- Installing: /build/opencv4/pkg/opencv4/usr/include/opencv4/opencv2/objdetect.hpp
-- Installing: /build/opencv4/pkg/opencv4/usr/include/opencv4/opencv2/objdetect/aruco_board.hpp
-- Installing: /build/opencv4/pkg/opencv4/usr/include/opencv4/opencv2/objdetect/aruco_detector.hpp
-- Installing: /build/opencv4/pkg/opencv4/usr/include/opencv4/opencv2/objdetect/aruco_dictionary.hpp
-- Installing: /build/opencv4/pkg/opencv4/usr/include/opencv4/opencv2/objdetect/barcode.hpp
-- Installing: /build/opencv4/pkg/opencv4/usr/include/opencv4/opencv2/objdetect/charuco_detector.hpp
-- Installing: /build/opencv4/pkg/opencv4/usr/include/opencv4/opencv2/objdetect/detection_based_tracker.hpp
-- Installing: /build/opencv4/pkg/opencv4/usr/include/opencv4/opencv2/objdetect/face.hpp
-- Installing: /build/opencv4/pkg/opencv4/usr/include/opencv4/opencv2/objdetect/graphical_code_detector.hpp
-- Installing: /build/opencv4/pkg/opencv4/usr/include/opencv4/opencv2/objdetect/objdetect.hpp
-- Installing: /build/opencv4/pkg/opencv4/usr/lib/opencv4/libopencv_rapid.so.4.14.0
-- Installing: /build/opencv4/pkg/opencv4/usr/lib/opencv4/libopencv_rapid.so.414
-- Set non-toolchain portion of runtime path of "/build/opencv4/pkg/opencv4/usr/lib/opencv4/libopencv_rapid.so.4.14.0" to "/usr/lib/opencv4"
-- Installing: /build/opencv4/pkg/opencv4/usr/lib/opencv4/libopencv_rapid.so
-- Installing: /build/opencv4/pkg/opencv4/usr/include/opencv4/opencv2/rapid.hpp
-- Installing: /build/opencv4/pkg/opencv4/usr/lib/opencv4/libopencv_rgbd.so.4.14.0
-- Installing: /build/opencv4/pkg/opencv4/usr/lib/opencv4/libopencv_rgbd.so.414
-- Set non-toolchain portion of runtime path of "/build/opencv4/pkg/opencv4/usr/lib/opencv4/libopencv_rgbd.so.4.14.0" to "/usr/lib/opencv4"
-- Installing: /build/opencv4/pkg/opencv4/usr/lib/opencv4/libopencv_rgbd.so
-- Installing: /build/opencv4/pkg/opencv4/usr/include/opencv4/opencv2/rgbd.hpp
-- Installing: /build/opencv4/pkg/opencv4/usr/include/opencv4/opencv2/rgbd/colored_kinfu.hpp
-- Installing: /build/opencv4/pkg/opencv4/usr/include/opencv4/opencv2/rgbd/depth.hpp
-- Installing: /build/opencv4/pkg/opencv4/usr/include/opencv4/opencv2/rgbd/detail/pose_graph.hpp
-- Installing: /build/opencv4/pkg/opencv4/usr/include/opencv4/opencv2/rgbd/dynafu.hpp
-- Installing: /build/opencv4/pkg/opencv4/usr/include/opencv4/opencv2/rgbd/intrinsics.hpp
-- Installing: /build/opencv4/pkg/opencv4/usr/include/opencv4/opencv2/rgbd/kinfu.hpp
-- Installing: /build/opencv4/pkg/opencv4/usr/include/opencv4/opencv2/rgbd/large_kinfu.hpp
-- Installing: /build/opencv4/pkg/opencv4/usr/include/opencv4/opencv2/rgbd/linemod.hpp
-- Installing: /build/opencv4/pkg/opencv4/usr/include/opencv4/opencv2/rgbd/volume.hpp
-- Installing: /build/opencv4/pkg/opencv4/usr/lib/opencv4/libopencv_shape.so.4.14.0
-- Installing: /build/opencv4/pkg/opencv4/usr/lib/opencv4/libopencv_shape.so.414
-- Set non-toolchain portion of runtime path of "/build/opencv4/pkg/opencv4/usr/lib/opencv4/libopencv_shape.so.4.14.0" to "/usr/lib/opencv4"
-- Installing: /build/opencv4/pkg/opencv4/usr/lib/opencv4/libopencv_shape.so
-- Installing: /build/opencv4/pkg/opencv4/usr/include/opencv4/opencv2/shape.hpp
-- Installing: /build/opencv4/pkg/opencv4/usr/include/opencv4/opencv2/shape/emdL1.hpp
-- Installing: /build/opencv4/pkg/opencv4/usr/include/opencv4/opencv2/shape/hist_cost.hpp
-- Installing: /build/opencv4/pkg/opencv4/usr/include/opencv4/opencv2/shape/shape.hpp
-- Installing: /build/opencv4/pkg/opencv4/usr/include/opencv4/opencv2/shape/shape_distance.hpp
-- Installing: /build/opencv4/pkg/opencv4/usr/include/opencv4/opencv2/shape/shape_transformer.hpp
-- Installing: /build/opencv4/pkg/opencv4/usr/lib/opencv4/libopencv_structured_light.so.4.14.0
-- Installing: /build/opencv4/pkg/opencv4/usr/lib/opencv4/libopencv_structured_light.so.414
-- Set non-toolchain portion of runtime path of "/build/opencv4/pkg/opencv4/usr/lib/opencv4/libopencv_structured_light.so.4.14.0" to "/usr/lib/opencv4"
-- Installing: /build/opencv4/pkg/opencv4/usr/lib/opencv4/libopencv_structured_light.so
-- Installing: /build/opencv4/pkg/opencv4/usr/include/opencv4/opencv2/structured_light.hpp
-- Installing: /build/opencv4/pkg/opencv4/usr/include/opencv4/opencv2/structured_light/graycodepattern.hpp
-- Installing: /build/opencv4/pkg/opencv4/usr/include/opencv4/opencv2/structured_light/sinusoidalpattern.hpp
-- Installing: /build/opencv4/pkg/opencv4/usr/include/opencv4/opencv2/structured_light/structured_light.hpp
-- Installing: /build/opencv4/pkg/opencv4/usr/lib/opencv4/libopencv_video.so.4.14.0
-- Installing: /build/opencv4/pkg/opencv4/usr/lib/opencv4/libopencv_video.so.414
-- Set non-toolchain portion of runtime path of "/build/opencv4/pkg/opencv4/usr/lib/opencv4/libopencv_video.so.4.14.0" to "/usr/lib/opencv4"
-- Installing: /build/opencv4/pkg/opencv4/usr/lib/opencv4/libopencv_video.so
-- Installing: /build/opencv4/pkg/opencv4/usr/include/opencv4/opencv2/video.hpp
-- Installing: /build/opencv4/pkg/opencv4/usr/include/opencv4/opencv2/video/background_segm.hpp
-- Installing: /build/opencv4/pkg/opencv4/usr/include/opencv4/opencv2/video/detail/tracking.detail.hpp
-- Installing: /build/opencv4/pkg/opencv4/usr/include/opencv4/opencv2/video/legacy/constants_c.h
-- Installing: /build/opencv4/pkg/opencv4/usr/include/opencv4/opencv2/video/tracking.hpp
-- Installing: /build/opencv4/pkg/opencv4/usr/include/opencv4/opencv2/video/video.hpp
-- Installing: /build/opencv4/pkg/opencv4/usr/lib/opencv4/libopencv_videostab.so.4.14.0
-- Installing: /build/opencv4/pkg/opencv4/usr/lib/opencv4/libopencv_videostab.so.414
-- Set non-toolchain portion of runtime path of "/build/opencv4/pkg/opencv4/usr/lib/opencv4/libopencv_videostab.so.4.14.0" to "/usr/lib/opencv4"
-- Installing: /build/opencv4/pkg/opencv4/usr/lib/opencv4/libopencv_videostab.so
-- Installing: /build/opencv4/pkg/opencv4/usr/include/opencv4/opencv2/videostab.hpp
-- Installing: /build/opencv4/pkg/opencv4/usr/include/opencv4/opencv2/videostab/deblurring.hpp
-- Installing: /build/opencv4/pkg/opencv4/usr/include/opencv4/opencv2/videostab/fast_marching.hpp
-- Installing: /build/opencv4/pkg/opencv4/usr/include/opencv4/opencv2/videostab/fast_marching_inl.hpp
-- Installing: /build/opencv4/pkg/opencv4/usr/include/opencv4/opencv2/videostab/frame_source.hpp
-- Installing: /build/opencv4/pkg/opencv4/usr/include/opencv4/opencv2/videostab/global_motion.hpp
-- Installing: /build/opencv4/pkg/opencv4/usr/include/opencv4/opencv2/videostab/inpainting.hpp
-- Installing: /build/opencv4/pkg/opencv4/usr/include/opencv4/opencv2/videostab/log.hpp
-- Installing: /build/opencv4/pkg/opencv4/usr/include/opencv4/opencv2/videostab/motion_core.hpp
-- Installing: /build/opencv4/pkg/opencv4/usr/include/opencv4/opencv2/videostab/motion_stabilizing.hpp
-- Installing: /build/opencv4/pkg/opencv4/usr/include/opencv4/opencv2/videostab/optical_flow.hpp
-- Installing: /build/opencv4/pkg/opencv4/usr/include/opencv4/opencv2/videostab/outlier_rejection.hpp
-- Installing: /build/opencv4/pkg/opencv4/usr/include/opencv4/opencv2/videostab/ring_buffer.hpp
-- Installing: /build/opencv4/pkg/opencv4/usr/include/opencv4/opencv2/videostab/stabilizer.hpp
-- Installing: /build/opencv4/pkg/opencv4/usr/include/opencv4/opencv2/videostab/wobble_suppression.hpp
-- Installing: /build/opencv4/pkg/opencv4/usr/lib/opencv4/libopencv_wechat_qrcode.so.4.14.0
-- Installing: /build/opencv4/pkg/opencv4/usr/lib/opencv4/libopencv_wechat_qrcode.so.414
-- Set non-toolchain portion of runtime path of "/build/opencv4/pkg/opencv4/usr/lib/opencv4/libopencv_wechat_qrcode.so.4.14.0" to "/usr/lib/opencv4"
-- Installing: /build/opencv4/pkg/opencv4/usr/lib/opencv4/libopencv_wechat_qrcode.so
-- Installing: /build/opencv4/pkg/opencv4/usr/include/opencv4/opencv2/wechat_qrcode.hpp
-- Installing: /build/opencv4/pkg/opencv4/usr/lib/opencv4/libopencv_xfeatures2d.so.4.14.0
-- Installing: /build/opencv4/pkg/opencv4/usr/lib/opencv4/libopencv_xfeatures2d.so.414
-- Set non-toolchain portion of runtime path of "/build/opencv4/pkg/opencv4/usr/lib/opencv4/libopencv_xfeatures2d.so.4.14.0" to "/usr/lib/opencv4"
-- Installing: /build/opencv4/pkg/opencv4/usr/lib/opencv4/libopencv_xfeatures2d.so
-- Installing: /build/opencv4/pkg/opencv4/usr/include/opencv4/opencv2/xfeatures2d.hpp
-- Installing: /build/opencv4/pkg/opencv4/usr/include/opencv4/opencv2/xfeatures2d/cuda.hpp
-- Installing: /build/opencv4/pkg/opencv4/usr/include/opencv4/opencv2/xfeatures2d/nonfree.hpp
-- Installing: /build/opencv4/pkg/opencv4/usr/lib/opencv4/libopencv_ximgproc.so.4.14.0
-- Installing: /build/opencv4/pkg/opencv4/usr/lib/opencv4/libopencv_ximgproc.so.414
-- Set non-toolchain portion of runtime path of "/build/opencv4/pkg/opencv4/usr/lib/opencv4/libopencv_ximgproc.so.4.14.0" to "/usr/lib/opencv4"
-- Installing: /build/opencv4/pkg/opencv4/usr/lib/opencv4/libopencv_ximgproc.so
-- Installing: /build/opencv4/pkg/opencv4/usr/include/opencv4/opencv2/ximgproc.hpp
-- Installing: /build/opencv4/pkg/opencv4/usr/include/opencv4/opencv2/ximgproc/brightedges.hpp
-- Installing: /build/opencv4/pkg/opencv4/usr/include/opencv4/opencv2/ximgproc/color_match.hpp
-- Installing: /build/opencv4/pkg/opencv4/usr/include/opencv4/opencv2/ximgproc/deriche_filter.hpp
-- Installing: /build/opencv4/pkg/opencv4/usr/include/opencv4/opencv2/ximgproc/disparity_filter.hpp
-- Installing: /build/opencv4/pkg/opencv4/usr/include/opencv4/opencv2/ximgproc/edge_drawing.hpp
-- Installing: /build/opencv4/pkg/opencv4/usr/include/opencv4/opencv2/ximgproc/edge_filter.hpp
-- Installing: /build/opencv4/pkg/opencv4/usr/include/opencv4/opencv2/ximgproc/edgeboxes.hpp
-- Installing: /build/opencv4/pkg/opencv4/usr/include/opencv4/opencv2/ximgproc/edgepreserving_filter.hpp
-- Installing: /build/opencv4/pkg/opencv4/usr/include/opencv4/opencv2/ximgproc/estimated_covariance.hpp
-- Installing: /build/opencv4/pkg/opencv4/usr/include/opencv4/opencv2/ximgproc/fast_hough_transform.hpp
-- Installing: /build/opencv4/pkg/opencv4/usr/include/opencv4/opencv2/ximgproc/fast_line_detector.hpp
-- Installing: /build/opencv4/pkg/opencv4/usr/include/opencv4/opencv2/ximgproc/find_ellipses.hpp
-- Installing: /build/opencv4/pkg/opencv4/usr/include/opencv4/opencv2/ximgproc/fourier_descriptors.hpp
-- Installing: /build/opencv4/pkg/opencv4/usr/include/opencv4/opencv2/ximgproc/lsc.hpp
-- Installing: /build/opencv4/pkg/opencv4/usr/include/opencv4/opencv2/ximgproc/paillou_filter.hpp
-- Installing: /build/opencv4/pkg/opencv4/usr/include/opencv4/opencv2/ximgproc/peilin.hpp
-- Installing: /build/opencv4/pkg/opencv4/usr/include/opencv4/opencv2/ximgproc/radon_transform.hpp
-- Installing: /build/opencv4/pkg/opencv4/usr/include/opencv4/opencv2/ximgproc/ridgefilter.hpp
-- Installing: /build/opencv4/pkg/opencv4/usr/include/opencv4/opencv2/ximgproc/run_length_morphology.hpp
-- Installing: /build/opencv4/pkg/opencv4/usr/include/opencv4/opencv2/ximgproc/scansegment.hpp
-- Installing: /build/opencv4/pkg/opencv4/usr/include/opencv4/opencv2/ximgproc/seeds.hpp
-- Installing: /build/opencv4/pkg/opencv4/usr/include/opencv4/opencv2/ximgproc/segmentation.hpp
-- Installing: /build/opencv4/pkg/opencv4/usr/include/opencv4/opencv2/ximgproc/slic.hpp
-- Installing: /build/opencv4/pkg/opencv4/usr/include/opencv4/opencv2/ximgproc/sparse_match_interpolator.hpp
-- Installing: /build/opencv4/pkg/opencv4/usr/include/opencv4/opencv2/ximgproc/structured_edge_detection.hpp
-- Installing: /build/opencv4/pkg/opencv4/usr/include/opencv4/opencv2/ximgproc/weighted_median_filter.hpp
-- Installing: /build/opencv4/pkg/opencv4/usr/lib/opencv4/libopencv_xobjdetect.so.4.14.0
-- Installing: /build/opencv4/pkg/opencv4/usr/lib/opencv4/libopencv_xobjdetect.so.414
-- Set non-toolchain portion of runtime path of "/build/opencv4/pkg/opencv4/usr/lib/opencv4/libopencv_xobjdetect.so.4.14.0" to "/usr/lib/opencv4"
-- Installing: /build/opencv4/pkg/opencv4/usr/lib/opencv4/libopencv_xobjdetect.so
-- Installing: /build/opencv4/pkg/opencv4/usr/include/opencv4/opencv2/xobjdetect.hpp
-- Installing: /build/opencv4/pkg/opencv4/usr/bin/opencv_waldboost_detector
-- Set non-toolchain portion of runtime path of "/build/opencv4/pkg/opencv4/usr/bin/opencv_waldboost_detector" to "/usr/lib/opencv4"
-- Installing: /build/opencv4/pkg/opencv4/usr/lib/opencv4/libopencv_aruco.so.4.14.0
-- Installing: /build/opencv4/pkg/opencv4/usr/lib/opencv4/libopencv_aruco.so.414
-- Set non-toolchain portion of runtime path of "/build/opencv4/pkg/opencv4/usr/lib/opencv4/libopencv_aruco.so.4.14.0" to "/usr/lib/opencv4"
-- Installing: /build/opencv4/pkg/opencv4/usr/lib/opencv4/libopencv_aruco.so
-- Installing: /build/opencv4/pkg/opencv4/usr/include/opencv4/opencv2/aruco.hpp
-- Installing: /build/opencv4/pkg/opencv4/usr/include/opencv4/opencv2/aruco/aruco_calib.hpp
-- Installing: /build/opencv4/pkg/opencv4/usr/include/opencv4/opencv2/aruco/charuco.hpp
-- Installing: /build/opencv4/pkg/opencv4/usr/lib/opencv4/libopencv_bgsegm.so.4.14.0
-- Installing: /build/opencv4/pkg/opencv4/usr/lib/opencv4/libopencv_bgsegm.so.414
-- Set non-toolchain portion of runtime path of "/build/opencv4/pkg/opencv4/usr/lib/opencv4/libopencv_bgsegm.so.4.14.0" to "/usr/lib/opencv4"
-- Installing: /build/opencv4/pkg/opencv4/usr/lib/opencv4/libopencv_bgsegm.so
-- Installing: /build/opencv4/pkg/opencv4/usr/include/opencv4/opencv2/bgsegm.hpp
-- Installing: /build/opencv4/pkg/opencv4/usr/lib/opencv4/libopencv_bioinspired.so.4.14.0
-- Installing: /build/opencv4/pkg/opencv4/usr/lib/opencv4/libopencv_bioinspired.so.414
-- Set non-toolchain portion of runtime path of "/build/opencv4/pkg/opencv4/usr/lib/opencv4/libopencv_bioinspired.so.4.14.0" to "/usr/lib/opencv4"
-- Installing: /build/opencv4/pkg/opencv4/usr/lib/opencv4/libopencv_bioinspired.so
-- Installing: /build/opencv4/pkg/opencv4/usr/include/opencv4/opencv2/bioinspired.hpp
-- Installing: /build/opencv4/pkg/opencv4/usr/include/opencv4/opencv2/bioinspired/bioinspired.hpp
-- Installing: /build/opencv4/pkg/opencv4/usr/include/opencv4/opencv2/bioinspired/retina.hpp
-- Installing: /build/opencv4/pkg/opencv4/usr/include/opencv4/opencv2/bioinspired/retinafasttonemapping.hpp
-- Installing: /build/opencv4/pkg/opencv4/usr/include/opencv4/opencv2/bioinspired/transientareassegmentationmodule.hpp
-- Installing: /build/opencv4/pkg/opencv4/usr/lib/opencv4/libopencv_ccalib.so.4.14.0
-- Installing: /build/opencv4/pkg/opencv4/usr/lib/opencv4/libopencv_ccalib.so.414
-- Set non-toolchain portion of runtime path of "/build/opencv4/pkg/opencv4/usr/lib/opencv4/libopencv_ccalib.so.4.14.0" to "/usr/lib/opencv4"
-- Installing: /build/opencv4/pkg/opencv4/usr/lib/opencv4/libopencv_ccalib.so
-- Installing: /build/opencv4/pkg/opencv4/usr/include/opencv4/opencv2/ccalib.hpp
-- Installing: /build/opencv4/pkg/opencv4/usr/include/opencv4/opencv2/ccalib/multicalib.hpp
-- Installing: /build/opencv4/pkg/opencv4/usr/include/opencv4/opencv2/ccalib/omnidir.hpp
-- Installing: /build/opencv4/pkg/opencv4/usr/include/opencv4/opencv2/ccalib/randpattern.hpp
-- Installing: /build/opencv4/pkg/opencv4/usr/lib/opencv4/libopencv_dnn_objdetect.so.4.14.0
-- Installing: /build/opencv4/pkg/opencv4/usr/lib/opencv4/libopencv_dnn_objdetect.so.414
-- Set non-toolchain portion of runtime path of "/build/opencv4/pkg/opencv4/usr/lib/opencv4/libopencv_dnn_objdetect.so.4.14.0" to "/usr/lib/opencv4"
-- Installing: /build/opencv4/pkg/opencv4/usr/lib/opencv4/libopencv_dnn_objdetect.so
-- Installing: /build/opencv4/pkg/opencv4/usr/include/opencv4/opencv2/core_detect.hpp
-- Installing: /build/opencv4/pkg/opencv4/usr/lib/opencv4/libopencv_dpm.so.4.14.0
-- Installing: /build/opencv4/pkg/opencv4/usr/lib/opencv4/libopencv_dpm.so.414
-- Set non-toolchain portion of runtime path of "/build/opencv4/pkg/opencv4/usr/lib/opencv4/libopencv_dpm.so.4.14.0" to "/usr/lib/opencv4"
-- Installing: /build/opencv4/pkg/opencv4/usr/lib/opencv4/libopencv_dpm.so
-- Installing: /build/opencv4/pkg/opencv4/usr/include/opencv4/opencv2/dpm.hpp
-- Installing: /build/opencv4/pkg/opencv4/usr/lib/opencv4/libopencv_face.so.4.14.0
-- Installing: /build/opencv4/pkg/opencv4/usr/lib/opencv4/libopencv_face.so.414
-- Set non-toolchain portion of runtime path of "/build/opencv4/pkg/opencv4/usr/lib/opencv4/libopencv_face.so.4.14.0" to "/usr/lib/opencv4"
-- Installing: /build/opencv4/pkg/opencv4/usr/lib/opencv4/libopencv_face.so
-- Installing: /build/opencv4/pkg/opencv4/usr/include/opencv4/opencv2/face.hpp
-- Installing: /build/opencv4/pkg/opencv4/usr/include/opencv4/opencv2/face/bif.hpp
-- Installing: /build/opencv4/pkg/opencv4/usr/include/opencv4/opencv2/face/face_alignment.hpp
-- Installing: /build/opencv4/pkg/opencv4/usr/include/opencv4/opencv2/face/facemark.hpp
-- Installing: /build/opencv4/pkg/opencv4/usr/include/opencv4/opencv2/face/facemarkAAM.hpp
-- Installing: /build/opencv4/pkg/opencv4/usr/include/opencv4/opencv2/face/facemarkLBF.hpp
-- Installing: /build/opencv4/pkg/opencv4/usr/include/opencv4/opencv2/face/facemark_train.hpp
-- Installing: /build/opencv4/pkg/opencv4/usr/include/opencv4/opencv2/face/facerec.hpp
-- Installing: /build/opencv4/pkg/opencv4/usr/include/opencv4/opencv2/face/mace.hpp
-- Installing: /build/opencv4/pkg/opencv4/usr/include/opencv4/opencv2/face/predict_collector.hpp
-- Installing: /build/opencv4/pkg/opencv4/usr/lib/opencv4/libopencv_gapi.so.4.14.0
-- Installing: /build/opencv4/pkg/opencv4/usr/lib/opencv4/libopencv_gapi.so.414
-- Set non-toolchain portion of runtime path of "/build/opencv4/pkg/opencv4/usr/lib/opencv4/libopencv_gapi.so.4.14.0" to "/usr/lib/opencv4"
-- Installing: /build/opencv4/pkg/opencv4/usr/lib/opencv4/libopencv_gapi.so
-- Installing: /build/opencv4/pkg/opencv4/usr/include/opencv4/opencv2/gapi.hpp
-- Installing: /build/opencv4/pkg/opencv4/usr/include/opencv4/opencv2/gapi/core.hpp
-- Installing: /build/opencv4/pkg/opencv4/usr/include/opencv4/opencv2/gapi/cpu/core.hpp
-- Installing: /build/opencv4/pkg/opencv4/usr/include/opencv4/opencv2/gapi/cpu/gcpukernel.hpp
-- Installing: /build/opencv4/pkg/opencv4/usr/include/opencv4/opencv2/gapi/cpu/imgproc.hpp
-- Installing: /build/opencv4/pkg/opencv4/usr/include/opencv4/opencv2/gapi/cpu/ot.hpp
-- Installing: /build/opencv4/pkg/opencv4/usr/include/opencv4/opencv2/gapi/cpu/stereo.hpp
-- Installing: /build/opencv4/pkg/opencv4/usr/include/opencv4/opencv2/gapi/cpu/video.hpp
-- Installing: /build/opencv4/pkg/opencv4/usr/include/opencv4/opencv2/gapi/fluid/core.hpp
-- Installing: /build/opencv4/pkg/opencv4/usr/include/opencv4/opencv2/gapi/fluid/gfluidbuffer.hpp
-- Installing: /build/opencv4/pkg/opencv4/usr/include/opencv4/opencv2/gapi/fluid/gfluidkernel.hpp
-- Installing: /build/opencv4/pkg/opencv4/usr/include/opencv4/opencv2/gapi/fluid/imgproc.hpp
-- Installing: /build/opencv4/pkg/opencv4/usr/include/opencv4/opencv2/gapi/garg.hpp
-- Installing: /build/opencv4/pkg/opencv4/usr/include/opencv4/opencv2/gapi/garray.hpp
-- Installing: /build/opencv4/pkg/opencv4/usr/include/opencv4/opencv2/gapi/gasync_context.hpp
-- Installing: /build/opencv4/pkg/opencv4/usr/include/opencv4/opencv2/gapi/gcall.hpp
-- Installing: /build/opencv4/pkg/opencv4/usr/include/opencv4/opencv2/gapi/gcommon.hpp
-- Installing: /build/opencv4/pkg/opencv4/usr/include/opencv4/opencv2/gapi/gcompiled.hpp
-- Installing: /build/opencv4/pkg/opencv4/usr/include/opencv4/opencv2/gapi/gcompiled_async.hpp
-- Installing: /build/opencv4/pkg/opencv4/usr/include/opencv4/opencv2/gapi/gcompoundkernel.hpp
-- Installing: /build/opencv4/pkg/opencv4/usr/include/opencv4/opencv2/gapi/gcomputation.hpp
-- Installing: /build/opencv4/pkg/opencv4/usr/include/opencv4/opencv2/gapi/gcomputation_async.hpp
-- Installing: /build/opencv4/pkg/opencv4/usr/include/opencv4/opencv2/gapi/gframe.hpp
-- Installing: /build/opencv4/pkg/opencv4/usr/include/opencv4/opencv2/gapi/gkernel.hpp
-- Installing: /build/opencv4/pkg/opencv4/usr/include/opencv4/opencv2/gapi/gmat.hpp
-- Installing: /build/opencv4/pkg/opencv4/usr/include/opencv4/opencv2/gapi/gmetaarg.hpp
-- Installing: /build/opencv4/pkg/opencv4/usr/include/opencv4/opencv2/gapi/gopaque.hpp
-- Installing: /build/opencv4/pkg/opencv4/usr/include/opencv4/opencv2/gapi/gproto.hpp
-- Installing: /build/opencv4/pkg/opencv4/usr/include/opencv4/opencv2/gapi/gpu/core.hpp
-- Installing: /build/opencv4/pkg/opencv4/usr/include/opencv4/opencv2/gapi/gpu/ggpukernel.hpp
-- Installing: /build/opencv4/pkg/opencv4/usr/include/opencv4/opencv2/gapi/gpu/imgproc.hpp
-- Installing: /build/opencv4/pkg/opencv4/usr/include/opencv4/opencv2/gapi/gscalar.hpp
-- Installing: /build/opencv4/pkg/opencv4/usr/include/opencv4/opencv2/gapi/gstreaming.hpp
-- Installing: /build/opencv4/pkg/opencv4/usr/include/opencv4/opencv2/gapi/gtransform.hpp
-- Installing: /build/opencv4/pkg/opencv4/usr/include/opencv4/opencv2/gapi/gtype_traits.hpp
-- Installing: /build/opencv4/pkg/opencv4/usr/include/opencv4/opencv2/gapi/gtyped.hpp
-- Installing: /build/opencv4/pkg/opencv4/usr/include/opencv4/opencv2/gapi/imgproc.hpp
-- Installing: /build/opencv4/pkg/opencv4/usr/include/opencv4/opencv2/gapi/infer.hpp
-- Installing: /build/opencv4/pkg/opencv4/usr/include/opencv4/opencv2/gapi/infer/bindings_ie.hpp
-- Installing: /build/opencv4/pkg/opencv4/usr/include/opencv4/opencv2/gapi/infer/bindings_onnx.hpp
-- Installing: /build/opencv4/pkg/opencv4/usr/include/opencv4/opencv2/gapi/infer/bindings_ov.hpp
-- Installing: /build/opencv4/pkg/opencv4/usr/include/opencv4/opencv2/gapi/infer/ie.hpp
-- Installing: /build/opencv4/pkg/opencv4/usr/include/opencv4/opencv2/gapi/infer/onnx.hpp
-- Installing: /build/opencv4/pkg/opencv4/usr/include/opencv4/opencv2/gapi/infer/ov.hpp
-- Installing: /build/opencv4/pkg/opencv4/usr/include/opencv4/opencv2/gapi/infer/parsers.hpp
-- Installing: /build/opencv4/pkg/opencv4/usr/include/opencv4/opencv2/gapi/infer/workload_type.hpp
-- Installing: /build/opencv4/pkg/opencv4/usr/include/opencv4/opencv2/gapi/media.hpp
-- Installing: /build/opencv4/pkg/opencv4/usr/include/opencv4/opencv2/gapi/oak/infer.hpp
-- Installing: /build/opencv4/pkg/opencv4/usr/include/opencv4/opencv2/gapi/oak/oak.hpp
-- Installing: /build/opencv4/pkg/opencv4/usr/include/opencv4/opencv2/gapi/ocl/core.hpp
-- Installing: /build/opencv4/pkg/opencv4/usr/include/opencv4/opencv2/gapi/ocl/goclkernel.hpp
-- Installing: /build/opencv4/pkg/opencv4/usr/include/opencv4/opencv2/gapi/ocl/imgproc.hpp
-- Installing: /build/opencv4/pkg/opencv4/usr/include/opencv4/opencv2/gapi/opencv_includes.hpp
-- Installing: /build/opencv4/pkg/opencv4/usr/include/opencv4/opencv2/gapi/operators.hpp
-- Installing: /build/opencv4/pkg/opencv4/usr/include/opencv4/opencv2/gapi/ot.hpp
-- Installing: /build/opencv4/pkg/opencv4/usr/include/opencv4/opencv2/gapi/own/assert.hpp
-- Installing: /build/opencv4/pkg/opencv4/usr/include/opencv4/opencv2/gapi/own/convert.hpp
-- Installing: /build/opencv4/pkg/opencv4/usr/include/opencv4/opencv2/gapi/own/cvdefs.hpp
-- Installing: /build/opencv4/pkg/opencv4/usr/include/opencv4/opencv2/gapi/own/exports.hpp
-- Installing: /build/opencv4/pkg/opencv4/usr/include/opencv4/opencv2/gapi/own/mat.hpp
-- Installing: /build/opencv4/pkg/opencv4/usr/include/opencv4/opencv2/gapi/own/saturate.hpp
-- Installing: /build/opencv4/pkg/opencv4/usr/include/opencv4/opencv2/gapi/own/scalar.hpp
-- Installing: /build/opencv4/pkg/opencv4/usr/include/opencv4/opencv2/gapi/own/types.hpp
-- Installing: /build/opencv4/pkg/opencv4/usr/include/opencv4/opencv2/gapi/plaidml/core.hpp
-- Installing: /build/opencv4/pkg/opencv4/usr/include/opencv4/opencv2/gapi/plaidml/gplaidmlkernel.hpp
-- Installing: /build/opencv4/pkg/opencv4/usr/include/opencv4/opencv2/gapi/plaidml/plaidml.hpp
-- Installing: /build/opencv4/pkg/opencv4/usr/include/opencv4/opencv2/gapi/pysrc/python_stream_source.hpp
-- Installing: /build/opencv4/pkg/opencv4/usr/include/opencv4/opencv2/gapi/python/python.hpp
-- Installing: /build/opencv4/pkg/opencv4/usr/include/opencv4/opencv2/gapi/render.hpp
-- Installing: /build/opencv4/pkg/opencv4/usr/include/opencv4/opencv2/gapi/render/render.hpp
-- Installing: /build/opencv4/pkg/opencv4/usr/include/opencv4/opencv2/gapi/render/render_types.hpp
-- Installing: /build/opencv4/pkg/opencv4/usr/include/opencv4/opencv2/gapi/rmat.hpp
-- Installing: /build/opencv4/pkg/opencv4/usr/include/opencv4/opencv2/gapi/s11n.hpp
-- Installing: /build/opencv4/pkg/opencv4/usr/include/opencv4/opencv2/gapi/s11n/base.hpp
-- Installing: /build/opencv4/pkg/opencv4/usr/include/opencv4/opencv2/gapi/stereo.hpp
-- Installing: /build/opencv4/pkg/opencv4/usr/include/opencv4/opencv2/gapi/streaming/cap.hpp
-- Installing: /build/opencv4/pkg/opencv4/usr/include/opencv4/opencv2/gapi/streaming/desync.hpp
-- Installing: /build/opencv4/pkg/opencv4/usr/include/opencv4/opencv2/gapi/streaming/format.hpp
-- Installing: /build/opencv4/pkg/opencv4/usr/include/opencv4/opencv2/gapi/streaming/gstreamer/gstreamerpipeline.hpp
-- Installing: /build/opencv4/pkg/opencv4/usr/include/opencv4/opencv2/gapi/streaming/gstreamer/gstreamersource.hpp
-- Installing: /build/opencv4/pkg/opencv4/usr/include/opencv4/opencv2/gapi/streaming/meta.hpp
-- Installing: /build/opencv4/pkg/opencv4/usr/include/opencv4/opencv2/gapi/streaming/onevpl/accel_types.hpp
-- Installing: /build/opencv4/pkg/opencv4/usr/include/opencv4/opencv2/gapi/streaming/onevpl/cfg_params.hpp
-- Installing: /build/opencv4/pkg/opencv4/usr/include/opencv4/opencv2/gapi/streaming/onevpl/data_provider_interface.hpp
-- Installing: /build/opencv4/pkg/opencv4/usr/include/opencv4/opencv2/gapi/streaming/onevpl/default.hpp
-- Installing: /build/opencv4/pkg/opencv4/usr/include/opencv4/opencv2/gapi/streaming/onevpl/device_selector_interface.hpp
-- Installing: /build/opencv4/pkg/opencv4/usr/include/opencv4/opencv2/gapi/streaming/onevpl/source.hpp
-- Installing: /build/opencv4/pkg/opencv4/usr/include/opencv4/opencv2/gapi/streaming/queue_source.hpp
-- Installing: /build/opencv4/pkg/opencv4/usr/include/opencv4/opencv2/gapi/streaming/source.hpp
-- Installing: /build/opencv4/pkg/opencv4/usr/include/opencv4/opencv2/gapi/streaming/sync.hpp
-- Installing: /build/opencv4/pkg/opencv4/usr/include/opencv4/opencv2/gapi/util/any.hpp
-- Installing: /build/opencv4/pkg/opencv4/usr/include/opencv4/opencv2/gapi/util/compiler_hints.hpp
-- Installing: /build/opencv4/pkg/opencv4/usr/include/opencv4/opencv2/gapi/util/copy_through_move.hpp
-- Installing: /build/opencv4/pkg/opencv4/usr/include/opencv4/opencv2/gapi/util/optional.hpp
-- Installing: /build/opencv4/pkg/opencv4/usr/include/opencv4/opencv2/gapi/util/throw.hpp
-- Installing: /build/opencv4/pkg/opencv4/usr/include/opencv4/opencv2/gapi/util/type_traits.hpp
-- Installing: /build/opencv4/pkg/opencv4/usr/include/opencv4/opencv2/gapi/util/util.hpp
-- Installing: /build/opencv4/pkg/opencv4/usr/include/opencv4/opencv2/gapi/util/variant.hpp
-- Installing: /build/opencv4/pkg/opencv4/usr/include/opencv4/opencv2/gapi/video.hpp
-- Installing: /build/opencv4/pkg/opencv4/usr/share/licenses/opencv4/vasot-LICENSE.txt
-- Installing: /build/opencv4/pkg/opencv4/usr/lib/opencv4/libopencv_optflow.so.4.14.0
-- Installing: /build/opencv4/pkg/opencv4/usr/lib/opencv4/libopencv_optflow.so.414
-- Set non-toolchain portion of runtime path of "/build/opencv4/pkg/opencv4/usr/lib/opencv4/libopencv_optflow.so.4.14.0" to "/usr/lib/opencv4"
-- Installing: /build/opencv4/pkg/opencv4/usr/lib/opencv4/libopencv_optflow.so
-- Installing: /build/opencv4/pkg/opencv4/usr/include/opencv4/opencv2/optflow.hpp
-- Installing: /build/opencv4/pkg/opencv4/usr/include/opencv4/opencv2/optflow/motempl.hpp
-- Installing: /build/opencv4/pkg/opencv4/usr/include/opencv4/opencv2/optflow/pcaflow.hpp
-- Installing: /build/opencv4/pkg/opencv4/usr/include/opencv4/opencv2/optflow/rlofflow.hpp
-- Installing: /build/opencv4/pkg/opencv4/usr/include/opencv4/opencv2/optflow/sparse_matching_gpc.hpp
-- Installing: /build/opencv4/pkg/opencv4/usr/lib/opencv4/libopencv_stitching.so.4.14.0
-- Installing: /build/opencv4/pkg/opencv4/usr/lib/opencv4/libopencv_stitching.so.414
-- Set non-toolchain portion of runtime path of "/build/opencv4/pkg/opencv4/usr/lib/opencv4/libopencv_stitching.so.4.14.0" to "/usr/lib/opencv4"
-- Installing: /build/opencv4/pkg/opencv4/usr/lib/opencv4/libopencv_stitching.so
-- Installing: /build/opencv4/pkg/opencv4/usr/include/opencv4/opencv2/stitching.hpp
-- Installing: /build/opencv4/pkg/opencv4/usr/include/opencv4/opencv2/stitching/detail/autocalib.hpp
-- Installing: /build/opencv4/pkg/opencv4/usr/include/opencv4/opencv2/stitching/detail/blenders.hpp
-- Installing: /build/opencv4/pkg/opencv4/usr/include/opencv4/opencv2/stitching/detail/camera.hpp
-- Installing: /build/opencv4/pkg/opencv4/usr/include/opencv4/opencv2/stitching/detail/exposure_compensate.hpp
-- Installing: /build/opencv4/pkg/opencv4/usr/include/opencv4/opencv2/stitching/detail/matchers.hpp
-- Installing: /build/opencv4/pkg/opencv4/usr/include/opencv4/opencv2/stitching/detail/motion_estimators.hpp
-- Installing: /build/opencv4/pkg/opencv4/usr/include/opencv4/opencv2/stitching/detail/seam_finders.hpp
-- Installing: /build/opencv4/pkg/opencv4/usr/include/opencv4/opencv2/stitching/detail/timelapsers.hpp
-- Installing: /build/opencv4/pkg/opencv4/usr/include/opencv4/opencv2/stitching/detail/util.hpp
-- Installing: /build/opencv4/pkg/opencv4/usr/include/opencv4/opencv2/stitching/detail/util_inl.hpp
-- Installing: /build/opencv4/pkg/opencv4/usr/include/opencv4/opencv2/stitching/detail/warpers.hpp
-- Installing: /build/opencv4/pkg/opencv4/usr/include/opencv4/opencv2/stitching/detail/warpers_inl.hpp
-- Installing: /build/opencv4/pkg/opencv4/usr/include/opencv4/opencv2/stitching/warpers.hpp
-- Installing: /build/opencv4/pkg/opencv4/usr/lib/opencv4/libopencv_superres.so.4.14.0
-- Installing: /build/opencv4/pkg/opencv4/usr/lib/opencv4/libopencv_superres.so.414
-- Set non-toolchain portion of runtime path of "/build/opencv4/pkg/opencv4/usr/lib/opencv4/libopencv_superres.so.4.14.0" to "/usr/lib/opencv4"
-- Installing: /build/opencv4/pkg/opencv4/usr/lib/opencv4/libopencv_superres.so
-- Installing: /build/opencv4/pkg/opencv4/usr/include/opencv4/opencv2/superres.hpp
-- Installing: /build/opencv4/pkg/opencv4/usr/include/opencv4/opencv2/superres/optical_flow.hpp
-- Installing: /build/opencv4/pkg/opencv4/usr/lib/opencv4/libopencv_tracking.so.4.14.0
-- Installing: /build/opencv4/pkg/opencv4/usr/lib/opencv4/libopencv_tracking.so.414
-- Set non-toolchain portion of runtime path of "/build/opencv4/pkg/opencv4/usr/lib/opencv4/libopencv_tracking.so.4.14.0" to "/usr/lib/opencv4"
-- Installing: /build/opencv4/pkg/opencv4/usr/lib/opencv4/libopencv_tracking.so
-- Installing: /build/opencv4/pkg/opencv4/usr/include/opencv4/opencv2/tracking.hpp
-- Installing: /build/opencv4/pkg/opencv4/usr/include/opencv4/opencv2/tracking/feature.hpp
-- Installing: /build/opencv4/pkg/opencv4/usr/include/opencv4/opencv2/tracking/kalman_filters.hpp
-- Installing: /build/opencv4/pkg/opencv4/usr/include/opencv4/opencv2/tracking/onlineBoosting.hpp
-- Installing: /build/opencv4/pkg/opencv4/usr/include/opencv4/opencv2/tracking/tldDataset.hpp
-- Installing: /build/opencv4/pkg/opencv4/usr/include/opencv4/opencv2/tracking/tracking.hpp
-- Installing: /build/opencv4/pkg/opencv4/usr/include/opencv4/opencv2/tracking/tracking_by_matching.hpp
-- Installing: /build/opencv4/pkg/opencv4/usr/include/opencv4/opencv2/tracking/tracking_internals.hpp
-- Installing: /build/opencv4/pkg/opencv4/usr/include/opencv4/opencv2/tracking/tracking_legacy.hpp
-- Installing: /build/opencv4/pkg/opencv4/usr/include/opencv4/opencv2/tracking/twist.hpp
-- Installing: /build/opencv4/pkg/opencv4/usr/lib/opencv4/libopencv_stereo.so.4.14.0
-- Installing: /build/opencv4/pkg/opencv4/usr/lib/opencv4/libopencv_stereo.so.414
-- Set non-toolchain portion of runtime path of "/build/opencv4/pkg/opencv4/usr/lib/opencv4/libopencv_stereo.so.4.14.0" to "/usr/lib/opencv4"
-- Installing: /build/opencv4/pkg/opencv4/usr/lib/opencv4/libopencv_stereo.so
-- Installing: /build/opencv4/pkg/opencv4/usr/include/opencv4/opencv2/stereo.hpp
-- Installing: /build/opencv4/pkg/opencv4/usr/include/opencv4/opencv2/stereo/descriptor.hpp
-- Installing: /build/opencv4/pkg/opencv4/usr/include/opencv4/opencv2/stereo/quasi_dense_stereo.hpp
-- Installing: /build/opencv4/pkg/opencv4/usr/include/opencv4/opencv2/stereo/stereo.hpp
-- Installing: /build/opencv4/pkg/opencv4/usr/lib/libopencv_java4140.so
-- Set non-toolchain portion of runtime path of "/build/opencv4/pkg/opencv4/usr/lib/libopencv_java4140.so" to "/usr/lib/opencv4"
-- Installing: /build/opencv4/pkg/opencv4/usr/share/java/opencv4/opencv-4140.jar
-- Installing: /build/opencv4/pkg/opencv4/usr/lib/python3.14/site-packages/cv2.cpython-314-x86_64-linux-gnu.so
-- Set non-toolchain portion of runtime path of "/build/opencv4/pkg/opencv4/usr/lib/python3.14/site-packages/cv2.cpython-314-x86_64-linux-gnu.so" to "/usr/lib/opencv4"
-- Installing: /build/opencv4/pkg/opencv4/usr/share/opencv4/haarcascades/haarcascade_eye.xml
-- Installing: /build/opencv4/pkg/opencv4/usr/share/opencv4/haarcascades/haarcascade_eye_tree_eyeglasses.xml
-- Installing: /build/opencv4/pkg/opencv4/usr/share/opencv4/haarcascades/haarcascade_frontalcatface.xml
-- Installing: /build/opencv4/pkg/opencv4/usr/share/opencv4/haarcascades/haarcascade_frontalcatface_extended.xml
-- Installing: /build/opencv4/pkg/opencv4/usr/share/opencv4/haarcascades/haarcascade_frontalface_alt.xml
-- Installing: /build/opencv4/pkg/opencv4/usr/share/opencv4/haarcascades/haarcascade_frontalface_alt2.xml
-- Installing: /build/opencv4/pkg/opencv4/usr/share/opencv4/haarcascades/haarcascade_frontalface_alt_tree.xml
-- Installing: /build/opencv4/pkg/opencv4/usr/share/opencv4/haarcascades/haarcascade_frontalface_default.xml
-- Installing: /build/opencv4/pkg/opencv4/usr/share/opencv4/haarcascades/haarcascade_fullbody.xml
-- Installing: /build/opencv4/pkg/opencv4/usr/share/opencv4/haarcascades/haarcascade_lefteye_2splits.xml
-- Installing: /build/opencv4/pkg/opencv4/usr/share/opencv4/haarcascades/haarcascade_license_plate_rus_16stages.xml
-- Installing: /build/opencv4/pkg/opencv4/usr/share/opencv4/haarcascades/haarcascade_lowerbody.xml
-- Installing: /build/opencv4/pkg/opencv4/usr/share/opencv4/haarcascades/haarcascade_profileface.xml
-- Installing: /build/opencv4/pkg/opencv4/usr/share/opencv4/haarcascades/haarcascade_righteye_2splits.xml
-- Installing: /build/opencv4/pkg/opencv4/usr/share/opencv4/haarcascades/haarcascade_russian_plate_number.xml
-- Installing: /build/opencv4/pkg/opencv4/usr/share/opencv4/haarcascades/haarcascade_smile.xml
-- Installing: /build/opencv4/pkg/opencv4/usr/share/opencv4/haarcascades/haarcascade_upperbody.xml
-- Installing: /build/opencv4/pkg/opencv4/usr/share/opencv4/lbpcascades/lbpcascade_frontalcatface.xml
-- Installing: /build/opencv4/pkg/opencv4/usr/share/opencv4/lbpcascades/lbpcascade_frontalface.xml
-- Installing: /build/opencv4/pkg/opencv4/usr/share/opencv4/lbpcascades/lbpcascade_frontalface_improved.xml
-- Installing: /build/opencv4/pkg/opencv4/usr/share/opencv4/lbpcascades/lbpcascade_profileface.xml
-- Installing: /build/opencv4/pkg/opencv4/usr/share/opencv4/lbpcascades/lbpcascade_silverware.xml
-- Installing: /build/opencv4/pkg/opencv4/usr/bin/opencv_annotation
-- Set non-toolchain portion of runtime path of "/build/opencv4/pkg/opencv4/usr/bin/opencv_annotation" to "/usr/lib/opencv4"
-- Installing: /build/opencv4/pkg/opencv4/usr/bin/opencv_visualisation
-- Set non-toolchain portion of runtime path of "/build/opencv4/pkg/opencv4/usr/bin/opencv_visualisation" to "/usr/lib/opencv4"
-- Installing: /build/opencv4/pkg/opencv4/usr/bin/opencv_interactive-calibration
-- Set non-toolchain portion of runtime path of "/build/opencv4/pkg/opencv4/usr/bin/opencv_interactive-calibration" to "/usr/lib/opencv4"
-- Installing: /build/opencv4/pkg/opencv4/usr/bin/opencv_version
-- Set non-toolchain portion of runtime path of "/build/opencv4/pkg/opencv4/usr/bin/opencv_version" to "/usr/lib/opencv4"
-- Installing: /build/opencv4/pkg/opencv4/usr/bin/opencv_model_diagnostics
-- Set non-toolchain portion of runtime path of "/build/opencv4/pkg/opencv4/usr/bin/opencv_model_diagnostics" to "/usr/lib/opencv4"
