The no-dev option is deprecated.  Use -Wno-author instead.
-- The C compiler identification is GNU 16.2.1
-- The CXX compiler identification is GNU 16.2.1
-- Detecting C compiler ABI info
-- Detecting C compiler ABI info - done
-- Check for working C compiler: /usr/bin/cc - skipped
-- Detecting C compile features
-- Detecting C compile features - done
-- Detecting CXX compiler ABI info
-- Detecting CXX compiler ABI info - done
-- Check for working CXX compiler: /usr/bin/c++ - skipped
-- Detecting CXX compile features
-- Detecting CXX compile features - done
-- Performing Test CMAKE_HAVE_LIBC_PTHREAD
-- Performing Test CMAKE_HAVE_LIBC_PTHREAD - Success
-- Found Threads: TRUE
-- Using libdeflate from /usr/lib/cmake/libdeflate
-- Using Imath from /usr/lib/cmake/Imath
-- Performing Test OPENEXR_IMF_HAVE_SYSCONF_NPROCESSORS_ONLN
-- Performing Test OPENEXR_IMF_HAVE_SYSCONF_NPROCESSORS_ONLN - Success
-- Performing Test OPENEXR_IMF_HAVE_GCC_INLINE_ASM_AVX
-- Performing Test OPENEXR_IMF_HAVE_GCC_INLINE_ASM_AVX - Success
-- Looking for include file ucontext.h
-- Looking for include file ucontext.h - found
-- Performing Test IEX_HAVE_CONTROL_REGISTER_SUPPORT
-- Performing Test IEX_HAVE_CONTROL_REGISTER_SUPPORT - Success
-- Looking for include file semaphore.h
-- Looking for include file semaphore.h - found
-- OpenEXR pkg-config generation enabled
-- Configure OpenEXR 3.2.4, library API version: 31.3.2.4
-- Building OpenEXR libraries
-- Building OpenEXR tools
-- Building OpenEXR examples
-- Found Python3: /usr/bin/python3.14 (found version "3.14.7") found components: Interpreter
-- adding bin tests
-- Downloading https://raw.githubusercontent.com/AcademySoftwareFoundation/openexr-images/v1.0/TestImages/GrayRampsHorizontal.exr
-- Downloading https://raw.githubusercontent.com/AcademySoftwareFoundation/openexr-images/v1.0/LuminanceChroma/Garden.exr
-- Downloading https://raw.githubusercontent.com/AcademySoftwareFoundation/openexr-images/v1.0/MultiResolution/ColorCodedLevels.exr
-- Downloading https://raw.githubusercontent.com/AcademySoftwareFoundation/openexr-images/v1.0/MultiResolution/WavyLinesLatLong.exr
-- Downloading https://raw.githubusercontent.com/AcademySoftwareFoundation/openexr-images/v1.0/MultiResolution/WavyLinesCube.exr
-- Downloading https://raw.githubusercontent.com/AcademySoftwareFoundation/openexr-images/v1.0/LuminanceChroma/Flowers.exr
-- Downloading https://raw.githubusercontent.com/AcademySoftwareFoundation/openexr-images/v1.0/MultiView/Adjuster.exr
-- Downloading https://raw.githubusercontent.com/AcademySoftwareFoundation/openexr-images/v1.0/Chromaticities/Rec709_YC.exr
-- Downloading https://raw.githubusercontent.com/AcademySoftwareFoundation/openexr-images/v1.0/Chromaticities/Rec709.exr
-- Downloading https://raw.githubusercontent.com/AcademySoftwareFoundation/openexr-images/v1.0/Chromaticities/XYZ_YC.exr
-- Downloading https://raw.githubusercontent.com/AcademySoftwareFoundation/openexr-images/v1.0/Chromaticities/XYZ.exr
-- Downloading https://raw.githubusercontent.com/AcademySoftwareFoundation/openexr-images/v1.0/TestImages/GammaChart.exr
-- Downloading https://raw.githubusercontent.com/AcademySoftwareFoundation/openexr-images/v1.0/Beachball/singlepart.0001.exr
-- Downloading https://raw.githubusercontent.com/AcademySoftwareFoundation/openexr-images/v1.0/v2/LeftView/Balls.exr
-- Downloading https://raw.githubusercontent.com/AcademySoftwareFoundation/openexr-images/v1.0/v2/Stereo/Trunks.exr
-- Downloading https://raw.githubusercontent.com/AcademySoftwareFoundation/openexr-images/v1.0/Beachball/multipart.0001.exr
-- clang-format not found.
-- Configuring done (11.4s)
-- Generating done (0.1s)
-- Build files have been written to: /build/openexr3.2/src/openexr-3.2.4/build
[  2%] Building CXX object src/lib/Iex/CMakeFiles/Iex.dir/IexBaseExc.cpp.o
[  2%] Building CXX object src/lib/Iex/CMakeFiles/Iex.dir/IexThrowErrnoExc.cpp.o
[  3%] Building CXX object src/lib/Iex/CMakeFiles/Iex.dir/IexMathFloatExc.cpp.o
[  3%] Building C object src/lib/OpenEXRCore/CMakeFiles/OpenEXRCore.dir/internal_zip.c.o
[  3%] Building C object src/lib/OpenEXRCore/CMakeFiles/OpenEXRCore.dir/internal_piz.c.o
[  3%] Building C object src/lib/OpenEXRCore/CMakeFiles/OpenEXRCore.dir/internal_pxr24.c.o
[  3%] Building C object src/lib/OpenEXRCore/CMakeFiles/OpenEXRCore.dir/internal_b44.c.o
[  3%] Building CXX object src/lib/Iex/CMakeFiles/Iex.dir/IexMathFpu.cpp.o
[  3%] Building C object src/lib/OpenEXRCore/CMakeFiles/OpenEXRCore.dir/internal_rle.c.o
[  4%] Building C object src/lib/OpenEXRCore/CMakeFiles/OpenEXRCore.dir/internal_b44_table.c.o
[  4%] Building C object src/lib/OpenEXRCore/CMakeFiles/OpenEXRCore.dir/internal_dwa.c.o
[  5%] Building C object src/lib/OpenEXRCore/CMakeFiles/OpenEXRCore.dir/attributes.c.o
[  5%] Building C object src/lib/OpenEXRCore/CMakeFiles/OpenEXRCore.dir/string.c.o
[  5%] Building C object src/lib/OpenEXRCore/CMakeFiles/OpenEXRCore.dir/internal_huf.c.o
[  5%] Building C object src/lib/OpenEXRCore/CMakeFiles/OpenEXRCore.dir/float_vector.c.o
[  6%] Building C object src/lib/OpenEXRCore/CMakeFiles/OpenEXRCore.dir/string_vector.c.o
[  6%] Building C object src/lib/OpenEXRCore/CMakeFiles/OpenEXRCore.dir/channel_list.c.o
[  7%] Building C object src/lib/OpenEXRCore/CMakeFiles/OpenEXRCore.dir/opaque.c.o
[  7%] Building C object src/lib/OpenEXRCore/CMakeFiles/OpenEXRCore.dir/base.c.o
[  7%] Building C object src/lib/OpenEXRCore/CMakeFiles/OpenEXRCore.dir/preview.c.o
[  8%] Building C object src/lib/OpenEXRCore/CMakeFiles/OpenEXRCore.dir/context.c.o
[  8%] Building C object src/lib/OpenEXRCore/CMakeFiles/OpenEXRCore.dir/memory.c.o
[  8%] Building C object src/lib/OpenEXRCore/CMakeFiles/OpenEXRCore.dir/internal_structs.c.o
[  9%] Building C object src/lib/OpenEXRCore/CMakeFiles/OpenEXRCore.dir/part.c.o
[  9%] Building C object src/lib/OpenEXRCore/CMakeFiles/OpenEXRCore.dir/part_attr.c.o
[  9%] Building C object src/lib/OpenEXRCore/CMakeFiles/OpenEXRCore.dir/std_attr.c.o
[ 10%] Building C object src/lib/OpenEXRCore/CMakeFiles/OpenEXRCore.dir/parse_header.c.o
[ 10%] Building C object src/lib/OpenEXRCore/CMakeFiles/OpenEXRCore.dir/write_header.c.o
[ 10%] Building C object src/lib/OpenEXRCore/CMakeFiles/OpenEXRCore.dir/chunk.c.o
[ 11%] Building C object src/lib/OpenEXRCore/CMakeFiles/OpenEXRCore.dir/coding.c.o
[ 11%] Building C object src/lib/OpenEXRCore/CMakeFiles/OpenEXRCore.dir/compression.c.o
[ 11%] Building C object src/lib/OpenEXRCore/CMakeFiles/OpenEXRCore.dir/decoding.c.o
[ 12%] Building C object src/lib/OpenEXRCore/CMakeFiles/OpenEXRCore.dir/encoding.c.o
[ 12%] Building C object src/lib/OpenEXRCore/CMakeFiles/OpenEXRCore.dir/unpack.c.o
[ 12%] Building C object src/lib/OpenEXRCore/CMakeFiles/OpenEXRCore.dir/pack.c.o
[ 13%] Building C object src/lib/OpenEXRCore/CMakeFiles/OpenEXRCore.dir/validation.c.o
[ 13%] Building C object src/lib/OpenEXRCore/CMakeFiles/OpenEXRCore.dir/debug.c.o
[ 13%] Linking CXX shared library libIex-3_2.so
[ 14%] Linking C shared library libOpenEXRCore-3_2.so
[ 14%] Built target Iex
[ 14%] Building CXX object src/test/IexTest/CMakeFiles/IexTest.dir/main.cpp.o
[ 14%] Building CXX object src/test/IexTest/CMakeFiles/IexTest.dir/testMathExc.cpp.o
[ 15%] Building CXX object src/test/IexTest/CMakeFiles/IexTest.dir/testBaseExc.cpp.o
[ 15%] Building CXX object src/lib/IlmThread/CMakeFiles/IlmThread.dir/IlmThread.cpp.o
[ 15%] Building CXX object src/lib/IlmThread/CMakeFiles/IlmThread.dir/IlmThreadPool.cpp.o
[ 15%] Building CXX object src/test/IexTest/CMakeFiles/IexTest.dir/mathFuncs.cpp.o
[ 15%] Building CXX object src/lib/IlmThread/CMakeFiles/IlmThread.dir/IlmThreadSemaphorePosix.cpp.o
[ 15%] Building CXX object src/lib/IlmThread/CMakeFiles/IlmThread.dir/IlmThreadSemaphoreOSX.cpp.o
[ 16%] Building CXX object src/lib/IlmThread/CMakeFiles/IlmThread.dir/IlmThreadSemaphorePosixCompat.cpp.o
[ 17%] Building CXX object src/lib/IlmThread/CMakeFiles/IlmThread.dir/IlmThreadSemaphore.cpp.o
[ 17%] Building CXX object src/lib/IlmThread/CMakeFiles/IlmThread.dir/IlmThreadSemaphoreWin32.cpp.o
/build/openexr3.2/src/openexr-3.2.4/src/lib/IlmThread/IlmThreadPool.cpp: In member function ‘IlmThread_3_2::ThreadPool::Data::ProviderPtr IlmThread_3_2::ThreadPool::Data::getProvider() const’:
/build/openexr3.2/src/openexr-3.2.4/src/lib/IlmThread/IlmThreadPool.cpp:119:64: warning: ‘std::shared_ptr<_Tp> std::atomic_load(const shared_ptr<_Tp>*) [with _Tp = IlmThread_3_2::ThreadPoolProvider]’ is deprecated: use 'std::atomic<std::shared_ptr<T>>' instead [-Wdeprecated-declarations]
  119 |     ProviderPtr getProvider () const { return std::atomic_load (&_provider); }
      |                                               ~~~~~~~~~~~~~~~~~^~~~~~~~~~~~
In file included from /usr/include/c++/16/memory:83,
                 from /build/openexr3.2/src/openexr-3.2.4/src/lib/IlmThread/IlmThreadPool.cpp:19:
/usr/include/c++/16/bits/shared_ptr_atomic.h:142:5: note: declared here
  142 |     atomic_load(const shared_ptr<_Tp>* __p)
      |     ^~~~~~~~~~~
/build/openexr3.2/src/openexr-3.2.4/src/lib/IlmThread/IlmThreadPool.cpp: In member function ‘void IlmThread_3_2::ThreadPool::Data::setProvider(ProviderPtr)’:
/build/openexr3.2/src/openexr-3.2.4/src/lib/IlmThread/IlmThreadPool.cpp:123:49: warning: ‘std::shared_ptr<_Tp> std::atomic_exchange(shared_ptr<_Tp>*, shared_ptr<_Tp>) [with _Tp = IlmThread_3_2::ThreadPoolProvider]’ is deprecated: use 'std::atomic<std::shared_ptr<T>>' instead [-Wdeprecated-declarations]
  123 |         ProviderPtr curp = std::atomic_exchange (&_provider, provider);
      |                            ~~~~~~~~~~~~~~~~~~~~~^~~~~~~~~~~~~~~~~~~~~~
/usr/include/c++/16/bits/shared_ptr_atomic.h:225:5: note: declared here
  225 |     atomic_exchange(shared_ptr<_Tp>* __p, shared_ptr<_Tp> __r)
      |     ^~~~~~~~~~~~~~~
[ 17%] Linking CXX shared library libIlmThread-3_2.so
[ 17%] Built target IlmThread
[ 17%] Built target OpenEXRCore
[ 18%] Building C object src/bin/exrinfo/CMakeFiles/exrinfo.dir/main.c.o
[ 20%] Building CXX object src/lib/OpenEXR/CMakeFiles/OpenEXR.dir/ImfChromaticities.cpp.o
[ 20%] Building CXX object src/lib/OpenEXR/CMakeFiles/OpenEXR.dir/ImfB44Compressor.cpp.o
[ 20%] Building CXX object src/lib/OpenEXR/CMakeFiles/OpenEXR.dir/ImfAcesFile.cpp.o
[ 20%] Building CXX object src/lib/OpenEXR/CMakeFiles/OpenEXR.dir/ImfChromaticitiesAttribute.cpp.o
[ 20%] Building CXX object src/lib/OpenEXR/CMakeFiles/OpenEXR.dir/ImfChannelListAttribute.cpp.o
[ 21%] Building CXX object src/lib/OpenEXR/CMakeFiles/OpenEXR.dir/ImfBoxAttribute.cpp.o
[ 21%] Building CXX object src/lib/OpenEXR/CMakeFiles/OpenEXR.dir/ImfAttribute.cpp.o
[ 22%] Building CXX object src/lib/OpenEXR/CMakeFiles/OpenEXR.dir/ImfCompressionAttribute.cpp.o
[ 22%] Building CXX object src/lib/OpenEXR/CMakeFiles/OpenEXR.dir/ImfCompressor.cpp.o
[ 23%] Building CXX object src/lib/OpenEXR/CMakeFiles/OpenEXR.dir/ImfConvert.cpp.o
[ 23%] Building CXX object src/lib/OpenEXR/CMakeFiles/OpenEXR.dir/ImfCompositeDeepScanLine.cpp.o
[ 23%] Building CXX object src/lib/OpenEXR/CMakeFiles/OpenEXR.dir/ImfChannelList.cpp.o
[ 23%] Building CXX object src/lib/OpenEXR/CMakeFiles/OpenEXR.dir/ImfCRgbaFile.cpp.o
[ 24%] Building CXX object src/lib/OpenEXR/CMakeFiles/OpenEXR.dir/ImfDeepScanLineInputPart.cpp.o
[ 25%] Building CXX object src/lib/OpenEXR/CMakeFiles/OpenEXR.dir/ImfDeepFrameBuffer.cpp.o
[ 25%] Building CXX object src/lib/OpenEXR/CMakeFiles/OpenEXR.dir/ImfDeepImageStateAttribute.cpp.o
[ 25%] Building CXX object src/lib/OpenEXR/CMakeFiles/OpenEXR.dir/ImfDeepCompositing.cpp.o
[ 25%] Building CXX object src/lib/OpenEXR/CMakeFiles/OpenEXR.dir/ImfDeepScanLineInputFile.cpp.o
[ 25%] Linking C executable ../../../bin/exrinfo
[ 25%] Built target exrinfo
[ 25%] Building CXX object src/lib/OpenEXR/CMakeFiles/OpenEXR.dir/ImfDeepScanLineOutputFile.cpp.o
[ 25%] Building CXX object src/lib/OpenEXR/CMakeFiles/OpenEXR.dir/ImfDeepScanLineOutputPart.cpp.o
[ 26%] Linking CXX executable ../../../bin/IexTest
[ 27%] Building CXX object src/lib/OpenEXR/CMakeFiles/OpenEXR.dir/ImfDeepTiledInputFile.cpp.o
[ 27%] Building CXX object src/lib/OpenEXR/CMakeFiles/OpenEXR.dir/ImfDeepTiledInputPart.cpp.o
[ 27%] Building CXX object src/lib/OpenEXR/CMakeFiles/OpenEXR.dir/ImfDeepTiledOutputFile.cpp.o
[ 28%] Building CXX object src/lib/OpenEXR/CMakeFiles/OpenEXR.dir/ImfDeepTiledOutputPart.cpp.o
[ 28%] Building CXX object src/lib/OpenEXR/CMakeFiles/OpenEXR.dir/ImfDoubleAttribute.cpp.o
[ 28%] Building CXX object src/lib/OpenEXR/CMakeFiles/OpenEXR.dir/ImfDwaCompressor.cpp.o
[ 29%] Building CXX object src/lib/OpenEXR/CMakeFiles/OpenEXR.dir/ImfEnvmap.cpp.o
[ 29%] Building CXX object src/lib/OpenEXR/CMakeFiles/OpenEXR.dir/ImfEnvmapAttribute.cpp.o
[ 29%] Building CXX object src/lib/OpenEXR/CMakeFiles/OpenEXR.dir/ImfFastHuf.cpp.o
[ 30%] Building CXX object src/lib/OpenEXR/CMakeFiles/OpenEXR.dir/ImfFloatAttribute.cpp.o
[ 30%] Building CXX object src/lib/OpenEXR/CMakeFiles/OpenEXR.dir/ImfFloatVectorAttribute.cpp.o
[ 30%] Building CXX object src/lib/OpenEXR/CMakeFiles/OpenEXR.dir/ImfFrameBuffer.cpp.o
[ 31%] Building CXX object src/lib/OpenEXR/CMakeFiles/OpenEXR.dir/ImfFramesPerSecond.cpp.o
[ 31%] Building CXX object src/lib/OpenEXR/CMakeFiles/OpenEXR.dir/ImfGenericInputFile.cpp.o
[ 31%] Building CXX object src/lib/OpenEXR/CMakeFiles/OpenEXR.dir/ImfGenericOutputFile.cpp.o
[ 32%] Building CXX object src/lib/OpenEXR/CMakeFiles/OpenEXR.dir/ImfHeader.cpp.o
[ 32%] Building CXX object src/lib/OpenEXR/CMakeFiles/OpenEXR.dir/ImfHuf.cpp.o
[ 32%] Building CXX object src/lib/OpenEXR/CMakeFiles/OpenEXR.dir/ImfIDManifest.cpp.o
[ 33%] Building CXX object src/lib/OpenEXR/CMakeFiles/OpenEXR.dir/ImfIDManifestAttribute.cpp.o
[ 33%] Building CXX object src/lib/OpenEXR/CMakeFiles/OpenEXR.dir/ImfInputFile.cpp.o
[ 33%] Building CXX object src/lib/OpenEXR/CMakeFiles/OpenEXR.dir/ImfInputPart.cpp.o
[ 34%] Building CXX object src/lib/OpenEXR/CMakeFiles/OpenEXR.dir/ImfInputPartData.cpp.o
[ 34%] Building CXX object src/lib/OpenEXR/CMakeFiles/OpenEXR.dir/ImfIntAttribute.cpp.o
[ 34%] Building CXX object src/lib/OpenEXR/CMakeFiles/OpenEXR.dir/ImfIO.cpp.o
[ 35%] Building CXX object src/lib/OpenEXR/CMakeFiles/OpenEXR.dir/ImfKeyCode.cpp.o
[ 35%] Building CXX object src/lib/OpenEXR/CMakeFiles/OpenEXR.dir/ImfKeyCodeAttribute.cpp.o
[ 35%] Building CXX object src/lib/OpenEXR/CMakeFiles/OpenEXR.dir/ImfLineOrderAttribute.cpp.o
[ 36%] Building CXX object src/lib/OpenEXR/CMakeFiles/OpenEXR.dir/ImfLut.cpp.o
[ 36%] Building CXX object src/lib/OpenEXR/CMakeFiles/OpenEXR.dir/ImfMatrixAttribute.cpp.o
[ 36%] Building CXX object src/lib/OpenEXR/CMakeFiles/OpenEXR.dir/ImfMisc.cpp.o
[ 37%] Building CXX object src/lib/OpenEXR/CMakeFiles/OpenEXR.dir/ImfMultiPartInputFile.cpp.o
[ 37%] Building CXX object src/lib/OpenEXR/CMakeFiles/OpenEXR.dir/ImfMultiPartOutputFile.cpp.o
[ 38%] Building CXX object src/lib/OpenEXR/CMakeFiles/OpenEXR.dir/ImfMultiView.cpp.o
[ 38%] Building CXX object src/lib/OpenEXR/CMakeFiles/OpenEXR.dir/ImfOpaqueAttribute.cpp.o
[ 38%] Built target IexTest
[ 38%] Building CXX object src/lib/OpenEXR/CMakeFiles/OpenEXR.dir/ImfOutputFile.cpp.o
[ 39%] Building CXX object src/lib/OpenEXR/CMakeFiles/OpenEXR.dir/ImfOutputPart.cpp.o
[ 39%] Building CXX object src/lib/OpenEXR/CMakeFiles/OpenEXR.dir/ImfOutputPartData.cpp.o
[ 39%] Building CXX object src/lib/OpenEXR/CMakeFiles/OpenEXR.dir/ImfPartType.cpp.o
[ 40%] Building CXX object src/lib/OpenEXR/CMakeFiles/OpenEXR.dir/ImfPizCompressor.cpp.o
[ 40%] Building CXX object src/lib/OpenEXR/CMakeFiles/OpenEXR.dir/ImfPreviewImage.cpp.o
[ 40%] Building CXX object src/lib/OpenEXR/CMakeFiles/OpenEXR.dir/ImfPreviewImageAttribute.cpp.o
[ 41%] Building CXX object src/lib/OpenEXR/CMakeFiles/OpenEXR.dir/ImfPxr24Compressor.cpp.o
[ 41%] Building CXX object src/lib/OpenEXR/CMakeFiles/OpenEXR.dir/ImfRational.cpp.o
[ 41%] Building CXX object src/lib/OpenEXR/CMakeFiles/OpenEXR.dir/ImfRationalAttribute.cpp.o
[ 42%] Building CXX object src/lib/OpenEXR/CMakeFiles/OpenEXR.dir/ImfRgbaFile.cpp.o
[ 42%] Building CXX object src/lib/OpenEXR/CMakeFiles/OpenEXR.dir/ImfRgbaYca.cpp.o
[ 42%] Building CXX object src/lib/OpenEXR/CMakeFiles/OpenEXR.dir/ImfRle.cpp.o
[ 43%] Building CXX object src/lib/OpenEXR/CMakeFiles/OpenEXR.dir/ImfRleCompressor.cpp.o
[ 43%] Building CXX object src/lib/OpenEXR/CMakeFiles/OpenEXR.dir/ImfScanLineInputFile.cpp.o
[ 43%] Building CXX object src/lib/OpenEXR/CMakeFiles/OpenEXR.dir/ImfStandardAttributes.cpp.o
[ 44%] Building CXX object src/lib/OpenEXR/CMakeFiles/OpenEXR.dir/ImfStdIO.cpp.o
/build/openexr3.2/src/openexr-3.2.4/src/lib/OpenEXR/ImfMisc.cpp: In function ‘std::wstring Imf_3_2::WidenFilename(const char*)’:
/build/openexr3.2/src/openexr-3.2.4/src/lib/OpenEXR/ImfMisc.cpp:1990:10: warning: ‘template<class _Codecvt, class _Elem, class _Wide_alloc, class _Byte_alloc> class std::__cxx11::wstring_convert’ is deprecated [-Wdeprecated-declarations]
 1990 |     std::wstring_convert<std::codecvt_utf8<wchar_t>, wchar_t> converter;
      |          ^~~~~~~~~~~~~~~
In file included from /usr/include/c++/16/locale:47,
                 from /build/openexr3.2/src/openexr-3.2.4/src/lib/OpenEXR/ImfMisc.cpp:27:
/usr/include/c++/16/bits/locale_conv.h:265:33: note: declared here
  265 |     class _GLIBCXX17_DEPRECATED wstring_convert
      |                                 ^~~~~~~~~~~~~~~
[ 44%] Building CXX object src/lib/OpenEXR/CMakeFiles/OpenEXR.dir/ImfStringAttribute.cpp.o
[ 44%] Building CXX object src/lib/OpenEXR/CMakeFiles/OpenEXR.dir/ImfStringVectorAttribute.cpp.o
[ 45%] Building CXX object src/lib/OpenEXR/CMakeFiles/OpenEXR.dir/ImfSystemSpecific.cpp.o
[ 45%] Building CXX object src/lib/OpenEXR/CMakeFiles/OpenEXR.dir/ImfTestFile.cpp.o
[ 45%] Building CXX object src/lib/OpenEXR/CMakeFiles/OpenEXR.dir/ImfThreading.cpp.o
[ 46%] Building CXX object src/lib/OpenEXR/CMakeFiles/OpenEXR.dir/ImfTileDescriptionAttribute.cpp.o
[ 46%] Building CXX object src/lib/OpenEXR/CMakeFiles/OpenEXR.dir/ImfTiledInputFile.cpp.o
[ 46%] Building CXX object src/lib/OpenEXR/CMakeFiles/OpenEXR.dir/ImfTiledInputPart.cpp.o
[ 47%] Building CXX object src/lib/OpenEXR/CMakeFiles/OpenEXR.dir/ImfTiledMisc.cpp.o
[ 47%] Building CXX object src/lib/OpenEXR/CMakeFiles/OpenEXR.dir/ImfTiledOutputFile.cpp.o
[ 47%] Building CXX object src/lib/OpenEXR/CMakeFiles/OpenEXR.dir/ImfTiledOutputPart.cpp.o
[ 48%] Building CXX object src/lib/OpenEXR/CMakeFiles/OpenEXR.dir/ImfTiledRgbaFile.cpp.o
[ 48%] Building CXX object src/lib/OpenEXR/CMakeFiles/OpenEXR.dir/ImfTileOffsets.cpp.o
[ 48%] Building CXX object src/lib/OpenEXR/CMakeFiles/OpenEXR.dir/ImfTimeCode.cpp.o
[ 49%] Building CXX object src/lib/OpenEXR/CMakeFiles/OpenEXR.dir/ImfTimeCodeAttribute.cpp.o
[ 49%] Building CXX object src/lib/OpenEXR/CMakeFiles/OpenEXR.dir/ImfVecAttribute.cpp.o
[ 49%] Building CXX object src/lib/OpenEXR/CMakeFiles/OpenEXR.dir/ImfVersion.cpp.o
[ 50%] Building CXX object src/lib/OpenEXR/CMakeFiles/OpenEXR.dir/ImfWav.cpp.o
/build/openexr3.2/src/openexr-3.2.4/src/lib/OpenEXR/ImfStandardAttributes.cpp: In function ‘const std::string& Imf_3_2::renderingTransform(const Header&)’:
/build/openexr3.2/src/openexr-3.2.4/src/lib/OpenEXR/ImfStandardAttributes.cpp:50:42: warning: ‘const Imf_3_2::TypedAttribute<std::__cxx11::basic_string<char> >& Imf_3_2::renderingTransformAttribute(const Header&)’ is deprecated: this attribute is obsolete as of OpenEXR v3.2 [-Wdeprecated-declarations]
   50 |         return IMF_NAME_ATTRIBUTE (name) (header).value ();                    \
      |                                          ^
/build/openexr3.2/src/openexr-3.2.4/src/lib/OpenEXR/ImfStandardAttributes.cpp:113:1: note: in expansion of macro ‘IMF_STD_ATTRIBUTE_IMP’
  113 | IMF_STD_ATTRIBUTE_IMP (renderingTransform, RenderingTransform, string)
      | ^~~~~~~~~~~~~~~~~~~~~
In file included from /build/openexr3.2/src/openexr-3.2.4/src/lib/OpenEXR/ImfStandardAttributes.cpp:12:
/build/openexr3.2/src/openexr-3.2.4/src/lib/OpenEXR/ImfStandardAttributes.cpp:113:24: note: declared here
  113 | IMF_STD_ATTRIBUTE_IMP (renderingTransform, RenderingTransform, string)
      |                        ^~~~~~~~~~~~~~~~~~
/build/openexr3.2/src/openexr-3.2.4/src/lib/OpenEXR/ImfStandardAttributes.h:47:34: note: in definition of macro ‘IMF_NAME_ATTRIBUTE’
   47 | #define IMF_NAME_ATTRIBUTE(name) name##Attribute
      |                                  ^~~~
/build/openexr3.2/src/openexr-3.2.4/src/lib/OpenEXR/ImfStandardAttributes.cpp:113:1: note: in expansion of macro ‘IMF_STD_ATTRIBUTE_IMP’
  113 | IMF_STD_ATTRIBUTE_IMP (renderingTransform, RenderingTransform, string)
      | ^~~~~~~~~~~~~~~~~~~~~
/build/openexr3.2/src/openexr-3.2.4/src/lib/OpenEXR/ImfStandardAttributes.cpp: In function ‘std::string& Imf_3_2::renderingTransform(Header&)’:
/build/openexr3.2/src/openexr-3.2.4/src/lib/OpenEXR/ImfStandardAttributes.cpp:55:42: warning: ‘Imf_3_2::TypedAttribute<std::__cxx11::basic_string<char> >& Imf_3_2::renderingTransformAttribute(Header&)’ is deprecated: this attribute is obsolete as of OpenEXR v3.2 [-Wdeprecated-declarations]
   55 |         return IMF_NAME_ATTRIBUTE (name) (header).value ();                    \
      |                                          ^
/build/openexr3.2/src/openexr-3.2.4/src/lib/OpenEXR/ImfStandardAttributes.cpp:113:1: note: in expansion of macro ‘IMF_STD_ATTRIBUTE_IMP’
  113 | IMF_STD_ATTRIBUTE_IMP (renderingTransform, RenderingTransform, string)
      | ^~~~~~~~~~~~~~~~~~~~~
/build/openexr3.2/src/openexr-3.2.4/src/lib/OpenEXR/ImfStandardAttributes.cpp:113:24: note: declared here
  113 | IMF_STD_ATTRIBUTE_IMP (renderingTransform, RenderingTransform, string)
      |                        ^~~~~~~~~~~~~~~~~~
/build/openexr3.2/src/openexr-3.2.4/src/lib/OpenEXR/ImfStandardAttributes.h:47:34: note: in definition of macro ‘IMF_NAME_ATTRIBUTE’
   47 | #define IMF_NAME_ATTRIBUTE(name) name##Attribute
      |                                  ^~~~
/build/openexr3.2/src/openexr-3.2.4/src/lib/OpenEXR/ImfStandardAttributes.cpp:113:1: note: in expansion of macro ‘IMF_STD_ATTRIBUTE_IMP’
  113 | IMF_STD_ATTRIBUTE_IMP (renderingTransform, RenderingTransform, string)
      | ^~~~~~~~~~~~~~~~~~~~~
/build/openexr3.2/src/openexr-3.2.4/src/lib/OpenEXR/ImfStandardAttributes.cpp: In function ‘const std::string& Imf_3_2::lookModTransform(const Header&)’:
/build/openexr3.2/src/openexr-3.2.4/src/lib/OpenEXR/ImfStandardAttributes.cpp:50:42: warning: ‘const Imf_3_2::TypedAttribute<std::__cxx11::basic_string<char> >& Imf_3_2::lookModTransformAttribute(const Header&)’ is deprecated: this attribute is obsolete as of OpenEXR v3.2 [-Wdeprecated-declarations]
   50 |         return IMF_NAME_ATTRIBUTE (name) (header).value ();                    \
      |                                          ^
/build/openexr3.2/src/openexr-3.2.4/src/lib/OpenEXR/ImfStandardAttributes.cpp:114:1: note: in expansion of macro ‘IMF_STD_ATTRIBUTE_IMP’
  114 | IMF_STD_ATTRIBUTE_IMP (lookModTransform, LookModTransform, string)
      | ^~~~~~~~~~~~~~~~~~~~~
/build/openexr3.2/src/openexr-3.2.4/src/lib/OpenEXR/ImfStandardAttributes.cpp:114:24: note: declared here
  114 | IMF_STD_ATTRIBUTE_IMP (lookModTransform, LookModTransform, string)
      |                        ^~~~~~~~~~~~~~~~
/build/openexr3.2/src/openexr-3.2.4/src/lib/OpenEXR/ImfStandardAttributes.h:47:34: note: in definition of macro ‘IMF_NAME_ATTRIBUTE’
   47 | #define IMF_NAME_ATTRIBUTE(name) name##Attribute
      |                                  ^~~~
/build/openexr3.2/src/openexr-3.2.4/src/lib/OpenEXR/ImfStandardAttributes.cpp:114:1: note: in expansion of macro ‘IMF_STD_ATTRIBUTE_IMP’
  114 | IMF_STD_ATTRIBUTE_IMP (lookModTransform, LookModTransform, string)
      | ^~~~~~~~~~~~~~~~~~~~~
/build/openexr3.2/src/openexr-3.2.4/src/lib/OpenEXR/ImfStandardAttributes.cpp: In function ‘std::string& Imf_3_2::lookModTransform(Header&)’:
/build/openexr3.2/src/openexr-3.2.4/src/lib/OpenEXR/ImfStandardAttributes.cpp:55:42: warning: ‘Imf_3_2::TypedAttribute<std::__cxx11::basic_string<char> >& Imf_3_2::lookModTransformAttribute(Header&)’ is deprecated: this attribute is obsolete as of OpenEXR v3.2 [-Wdeprecated-declarations]
   55 |         return IMF_NAME_ATTRIBUTE (name) (header).value ();                    \
      |                                          ^
/build/openexr3.2/src/openexr-3.2.4/src/lib/OpenEXR/ImfStandardAttributes.cpp:114:1: note: in expansion of macro ‘IMF_STD_ATTRIBUTE_IMP’
  114 | IMF_STD_ATTRIBUTE_IMP (lookModTransform, LookModTransform, string)
      | ^~~~~~~~~~~~~~~~~~~~~
/build/openexr3.2/src/openexr-3.2.4/src/lib/OpenEXR/ImfStandardAttributes.cpp:114:24: note: declared here
  114 | IMF_STD_ATTRIBUTE_IMP (lookModTransform, LookModTransform, string)
      |                        ^~~~~~~~~~~~~~~~
/build/openexr3.2/src/openexr-3.2.4/src/lib/OpenEXR/ImfStandardAttributes.h:47:34: note: in definition of macro ‘IMF_NAME_ATTRIBUTE’
   47 | #define IMF_NAME_ATTRIBUTE(name) name##Attribute
      |                                  ^~~~
/build/openexr3.2/src/openexr-3.2.4/src/lib/OpenEXR/ImfStandardAttributes.cpp:114:1: note: in expansion of macro ‘IMF_STD_ATTRIBUTE_IMP’
  114 | IMF_STD_ATTRIBUTE_IMP (lookModTransform, LookModTransform, string)
      | ^~~~~~~~~~~~~~~~~~~~~
/build/openexr3.2/src/openexr-3.2.4/src/lib/OpenEXR/ImfStandardAttributes.cpp: In function ‘const float& Imf_3_2::dwaCompressionLevel(const Header&)’:
/build/openexr3.2/src/openexr-3.2.4/src/lib/OpenEXR/ImfStandardAttributes.cpp:50:42: warning: ‘const Imf_3_2::TypedAttribute<float>& Imf_3_2::dwaCompressionLevelAttribute(const Header&)’ is deprecated: use compression method in ImfHeader [-Wdeprecated-declarations]
   50 |         return IMF_NAME_ATTRIBUTE (name) (header).value ();                    \
      |                                          ^
/build/openexr3.2/src/openexr-3.2.4/src/lib/OpenEXR/ImfStandardAttributes.cpp:119:1: note: in expansion of macro ‘IMF_STD_ATTRIBUTE_IMP’
  119 | IMF_STD_ATTRIBUTE_IMP (dwaCompressionLevel, DwaCompressionLevel, float)
      | ^~~~~~~~~~~~~~~~~~~~~
/build/openexr3.2/src/openexr-3.2.4/src/lib/OpenEXR/ImfStandardAttributes.cpp:119:24: note: declared here
  119 | IMF_STD_ATTRIBUTE_IMP (dwaCompressionLevel, DwaCompressionLevel, float)
      |                        ^~~~~~~~~~~~~~~~~~~
/build/openexr3.2/src/openexr-3.2.4/src/lib/OpenEXR/ImfStandardAttributes.h:47:34: note: in definition of macro ‘IMF_NAME_ATTRIBUTE’
   47 | #define IMF_NAME_ATTRIBUTE(name) name##Attribute
      |                                  ^~~~
/build/openexr3.2/src/openexr-3.2.4/src/lib/OpenEXR/ImfStandardAttributes.cpp:119:1: note: in expansion of macro ‘IMF_STD_ATTRIBUTE_IMP’
  119 | IMF_STD_ATTRIBUTE_IMP (dwaCompressionLevel, DwaCompressionLevel, float)
      | ^~~~~~~~~~~~~~~~~~~~~
/build/openexr3.2/src/openexr-3.2.4/src/lib/OpenEXR/ImfStandardAttributes.cpp: In function ‘float& Imf_3_2::dwaCompressionLevel(Header&)’:
/build/openexr3.2/src/openexr-3.2.4/src/lib/OpenEXR/ImfStandardAttributes.cpp:55:42: warning: ‘Imf_3_2::TypedAttribute<float>& Imf_3_2::dwaCompressionLevelAttribute(Header&)’ is deprecated: use compression method in ImfHeader [-Wdeprecated-declarations]
   55 |         return IMF_NAME_ATTRIBUTE (name) (header).value ();                    \
      |                                          ^
/build/openexr3.2/src/openexr-3.2.4/src/lib/OpenEXR/ImfStandardAttributes.cpp:119:1: note: in expansion of macro ‘IMF_STD_ATTRIBUTE_IMP’
  119 | IMF_STD_ATTRIBUTE_IMP (dwaCompressionLevel, DwaCompressionLevel, float)
      | ^~~~~~~~~~~~~~~~~~~~~
/build/openexr3.2/src/openexr-3.2.4/src/lib/OpenEXR/ImfStandardAttributes.cpp:119:24: note: declared here
  119 | IMF_STD_ATTRIBUTE_IMP (dwaCompressionLevel, DwaCompressionLevel, float)
      |                        ^~~~~~~~~~~~~~~~~~~
/build/openexr3.2/src/openexr-3.2.4/src/lib/OpenEXR/ImfStandardAttributes.h:47:34: note: in definition of macro ‘IMF_NAME_ATTRIBUTE’
   47 | #define IMF_NAME_ATTRIBUTE(name) name##Attribute
      |                                  ^~~~
/build/openexr3.2/src/openexr-3.2.4/src/lib/OpenEXR/ImfStandardAttributes.cpp:119:1: note: in expansion of macro ‘IMF_STD_ATTRIBUTE_IMP’
  119 | IMF_STD_ATTRIBUTE_IMP (dwaCompressionLevel, DwaCompressionLevel, float)
      | ^~~~~~~~~~~~~~~~~~~~~
[ 50%] Building CXX object src/lib/OpenEXR/CMakeFiles/OpenEXR.dir/ImfZip.cpp.o
[ 51%] Building CXX object src/lib/OpenEXR/CMakeFiles/OpenEXR.dir/ImfZipCompressor.cpp.o
[ 51%] Linking CXX shared library libOpenEXR-3_2.so
[ 51%] Built target OpenEXR
[ 51%] Building CXX object src/bin/exrenvmap/CMakeFiles/exrenvmap.dir/blurImage.cpp.o
[ 52%] Building CXX object src/bin/exrmakepreview/CMakeFiles/exrmakepreview.dir/main.cpp.o
[ 52%] Building CXX object src/bin/exrenvmap/CMakeFiles/exrenvmap.dir/EnvmapImage.cpp.o
[ 53%] Building CXX object src/lib/OpenEXRUtil/CMakeFiles/OpenEXRUtil.dir/ImfDeepImageChannel.cpp.o
[ 53%] Building CXX object src/bin/exrmanifest/CMakeFiles/exrmanifest.dir/main.cpp.o
[ 53%] Building CXX object src/lib/OpenEXRUtil/CMakeFiles/OpenEXRUtil.dir/ImfCheckFile.cpp.o
[ 53%] Building CXX object src/bin/exrmultipart/CMakeFiles/exrmultipart.dir/exrmultipart.cpp.o
[ 53%] Building CXX object src/examples/CMakeFiles/deepidselect.dir/deepidselect.cpp.o
[ 53%] Building CXX object src/bin/exr2aces/CMakeFiles/exr2aces.dir/main.cpp.o
[ 53%] Building CXX object src/bin/exrheader/CMakeFiles/exrheader.dir/main.cpp.o
[ 53%] Building CXX object src/examples/CMakeFiles/deepidexample.dir/deepidexample.cpp.o
[ 54%] Building CXX object src/lib/OpenEXRUtil/CMakeFiles/OpenEXRUtil.dir/ImfDeepImage.cpp.o
[ 54%] Building CXX object src/bin/exrmaketiled/CMakeFiles/exrmaketiled.dir/Image.cpp.o
[ 54%] Building CXX object website/src/CMakeFiles/website_src.dir/all.cpp.o
[ 54%] Building CXX object src/examples/CMakeFiles/OpenEXRExamples.dir/drawImage.cpp.o
[ 54%] Building CXX object src/bin/exrmultiview/CMakeFiles/exrmultiview.dir/Image.cpp.o
[ 54%] Building CXX object src/bin/exrstdattr/CMakeFiles/exrstdattr.dir/main.cpp.o
[ 54%] Building CXX object src/test/OpenEXRCoreTest/CMakeFiles/OpenEXRCoreTest.dir/base_units.cpp.o
[ 54%] Building CXX object src/test/OpenEXRCoreTest/CMakeFiles/CorePerfTest.dir/performance.cpp.o
[ 54%] Building CXX object src/test/OpenEXRTest/CMakeFiles/OpenEXRTest.dir/compareB44.cpp.o
[ 54%] Building CXX object src/test/OpenEXRCoreTest/CMakeFiles/OpenEXRCoreTest.dir/buffer.cpp.o
[ 55%] Building CXX object src/bin/exrmakepreview/CMakeFiles/exrmakepreview.dir/makePreview.cpp.o
[ 55%] Building CXX object src/test/OpenEXRTest/CMakeFiles/OpenEXRTest.dir/compareDwa.cpp.o
[ 56%] Building CXX object src/test/OpenEXRCoreTest/CMakeFiles/OpenEXRCoreTest.dir/compression.cpp.o
[ 56%] Building CXX object src/lib/OpenEXRUtil/CMakeFiles/OpenEXRUtil.dir/ImfDeepImageIO.cpp.o
[ 56%] Building CXX object src/bin/exrenvmap/CMakeFiles/exrenvmap.dir/main.cpp.o
[ 57%] Building CXX object src/lib/OpenEXRUtil/CMakeFiles/OpenEXRUtil.dir/ImfDeepImageLevel.cpp.o
[ 57%] Building CXX object src/bin/exrenvmap/CMakeFiles/exrenvmap.dir/makeCubeMap.cpp.o
[ 57%] Building CXX object src/examples/CMakeFiles/OpenEXRExamples.dir/generalInterfaceExamples.cpp.o
[ 57%] Building CXX object src/test/OpenEXRCoreTest/CMakeFiles/OpenEXRCoreTest.dir/deep.cpp.o
[ 57%] Linking CXX executable ../../../bin/exr2aces
[ 58%] Building CXX object src/bin/exrmaketiled/CMakeFiles/exrmaketiled.dir/main.cpp.o
[ 58%] Building CXX object src/bin/exrmultiview/CMakeFiles/exrmultiview.dir/main.cpp.o
[ 58%] Linking CXX executable ../../../bin/exrheader
[ 59%] Linking CXX executable ../../../bin/exrstdattr
[ 59%] Linking CXX executable ../../../bin/exrmanifest
[ 59%] Built target exr2aces
[ 59%] Building CXX object src/lib/OpenEXRUtil/CMakeFiles/OpenEXRUtil.dir/ImfFlatImage.cpp.o
[ 60%] Linking CXX executable ../../bin/website_src
[ 61%] Linking CXX executable deepidexample
[ 61%] Built target exrheader
[ 62%] Building CXX object src/bin/exrenvmap/CMakeFiles/exrenvmap.dir/makeLatLongMap.cpp.o
[ 62%] Linking CXX executable ../../../bin/CorePerfTest
[ 63%] Linking CXX executable deepidselect
[ 63%] Built target website_src
[ 63%] Building CXX object src/bin/exrenvmap/CMakeFiles/exrenvmap.dir/readInputImage.cpp.o
[ 63%] Built target exrmanifest
[ 64%] Building CXX object src/test/OpenEXRTest/CMakeFiles/OpenEXRTest.dir/compareFloat.cpp.o
[ 64%] Building CXX object src/test/OpenEXRCoreTest/CMakeFiles/OpenEXRCoreTest.dir/general_attr.cpp.o
[ 64%] Building CXX object src/test/OpenEXRTest/CMakeFiles/OpenEXRTest.dir/main.cpp.o
[ 64%] Linking CXX executable ../../../bin/exrmakepreview
[ 65%] Linking CXX executable ../../../bin/exrmultipart
[ 65%] Built target exrmakepreview
[ 66%] Building CXX object src/examples/CMakeFiles/OpenEXRExamples.dir/generalInterfaceTiledExamples.cpp.o
[ 66%] Built target CorePerfTest
[ 66%] Building CXX object src/bin/exrmaketiled/CMakeFiles/exrmaketiled.dir/makeTiled.cpp.o
[ 66%] Built target exrstdattr
[ 67%] Building CXX object src/bin/exrmultiview/CMakeFiles/exrmultiview.dir/makeMultiView.cpp.o
[ 67%] Building CXX object src/lib/OpenEXRUtil/CMakeFiles/OpenEXRUtil.dir/ImfFlatImageChannel.cpp.o
[ 68%] Building CXX object src/test/OpenEXRCoreTest/CMakeFiles/OpenEXRCoreTest.dir/main.cpp.o
[ 69%] Building CXX object src/lib/OpenEXRUtil/CMakeFiles/OpenEXRUtil.dir/ImfFlatImageIO.cpp.o
[ 69%] Building CXX object src/examples/CMakeFiles/OpenEXRExamples.dir/lowLevelIoExamples.cpp.o
[ 69%] Building CXX object src/test/OpenEXRTest/CMakeFiles/OpenEXRTest.dir/random.cpp.o
[ 69%] Building CXX object src/test/OpenEXRCoreTest/CMakeFiles/OpenEXRCoreTest.dir/read.cpp.o
[ 69%] Building CXX object src/examples/CMakeFiles/OpenEXRExamples.dir/main.cpp.o
[ 69%] Building CXX object src/test/OpenEXRCoreTest/CMakeFiles/OpenEXRCoreTest.dir/write.cpp.o
[ 69%] Building CXX object src/bin/exrenvmap/CMakeFiles/exrenvmap.dir/resizeImage.cpp.o
[ 70%] Building CXX object src/examples/CMakeFiles/OpenEXRExamples.dir/previewImageExamples.cpp.o
[ 70%] Building CXX object src/lib/OpenEXRUtil/CMakeFiles/OpenEXRUtil.dir/ImfFlatImageLevel.cpp.o
[ 71%] Building CXX object src/test/OpenEXRTest/CMakeFiles/OpenEXRTest.dir/testAttributes.cpp.o
[ 71%] Building CXX object src/examples/CMakeFiles/OpenEXRExamples.dir/rgbaInterfaceExamples.cpp.o
[ 71%] Building CXX object src/lib/OpenEXRUtil/CMakeFiles/OpenEXRUtil.dir/ImfImage.cpp.o
[ 72%] Building CXX object src/lib/OpenEXRUtil/CMakeFiles/OpenEXRUtil.dir/ImfImageChannel.cpp.o
[ 72%] Built target deepidselect
[ 72%] Building CXX object src/examples/CMakeFiles/OpenEXRExamples.dir/rgbaInterfaceTiledExamples.cpp.o
[ 72%] Building CXX object src/test/OpenEXRTest/CMakeFiles/OpenEXRTest.dir/testB44ExpLogTable.cpp.o
[ 72%] Built target deepidexample
[ 73%] Building CXX object src/examples/CMakeFiles/OpenEXRExamples.dir/deepExamples.cpp.o
[ 73%] Building CXX object src/examples/CMakeFiles/OpenEXRExamples.dir/deepTiledExamples.cpp.o
[ 73%] Building CXX object src/test/OpenEXRTest/CMakeFiles/OpenEXRTest.dir/testBackwardCompatibility.cpp.o
[ 73%] Building CXX object src/lib/OpenEXRUtil/CMakeFiles/OpenEXRUtil.dir/ImfImageDataWindow.cpp.o
[ 74%] Building CXX object src/test/OpenEXRTest/CMakeFiles/OpenEXRTest.dir/testBadTypeAttributes.cpp.o
[ 74%] Linking CXX executable ../../../bin/exrmultiview
[ 74%] Building CXX object src/lib/OpenEXRUtil/CMakeFiles/OpenEXRUtil.dir/ImfImageIO.cpp.o
[ 74%] Linking CXX executable ../../../bin/exrmaketiled
[ 75%] Linking CXX executable ../../../bin/exrenvmap
[ 75%] Building CXX object src/examples/CMakeFiles/OpenEXRExamples.dir/multipartExamples.cpp.o
[ 75%] Building CXX object src/test/OpenEXRTest/CMakeFiles/OpenEXRTest.dir/testChannels.cpp.o
[ 76%] Linking CXX executable ../../../bin/OpenEXRCoreTest
[ 77%] Building CXX object src/lib/OpenEXRUtil/CMakeFiles/OpenEXRUtil.dir/ImfImageLevel.cpp.o
[ 77%] Building CXX object src/lib/OpenEXRUtil/CMakeFiles/OpenEXRUtil.dir/ImfSampleCountChannel.cpp.o
[ 77%] Building CXX object src/test/OpenEXRTest/CMakeFiles/OpenEXRTest.dir/testCompositeDeepScanLine.cpp.o
[ 78%] Building CXX object src/test/OpenEXRTest/CMakeFiles/OpenEXRTest.dir/testCompression.cpp.o
[ 78%] Built target exrmultipart
[ 78%] Building CXX object src/test/OpenEXRTest/CMakeFiles/OpenEXRTest.dir/testConversion.cpp.o
[ 78%] Building CXX object src/test/OpenEXRTest/CMakeFiles/OpenEXRTest.dir/testCopyDeepScanLine.cpp.o
[ 78%] Built target exrmultiview
[ 79%] Building CXX object src/test/OpenEXRTest/CMakeFiles/OpenEXRTest.dir/testCopyDeepTiled.cpp.o
[ 79%] Building CXX object src/test/OpenEXRTest/CMakeFiles/OpenEXRTest.dir/testCopyMultiPartFile.cpp.o
[ 79%] Built target exrenvmap
[ 80%] Building CXX object src/test/OpenEXRTest/CMakeFiles/OpenEXRTest.dir/testCopyPixels.cpp.o
[ 80%] Building CXX object src/test/OpenEXRTest/CMakeFiles/OpenEXRTest.dir/testCpuId.cpp.o
[ 80%] Building CXX object src/test/OpenEXRTest/CMakeFiles/OpenEXRTest.dir/testCustomAttributes.cpp.o
[ 81%] Building CXX object src/test/OpenEXRTest/CMakeFiles/OpenEXRTest.dir/testDeepScanLineBasic.cpp.o
[ 81%] Building CXX object src/test/OpenEXRTest/CMakeFiles/OpenEXRTest.dir/testDeepScanLineHuge.cpp.o
[ 82%] Linking CXX executable ../../bin/OpenEXRExamples
[ 82%] Built target exrmaketiled
[ 82%] Building CXX object src/test/OpenEXRTest/CMakeFiles/OpenEXRTest.dir/testDeepScanLineMultipleRead.cpp.o
[ 83%] Building CXX object src/test/OpenEXRTest/CMakeFiles/OpenEXRTest.dir/testDeepTiledBasic.cpp.o
[ 83%] Linking CXX shared library libOpenEXRUtil-3_2.so
[ 83%] Building CXX object src/test/OpenEXRTest/CMakeFiles/OpenEXRTest.dir/testDwaCompressorSimd.cpp.o
[ 83%] Building CXX object src/test/OpenEXRTest/CMakeFiles/OpenEXRTest.dir/testDwaLookups.cpp.o
[ 84%] Building CXX object src/test/OpenEXRTest/CMakeFiles/OpenEXRTest.dir/testExistingStreams.cpp.o
[ 84%] Building CXX object src/test/OpenEXRTest/CMakeFiles/OpenEXRTest.dir/testFutureProofing.cpp.o
[ 84%] Building CXX object src/test/OpenEXRTest/CMakeFiles/OpenEXRTest.dir/testHeader.cpp.o
[ 85%] Building CXX object src/test/OpenEXRTest/CMakeFiles/OpenEXRTest.dir/testHuf.cpp.o
[ 85%] Building CXX object src/test/OpenEXRTest/CMakeFiles/OpenEXRTest.dir/testIDManifest.cpp.o
[ 85%] Building CXX object src/test/OpenEXRTest/CMakeFiles/OpenEXRTest.dir/testInputPart.cpp.o
[ 86%] Building CXX object src/test/OpenEXRTest/CMakeFiles/OpenEXRTest.dir/testIsComplete.cpp.o
[ 86%] Building CXX object src/test/OpenEXRTest/CMakeFiles/OpenEXRTest.dir/testLargeDataWindowOffsets.cpp.o
[ 86%] Building CXX object src/test/OpenEXRTest/CMakeFiles/OpenEXRTest.dir/testLineOrder.cpp.o
[ 87%] Building CXX object src/test/OpenEXRTest/CMakeFiles/OpenEXRTest.dir/testLut.cpp.o
[ 87%] Building CXX object src/test/OpenEXRTest/CMakeFiles/OpenEXRTest.dir/testMagic.cpp.o
[ 87%] Building CXX object src/test/OpenEXRTest/CMakeFiles/OpenEXRTest.dir/testMalformedImages.cpp.o
[ 88%] Building CXX object src/test/OpenEXRTest/CMakeFiles/OpenEXRTest.dir/testMultiPartApi.cpp.o
[ 88%] Building CXX object src/test/OpenEXRTest/CMakeFiles/OpenEXRTest.dir/testMultiPartFileMixingBasic.cpp.o
[ 88%] Building CXX object src/test/OpenEXRTest/CMakeFiles/OpenEXRTest.dir/testMultiPartSharedAttributes.cpp.o
[ 89%] Building CXX object src/test/OpenEXRTest/CMakeFiles/OpenEXRTest.dir/testMultiPartThreading.cpp.o
[ 89%] Building CXX object src/test/OpenEXRTest/CMakeFiles/OpenEXRTest.dir/testMultiScanlinePartThreading.cpp.o
[ 89%] Building CXX object src/test/OpenEXRTest/CMakeFiles/OpenEXRTest.dir/testMultiTiledPartThreading.cpp.o
[ 90%] Building CXX object src/test/OpenEXRTest/CMakeFiles/OpenEXRTest.dir/testMultiView.cpp.o
[ 90%] Built target OpenEXRExamples
[ 90%] Building CXX object src/test/OpenEXRTest/CMakeFiles/OpenEXRTest.dir/testNativeFormat.cpp.o
[ 90%] Building CXX object src/test/OpenEXRTest/CMakeFiles/OpenEXRTest.dir/testOptimized.cpp.o
[ 91%] Building CXX object src/test/OpenEXRTest/CMakeFiles/OpenEXRTest.dir/testOptimizedInterleavePatterns.cpp.o
[ 91%] Building CXX object src/test/OpenEXRTest/CMakeFiles/OpenEXRTest.dir/testPartHelper.cpp.o
[ 91%] Building CXX object src/test/OpenEXRTest/CMakeFiles/OpenEXRTest.dir/testPreviewImage.cpp.o
[ 92%] Building CXX object src/test/OpenEXRTest/CMakeFiles/OpenEXRTest.dir/testRgba.cpp.o
[ 92%] Building CXX object src/test/OpenEXRTest/CMakeFiles/OpenEXRTest.dir/testRgbaThreading.cpp.o
[ 93%] Building CXX object src/test/OpenEXRTest/CMakeFiles/OpenEXRTest.dir/testRle.cpp.o
[ 93%] Building CXX object src/test/OpenEXRTest/CMakeFiles/OpenEXRTest.dir/testSampleImages.cpp.o
[ 93%] Built target OpenEXRUtil
[ 93%] Building CXX object src/test/OpenEXRTest/CMakeFiles/OpenEXRTest.dir/testScanLineApi.cpp.o
[ 94%] Building CXX object src/test/OpenEXRTest/CMakeFiles/OpenEXRTest.dir/testSharedFrameBuffer.cpp.o
[ 95%] Building CXX object src/bin/exrcheck/CMakeFiles/exrcheck.dir/main.cpp.o
[ 95%] Building CXX object src/test/OpenEXRTest/CMakeFiles/OpenEXRTest.dir/testStandardAttributes.cpp.o
[ 96%] Building CXX object src/test/OpenEXRUtilTest/CMakeFiles/OpenEXRUtilTest.dir/main.cpp.o
[ 96%] Building CXX object src/test/OpenEXRTest/CMakeFiles/OpenEXRTest.dir/testTiledCompression.cpp.o
[ 97%] Building CXX object src/test/OpenEXRTest/CMakeFiles/OpenEXRTest.dir/testTiledCopyPixels.cpp.o
[ 97%] Building CXX object src/test/OpenEXRTest/CMakeFiles/OpenEXRTest.dir/testTiledLineOrder.cpp.o
[ 97%] Building CXX object src/test/OpenEXRTest/CMakeFiles/OpenEXRTest.dir/testTiledRgba.cpp.o
[ 98%] Building CXX object src/test/OpenEXRTest/CMakeFiles/OpenEXRTest.dir/testTiledYa.cpp.o
[ 98%] Building CXX object src/test/OpenEXRTest/CMakeFiles/OpenEXRTest.dir/testWav.cpp.o
[ 98%] Building CXX object src/test/OpenEXRUtilTest/CMakeFiles/OpenEXRUtilTest.dir/testFlatImage.cpp.o
[ 98%] Building CXX object src/test/OpenEXRTest/CMakeFiles/OpenEXRTest.dir/testXdr.cpp.o
[ 99%] Building CXX object src/test/OpenEXRTest/CMakeFiles/OpenEXRTest.dir/testYca.cpp.o
[ 99%] Built target OpenEXRCoreTest
[ 99%] Building CXX object src/test/OpenEXRUtilTest/CMakeFiles/OpenEXRUtilTest.dir/testDeepImage.cpp.o
[100%] Building CXX object src/test/OpenEXRUtilTest/CMakeFiles/OpenEXRUtilTest.dir/testIO.cpp.o
[100%] Linking CXX executable ../../../bin/exrcheck
In file included from /build/openexr3.2/src/openexr-3.2.4/src/test/OpenEXRTest/testStandardAttributes.cpp:15:
/build/openexr3.2/src/openexr-3.2.4/src/test/OpenEXRTest/testStandardAttributes.cpp: In function ‘void {anonymous}::generatedFunctions()’:
/build/openexr3.2/src/openexr-3.2.4/src/test/OpenEXRTest/testStandardAttributes.cpp:902:35: warning: ‘bool Imf_3_2::hasRenderingTransform(const Header&)’ is deprecated: this attribute is obsolete as of OpenEXR v3.2 [-Wdeprecated-declarations]
  902 |     assert (hasRenderingTransform (header) == false);
      |             ~~~~~~~~~~~~~~~~~~~~~~^~~~~~~~
In file included from /build/openexr3.2/src/openexr-3.2.4/src/test/OpenEXRTest/testStandardAttributes.cpp:14:
/build/openexr3.2/src/openexr-3.2.4/src/lib/OpenEXR/ImfStandardAttributes.h:46:32: note: declared here
   46 | #define IMF_HAS_SUFFIX(suffix) has##suffix
      |                                ^~~
/build/openexr3.2/src/openexr-3.2.4/src/lib/OpenEXR/ImfStandardAttributes.h:70:21: note: in expansion of macro ‘IMF_HAS_SUFFIX’
   70 |     IMF_EXPORT bool IMF_HAS_SUFFIX (suffix) (const Header& header);            \
      |                     ^~~~~~~~~~~~~~
/build/openexr3.2/src/openexr-3.2.4/src/lib/OpenEXR/ImfStandardAttributes.h:629:1: note: in expansion of macro ‘IMF_STD_ATTRIBUTE_DEF_DEPRECATED’
  629 | IMF_STD_ATTRIBUTE_DEF_DEPRECATED (renderingTransform, RenderingTransform, std::string, "this attribute is obsolete as of OpenEXR v3.2")
      | ^~~~~~~~~~~~~~~~~~~~~~~~~~~~~~~~
/build/openexr3.2/src/openexr-3.2.4/src/test/OpenEXRTest/testStandardAttributes.cpp:902:35: warning: ‘bool Imf_3_2::hasRenderingTransform(const Header&)’ is deprecated: this attribute is obsolete as of OpenEXR v3.2 [-Wdeprecated-declarations]
  902 |     assert (hasRenderingTransform (header) == false);
      |             ~~~~~~~~~~~~~~~~~~~~~~^~~~~~~~
/build/openexr3.2/src/openexr-3.2.4/src/lib/OpenEXR/ImfStandardAttributes.h:46:32: note: declared here
   46 | #define IMF_HAS_SUFFIX(suffix) has##suffix
      |                                ^~~
/build/openexr3.2/src/openexr-3.2.4/src/lib/OpenEXR/ImfStandardAttributes.h:70:21: note: in expansion of macro ‘IMF_HAS_SUFFIX’
   70 |     IMF_EXPORT bool IMF_HAS_SUFFIX (suffix) (const Header& header);            \
      |                     ^~~~~~~~~~~~~~
/build/openexr3.2/src/openexr-3.2.4/src/lib/OpenEXR/ImfStandardAttributes.h:629:1: note: in expansion of macro ‘IMF_STD_ATTRIBUTE_DEF_DEPRECATED’
  629 | IMF_STD_ATTRIBUTE_DEF_DEPRECATED (renderingTransform, RenderingTransform, std::string, "this attribute is obsolete as of OpenEXR v3.2")
      | ^~~~~~~~~~~~~~~~~~~~~~~~~~~~~~~~
/build/openexr3.2/src/openexr-3.2.4/src/test/OpenEXRTest/testStandardAttributes.cpp:903:33: warning: ‘bool Imf_3_2::hasLookModTransform(const Header&)’ is deprecated: this attribute is obsolete as of OpenEXR v3.2 [-Wdeprecated-declarations]
  903 |     assert (hasLookModTransform (header) == false);
      |             ~~~~~~~~~~~~~~~~~~~~^~~~~~~~
/build/openexr3.2/src/openexr-3.2.4/src/lib/OpenEXR/ImfStandardAttributes.h:46:32: note: declared here
   46 | #define IMF_HAS_SUFFIX(suffix) has##suffix
      |                                ^~~
/build/openexr3.2/src/openexr-3.2.4/src/lib/OpenEXR/ImfStandardAttributes.h:70:21: note: in expansion of macro ‘IMF_HAS_SUFFIX’
   70 |     IMF_EXPORT bool IMF_HAS_SUFFIX (suffix) (const Header& header);            \
      |                     ^~~~~~~~~~~~~~
/build/openexr3.2/src/openexr-3.2.4/src/lib/OpenEXR/ImfStandardAttributes.h:630:1: note: in expansion of macro ‘IMF_STD_ATTRIBUTE_DEF_DEPRECATED’
  630 | IMF_STD_ATTRIBUTE_DEF_DEPRECATED (lookModTransform, LookModTransform, std::string, "this attribute is obsolete as of OpenEXR v3.2")
      | ^~~~~~~~~~~~~~~~~~~~~~~~~~~~~~~~
/build/openexr3.2/src/openexr-3.2.4/src/test/OpenEXRTest/testStandardAttributes.cpp:903:33: warning: ‘bool Imf_3_2::hasLookModTransform(const Header&)’ is deprecated: this attribute is obsolete as of OpenEXR v3.2 [-Wdeprecated-declarations]
  903 |     assert (hasLookModTransform (header) == false);
      |             ~~~~~~~~~~~~~~~~~~~~^~~~~~~~
/build/openexr3.2/src/openexr-3.2.4/src/lib/OpenEXR/ImfStandardAttributes.h:46:32: note: declared here
   46 | #define IMF_HAS_SUFFIX(suffix) has##suffix
      |                                ^~~
/build/openexr3.2/src/openexr-3.2.4/src/lib/OpenEXR/ImfStandardAttributes.h:70:21: note: in expansion of macro ‘IMF_HAS_SUFFIX’
   70 |     IMF_EXPORT bool IMF_HAS_SUFFIX (suffix) (const Header& header);            \
      |                     ^~~~~~~~~~~~~~
/build/openexr3.2/src/openexr-3.2.4/src/lib/OpenEXR/ImfStandardAttributes.h:630:1: note: in expansion of macro ‘IMF_STD_ATTRIBUTE_DEF_DEPRECATED’
  630 | IMF_STD_ATTRIBUTE_DEF_DEPRECATED (lookModTransform, LookModTransform, std::string, "this attribute is obsolete as of OpenEXR v3.2")
      | ^~~~~~~~~~~~~~~~~~~~~~~~~~~~~~~~
[100%] Built target exrcheck
[100%] Linking CXX executable ../../../bin/OpenEXRTest
[100%] Linking CXX executable ../../../bin/OpenEXRUtilTest
[100%] Built target OpenEXRUtilTest
[100%] Built target OpenEXRTest
