Test project /build/openloco/src/build
      Start  1: TimerTest.TestDuration
 1/61 Test  #1: TimerTest.TestDuration ........................   Passed    1.00 sec
      Start  2: TimerTest.TestReset
 2/61 Test  #2: TimerTest.TestReset ...........................   Passed    1.00 sec
      Start  3: PrngTests.misc
 3/61 Test  #3: PrngTests.misc ................................   Passed    0.00 sec
      Start  4: NumericTest.bitScanForward
 4/61 Test  #4: NumericTest.bitScanForward ....................   Passed    0.00 sec
      Start  5: NumericTest.bitScanReverse
 5/61 Test  #5: NumericTest.bitScanReverse ....................   Passed    0.00 sec
      Start  6: MemoryStreamTest.testWriteRead
 6/61 Test  #6: MemoryStreamTest.testWriteRead ................   Passed    0.00 sec
      Start  7: MemoryStreamTest.testOverwrite
 7/61 Test  #7: MemoryStreamTest.testOverwrite ................   Passed    0.00 sec
      Start  8: MemoryStreamTest.testPosition
 8/61 Test  #8: MemoryStreamTest.testPosition .................   Passed    0.00 sec
      Start  9: MemoryStreamTest.testBadRead
 9/61 Test  #9: MemoryStreamTest.testBadRead ..................   Passed    0.00 sec
      Start 10: MemoryStreamTest.testWrite100MiB
10/61 Test #10: MemoryStreamTest.testWrite100MiB ..............   Passed    0.42 sec
      Start 11: MemoryStreamTest.testResize
11/61 Test #11: MemoryStreamTest.testResize ...................   Passed    0.00 sec
      Start 12: FileStreamTest.testWriteRead
12/61 Test #12: FileStreamTest.testWriteRead ..................   Passed    0.00 sec
      Start 13: FileStreamTest.testBadRead
13/61 Test #13: FileStreamTest.testBadRead ....................   Passed    0.00 sec
      Start 14: FileStreamTest.testPosition
14/61 Test #14: FileStreamTest.testPosition ...................   Passed    0.00 sec
      Start 15: FileStreamTest.testModeWriteRead
15/61 Test #15: FileStreamTest.testModeWriteRead ..............   Passed    0.00 sec
      Start 16: FileStreamTest.testModeReadWrite
16/61 Test #16: FileStreamTest.testModeReadWrite ..............   Passed    0.00 sec
      Start 17: FileStreamTest.testWrite100MiB
17/61 Test #17: FileStreamTest.testWrite100MiB ................   Passed    1.52 sec
      Start 18: FileStreamTest.testRead100MiB
18/61 Test #18: FileStreamTest.testRead100MiB .................   Passed    1.16 sec
      Start 19: EnumFlagsTest.operatorOr
19/61 Test #19: EnumFlagsTest.operatorOr ......................   Passed    0.00 sec
      Start 20: EnumFlagsTest.operatorAnd
20/61 Test #20: EnumFlagsTest.operatorAnd .....................   Passed    0.00 sec
      Start 21: EnumFlagsTest.operatorXor
21/61 Test #21: EnumFlagsTest.operatorXor .....................   Passed    0.00 sec
      Start 22: EnumFlagsTest.operatorOrInplace
22/61 Test #22: EnumFlagsTest.operatorOrInplace ...............   Passed    0.00 sec
      Start 23: EnumFlagsTest.operatorAndInplace
23/61 Test #23: EnumFlagsTest.operatorAndInplace ..............   Passed    0.00 sec
      Start 24: EnumFlagsTest.operatorXorInplace
24/61 Test #24: EnumFlagsTest.operatorXorInplace ..............   Passed    0.00 sec
      Start 25: AssertionsDeathTest.FailingEq
25/61 Test #25: AssertionsDeathTest.FailingEq .................   Passed    0.07 sec
      Start 26: AssertionsDeathTest.FailingNeq
26/61 Test #26: AssertionsDeathTest.FailingNeq ................   Passed    0.07 sec
      Start 27: AssertionsDeathTest.FailingLt
27/61 Test #27: AssertionsDeathTest.FailingLt .................   Passed    0.08 sec
      Start 28: AssertionsDeathTest.FailingLe
28/61 Test #28: AssertionsDeathTest.FailingLe .................   Passed    0.08 sec
      Start 29: AssertionsDeathTest.FailingGt
29/61 Test #29: AssertionsDeathTest.FailingGt .................   Passed    0.08 sec
      Start 30: AssertionsDeathTest.FailingGe
30/61 Test #30: AssertionsDeathTest.FailingGe .................   Passed    0.09 sec
      Start 31: AssertionsDeathTest.FailingIsTrue
31/61 Test #31: AssertionsDeathTest.FailingIsTrue .............   Passed    0.07 sec
      Start 32: AssertionsDeathTest.FailingIsFalse
32/61 Test #32: AssertionsDeathTest.FailingIsFalse ............   Passed    0.07 sec
      Start 33: AssertionsDeathTest.FailingIsNull
33/61 Test #33: AssertionsDeathTest.FailingIsNull .............   Passed    0.07 sec
      Start 34: AssertionsDeathTest.FailingNotNull
34/61 Test #34: AssertionsDeathTest.FailingNotNull ............   Passed    0.08 sec
      Start 35: LoggingTests.BasicSinkTest
35/61 Test #35: LoggingTests.BasicSinkTest ....................   Passed    0.00 sec
      Start 36: LoggingTests.LevelFilterTestInfo
36/61 Test #36: LoggingTests.LevelFilterTestInfo ..............   Passed    0.00 sec
      Start 37: LoggingTests.LevelFilterTestWarning
37/61 Test #37: LoggingTests.LevelFilterTestWarning ...........   Passed    0.00 sec
      Start 38: LoggingTests.LevelFilterTestError
38/61 Test #38: LoggingTests.LevelFilterTestError .............   Passed    0.00 sec
      Start 39: LoggingTests.LevelFilterTestVerbose
39/61 Test #39: LoggingTests.LevelFilterTestVerbose ...........   Passed    0.00 sec
      Start 40: AssertionsTest.AllSuccessCases
40/61 Test #40: AssertionsTest.AllSuccessCases ................   Passed    0.00 sec
      Start 41: AssertionsTest.EnumClass
41/61 Test #41: AssertionsTest.EnumClass ......................   Passed    0.08 sec
      Start 42: AssertionsTest.SmartPointerNullChecks
42/61 Test #42: AssertionsTest.SmartPointerNullChecks .........   Passed    0.00 sec
      Start 43: VectorTest.fastSquareRoot
43/61 Test #43: VectorTest.fastSquareRoot .....................   Passed    0.00 sec
      Start 44: VectorTest.distance
44/61 Test #44: VectorTest.distance ...........................   Passed    0.00 sec
      Start 45: VectorTest.manhattenDistance
45/61 Test #45: VectorTest.manhattenDistance ..................   Passed    0.00 sec
      Start 46: TrigonometryTest.integerSinePrecisionHigh
46/61 Test #46: TrigonometryTest.integerSinePrecisionHigh .....   Passed    0.00 sec
      Start 47: TrigonometryTest.integerCosinePrecisionHigh
47/61 Test #47: TrigonometryTest.integerCosinePrecisionHigh ...   Passed    0.00 sec
      Start 48: StringTests.iequals
48/61 Test #48: StringTests.iequals ...........................   Passed    0.00 sec
      Start 49: StringTests.equals
49/61 Test #49: StringTests.equals ............................   Passed    0.00 sec
      Start 50: StringTests.startsWith
50/61 Test #50: StringTests.startsWith ........................   Passed    0.00 sec
      Start 51: StringTests.endsWith
51/61 Test #51: StringTests.endsWith ..........................   Passed    0.00 sec
      Start 52: StringTests.strlcpy
52/61 Test #52: StringTests.strlcpy ...........................   Passed    0.00 sec
      Start 53: StringTests.strlcat
53/61 Test #53: StringTests.strlcat ...........................   Passed    0.00 sec
      Start 54: StringTests.split
54/61 Test #54: StringTests.split .............................   Passed    0.00 sec
      Start 55: StringTests.trim
55/61 Test #55: StringTests.trim ..............................   Passed    0.00 sec
      Start 56: LookupTableTests.buildLookupTable
56/61 Test #56: LookupTableTests.buildLookupTable .............   Passed    0.00 sec
      Start 57: LookupTableTests.sortedOrder
57/61 Test #57: LookupTableTests.sortedOrder ..................   Passed    0.00 sec
      Start 58: LookupTableTests.find
58/61 Test #58: LookupTableTests.find .........................   Passed    0.00 sec
      Start 59: LookupTableTests.contains
59/61 Test #59: LookupTableTests.contains .....................   Passed    0.00 sec
      Start 60: LookupTableTests.at
60/61 Test #60: LookupTableTests.at ...........................   Passed    0.00 sec
      Start 61: LookupTableTests.constexprEvaluation
61/61 Test #61: LookupTableTests.constexprEvaluation ..........   Passed    0.00 sec

100% tests passed, 0 tests failed out of 61

Total Test time (real) =   6.08 sec
