Test project /build/openexr3.2/src/openexr-3.2.4/build
        Start   1: OpenEXR.Iex
        Start   2: OpenEXRCore.testBase
        Start   3: OpenEXRCore.testBaseErrors
        Start   4: OpenEXRCore.testBaseLimits
        Start   5: OpenEXRCore.testBaseDebug
        Start   6: OpenEXRCore.testCPUIdent
        Start   7: OpenEXRCore.testHalf
        Start   8: OpenEXRCore.testXDR
        Start   9: OpenEXRCore.testBufferCompression
        Start  10: OpenEXRCore.testAttrSizes
        Start  11: OpenEXRCore.testAttrStrings
        Start  12: OpenEXRCore.testAttrStringVectors
        Start  13: OpenEXRCore.testAttrFloatVectors
        Start  14: OpenEXRCore.testAttrChlists
        Start  15: OpenEXRCore.testAttrPreview
        Start  16: OpenEXRCore.testAttrOpaque
        Start  17: OpenEXRCore.testAttrHandler
        Start  18: OpenEXRCore.testAttrLists
        Start  19: OpenEXRCore.testReadBadArgs
        Start  20: OpenEXRCore.testReadBadFiles
        Start  21: OpenEXRCore.testOpenScans
        Start  22: OpenEXRCore.testOpenTiles
        Start  23: OpenEXRCore.testOpenMultiPart
        Start  24: OpenEXRCore.testOpenDeep
  1/126 Test   #1: OpenEXR.Iex ...............................   Passed    0.03 sec
  2/126 Test   #2: OpenEXRCore.testBase ......................   Passed    0.02 sec
  3/126 Test   #3: OpenEXRCore.testBaseErrors ................   Passed    0.02 sec
  4/126 Test   #4: OpenEXRCore.testBaseLimits ................   Passed    0.02 sec
  5/126 Test   #5: OpenEXRCore.testBaseDebug .................   Passed    0.02 sec
  6/126 Test   #6: OpenEXRCore.testCPUIdent ..................   Passed    0.02 sec
  7/126 Test   #7: OpenEXRCore.testHalf ......................   Passed    0.02 sec
  8/126 Test   #8: OpenEXRCore.testXDR .......................   Passed    0.02 sec
  9/126 Test   #9: OpenEXRCore.testBufferCompression .........   Passed    0.02 sec
 10/126 Test  #10: OpenEXRCore.testAttrSizes .................   Passed    0.02 sec
 11/126 Test  #13: OpenEXRCore.testAttrFloatVectors ..........   Passed    0.01 sec
 12/126 Test  #14: OpenEXRCore.testAttrChlists ...............   Passed    0.01 sec
 13/126 Test  #15: OpenEXRCore.testAttrPreview ...............   Passed    0.01 sec
 14/126 Test  #16: OpenEXRCore.testAttrOpaque ................   Passed    0.01 sec
 15/126 Test  #17: OpenEXRCore.testAttrHandler ...............   Passed    0.01 sec
 16/126 Test  #18: OpenEXRCore.testAttrLists .................   Passed    0.01 sec
 17/126 Test  #19: OpenEXRCore.testReadBadArgs ...............   Passed    0.01 sec
 18/126 Test  #20: OpenEXRCore.testReadBadFiles ..............   Passed    0.01 sec
 19/126 Test  #21: OpenEXRCore.testOpenScans .................   Passed    0.01 sec
 20/126 Test  #22: OpenEXRCore.testOpenTiles .................   Passed    0.01 sec
        Start  25: OpenEXRCore.testReadScans
        Start  26: OpenEXRCore.testReadTiles
        Start  27: OpenEXRCore.testReadMultiPart
        Start  28: OpenEXRCore.testReadDeep
        Start  29: OpenEXRCore.testReadUnpack
        Start  30: OpenEXRCore.testWriteBadArgs
        Start  31: OpenEXRCore.testWriteBadFiles
        Start  32: OpenEXRCore.testUpdateMeta
        Start  33: OpenEXRCore.testWriteBaseHeader
        Start  34: OpenEXRCore.testStartWriteScan
        Start  35: OpenEXRCore.testStartWriteDeepScan
        Start  36: OpenEXRCore.testStartWriteTile
        Start  37: OpenEXRCore.testStartWriteDeepTile
        Start  38: OpenEXRCore.testWriteAttrs
        Start  39: OpenEXRCore.testWriteScans
        Start  40: OpenEXRCore.testWriteTiles
        Start  41: OpenEXRCore.testWriteMultiPart
        Start  42: OpenEXRCore.testWriteDeep
        Start  43: OpenEXRCore.testHUF
        Start  44: OpenEXRCore.testNoCompression
 21/126 Test  #23: OpenEXRCore.testOpenMultiPart .............   Passed    0.03 sec
        Start  45: OpenEXRCore.testRLECompression
 22/126 Test  #25: OpenEXRCore.testReadScans .................   Passed    0.03 sec
 23/126 Test  #26: OpenEXRCore.testReadTiles .................   Passed    0.03 sec
 24/126 Test  #27: OpenEXRCore.testReadMultiPart .............   Passed    0.02 sec
 25/126 Test  #29: OpenEXRCore.testReadUnpack ................   Passed    0.02 sec
 26/126 Test  #30: OpenEXRCore.testWriteBadArgs ..............   Passed    0.02 sec
 27/126 Test  #31: OpenEXRCore.testWriteBadFiles .............   Passed    0.02 sec
 28/126 Test  #32: OpenEXRCore.testUpdateMeta ................   Passed    0.02 sec
 29/126 Test  #33: OpenEXRCore.testWriteBaseHeader ...........   Passed    0.02 sec
 30/126 Test  #34: OpenEXRCore.testStartWriteScan ............   Passed    0.02 sec
 31/126 Test  #35: OpenEXRCore.testStartWriteDeepScan ........   Passed    0.02 sec
 32/126 Test  #36: OpenEXRCore.testStartWriteTile ............   Passed    0.01 sec
 33/126 Test  #37: OpenEXRCore.testStartWriteDeepTile ........   Passed    0.01 sec
 34/126 Test  #38: OpenEXRCore.testWriteAttrs ................   Passed    0.01 sec
 35/126 Test  #39: OpenEXRCore.testWriteScans ................   Passed    0.01 sec
 36/126 Test  #40: OpenEXRCore.testWriteTiles ................   Passed    0.01 sec
 37/126 Test  #41: OpenEXRCore.testWriteMultiPart ............   Passed    0.01 sec
 38/126 Test  #42: OpenEXRCore.testWriteDeep .................   Passed    0.01 sec
        Start  46: OpenEXRCore.testZIPCompression
        Start  47: OpenEXRCore.testZIPSCompression
        Start  48: OpenEXRCore.testPIZCompression
        Start  49: OpenEXRCore.testPXR24Compression
        Start  50: OpenEXRCore.testB44Compression
        Start  51: OpenEXRCore.testB44ACompression
        Start  52: OpenEXRCore.testDWAACompression
        Start  53: OpenEXRCore.testDWABCompression
        Start  54: OpenEXRCore.testDeepNoCompression
        Start  55: OpenEXRCore.testDeepZIPCompression
        Start  56: OpenEXRCore.testDeepZIPSCompression
        Start  57: OpenEXR.testAttributes
        Start  58: OpenEXR.testB44ExpLogTable
        Start  59: OpenEXR.testBackwardCompatibility
        Start  60: OpenEXR.testBadTypeAttributes
        Start  61: OpenEXR.testChannels
        Start  62: OpenEXR.testCompositeDeepScanLine
 39/126 Test  #43: OpenEXRCore.testHUF .......................   Passed    0.04 sec
 40/126 Test  #54: OpenEXRCore.testDeepNoCompression .........   Passed    0.02 sec
 41/126 Test  #55: OpenEXRCore.testDeepZIPCompression ........   Passed    0.02 sec
 42/126 Test  #56: OpenEXRCore.testDeepZIPSCompression .......   Passed    0.02 sec
        Start  63: OpenEXR.testCompression
        Start  64: OpenEXR.testConversion
        Start  65: OpenEXR.testCopyDeepScanLine
        Start  66: OpenEXR.testCopyDeepTiled
 43/126 Test  #61: OpenEXR.testChannels ......................   Passed    0.02 sec
 44/126 Test  #57: OpenEXR.testAttributes ....................   Passed    0.03 sec
        Start  67: OpenEXR.testCopyMultiPartFile
        Start  68: OpenEXR.testCopyPixels
 45/126 Test  #58: OpenEXR.testB44ExpLogTable ................   Passed    0.03 sec
        Start  69: OpenEXR.testCpuId
 46/126 Test  #59: OpenEXR.testBackwardCompatibility .........   Passed    0.04 sec
        Start  70: OpenEXR.testCustomAttributes
 47/126 Test  #60: OpenEXR.testBadTypeAttributes .............   Passed    0.05 sec
        Start  71: OpenEXR.testDeepScanLineBasic
 48/126 Test  #69: OpenEXR.testCpuId .........................   Passed    0.03 sec
        Start  72: OpenEXR.testDeepScanLineMultipleRead
 49/126 Test  #70: OpenEXR.testCustomAttributes ..............   Passed    0.03 sec
        Start  73: OpenEXR.testDeepTiledBasic
 50/126 Test  #72: OpenEXR.testDeepScanLineMultipleRead ......   Passed    0.07 sec
        Start  74: OpenEXR.testDwaCompressorSimd
 51/126 Test  #68: OpenEXR.testCopyPixels ....................   Passed    0.79 sec
        Start  75: OpenEXR.testDwaLookups
 52/126 Test  #12: OpenEXRCore.testAttrStringVectors .........   Passed    2.10 sec
        Start  76: OpenEXR.testExistingStreams
 53/126 Test  #64: OpenEXR.testConversion ....................   Passed    2.92 sec
        Start  77: OpenEXR.testFutureProofing
 54/126 Test  #76: OpenEXR.testExistingStreams ...............   Passed    1.04 sec
        Start  78: OpenEXR.testHeader
 55/126 Test  #78: OpenEXR.testHeader ........................   Passed    0.02 sec
        Start  79: OpenEXR.testHuf
 56/126 Test  #11: OpenEXRCore.testAttrStrings ...............   Passed    3.49 sec
        Start  80: OpenEXR.testInputPart
 57/126 Test  #44: OpenEXRCore.testNoCompression .............   Passed    3.49 sec
        Start  81: OpenEXR.testIsComplete
 58/126 Test  #81: OpenEXR.testIsComplete ....................   Passed    0.15 sec
        Start  82: OpenEXR.testLargeDataWindowOffsets
 59/126 Test  #45: OpenEXRCore.testRLECompression ............   Passed    3.69 sec
        Start  83: OpenEXR.testLineOrder
 60/126 Test  #83: OpenEXR.testLineOrder .....................   Passed    0.06 sec
        Start  84: OpenEXR.testLut
 61/126 Test  #46: OpenEXRCore.testZIPCompression ............   Passed    3.76 sec
        Start  85: OpenEXR.testMagic
 62/126 Test  #84: OpenEXR.testLut ...........................   Passed    0.03 sec
        Start  86: OpenEXR.testMultiPartApi
 63/126 Test  #85: OpenEXR.testMagic .........................   Passed    0.02 sec
        Start  87: OpenEXR.testMultiPartFileMixingBasic
 64/126 Test  #49: OpenEXRCore.testPXR24Compression ..........   Passed    4.10 sec
        Start  88: OpenEXR.testMultiPartSharedAttributes
 65/126 Test  #88: OpenEXR.testMultiPartSharedAttributes .....   Passed    0.02 sec
        Start  89: OpenEXR.testMultiPartThreading
 66/126 Test  #50: OpenEXRCore.testB44Compression ............   Passed    4.13 sec
        Start  90: OpenEXR.testMultiScanlinePartThreading
 67/126 Test  #77: OpenEXR.testFutureProofing ................   Passed    1.18 sec
        Start  91: OpenEXR.testMultiTiledPartThreading
 68/126 Test  #90: OpenEXR.testMultiScanlinePartThreading ....   Passed    0.30 sec
        Start  92: OpenEXR.testMultiView
 69/126 Test  #92: OpenEXR.testMultiView .....................   Passed    0.02 sec
        Start  93: OpenEXR.testNativeFormat
 70/126 Test  #47: OpenEXRCore.testZIPSCompression ...........   Passed    4.55 sec
        Start  94: OpenEXR.testOptimized
 71/126 Test  #24: OpenEXRCore.testOpenDeep ..................   Passed    4.66 sec
        Start  95: OpenEXR.testOptimizedInterleavePatterns
 72/126 Test  #86: OpenEXR.testMultiPartApi ..................   Passed    1.07 sec
        Start  96: OpenEXR.testPartHelper
 73/126 Test  #96: OpenEXR.testPartHelper ....................   Passed    0.02 sec
        Start  97: OpenEXR.testPreviewImage
 74/126 Test  #28: OpenEXRCore.testReadDeep ..................   Passed    5.14 sec
        Start  98: OpenEXR.testRgba
 75/126 Test  #93: OpenEXR.testNativeFormat ..................   Passed    0.70 sec
        Start  99: OpenEXR.testRgbaThreading
 76/126 Test  #80: OpenEXR.testInputPart .....................   Passed    1.76 sec
        Start 100: OpenEXR.testRle
 77/126 Test  #97: OpenEXR.testPreviewImage ..................   Passed    0.35 sec
        Start 101: OpenEXR.testSampleImages
 78/126 Test  #67: OpenEXR.testCopyMultiPartFile .............   Passed    5.24 sec
        Start 102: OpenEXR.testScanLineApi
 79/126 Test  #62: OpenEXR.testCompositeDeepScanLine .........   Passed    5.60 sec
        Start 103: OpenEXR.testSharedFrameBuffer
 80/126 Test #101: OpenEXR.testSampleImages ..................   Passed    0.42 sec
        Start 104: OpenEXR.testStandardAttributes
 81/126 Test  #51: OpenEXRCore.testB44ACompression ...........   Passed    5.83 sec
        Start 105: OpenEXR.testTiledCompression
 82/126 Test #104: OpenEXR.testStandardAttributes ............   Passed    0.25 sec
        Start 106: OpenEXR.testTiledCopyPixels
 83/126 Test  #52: OpenEXRCore.testDWAACompression ...........   Passed    6.02 sec
        Start 107: OpenEXR.testTiledLineOrder
 84/126 Test  #75: OpenEXR.testDwaLookups ....................   Passed    5.39 sec
        Start 108: OpenEXR.testTiledRgba
 85/126 Test #100: OpenEXR.testRle ...........................   Passed    1.32 sec
        Start 109: OpenEXR.testTiledYa
 86/126 Test  #98: OpenEXR.testRgba ..........................   Passed    1.78 sec
        Start 110: OpenEXR.testWav
 87/126 Test #109: OpenEXR.testTiledYa .......................   Passed    0.39 sec
        Start 111: OpenEXR.testXdr
 88/126 Test #111: OpenEXR.testXdr ...........................   Passed    0.02 sec
        Start 112: OpenEXR.testYca
 89/126 Test #105: OpenEXR.testTiledCompression ..............   Passed    1.12 sec
        Start 113: OpenEXR.testIDManifest
 90/126 Test  #48: OpenEXRCore.testPIZCompression ............   Passed    7.05 sec
        Start 114: OpenEXRUtil.testFlatImage
 91/126 Test #110: OpenEXR.testWav ...........................   Passed    0.20 sec
        Start 115: OpenEXRUtil.testDeepImage
 92/126 Test  #53: OpenEXRCore.testDWABCompression ...........   Passed    7.63 sec
        Start 116: OpenEXRUtil.testIO
 93/126 Test #116: OpenEXRUtil.testIO ........................   Passed    0.02 sec
        Start 117: OpenEXR.bin.exrinfo
 94/126 Test #117: OpenEXR.bin.exrinfo .......................   Passed    0.05 sec
        Start 118: OpenEXR.bin.exrheader
 95/126 Test #118: OpenEXR.bin.exrheader .....................   Passed    0.08 sec
        Start 119: OpenEXR.bin.exr2aces
 96/126 Test #119: OpenEXR.bin.exr2aces ......................   Passed    0.14 sec
        Start 120: OpenEXR.bin.exrenvmap
 97/126 Test  #66: OpenEXR.testCopyDeepTiled .................   Passed    7.91 sec
        Start 121: OpenEXR.bin.exrmakepreview
 98/126 Test #121: OpenEXR.bin.exrmakepreview ................   Passed    0.09 sec
        Start 122: OpenEXR.bin.exrmaketiled
 99/126 Test #122: OpenEXR.bin.exrmaketiled ..................   Passed    0.11 sec
        Start 123: OpenEXR.bin.exrmultiview
100/126 Test  #89: OpenEXR.testMultiPartThreading ............   Passed    4.10 sec
        Start 124: OpenEXR.bin.exrmultipart
101/126 Test #123: OpenEXR.bin.exrmultiview ..................   Passed    0.15 sec
        Start 125: OpenEXR.bin.exrstdattr
102/126 Test #125: OpenEXR.bin.exrstdattr ....................   Passed    0.20 sec
        Start 126: OpenEXR.bin.exrcheck
103/126 Test #124: OpenEXR.bin.exrmultipart ..................   Passed    0.56 sec
104/126 Test #114: OpenEXRUtil.testFlatImage .................   Passed    4.03 sec
105/126 Test  #94: OpenEXR.testOptimized .....................   Passed    7.39 sec
106/126 Test #112: OpenEXR.testYca ...........................   Passed    5.22 sec
107/126 Test  #82: OpenEXR.testLargeDataWindowOffsets ........   Passed    9.32 sec
108/126 Test #106: OpenEXR.testTiledCopyPixels ...............   Passed    7.62 sec
109/126 Test #108: OpenEXR.testTiledRgba .....................   Passed    7.57 sec
110/126 Test  #63: OpenEXR.testCompression ...................   Passed   14.19 sec
111/126 Test  #65: OpenEXR.testCopyDeepScanLine ..............   Passed   15.84 sec
112/126 Test #103: OpenEXR.testSharedFrameBuffer .............   Passed   10.64 sec
113/126 Test  #99: OpenEXR.testRgbaThreading .................   Passed   11.46 sec
114/126 Test #126: OpenEXR.bin.exrcheck ......................   Passed    9.85 sec
115/126 Test  #71: OpenEXR.testDeepScanLineBasic .............   Passed   20.84 sec
116/126 Test #115: OpenEXRUtil.testDeepImage .................   Passed   14.09 sec
117/126 Test  #74: OpenEXR.testDwaCompressorSimd .............   Passed   22.47 sec
118/126 Test  #87: OpenEXR.testMultiPartFileMixingBasic ......   Passed   21.41 sec
119/126 Test #113: OpenEXR.testIDManifest ....................   Passed   20.26 sec
120/126 Test #102: OpenEXR.testScanLineApi ...................   Passed   24.76 sec
121/126 Test  #73: OpenEXR.testDeepTiledBasic ................   Passed   30.28 sec
122/126 Test  #95: OpenEXR.testOptimizedInterleavePatterns ...   Passed   30.10 sec
123/126 Test #107: OpenEXR.testTiledLineOrder ................   Passed   30.38 sec
124/126 Test #120: OpenEXR.bin.exrenvmap .....................   Passed   30.54 sec
125/126 Test  #79: OpenEXR.testHuf ...........................   Passed   41.89 sec
126/126 Test  #91: OpenEXR.testMultiTiledPartThreading .......   Passed   49.68 sec

100% tests passed out of 126

Total Test time (real) =  53.87 sec
