-- Install configuration: "None"
-- Installing: /build/paho-mqtt-c/pkg/paho-mqtt-c/usr/share/doc/Eclipse Paho C/samples/MQTTAsync_publish.c
-- Installing: /build/paho-mqtt-c/pkg/paho-mqtt-c/usr/share/doc/Eclipse Paho C/samples/MQTTAsync_publish_time.c
-- Installing: /build/paho-mqtt-c/pkg/paho-mqtt-c/usr/share/doc/Eclipse Paho C/samples/MQTTAsync_subscribe.c
-- Installing: /build/paho-mqtt-c/pkg/paho-mqtt-c/usr/share/doc/Eclipse Paho C/samples/MQTTClient_publish.c
-- Installing: /build/paho-mqtt-c/pkg/paho-mqtt-c/usr/share/doc/Eclipse Paho C/samples/MQTTClient_publish_async.c
-- Installing: /build/paho-mqtt-c/pkg/paho-mqtt-c/usr/share/doc/Eclipse Paho C/samples/MQTTClient_subscribe.c
-- Installing: /build/paho-mqtt-c/pkg/paho-mqtt-c/usr/share/doc/Eclipse Paho C/samples/paho_c_pub.c
-- Installing: /build/paho-mqtt-c/pkg/paho-mqtt-c/usr/share/doc/Eclipse Paho C/samples/paho_c_sub.c
-- Installing: /build/paho-mqtt-c/pkg/paho-mqtt-c/usr/share/doc/Eclipse Paho C/samples/paho_cs_pub.c
-- Installing: /build/paho-mqtt-c/pkg/paho-mqtt-c/usr/share/doc/Eclipse Paho C/samples/paho_cs_sub.c
-- Installing: /build/paho-mqtt-c/pkg/paho-mqtt-c/usr/share/doc/Eclipse Paho C/samples/pubsub_opts.c
-- Installing: /build/paho-mqtt-c/pkg/paho-mqtt-c/usr/share/doc/Eclipse Paho C/CONTRIBUTING.md
-- Installing: /build/paho-mqtt-c/pkg/paho-mqtt-c/usr/share/doc/Eclipse Paho C/epl-v20
-- Installing: /build/paho-mqtt-c/pkg/paho-mqtt-c/usr/share/doc/Eclipse Paho C/edl-v10
-- Installing: /build/paho-mqtt-c/pkg/paho-mqtt-c/usr/share/doc/Eclipse Paho C/README.md
-- Installing: /build/paho-mqtt-c/pkg/paho-mqtt-c/usr/share/doc/Eclipse Paho C/notice.html
-- Installing: /build/paho-mqtt-c/pkg/paho-mqtt-c/usr/lib/libpaho-mqtt3c.so.1.3.16
-- Installing: /build/paho-mqtt-c/pkg/paho-mqtt-c/usr/lib/libpaho-mqtt3c.so.1
-- Installing: /build/paho-mqtt-c/pkg/paho-mqtt-c/usr/lib/libpaho-mqtt3c.so
-- Installing: /build/paho-mqtt-c/pkg/paho-mqtt-c/usr/lib/libpaho-mqtt3a.so.1.3.16
-- Installing: /build/paho-mqtt-c/pkg/paho-mqtt-c/usr/lib/libpaho-mqtt3a.so.1
-- Installing: /build/paho-mqtt-c/pkg/paho-mqtt-c/usr/lib/libpaho-mqtt3a.so
-- Installing: /build/paho-mqtt-c/pkg/paho-mqtt-c/usr/bin/MQTTVersion
-- Set non-toolchain portion of runtime path of "/build/paho-mqtt-c/pkg/paho-mqtt-c/usr/bin/MQTTVersion" to ""
-- Installing: /build/paho-mqtt-c/pkg/paho-mqtt-c/usr/include/MQTTAsync.h
-- Installing: /build/paho-mqtt-c/pkg/paho-mqtt-c/usr/include/MQTTClient.h
-- Installing: /build/paho-mqtt-c/pkg/paho-mqtt-c/usr/include/MQTTClientPersistence.h
-- Installing: /build/paho-mqtt-c/pkg/paho-mqtt-c/usr/include/MQTTProperties.h
-- Installing: /build/paho-mqtt-c/pkg/paho-mqtt-c/usr/include/MQTTReasonCodes.h
-- Installing: /build/paho-mqtt-c/pkg/paho-mqtt-c/usr/include/MQTTSubscribeOpts.h
-- Installing: /build/paho-mqtt-c/pkg/paho-mqtt-c/usr/include/MQTTExportDeclarations.h
-- Installing: /build/paho-mqtt-c/pkg/paho-mqtt-c/usr/lib/libpaho-mqtt3cs.so.1.3.16
-- Installing: /build/paho-mqtt-c/pkg/paho-mqtt-c/usr/lib/libpaho-mqtt3cs.so.1
-- Installing: /build/paho-mqtt-c/pkg/paho-mqtt-c/usr/lib/libpaho-mqtt3cs.so
-- Installing: /build/paho-mqtt-c/pkg/paho-mqtt-c/usr/lib/libpaho-mqtt3as.so.1.3.16
-- Installing: /build/paho-mqtt-c/pkg/paho-mqtt-c/usr/lib/libpaho-mqtt3as.so.1
-- Installing: /build/paho-mqtt-c/pkg/paho-mqtt-c/usr/lib/libpaho-mqtt3as.so
-- Installing: /build/paho-mqtt-c/pkg/paho-mqtt-c/usr/lib/cmake/eclipse-paho-mqtt-c/eclipse-paho-mqtt-cConfig.cmake
-- Installing: /build/paho-mqtt-c/pkg/paho-mqtt-c/usr/lib/cmake/eclipse-paho-mqtt-c/eclipse-paho-mqtt-cConfig-none.cmake
-- Installing: /build/paho-mqtt-c/pkg/paho-mqtt-c/usr/lib/cmake/eclipse-paho-mqtt-c/eclipse-paho-mqtt-cConfigVersion.cmake
-- Installing: /build/paho-mqtt-c/pkg/paho-mqtt-c/usr/bin/paho_c_sub
-- Set non-toolchain portion of runtime path of "/build/paho-mqtt-c/pkg/paho-mqtt-c/usr/bin/paho_c_sub" to ""
-- Installing: /build/paho-mqtt-c/pkg/paho-mqtt-c/usr/bin/paho_c_pub
-- Set non-toolchain portion of runtime path of "/build/paho-mqtt-c/pkg/paho-mqtt-c/usr/bin/paho_c_pub" to ""
-- Installing: /build/paho-mqtt-c/pkg/paho-mqtt-c/usr/bin/paho_cs_sub
-- Set non-toolchain portion of runtime path of "/build/paho-mqtt-c/pkg/paho-mqtt-c/usr/bin/paho_cs_sub" to ""
-- Installing: /build/paho-mqtt-c/pkg/paho-mqtt-c/usr/bin/paho_cs_pub
-- Set non-toolchain portion of runtime path of "/build/paho-mqtt-c/pkg/paho-mqtt-c/usr/bin/paho_cs_pub" to ""
-- Installing: /build/paho-mqtt-c/pkg/paho-mqtt-c/usr/bin/MQTTAsync_subscribe
-- Set non-toolchain portion of runtime path of "/build/paho-mqtt-c/pkg/paho-mqtt-c/usr/bin/MQTTAsync_subscribe" to ""
-- Installing: /build/paho-mqtt-c/pkg/paho-mqtt-c/usr/bin/MQTTAsync_publish
-- Set non-toolchain portion of runtime path of "/build/paho-mqtt-c/pkg/paho-mqtt-c/usr/bin/MQTTAsync_publish" to ""
-- Installing: /build/paho-mqtt-c/pkg/paho-mqtt-c/usr/bin/MQTTAsync_publish_time
-- Set non-toolchain portion of runtime path of "/build/paho-mqtt-c/pkg/paho-mqtt-c/usr/bin/MQTTAsync_publish_time" to ""
-- Installing: /build/paho-mqtt-c/pkg/paho-mqtt-c/usr/bin/MQTTClient_subscribe
-- Set non-toolchain portion of runtime path of "/build/paho-mqtt-c/pkg/paho-mqtt-c/usr/bin/MQTTClient_subscribe" to ""
-- Installing: /build/paho-mqtt-c/pkg/paho-mqtt-c/usr/bin/MQTTClient_publish
-- Set non-toolchain portion of runtime path of "/build/paho-mqtt-c/pkg/paho-mqtt-c/usr/bin/MQTTClient_publish" to ""
-- Installing: /build/paho-mqtt-c/pkg/paho-mqtt-c/usr/bin/MQTTClient_publish_async
-- Set non-toolchain portion of runtime path of "/build/paho-mqtt-c/pkg/paho-mqtt-c/usr/bin/MQTTClient_publish_async" to ""
install: creating directory '/build/paho-mqtt-c/pkg/paho-mqtt-c/usr/share/licenses'
install: creating directory '/build/paho-mqtt-c/pkg/paho-mqtt-c/usr/share/licenses/paho-mqtt-c'
'LICENSE' -> '/build/paho-mqtt-c/pkg/paho-mqtt-c/usr/share/licenses/paho-mqtt-c/LICENSE'
