The Meson build system
Version: 1.11.1
Source dir: /build/pamac-classic/src/pamac-classic
Build dir: /build/pamac-classic/src/pamac-classic/build
Build type: native build
Project name: pamac
Project version: undefined
C compiler for the host machine: cc (gcc 16.1.1 "cc (GCC) 16.1.1 20260625")
C linker for the host machine: cc ld.bfd 2.46.1
Vala compiler for the host machine: valac (valac 0.56.19)
Host machine cpu family: x86_64
Host machine cpu: x86_64
Program glib-compile-resources found: YES (/usr/bin/glib-compile-resources)
Program gtk-update-icon-cache found: YES (/usr/bin/gtk-update-icon-cache)
Program glib-compile-schemas found: YES (/usr/bin/glib-compile-schemas)
Program g-ir-compiler found: YES (/usr/bin/g-ir-compiler)
Found pkg-config: YES (/usr/bin/pkg-config) 2.5.1
Run-time dependency gtk+-3.0 found: YES 3.24.52
Run-time dependency json-glib-1.0 found: YES 1.10.8
Run-time dependency libalpm found: YES 16.0.1
Run-time dependency libcurl found: YES 8.21.0
Run-time dependency libnotify found: YES 0.8.8
Did not find CMake 'cmake'
Found CMake: NO
Run-time dependency libsoup-2.4 found: NO  (tried pkg-config)

meson.build:19:18: ERROR: Dependency "libsoup-2.4" not found (tried pkg-config)

A full log can be found at /build/pamac-classic/src/pamac-classic/build/meson-logs/meson-log.txt
[1m[31m==> ERROR:(B[m[1m A failure occurred in build().(B[m
[1m    Aborting...(B[m
