Running intltoolize
Running aclocal -I .  ...
Running automake --gnu  ...
configure.ac:40: installing './compile'
configure.ac:3: installing './install-sh'
configure.ac:3: installing './missing'
Running autoconf ...
configure.ac:34: warning: The macro 'AC_PROG_INTLTOOL' is obsolete.
configure.ac:34: You should run autoupdate.
aclocal.m4:873: AC_PROG_INTLTOOL is expanded from...
configure.ac:34: the top level
configure.ac:40: warning: The macro 'GLIB_GNU_GETTEXT' is obsolete.
configure.ac:40: You should run autoupdate.
aclocal.m4:566: GLIB_GNU_GETTEXT is expanded from...
aclocal.m4:666: AM_GLIB_GNU_GETTEXT is expanded from...
configure.ac:40: the top level
configure.ac:40: warning: The macro 'AC_TRY_LINK' is obsolete.
configure.ac:40: You should run autoupdate.
./lib/autoconf/general.m4:2976: AC_TRY_LINK is expanded from...
lib/m4sugar/m4sh.m4:689: _AS_IF_ELSE is expanded from...
lib/m4sugar/m4sh.m4:696: AS_IF is expanded from...
./lib/autoconf/general.m4:2305: AC_CACHE_VAL is expanded from...
./lib/autoconf/general.m4:2326: AC_CACHE_CHECK is expanded from...
aclocal.m4:251: GLIB_LC_MESSAGES is expanded from...
aclocal.m4:566: GLIB_GNU_GETTEXT is expanded from...
aclocal.m4:666: AM_GLIB_GNU_GETTEXT is expanded from...
configure.ac:40: the top level
configure.ac:40: warning: The macro 'AC_TRY_LINK' is obsolete.
configure.ac:40: You should run autoupdate.
./lib/autoconf/general.m4:2976: AC_TRY_LINK is expanded from...
lib/m4sugar/m4sh.m4:689: _AS_IF_ELSE is expanded from...
lib/m4sugar/m4sh.m4:696: AS_IF is expanded from...
./lib/autoconf/general.m4:2305: AC_CACHE_VAL is expanded from...
./lib/autoconf/general.m4:2326: AC_CACHE_CHECK is expanded from...
lib/m4sugar/m4sh.m4:696: AS_IF is expanded from...
./lib/autoconf/headers.m4:90: _AC_CHECK_HEADER_COMPILE is expanded from...
./lib/autoconf/headers.m4:57: AC_CHECK_HEADER is expanded from...
aclocal.m4:350: GLIB_WITH_NLS is expanded from...
aclocal.m4:566: GLIB_GNU_GETTEXT is expanded from...
aclocal.m4:666: AM_GLIB_GNU_GETTEXT is expanded from...
configure.ac:40: the top level
configure.ac:40: warning: The macro 'AC_TRY_LINK' is obsolete.
configure.ac:40: You should run autoupdate.
./lib/autoconf/general.m4:2976: AC_TRY_LINK is expanded from...
lib/m4sugar/m4sh.m4:696: AS_IF is expanded from...
./lib/autoconf/headers.m4:90: _AC_CHECK_HEADER_COMPILE is expanded from...
./lib/autoconf/headers.m4:57: AC_CHECK_HEADER is expanded from...
aclocal.m4:350: GLIB_WITH_NLS is expanded from...
aclocal.m4:566: GLIB_GNU_GETTEXT is expanded from...
aclocal.m4:666: AM_GLIB_GNU_GETTEXT is expanded from...
configure.ac:40: the top level
configure.ac:40: warning: The macro 'AC_OUTPUT_COMMANDS' is obsolete.
configure.ac:40: You should run autoupdate.
./lib/autoconf/status.m4:1029: AC_OUTPUT_COMMANDS is expanded from...
aclocal.m4:350: GLIB_WITH_NLS is expanded from...
aclocal.m4:566: GLIB_GNU_GETTEXT is expanded from...
aclocal.m4:666: AM_GLIB_GNU_GETTEXT is expanded from...
configure.ac:40: the top level
Running ./configure --prefix=/usr --sysconfdir=/etc --localstatedir=/var ...
checking for a BSD-compatible install... /usr/bin/install -c
checking whether sleep supports fractional seconds... yes
checking filesystem timestamp resolution... 0.01
checking whether build environment is sane... yes
checking for a race-free mkdir -p... /usr/bin/mkdir -p
checking for gawk... gawk
checking whether make sets $(MAKE)... yes
checking whether make supports nested variables... yes
checking xargs -n works... yes
checking whether UID '1000' is supported by ustar format... yes
checking whether GID '1000' is supported by ustar format... yes
checking how to create a ustar tar archive... gnutar
checking for pkg-config... /usr/bin/pkg-config
checking pkg-config is at least version 0.20... yes
checking for dotnet... /usr/bin/dotnet
configure: Found dotnet 10.0.109
configure: Using target framework net7.0
checking whether NLS is requested... yes
checking for intltool >= 0.35.0... 0.51.0 found
checking for intltool-update... /usr/bin/intltool-update
checking for intltool-merge... /usr/bin/intltool-merge
checking for intltool-extract... /usr/bin/intltool-extract
checking for xgettext... /usr/bin/xgettext
checking for msgmerge... /usr/bin/msgmerge
checking for msgfmt... /usr/bin/msgfmt
checking for gmsgfmt... /usr/bin/msgfmt
checking for perl... /usr/bin/perl
checking for perl >= 5.8.1... 5.42.2
checking whether make supports the include directive... yes (GNU style)
checking for gcc... gcc
checking whether the C compiler works... yes
checking for C compiler default output file name... a.out
checking for suffix of executables... 
checking whether we are cross compiling... no
checking for suffix of object files... o
checking whether the compiler supports GNU C... yes
checking whether gcc accepts -g... yes
checking for gcc option to enable C23 features... none needed
checking whether gcc understands -c and -o together... yes
checking dependency style of gcc... none
checking for stdio.h... yes
checking for stdlib.h... yes
checking for string.h... yes
checking for inttypes.h... yes
checking for stdint.h... yes
checking for strings.h... yes
checking for sys/stat.h... yes
checking for sys/types.h... yes
checking for unistd.h... yes
checking for locale.h... yes
checking for LC_MESSAGES... yes
checking for CFPreferencesCopyAppValue... no
checking for CFLocaleCopyCurrent... no
checking for libintl.h... yes
checking for ngettext in libc... yes
checking for dgettext in libc... yes
checking for bind_textdomain_codeset... yes
checking for msgfmt... (cached) /usr/bin/msgfmt
checking for dcgettext... yes
checking if msgfmt accepts -c... yes
checking for gmsgfmt... (cached) /usr/bin/msgfmt
checking for xgettext... (cached) /usr/bin/xgettext
checking for catalogs to be installed...  af ar ast az be bg bn br bs ca cs da de dv el en_AU en_CA en_GB eo es et eu fa fi fil fo fr ga gl he hi hr hu hy id ie it ja ka kab ko la lt lv ms my nb nl nn oc pl pt pt_BR ro ru si sk sl sq sr sv th tr uk vi zh_CN zh_HK zh_TW
checking for gtk+-3.0... yes
checking that generated files are newer than configure... done
configure: creating ./config.status
config.status: creating Makefile
config.status: creating installer/linux/pinta
config.status: creating pinta.pc
config.status: creating po/Makefile.in
config.status: creating xdg/Makefile
config.status: executing depfiles commands
config.status: executing default-1 commands
config.status: executing po/stamp-it commands

pinta-2.2

  Build Environment
    Install Prefix:     	/usr
    .NET Runtime:       	/usr/bin/dotnet
    .NET Target Framework:      net7.0
    Launch Script:	        /usr/bin/pinta
    Installation Directory: /usr/lib/pinta/

Making all in xdg
make[1]: Entering directory '/build/pinta-gtk3-git/src/Pinta/xdg'
LC_ALL=C /usr/bin/intltool-merge  -x -u -c ../po/.intltool-merge-cache ../po pinta.appdata.xml.in pinta.appdata.xml
Generating and caching the translation database
Merging translations into pinta.appdata.xml.
CREATED pinta.appdata.xml
LC_ALL=C /usr/bin/intltool-merge  -d -u -c ../po/.intltool-merge-cache ../po pinta.desktop.in pinta.desktop
Found cached translation database
Merging translations into pinta.desktop.
make[1]: Leaving directory '/build/pinta-gtk3-git/src/Pinta/xdg'
make[1]: Entering directory '/build/pinta-gtk3-git/src/Pinta'
make[1]: Nothing to be done for 'all-am'.
make[1]: Leaving directory '/build/pinta-gtk3-git/src/Pinta'
cd . && env TargetFramework=net7.0 /usr/bin/dotnet build Pinta.sln --configuration Release -p:BuildTranslations=true -maxcpucount:1

Welcome to .NET 10.0!
---------------------
SDK Version: 10.0.109

----------------
Installed an ASP.NET Core HTTPS development certificate.
To trust the certificate, run 'dotnet dev-certs https --trust'
Learn about HTTPS: https://aka.ms/dotnet-https

----------------
Write your first app: https://aka.ms/dotnet-hello-world
Find out what's new: https://aka.ms/dotnet-whats-new
Explore documentation: https://aka.ms/dotnet-docs
Report issues and find source on GitHub: https://github.com/dotnet/core
Use 'dotnet --help' to see available commands or visit: https://aka.ms/dotnet-cli
--------------------------------------------------------------------------------------
An issue was encountered verifying workloads. For more information, run "dotnet workload update".
  Determining projects to restore...
/usr/share/dotnet/sdk/10.0.109/Sdks/Microsoft.NET.Sdk/targets/Microsoft.NET.EolTargetFrameworks.targets(32,5): warning NETSDK1138: The target framework 'net7.0' is out of support and will not receive security updates in the future. Please refer to https://aka.ms/dotnet-core-support for more information about the support policy. [/build/pinta-gtk3-git/src/Pinta/Pinta/Pinta.csproj]
/usr/share/dotnet/sdk/10.0.109/Sdks/Microsoft.NET.Sdk/targets/Microsoft.NET.EolTargetFrameworks.targets(32,5): warning NETSDK1138: The target framework 'net7.0' is out of support and will not receive security updates in the future. Please refer to https://aka.ms/dotnet-core-support for more information about the support policy. [/build/pinta-gtk3-git/src/Pinta/tests/PintaBenchmarks/PintaBenchmarks.csproj]
/build/pinta-gtk3-git/src/Pinta/Pinta/Pinta.csproj : warning NU1903: Package 'Tmds.DBus' 0.14.0 has a known high severity vulnerability, https://github.com/advisories/GHSA-xrw6-gwf8-vvr9 [/build/pinta-gtk3-git/src/Pinta/Pinta.sln]
  Restored /build/pinta-gtk3-git/src/Pinta/tests/Pinta.Core.Tests/Pinta.Core.Tests.csproj (in 7.92 sec).
  Restored /build/pinta-gtk3-git/src/Pinta/Pinta.Resources/Pinta.Resources.csproj (in 7.92 sec).
  Restored /build/pinta-gtk3-git/src/Pinta/Pinta.Core/Pinta.Core.csproj (in 7.92 sec).
  Restored /build/pinta-gtk3-git/src/Pinta/Pinta.Tools/Pinta.Tools.csproj (in 7.92 sec).
  Restored /build/pinta-gtk3-git/src/Pinta/Pinta.Effects/Pinta.Effects.csproj (in 7.92 sec).
  Restored /build/pinta-gtk3-git/src/Pinta/Pinta.Gui.Widgets/Pinta.Gui.Widgets.csproj (in 7.92 sec).
  Restored /build/pinta-gtk3-git/src/Pinta/Pinta.Docking/Pinta.Docking.csproj (in 7.92 sec).
  Restored /build/pinta-gtk3-git/src/Pinta/Pinta/Pinta.csproj (in 7.92 sec).
  Restored /build/pinta-gtk3-git/src/Pinta/tests/PintaBenchmarks/PintaBenchmarks.csproj (in 8.91 sec).
  Pinta.Resources -> /build/pinta-gtk3-git/src/Pinta/Pinta.Resources/bin/Release/net7.0/Pinta.Resources.dll
  Pinta.Core -> /build/pinta-gtk3-git/src/Pinta/Pinta.Core/bin/Release/net7.0/Pinta.Core.dll
  Pinta.Gui.Widgets -> /build/pinta-gtk3-git/src/Pinta/Pinta.Gui.Widgets/bin/Release/net7.0/Pinta.Gui.Widgets.dll
  Pinta.Effects -> /build/pinta-gtk3-git/src/Pinta/Pinta.Effects/bin/Release/net7.0/Pinta.Effects.dll
  Pinta.Tools -> /build/pinta-gtk3-git/src/Pinta/Pinta.Tools/bin/Release/net7.0/Pinta.Tools.dll
/usr/share/dotnet/sdk/10.0.109/Sdks/Microsoft.NET.Sdk/targets/Microsoft.NET.EolTargetFrameworks.targets(32,5): warning NETSDK1138: The target framework 'net7.0' is out of support and will not receive security updates in the future. Please refer to https://aka.ms/dotnet-core-support for more information about the support policy. [/build/pinta-gtk3-git/src/Pinta/Pinta/Pinta.csproj]
/build/pinta-gtk3-git/src/Pinta/Pinta/Pinta.csproj : warning NU1903: Package 'Tmds.DBus' 0.14.0 has a known high severity vulnerability, https://github.com/advisories/GHSA-xrw6-gwf8-vvr9
  Pinta.Docking -> /build/pinta-gtk3-git/src/Pinta/Pinta.Docking/bin/Release/net7.0/Pinta.Docking.dll
  Pinta -> /build/pinta-gtk3-git/src/Pinta/bin/Pinta.dll
  Pinta.Core.Tests -> /build/pinta-gtk3-git/src/Pinta/tests/Pinta.Core.Tests/bin/Release/net7.0/Pinta.Core.Tests.dll
/usr/share/dotnet/sdk/10.0.109/Sdks/Microsoft.NET.Sdk/targets/Microsoft.NET.EolTargetFrameworks.targets(32,5): warning NETSDK1138: The target framework 'net7.0' is out of support and will not receive security updates in the future. Please refer to https://aka.ms/dotnet-core-support for more information about the support policy. [/build/pinta-gtk3-git/src/Pinta/tests/PintaBenchmarks/PintaBenchmarks.csproj]
  PintaBenchmarks -> /build/pinta-gtk3-git/src/Pinta/tests/PintaBenchmarks/bin/Release/net7.0/PintaBenchmarks.dll

Build succeeded.

/usr/share/dotnet/sdk/10.0.109/Sdks/Microsoft.NET.Sdk/targets/Microsoft.NET.EolTargetFrameworks.targets(32,5): warning NETSDK1138: The target framework 'net7.0' is out of support and will not receive security updates in the future. Please refer to https://aka.ms/dotnet-core-support for more information about the support policy. [/build/pinta-gtk3-git/src/Pinta/Pinta/Pinta.csproj]
/usr/share/dotnet/sdk/10.0.109/Sdks/Microsoft.NET.Sdk/targets/Microsoft.NET.EolTargetFrameworks.targets(32,5): warning NETSDK1138: The target framework 'net7.0' is out of support and will not receive security updates in the future. Please refer to https://aka.ms/dotnet-core-support for more information about the support policy. [/build/pinta-gtk3-git/src/Pinta/tests/PintaBenchmarks/PintaBenchmarks.csproj]
/build/pinta-gtk3-git/src/Pinta/Pinta/Pinta.csproj : warning NU1903: Package 'Tmds.DBus' 0.14.0 has a known high severity vulnerability, https://github.com/advisories/GHSA-xrw6-gwf8-vvr9 [/build/pinta-gtk3-git/src/Pinta/Pinta.sln]
/usr/share/dotnet/sdk/10.0.109/Sdks/Microsoft.NET.Sdk/targets/Microsoft.NET.EolTargetFrameworks.targets(32,5): warning NETSDK1138: The target framework 'net7.0' is out of support and will not receive security updates in the future. Please refer to https://aka.ms/dotnet-core-support for more information about the support policy. [/build/pinta-gtk3-git/src/Pinta/Pinta/Pinta.csproj]
/build/pinta-gtk3-git/src/Pinta/Pinta/Pinta.csproj : warning NU1903: Package 'Tmds.DBus' 0.14.0 has a known high severity vulnerability, https://github.com/advisories/GHSA-xrw6-gwf8-vvr9
/usr/share/dotnet/sdk/10.0.109/Sdks/Microsoft.NET.Sdk/targets/Microsoft.NET.EolTargetFrameworks.targets(32,5): warning NETSDK1138: The target framework 'net7.0' is out of support and will not receive security updates in the future. Please refer to https://aka.ms/dotnet-core-support for more information about the support policy. [/build/pinta-gtk3-git/src/Pinta/tests/PintaBenchmarks/PintaBenchmarks.csproj]
    6 Warning(s)
    0 Error(s)

Time Elapsed 00:00:15.38
