-- Install configuration: "None"
-- Installing: /build/plasma-studio-git/pkg/plasma-studio-git/usr/lib/libstudioplugin.so
-- Installing: /build/plasma-studio-git/pkg/plasma-studio-git/usr/bin/plasmastudio
-- Set non-toolchain portion of runtime path of "/build/plasma-studio-git/pkg/plasma-studio-git/usr/bin/plasmastudio" to ""
-- Installing: /build/plasma-studio-git/pkg/plasma-studio-git/usr/share/applications/love.nicco.plasmastudio.desktop
-- Installing: /build/plasma-studio-git/pkg/plasma-studio-git/usr/share/mime/packages/love.nicco.plasmastudio.xml
-- Installing: /build/plasma-studio-git/pkg/plasma-studio-git/usr/share/icons/hicolor/256x256/apps/love.nicco.plasmastudio.png
-- Installing: /build/plasma-studio-git/pkg/plasma-studio-git/usr/share/metainfo/love.nicco.plasmastudio.metainfo.xml
-- Installing: /build/plasma-studio-git/pkg/plasma-studio-git/usr/lib/qt6/qml/Studio
-- Installing: /build/plasma-studio-git/pkg/plasma-studio-git/usr/lib/qt6/qml/Studio/libstudio
-- Installing: /build/plasma-studio-git/pkg/plasma-studio-git/usr/lib/qt6/qml/Studio/libstudio/Multimedia
-- Installing: /build/plasma-studio-git/pkg/plasma-studio-git/usr/lib/qt6/qml/Studio/libstudio/Multimedia/RawImage.qml
-- Installing: /build/plasma-studio-git/pkg/plasma-studio-git/usr/lib/qt6/qml/Studio/libstudio/Multimedia/ExportSink.qml
-- Installing: /build/plasma-studio-git/pkg/plasma-studio-git/usr/lib/qt6/qml/Studio/libstudio/Multimedia/Stream.qml
-- Installing: /build/plasma-studio-git/pkg/plasma-studio-git/usr/lib/qt6/qml/Studio/libstudio/Multimedia/Subtitles.qml
-- Installing: /build/plasma-studio-git/pkg/plasma-studio-git/usr/lib/qt6/qml/Studio/libstudio/Multimedia/ScreenCapture.qml
-- Installing: /build/plasma-studio-git/pkg/plasma-studio-git/usr/lib/qt6/qml/Studio/libstudio/Multimedia/Gallery.qml
-- Installing: /build/plasma-studio-git/pkg/plasma-studio-git/usr/lib/qt6/qml/Studio/libstudio/Multimedia/AutoSubtitles.qml
-- Installing: /build/plasma-studio-git/pkg/plasma-studio-git/usr/lib/qt6/qml/Studio/libstudio/Multimedia/AudioCapture.qml
-- Installing: /build/plasma-studio-git/pkg/plasma-studio-git/usr/lib/qt6/qml/Studio/libstudio/Multimedia/Record.qml
-- Installing: /build/plasma-studio-git/pkg/plasma-studio-git/usr/lib/qt6/qml/Studio/libstudio/Multimedia/Export.qml
-- Installing: /build/plasma-studio-git/pkg/plasma-studio-git/usr/lib/qt6/qml/Studio/libstudio/Multimedia/MissingMedia.qml
-- Installing: /build/plasma-studio-git/pkg/plasma-studio-git/usr/lib/qt6/qml/Studio/libstudio/Multimedia/Video.qml
-- Installing: /build/plasma-studio-git/pkg/plasma-studio-git/usr/lib/qt6/qml/Studio/libstudio/Multimedia/Image.qml
-- Installing: /build/plasma-studio-git/pkg/plasma-studio-git/usr/lib/qt6/qml/Studio/libstudio/Multimedia/Render.qml
-- Installing: /build/plasma-studio-git/pkg/plasma-studio-git/usr/lib/qt6/qml/Studio/libstudio/Multimedia/CameraCapture.qml
-- Installing: /build/plasma-studio-git/pkg/plasma-studio-git/usr/lib/qt6/qml/Studio/libstudio/Textures
-- Installing: /build/plasma-studio-git/pkg/plasma-studio-git/usr/lib/qt6/qml/Studio/libstudio/Textures/Grid.qml
-- Installing: /build/plasma-studio-git/pkg/plasma-studio-git/usr/lib/qt6/qml/Studio/libstudio/Textures/Checkerboard.qml
-- Installing: /build/plasma-studio-git/pkg/plasma-studio-git/usr/lib/qt6/qml/Studio/libstudio/Textures/WhiteNoise.qml
-- Installing: /build/plasma-studio-git/pkg/plasma-studio-git/usr/lib/qt6/qml/Studio/libstudio/Textures/TexturePattern.qml
-- Installing: /build/plasma-studio-git/pkg/plasma-studio-git/usr/lib/qt6/qml/Studio/libstudio/Textures/GradientNoise.qml
-- Installing: /build/plasma-studio-git/pkg/plasma-studio-git/usr/lib/qt6/qml/Studio/libstudio/Textures/Stripes.qml
-- Installing: /build/plasma-studio-git/pkg/plasma-studio-git/usr/lib/qt6/qml/Studio/libstudio/Audio_Elements
-- Installing: /build/plasma-studio-git/pkg/plasma-studio-git/usr/lib/qt6/qml/Studio/libstudio/Audio_Elements/AudioFadeOut.qml
-- Installing: /build/plasma-studio-git/pkg/plasma-studio-git/usr/lib/qt6/qml/Studio/libstudio/Audio_Elements/AudioInvert.qml
-- Installing: /build/plasma-studio-git/pkg/plasma-studio-git/usr/lib/qt6/qml/Studio/libstudio/Audio_Elements/AudioPitch.qml
-- Installing: /build/plasma-studio-git/pkg/plasma-studio-git/usr/lib/qt6/qml/Studio/libstudio/Audio_Elements/AudioEffect.qml
-- Installing: /build/plasma-studio-git/pkg/plasma-studio-git/usr/lib/qt6/qml/Studio/libstudio/Audio_Elements/AudioVolume.qml
-- Installing: /build/plasma-studio-git/pkg/plasma-studio-git/usr/lib/qt6/qml/Studio/libstudio/Audio_Elements/AudioMute.qml
-- Installing: /build/plasma-studio-git/pkg/plasma-studio-git/usr/lib/qt6/qml/Studio/libstudio/Audio_Elements/Audio.qml
-- Installing: /build/plasma-studio-git/pkg/plasma-studio-git/usr/lib/qt6/qml/Studio/libstudio/Audio_Elements/AudioHighPass.qml
-- Installing: /build/plasma-studio-git/pkg/plasma-studio-git/usr/lib/qt6/qml/Studio/libstudio/Audio_Elements/AudioBassTreble.qml
-- Installing: /build/plasma-studio-git/pkg/plasma-studio-git/usr/lib/qt6/qml/Studio/libstudio/Audio_Elements/AudioMonoToStereo.qml
-- Installing: /build/plasma-studio-git/pkg/plasma-studio-git/usr/lib/qt6/qml/Studio/libstudio/Audio_Elements/AudioEcho.qml
-- Installing: /build/plasma-studio-git/pkg/plasma-studio-git/usr/lib/qt6/qml/Studio/libstudio/Audio_Elements/AudioOnly.qml
-- Installing: /build/plasma-studio-git/pkg/plasma-studio-git/usr/lib/qt6/qml/Studio/libstudio/Audio_Elements/AudioCompressor.qml
-- Installing: /build/plasma-studio-git/pkg/plasma-studio-git/usr/lib/qt6/qml/Studio/libstudio/Audio_Elements/AudioAmplify.qml
-- Installing: /build/plasma-studio-git/pkg/plasma-studio-git/usr/lib/qt6/qml/Studio/libstudio/Audio_Elements/AudioNoiseGate.qml
-- Installing: /build/plasma-studio-git/pkg/plasma-studio-git/usr/lib/qt6/qml/Studio/libstudio/Audio_Elements/AudioLowPass.qml
-- Installing: /build/plasma-studio-git/pkg/plasma-studio-git/usr/lib/qt6/qml/Studio/libstudio/Audio_Elements/AudioReverb.qml
-- Installing: /build/plasma-studio-git/pkg/plasma-studio-git/usr/lib/qt6/qml/Studio/libstudio/Audio_Elements/AudioLimiter.qml
-- Installing: /build/plasma-studio-git/pkg/plasma-studio-git/usr/lib/qt6/qml/Studio/libstudio/Audio_Elements/AudioEqualizer.qml
-- Installing: /build/plasma-studio-git/pkg/plasma-studio-git/usr/lib/qt6/qml/Studio/libstudio/Audio_Elements/AudioFadeIn.qml
-- Installing: /build/plasma-studio-git/pkg/plasma-studio-git/usr/lib/qt6/qml/Studio/libstudio/TestSignal.qml
-- Installing: /build/plasma-studio-git/pkg/plasma-studio-git/usr/lib/qt6/qml/Studio/libstudio/InheritElement.qml
-- Installing: /build/plasma-studio-git/pkg/plasma-studio-git/usr/lib/qt6/qml/Studio/libstudio/PassThrough.qml
-- Installing: /build/plasma-studio-git/pkg/plasma-studio-git/usr/lib/qt6/qml/Studio/libstudio/TextureHelper.qml
-- Installing: /build/plasma-studio-git/pkg/plasma-studio-git/usr/lib/qt6/qml/Studio/libstudio/Position_and_Geometry
-- Installing: /build/plasma-studio-git/pkg/plasma-studio-git/usr/lib/qt6/qml/Studio/libstudio/Position_and_Geometry/LayoutColumn.qml
-- Installing: /build/plasma-studio-git/pkg/plasma-studio-git/usr/lib/qt6/qml/Studio/libstudio/Position_and_Geometry/LayoutGroup.qml
-- Installing: /build/plasma-studio-git/pkg/plasma-studio-git/usr/lib/qt6/qml/Studio/libstudio/Position_and_Geometry/Mask.qml
-- Installing: /build/plasma-studio-git/pkg/plasma-studio-git/usr/lib/qt6/qml/Studio/libstudio/Position_and_Geometry/LensDistortion.qml
-- Installing: /build/plasma-studio-git/pkg/plasma-studio-git/usr/lib/qt6/qml/Studio/libstudio/Position_and_Geometry/MatrixTransform.qml
-- Installing: /build/plasma-studio-git/pkg/plasma-studio-git/usr/lib/qt6/qml/Studio/libstudio/Position_and_Geometry/Group.qml
-- Installing: /build/plasma-studio-git/pkg/plasma-studio-git/usr/lib/qt6/qml/Studio/libstudio/Position_and_Geometry/LayoutCopy.qml
-- Installing: /build/plasma-studio-git/pkg/plasma-studio-git/usr/lib/qt6/qml/Studio/libstudio/Position_and_Geometry/Scale.qml
-- Installing: /build/plasma-studio-git/pkg/plasma-studio-git/usr/lib/qt6/qml/Studio/libstudio/Position_and_Geometry/Shear.qml
-- Installing: /build/plasma-studio-git/pkg/plasma-studio-git/usr/lib/qt6/qml/Studio/libstudio/Position_and_Geometry/AlongPath.qml
-- Installing: /build/plasma-studio-git/pkg/plasma-studio-git/usr/lib/qt6/qml/Studio/libstudio/Position_and_Geometry/Perspective.qml
-- Installing: /build/plasma-studio-git/pkg/plasma-studio-git/usr/lib/qt6/qml/Studio/libstudio/Position_and_Geometry/Transform.qml
-- Installing: /build/plasma-studio-git/pkg/plasma-studio-git/usr/lib/qt6/qml/Studio/libstudio/Position_and_Geometry/Repeat.qml
-- Installing: /build/plasma-studio-git/pkg/plasma-studio-git/usr/lib/qt6/qml/Studio/libstudio/Position_and_Geometry/LayoutRow.qml
-- Installing: /build/plasma-studio-git/pkg/plasma-studio-git/usr/lib/qt6/qml/Studio/libstudio/Position_and_Geometry/Canvas.qml
-- Installing: /build/plasma-studio-git/pkg/plasma-studio-git/usr/lib/qt6/qml/Studio/libstudio/Position_and_Geometry/Scatter.qml
-- Installing: /build/plasma-studio-git/pkg/plasma-studio-git/usr/lib/qt6/qml/Studio/libstudio/Position_and_Geometry/LayoutGrid.qml
-- Installing: /build/plasma-studio-git/pkg/plasma-studio-git/usr/lib/qt6/qml/Studio/libstudio/Position_and_Geometry/Rotate.qml
-- Installing: /build/plasma-studio-git/pkg/plasma-studio-git/usr/lib/qt6/qml/Studio/libstudio/Position_and_Geometry/Crop.qml
-- Installing: /build/plasma-studio-git/pkg/plasma-studio-git/usr/lib/qt6/qml/Studio/libstudio/Position_and_Geometry/Flip.qml
-- Installing: /build/plasma-studio-git/pkg/plasma-studio-git/usr/lib/qt6/qml/Studio/libstudio/Position_and_Geometry/Translate.qml
-- Installing: /build/plasma-studio-git/pkg/plasma-studio-git/usr/lib/qt6/qml/Studio/libstudio/Color_Grading
-- Installing: /build/plasma-studio-git/pkg/plasma-studio-git/usr/lib/qt6/qml/Studio/libstudio/Color_Grading/ColorspaceTransform.qml
-- Installing: /build/plasma-studio-git/pkg/plasma-studio-git/usr/lib/qt6/qml/Studio/libstudio/Color_Grading/MaskExclusion.qml
-- Installing: /build/plasma-studio-git/pkg/plasma-studio-git/usr/lib/qt6/qml/Studio/libstudio/Color_Grading/MaskOp.qml
-- Installing: /build/plasma-studio-git/pkg/plasma-studio-git/usr/lib/qt6/qml/Studio/libstudio/Color_Grading/GradeMask.qml
-- Installing: /build/plasma-studio-git/pkg/plasma-studio-git/usr/lib/qt6/qml/Studio/libstudio/Color_Grading/LocalContrast.qml
-- Installing: /build/plasma-studio-git/pkg/plasma-studio-git/usr/lib/qt6/qml/Studio/libstudio/Color_Grading/RGBCurves.qml
-- Installing: /build/plasma-studio-git/pkg/plasma-studio-git/usr/lib/qt6/qml/Studio/libstudio/Color_Grading/MaskDifference.qml
-- Installing: /build/plasma-studio-git/pkg/plasma-studio-git/usr/lib/qt6/qml/Studio/libstudio/Color_Grading/Monochrome.qml
-- Installing: /build/plasma-studio-git/pkg/plasma-studio-git/usr/lib/qt6/qml/Studio/libstudio/Color_Grading/Saturation.qml
-- Installing: /build/plasma-studio-git/pkg/plasma-studio-git/usr/lib/qt6/qml/Studio/libstudio/Color_Grading/CircleMask.qml
-- Installing: /build/plasma-studio-git/pkg/plasma-studio-git/usr/lib/qt6/qml/Studio/libstudio/Color_Grading/GradientMask.qml
-- Installing: /build/plasma-studio-git/pkg/plasma-studio-git/usr/lib/qt6/qml/Studio/libstudio/Color_Grading/MaskIntersection.qml
-- Installing: /build/plasma-studio-git/pkg/plasma-studio-git/usr/lib/qt6/qml/Studio/libstudio/Color_Grading/WhiteBalance.qml
-- Installing: /build/plasma-studio-git/pkg/plasma-studio-git/usr/lib/qt6/qml/Studio/libstudio/Color_Grading/Negative.qml
-- Installing: /build/plasma-studio-git/pkg/plasma-studio-git/usr/lib/qt6/qml/Studio/libstudio/Color_Grading/ToneEqualizer.qml
-- Installing: /build/plasma-studio-git/pkg/plasma-studio-git/usr/lib/qt6/qml/Studio/libstudio/Color_Grading/Exposure.qml
-- Installing: /build/plasma-studio-git/pkg/plasma-studio-git/usr/lib/qt6/qml/Studio/libstudio/Color_Grading/PathMask.qml
-- Installing: /build/plasma-studio-git/pkg/plasma-studio-git/usr/lib/qt6/qml/Studio/libstudio/Color_Grading/RectangleMask.qml
-- Installing: /build/plasma-studio-git/pkg/plasma-studio-git/usr/lib/qt6/qml/Studio/libstudio/Color_Grading/LuminanceRange.qml
-- Installing: /build/plasma-studio-git/pkg/plasma-studio-git/usr/lib/qt6/qml/Studio/libstudio/Color_Grading/Contrast.qml
-- Installing: /build/plasma-studio-git/pkg/plasma-studio-git/usr/lib/qt6/qml/Studio/libstudio/Color_Grading/MaskBase.qml
-- Installing: /build/plasma-studio-git/pkg/plasma-studio-git/usr/lib/qt6/qml/Studio/libstudio/Color_Grading/HazeRemoval.qml
-- Installing: /build/plasma-studio-git/pkg/plasma-studio-git/usr/lib/qt6/qml/Studio/libstudio/Color_Grading/MaskUnion.qml
-- Installing: /build/plasma-studio-git/pkg/plasma-studio-git/usr/lib/qt6/qml/Studio/libstudio/Color_Grading/RangeBase.qml
-- Installing: /build/plasma-studio-git/pkg/plasma-studio-git/usr/lib/qt6/qml/Studio/libstudio/Color_Grading/LUT.qml
-- Installing: /build/plasma-studio-git/pkg/plasma-studio-git/usr/lib/qt6/qml/Studio/libstudio/Color_Grading/ColorRange.qml
-- Installing: /build/plasma-studio-git/pkg/plasma-studio-git/usr/lib/qt6/qml/Studio/libstudio/Color_Grading/Vibrance.qml
-- Installing: /build/plasma-studio-git/pkg/plasma-studio-git/usr/lib/qt6/qml/Studio/libstudio/Element.qml
-- Installing: /build/plasma-studio-git/pkg/plasma-studio-git/usr/lib/qt6/qml/Studio/libstudio/Element2D.qml
-- Installing: /build/plasma-studio-git/pkg/plasma-studio-git/usr/lib/qt6/qml/Studio/libstudio/Effect.qml
-- Installing: /build/plasma-studio-git/pkg/plasma-studio-git/usr/lib/qt6/qml/Studio/libstudio/Scope.qml
-- Installing: /build/plasma-studio-git/pkg/plasma-studio-git/usr/lib/qt6/qml/Studio/libstudio/LiveInput.qml
-- Installing: /build/plasma-studio-git/pkg/plasma-studio-git/usr/lib/qt6/qml/Studio/libstudio/AnimatedProperty.qml
-- Installing: /build/plasma-studio-git/pkg/plasma-studio-git/usr/lib/qt6/qml/Studio/libstudio/BaseGroup.qml
-- Installing: /build/plasma-studio-git/pkg/plasma-studio-git/usr/lib/qt6/qml/Studio/libstudio/Video_Elements
-- Installing: /build/plasma-studio-git/pkg/plasma-studio-git/usr/lib/qt6/qml/Studio/libstudio/Video_Elements/TimeRemapping.qml
-- Installing: /build/plasma-studio-git/pkg/plasma-studio-git/usr/lib/qt6/qml/Studio/libstudio/Video_Elements/Reverse.qml
-- Installing: /build/plasma-studio-git/pkg/plasma-studio-git/usr/lib/qt6/qml/Studio/libstudio/Video_Elements/FadeIn.qml
-- Installing: /build/plasma-studio-git/pkg/plasma-studio-git/usr/lib/qt6/qml/Studio/libstudio/Video_Elements/Delay.qml
-- Installing: /build/plasma-studio-git/pkg/plasma-studio-git/usr/lib/qt6/qml/Studio/libstudio/Video_Elements/Clip.qml
-- Installing: /build/plasma-studio-git/pkg/plasma-studio-git/usr/lib/qt6/qml/Studio/libstudio/Video_Elements/Concatenate.qml
-- Installing: /build/plasma-studio-git/pkg/plasma-studio-git/usr/lib/qt6/qml/Studio/libstudio/Video_Elements/Scenes.qml
-- Installing: /build/plasma-studio-git/pkg/plasma-studio-git/usr/lib/qt6/qml/Studio/libstudio/Video_Elements/PlaybackSpeed.qml
-- Installing: /build/plasma-studio-git/pkg/plasma-studio-git/usr/lib/qt6/qml/Studio/libstudio/Video_Elements/FadeOut.qml
-- Installing: /build/plasma-studio-git/pkg/plasma-studio-git/usr/lib/qt6/qml/Studio/libstudio/Video_Elements/RenderingDelay.qml
-- Installing: /build/plasma-studio-git/pkg/plasma-studio-git/usr/lib/qt6/qml/Studio/libstudio/Video_Elements/PlaybackController.qml
-- Installing: /build/plasma-studio-git/pkg/plasma-studio-git/usr/lib/qt6/qml/Studio/libstudio/Video_Elements/Transition.qml
-- Installing: /build/plasma-studio-git/pkg/plasma-studio-git/usr/lib/qt6/qml/Studio/libstudio/Graphical_Effects
-- Installing: /build/plasma-studio-git/pkg/plasma-studio-git/usr/lib/qt6/qml/Studio/libstudio/Graphical_Effects/ChromaticAberration.qml
-- Installing: /build/plasma-studio-git/pkg/plasma-studio-git/usr/lib/qt6/qml/Studio/libstudio/Graphical_Effects/RadialBlur.qml
-- Installing: /build/plasma-studio-git/pkg/plasma-studio-git/usr/lib/qt6/qml/Studio/libstudio/Graphical_Effects/Noise.qml
-- Installing: /build/plasma-studio-git/pkg/plasma-studio-git/usr/lib/qt6/qml/Studio/libstudio/Graphical_Effects/Vignette.qml
-- Installing: /build/plasma-studio-git/pkg/plasma-studio-git/usr/lib/qt6/qml/Studio/libstudio/Graphical_Effects/DropShadow.qml
-- Installing: /build/plasma-studio-git/pkg/plasma-studio-git/usr/lib/qt6/qml/Studio/libstudio/Graphical_Effects/Opacity.qml
-- Installing: /build/plasma-studio-git/pkg/plasma-studio-git/usr/lib/qt6/qml/Studio/libstudio/Graphical_Effects/Blur.qml
-- Installing: /build/plasma-studio-git/pkg/plasma-studio-git/usr/lib/qt6/qml/Studio/libstudio/Graphical_Effects/NoiseReduction.qml
-- Installing: /build/plasma-studio-git/pkg/plasma-studio-git/usr/lib/qt6/qml/Studio/libstudio/Graphical_Effects/LinearBlur.qml
-- Installing: /build/plasma-studio-git/pkg/plasma-studio-git/usr/lib/qt6/qml/Studio/libstudio/Graphical_Effects/BlendMode.qml
-- Installing: /build/plasma-studio-git/pkg/plasma-studio-git/usr/lib/qt6/qml/Studio/libstudio/Graphical_Effects/Relight.qml
-- Installing: /build/plasma-studio-git/pkg/plasma-studio-git/usr/lib/qt6/qml/Studio/libstudio/Graphical_Effects/Sharpen.qml
-- Installing: /build/plasma-studio-git/pkg/plasma-studio-git/usr/lib/qt6/qml/Studio/libstudio/Graphical_Effects/ChromaKey.qml
-- Installing: /build/plasma-studio-git/pkg/plasma-studio-git/usr/lib/qt6/qml/Studio/libstudio/Scopes
-- Installing: /build/plasma-studio-git/pkg/plasma-studio-git/usr/lib/qt6/qml/Studio/libstudio/Scopes/Vectorscope.qml
-- Installing: /build/plasma-studio-git/pkg/plasma-studio-git/usr/lib/qt6/qml/Studio/libstudio/Scopes/Waveform.qml
-- Installing: /build/plasma-studio-git/pkg/plasma-studio-git/usr/lib/qt6/qml/Studio/libstudio/Scopes/AudioLevels.qml
-- Installing: /build/plasma-studio-git/pkg/plasma-studio-git/usr/lib/qt6/qml/Studio/libstudio/Scopes/RGBParade.qml
-- Installing: /build/plasma-studio-git/pkg/plasma-studio-git/usr/lib/qt6/qml/Studio/libstudio/Scopes/Histogram.qml
-- Installing: /build/plasma-studio-git/pkg/plasma-studio-git/usr/lib/qt6/qml/Studio/libstudio/Scopes/Spectrogram.qml
-- Installing: /build/plasma-studio-git/pkg/plasma-studio-git/usr/lib/qt6/qml/Studio/libstudio/TransitionBlend.qml
-- Installing: /build/plasma-studio-git/pkg/plasma-studio-git/usr/lib/qt6/qml/Studio/libstudio/Vector_Graphics
-- Installing: /build/plasma-studio-git/pkg/plasma-studio-git/usr/lib/qt6/qml/Studio/libstudio/Vector_Graphics/PathUnion.qml
-- Installing: /build/plasma-studio-git/pkg/plasma-studio-git/usr/lib/qt6/qml/Studio/libstudio/Vector_Graphics/Outline.qml
-- Installing: /build/plasma-studio-git/pkg/plasma-studio-git/usr/lib/qt6/qml/Studio/libstudio/Vector_Graphics/PathDifference.qml
-- Installing: /build/plasma-studio-git/pkg/plasma-studio-git/usr/lib/qt6/qml/Studio/libstudio/Vector_Graphics/PathIntersection.qml
-- Installing: /build/plasma-studio-git/pkg/plasma-studio-git/usr/lib/qt6/qml/Studio/libstudio/Vector_Graphics/Text.qml
-- Installing: /build/plasma-studio-git/pkg/plasma-studio-git/usr/lib/qt6/qml/Studio/libstudio/Vector_Graphics/Circle.qml
-- Installing: /build/plasma-studio-git/pkg/plasma-studio-git/usr/lib/qt6/qml/Studio/libstudio/Vector_Graphics/Placeable.qml
-- Installing: /build/plasma-studio-git/pkg/plasma-studio-git/usr/lib/qt6/qml/Studio/libstudio/Vector_Graphics/Rectangle.qml
-- Installing: /build/plasma-studio-git/pkg/plasma-studio-git/usr/lib/qt6/qml/Studio/libstudio/Vector_Graphics/Gradient.qml
-- Installing: /build/plasma-studio-git/pkg/plasma-studio-git/usr/lib/qt6/qml/Studio/libstudio/Vector_Graphics/Polygon.qml
-- Installing: /build/plasma-studio-git/pkg/plasma-studio-git/usr/lib/qt6/qml/Studio/libstudio/Vector_Graphics/Path.qml
-- Installing: /build/plasma-studio-git/pkg/plasma-studio-git/usr/lib/qt6/qml/Studio/libstudio/Vector_Graphics/Mesh.qml
-- Installing: /build/plasma-studio-git/pkg/plasma-studio-git/usr/lib/qt6/qml/Studio/libstudio/Vector_Graphics/PathExclusion.qml
-- Installing: /build/plasma-studio-git/pkg/plasma-studio-git/usr/lib/qt6/qml/Studio/libstudio/3D
-- Installing: /build/plasma-studio-git/pkg/plasma-studio-git/usr/lib/qt6/qml/Studio/libstudio/3D/Object3D.qml
-- Installing: /build/plasma-studio-git/pkg/plasma-studio-git/usr/lib/qt6/qml/Studio/libstudio/3D/Material3D.qml
-- Installing: /build/plasma-studio-git/pkg/plasma-studio-git/usr/lib/qt6/qml/Studio/libstudio/3D/Camera3D.qml
-- Installing: /build/plasma-studio-git/pkg/plasma-studio-git/usr/lib/qt6/qml/Studio/libstudio/3D/MetalnessMap3D.qml
-- Installing: /build/plasma-studio-git/pkg/plasma-studio-git/usr/lib/qt6/qml/Studio/libstudio/3D/PointLight3D.qml
-- Installing: /build/plasma-studio-git/pkg/plasma-studio-git/usr/lib/qt6/qml/Studio/libstudio/3D/Cone3D.qml
-- Installing: /build/plasma-studio-git/pkg/plasma-studio-git/usr/lib/qt6/qml/Studio/libstudio/3D/Shape3D.qml
-- Installing: /build/plasma-studio-git/pkg/plasma-studio-git/usr/lib/qt6/qml/Studio/libstudio/3D/SpotLight3D.qml
-- Installing: /build/plasma-studio-git/pkg/plasma-studio-git/usr/lib/qt6/qml/Studio/libstudio/3D/Extrude3D.qml
-- Installing: /build/plasma-studio-git/pkg/plasma-studio-git/usr/lib/qt6/qml/Studio/libstudio/3D/LookAt3D.qml
-- Installing: /build/plasma-studio-git/pkg/plasma-studio-git/usr/lib/qt6/qml/Studio/libstudio/3D/EmissiveMap3D.qml
-- Installing: /build/plasma-studio-git/pkg/plasma-studio-git/usr/lib/qt6/qml/Studio/libstudio/3D/NormalMap3D.qml
-- Installing: /build/plasma-studio-git/pkg/plasma-studio-git/usr/lib/qt6/qml/Studio/libstudio/3D/Card3D.qml
-- Installing: /build/plasma-studio-git/pkg/plasma-studio-git/usr/lib/qt6/qml/Studio/libstudio/3D/Group3D.qml
-- Installing: /build/plasma-studio-git/pkg/plasma-studio-git/usr/lib/qt6/qml/Studio/libstudio/3D/Modifier3D.qml
-- Installing: /build/plasma-studio-git/pkg/plasma-studio-git/usr/lib/qt6/qml/Studio/libstudio/3D/Texture3D.qml
-- Installing: /build/plasma-studio-git/pkg/plasma-studio-git/usr/lib/qt6/qml/Studio/libstudio/3D/UvTransform3D.qml
-- Installing: /build/plasma-studio-git/pkg/plasma-studio-git/usr/lib/qt6/qml/Studio/libstudio/3D/OcclusionMap3D.qml
-- Installing: /build/plasma-studio-git/pkg/plasma-studio-git/usr/lib/qt6/qml/Studio/libstudio/3D/Array3D.qml
-- Installing: /build/plasma-studio-git/pkg/plasma-studio-git/usr/lib/qt6/qml/Studio/libstudio/3D/Cube3D.qml
-- Installing: /build/plasma-studio-git/pkg/plasma-studio-git/usr/lib/qt6/qml/Studio/libstudio/3D/Light3D.qml
-- Installing: /build/plasma-studio-git/pkg/plasma-studio-git/usr/lib/qt6/qml/Studio/libstudio/3D/DirectionalLight3D.qml
-- Installing: /build/plasma-studio-git/pkg/plasma-studio-git/usr/lib/qt6/qml/Studio/libstudio/3D/Model3D.qml
-- Installing: /build/plasma-studio-git/pkg/plasma-studio-git/usr/lib/qt6/qml/Studio/libstudio/3D/Transform3D.qml
-- Installing: /build/plasma-studio-git/pkg/plasma-studio-git/usr/lib/qt6/qml/Studio/libstudio/3D/RoughnessMap3D.qml
-- Installing: /build/plasma-studio-git/pkg/plasma-studio-git/usr/lib/qt6/qml/Studio/libstudio/3D/OpacityMap3D.qml
-- Installing: /build/plasma-studio-git/pkg/plasma-studio-git/usr/lib/qt6/qml/Studio/libstudio/3D/Cylinder3D.qml
-- Installing: /build/plasma-studio-git/pkg/plasma-studio-git/usr/lib/qt6/qml/Studio/libstudio/3D/Sphere3D.qml
-- Installing: /build/plasma-studio-git/pkg/plasma-studio-git/usr/lib/qt6/qml/Studio/libstudio/3D/ColorTexture3D.qml
-- Installing: /build/plasma-studio-git/pkg/plasma-studio-git/usr/lib/qt6/qml/Studio/libstudio/3D/Environment3D.qml
-- Installing: /build/plasma-studio-git/pkg/plasma-studio-git/usr/lib/qt6/qml/Studio/studioplugin.qmltypes
-- Installing: /build/plasma-studio-git/pkg/plasma-studio-git/usr/lib/qt6/qml/Studio/qmldir
-- Installing: /build/plasma-studio-git/pkg/plasma-studio-git/usr/lib/qt6/qml/Studio/studioplugin_qml_module_dir_map.qrc
-- Installing: /build/plasma-studio-git/pkg/plasma-studio-git/usr/lib/qt6/qml/Studio/libstudiopluginplugin.so
-- Installing: /build/plasma-studio-git/pkg/plasma-studio-git/usr/lib/qt6/qml/Studio/views
-- Installing: /build/plasma-studio-git/pkg/plasma-studio-git/usr/lib/qt6/qml/Studio/views/Settings
-- Installing: /build/plasma-studio-git/pkg/plasma-studio-git/usr/lib/qt6/qml/Studio/views/Settings/SettingsSection.qml
-- Installing: /build/plasma-studio-git/pkg/plasma-studio-git/usr/lib/qt6/qml/Studio/views/Settings/PluginSettings.qml
-- Installing: /build/plasma-studio-git/pkg/plasma-studio-git/usr/lib/qt6/qml/Studio/views/Settings/AppSettings.qml
-- Installing: /build/plasma-studio-git/pkg/plasma-studio-git/usr/lib/qt6/qml/Studio/views/Settings/SettingsRow.qml
-- Installing: /build/plasma-studio-git/pkg/plasma-studio-git/usr/lib/qt6/qml/Studio/views/Settings/SafetySettings.qml
-- Installing: /build/plasma-studio-git/pkg/plasma-studio-git/usr/lib/qt6/qml/Studio/views/Settings/ShortcutRow.qml
-- Installing: /build/plasma-studio-git/pkg/plasma-studio-git/usr/lib/qt6/qml/Studio/views/Settings/SettingsWindow.qml
-- Installing: /build/plasma-studio-git/pkg/plasma-studio-git/usr/lib/qt6/qml/Studio/views/Settings/PerformanceSettings.qml
-- Installing: /build/plasma-studio-git/pkg/plasma-studio-git/usr/lib/qt6/qml/Studio/views/Settings/GeneralSettings.qml
-- Installing: /build/plasma-studio-git/pkg/plasma-studio-git/usr/lib/qt6/qml/Studio/views/Settings/SettingsPage.qml
-- Installing: /build/plasma-studio-git/pkg/plasma-studio-git/usr/lib/qt6/qml/Studio/views/Settings/ShortcutSettings.qml
-- Installing: /build/plasma-studio-git/pkg/plasma-studio-git/usr/lib/qt6/qml/Studio/views/Settings/CacheSettings.qml
-- Installing: /build/plasma-studio-git/pkg/plasma-studio-git/usr/lib/qt6/qml/Studio/views/Settings/SettingChoice.qml
-- Installing: /build/plasma-studio-git/pkg/plasma-studio-git/usr/lib/qt6/qml/Studio/views/MediaPreview
-- Installing: /build/plasma-studio-git/pkg/plasma-studio-git/usr/lib/qt6/qml/Studio/views/MediaPreview/MediaDrop.qml
-- Installing: /build/plasma-studio-git/pkg/plasma-studio-git/usr/lib/qt6/qml/Studio/views/MediaPreview/MediaThumb.qml
-- Installing: /build/plasma-studio-git/pkg/plasma-studio-git/usr/lib/qt6/qml/Studio/views/MediaPreview/MediaDragGhost.qml
-- Installing: /build/plasma-studio-git/pkg/plasma-studio-git/usr/lib/qt6/qml/Studio/views/MediaPreview/MediaTrimBar.qml
-- Installing: /build/plasma-studio-git/pkg/plasma-studio-git/usr/lib/qt6/qml/Studio/views/MediaPreview/MediaPreviewPane.qml
-- Installing: /build/plasma-studio-git/pkg/plasma-studio-git/usr/lib/qt6/qml/Studio/views/MediaPreview/AudioRangeView.qml
-- Installing: /build/plasma-studio-git/pkg/plasma-studio-git/usr/lib/qt6/qml/Studio/views/MediaPreview/KeyHint.qml
-- Installing: /build/plasma-studio-git/pkg/plasma-studio-git/usr/lib/qt6/qml/Studio/views/SettleTimer.qml
-- Installing: /build/plasma-studio-git/pkg/plasma-studio-git/usr/lib/qt6/qml/Studio/views/EffectList
-- Installing: /build/plasma-studio-git/pkg/plasma-studio-git/usr/lib/qt6/qml/Studio/views/EffectList/AddEffectFooter.qml
-- Installing: /build/plasma-studio-git/pkg/plasma-studio-git/usr/lib/qt6/qml/Studio/views/EffectList/InspectorHeader.qml
-- Installing: /build/plasma-studio-git/pkg/plasma-studio-git/usr/lib/qt6/qml/Studio/views/EffectList/NodeConnectionChip.qml
-- Installing: /build/plasma-studio-git/pkg/plasma-studio-git/usr/lib/qt6/qml/Studio/views/EffectList/InspectorMenu.qml
-- Installing: /build/plasma-studio-git/pkg/plasma-studio-git/usr/lib/qt6/qml/Studio/views/EffectList/EffectListView.qml
-- Installing: /build/plasma-studio-git/pkg/plasma-studio-git/usr/lib/qt6/qml/Studio/views/EffectList/ClipTiming.qml
-- Installing: /build/plasma-studio-git/pkg/plasma-studio-git/usr/lib/qt6/qml/Studio/views/EffectList/NodeConnections.qml
-- Installing: /build/plasma-studio-git/pkg/plasma-studio-git/usr/lib/qt6/qml/Studio/views/EffectList/PinnedScopes.qml
-- Installing: /build/plasma-studio-git/pkg/plasma-studio-git/usr/lib/qt6/qml/Studio/views/EffectList/HeaderButton.qml
-- Installing: /build/plasma-studio-git/pkg/plasma-studio-git/usr/lib/qt6/qml/Studio/views/EffectList/SectionMenu.qml
-- Installing: /build/plasma-studio-git/pkg/plasma-studio-git/usr/lib/qt6/qml/Studio/views/EffectList/EffectSection.qml
-- Installing: /build/plasma-studio-git/pkg/plasma-studio-git/usr/lib/qt6/qml/Studio/views/Playback
-- Installing: /build/plasma-studio-git/pkg/plasma-studio-git/usr/lib/qt6/qml/Studio/views/Playback/GuideStore.qml
-- Installing: /build/plasma-studio-git/pkg/plasma-studio-git/usr/lib/qt6/qml/Studio/views/Playback/PreviewCamera.qml
-- Installing: /build/plasma-studio-git/pkg/plasma-studio-git/usr/lib/qt6/qml/Studio/views/Playback/StudioMonitor.qml
-- Installing: /build/plasma-studio-git/pkg/plasma-studio-git/usr/lib/qt6/qml/Studio/views/Playback/EditorHost.qml
-- Installing: /build/plasma-studio-git/pkg/plasma-studio-git/usr/lib/qt6/qml/Studio/views/Playback/ViewChip.qml
-- Installing: /build/plasma-studio-git/pkg/plasma-studio-git/usr/lib/qt6/qml/Studio/views/Playback/PreviewHitTest.qml
-- Installing: /build/plasma-studio-git/pkg/plasma-studio-git/usr/lib/qt6/qml/Studio/views/Playback/SnapPreferences.qml
-- Installing: /build/plasma-studio-git/pkg/plasma-studio-git/usr/lib/qt6/qml/Studio/views/Playback/HoverOutline.qml
-- Installing: /build/plasma-studio-git/pkg/plasma-studio-git/usr/lib/qt6/qml/Studio/views/Playback/BeforeImage.qml
-- Installing: /build/plasma-studio-git/pkg/plasma-studio-git/usr/lib/qt6/qml/Studio/views/Playback/GridOverlay.qml
-- Installing: /build/plasma-studio-git/pkg/plasma-studio-git/usr/lib/qt6/qml/Studio/views/Playback/SplitDivider.qml
-- Installing: /build/plasma-studio-git/pkg/plasma-studio-git/usr/lib/qt6/qml/Studio/views/Playback/editors
-- Installing: /build/plasma-studio-git/pkg/plasma-studio-git/usr/lib/qt6/qml/Studio/views/Playback/editors/SubtitlesEditTool.qml
-- Installing: /build/plasma-studio-git/pkg/plasma-studio-git/usr/lib/qt6/qml/Studio/views/Playback/editors/MeshEditTool.qml
-- Installing: /build/plasma-studio-git/pkg/plasma-studio-git/usr/lib/qt6/qml/Studio/views/Playback/editors/DropShadowEditTool.qml
-- Installing: /build/plasma-studio-git/pkg/plasma-studio-git/usr/lib/qt6/qml/Studio/views/Playback/editors/LinearBlurEditTool.qml
-- Installing: /build/plasma-studio-git/pkg/plasma-studio-git/usr/lib/qt6/qml/Studio/views/Playback/editors/CenterEditTool.qml
-- Installing: /build/plasma-studio-git/pkg/plasma-studio-git/usr/lib/qt6/qml/Studio/views/Playback/editors/OverlayHint.qml
-- Installing: /build/plasma-studio-git/pkg/plasma-studio-git/usr/lib/qt6/qml/Studio/views/Playback/editors/MaskEditTool.qml
-- Installing: /build/plasma-studio-git/pkg/plasma-studio-git/usr/lib/qt6/qml/Studio/views/Playback/editors/LightMarkers3D.qml
-- Installing: /build/plasma-studio-git/pkg/plasma-studio-git/usr/lib/qt6/qml/Studio/views/Playback/editors/TransformEditor.qml
-- Installing: /build/plasma-studio-git/pkg/plasma-studio-git/usr/lib/qt6/qml/Studio/views/Playback/editors/PathCreateTool.qml
-- Installing: /build/plasma-studio-git/pkg/plasma-studio-git/usr/lib/qt6/qml/Studio/views/Playback/editors/Gizmo3D.qml
-- Installing: /build/plasma-studio-git/pkg/plasma-studio-git/usr/lib/qt6/qml/Studio/views/Playback/editors/Scene3DEditTool.qml
-- Installing: /build/plasma-studio-git/pkg/plasma-studio-git/usr/lib/qt6/qml/Studio/views/Playback/editors/PlaceableCreateTool.qml
-- Installing: /build/plasma-studio-git/pkg/plasma-studio-git/usr/lib/qt6/qml/Studio/views/Playback/editors/SnapOverlay.qml
-- Installing: /build/plasma-studio-git/pkg/plasma-studio-git/usr/lib/qt6/qml/Studio/views/Playback/editors/PathHandles.qml
-- Installing: /build/plasma-studio-git/pkg/plasma-studio-git/usr/lib/qt6/qml/Studio/views/Playback/editors/PathMaskCreateTool.qml
-- Installing: /build/plasma-studio-git/pkg/plasma-studio-git/usr/lib/qt6/qml/Studio/views/Playback/editors/SceneGrid3D.qml
-- Installing: /build/plasma-studio-git/pkg/plasma-studio-git/usr/lib/qt6/qml/Studio/views/Playback/editors/MaskWiring.qml
-- Installing: /build/plasma-studio-git/pkg/plasma-studio-git/usr/lib/qt6/qml/Studio/views/Playback/editors/MaskCreateTool.qml
-- Installing: /build/plasma-studio-git/pkg/plasma-studio-git/usr/lib/qt6/qml/Studio/views/Playback/editors/OverlayShape.qml
-- Installing: /build/plasma-studio-git/pkg/plasma-studio-git/usr/lib/qt6/qml/Studio/views/Playback/editors/PlacementResolver.qml
-- Installing: /build/plasma-studio-git/pkg/plasma-studio-git/usr/lib/qt6/qml/Studio/views/Playback/editors/Scene3DToolbar.qml
-- Installing: /build/plasma-studio-git/pkg/plasma-studio-git/usr/lib/qt6/qml/Studio/views/Playback/editors/TextEditTool.qml
-- Installing: /build/plasma-studio-git/pkg/plasma-studio-git/usr/lib/qt6/qml/Studio/views/Playback/editors/RelightEditTool.qml
-- Installing: /build/plasma-studio-git/pkg/plasma-studio-git/usr/lib/qt6/qml/Studio/views/Playback/editors/DragHandle.qml
-- Installing: /build/plasma-studio-git/pkg/plasma-studio-git/usr/lib/qt6/qml/Studio/views/Playback/editors/SelectionBox.qml
-- Installing: /build/plasma-studio-git/pkg/plasma-studio-git/usr/lib/qt6/qml/Studio/views/Playback/editors/Bounds3D.qml
-- Installing: /build/plasma-studio-git/pkg/plasma-studio-git/usr/lib/qt6/qml/Studio/views/Playback/editors/ChromaticAberrationEditTool.qml
-- Installing: /build/plasma-studio-git/pkg/plasma-studio-git/usr/lib/qt6/qml/Studio/views/Playback/editors/GradientEditTool.qml
-- Installing: /build/plasma-studio-git/pkg/plasma-studio-git/usr/lib/qt6/qml/Studio/views/Playback/editors/EditorTool.qml
-- Installing: /build/plasma-studio-git/pkg/plasma-studio-git/usr/lib/qt6/qml/Studio/views/Playback/editors/LayoutReorderTool.qml
-- Installing: /build/plasma-studio-git/pkg/plasma-studio-git/usr/lib/qt6/qml/Studio/views/Playback/editors/PlaceableEditTool.qml
-- Installing: /build/plasma-studio-git/pkg/plasma-studio-git/usr/lib/qt6/qml/Studio/views/Playback/editors/ViewAxes3D.qml
-- Installing: /build/plasma-studio-git/pkg/plasma-studio-git/usr/lib/qt6/qml/Studio/views/Playback/editors/PathEditTool.qml
-- Installing: /build/plasma-studio-git/pkg/plasma-studio-git/usr/lib/qt6/qml/Studio/views/Playback/editors/PerspectiveEditTool.qml
-- Installing: /build/plasma-studio-git/pkg/plasma-studio-git/usr/lib/qt6/qml/Studio/views/Playback/editors/RadialBlurEditTool.qml
-- Installing: /build/plasma-studio-git/pkg/plasma-studio-git/usr/lib/qt6/qml/Studio/views/Playback/editors/Scene3DInput.qml
-- Installing: /build/plasma-studio-git/pkg/plasma-studio-git/usr/lib/qt6/qml/Studio/views/Playback/editors/TextCreateTool.qml
-- Installing: /build/plasma-studio-git/pkg/plasma-studio-git/usr/lib/qt6/qml/Studio/views/Playback/editors/FrozenBounds.qml
-- Installing: /build/plasma-studio-git/pkg/plasma-studio-git/usr/lib/qt6/qml/Studio/views/Playback/PageShadow.qml
-- Installing: /build/plasma-studio-git/pkg/plasma-studio-git/usr/lib/qt6/qml/Studio/views/Playback/PageOverlays.qml
-- Installing: /build/plasma-studio-git/pkg/plasma-studio-git/usr/lib/qt6/qml/Studio/views/Playback/HiddenSources.qml
-- Installing: /build/plasma-studio-git/pkg/plasma-studio-git/usr/lib/qt6/qml/Studio/views/Playback/PreviewMenus.qml
-- Installing: /build/plasma-studio-git/pkg/plasma-studio-git/usr/lib/qt6/qml/Studio/views/Playback/SelectionScope.qml
-- Installing: /build/plasma-studio-git/pkg/plasma-studio-git/usr/lib/qt6/qml/Studio/views/Playback/CanvasChipSeparator.qml
-- Installing: /build/plasma-studio-git/pkg/plasma-studio-git/usr/lib/qt6/qml/Studio/views/Playback/PreviewEmptyState.qml
-- Installing: /build/plasma-studio-git/pkg/plasma-studio-git/usr/lib/qt6/qml/Studio/views/Playback/MotionChip.qml
-- Installing: /build/plasma-studio-git/pkg/plasma-studio-git/usr/lib/qt6/qml/Studio/views/Playback/PreviewCanvas.qml
-- Installing: /build/plasma-studio-git/pkg/plasma-studio-git/usr/lib/qt6/qml/Studio/views/Playback/RulersOverlay.qml
-- Installing: /build/plasma-studio-git/pkg/plasma-studio-git/usr/lib/qt6/qml/Studio/views/Playback/PreviewRuler.qml
-- Installing: /build/plasma-studio-git/pkg/plasma-studio-git/usr/lib/qt6/qml/Studio/views/Playback/SafeZonesOverlay.qml
-- Installing: /build/plasma-studio-git/pkg/plasma-studio-git/usr/lib/qt6/qml/Studio/views/Playback/MaskOverlay.qml
-- Installing: /build/plasma-studio-git/pkg/plasma-studio-git/usr/lib/qt6/qml/Studio/views/Playback/CanvasTip.qml
-- Installing: /build/plasma-studio-git/pkg/plasma-studio-git/usr/lib/qt6/qml/Studio/views/Playback/MotionOverlays.qml
-- Installing: /build/plasma-studio-git/pkg/plasma-studio-git/usr/lib/qt6/qml/Studio/views/Playback/SnapPopover.qml
-- Installing: /build/plasma-studio-git/pkg/plasma-studio-git/usr/lib/qt6/qml/Studio/views/Playback/MissingMediaChip.qml
-- Installing: /build/plasma-studio-git/pkg/plasma-studio-git/usr/lib/qt6/qml/Studio/views/Playback/CanvasSpace.qml
-- Installing: /build/plasma-studio-git/pkg/plasma-studio-git/usr/lib/qt6/qml/Studio/views/Playback/RubberBand.qml
-- Installing: /build/plasma-studio-git/pkg/plasma-studio-git/usr/lib/qt6/qml/Studio/views/Playback/ProgramChips.qml
-- Installing: /build/plasma-studio-git/pkg/plasma-studio-git/usr/lib/qt6/qml/Studio/views/Playback/PlaybackView.qml
-- Installing: /build/plasma-studio-git/pkg/plasma-studio-git/usr/lib/qt6/qml/Studio/views/Playback/ScopeTrail.qml
-- Installing: /build/plasma-studio-git/pkg/plasma-studio-git/usr/lib/qt6/qml/Studio/views/Playback/SelectionContext.qml
-- Installing: /build/plasma-studio-git/pkg/plasma-studio-git/usr/lib/qt6/qml/Studio/views/Playback/PreviewDropArea.qml
-- Installing: /build/plasma-studio-git/pkg/plasma-studio-git/usr/lib/qt6/qml/Studio/views/Playback/PreviewTransport.qml
-- Installing: /build/plasma-studio-git/pkg/plasma-studio-git/usr/lib/qt6/qml/Studio/views/Playback/CanvasChip.qml
-- Installing: /build/plasma-studio-git/pkg/plasma-studio-git/usr/lib/qt6/qml/Studio/views/Output
-- Installing: /build/plasma-studio-git/pkg/plasma-studio-git/usr/lib/qt6/qml/Studio/views/Output/BitrateSparkline.qml
-- Installing: /build/plasma-studio-git/pkg/plasma-studio-git/usr/lib/qt6/qml/Studio/views/Output/OutputStatusBar.qml
-- Installing: /build/plasma-studio-git/pkg/plasma-studio-git/usr/lib/qt6/qml/Studio/views/Output/OutputPanelCombo.qml
-- Installing: /build/plasma-studio-git/pkg/plasma-studio-git/usr/lib/qt6/qml/Studio/views/Output/OutputCombo.qml
-- Installing: /build/plasma-studio-git/pkg/plasma-studio-git/usr/lib/qt6/qml/Studio/views/Output/RenderJobRow.qml
-- Installing: /build/plasma-studio-git/pkg/plasma-studio-git/usr/lib/qt6/qml/Studio/views/Output/OutputComboLabel.qml
-- Installing: /build/plasma-studio-git/pkg/plasma-studio-git/usr/lib/qt6/qml/Studio/views/Output/RenderQueueList.qml
-- Installing: /build/plasma-studio-git/pkg/plasma-studio-git/usr/lib/qt6/qml/Studio/views/Output/OutputField.qml
-- Installing: /build/plasma-studio-git/pkg/plasma-studio-git/usr/lib/qt6/qml/Studio/views/NodeDropArea.qml
-- Installing: /build/plasma-studio-git/pkg/plasma-studio-git/usr/lib/qt6/qml/Studio/views/NodeTree
-- Installing: /build/plasma-studio-git/pkg/plasma-studio-git/usr/lib/qt6/qml/Studio/views/NodeTree/NodeTreeRow.qml
-- Installing: /build/plasma-studio-git/pkg/plasma-studio-git/usr/lib/qt6/qml/Studio/views/NodeTree/TreeToggle.qml
-- Installing: /build/plasma-studio-git/pkg/plasma-studio-git/usr/lib/qt6/qml/Studio/views/NodeTree/NodeTreeView.qml
-- Installing: /build/plasma-studio-git/pkg/plasma-studio-git/usr/lib/qt6/qml/Studio/views/Files
-- Installing: /build/plasma-studio-git/pkg/plasma-studio-git/usr/lib/qt6/qml/Studio/views/Files/FileDragArea.qml
-- Installing: /build/plasma-studio-git/pkg/plasma-studio-git/usr/lib/qt6/qml/Studio/views/Files/FileTile.qml
-- Installing: /build/plasma-studio-git/pkg/plasma-studio-git/usr/lib/qt6/qml/Studio/views/Files/FileCrumbs.qml
-- Installing: /build/plasma-studio-git/pkg/plasma-studio-git/usr/lib/qt6/qml/Studio/views/Files/FolderRow.qml
-- Installing: /build/plasma-studio-git/pkg/plasma-studio-git/usr/lib/qt6/qml/Studio/views/Files/FilesView.qml
-- Installing: /build/plasma-studio-git/pkg/plasma-studio-git/usr/lib/qt6/qml/Studio/views/Files/FileRow.qml
-- Installing: /build/plasma-studio-git/pkg/plasma-studio-git/usr/lib/qt6/qml/Studio/views/TimeAxis
-- Installing: /build/plasma-studio-git/pkg/plasma-studio-git/usr/lib/qt6/qml/Studio/views/TimeAxis/AxisScrollBar.qml
-- Installing: /build/plasma-studio-git/pkg/plasma-studio-git/usr/lib/qt6/qml/Studio/views/TimeAxis/TimeAxis.qml
-- Installing: /build/plasma-studio-git/pkg/plasma-studio-git/usr/lib/qt6/qml/Studio/views/TimeAxis/TimeScrubber.qml
-- Installing: /build/plasma-studio-git/pkg/plasma-studio-git/usr/lib/qt6/qml/Studio/views/TimeAxis/WheelRail.qml
-- Installing: /build/plasma-studio-git/pkg/plasma-studio-git/usr/lib/qt6/qml/Studio/views/TimeAxis/TimeRuler.qml
-- Installing: /build/plasma-studio-git/pkg/plasma-studio-git/usr/lib/qt6/qml/Studio/views/TimeAxis/ZoomControls.qml
-- Installing: /build/plasma-studio-git/pkg/plasma-studio-git/usr/lib/qt6/qml/Studio/views/TimeAxis/TimePlayhead.qml
-- Installing: /build/plasma-studio-git/pkg/plasma-studio-git/usr/lib/qt6/qml/Studio/views/NodeGraph
-- Installing: /build/plasma-studio-git/pkg/plasma-studio-git/usr/lib/qt6/qml/Studio/views/NodeGraph/GraphShortcuts.qml
-- Installing: /build/plasma-studio-git/pkg/plasma-studio-git/usr/lib/qt6/qml/Studio/views/NodeGraph/PortRow.qml
-- Installing: /build/plasma-studio-git/pkg/plasma-studio-git/usr/lib/qt6/qml/Studio/views/NodeGraph/GraphFind.qml
-- Installing: /build/plasma-studio-git/pkg/plasma-studio-git/usr/lib/qt6/qml/Studio/views/NodeGraph/GhostCard.qml
-- Installing: /build/plasma-studio-git/pkg/plasma-studio-git/usr/lib/qt6/qml/Studio/views/NodeGraph/InputPort.qml
-- Installing: /build/plasma-studio-git/pkg/plasma-studio-git/usr/lib/qt6/qml/Studio/views/NodeGraph/NodeCard.qml
-- Installing: /build/plasma-studio-git/pkg/plasma-studio-git/usr/lib/qt6/qml/Studio/views/NodeGraph/GraphToolbar.qml
-- Installing: /build/plasma-studio-git/pkg/plasma-studio-git/usr/lib/qt6/qml/Studio/views/NodeGraph/WireChip.qml
-- Installing: /build/plasma-studio-git/pkg/plasma-studio-git/usr/lib/qt6/qml/Studio/views/NodeGraph/GraphInput.qml
-- Installing: /build/plasma-studio-git/pkg/plasma-studio-git/usr/lib/qt6/qml/Studio/views/NodeGraph/SocketRow.qml
-- Installing: /build/plasma-studio-git/pkg/plasma-studio-git/usr/lib/qt6/qml/Studio/views/NodeGraph/WireDrag.qml
-- Installing: /build/plasma-studio-git/pkg/plasma-studio-git/usr/lib/qt6/qml/Studio/views/NodeGraph/GraphSocket.qml
-- Installing: /build/plasma-studio-git/pkg/plasma-studio-git/usr/lib/qt6/qml/Studio/views/NodeGraph/GraphMinimap.qml
-- Installing: /build/plasma-studio-git/pkg/plasma-studio-git/usr/lib/qt6/qml/Studio/views/NodeGraph/NodeGraphView.qml
-- Installing: /build/plasma-studio-git/pkg/plasma-studio-git/usr/lib/qt6/qml/Studio/views/NodeGraph/ProblemBubble.qml
-- Installing: /build/plasma-studio-git/pkg/plasma-studio-git/usr/lib/qt6/qml/Studio/views/NodeGraph/GraphLegend.qml
-- Installing: /build/plasma-studio-git/pkg/plasma-studio-git/usr/lib/qt6/qml/Studio/views/NodeGraph/GraphTrail.qml
-- Installing: /build/plasma-studio-git/pkg/plasma-studio-git/usr/lib/qt6/qml/Studio/views/NodeGraph/CardPreview.qml
-- Installing: /build/plasma-studio-git/pkg/plasma-studio-git/usr/lib/qt6/qml/Studio/views/NodeGraph/NodeGraphLinks.qml
-- Installing: /build/plasma-studio-git/pkg/plasma-studio-git/usr/lib/qt6/qml/Studio/views/NodeGraph/GraphCamera.qml
-- Installing: /build/plasma-studio-git/pkg/plasma-studio-git/usr/lib/qt6/qml/Studio/views/NodeGraph/NodeGraphGlide.qml
-- Installing: /build/plasma-studio-git/pkg/plasma-studio-git/usr/lib/qt6/qml/Studio/views/NodeGraph/GraphChips.qml
-- Installing: /build/plasma-studio-git/pkg/plasma-studio-git/usr/lib/qt6/qml/Studio/views/NodeGraph/GraphLabel.qml
-- Installing: /build/plasma-studio-git/pkg/plasma-studio-git/usr/lib/qt6/qml/Studio/views/NodeGraph/GraphFrame.qml
-- Installing: /build/plasma-studio-git/pkg/plasma-studio-git/usr/lib/qt6/qml/Studio/views/NodeGraph/GraphDots.qml
-- Installing: /build/plasma-studio-git/pkg/plasma-studio-git/usr/lib/qt6/qml/Studio/views/NodeGraph/GraphSelection.qml
-- Installing: /build/plasma-studio-git/pkg/plasma-studio-git/usr/lib/qt6/qml/Studio/views/NodeGraph/GraphSlot.qml
-- Installing: /build/plasma-studio-git/pkg/plasma-studio-git/usr/lib/qt6/qml/Studio/views/NodeGraph/GraphRail.qml
-- Installing: /build/plasma-studio-git/pkg/plasma-studio-git/usr/lib/qt6/qml/Studio/views/NodeGraph/NodeGraphMenu.qml
-- Installing: /build/plasma-studio-git/pkg/plasma-studio-git/usr/lib/qt6/qml/Studio/views/App
-- Installing: /build/plasma-studio-git/pkg/plasma-studio-git/usr/lib/qt6/qml/Studio/views/App/SourcePrompt.qml
-- Installing: /build/plasma-studio-git/pkg/plasma-studio-git/usr/lib/qt6/qml/Studio/views/App/PageSettings.qml
-- Installing: /build/plasma-studio-git/pkg/plasma-studio-git/usr/lib/qt6/qml/Studio/views/App/DraggableToolButton.qml
-- Installing: /build/plasma-studio-git/pkg/plasma-studio-git/usr/lib/qt6/qml/Studio/views/App/ProjectTypes.qml
-- Installing: /build/plasma-studio-git/pkg/plasma-studio-git/usr/lib/qt6/qml/Studio/views/App/WindowKeys.qml
-- Installing: /build/plasma-studio-git/pkg/plasma-studio-git/usr/lib/qt6/qml/Studio/views/App/EditMenu.qml
-- Installing: /build/plasma-studio-git/pkg/plasma-studio-git/usr/lib/qt6/qml/Studio/views/App/ViewFooter.qml
-- Installing: /build/plasma-studio-git/pkg/plasma-studio-git/usr/lib/qt6/qml/Studio/views/App/PresetTile.qml
-- Installing: /build/plasma-studio-git/pkg/plasma-studio-git/usr/lib/qt6/qml/Studio/views/App/AutoSave.qml
-- Installing: /build/plasma-studio-git/pkg/plasma-studio-git/usr/lib/qt6/qml/Studio/views/App/NotificationArea.qml
-- Installing: /build/plasma-studio-git/pkg/plasma-studio-git/usr/lib/qt6/qml/Studio/views/App/RecentFiles.qml
-- Installing: /build/plasma-studio-git/pkg/plasma-studio-git/usr/lib/qt6/qml/Studio/views/App/EditableName.qml
-- Installing: /build/plasma-studio-git/pkg/plasma-studio-git/usr/lib/qt6/qml/Studio/views/App/TrustDialog.qml
-- Installing: /build/plasma-studio-git/pkg/plasma-studio-git/usr/lib/qt6/qml/Studio/views/App/UnsavedChangesDialog.qml
-- Installing: /build/plasma-studio-git/pkg/plasma-studio-git/usr/lib/qt6/qml/Studio/views/App/NodeSuggestions.qml
-- Installing: /build/plasma-studio-git/pkg/plasma-studio-git/usr/lib/qt6/qml/Studio/views/App/AddNodePalette.qml
-- Installing: /build/plasma-studio-git/pkg/plasma-studio-git/usr/lib/qt6/qml/Studio/views/App/LastFolder.qml
-- Installing: /build/plasma-studio-git/pkg/plasma-studio-git/usr/lib/qt6/qml/Studio/views/App/RelinkDialog.qml
-- Installing: /build/plasma-studio-git/pkg/plasma-studio-git/usr/lib/qt6/qml/Studio/views/App/AppHeader.qml
-- Installing: /build/plasma-studio-git/pkg/plasma-studio-git/usr/lib/qt6/qml/Studio/views/App/RecoveryDialog.qml
-- Installing: /build/plasma-studio-git/pkg/plasma-studio-git/usr/lib/qt6/qml/Studio/views/App/ViewFooterButton.qml
-- Installing: /build/plasma-studio-git/pkg/plasma-studio-git/usr/lib/qt6/qml/Studio/views/App/SuggestionStrip.qml
-- Installing: /build/plasma-studio-git/pkg/plasma-studio-git/usr/lib/qt6/qml/Studio/views/App/EditActions.qml
-- Installing: /build/plasma-studio-git/pkg/plasma-studio-git/usr/lib/qt6/qml/Studio/views/App/ViewFooterStatus.qml
-- Installing: /build/plasma-studio-git/pkg/plasma-studio-git/usr/lib/qt6/qml/Studio/views/Code
-- Installing: /build/plasma-studio-git/pkg/plasma-studio-git/usr/lib/qt6/qml/Studio/views/Code/CodeBreadcrumb.qml
-- Installing: /build/plasma-studio-git/pkg/plasma-studio-git/usr/lib/qt6/qml/Studio/views/Code/CodeEditor.qml
-- Installing: /build/plasma-studio-git/pkg/plasma-studio-git/usr/lib/qt6/qml/Studio/views/Code/CodeStatusBar.qml
-- Installing: /build/plasma-studio-git/pkg/plasma-studio-git/usr/lib/qt6/qml/Studio/views/Code/CodeHoverDoc.qml
-- Installing: /build/plasma-studio-git/pkg/plasma-studio-git/usr/lib/qt6/qml/Studio/views/Code/SafeModeMessage.qml
-- Installing: /build/plasma-studio-git/pkg/plasma-studio-git/usr/lib/qt6/qml/Studio/views/Code/CodeCompletion.qml
-- Installing: /build/plasma-studio-git/pkg/plasma-studio-git/usr/lib/qt6/qml/Studio/views/Code/CodePreview.qml
-- Installing: /build/plasma-studio-git/pkg/plasma-studio-git/usr/lib/qt6/qml/Studio/views/Code/CodeView.qml
-- Installing: /build/plasma-studio-git/pkg/plasma-studio-git/usr/lib/qt6/qml/Studio/views/Welcome
-- Installing: /build/plasma-studio-git/pkg/plasma-studio-git/usr/lib/qt6/qml/Studio/views/Welcome/RecentProjectRow.qml
-- Installing: /build/plasma-studio-git/pkg/plasma-studio-git/usr/lib/qt6/qml/Studio/views/Welcome/RecentProjectCard.qml
-- Installing: /build/plasma-studio-git/pkg/plasma-studio-git/usr/lib/qt6/qml/Studio/views/Welcome/ProjectThumbnailer.qml
-- Installing: /build/plasma-studio-git/pkg/plasma-studio-git/usr/lib/qt6/qml/Studio/views/Welcome/TemplatePresets.qml
-- Installing: /build/plasma-studio-git/pkg/plasma-studio-git/usr/lib/qt6/qml/Studio/views/Welcome/WelcomeCard.qml
-- Installing: /build/plasma-studio-git/pkg/plasma-studio-git/usr/lib/qt6/qml/Studio/views/Welcome/WelcomeTemplates.qml
-- Installing: /build/plasma-studio-git/pkg/plasma-studio-git/usr/lib/qt6/qml/Studio/views/Welcome/WelcomeHome.qml
-- Installing: /build/plasma-studio-git/pkg/plasma-studio-git/usr/lib/qt6/qml/Studio/views/Welcome/RecentProjects.qml
-- Installing: /build/plasma-studio-git/pkg/plasma-studio-git/usr/lib/qt6/qml/Studio/views/Welcome/ProjectThumbnail.qml
-- Installing: /build/plasma-studio-git/pkg/plasma-studio-git/usr/lib/qt6/qml/Studio/views/Welcome/TemplateCard.qml
-- Installing: /build/plasma-studio-git/pkg/plasma-studio-git/usr/lib/qt6/qml/Studio/views/Welcome/WelcomeRecent.qml
-- Installing: /build/plasma-studio-git/pkg/plasma-studio-git/usr/lib/qt6/qml/Studio/views/Welcome/WelcomeRail.qml
-- Installing: /build/plasma-studio-git/pkg/plasma-studio-git/usr/lib/qt6/qml/Studio/views/Welcome/MediaDropZone.qml
-- Installing: /build/plasma-studio-git/pkg/plasma-studio-git/usr/lib/qt6/qml/Studio/views/Welcome/TemplateArt.qml
-- Installing: /build/plasma-studio-git/pkg/plasma-studio-git/usr/lib/qt6/qml/Studio/views/Welcome/WelcomeAbout.qml
-- Installing: /build/plasma-studio-git/pkg/plasma-studio-git/usr/lib/qt6/qml/Studio/views/Welcome/RecoveryStrip.qml
-- Installing: /build/plasma-studio-git/pkg/plasma-studio-git/usr/lib/qt6/qml/Studio/views/Welcome/WelcomeLearn.qml
-- Installing: /build/plasma-studio-git/pkg/plasma-studio-git/usr/lib/qt6/qml/Studio/views/Welcome/WelcomePageFrame.qml
-- Installing: /build/plasma-studio-git/pkg/plasma-studio-git/usr/lib/qt6/qml/Studio/views/Welcome/WelcomePlugins.qml
-- Installing: /build/plasma-studio-git/pkg/plasma-studio-git/usr/lib/qt6/qml/Studio/views/Welcome/DocumentStarter.qml
-- Installing: /build/plasma-studio-git/pkg/plasma-studio-git/usr/lib/qt6/qml/Studio/views/Welcome/WelcomeScreen.qml
-- Installing: /build/plasma-studio-git/pkg/plasma-studio-git/usr/lib/qt6/qml/Studio/views/Common
-- Installing: /build/plasma-studio-git/pkg/plasma-studio-git/usr/lib/qt6/qml/Studio/views/Common/Keymap.qml
-- Installing: /build/plasma-studio-git/pkg/plasma-studio-git/usr/lib/qt6/qml/Studio/views/Common/Pill.qml
-- Installing: /build/plasma-studio-git/pkg/plasma-studio-git/usr/lib/qt6/qml/Studio/views/Common/ConfirmDialog.qml
-- Installing: /build/plasma-studio-git/pkg/plasma-studio-git/usr/lib/qt6/qml/Studio/views/Common/PathEditFocus.qml
-- Installing: /build/plasma-studio-git/pkg/plasma-studio-git/usr/lib/qt6/qml/Studio/views/Common/TransportControls.qml
-- Installing: /build/plasma-studio-git/pkg/plasma-studio-git/usr/lib/qt6/qml/Studio/views/Common/PlaybackPrefs.qml
-- Installing: /build/plasma-studio-git/pkg/plasma-studio-git/usr/lib/qt6/qml/Studio/views/Common/FadeStack.qml
-- Installing: /build/plasma-studio-git/pkg/plasma-studio-git/usr/lib/qt6/qml/Studio/views/Common/WidthFit.qml
-- Installing: /build/plasma-studio-git/pkg/plasma-studio-git/usr/lib/qt6/qml/Studio/views/Common/NodeProblem.qml
-- Installing: /build/plasma-studio-git/pkg/plasma-studio-git/usr/lib/qt6/qml/Studio/views/Common/NewShapeStyle.qml
-- Installing: /build/plasma-studio-git/pkg/plasma-studio-git/usr/lib/qt6/qml/Studio/views/Common/PresenceModel.qml
-- Installing: /build/plasma-studio-git/pkg/plasma-studio-git/usr/lib/qt6/qml/Studio/views/Common/KeyCap.qml
-- Installing: /build/plasma-studio-git/pkg/plasma-studio-git/usr/lib/qt6/qml/Studio/views/Common/VolumeButton.qml
-- Installing: /build/plasma-studio-git/pkg/plasma-studio-git/usr/lib/qt6/qml/Studio/views/Common/NameFilters.qml
-- Installing: /build/plasma-studio-git/pkg/plasma-studio-git/usr/lib/qt6/qml/Studio/views/Common/FocusFrame.qml
-- Installing: /build/plasma-studio-git/pkg/plasma-studio-git/usr/lib/qt6/qml/Studio/views/Common/GutterScrollBar.qml
-- Installing: /build/plasma-studio-git/pkg/plasma-studio-git/usr/lib/qt6/qml/Studio/views/Common/NodeDragChip.qml
-- Installing: /build/plasma-studio-git/pkg/plasma-studio-git/usr/lib/qt6/qml/Studio/views/Common/ZoomIcon.qml
-- Installing: /build/plasma-studio-git/pkg/plasma-studio-git/usr/lib/qt6/qml/Studio/views/Common/PanelHeader.qml
-- Installing: /build/plasma-studio-git/pkg/plasma-studio-git/usr/lib/qt6/qml/Studio/views/Common/DropGlow.qml
-- Installing: /build/plasma-studio-git/pkg/plasma-studio-git/usr/lib/qt6/qml/Studio/views/Common/SplitHandle.qml
-- Installing: /build/plasma-studio-git/pkg/plasma-studio-git/usr/lib/qt6/qml/Studio/views/Common/NodeStyle.qml
-- Installing: /build/plasma-studio-git/pkg/plasma-studio-git/usr/lib/qt6/qml/Studio/views/Common/Motion.qml
-- Installing: /build/plasma-studio-git/pkg/plasma-studio-git/usr/lib/qt6/qml/Studio/views/Common/JoinedButtons.qml
-- Installing: /build/plasma-studio-git/pkg/plasma-studio-git/usr/lib/qt6/qml/Studio/views/Common/SlidingPane.qml
-- Installing: /build/plasma-studio-git/pkg/plasma-studio-git/usr/lib/qt6/qml/Studio/views/Common/NodeDragLanding.qml
-- Installing: /build/plasma-studio-git/pkg/plasma-studio-git/usr/lib/qt6/qml/Studio/views/Common/KindBadge.qml
-- Installing: /build/plasma-studio-git/pkg/plasma-studio-git/usr/lib/qt6/qml/Studio/views/Common/ListHighlight.qml
-- Installing: /build/plasma-studio-git/pkg/plasma-studio-git/usr/lib/qt6/qml/Studio/views/Common/DashedFrame.qml
-- Installing: /build/plasma-studio-git/pkg/plasma-studio-git/usr/lib/qt6/qml/Studio/views/Common/PreviewScaleCombo.qml
-- Installing: /build/plasma-studio-git/pkg/plasma-studio-git/usr/lib/qt6/qml/Studio/views/Common/NodeDragSource.qml
-- Installing: /build/plasma-studio-git/pkg/plasma-studio-git/usr/lib/qt6/qml/Studio/views/Live
-- Installing: /build/plasma-studio-git/pkg/plasma-studio-git/usr/lib/qt6/qml/Studio/views/Live/ScenesPanel.qml
-- Installing: /build/plasma-studio-git/pkg/plasma-studio-git/usr/lib/qt6/qml/Studio/views/Live/StripMeter.qml
-- Installing: /build/plasma-studio-git/pkg/plasma-studio-git/usr/lib/qt6/qml/Studio/views/Live/MixerStrip.qml
-- Installing: /build/plasma-studio-git/pkg/plasma-studio-git/usr/lib/qt6/qml/Studio/views/Live/SceneStrip.qml
-- Installing: /build/plasma-studio-git/pkg/plasma-studio-git/usr/lib/qt6/qml/Studio/views/Live/SceneCard.qml
-- Installing: /build/plasma-studio-git/pkg/plasma-studio-git/usr/lib/qt6/qml/Studio/views/Live/SceneThumbnail.qml
-- Installing: /build/plasma-studio-git/pkg/plasma-studio-git/usr/lib/qt6/qml/Studio/views/NodeSettings
-- Installing: /build/plasma-studio-git/pkg/plasma-studio-git/usr/lib/qt6/qml/Studio/views/NodeSettings/ColorPickerBars.qml
-- Installing: /build/plasma-studio-git/pkg/plasma-studio-git/usr/lib/qt6/qml/Studio/views/NodeSettings/ListNodeSetting.qml
-- Installing: /build/plasma-studio-git/pkg/plasma-studio-git/usr/lib/qt6/qml/Studio/views/NodeSettings/LinkSetting.qml
-- Installing: /build/plasma-studio-git/pkg/plasma-studio-git/usr/lib/qt6/qml/Studio/views/NodeSettings/RawWhiteBalanceSetting.qml
-- Installing: /build/plasma-studio-git/pkg/plasma-studio-git/usr/lib/qt6/qml/Studio/views/NodeSettings/ToggleButtonSetting.qml
-- Installing: /build/plasma-studio-git/pkg/plasma-studio-git/usr/lib/qt6/qml/Studio/views/NodeSettings/SliderSetting.qml
-- Installing: /build/plasma-studio-git/pkg/plasma-studio-git/usr/lib/qt6/qml/Studio/views/NodeSettings/DepthModelSetting.qml
-- Installing: /build/plasma-studio-git/pkg/plasma-studio-git/usr/lib/qt6/qml/Studio/views/NodeSettings/SpokenLanguageSetting.qml
-- Installing: /build/plasma-studio-git/pkg/plasma-studio-git/usr/lib/qt6/qml/Studio/views/NodeSettings/RowKeys.qml
-- Installing: /build/plasma-studio-git/pkg/plasma-studio-git/usr/lib/qt6/qml/Studio/views/NodeSettings/ExportPresetChips.qml
-- Installing: /build/plasma-studio-git/pkg/plasma-studio-git/usr/lib/qt6/qml/Studio/views/NodeSettings/ExportSizeSetting.qml
-- Installing: /build/plasma-studio-git/pkg/plasma-studio-git/usr/lib/qt6/qml/Studio/views/NodeSettings/PointCurveControls.qml
-- Installing: /build/plasma-studio-git/pkg/plasma-studio-git/usr/lib/qt6/qml/Studio/views/NodeSettings/OptionsCombo.qml
-- Installing: /build/plasma-studio-git/pkg/plasma-studio-git/usr/lib/qt6/qml/Studio/views/NodeSettings/ButtonSetting.qml
-- Installing: /build/plasma-studio-git/pkg/plasma-studio-git/usr/lib/qt6/qml/Studio/views/NodeSettings/EasingPopup.qml
-- Installing: /build/plasma-studio-git/pkg/plasma-studio-git/usr/lib/qt6/qml/Studio/views/NodeSettings/RecordStatus.qml
-- Installing: /build/plasma-studio-git/pkg/plasma-studio-git/usr/lib/qt6/qml/Studio/views/NodeSettings/GradientAngleSetting.qml
-- Installing: /build/plasma-studio-git/pkg/plasma-studio-git/usr/lib/qt6/qml/Studio/views/NodeSettings/MatrixSetting.qml
-- Installing: /build/plasma-studio-git/pkg/plasma-studio-git/usr/lib/qt6/qml/Studio/views/NodeSettings/SvgPathSetting.qml
-- Installing: /build/plasma-studio-git/pkg/plasma-studio-git/usr/lib/qt6/qml/Studio/views/NodeSettings/ProgressSetting.qml
-- Installing: /build/plasma-studio-git/pkg/plasma-studio-git/usr/lib/qt6/qml/Studio/views/NodeSettings/SettingLine.qml
-- Installing: /build/plasma-studio-git/pkg/plasma-studio-git/usr/lib/qt6/qml/Studio/views/NodeSettings/FilterCurveSetting.qml
-- Installing: /build/plasma-studio-git/pkg/plasma-studio-git/usr/lib/qt6/qml/Studio/views/NodeSettings/LabelSetting.qml
-- Installing: /build/plasma-studio-git/pkg/plasma-studio-git/usr/lib/qt6/qml/Studio/views/NodeSettings/ExportColorSetting.qml
-- Installing: /build/plasma-studio-git/pkg/plasma-studio-git/usr/lib/qt6/qml/Studio/views/NodeSettings/ExportQualitySetting.qml
-- Installing: /build/plasma-studio-git/pkg/plasma-studio-git/usr/lib/qt6/qml/Studio/views/NodeSettings/WhisperModelSetting.qml
-- Installing: /build/plasma-studio-git/pkg/plasma-studio-git/usr/lib/qt6/qml/Studio/views/NodeSettings/MiniButton.qml
-- Installing: /build/plasma-studio-git/pkg/plasma-studio-git/usr/lib/qt6/qml/Studio/views/NodeSettings/ExportActions.qml
-- Installing: /build/plasma-studio-git/pkg/plasma-studio-git/usr/lib/qt6/qml/Studio/views/NodeSettings/PathPointRows.qml
-- Installing: /build/plasma-studio-git/pkg/plasma-studio-git/usr/lib/qt6/qml/Studio/views/NodeSettings/GradientStops.qml
-- Installing: /build/plasma-studio-git/pkg/plasma-studio-git/usr/lib/qt6/qml/Studio/views/NodeSettings/RenderQueueSection.qml
-- Installing: /build/plasma-studio-git/pkg/plasma-studio-git/usr/lib/qt6/qml/Studio/views/NodeSettings/AlphaChecker.qml
-- Installing: /build/plasma-studio-git/pkg/plasma-studio-git/usr/lib/qt6/qml/Studio/views/NodeSettings/PointCurvePlot.qml
-- Installing: /build/plasma-studio-git/pkg/plasma-studio-git/usr/lib/qt6/qml/Studio/views/NodeSettings/PointCurveHandle.qml
-- Installing: /build/plasma-studio-git/pkg/plasma-studio-git/usr/lib/qt6/qml/Studio/views/NodeSettings/ExportEncoderSetting.qml
-- Installing: /build/plasma-studio-git/pkg/plasma-studio-git/usr/lib/qt6/qml/Studio/views/NodeSettings/TransferGraph.qml
-- Installing: /build/plasma-studio-git/pkg/plasma-studio-git/usr/lib/qt6/qml/Studio/views/NodeSettings/ColorWheels.qml
-- Installing: /build/plasma-studio-git/pkg/plasma-studio-git/usr/lib/qt6/qml/Studio/views/NodeSettings/ColorWheelSetting.qml
-- Installing: /build/plasma-studio-git/pkg/plasma-studio-git/usr/lib/qt6/qml/Studio/views/NodeSettings/KeyNavigator.qml
-- Installing: /build/plasma-studio-git/pkg/plasma-studio-git/usr/lib/qt6/qml/Studio/views/NodeSettings/OutputSetting.qml
-- Installing: /build/plasma-studio-git/pkg/plasma-studio-git/usr/lib/qt6/qml/Studio/views/NodeSettings/ToneBackdrop.qml
-- Installing: /build/plasma-studio-git/pkg/plasma-studio-git/usr/lib/qt6/qml/Studio/views/NodeSettings/FolderSetting.qml
-- Installing: /build/plasma-studio-git/pkg/plasma-studio-git/usr/lib/qt6/qml/Studio/views/NodeSettings/ExportAudioSetting.qml
-- Installing: /build/plasma-studio-git/pkg/plasma-studio-git/usr/lib/qt6/qml/Studio/views/NodeSettings/ColorSquare.qml
-- Installing: /build/plasma-studio-git/pkg/plasma-studio-git/usr/lib/qt6/qml/Studio/views/NodeSettings/ChoiceControl.qml
-- Installing: /build/plasma-studio-git/pkg/plasma-studio-git/usr/lib/qt6/qml/Studio/views/NodeSettings/AudioValueField.qml
-- Installing: /build/plasma-studio-git/pkg/plasma-studio-git/usr/lib/qt6/qml/Studio/views/NodeSettings/PointCurveSetting.qml
-- Installing: /build/plasma-studio-git/pkg/plasma-studio-git/usr/lib/qt6/qml/Studio/views/NodeSettings/AnimationRecall.qml
-- Installing: /build/plasma-studio-git/pkg/plasma-studio-git/usr/lib/qt6/qml/Studio/views/NodeSettings/RecentColorsRow.qml
-- Installing: /build/plasma-studio-git/pkg/plasma-studio-git/usr/lib/qt6/qml/Studio/views/NodeSettings/NodeSettings.qml
-- Installing: /build/plasma-studio-git/pkg/plasma-studio-git/usr/lib/qt6/qml/Studio/views/NodeSettings/FontSetting.qml
-- Installing: /build/plasma-studio-git/pkg/plasma-studio-git/usr/lib/qt6/qml/Studio/views/NodeSettings/StreamServiceSetting.qml
-- Installing: /build/plasma-studio-git/pkg/plasma-studio-git/usr/lib/qt6/qml/Studio/views/NodeSettings/SafeAreaSetting.qml
-- Installing: /build/plasma-studio-git/pkg/plasma-studio-git/usr/lib/qt6/qml/Studio/views/NodeSettings/NumberSetting.qml
-- Installing: /build/plasma-studio-git/pkg/plasma-studio-git/usr/lib/qt6/qml/Studio/views/NodeSettings/ExportRangeSetting.qml
-- Installing: /build/plasma-studio-git/pkg/plasma-studio-git/usr/lib/qt6/qml/Studio/views/NodeSettings/IndexComboboxSetting.qml
-- Installing: /build/plasma-studio-git/pkg/plasma-studio-git/usr/lib/qt6/qml/Studio/views/NodeSettings/StreamKeySetting.qml
-- Installing: /build/plasma-studio-git/pkg/plasma-studio-git/usr/lib/qt6/qml/Studio/views/NodeSettings/SettingLabel.qml
-- Installing: /build/plasma-studio-git/pkg/plasma-studio-git/usr/lib/qt6/qml/Studio/views/NodeSettings/ClipAudioSetting.qml
-- Installing: /build/plasma-studio-git/pkg/plasma-studio-git/usr/lib/qt6/qml/Studio/views/NodeSettings/TranscriptSetting.qml
-- Installing: /build/plasma-studio-git/pkg/plasma-studio-git/usr/lib/qt6/qml/Studio/views/NodeSettings/CompressorSetting.qml
-- Installing: /build/plasma-studio-git/pkg/plasma-studio-git/usr/lib/qt6/qml/Studio/views/NodeSettings/ColorPreview.qml
-- Installing: /build/plasma-studio-git/pkg/plasma-studio-git/usr/lib/qt6/qml/Studio/views/NodeSettings/ColorChannelRow.qml
-- Installing: /build/plasma-studio-git/pkg/plasma-studio-git/usr/lib/qt6/qml/Studio/views/NodeSettings/StreamStatus.qml
-- Installing: /build/plasma-studio-git/pkg/plasma-studio-git/usr/lib/qt6/qml/Studio/views/NodeSettings/SettingRow.qml
-- Installing: /build/plasma-studio-git/pkg/plasma-studio-git/usr/lib/qt6/qml/Studio/views/NodeSettings/StringSetting.qml
-- Installing: /build/plasma-studio-git/pkg/plasma-studio-git/usr/lib/qt6/qml/Studio/views/NodeSettings/StreamRateSetting.qml
-- Installing: /build/plasma-studio-git/pkg/plasma-studio-git/usr/lib/qt6/qml/Studio/views/NodeSettings/DraggableValueBox.qml
-- Installing: /build/plasma-studio-git/pkg/plasma-studio-git/usr/lib/qt6/qml/Studio/views/NodeSettings/ColorPickerSetting.qml
-- Installing: /build/plasma-studio-git/pkg/plasma-studio-git/usr/lib/qt6/qml/Studio/views/NodeSettings/ElementSetting.qml
-- Installing: /build/plasma-studio-git/pkg/plasma-studio-git/usr/lib/qt6/qml/Studio/views/NodeSettings/ExportFormatSetting.qml
-- Installing: /build/plasma-studio-git/pkg/plasma-studio-git/usr/lib/qt6/qml/Studio/views/NodeSettings/TextFieldSettingRow.qml
-- Installing: /build/plasma-studio-git/pkg/plasma-studio-git/usr/lib/qt6/qml/Studio/views/NodeSettings/ColorListSetting.qml
-- Installing: /build/plasma-studio-git/pkg/plasma-studio-git/usr/lib/qt6/qml/Studio/views/NodeSettings/CheckboxSetting.qml
-- Installing: /build/plasma-studio-git/pkg/plasma-studio-git/usr/lib/qt6/qml/Studio/views/NodeSettings/ColorPickerPopup.qml
-- Installing: /build/plasma-studio-git/pkg/plasma-studio-git/usr/lib/qt6/qml/Studio/views/NodeSettings/KeyframeDiamond.qml
-- Installing: /build/plasma-studio-git/pkg/plasma-studio-git/usr/lib/qt6/qml/Studio/views/NodeSettings/ColorBar.qml
-- Installing: /build/plasma-studio-git/pkg/plasma-studio-git/usr/lib/qt6/qml/Studio/views/NodeSettings/FilterCurveGraph.qml
-- Installing: /build/plasma-studio-git/pkg/plasma-studio-git/usr/lib/qt6/qml/Studio/views/NodeSettings/PathSetting.qml
-- Installing: /build/plasma-studio-git/pkg/plasma-studio-git/usr/lib/qt6/qml/Studio/views/NodeSettings/ComboboxSetting.qml
-- Installing: /build/plasma-studio-git/pkg/plasma-studio-git/usr/lib/qt6/qml/Studio/views/NodeSettings/SettingStyle.qml
-- Installing: /build/plasma-studio-git/pkg/plasma-studio-git/usr/lib/qt6/qml/Studio/views/NodeSettings/ExportFileSetting.qml
-- Installing: /build/plasma-studio-git/pkg/plasma-studio-git/usr/lib/qt6/qml/Studio/views/NodeSettings/StreamSizeSetting.qml
-- Installing: /build/plasma-studio-git/pkg/plasma-studio-git/usr/lib/qt6/qml/Studio/views/ProjectBin
-- Installing: /build/plasma-studio-git/pkg/plasma-studio-git/usr/lib/qt6/qml/Studio/views/ProjectBin/ProjectBinView.qml
-- Installing: /build/plasma-studio-git/pkg/plasma-studio-git/usr/lib/qt6/qml/Studio/views/ProjectBin/BinRow.qml
-- Installing: /build/plasma-studio-git/pkg/plasma-studio-git/usr/lib/qt6/qml/Studio/views/ScrollGestures.qml
-- Installing: /build/plasma-studio-git/pkg/plasma-studio-git/usr/lib/qt6/qml/Studio/views/NodePreview.qml
-- Installing: /build/plasma-studio-git/pkg/plasma-studio-git/usr/lib/qt6/qml/Studio/views/Timeline
-- Installing: /build/plasma-studio-git/pkg/plasma-studio-git/usr/lib/qt6/qml/Studio/views/Timeline/TrimReadout.qml
-- Installing: /build/plasma-studio-git/pkg/plasma-studio-git/usr/lib/qt6/qml/Studio/views/Timeline/SpacerOverlay.qml
-- Installing: /build/plasma-studio-git/pkg/plasma-studio-git/usr/lib/qt6/qml/Studio/views/Timeline/TrimMonitor.qml
-- Installing: /build/plasma-studio-git/pkg/plasma-studio-git/usr/lib/qt6/qml/Studio/views/Timeline/LaneHeader.qml
-- Installing: /build/plasma-studio-git/pkg/plasma-studio-git/usr/lib/qt6/qml/Studio/views/Timeline/CaptionCues.qml
-- Installing: /build/plasma-studio-git/pkg/plasma-studio-git/usr/lib/qt6/qml/Studio/views/Timeline/ClipFilmstrip.qml
-- Installing: /build/plasma-studio-git/pkg/plasma-studio-git/usr/lib/qt6/qml/Studio/views/Timeline/TrackArea.qml
-- Installing: /build/plasma-studio-git/pkg/plasma-studio-git/usr/lib/qt6/qml/Studio/views/Timeline/TimelineView.qml
-- Installing: /build/plasma-studio-git/pkg/plasma-studio-git/usr/lib/qt6/qml/Studio/views/Timeline/TimelineKeys.qml
-- Installing: /build/plasma-studio-git/pkg/plasma-studio-git/usr/lib/qt6/qml/Studio/views/Timeline/TrackPointer.qml
-- Installing: /build/plasma-studio-git/pkg/plasma-studio-git/usr/lib/qt6/qml/Studio/views/Timeline/ClipName.qml
-- Installing: /build/plasma-studio-git/pkg/plasma-studio-git/usr/lib/qt6/qml/Studio/views/Timeline/RangeMarks.qml
-- Installing: /build/plasma-studio-git/pkg/plasma-studio-git/usr/lib/qt6/qml/Studio/views/Timeline/LaneColumn.qml
-- Installing: /build/plasma-studio-git/pkg/plasma-studio-git/usr/lib/qt6/qml/Studio/views/Timeline/ClipMenu.qml
-- Installing: /build/plasma-studio-git/pkg/plasma-studio-git/usr/lib/qt6/qml/Studio/views/Timeline/RulerScrub.qml
-- Installing: /build/plasma-studio-git/pkg/plasma-studio-git/usr/lib/qt6/qml/Studio/views/Timeline/TimelineThumbnails.qml
-- Installing: /build/plasma-studio-git/pkg/plasma-studio-git/usr/lib/qt6/qml/Studio/views/Timeline/ClipWaveform.qml
-- Installing: /build/plasma-studio-git/pkg/plasma-studio-git/usr/lib/qt6/qml/Studio/views/Timeline/TimelineClip.qml
-- Installing: /build/plasma-studio-git/pkg/plasma-studio-git/usr/lib/qt6/qml/Studio/views/Timeline/TimelineHeader.qml
-- Installing: /build/plasma-studio-git/pkg/plasma-studio-git/usr/lib/qt6/qml/Studio/views/Timeline/MarkerFlags.qml
-- Installing: /build/plasma-studio-git/pkg/plasma-studio-git/usr/lib/qt6/qml/Studio/views/Timeline/AudioEnvelope.qml
-- Installing: /build/plasma-studio-git/pkg/plasma-studio-git/usr/lib/qt6/qml/Studio/views/AudioEditor
-- Installing: /build/plasma-studio-git/pkg/plasma-studio-git/usr/lib/qt6/qml/Studio/views/AudioEditor/AudioLaneSelectArea.qml
-- Installing: /build/plasma-studio-git/pkg/plasma-studio-git/usr/lib/qt6/qml/Studio/views/AudioEditor/AudioEditorHeader.qml
-- Installing: /build/plasma-studio-git/pkg/plasma-studio-git/usr/lib/qt6/qml/Studio/views/AudioEditor/AudioTransport.qml
-- Installing: /build/plasma-studio-git/pkg/plasma-studio-git/usr/lib/qt6/qml/Studio/views/AudioEditor/AudioLane.qml
-- Installing: /build/plasma-studio-git/pkg/plasma-studio-git/usr/lib/qt6/qml/Studio/views/AudioEditor/LaneBlock.qml
-- Installing: /build/plasma-studio-git/pkg/plasma-studio-git/usr/lib/qt6/qml/Studio/views/AudioEditor/AudioEditorView.qml
-- Installing: /build/plasma-studio-git/pkg/plasma-studio-git/usr/lib/qt6/qml/Studio/views/AudioEditor/AudioEditorMenu.qml
-- Installing: /build/plasma-studio-git/pkg/plasma-studio-git/usr/lib/qt6/qml/Studio/views/AudioEditor/LoudnessLane.qml
-- Installing: /build/plasma-studio-git/pkg/plasma-studio-git/usr/lib/qt6/qml/Studio/views/AudioEditor/AudioEditorShortcuts.qml
-- Installing: /build/plasma-studio-git/pkg/plasma-studio-git/usr/lib/qt6/qml/Studio/views/AudioEditor/AudioRuler.qml
-- Installing: /build/plasma-studio-git/pkg/plasma-studio-git/usr/lib/qt6/qml/Studio/views/AudioEditor/VolumeEnvelope.qml
-- Installing: /build/plasma-studio-git/pkg/plasma-studio-git/usr/lib/qt6/qml/Studio/views/Keyframes
-- Installing: /build/plasma-studio-git/pkg/plasma-studio-git/usr/lib/qt6/qml/Studio/views/Keyframes/KeyLane.qml
-- Installing: /build/plasma-studio-git/pkg/plasma-studio-git/usr/lib/qt6/qml/Studio/views/Keyframes/LaneMenu.qml
-- Installing: /build/plasma-studio-git/pkg/plasma-studio-git/usr/lib/qt6/qml/Studio/views/Keyframes/EasingPopover.qml
-- Installing: /build/plasma-studio-git/pkg/plasma-studio-git/usr/lib/qt6/qml/Studio/views/Keyframes/ElementColorMenu.qml
-- Installing: /build/plasma-studio-git/pkg/plasma-studio-git/usr/lib/qt6/qml/Studio/views/Keyframes/KeyRowLabel.qml
-- Installing: /build/plasma-studio-git/pkg/plasma-studio-git/usr/lib/qt6/qml/Studio/views/Keyframes/KeyframesView.qml
-- Installing: /build/plasma-studio-git/pkg/plasma-studio-git/usr/lib/qt6/qml/Studio/views/Keyframes/EasingTile.qml
-- Installing: /build/plasma-studio-git/pkg/plasma-studio-git/usr/lib/qt6/qml/Studio/views/Keyframes/KeyRow.qml
-- Installing: /build/plasma-studio-git/pkg/plasma-studio-git/usr/lib/qt6/qml/Studio/views/Keyframes/KeyframesHeader.qml
-- Installing: /build/plasma-studio-git/pkg/plasma-studio-git/usr/lib/qt6/qml/Studio/views/Keyframes/KeyDiamond.qml
