-- Install configuration: "None"
-- Installing: /build/plasma-studio-git/pkg/plasma-studio-git/usr/lib/libstudioplugin.so
-- Installing: /build/plasma-studio-git/pkg/plasma-studio-git/usr/bin/plasmastudio
-- Set non-toolchain portion of runtime path of "/build/plasma-studio-git/pkg/plasma-studio-git/usr/bin/plasmastudio" to ""
-- Installing: /build/plasma-studio-git/pkg/plasma-studio-git/usr/share/applications/love.nicco.plasmastudio.desktop
-- Installing: /build/plasma-studio-git/pkg/plasma-studio-git/usr/share/mime/packages/love.nicco.plasmastudio.xml
-- Installing: /build/plasma-studio-git/pkg/plasma-studio-git/usr/share/icons/hicolor/256x256/apps/love.nicco.plasmastudio.png
-- Installing: /build/plasma-studio-git/pkg/plasma-studio-git/usr/share/metainfo/love.nicco.plasmastudio.metainfo.xml
-- Installing: /build/plasma-studio-git/pkg/plasma-studio-git/usr/lib/qt6/qml/Studio
-- Installing: /build/plasma-studio-git/pkg/plasma-studio-git/usr/lib/qt6/qml/Studio/libstudio
-- Installing: /build/plasma-studio-git/pkg/plasma-studio-git/usr/lib/qt6/qml/Studio/libstudio/Multimedia
-- Installing: /build/plasma-studio-git/pkg/plasma-studio-git/usr/lib/qt6/qml/Studio/libstudio/Multimedia/RawImage.qml
-- Installing: /build/plasma-studio-git/pkg/plasma-studio-git/usr/lib/qt6/qml/Studio/libstudio/Multimedia/ExportSink.qml
-- Installing: /build/plasma-studio-git/pkg/plasma-studio-git/usr/lib/qt6/qml/Studio/libstudio/Multimedia/Subtitles.qml
-- Installing: /build/plasma-studio-git/pkg/plasma-studio-git/usr/lib/qt6/qml/Studio/libstudio/Multimedia/ScreenCapture.qml
-- Installing: /build/plasma-studio-git/pkg/plasma-studio-git/usr/lib/qt6/qml/Studio/libstudio/Multimedia/Gallery.qml
-- Installing: /build/plasma-studio-git/pkg/plasma-studio-git/usr/lib/qt6/qml/Studio/libstudio/Multimedia/AutoSubtitles.qml
-- Installing: /build/plasma-studio-git/pkg/plasma-studio-git/usr/lib/qt6/qml/Studio/libstudio/Multimedia/AudioCapture.qml
-- Installing: /build/plasma-studio-git/pkg/plasma-studio-git/usr/lib/qt6/qml/Studio/libstudio/Multimedia/Record.qml
-- Installing: /build/plasma-studio-git/pkg/plasma-studio-git/usr/lib/qt6/qml/Studio/libstudio/Multimedia/Export.qml
-- Installing: /build/plasma-studio-git/pkg/plasma-studio-git/usr/lib/qt6/qml/Studio/libstudio/Multimedia/MissingMedia.qml
-- Installing: /build/plasma-studio-git/pkg/plasma-studio-git/usr/lib/qt6/qml/Studio/libstudio/Multimedia/Video.qml
-- Installing: /build/plasma-studio-git/pkg/plasma-studio-git/usr/lib/qt6/qml/Studio/libstudio/Multimedia/Image.qml
-- Installing: /build/plasma-studio-git/pkg/plasma-studio-git/usr/lib/qt6/qml/Studio/libstudio/Multimedia/Render.qml
-- Installing: /build/plasma-studio-git/pkg/plasma-studio-git/usr/lib/qt6/qml/Studio/libstudio/Multimedia/CameraCapture.qml
-- Installing: /build/plasma-studio-git/pkg/plasma-studio-git/usr/lib/qt6/qml/Studio/libstudio/Textures
-- Installing: /build/plasma-studio-git/pkg/plasma-studio-git/usr/lib/qt6/qml/Studio/libstudio/Textures/Grid.qml
-- Installing: /build/plasma-studio-git/pkg/plasma-studio-git/usr/lib/qt6/qml/Studio/libstudio/Textures/Checkerboard.qml
-- Installing: /build/plasma-studio-git/pkg/plasma-studio-git/usr/lib/qt6/qml/Studio/libstudio/Textures/WhiteNoise.qml
-- Installing: /build/plasma-studio-git/pkg/plasma-studio-git/usr/lib/qt6/qml/Studio/libstudio/Textures/TexturePattern.qml
-- Installing: /build/plasma-studio-git/pkg/plasma-studio-git/usr/lib/qt6/qml/Studio/libstudio/Textures/GradientNoise.qml
-- Installing: /build/plasma-studio-git/pkg/plasma-studio-git/usr/lib/qt6/qml/Studio/libstudio/Textures/Stripes.qml
-- Installing: /build/plasma-studio-git/pkg/plasma-studio-git/usr/lib/qt6/qml/Studio/libstudio/Audio_Elements
-- Installing: /build/plasma-studio-git/pkg/plasma-studio-git/usr/lib/qt6/qml/Studio/libstudio/Audio_Elements/AudioFadeOut.qml
-- Installing: /build/plasma-studio-git/pkg/plasma-studio-git/usr/lib/qt6/qml/Studio/libstudio/Audio_Elements/AudioInvert.qml
-- Installing: /build/plasma-studio-git/pkg/plasma-studio-git/usr/lib/qt6/qml/Studio/libstudio/Audio_Elements/AudioPitch.qml
-- Installing: /build/plasma-studio-git/pkg/plasma-studio-git/usr/lib/qt6/qml/Studio/libstudio/Audio_Elements/AudioEffect.qml
-- Installing: /build/plasma-studio-git/pkg/plasma-studio-git/usr/lib/qt6/qml/Studio/libstudio/Audio_Elements/AudioVolume.qml
-- Installing: /build/plasma-studio-git/pkg/plasma-studio-git/usr/lib/qt6/qml/Studio/libstudio/Audio_Elements/AudioMute.qml
-- Installing: /build/plasma-studio-git/pkg/plasma-studio-git/usr/lib/qt6/qml/Studio/libstudio/Audio_Elements/Audio.qml
-- Installing: /build/plasma-studio-git/pkg/plasma-studio-git/usr/lib/qt6/qml/Studio/libstudio/Audio_Elements/AudioHighPass.qml
-- Installing: /build/plasma-studio-git/pkg/plasma-studio-git/usr/lib/qt6/qml/Studio/libstudio/Audio_Elements/AudioBassTreble.qml
-- Installing: /build/plasma-studio-git/pkg/plasma-studio-git/usr/lib/qt6/qml/Studio/libstudio/Audio_Elements/AudioMonoToStereo.qml
-- Installing: /build/plasma-studio-git/pkg/plasma-studio-git/usr/lib/qt6/qml/Studio/libstudio/Audio_Elements/AudioEcho.qml
-- Installing: /build/plasma-studio-git/pkg/plasma-studio-git/usr/lib/qt6/qml/Studio/libstudio/Audio_Elements/AudioOnly.qml
-- Installing: /build/plasma-studio-git/pkg/plasma-studio-git/usr/lib/qt6/qml/Studio/libstudio/Audio_Elements/AudioCompressor.qml
-- Installing: /build/plasma-studio-git/pkg/plasma-studio-git/usr/lib/qt6/qml/Studio/libstudio/Audio_Elements/AudioAmplify.qml
-- Installing: /build/plasma-studio-git/pkg/plasma-studio-git/usr/lib/qt6/qml/Studio/libstudio/Audio_Elements/AudioNoiseGate.qml
-- Installing: /build/plasma-studio-git/pkg/plasma-studio-git/usr/lib/qt6/qml/Studio/libstudio/Audio_Elements/AudioLowPass.qml
-- Installing: /build/plasma-studio-git/pkg/plasma-studio-git/usr/lib/qt6/qml/Studio/libstudio/Audio_Elements/AudioReverb.qml
-- Installing: /build/plasma-studio-git/pkg/plasma-studio-git/usr/lib/qt6/qml/Studio/libstudio/Audio_Elements/AudioLimiter.qml
-- Installing: /build/plasma-studio-git/pkg/plasma-studio-git/usr/lib/qt6/qml/Studio/libstudio/Audio_Elements/AudioEqualizer.qml
-- Installing: /build/plasma-studio-git/pkg/plasma-studio-git/usr/lib/qt6/qml/Studio/libstudio/Audio_Elements/AudioFadeIn.qml
-- Installing: /build/plasma-studio-git/pkg/plasma-studio-git/usr/lib/qt6/qml/Studio/libstudio/InheritElement.qml
-- Installing: /build/plasma-studio-git/pkg/plasma-studio-git/usr/lib/qt6/qml/Studio/libstudio/PassThrough.qml
-- Installing: /build/plasma-studio-git/pkg/plasma-studio-git/usr/lib/qt6/qml/Studio/libstudio/TextureHelper.qml
-- Installing: /build/plasma-studio-git/pkg/plasma-studio-git/usr/lib/qt6/qml/Studio/libstudio/Position_and_Geometry
-- Installing: /build/plasma-studio-git/pkg/plasma-studio-git/usr/lib/qt6/qml/Studio/libstudio/Position_and_Geometry/LayoutColumn.qml
-- Installing: /build/plasma-studio-git/pkg/plasma-studio-git/usr/lib/qt6/qml/Studio/libstudio/Position_and_Geometry/LayoutGroup.qml
-- Installing: /build/plasma-studio-git/pkg/plasma-studio-git/usr/lib/qt6/qml/Studio/libstudio/Position_and_Geometry/Mask.qml
-- Installing: /build/plasma-studio-git/pkg/plasma-studio-git/usr/lib/qt6/qml/Studio/libstudio/Position_and_Geometry/LensDistortion.qml
-- Installing: /build/plasma-studio-git/pkg/plasma-studio-git/usr/lib/qt6/qml/Studio/libstudio/Position_and_Geometry/MatrixTransform.qml
-- Installing: /build/plasma-studio-git/pkg/plasma-studio-git/usr/lib/qt6/qml/Studio/libstudio/Position_and_Geometry/Group.qml
-- Installing: /build/plasma-studio-git/pkg/plasma-studio-git/usr/lib/qt6/qml/Studio/libstudio/Position_and_Geometry/LayoutCopy.qml
-- Installing: /build/plasma-studio-git/pkg/plasma-studio-git/usr/lib/qt6/qml/Studio/libstudio/Position_and_Geometry/Scale.qml
-- Installing: /build/plasma-studio-git/pkg/plasma-studio-git/usr/lib/qt6/qml/Studio/libstudio/Position_and_Geometry/Shear.qml
-- Installing: /build/plasma-studio-git/pkg/plasma-studio-git/usr/lib/qt6/qml/Studio/libstudio/Position_and_Geometry/AlongPath.qml
-- Installing: /build/plasma-studio-git/pkg/plasma-studio-git/usr/lib/qt6/qml/Studio/libstudio/Position_and_Geometry/Perspective.qml
-- Installing: /build/plasma-studio-git/pkg/plasma-studio-git/usr/lib/qt6/qml/Studio/libstudio/Position_and_Geometry/Transform.qml
-- Installing: /build/plasma-studio-git/pkg/plasma-studio-git/usr/lib/qt6/qml/Studio/libstudio/Position_and_Geometry/Repeat.qml
-- Installing: /build/plasma-studio-git/pkg/plasma-studio-git/usr/lib/qt6/qml/Studio/libstudio/Position_and_Geometry/LayoutRow.qml
-- Installing: /build/plasma-studio-git/pkg/plasma-studio-git/usr/lib/qt6/qml/Studio/libstudio/Position_and_Geometry/Canvas.qml
-- Installing: /build/plasma-studio-git/pkg/plasma-studio-git/usr/lib/qt6/qml/Studio/libstudio/Position_and_Geometry/Scatter.qml
-- Installing: /build/plasma-studio-git/pkg/plasma-studio-git/usr/lib/qt6/qml/Studio/libstudio/Position_and_Geometry/LayoutGrid.qml
-- Installing: /build/plasma-studio-git/pkg/plasma-studio-git/usr/lib/qt6/qml/Studio/libstudio/Position_and_Geometry/Rotate.qml
-- Installing: /build/plasma-studio-git/pkg/plasma-studio-git/usr/lib/qt6/qml/Studio/libstudio/Position_and_Geometry/Crop.qml
-- Installing: /build/plasma-studio-git/pkg/plasma-studio-git/usr/lib/qt6/qml/Studio/libstudio/Position_and_Geometry/Flip.qml
-- Installing: /build/plasma-studio-git/pkg/plasma-studio-git/usr/lib/qt6/qml/Studio/libstudio/Position_and_Geometry/Translate.qml
-- Installing: /build/plasma-studio-git/pkg/plasma-studio-git/usr/lib/qt6/qml/Studio/libstudio/Color_Grading
-- Installing: /build/plasma-studio-git/pkg/plasma-studio-git/usr/lib/qt6/qml/Studio/libstudio/Color_Grading/ColorspaceTransform.qml
-- Installing: /build/plasma-studio-git/pkg/plasma-studio-git/usr/lib/qt6/qml/Studio/libstudio/Color_Grading/MaskExclusion.qml
-- Installing: /build/plasma-studio-git/pkg/plasma-studio-git/usr/lib/qt6/qml/Studio/libstudio/Color_Grading/MaskOp.qml
-- Installing: /build/plasma-studio-git/pkg/plasma-studio-git/usr/lib/qt6/qml/Studio/libstudio/Color_Grading/GradeMask.qml
-- Installing: /build/plasma-studio-git/pkg/plasma-studio-git/usr/lib/qt6/qml/Studio/libstudio/Color_Grading/LocalContrast.qml
-- Installing: /build/plasma-studio-git/pkg/plasma-studio-git/usr/lib/qt6/qml/Studio/libstudio/Color_Grading/RGBCurves.qml
-- Installing: /build/plasma-studio-git/pkg/plasma-studio-git/usr/lib/qt6/qml/Studio/libstudio/Color_Grading/MaskDifference.qml
-- Installing: /build/plasma-studio-git/pkg/plasma-studio-git/usr/lib/qt6/qml/Studio/libstudio/Color_Grading/Monochrome.qml
-- Installing: /build/plasma-studio-git/pkg/plasma-studio-git/usr/lib/qt6/qml/Studio/libstudio/Color_Grading/Saturation.qml
-- Installing: /build/plasma-studio-git/pkg/plasma-studio-git/usr/lib/qt6/qml/Studio/libstudio/Color_Grading/CircleMask.qml
-- Installing: /build/plasma-studio-git/pkg/plasma-studio-git/usr/lib/qt6/qml/Studio/libstudio/Color_Grading/GradientMask.qml
-- Installing: /build/plasma-studio-git/pkg/plasma-studio-git/usr/lib/qt6/qml/Studio/libstudio/Color_Grading/MaskIntersection.qml
-- Installing: /build/plasma-studio-git/pkg/plasma-studio-git/usr/lib/qt6/qml/Studio/libstudio/Color_Grading/WhiteBalance.qml
-- Installing: /build/plasma-studio-git/pkg/plasma-studio-git/usr/lib/qt6/qml/Studio/libstudio/Color_Grading/Negative.qml
-- Installing: /build/plasma-studio-git/pkg/plasma-studio-git/usr/lib/qt6/qml/Studio/libstudio/Color_Grading/ToneEqualizer.qml
-- Installing: /build/plasma-studio-git/pkg/plasma-studio-git/usr/lib/qt6/qml/Studio/libstudio/Color_Grading/Exposure.qml
-- Installing: /build/plasma-studio-git/pkg/plasma-studio-git/usr/lib/qt6/qml/Studio/libstudio/Color_Grading/PathMask.qml
-- Installing: /build/plasma-studio-git/pkg/plasma-studio-git/usr/lib/qt6/qml/Studio/libstudio/Color_Grading/RectangleMask.qml
-- Installing: /build/plasma-studio-git/pkg/plasma-studio-git/usr/lib/qt6/qml/Studio/libstudio/Color_Grading/LuminanceRange.qml
-- Installing: /build/plasma-studio-git/pkg/plasma-studio-git/usr/lib/qt6/qml/Studio/libstudio/Color_Grading/Contrast.qml
-- Installing: /build/plasma-studio-git/pkg/plasma-studio-git/usr/lib/qt6/qml/Studio/libstudio/Color_Grading/MaskBase.qml
-- Installing: /build/plasma-studio-git/pkg/plasma-studio-git/usr/lib/qt6/qml/Studio/libstudio/Color_Grading/HazeRemoval.qml
-- Installing: /build/plasma-studio-git/pkg/plasma-studio-git/usr/lib/qt6/qml/Studio/libstudio/Color_Grading/MaskUnion.qml
-- Installing: /build/plasma-studio-git/pkg/plasma-studio-git/usr/lib/qt6/qml/Studio/libstudio/Color_Grading/RangeBase.qml
-- Installing: /build/plasma-studio-git/pkg/plasma-studio-git/usr/lib/qt6/qml/Studio/libstudio/Color_Grading/LUT.qml
-- Installing: /build/plasma-studio-git/pkg/plasma-studio-git/usr/lib/qt6/qml/Studio/libstudio/Color_Grading/ColorRange.qml
-- Installing: /build/plasma-studio-git/pkg/plasma-studio-git/usr/lib/qt6/qml/Studio/libstudio/Color_Grading/Vibrance.qml
-- Installing: /build/plasma-studio-git/pkg/plasma-studio-git/usr/lib/qt6/qml/Studio/libstudio/Element.qml
-- Installing: /build/plasma-studio-git/pkg/plasma-studio-git/usr/lib/qt6/qml/Studio/libstudio/Element2D.qml
-- Installing: /build/plasma-studio-git/pkg/plasma-studio-git/usr/lib/qt6/qml/Studio/libstudio/Effect.qml
-- Installing: /build/plasma-studio-git/pkg/plasma-studio-git/usr/lib/qt6/qml/Studio/libstudio/Scope.qml
-- Installing: /build/plasma-studio-git/pkg/plasma-studio-git/usr/lib/qt6/qml/Studio/libstudio/AnimatedProperty.qml
-- Installing: /build/plasma-studio-git/pkg/plasma-studio-git/usr/lib/qt6/qml/Studio/libstudio/BaseGroup.qml
-- Installing: /build/plasma-studio-git/pkg/plasma-studio-git/usr/lib/qt6/qml/Studio/libstudio/Video_Elements
-- Installing: /build/plasma-studio-git/pkg/plasma-studio-git/usr/lib/qt6/qml/Studio/libstudio/Video_Elements/TimeRemapping.qml
-- Installing: /build/plasma-studio-git/pkg/plasma-studio-git/usr/lib/qt6/qml/Studio/libstudio/Video_Elements/Reverse.qml
-- Installing: /build/plasma-studio-git/pkg/plasma-studio-git/usr/lib/qt6/qml/Studio/libstudio/Video_Elements/FadeIn.qml
-- Installing: /build/plasma-studio-git/pkg/plasma-studio-git/usr/lib/qt6/qml/Studio/libstudio/Video_Elements/Delay.qml
-- Installing: /build/plasma-studio-git/pkg/plasma-studio-git/usr/lib/qt6/qml/Studio/libstudio/Video_Elements/Clip.qml
-- Installing: /build/plasma-studio-git/pkg/plasma-studio-git/usr/lib/qt6/qml/Studio/libstudio/Video_Elements/Concatenate.qml
-- Installing: /build/plasma-studio-git/pkg/plasma-studio-git/usr/lib/qt6/qml/Studio/libstudio/Video_Elements/Scenes.qml
-- Installing: /build/plasma-studio-git/pkg/plasma-studio-git/usr/lib/qt6/qml/Studio/libstudio/Video_Elements/PlaybackSpeed.qml
-- Installing: /build/plasma-studio-git/pkg/plasma-studio-git/usr/lib/qt6/qml/Studio/libstudio/Video_Elements/FadeOut.qml
-- Installing: /build/plasma-studio-git/pkg/plasma-studio-git/usr/lib/qt6/qml/Studio/libstudio/Video_Elements/RenderingDelay.qml
-- Installing: /build/plasma-studio-git/pkg/plasma-studio-git/usr/lib/qt6/qml/Studio/libstudio/Video_Elements/PlaybackController.qml
-- Installing: /build/plasma-studio-git/pkg/plasma-studio-git/usr/lib/qt6/qml/Studio/libstudio/Video_Elements/Transition.qml
-- Installing: /build/plasma-studio-git/pkg/plasma-studio-git/usr/lib/qt6/qml/Studio/libstudio/Graphical_Effects
-- Installing: /build/plasma-studio-git/pkg/plasma-studio-git/usr/lib/qt6/qml/Studio/libstudio/Graphical_Effects/ChromaticAberration.qml
-- Installing: /build/plasma-studio-git/pkg/plasma-studio-git/usr/lib/qt6/qml/Studio/libstudio/Graphical_Effects/RadialBlur.qml
-- Installing: /build/plasma-studio-git/pkg/plasma-studio-git/usr/lib/qt6/qml/Studio/libstudio/Graphical_Effects/Noise.qml
-- Installing: /build/plasma-studio-git/pkg/plasma-studio-git/usr/lib/qt6/qml/Studio/libstudio/Graphical_Effects/Vignette.qml
-- Installing: /build/plasma-studio-git/pkg/plasma-studio-git/usr/lib/qt6/qml/Studio/libstudio/Graphical_Effects/DropShadow.qml
-- Installing: /build/plasma-studio-git/pkg/plasma-studio-git/usr/lib/qt6/qml/Studio/libstudio/Graphical_Effects/Opacity.qml
-- Installing: /build/plasma-studio-git/pkg/plasma-studio-git/usr/lib/qt6/qml/Studio/libstudio/Graphical_Effects/Blur.qml
-- Installing: /build/plasma-studio-git/pkg/plasma-studio-git/usr/lib/qt6/qml/Studio/libstudio/Graphical_Effects/NoiseReduction.qml
-- Installing: /build/plasma-studio-git/pkg/plasma-studio-git/usr/lib/qt6/qml/Studio/libstudio/Graphical_Effects/LinearBlur.qml
-- Installing: /build/plasma-studio-git/pkg/plasma-studio-git/usr/lib/qt6/qml/Studio/libstudio/Graphical_Effects/BlendMode.qml
-- Installing: /build/plasma-studio-git/pkg/plasma-studio-git/usr/lib/qt6/qml/Studio/libstudio/Graphical_Effects/Sharpen.qml
-- Installing: /build/plasma-studio-git/pkg/plasma-studio-git/usr/lib/qt6/qml/Studio/libstudio/Graphical_Effects/ChromaKey.qml
-- Installing: /build/plasma-studio-git/pkg/plasma-studio-git/usr/lib/qt6/qml/Studio/libstudio/Scopes
-- Installing: /build/plasma-studio-git/pkg/plasma-studio-git/usr/lib/qt6/qml/Studio/libstudio/Scopes/Vectorscope.qml
-- Installing: /build/plasma-studio-git/pkg/plasma-studio-git/usr/lib/qt6/qml/Studio/libstudio/Scopes/Waveform.qml
-- Installing: /build/plasma-studio-git/pkg/plasma-studio-git/usr/lib/qt6/qml/Studio/libstudio/Scopes/AudioLevels.qml
-- Installing: /build/plasma-studio-git/pkg/plasma-studio-git/usr/lib/qt6/qml/Studio/libstudio/Scopes/RGBParade.qml
-- Installing: /build/plasma-studio-git/pkg/plasma-studio-git/usr/lib/qt6/qml/Studio/libstudio/Scopes/Histogram.qml
-- Installing: /build/plasma-studio-git/pkg/plasma-studio-git/usr/lib/qt6/qml/Studio/libstudio/Scopes/Spectrogram.qml
-- Installing: /build/plasma-studio-git/pkg/plasma-studio-git/usr/lib/qt6/qml/Studio/libstudio/Vector_Graphics
-- Installing: /build/plasma-studio-git/pkg/plasma-studio-git/usr/lib/qt6/qml/Studio/libstudio/Vector_Graphics/PathUnion.qml
-- Installing: /build/plasma-studio-git/pkg/plasma-studio-git/usr/lib/qt6/qml/Studio/libstudio/Vector_Graphics/Outline.qml
-- Installing: /build/plasma-studio-git/pkg/plasma-studio-git/usr/lib/qt6/qml/Studio/libstudio/Vector_Graphics/PathDifference.qml
-- Installing: /build/plasma-studio-git/pkg/plasma-studio-git/usr/lib/qt6/qml/Studio/libstudio/Vector_Graphics/PathIntersection.qml
-- Installing: /build/plasma-studio-git/pkg/plasma-studio-git/usr/lib/qt6/qml/Studio/libstudio/Vector_Graphics/Text.qml
-- Installing: /build/plasma-studio-git/pkg/plasma-studio-git/usr/lib/qt6/qml/Studio/libstudio/Vector_Graphics/Circle.qml
-- Installing: /build/plasma-studio-git/pkg/plasma-studio-git/usr/lib/qt6/qml/Studio/libstudio/Vector_Graphics/Placeable.qml
-- Installing: /build/plasma-studio-git/pkg/plasma-studio-git/usr/lib/qt6/qml/Studio/libstudio/Vector_Graphics/Rectangle.qml
-- Installing: /build/plasma-studio-git/pkg/plasma-studio-git/usr/lib/qt6/qml/Studio/libstudio/Vector_Graphics/Gradient.qml
-- Installing: /build/plasma-studio-git/pkg/plasma-studio-git/usr/lib/qt6/qml/Studio/libstudio/Vector_Graphics/Polygon.qml
-- Installing: /build/plasma-studio-git/pkg/plasma-studio-git/usr/lib/qt6/qml/Studio/libstudio/Vector_Graphics/Path.qml
-- Installing: /build/plasma-studio-git/pkg/plasma-studio-git/usr/lib/qt6/qml/Studio/libstudio/Vector_Graphics/Mesh.qml
-- Installing: /build/plasma-studio-git/pkg/plasma-studio-git/usr/lib/qt6/qml/Studio/libstudio/Vector_Graphics/PathExclusion.qml
-- Installing: /build/plasma-studio-git/pkg/plasma-studio-git/usr/lib/qt6/qml/Studio/libstudio/3D
-- Installing: /build/plasma-studio-git/pkg/plasma-studio-git/usr/lib/qt6/qml/Studio/libstudio/3D/Object3D.qml
-- Installing: /build/plasma-studio-git/pkg/plasma-studio-git/usr/lib/qt6/qml/Studio/libstudio/3D/Material3D.qml
-- Installing: /build/plasma-studio-git/pkg/plasma-studio-git/usr/lib/qt6/qml/Studio/libstudio/3D/Camera3D.qml
-- Installing: /build/plasma-studio-git/pkg/plasma-studio-git/usr/lib/qt6/qml/Studio/libstudio/3D/MetalnessMap3D.qml
-- Installing: /build/plasma-studio-git/pkg/plasma-studio-git/usr/lib/qt6/qml/Studio/libstudio/3D/PointLight3D.qml
-- Installing: /build/plasma-studio-git/pkg/plasma-studio-git/usr/lib/qt6/qml/Studio/libstudio/3D/Cone3D.qml
-- Installing: /build/plasma-studio-git/pkg/plasma-studio-git/usr/lib/qt6/qml/Studio/libstudio/3D/Shape3D.qml
-- Installing: /build/plasma-studio-git/pkg/plasma-studio-git/usr/lib/qt6/qml/Studio/libstudio/3D/SpotLight3D.qml
-- Installing: /build/plasma-studio-git/pkg/plasma-studio-git/usr/lib/qt6/qml/Studio/libstudio/3D/Extrude3D.qml
-- Installing: /build/plasma-studio-git/pkg/plasma-studio-git/usr/lib/qt6/qml/Studio/libstudio/3D/LookAt3D.qml
-- Installing: /build/plasma-studio-git/pkg/plasma-studio-git/usr/lib/qt6/qml/Studio/libstudio/3D/EmissiveMap3D.qml
-- Installing: /build/plasma-studio-git/pkg/plasma-studio-git/usr/lib/qt6/qml/Studio/libstudio/3D/NormalMap3D.qml
-- Installing: /build/plasma-studio-git/pkg/plasma-studio-git/usr/lib/qt6/qml/Studio/libstudio/3D/Card3D.qml
-- Installing: /build/plasma-studio-git/pkg/plasma-studio-git/usr/lib/qt6/qml/Studio/libstudio/3D/Group3D.qml
-- Installing: /build/plasma-studio-git/pkg/plasma-studio-git/usr/lib/qt6/qml/Studio/libstudio/3D/Modifier3D.qml
-- Installing: /build/plasma-studio-git/pkg/plasma-studio-git/usr/lib/qt6/qml/Studio/libstudio/3D/Texture3D.qml
-- Installing: /build/plasma-studio-git/pkg/plasma-studio-git/usr/lib/qt6/qml/Studio/libstudio/3D/UvTransform3D.qml
-- Installing: /build/plasma-studio-git/pkg/plasma-studio-git/usr/lib/qt6/qml/Studio/libstudio/3D/OcclusionMap3D.qml
-- Installing: /build/plasma-studio-git/pkg/plasma-studio-git/usr/lib/qt6/qml/Studio/libstudio/3D/Array3D.qml
-- Installing: /build/plasma-studio-git/pkg/plasma-studio-git/usr/lib/qt6/qml/Studio/libstudio/3D/Cube3D.qml
-- Installing: /build/plasma-studio-git/pkg/plasma-studio-git/usr/lib/qt6/qml/Studio/libstudio/3D/Light3D.qml
-- Installing: /build/plasma-studio-git/pkg/plasma-studio-git/usr/lib/qt6/qml/Studio/libstudio/3D/DirectionalLight3D.qml
-- Installing: /build/plasma-studio-git/pkg/plasma-studio-git/usr/lib/qt6/qml/Studio/libstudio/3D/Model3D.qml
-- Installing: /build/plasma-studio-git/pkg/plasma-studio-git/usr/lib/qt6/qml/Studio/libstudio/3D/Transform3D.qml
-- Installing: /build/plasma-studio-git/pkg/plasma-studio-git/usr/lib/qt6/qml/Studio/libstudio/3D/RoughnessMap3D.qml
-- Installing: /build/plasma-studio-git/pkg/plasma-studio-git/usr/lib/qt6/qml/Studio/libstudio/3D/OpacityMap3D.qml
-- Installing: /build/plasma-studio-git/pkg/plasma-studio-git/usr/lib/qt6/qml/Studio/libstudio/3D/Cylinder3D.qml
-- Installing: /build/plasma-studio-git/pkg/plasma-studio-git/usr/lib/qt6/qml/Studio/libstudio/3D/Sphere3D.qml
-- Installing: /build/plasma-studio-git/pkg/plasma-studio-git/usr/lib/qt6/qml/Studio/libstudio/3D/ColorTexture3D.qml
-- Installing: /build/plasma-studio-git/pkg/plasma-studio-git/usr/lib/qt6/qml/Studio/libstudio/3D/Environment3D.qml
-- Installing: /build/plasma-studio-git/pkg/plasma-studio-git/usr/lib/qt6/qml/Studio/studioplugin.qmltypes
-- Installing: /build/plasma-studio-git/pkg/plasma-studio-git/usr/lib/qt6/qml/Studio/qmldir
-- Installing: /build/plasma-studio-git/pkg/plasma-studio-git/usr/lib/qt6/qml/Studio/studioplugin_qml_module_dir_map.qrc
-- Installing: /build/plasma-studio-git/pkg/plasma-studio-git/usr/lib/qt6/qml/Studio/libstudiopluginplugin.so
-- Installing: /build/plasma-studio-git/pkg/plasma-studio-git/usr/lib/qt6/qml/Studio/views
-- Installing: /build/plasma-studio-git/pkg/plasma-studio-git/usr/lib/qt6/qml/Studio/views/Audio
-- Installing: /build/plasma-studio-git/pkg/plasma-studio-git/usr/lib/qt6/qml/Studio/views/Audio/AudioChains.qml
-- Installing: /build/plasma-studio-git/pkg/plasma-studio-git/usr/lib/qt6/qml/Studio/views/MediaPreview
-- Installing: /build/plasma-studio-git/pkg/plasma-studio-git/usr/lib/qt6/qml/Studio/views/MediaPreview/MediaTrimBar.qml
-- Installing: /build/plasma-studio-git/pkg/plasma-studio-git/usr/lib/qt6/qml/Studio/views/MediaPreview/MediaPreviewPopup.qml
-- Installing: /build/plasma-studio-git/pkg/plasma-studio-git/usr/lib/qt6/qml/Studio/views/SettleTimer.qml
-- Installing: /build/plasma-studio-git/pkg/plasma-studio-git/usr/lib/qt6/qml/Studio/views/EffectList
-- Installing: /build/plasma-studio-git/pkg/plasma-studio-git/usr/lib/qt6/qml/Studio/views/EffectList/EffectRow.qml
-- Installing: /build/plasma-studio-git/pkg/plasma-studio-git/usr/lib/qt6/qml/Studio/views/EffectList/EffectListView.qml
-- Installing: /build/plasma-studio-git/pkg/plasma-studio-git/usr/lib/qt6/qml/Studio/views/Playback
-- Installing: /build/plasma-studio-git/pkg/plasma-studio-git/usr/lib/qt6/qml/Studio/views/Playback/GuideStore.qml
-- Installing: /build/plasma-studio-git/pkg/plasma-studio-git/usr/lib/qt6/qml/Studio/views/Playback/PreviewCamera.qml
-- Installing: /build/plasma-studio-git/pkg/plasma-studio-git/usr/lib/qt6/qml/Studio/views/Playback/EditorHost.qml
-- Installing: /build/plasma-studio-git/pkg/plasma-studio-git/usr/lib/qt6/qml/Studio/views/Playback/PreviewHitTest.qml
-- Installing: /build/plasma-studio-git/pkg/plasma-studio-git/usr/lib/qt6/qml/Studio/views/Playback/GridOverlay.qml
-- Installing: /build/plasma-studio-git/pkg/plasma-studio-git/usr/lib/qt6/qml/Studio/views/Playback/editors
-- Installing: /build/plasma-studio-git/pkg/plasma-studio-git/usr/lib/qt6/qml/Studio/views/Playback/editors/SubtitlesEditTool.qml
-- Installing: /build/plasma-studio-git/pkg/plasma-studio-git/usr/lib/qt6/qml/Studio/views/Playback/editors/MeshEditTool.qml
-- Installing: /build/plasma-studio-git/pkg/plasma-studio-git/usr/lib/qt6/qml/Studio/views/Playback/editors/DropShadowEditTool.qml
-- Installing: /build/plasma-studio-git/pkg/plasma-studio-git/usr/lib/qt6/qml/Studio/views/Playback/editors/LinearBlurEditTool.qml
-- Installing: /build/plasma-studio-git/pkg/plasma-studio-git/usr/lib/qt6/qml/Studio/views/Playback/editors/CenterEditTool.qml
-- Installing: /build/plasma-studio-git/pkg/plasma-studio-git/usr/lib/qt6/qml/Studio/views/Playback/editors/OverlayHint.qml
-- Installing: /build/plasma-studio-git/pkg/plasma-studio-git/usr/lib/qt6/qml/Studio/views/Playback/editors/MaskEditTool.qml
-- Installing: /build/plasma-studio-git/pkg/plasma-studio-git/usr/lib/qt6/qml/Studio/views/Playback/editors/LightMarkers3D.qml
-- Installing: /build/plasma-studio-git/pkg/plasma-studio-git/usr/lib/qt6/qml/Studio/views/Playback/editors/TransformEditor.qml
-- Installing: /build/plasma-studio-git/pkg/plasma-studio-git/usr/lib/qt6/qml/Studio/views/Playback/editors/OverlayButton.qml
-- Installing: /build/plasma-studio-git/pkg/plasma-studio-git/usr/lib/qt6/qml/Studio/views/Playback/editors/PathCreateTool.qml
-- Installing: /build/plasma-studio-git/pkg/plasma-studio-git/usr/lib/qt6/qml/Studio/views/Playback/editors/Gizmo3D.qml
-- Installing: /build/plasma-studio-git/pkg/plasma-studio-git/usr/lib/qt6/qml/Studio/views/Playback/editors/Scene3DEditTool.qml
-- Installing: /build/plasma-studio-git/pkg/plasma-studio-git/usr/lib/qt6/qml/Studio/views/Playback/editors/PlaceableCreateTool.qml
-- Installing: /build/plasma-studio-git/pkg/plasma-studio-git/usr/lib/qt6/qml/Studio/views/Playback/editors/SnapOverlay.qml
-- Installing: /build/plasma-studio-git/pkg/plasma-studio-git/usr/lib/qt6/qml/Studio/views/Playback/editors/PathHandles.qml
-- Installing: /build/plasma-studio-git/pkg/plasma-studio-git/usr/lib/qt6/qml/Studio/views/Playback/editors/PathMaskCreateTool.qml
-- Installing: /build/plasma-studio-git/pkg/plasma-studio-git/usr/lib/qt6/qml/Studio/views/Playback/editors/SceneGrid3D.qml
-- Installing: /build/plasma-studio-git/pkg/plasma-studio-git/usr/lib/qt6/qml/Studio/views/Playback/editors/MaskWiring.qml
-- Installing: /build/plasma-studio-git/pkg/plasma-studio-git/usr/lib/qt6/qml/Studio/views/Playback/editors/MaskCreateTool.qml
-- Installing: /build/plasma-studio-git/pkg/plasma-studio-git/usr/lib/qt6/qml/Studio/views/Playback/editors/OverlayShape.qml
-- Installing: /build/plasma-studio-git/pkg/plasma-studio-git/usr/lib/qt6/qml/Studio/views/Playback/editors/PlacementResolver.qml
-- Installing: /build/plasma-studio-git/pkg/plasma-studio-git/usr/lib/qt6/qml/Studio/views/Playback/editors/Scene3DToolbar.qml
-- Installing: /build/plasma-studio-git/pkg/plasma-studio-git/usr/lib/qt6/qml/Studio/views/Playback/editors/TextEditTool.qml
-- Installing: /build/plasma-studio-git/pkg/plasma-studio-git/usr/lib/qt6/qml/Studio/views/Playback/editors/HandleArrow.qml
-- Installing: /build/plasma-studio-git/pkg/plasma-studio-git/usr/lib/qt6/qml/Studio/views/Playback/editors/DragHandle.qml
-- Installing: /build/plasma-studio-git/pkg/plasma-studio-git/usr/lib/qt6/qml/Studio/views/Playback/editors/SelectionBox.qml
-- Installing: /build/plasma-studio-git/pkg/plasma-studio-git/usr/lib/qt6/qml/Studio/views/Playback/editors/Bounds3D.qml
-- Installing: /build/plasma-studio-git/pkg/plasma-studio-git/usr/lib/qt6/qml/Studio/views/Playback/editors/ChromaticAberrationEditTool.qml
-- Installing: /build/plasma-studio-git/pkg/plasma-studio-git/usr/lib/qt6/qml/Studio/views/Playback/editors/GradientEditTool.qml
-- Installing: /build/plasma-studio-git/pkg/plasma-studio-git/usr/lib/qt6/qml/Studio/views/Playback/editors/EditorTool.qml
-- Installing: /build/plasma-studio-git/pkg/plasma-studio-git/usr/lib/qt6/qml/Studio/views/Playback/editors/LayoutReorderTool.qml
-- Installing: /build/plasma-studio-git/pkg/plasma-studio-git/usr/lib/qt6/qml/Studio/views/Playback/editors/PlaceableEditTool.qml
-- Installing: /build/plasma-studio-git/pkg/plasma-studio-git/usr/lib/qt6/qml/Studio/views/Playback/editors/ViewAxes3D.qml
-- Installing: /build/plasma-studio-git/pkg/plasma-studio-git/usr/lib/qt6/qml/Studio/views/Playback/editors/PathEditTool.qml
-- Installing: /build/plasma-studio-git/pkg/plasma-studio-git/usr/lib/qt6/qml/Studio/views/Playback/editors/PerspectiveEditTool.qml
-- Installing: /build/plasma-studio-git/pkg/plasma-studio-git/usr/lib/qt6/qml/Studio/views/Playback/editors/RadialBlurEditTool.qml
-- Installing: /build/plasma-studio-git/pkg/plasma-studio-git/usr/lib/qt6/qml/Studio/views/Playback/editors/SnapResolver.qml
-- Installing: /build/plasma-studio-git/pkg/plasma-studio-git/usr/lib/qt6/qml/Studio/views/Playback/editors/Scene3DInput.qml
-- Installing: /build/plasma-studio-git/pkg/plasma-studio-git/usr/lib/qt6/qml/Studio/views/Playback/editors/TextCreateTool.qml
-- Installing: /build/plasma-studio-git/pkg/plasma-studio-git/usr/lib/qt6/qml/Studio/views/Playback/editors/FrozenBounds.qml
-- Installing: /build/plasma-studio-git/pkg/plasma-studio-git/usr/lib/qt6/qml/Studio/views/Playback/PreviewOptionsBar.qml
-- Installing: /build/plasma-studio-git/pkg/plasma-studio-git/usr/lib/qt6/qml/Studio/views/Playback/PreviewMenus.qml
-- Installing: /build/plasma-studio-git/pkg/plasma-studio-git/usr/lib/qt6/qml/Studio/views/Playback/SelectionScope.qml
-- Installing: /build/plasma-studio-git/pkg/plasma-studio-git/usr/lib/qt6/qml/Studio/views/Playback/PreviewCanvas.qml
-- Installing: /build/plasma-studio-git/pkg/plasma-studio-git/usr/lib/qt6/qml/Studio/views/Playback/RulersOverlay.qml
-- Installing: /build/plasma-studio-git/pkg/plasma-studio-git/usr/lib/qt6/qml/Studio/views/Playback/PreviewRuler.qml
-- Installing: /build/plasma-studio-git/pkg/plasma-studio-git/usr/lib/qt6/qml/Studio/views/Playback/CanvasSpace.qml
-- Installing: /build/plasma-studio-git/pkg/plasma-studio-git/usr/lib/qt6/qml/Studio/views/Playback/RubberBand.qml
-- Installing: /build/plasma-studio-git/pkg/plasma-studio-git/usr/lib/qt6/qml/Studio/views/Playback/PlaybackView.qml
-- Installing: /build/plasma-studio-git/pkg/plasma-studio-git/usr/lib/qt6/qml/Studio/views/Playback/ScopeTrail.qml
-- Installing: /build/plasma-studio-git/pkg/plasma-studio-git/usr/lib/qt6/qml/Studio/views/Playback/PreviewDropArea.qml
-- Installing: /build/plasma-studio-git/pkg/plasma-studio-git/usr/lib/qt6/qml/Studio/views/Playback/PreviewTransport.qml
-- Installing: /build/plasma-studio-git/pkg/plasma-studio-git/usr/lib/qt6/qml/Studio/views/NodeDropArea.qml
-- Installing: /build/plasma-studio-git/pkg/plasma-studio-git/usr/lib/qt6/qml/Studio/views/NodeTree
-- Installing: /build/plasma-studio-git/pkg/plasma-studio-git/usr/lib/qt6/qml/Studio/views/NodeTree/RowDragGhost.qml
-- Installing: /build/plasma-studio-git/pkg/plasma-studio-git/usr/lib/qt6/qml/Studio/views/NodeTree/NodeTreeView.qml
-- Installing: /build/plasma-studio-git/pkg/plasma-studio-git/usr/lib/qt6/qml/Studio/views/Files
-- Installing: /build/plasma-studio-git/pkg/plasma-studio-git/usr/lib/qt6/qml/Studio/views/Files/FilesView.qml
-- Installing: /build/plasma-studio-git/pkg/plasma-studio-git/usr/lib/qt6/qml/Studio/views/TimeAxis
-- Installing: /build/plasma-studio-git/pkg/plasma-studio-git/usr/lib/qt6/qml/Studio/views/TimeAxis/AxisScrollBar.qml
-- Installing: /build/plasma-studio-git/pkg/plasma-studio-git/usr/lib/qt6/qml/Studio/views/TimeAxis/TimeAxis.qml
-- Installing: /build/plasma-studio-git/pkg/plasma-studio-git/usr/lib/qt6/qml/Studio/views/TimeAxis/ZoomReset.qml
-- Installing: /build/plasma-studio-git/pkg/plasma-studio-git/usr/lib/qt6/qml/Studio/views/TimeAxis/WheelRail.qml
-- Installing: /build/plasma-studio-git/pkg/plasma-studio-git/usr/lib/qt6/qml/Studio/views/TimeAxis/TimeRuler.qml
-- Installing: /build/plasma-studio-git/pkg/plasma-studio-git/usr/lib/qt6/qml/Studio/views/TimeAxis/TimePlayhead.qml
-- Installing: /build/plasma-studio-git/pkg/plasma-studio-git/usr/lib/qt6/qml/Studio/views/NodeGraph
-- Installing: /build/plasma-studio-git/pkg/plasma-studio-git/usr/lib/qt6/qml/Studio/views/NodeGraph/PortRow.qml
-- Installing: /build/plasma-studio-git/pkg/plasma-studio-git/usr/lib/qt6/qml/Studio/views/NodeGraph/DynamicNode.qml
-- Installing: /build/plasma-studio-git/pkg/plasma-studio-git/usr/lib/qt6/qml/Studio/views/NodeGraph/InputPort.qml
-- Installing: /build/plasma-studio-git/pkg/plasma-studio-git/usr/lib/qt6/qml/Studio/views/NodeGraph/NodeCard.qml
-- Installing: /build/plasma-studio-git/pkg/plasma-studio-git/usr/lib/qt6/qml/Studio/views/NodeGraph/NodeGraphView.qml
-- Installing: /build/plasma-studio-git/pkg/plasma-studio-git/usr/lib/qt6/qml/Studio/views/NodeGraph/NodeGraphLinks.qml
-- Installing: /build/plasma-studio-git/pkg/plasma-studio-git/usr/lib/qt6/qml/Studio/views/NodeGraph/NodeGraphGlide.qml
-- Installing: /build/plasma-studio-git/pkg/plasma-studio-git/usr/lib/qt6/qml/Studio/views/NodeGraph/OutputPort.qml
-- Installing: /build/plasma-studio-git/pkg/plasma-studio-git/usr/lib/qt6/qml/Studio/views/NodeGraph/GraphSlot.qml
-- Installing: /build/plasma-studio-git/pkg/plasma-studio-git/usr/lib/qt6/qml/Studio/views/App
-- Installing: /build/plasma-studio-git/pkg/plasma-studio-git/usr/lib/qt6/qml/Studio/views/App/SourcePrompt.qml
-- Installing: /build/plasma-studio-git/pkg/plasma-studio-git/usr/lib/qt6/qml/Studio/views/App/PageSettings.qml
-- Installing: /build/plasma-studio-git/pkg/plasma-studio-git/usr/lib/qt6/qml/Studio/views/App/DraggableToolButton.qml
-- Installing: /build/plasma-studio-git/pkg/plasma-studio-git/usr/lib/qt6/qml/Studio/views/App/ProjectTypes.qml
-- Installing: /build/plasma-studio-git/pkg/plasma-studio-git/usr/lib/qt6/qml/Studio/views/App/TabbedHeader.qml
-- Installing: /build/plasma-studio-git/pkg/plasma-studio-git/usr/lib/qt6/qml/Studio/views/App/EditMenu.qml
-- Installing: /build/plasma-studio-git/pkg/plasma-studio-git/usr/lib/qt6/qml/Studio/views/App/ViewFooter.qml
-- Installing: /build/plasma-studio-git/pkg/plasma-studio-git/usr/lib/qt6/qml/Studio/views/App/PresetTile.qml
-- Installing: /build/plasma-studio-git/pkg/plasma-studio-git/usr/lib/qt6/qml/Studio/views/App/AutoSave.qml
-- Installing: /build/plasma-studio-git/pkg/plasma-studio-git/usr/lib/qt6/qml/Studio/views/App/LaunchDialog.qml
-- Installing: /build/plasma-studio-git/pkg/plasma-studio-git/usr/lib/qt6/qml/Studio/views/App/HeaderTabButton.qml
-- Installing: /build/plasma-studio-git/pkg/plasma-studio-git/usr/lib/qt6/qml/Studio/views/App/NotificationArea.qml
-- Installing: /build/plasma-studio-git/pkg/plasma-studio-git/usr/lib/qt6/qml/Studio/views/App/RecentFiles.qml
-- Installing: /build/plasma-studio-git/pkg/plasma-studio-git/usr/lib/qt6/qml/Studio/views/App/EditableName.qml
-- Installing: /build/plasma-studio-git/pkg/plasma-studio-git/usr/lib/qt6/qml/Studio/views/App/TrustDialog.qml
-- Installing: /build/plasma-studio-git/pkg/plasma-studio-git/usr/lib/qt6/qml/Studio/views/App/UnsavedChangesDialog.qml
-- Installing: /build/plasma-studio-git/pkg/plasma-studio-git/usr/lib/qt6/qml/Studio/views/App/LastFolder.qml
-- Installing: /build/plasma-studio-git/pkg/plasma-studio-git/usr/lib/qt6/qml/Studio/views/App/RelinkDialog.qml
-- Installing: /build/plasma-studio-git/pkg/plasma-studio-git/usr/lib/qt6/qml/Studio/views/App/RecoveryDialog.qml
-- Installing: /build/plasma-studio-git/pkg/plasma-studio-git/usr/lib/qt6/qml/Studio/views/App/ViewFooterButton.qml
-- Installing: /build/plasma-studio-git/pkg/plasma-studio-git/usr/lib/qt6/qml/Studio/views/App/EditActions.qml
-- Installing: /build/plasma-studio-git/pkg/plasma-studio-git/usr/lib/qt6/qml/Studio/views/CodeView.qml
-- Installing: /build/plasma-studio-git/pkg/plasma-studio-git/usr/lib/qt6/qml/Studio/views/ProjectDragGhost.qml
-- Installing: /build/plasma-studio-git/pkg/plasma-studio-git/usr/lib/qt6/qml/Studio/views/NodeSettings
-- Installing: /build/plasma-studio-git/pkg/plasma-studio-git/usr/lib/qt6/qml/Studio/views/NodeSettings/ColorPickerBars.qml
-- Installing: /build/plasma-studio-git/pkg/plasma-studio-git/usr/lib/qt6/qml/Studio/views/NodeSettings/ListNodeSetting.qml
-- Installing: /build/plasma-studio-git/pkg/plasma-studio-git/usr/lib/qt6/qml/Studio/views/NodeSettings/ToggleButtonSetting.qml
-- Installing: /build/plasma-studio-git/pkg/plasma-studio-git/usr/lib/qt6/qml/Studio/views/NodeSettings/SliderSetting.qml
-- Installing: /build/plasma-studio-git/pkg/plasma-studio-git/usr/lib/qt6/qml/Studio/views/NodeSettings/AnimateButton.qml
-- Installing: /build/plasma-studio-git/pkg/plasma-studio-git/usr/lib/qt6/qml/Studio/views/NodeSettings/PointCurveControls.qml
-- Installing: /build/plasma-studio-git/pkg/plasma-studio-git/usr/lib/qt6/qml/Studio/views/NodeSettings/OptionsCombo.qml
-- Installing: /build/plasma-studio-git/pkg/plasma-studio-git/usr/lib/qt6/qml/Studio/views/NodeSettings/ButtonSetting.qml
-- Installing: /build/plasma-studio-git/pkg/plasma-studio-git/usr/lib/qt6/qml/Studio/views/NodeSettings/MatrixSetting.qml
-- Installing: /build/plasma-studio-git/pkg/plasma-studio-git/usr/lib/qt6/qml/Studio/views/NodeSettings/SvgPathSetting.qml
-- Installing: /build/plasma-studio-git/pkg/plasma-studio-git/usr/lib/qt6/qml/Studio/views/NodeSettings/ProgressSetting.qml
-- Installing: /build/plasma-studio-git/pkg/plasma-studio-git/usr/lib/qt6/qml/Studio/views/NodeSettings/LabelSetting.qml
-- Installing: /build/plasma-studio-git/pkg/plasma-studio-git/usr/lib/qt6/qml/Studio/views/NodeSettings/AlphaChecker.qml
-- Installing: /build/plasma-studio-git/pkg/plasma-studio-git/usr/lib/qt6/qml/Studio/views/NodeSettings/PointCurvePlot.qml
-- Installing: /build/plasma-studio-git/pkg/plasma-studio-git/usr/lib/qt6/qml/Studio/views/NodeSettings/PointCurveHandle.qml
-- Installing: /build/plasma-studio-git/pkg/plasma-studio-git/usr/lib/qt6/qml/Studio/views/NodeSettings/ColorWheelSetting.qml
-- Installing: /build/plasma-studio-git/pkg/plasma-studio-git/usr/lib/qt6/qml/Studio/views/NodeSettings/KeyframeValueEditor.qml
-- Installing: /build/plasma-studio-git/pkg/plasma-studio-git/usr/lib/qt6/qml/Studio/views/NodeSettings/ColorSquare.qml
-- Installing: /build/plasma-studio-git/pkg/plasma-studio-git/usr/lib/qt6/qml/Studio/views/NodeSettings/PointCurveSetting.qml
-- Installing: /build/plasma-studio-git/pkg/plasma-studio-git/usr/lib/qt6/qml/Studio/views/NodeSettings/AnimationRecall.qml
-- Installing: /build/plasma-studio-git/pkg/plasma-studio-git/usr/lib/qt6/qml/Studio/views/NodeSettings/RecentColorsRow.qml
-- Installing: /build/plasma-studio-git/pkg/plasma-studio-git/usr/lib/qt6/qml/Studio/views/NodeSettings/NodeSettings.qml
-- Installing: /build/plasma-studio-git/pkg/plasma-studio-git/usr/lib/qt6/qml/Studio/views/NodeSettings/KeyframeEditor.qml
-- Installing: /build/plasma-studio-git/pkg/plasma-studio-git/usr/lib/qt6/qml/Studio/views/NodeSettings/FontSetting.qml
-- Installing: /build/plasma-studio-git/pkg/plasma-studio-git/usr/lib/qt6/qml/Studio/views/NodeSettings/NumberSetting.qml
-- Installing: /build/plasma-studio-git/pkg/plasma-studio-git/usr/lib/qt6/qml/Studio/views/NodeSettings/IndexComboboxSetting.qml
-- Installing: /build/plasma-studio-git/pkg/plasma-studio-git/usr/lib/qt6/qml/Studio/views/NodeSettings/SettingLabel.qml
-- Installing: /build/plasma-studio-git/pkg/plasma-studio-git/usr/lib/qt6/qml/Studio/views/NodeSettings/ColorPreview.qml
-- Installing: /build/plasma-studio-git/pkg/plasma-studio-git/usr/lib/qt6/qml/Studio/views/NodeSettings/ColorChannelRow.qml
-- Installing: /build/plasma-studio-git/pkg/plasma-studio-git/usr/lib/qt6/qml/Studio/views/NodeSettings/SettingRow.qml
-- Installing: /build/plasma-studio-git/pkg/plasma-studio-git/usr/lib/qt6/qml/Studio/views/NodeSettings/StringSetting.qml
-- Installing: /build/plasma-studio-git/pkg/plasma-studio-git/usr/lib/qt6/qml/Studio/views/NodeSettings/DraggableValueBox.qml
-- Installing: /build/plasma-studio-git/pkg/plasma-studio-git/usr/lib/qt6/qml/Studio/views/NodeSettings/ColorPickerSetting.qml
-- Installing: /build/plasma-studio-git/pkg/plasma-studio-git/usr/lib/qt6/qml/Studio/views/NodeSettings/ElementSetting.qml
-- Installing: /build/plasma-studio-git/pkg/plasma-studio-git/usr/lib/qt6/qml/Studio/views/NodeSettings/TextFieldSettingRow.qml
-- Installing: /build/plasma-studio-git/pkg/plasma-studio-git/usr/lib/qt6/qml/Studio/views/NodeSettings/ColorListSetting.qml
-- Installing: /build/plasma-studio-git/pkg/plasma-studio-git/usr/lib/qt6/qml/Studio/views/NodeSettings/CheckboxSetting.qml
-- Installing: /build/plasma-studio-git/pkg/plasma-studio-git/usr/lib/qt6/qml/Studio/views/NodeSettings/ColorPickerPopup.qml
-- Installing: /build/plasma-studio-git/pkg/plasma-studio-git/usr/lib/qt6/qml/Studio/views/NodeSettings/ColorBar.qml
-- Installing: /build/plasma-studio-git/pkg/plasma-studio-git/usr/lib/qt6/qml/Studio/views/NodeSettings/PathSetting.qml
-- Installing: /build/plasma-studio-git/pkg/plasma-studio-git/usr/lib/qt6/qml/Studio/views/NodeSettings/ComboboxSetting.qml
-- Installing: /build/plasma-studio-git/pkg/plasma-studio-git/usr/lib/qt6/qml/Studio/views/ProjectBin
-- Installing: /build/plasma-studio-git/pkg/plasma-studio-git/usr/lib/qt6/qml/Studio/views/ProjectBin/BinThumbnails.qml
-- Installing: /build/plasma-studio-git/pkg/plasma-studio-git/usr/lib/qt6/qml/Studio/views/ProjectBin/ProjectBinView.qml
-- Installing: /build/plasma-studio-git/pkg/plasma-studio-git/usr/lib/qt6/qml/Studio/views/ScrollGestures.qml
-- Installing: /build/plasma-studio-git/pkg/plasma-studio-git/usr/lib/qt6/qml/Studio/views/NodePreview.qml
-- Installing: /build/plasma-studio-git/pkg/plasma-studio-git/usr/lib/qt6/qml/Studio/views/Timeline
-- Installing: /build/plasma-studio-git/pkg/plasma-studio-git/usr/lib/qt6/qml/Studio/views/Timeline/SpacerOverlay.qml
-- Installing: /build/plasma-studio-git/pkg/plasma-studio-git/usr/lib/qt6/qml/Studio/views/Timeline/TimelineView.qml
-- Installing: /build/plasma-studio-git/pkg/plasma-studio-git/usr/lib/qt6/qml/Studio/views/Timeline/TimelineThumbnails.qml
-- Installing: /build/plasma-studio-git/pkg/plasma-studio-git/usr/lib/qt6/qml/Studio/views/Timeline/TimelineClip.qml
-- Installing: /build/plasma-studio-git/pkg/plasma-studio-git/usr/lib/qt6/qml/Studio/views/Timeline/TimelineToolBar.qml
-- Installing: /build/plasma-studio-git/pkg/plasma-studio-git/usr/lib/qt6/qml/Studio/views/Timeline/TimelineEdits.qml
-- Installing: /build/plasma-studio-git/pkg/plasma-studio-git/usr/lib/qt6/qml/Studio/views/AudioEditor
-- Installing: /build/plasma-studio-git/pkg/plasma-studio-git/usr/lib/qt6/qml/Studio/views/AudioEditor/AudioEditorToolBar.qml
-- Installing: /build/plasma-studio-git/pkg/plasma-studio-git/usr/lib/qt6/qml/Studio/views/AudioEditor/AudioLane.qml
-- Installing: /build/plasma-studio-git/pkg/plasma-studio-git/usr/lib/qt6/qml/Studio/views/AudioEditor/AudioEditorEdits.qml
-- Installing: /build/plasma-studio-git/pkg/plasma-studio-git/usr/lib/qt6/qml/Studio/views/AudioEditor/LaneBlock.qml
-- Installing: /build/plasma-studio-git/pkg/plasma-studio-git/usr/lib/qt6/qml/Studio/views/AudioEditor/AudioEditorView.qml
-- Installing: /build/plasma-studio-git/pkg/plasma-studio-git/usr/lib/qt6/qml/Studio/views/Keyframes
-- Installing: /build/plasma-studio-git/pkg/plasma-studio-git/usr/lib/qt6/qml/Studio/views/Keyframes/DopesheetRow.qml
-- Installing: /build/plasma-studio-git/pkg/plasma-studio-git/usr/lib/qt6/qml/Studio/views/Keyframes/KeyframeMenu.qml
-- Installing: /build/plasma-studio-git/pkg/plasma-studio-git/usr/lib/qt6/qml/Studio/views/Keyframes/KeyframeSegment.qml
-- Installing: /build/plasma-studio-git/pkg/plasma-studio-git/usr/lib/qt6/qml/Studio/views/Keyframes/KeyframeTrack.qml
-- Installing: /build/plasma-studio-git/pkg/plasma-studio-git/usr/lib/qt6/qml/Studio/views/Keyframes/DopesheetToolBar.qml
-- Installing: /build/plasma-studio-git/pkg/plasma-studio-git/usr/lib/qt6/qml/Studio/views/Keyframes/KeyframesView.qml
-- Installing: /build/plasma-studio-git/pkg/plasma-studio-git/usr/lib/qt6/qml/Studio/views/Keyframes/KeyframeNavigator.qml
-- Installing: /build/plasma-studio-git/pkg/plasma-studio-git/usr/lib/qt6/qml/Studio/views/Keyframes/ScrubArea.qml
-- Installing: /build/plasma-studio-git/pkg/plasma-studio-git/usr/lib/qt6/qml/Studio/views/Keyframes/DopesheetRowLabel.qml
-- Installing: /build/plasma-studio-git/pkg/plasma-studio-git/usr/lib/qt6/qml/Studio/views/Keyframes/KeyframeDiamond.qml
-- Installing: /build/plasma-studio-git/pkg/plasma-studio-git/usr/lib/qt6/qml/Studio/views/Keyframes/SegmentMenu.qml
