The no-dev option is deprecated.  Use -Wno-author instead.
-- The C compiler identification is GNU 16.2.1
-- The CXX compiler identification is GNU 16.2.1
-- Detecting C compiler ABI info
-- Detecting C compiler ABI info - done
-- Check for working C compiler: /usr/bin/cc - skipped
-- Detecting C compile features
-- Detecting C compile features - done
-- Detecting CXX compiler ABI info
-- Detecting CXX compiler ABI info - done
-- Check for working CXX compiler: /usr/bin/c++ - skipped
-- Detecting CXX compile features
-- Detecting CXX compile features - done
-- Performing Test CMAKE_HAVE_LIBC_PTHREAD
-- Performing Test CMAKE_HAVE_LIBC_PTHREAD - Success
-- Found Threads: TRUE
-- Performing Test HAVE_STDATOMIC
-- Performing Test HAVE_STDATOMIC - Success
-- Found WrapAtomic: TRUE
-- Found OpenGL: /usr/lib/libOpenGL.so
-- Found WrapOpenGL: TRUE
-- Found WrapVulkanHeaders: /usr/include
-- Found XKB: /usr/lib/libxkbcommon.so (found suitable version "1.13.2", minimum required is "0.9.0")
CMake Warning at /usr/lib/cmake/Qt6/QtPublicDependencyHelpers.cmake:339 (message):
  This project is using headers of the GuiPrivate module and will therefore
  be tied to this specific Qt module build version.  Running this project
  against other versions of the Qt modules may crash at any arbitrary point.
  This is not a bug, but a result of using Qt internals.  You have been
  warned!

  You can disable this warning by setting QT_NO_PRIVATE_MODULE_WARNING to ON.
Call Stack (most recent call first):
  /usr/lib/cmake/Qt6GuiPrivate/Qt6GuiPrivateConfig.cmake:58 (_qt_internal_show_private_module_warning)
  /usr/lib/cmake/Qt6/Qt6Config.cmake:267 (find_package)
  CMakeLists.txt:18 (find_package)


-- Found Wayland_Client: /usr/lib/libwayland-client.so (found version "1.26.0")
-- Found Wayland_Server: /usr/lib/libwayland-server.so (found version "1.26.0")
-- Found Wayland_Cursor: /usr/lib/libwayland-cursor.so (found version "1.26.0")
-- Found Wayland_Egl: /usr/lib/libwayland-egl.so (found version "18.1.0")
-- Found Wayland: /usr/lib/libwayland-client.so;/usr/lib/libwayland-server.so;/usr/lib/libwayland-cursor.so;/usr/lib/libwayland-egl.so (found version "1.26.0")
-- Found WaylandScanner: /usr/bin/wayland-scanner
-- Found Gettext: /usr/bin/msgmerge (found version "1.0")
-- Found PkgConfig: /usr/bin/pkg-config (found version "3.0.7")
-- Checking for module 'mpv'
--   Found mpv, version 2.5.0
-- Checking for module 'libraw'
--   Package 'libraw' not found
CMake Error at /usr/share/cmake/Modules/FindPkgConfig.cmake:1093 (message):
  The following required packages were not found:

   - libraw

Call Stack (most recent call first):
  /usr/share/cmake/Modules/FindPkgConfig.cmake:1166 (_pkg_check_modules_internal)
  CMakeLists.txt:23 (pkg_check_modules)


-- Configuring incomplete, errors occurred!
[1m[31m==> ERROR:(B[m[1m A failure occurred in build().(B[m
[1m    Aborting...(B[m
