* Getting build dependencies for wheel...
* Building wheel...
Running `maturin pep517 build-wheel -i /usr/bin/python --compatibility off`
    Updating crates.io index
 Downloading crates ...
  Downloaded find-msvc-tools v0.1.9
  Downloaded quote v1.0.45
  Downloaded heck v0.5.0
  Downloaded pyo3-macros v0.28.3
  Downloaded once_cell v1.21.4
  Downloaded shlex v1.3.0
  Downloaded httlib-huffman v0.3.4
  Downloaded target-lexicon v0.13.5
  Downloaded pyo3-build-config v0.28.3
  Downloaded unicode-ident v1.0.24
  Downloaded proc-macro2 v1.0.106
  Downloaded pyo3-ffi v0.28.3
  Downloaded pyo3-macros-backend v0.28.3
  Downloaded cc v1.2.62
  Downloaded python3-dll-a v0.2.15
  Downloaded portable-atomic v1.13.1
  Downloaded syn v2.0.117
  Downloaded libc v0.2.186
  Downloaded pyo3 v0.28.3
  Downloaded httlib-hpack v0.1.3
🍹 Building a mixed python/rust project
🐍 Found CPython 3.14 at /usr/bin/python
🔗 Found pyo3 bindings with abi3-py3.7 support
📡 Using build options features from pyproject.toml
   Compiling target-lexicon v0.13.5
   Compiling python3-dll-a v0.2.15
   Compiling proc-macro2 v1.0.106
   Compiling quote v1.0.45
   Compiling unicode-ident v1.0.24
   Compiling libc v0.2.186
   Compiling heck v0.5.0
   Compiling httlib-huffman v0.3.4
   Compiling once_cell v1.21.4
   Compiling httlib-hpack v0.1.3
   Compiling pyo3-build-config v0.28.3
   Compiling syn v2.0.117
   Compiling pyo3-macros-backend v0.28.3
   Compiling pyo3-ffi v0.28.3
   Compiling pyo3 v0.28.3
   Compiling pyo3-macros v0.28.3
   Compiling jh2 v5.0.13 (/build/python-jh2/src/h2-5.0.13)
    Finished `release` profile [optimized] target(s) in 9.29s
📦 Built wheel for abi3 Python ≥ 3.7 to /build/python-jh2/src/h2-5.0.13/target/wheels/jh2-5.0.13-cp37-abi3-linux_x86_64.whl
/build/python-jh2/src/h2-5.0.13/target/wheels/jh2-5.0.13-cp37-abi3-linux_x86_64.whl
Successfully built jh2-5.0.13-cp37-abi3-linux_x86_64.whl
