============================= test session starts ==============================
platform linux -- Python 3.14.6, pytest-9.0.3, pluggy-1.6.0 -- /usr/bin/python
cachedir: .pytest_cache
rootdir: /build/python-qh3/src/qh3-1.8.1
configfile: pyproject.toml
plugins: asyncio-1.4.0, mock-3.14.1
asyncio: mode=Mode.STRICT, debug=False, asyncio_default_fixture_loop_scope=None, asyncio_default_test_loop_scope=function
collecting ... collected 572 items / 2 deselected / 570 selected

tests/test_asyncio.py::TestHighLevel::test_connect_and_serve PASSED      [  0%]
tests/test_asyncio.py::TestHighLevel::test_connect_and_serve_ipv4 PASSED [  0%]
tests/test_asyncio.py::TestHighLevel::test_connect_and_serve_ipv6 PASSED [  0%]
tests/test_asyncio.py::TestHighLevel::test_connect_and_serve_with_ec_certificate PASSED [  0%]
tests/test_asyncio.py::TestHighLevel::test_connect_and_serve_with_ed25519_certificate PASSED [  0%]
tests/test_asyncio.py::TestHighLevel::test_connect_and_serve_large PASSED [  1%]
tests/test_asyncio.py::TestHighLevel::test_connect_and_serve_without_client_configuration PASSED [  1%]
tests/test_asyncio.py::TestHighLevel::test_connect_and_serve_writelines PASSED [  1%]
tests/test_asyncio.py::TestHighLevel::test_idna_sni PASSED               [  1%]
tests/test_asyncio.py::TestHighLevel::test_connect_and_serve_with_packet_loss PASSED [  1%]
tests/test_asyncio.py::TestHighLevel::test_connect_and_serve_with_session_ticket PASSED [  1%]
tests/test_asyncio.py::TestHighLevel::test_connect_and_serve_with_retry PASSED [  2%]
tests/test_asyncio.py::TestHighLevel::test_connect_and_serve_with_retry_bad_original_destination_connection_id PASSED [  2%]
tests/test_asyncio.py::TestHighLevel::test_connect_and_serve_with_retry_bad_retry_source_connection_id PASSED [  2%]
tests/test_asyncio.py::TestHighLevel::test_connect_and_serve_with_retry_bad_token PASSED [  2%]
tests/test_asyncio.py::TestHighLevel::test_connect_and_serve_with_version_negotiation PASSED [  2%]
tests/test_asyncio.py::TestHighLevel::test_connect_timeout PASSED        [  2%]
tests/test_asyncio.py::TestHighLevel::test_connect_timeout_no_wait_connected PASSED [  3%]
tests/test_asyncio.py::TestHighLevel::test_connect_local_port PASSED     [  3%]
tests/test_asyncio.py::TestHighLevel::test_connect_local_port_bind PASSED [  3%]
tests/test_asyncio.py::TestHighLevel::test_change_connection_id PASSED   [  3%]
tests/test_asyncio.py::TestHighLevel::test_key_update PASSED             [  3%]
tests/test_asyncio.py::TestHighLevel::test_ping PASSED                   [  4%]
tests/test_asyncio.py::TestHighLevel::test_ping_parallel PASSED          [  4%]
tests/test_asyncio.py::TestHighLevel::test_server_receives_garbage PASSED [  4%]
tests/test_asyncio.py::TestHighLevel::test_combined_key PASSED           [  4%]
tests/test_asyncio.py::TestHighLevel::test_stream_reset_raises_on_reader PASSED [  4%]
tests/test_asyncio.py::TestHighLevel::test_stop_sending_feeds_eof PASSED [  4%]
tests/test_asyncio.py::TestQuicStreamAdapter::test_write_eof_idempotent PASSED [  5%]
tests/test_asyncio.py::TestQuicStreamAdapter::test_close_delegates_to_write_eof PASSED [  5%]
tests/test_asyncio.py::TestQuicStreamAdapter::test_write_eof_skips_after_reset PASSED [  5%]
tests/test_asyncio.py::TestQuicStreamAdapter::test_write_eof_skips_when_stream_gone PASSED [  5%]
tests/test_asyncio.py::TestHighLevelFallbackTransport::test_connect_and_serve PASSED [  5%]
tests/test_asyncio.py::TestHighLevelFallbackTransport::test_connect_and_serve_ipv4 PASSED [  5%]
tests/test_asyncio.py::TestHighLevelFallbackTransport::test_connect_and_serve_large PASSED [  6%]
tests/test_asyncio.py::TestHighLevelFallbackTransport::test_connect_and_serve_writelines PASSED [  6%]
tests/test_asyncio.py::TestHighLevelFallbackTransport::test_connect_and_serve_with_retry PASSED [  6%]
tests/test_asyncio.py::TestHighLevelFallbackTransport::test_connect_and_serve_with_session_ticket PASSED [  6%]
tests/test_asyncio.py::TestHighLevelFallbackTransport::test_connect_and_serve_with_version_negotiation PASSED [  6%]
tests/test_asyncio.py::TestHighLevelFallbackTransport::test_ping PASSED  [  7%]
tests/test_asyncio.py::TestHighLevelFallbackTransport::test_ping_parallel PASSED [  7%]
tests/test_asyncio.py::TestHighLevelFallbackTransport::test_key_update PASSED [  7%]
tests/test_asyncio.py::TestHighLevelFallbackTransport::test_change_connection_id PASSED [  7%]
tests/test_asyncio.py::TestParseGroSegmentSize::test_empty_ancdata PASSED [  7%]
tests/test_asyncio.py::TestParseGroSegmentSize::test_no_matching_cmsg PASSED [  7%]
tests/test_asyncio.py::TestParseGroSegmentSize::test_gro_cmsg_int_format PASSED [  8%]
tests/test_asyncio.py::TestParseGroSegmentSize::test_gro_cmsg_uint16_format PASSED [  8%]
tests/test_asyncio.py::TestParseGroSegmentSize::test_gro_cmsg_too_short PASSED [  8%]
tests/test_asyncio.py::TestParseGroSegmentSize::test_gro_cmsg_extra_bytes PASSED [  8%]
tests/test_asyncio.py::TestSplitGroBuffer::test_single_segment PASSED    [  8%]
tests/test_asyncio.py::TestSplitGroBuffer::test_smaller_than_segment_size PASSED [  8%]
tests/test_asyncio.py::TestSplitGroBuffer::test_two_segments PASSED      [  9%]
tests/test_asyncio.py::TestSplitGroBuffer::test_last_segment_shorter PASSED [  9%]
tests/test_asyncio.py::TestSplitGroBuffer::test_many_segments PASSED     [  9%]
tests/test_asyncio.py::TestSplitGroBuffer::test_zero_segment_size PASSED [  9%]
tests/test_asyncio.py::TestSplitGroBuffer::test_negative_segment_size PASSED [  9%]
tests/test_asyncio.py::TestMaxSegmentsFor::test_typical_size PASSED      [ 10%]
tests/test_asyncio.py::TestMaxSegmentsFor::test_small_size PASSED        [ 10%]
tests/test_asyncio.py::TestMaxSegmentsFor::test_large_size PASSED        [ 10%]
tests/test_asyncio.py::TestMaxSegmentsFor::test_zero_size PASSED         [ 10%]
tests/test_asyncio.py::TestMaxSegmentsFor::test_exact_boundary PASSED    [ 10%]
tests/test_asyncio.py::TestGroupForGso::test_empty_list PASSED           [ 10%]
tests/test_asyncio.py::TestGroupForGso::test_single_datagram PASSED      [ 11%]
tests/test_asyncio.py::TestGroupForGso::test_same_size_datagrams PASSED  [ 11%]
tests/test_asyncio.py::TestGroupForGso::test_different_sizes_create_new_groups PASSED [ 11%]
tests/test_asyncio.py::TestGroupForGso::test_shorter_last_in_group PASSED [ 11%]
tests/test_asyncio.py::TestGroupForGso::test_larger_starts_new_group PASSED [ 11%]
tests/test_asyncio.py::TestGroupForGso::test_exceeds_segment_cap PASSED  [ 11%]
tests/test_asyncio.py::TestGroupForGso::test_mixed_sizes_multiple_groups PASSED [ 12%]
tests/test_asyncio.py::TestEnableGroHasGso::test_enable_gro_on_udp_socket PASSED [ 12%]
tests/test_asyncio.py::TestEnableGroHasGso::test_has_gso_on_udp_socket PASSED [ 12%]
tests/test_asyncio.py::TestEnableGroHasGso::test_enable_gro_on_tcp_socket_fails PASSED [ 12%]
tests/test_asyncio.py::TestEnableGroHasGso::test_has_gso_on_tcp_socket_fails PASSED [ 12%]
tests/test_asyncio.py::TestOptimizedDatagramTransportUnit::test_get_extra_info PASSED [ 12%]
tests/test_asyncio.py::TestOptimizedDatagramTransportUnit::test_is_closing PASSED [ 13%]
tests/test_asyncio.py::TestOptimizedDatagramTransportUnit::test_get_set_protocol PASSED [ 13%]
tests/test_asyncio.py::TestOptimizedDatagramTransportUnit::test_get_write_buffer_size PASSED [ 13%]
tests/test_asyncio.py::TestOptimizedDatagramTransportUnit::test_close PASSED [ 13%]
tests/test_asyncio.py::TestOptimizedDatagramTransportUnit::test_close_idempotent PASSED [ 13%]
tests/test_asyncio.py::TestOptimizedDatagramTransportUnit::test_abort PASSED [ 14%]
tests/test_asyncio.py::TestOptimizedDatagramTransportUnit::test_abort_idempotent PASSED [ 14%]
tests/test_asyncio.py::TestOptimizedDatagramTransportUnit::test_pause_resume_reading PASSED [ 14%]
tests/test_asyncio.py::TestOptimizedDatagramTransportUnit::test_sendto_no_queue PASSED [ 14%]
tests/test_asyncio.py::TestOptimizedDatagramTransportUnit::test_sendto_with_addr PASSED [ 14%]
tests/test_asyncio.py::TestOptimizedDatagramTransportUnit::test_sendto_when_closing PASSED [ 14%]
tests/test_asyncio.py::TestOptimizedDatagramTransportUnit::test_sendto_blocking_queues PASSED [ 15%]
tests/test_asyncio.py::TestOptimizedDatagramTransportUnit::test_sendto_oserror_reports PASSED [ 15%]
tests/test_asyncio.py::TestOptimizedDatagramTransportUnit::test_sendto_many_uses_gso_python PASSED [ 15%]
tests/test_asyncio.py::TestOptimizedDatagramTransportUnit::test_sendto_many_single_datagram_uses_raw_send PASSED [ 15%]
tests/test_asyncio.py::TestOptimizedDatagramTransportUnit::test_sendto_many_without_gso PASSED [ 15%]
tests/test_asyncio.py::TestOptimizedDatagramTransportUnit::test_sendto_many_empty PASSED [ 15%]
tests/test_asyncio.py::TestOptimizedDatagramTransportUnit::test_sendto_many_when_queue_nonempty PASSED [ 16%]
tests/test_asyncio.py::TestOptimizedDatagramTransportUnit::test_queue_write_triggers_pause PASSED [ 16%]
tests/test_asyncio.py::TestOptimizedDatagramTransportUnit::test_on_write_ready_drains_queue PASSED [ 16%]
tests/test_asyncio.py::TestOptimizedDatagramTransportUnit::test_on_write_ready_blocking_stops PASSED [ 16%]
tests/test_asyncio.py::TestOptimizedDatagramTransportUnit::test_on_write_ready_resumes_protocol PASSED [ 16%]
tests/test_asyncio.py::TestOptimizedDatagramTransportUnit::test_recv_gro_python_with_segments PASSED [ 17%]
tests/test_asyncio.py::TestOptimizedDatagramTransportUnit::test_recv_gro_python_no_cmsg PASSED [ 17%]
tests/test_asyncio.py::TestOptimizedDatagramTransportUnit::test_recv_gro_python_msg_trunc_grows_buffer PASSED [ 17%]
tests/test_asyncio.py::TestOptimizedDatagramTransportUnit::test_recv_gro_python_empty_data_returns PASSED [ 17%]
tests/test_asyncio.py::TestOptimizedDatagramTransportUnit::test_recv_gro_python_oserror PASSED [ 17%]
tests/test_asyncio.py::TestOptimizedDatagramTransportUnit::test_recv_gro_python_interrupted_continues PASSED [ 17%]
tests/test_asyncio.py::TestOptimizedDatagramTransportUnit::test_recv_gro_python_non_batch_protocol PASSED [ 18%]
tests/test_asyncio.py::TestOptimizedDatagramTransportUnit::test_recv_gro_python_burst_limit_reschedules PASSED [ 18%]
tests/test_asyncio.py::TestOptimizedDatagramTransportUnit::test_recv_plain PASSED [ 18%]
tests/test_asyncio.py::TestOptimizedDatagramTransportUnit::test_recv_plain_empty PASSED [ 18%]
tests/test_asyncio.py::TestOptimizedDatagramTransportUnit::test_recv_plain_oserror PASSED [ 18%]
tests/test_asyncio.py::TestOptimizedDatagramTransportUnit::test_recv_plain_interrupted PASSED [ 18%]
tests/test_asyncio.py::TestOptimizedDatagramTransportUnit::test_call_connection_lost PASSED [ 19%]
tests/test_asyncio.py::TestOptimizedDatagramTransportUnit::test_call_connection_lost_idempotent PASSED [ 19%]
tests/test_asyncio.py::TestOptimizedDatagramTransportUnit::test_raw_send_no_addr_connected PASSED [ 19%]
tests/test_asyncio.py::TestOptimizedDatagramTransportUnit::test_raw_send_no_addr_no_connection PASSED [ 19%]
tests/test_asyncio.py::TestOptimizedDatagramTransportUnit::test_on_readable_when_closing PASSED [ 19%]
tests/test_asyncio.py::TestOptimizedDatagramTransportUnit::test_send_gso_python_oserror_fallback PASSED [ 20%]
tests/test_asyncio.py::TestOptimizedDatagramTransportUnit::test_send_gso_python_blocking_queues_remainder PASSED [ 20%]
tests/test_asyncio.py::TestOptimizedDatagramTransportUnit::test_on_write_ready_oserror PASSED [ 20%]
tests/test_asyncio.py::TestOptimizedDatagramTransportUnit::test_on_write_ready_closes_when_closing PASSED [ 20%]
tests/test_buffer.py::TestBuffer::test_data_slice PASSED                 [ 20%]
tests/test_buffer.py::TestBuffer::test_pull_bytes PASSED                 [ 20%]
tests/test_buffer.py::TestBuffer::test_internal_fixed_size PASSED        [ 21%]
tests/test_buffer.py::TestBuffer::test_internal_push_zero_bytes PASSED   [ 21%]
tests/test_buffer.py::TestBuffer::test_pull_bytes_negative PASSED        [ 21%]
tests/test_buffer.py::TestBuffer::test_pull_bytes_truncated PASSED       [ 21%]
tests/test_buffer.py::TestBuffer::test_pull_bytes_zero PASSED            [ 21%]
tests/test_buffer.py::TestBuffer::test_pull_uint8 PASSED                 [ 21%]
tests/test_buffer.py::TestBuffer::test_pull_uint8_truncated PASSED       [ 22%]
tests/test_buffer.py::TestBuffer::test_pull_uint16 PASSED                [ 22%]
tests/test_buffer.py::TestBuffer::test_pull_uint16_truncated PASSED      [ 22%]
tests/test_buffer.py::TestBuffer::test_pull_uint32 PASSED                [ 22%]
tests/test_buffer.py::TestBuffer::test_pull_uint32_truncated PASSED      [ 22%]
tests/test_buffer.py::TestBuffer::test_pull_uint64 PASSED                [ 22%]
tests/test_buffer.py::TestBuffer::test_pull_uint64_truncated PASSED      [ 23%]
tests/test_buffer.py::TestBuffer::test_push_bytes PASSED                 [ 23%]
tests/test_buffer.py::TestBuffer::test_push_bytes_truncated PASSED       [ 23%]
tests/test_buffer.py::TestBuffer::test_push_bytes_zero PASSED            [ 23%]
tests/test_buffer.py::TestBuffer::test_push_uint8 PASSED                 [ 23%]
tests/test_buffer.py::TestBuffer::test_push_uint16 PASSED                [ 24%]
tests/test_buffer.py::TestBuffer::test_push_uint32 PASSED                [ 24%]
tests/test_buffer.py::TestBuffer::test_push_uint64 PASSED                [ 24%]
tests/test_buffer.py::TestBuffer::test_seek PASSED                       [ 24%]
tests/test_buffer.py::TestUintVar::test_uint_var PASSED                  [ 24%]
tests/test_buffer.py::TestUintVar::test_pull_uint_var_truncated PASSED   [ 24%]
tests/test_buffer.py::TestUintVar::test_push_uint_var_too_big PASSED     [ 25%]
tests/test_buffer.py::TestUintVar::test_size_uint_var PASSED             [ 25%]
tests/test_connection.py::TestQuicConnection::test_connect PASSED        [ 25%]
tests/test_connection.py::TestQuicConnection::test_connect_with_alpn PASSED [ 25%]
tests/test_connection.py::TestQuicConnection::test_connect_with_secrets_log PASSED [ 25%]
tests/test_connection.py::TestQuicConnection::test_connect_with_cert_chain PASSED [ 25%]
tests/test_connection.py::TestQuicConnection::test_connect_with_cipher_suite_aes128 PASSED [ 26%]
tests/test_connection.py::TestQuicConnection::test_connect_with_cipher_suite_aes256 PASSED [ 26%]
tests/test_connection.py::TestQuicConnection::test_connect_with_cipher_suite_chacha20 PASSED [ 26%]
tests/test_connection.py::TestQuicConnection::test_connect_without_loss PASSED [ 26%]
tests/test_connection.py::TestQuicConnection::test_connect_with_loss_1 PASSED [ 26%]
tests/test_connection.py::TestQuicConnection::test_connect_with_loss_2 PASSED [ 27%]
tests/test_connection.py::TestQuicConnection::test_connect_with_loss_3 PASSED [ 27%]
tests/test_connection.py::TestQuicConnection::test_connect_with_loss_4 PASSED [ 27%]
tests/test_connection.py::TestQuicConnection::test_connect_with_loss_5 PASSED [ 27%]
tests/test_connection.py::TestQuicConnection::test_connect_with_no_transport_parameters PASSED [ 27%]
tests/test_connection.py::TestQuicConnection::test_connect_with_compatible_version_negotiation_1 PASSED [ 27%]
tests/test_connection.py::TestQuicConnection::test_connect_with_compatible_version_negotiation_1_to_2 PASSED [ 28%]
tests/test_connection.py::TestQuicConnection::test_connect_with_compatible_version_negotiation_2 PASSED [ 28%]
tests/test_connection.py::TestQuicConnection::test_connect_with_compatible_version_negotiation_2_to_1 PASSED [ 28%]
tests/test_connection.py::TestQuicConnection::test_connect_with_quantum_readiness PASSED [ 28%]
tests/test_connection.py::TestQuicConnection::test_connect_with_0rtt PASSED [ 28%]
tests/test_connection.py::TestQuicConnection::test_connect_with_0rtt_bad_max_early_data PASSED [ 28%]
tests/test_connection.py::TestQuicConnection::test_change_connection_id PASSED [ 29%]
tests/test_connection.py::TestQuicConnection::test_change_connection_id_retransmit_new_connection_id PASSED [ 29%]
tests/test_connection.py::TestQuicConnection::test_change_connection_id_retransmit_retire_connection_id PASSED [ 29%]
tests/test_connection.py::TestQuicConnection::test_get_next_available_stream_id PASSED [ 29%]
tests/test_connection.py::TestQuicConnection::test_datagram_frame PASSED [ 29%]
tests/test_connection.py::TestQuicConnection::test_datagram_frame_2 PASSED [ 30%]
tests/test_connection.py::TestQuicConnection::test_decryption_error PASSED [ 30%]
tests/test_connection.py::TestQuicConnection::test_tls_error PASSED      [ 30%]
tests/test_connection.py::TestQuicConnection::test_receive_datagram_garbage PASSED [ 30%]
tests/test_connection.py::TestQuicConnection::test_receive_datagram_reserved_bits_non_zero PASSED [ 30%]
tests/test_connection.py::TestQuicConnection::test_receive_datagram_wrong_version PASSED [ 30%]
tests/test_connection.py::TestQuicConnection::test_receive_datagram_retry PASSED [ 31%]
tests/test_connection.py::TestQuicConnection::test_receive_datagram_retry_wrong_destination_cid PASSED [ 31%]
tests/test_connection.py::TestQuicConnection::test_receive_datagram_retry_wrong_integrity_tag PASSED [ 31%]
tests/test_connection.py::TestQuicConnection::test_handle_ack_frame_ecn PASSED [ 31%]
tests/test_connection.py::TestQuicConnection::test_handle_connection_close_frame PASSED [ 31%]
tests/test_connection.py::TestQuicConnection::test_handle_connection_close_frame_app PASSED [ 31%]
tests/test_connection.py::TestQuicConnection::test_handle_connection_close_frame_app_not_utf8 PASSED [ 32%]
tests/test_connection.py::TestQuicConnection::test_handle_crypto_frame_over_largest_offset PASSED [ 32%]
tests/test_connection.py::TestQuicConnection::test_max_ack_delay_deferred_until_handshake_confirmed PASSED [ 32%]
tests/test_connection.py::TestQuicConnection::test_stateless_reset_terminates_connection PASSED [ 32%]
tests/test_connection.py::TestQuicConnection::test_path_challenge_datagram_is_padded PASSED [ 32%]
tests/test_connection.py::TestQuicConnection::test_connection_close_retransmits_on_repeated_input PASSED [ 32%]
tests/test_connection.py::TestQuicConnection::test_data_blocked_frame_at_limit_bumps_max_data PASSED [ 33%]
tests/test_connection.py::TestQuicConnection::test_handle_datagram_frame PASSED [ 33%]
tests/test_connection.py::TestQuicConnection::test_handle_datagram_frame_not_allowed PASSED [ 33%]
tests/test_connection.py::TestQuicConnection::test_handle_datagram_frame_too_large PASSED [ 33%]
tests/test_connection.py::TestQuicConnection::test_handle_datagram_frame_with_length PASSED [ 33%]
tests/test_connection.py::TestQuicConnection::test_handle_datagram_frame_with_length_not_allowed PASSED [ 34%]
tests/test_connection.py::TestQuicConnection::test_handle_datagram_frame_with_length_too_large PASSED [ 34%]
tests/test_connection.py::TestQuicConnection::test_handle_handshake_done_not_allowed PASSED [ 34%]
tests/test_connection.py::TestQuicConnection::test_handle_max_data_frame PASSED [ 34%]
tests/test_connection.py::TestQuicConnection::test_handle_max_stream_data_frame PASSED [ 34%]
tests/test_connection.py::TestQuicConnection::test_handle_max_stream_data_frame_receive_only PASSED [ 34%]
tests/test_connection.py::TestQuicConnection::test_handle_max_streams_bidi_frame PASSED [ 35%]
tests/test_connection.py::TestQuicConnection::test_handle_max_streams_uni_frame PASSED [ 35%]
tests/test_connection.py::TestQuicConnection::test_handle_new_connection_id_duplicate PASSED [ 35%]
tests/test_connection.py::TestQuicConnection::test_handle_new_connection_id_over_limit PASSED [ 35%]
tests/test_connection.py::TestQuicConnection::test_handle_new_connection_id_with_retire_prior_to PASSED [ 35%]
tests/test_connection.py::TestQuicConnection::test_handle_new_connection_id_with_retire_prior_to_lower PASSED [ 35%]
tests/test_connection.py::TestQuicConnection::test_handle_excessive_new_connection_id_retires PASSED [ 36%]
tests/test_connection.py::TestQuicConnection::test_handle_new_connection_id_with_connection_id_invalid PASSED [ 36%]
tests/test_connection.py::TestQuicConnection::test_handle_new_connection_id_with_retire_prior_to_invalid PASSED [ 36%]
tests/test_connection.py::TestQuicConnection::test_handle_new_token_frame PASSED [ 36%]
tests/test_connection.py::TestQuicConnection::test_handle_new_token_frame_from_client PASSED [ 36%]
tests/test_connection.py::TestQuicConnection::test_handle_path_challenge_frame PASSED [ 37%]
tests/test_connection.py::TestQuicConnection::test_handle_path_challenge_response_on_different_path PASSED [ 37%]
tests/test_connection.py::TestQuicConnection::test_local_path_challenges_are_bounded PASSED [ 37%]
tests/test_connection.py::TestQuicConnection::test_remote_path_challenges_are_bounded PASSED [ 37%]
tests/test_connection.py::TestQuicConnection::test_handle_path_response_frame_bad PASSED [ 37%]
tests/test_connection.py::TestQuicConnection::test_handle_padding_frame PASSED [ 37%]
tests/test_connection.py::TestQuicConnection::test_handle_reset_stream_frame PASSED [ 38%]
tests/test_connection.py::TestQuicConnection::test_handle_reset_stream_frame_final_size_error PASSED [ 38%]
tests/test_connection.py::TestQuicConnection::test_handle_reset_stream_frame_over_max_data PASSED [ 38%]
tests/test_connection.py::TestQuicConnection::test_handle_reset_stream_frame_over_max_stream_data PASSED [ 38%]
tests/test_connection.py::TestQuicConnection::test_handle_reset_stream_frame_send_only PASSED [ 38%]
tests/test_connection.py::TestQuicConnection::test_handle_reset_stream_frame_twice PASSED [ 38%]
tests/test_connection.py::TestQuicConnection::test_handle_retire_connection_id_frame PASSED [ 39%]
tests/test_connection.py::TestQuicConnection::test_handle_retire_connection_id_frame_current_cid PASSED [ 39%]
tests/test_connection.py::TestQuicConnection::test_handle_retire_connection_id_frame_invalid_sequence_number PASSED [ 39%]
tests/test_connection.py::TestQuicConnection::test_handle_stop_sending_frame PASSED [ 39%]
tests/test_connection.py::TestQuicConnection::test_handle_stop_sending_frame_receive_only PASSED [ 39%]
tests/test_connection.py::TestQuicConnection::test_handle_stream_frame_final_size_error PASSED [ 40%]
tests/test_connection.py::TestQuicConnection::test_handle_stream_frame_over_largest_offset PASSED [ 40%]
tests/test_connection.py::TestQuicConnection::test_handle_stream_frame_over_max_data PASSED [ 40%]
tests/test_connection.py::TestQuicConnection::test_handle_stream_frame_over_max_stream_data PASSED [ 40%]
tests/test_connection.py::TestQuicConnection::test_handle_stream_frame_over_max_streams PASSED [ 40%]
tests/test_connection.py::TestQuicConnection::test_handle_stream_frame_send_only PASSED [ 40%]
tests/test_connection.py::TestQuicConnection::test_handle_stream_frame_wrong_initiator PASSED [ 41%]
tests/test_connection.py::TestQuicConnection::test_handle_stream_data_blocked_frame PASSED [ 41%]
tests/test_connection.py::TestQuicConnection::test_stream_data_blocked_at_limit_bumps_max_stream_data PASSED [ 41%]
tests/test_connection.py::TestQuicConnection::test_handle_stream_data_blocked_frame_send_only PASSED [ 41%]
tests/test_connection.py::TestQuicConnection::test_handle_streams_blocked_uni_frame PASSED [ 41%]
tests/test_connection.py::TestQuicConnection::test_parse_transport_parameters PASSED [ 41%]
tests/test_connection.py::TestQuicConnection::test_parse_transport_parameters_malformed PASSED [ 42%]
tests/test_connection.py::TestQuicConnection::test_parse_transport_parameters_with_bad_ack_delay_exponent PASSED [ 42%]
tests/test_connection.py::TestQuicConnection::test_parse_transport_parameters_with_bad_active_connection_id_limit PASSED [ 42%]
tests/test_connection.py::TestQuicConnection::test_parse_transport_parameters_with_bad_max_ack_delay PASSED [ 42%]
tests/test_connection.py::TestQuicConnection::test_parse_transport_parameters_with_bad_max_udp_payload_size PASSED [ 42%]
tests/test_connection.py::TestQuicConnection::test_parse_transport_parameters_with_bad_initial_source_connection_id PASSED [ 42%]
tests/test_connection.py::TestQuicConnection::test_parse_transport_parameters_with_bad_version_information_1 PASSED [ 43%]
tests/test_connection.py::TestQuicConnection::test_parse_transport_parameters_with_bad_version_information_2 PASSED [ 43%]
tests/test_connection.py::TestQuicConnection::test_payload_received_empty PASSED [ 43%]
tests/test_connection.py::TestQuicConnection::test_payload_received_padding_only PASSED [ 43%]
tests/test_connection.py::TestQuicConnection::test_payload_received_malformed_frame_type PASSED [ 43%]
tests/test_connection.py::TestQuicConnection::test_payload_received_unknown_frame PASSED [ 44%]
tests/test_connection.py::TestQuicConnection::test_payload_received_unexpected_frame PASSED [ 44%]
tests/test_connection.py::TestQuicConnection::test_payload_received_malformed_frame PASSED [ 44%]
tests/test_connection.py::TestQuicConnection::test_send_max_data_blocked_by_cc PASSED [ 44%]
tests/test_connection.py::TestQuicConnection::test_send_max_data_retransmit PASSED [ 44%]
tests/test_connection.py::TestQuicConnection::test_send_max_stream_data_retransmit PASSED [ 44%]
tests/test_connection.py::TestQuicConnection::test_send_max_streams_retransmit PASSED [ 45%]
tests/test_connection.py::TestQuicConnection::test_send_ping PASSED      [ 45%]
tests/test_connection.py::TestQuicConnection::test_send_ping_retransmit PASSED [ 45%]
tests/test_connection.py::TestQuicConnection::test_send_reset_stream PASSED [ 45%]
tests/test_connection.py::TestQuicConnection::test_send_stop_sending PASSED [ 45%]
tests/test_connection.py::TestQuicConnection::test_send_stop_sending_uni_stream PASSED [ 45%]
tests/test_connection.py::TestQuicConnection::test_send_stop_sending_unknown_stream PASSED [ 46%]
tests/test_connection.py::TestQuicConnection::test_send_stream_data_over_max_streams_bidi PASSED [ 46%]
tests/test_connection.py::TestQuicConnection::test_send_stream_data_over_max_streams_uni PASSED [ 46%]
tests/test_connection.py::TestQuicConnection::test_send_stream_data_peer_initiated PASSED [ 46%]
tests/test_connection.py::TestQuicConnection::test_stream_direction PASSED [ 46%]
tests/test_connection.py::TestQuicConnection::test_version_negotiation_fail PASSED [ 47%]
tests/test_connection.py::TestQuicConnection::test_version_negotiation_ignore PASSED [ 47%]
tests/test_connection.py::TestQuicConnection::test_version_negotiation_ignore_server PASSED [ 47%]
tests/test_connection.py::TestQuicConnection::test_version_negotiation_ok PASSED [ 47%]
tests/test_connection.py::TestQuicConnection::test_write_connection_close_early PASSED [ 47%]
tests/test_connection.py::TestQuicConnection::test_excessive_crypto_buffering PASSED [ 47%]
tests/test_connection.py::TestMtuProbe::test_mtu_probe_success PASSED    [ 48%]
tests/test_connection.py::TestMtuProbe::test_mtu_probe_disabled PASSED   [ 48%]
tests/test_connection.py::TestMtuProbe::test_mtu_probe_lost PASSED       [ 48%]
tests/test_connection.py::TestQuicNetworkPath::test_can_send PASSED      [ 48%]
tests/test_crl.py::test_parse_crl_entries PASSED                         [ 48%]
tests/test_crypto_v1.py::TestCrypto::test_derive_key_iv_hp PASSED        [ 48%]
tests/test_crypto_v1.py::TestCrypto::test_derive_key_iv_hp_chacha20 PASSED [ 49%]
tests/test_crypto_v1.py::TestCrypto::test_decrypt_chacha20 PASSED        [ 49%]
tests/test_crypto_v1.py::TestCrypto::test_decrypt_long_client PASSED     [ 49%]
tests/test_crypto_v1.py::TestCrypto::test_decrypt_long_server PASSED     [ 49%]
tests/test_crypto_v1.py::TestCrypto::test_decrypt_no_key PASSED          [ 49%]
tests/test_crypto_v1.py::TestCrypto::test_decrypt_short_server PASSED    [ 50%]
tests/test_crypto_v1.py::TestCrypto::test_encrypt_chacha20 PASSED        [ 50%]
tests/test_crypto_v1.py::TestCrypto::test_encrypt_long_client PASSED     [ 50%]
tests/test_crypto_v1.py::TestCrypto::test_encrypt_long_server PASSED     [ 50%]
tests/test_crypto_v1.py::TestCrypto::test_encrypt_short_server PASSED    [ 50%]
tests/test_crypto_v1.py::TestCrypto::test_key_update PASSED              [ 50%]
tests/test_crypto_v1.py::TestCrypto::test_aead_init_args_validation PASSED [ 51%]
tests/test_crypto_v1.py::TestCrypto::test_hp_init_args_validation PASSED [ 51%]
tests/test_crypto_v1.py::TestCrypto::test_previous_recv_decrypts_reordered_packet PASSED [ 51%]
tests/test_crypto_v1.py::TestCrypto::test_decrypt_short_server_packet_too_short PASSED [ 51%]
tests/test_crypto_v2.py::TestCrypto::test_derive_key_iv_hp PASSED        [ 51%]
tests/test_crypto_v2.py::TestCrypto::test_derive_key_iv_hp_chacha20 PASSED [ 51%]
tests/test_crypto_v2.py::TestCrypto::test_decrypt_chacha20 PASSED        [ 52%]
tests/test_crypto_v2.py::TestCrypto::test_decrypt_long_client PASSED     [ 52%]
tests/test_crypto_v2.py::TestCrypto::test_decrypt_long_server PASSED     [ 52%]
tests/test_crypto_v2.py::TestCrypto::test_decrypt_no_key PASSED          [ 52%]
tests/test_crypto_v2.py::TestCrypto::test_decrypt_short_server PASSED    [ 52%]
tests/test_crypto_v2.py::TestCrypto::test_encrypt_chacha20 PASSED        [ 52%]
tests/test_crypto_v2.py::TestCrypto::test_encrypt_long_client PASSED     [ 53%]
tests/test_crypto_v2.py::TestCrypto::test_encrypt_long_server PASSED     [ 53%]
tests/test_crypto_v2.py::TestCrypto::test_encrypt_short_server PASSED    [ 53%]
tests/test_crypto_v2.py::TestCrypto::test_key_update PASSED              [ 53%]
tests/test_h3.py::TestH3Connection::test_handle_control_frame_headers PASSED [ 53%]
tests/test_h3.py::TestH3Connection::test_handle_control_frame_max_push_id_from_client_before_settings PASSED [ 54%]
tests/test_h3.py::TestH3Connection::test_handle_control_frame_max_push_id_from_server PASSED [ 54%]
tests/test_h3.py::TestH3Connection::test_handle_control_settings_twice PASSED [ 54%]
tests/test_h3.py::TestH3Connection::test_handle_control_stream_close PASSED [ 54%]
tests/test_h3.py::TestH3Connection::test_handle_control_stream_duplicate PASSED [ 54%]
tests/test_h3.py::TestH3Connection::test_handle_stream_reset_emits_h3_event PASSED [ 54%]
tests/test_h3.py::TestH3Connection::test_handle_stop_sending_emits_h3_event PASSED [ 55%]
tests/test_h3.py::TestH3Connection::test_handle_critical_stream_reset_closes_connection PASSED [ 55%]
tests/test_h3.py::TestH3Connection::test_handle_critical_stream_stop_sending_closes_connection PASSED [ 55%]
tests/test_h3.py::TestH3Connection::test_handle_push_frame_wrong_frame_type PASSED [ 55%]
tests/test_h3.py::TestH3Connection::test_handle_qpack_decoder_duplicate PASSED [ 55%]
tests/test_h3.py::TestH3Connection::test_handle_qpack_decoder_stream_error PASSED [ 55%]
tests/test_h3.py::TestH3Connection::test_handle_qpack_encoder_duplicate PASSED [ 56%]
tests/test_h3.py::TestH3Connection::test_handle_qpack_encoder_stream_error PASSED [ 56%]
tests/test_h3.py::TestH3Connection::test_handle_request_frame_bad_headers PASSED [ 56%]
tests/test_h3.py::TestH3Connection::test_handle_request_frame_data_before_headers PASSED [ 56%]
tests/test_h3.py::TestH3Connection::test_handle_request_frame_headers_after_trailers PASSED [ 56%]
tests/test_h3.py::TestH3Connection::test_handle_request_frame_push_promise_from_client PASSED [ 57%]
tests/test_h3.py::TestH3Connection::test_handle_request_frame_wrong_frame_type PASSED [ 57%]
tests/test_h3.py::TestH3Connection::test_request PASSED                  [ 57%]
tests/test_h3.py::TestH3Connection::test_request_headers_only PASSED     [ 57%]
tests/test_h3.py::TestH3Connection::test_request_fragmented_frame PASSED [ 57%]
tests/test_h3.py::TestH3Connection::test_request_with_server_push PASSED [ 57%]
tests/test_h3.py::TestH3Connection::test_request_with_server_push_max_push_id PASSED [ 58%]
tests/test_h3.py::TestH3Connection::test_send_data_after_trailers PASSED [ 58%]
tests/test_h3.py::TestH3Connection::test_send_data_before_headers PASSED [ 58%]
tests/test_h3.py::TestH3Connection::test_send_headers_after_trailers PASSED [ 58%]
tests/test_h3.py::TestH3Connection::test_blocked_stream PASSED           [ 58%]
tests/test_h3.py::TestH3Connection::test_blocked_stream_trailer PASSED   [ 58%]
tests/test_h3.py::TestH3Connection::test_uni_stream_grease PASSED        [ 59%]
tests/test_h3.py::TestH3Connection::test_grease_after_request_body PASSED [ 59%]
tests/test_h3.py::TestH3Connection::test_push_promise_after_response_body PASSED [ 59%]
tests/test_h3.py::TestH3Connection::test_grease_after_trailers PASSED    [ 59%]
tests/test_h3.py::TestH3Connection::test_request_with_trailers PASSED    [ 59%]
tests/test_h3.py::TestH3Connection::test_request_with_informational PASSED [ 60%]
tests/test_h3.py::TestH3Connection::test_uni_stream_type PASSED          [ 60%]
tests/test_h3.py::TestH3Connection::test_validate_settings_h3_datagram_invalid_value PASSED [ 60%]
tests/test_h3.py::TestH3Connection::test_validate_settings_h3_datagram_without_transport_parameter PASSED [ 60%]
tests/test_h3.py::TestH3Connection::test_validate_settings_h3_datagram_draft05_legacy_accepted PASSED [ 60%]
tests/test_h3.py::TestH3Connection::test_validate_settings_h3_datagram_draft05_invalid_value PASSED [ 60%]
tests/test_h3.py::TestH3Connection::test_validate_settings_enable_connect_protocol_invalid_value PASSED [ 61%]
tests/test_h3.py::TestH3Connection::test_validate_settings_enable_webtransport_invalid_value PASSED [ 61%]
tests/test_h3.py::TestH3Connection::test_validate_settings_enable_webtransport_without_h3_datagram PASSED [ 61%]
tests/test_h3.py::TestH3Connection::test_streams_are_closed_after_requests PASSED [ 61%]
tests/test_h3.py::TestH3Connection::test_streams_are_not_closed_prematurely PASSED [ 61%]
tests/test_h3.py::TestH3Connection::test_double_sending_stream_closing PASSED [ 61%]
tests/test_h3.py::TestH3Parser::test_parse_settings_duplicate_identifier PASSED [ 62%]
tests/test_h3.py::TestH3Parser::test_parse_settings_reserved_identifier PASSED [ 62%]
tests/test_h3.py::TestH3Parser::test_validate_push_promise_headers PASSED [ 62%]
tests/test_h3.py::TestH3Parser::test_validate_request_headers PASSED     [ 62%]
tests/test_h3.py::TestH3Parser::test_validate_response_headers PASSED    [ 62%]
tests/test_h3.py::TestH3Parser::test_validate_trailers PASSED            [ 62%]
tests/test_logger.py::TestQuicLogger::test_empty PASSED                  [ 63%]
tests/test_logger.py::TestQuicLogger::test_single_trace PASSED           [ 63%]
tests/test_logger.py::TestQuicFileLogger::test_invalid_path PASSED       [ 63%]
tests/test_logger.py::TestQuicFileLogger::test_single_trace PASSED       [ 63%]
tests/test_ocsp.py::test_ocsp_response_with_chain PASSED                 [ 63%]
tests/test_ocsp.py::test_ocsp_response_without_chain PASSED              [ 64%]
tests/test_packet.py::TestPacket::test_decode_packet_number PASSED       [ 64%]
tests/test_packet.py::TestPacket::test_pull_empty PASSED                 [ 64%]
tests/test_packet.py::TestPacket::test_pull_initial_client_v1 PASSED     [ 64%]
tests/test_packet.py::TestPacket::test_pull_initial_client_v1_truncated PASSED [ 64%]
tests/test_packet.py::TestPacket::test_pull_initial_client_v2 PASSED     [ 64%]
tests/test_packet.py::TestPacket::test_pull_initial_server_v1 PASSED     [ 65%]
tests/test_packet.py::TestPacket::test_pull_initial_server_v2 PASSED     [ 65%]
tests/test_packet.py::TestPacket::test_pull_retry_v1 PASSED              [ 65%]
tests/test_packet.py::TestPacket::test_pull_retry_v2 PASSED              [ 65%]
tests/test_packet.py::TestPacket::test_pull_version_negotiation PASSED   [ 65%]
tests/test_packet.py::TestPacket::test_pull_long_header_dcid_too_long PASSED [ 65%]
tests/test_packet.py::TestPacket::test_pull_long_header_scid_too_long PASSED [ 66%]
tests/test_packet.py::TestPacket::test_pull_long_header_no_fixed_bit PASSED [ 66%]
tests/test_packet.py::TestPacket::test_pull_long_header_too_short PASSED [ 66%]
tests/test_packet.py::TestPacket::test_pull_short_header PASSED          [ 66%]
tests/test_packet.py::TestPacket::test_pull_short_header_no_fixed_bit PASSED [ 66%]
tests/test_packet.py::TestParams::test_params PASSED                     [ 67%]
tests/test_packet.py::TestParams::test_params_disable_active_migration PASSED [ 67%]
tests/test_packet.py::TestParams::test_pull_rejects_duplicate_param_id PASSED [ 67%]
tests/test_packet.py::TestPrettyProtocolVersion::test_known_version PASSED [ 67%]
tests/test_packet.py::TestPrettyProtocolVersion::test_unknown_version PASSED [ 67%]
tests/test_packet.py::TestPullQuicVersionInformation::test_chosen_version_zero_raises PASSED [ 67%]
tests/test_packet.py::TestPullQuicVersionInformation::test_available_version_zero_raises PASSED [ 68%]
tests/test_packet.py::TestPullQuicVersionInformation::test_valid_version_info PASSED [ 68%]
tests/test_packet.py::TestPullQuicVersionInformation::test_params_preferred_address PASSED [ 68%]
tests/test_packet.py::TestPullQuicVersionInformation::test_params_unknown PASSED [ 68%]
tests/test_packet.py::TestPullQuicVersionInformation::test_preferred_address_ipv4_only PASSED [ 68%]
tests/test_packet.py::TestPullQuicVersionInformation::test_preferred_address_ipv6_only PASSED [ 68%]
tests/test_packet.py::TestFrame::test_ack_frame PASSED                   [ 69%]
tests/test_packet.py::TestFrame::test_ack_frame_with_one_range PASSED    [ 69%]
tests/test_packet.py::TestFrame::test_ack_frame_with_one_range_2 PASSED  [ 69%]
tests/test_packet.py::TestFrame::test_ack_frame_with_one_range_3 PASSED  [ 69%]
tests/test_packet.py::TestFrame::test_ack_frame_with_two_ranges PASSED   [ 69%]
tests/test_packet_builder.py::TestQuicPacketBuilder::test_long_header_empty PASSED [ 70%]
tests/test_packet_builder.py::TestQuicPacketBuilder::test_long_header_padding PASSED [ 70%]
tests/test_packet_builder.py::TestQuicPacketBuilder::test_long_header_initial_client_2 PASSED [ 70%]
tests/test_packet_builder.py::TestQuicPacketBuilder::test_long_header_initial_server PASSED [ 70%]
tests/test_packet_builder.py::TestQuicPacketBuilder::test_long_header_ping_only PASSED [ 70%]
tests/test_packet_builder.py::TestQuicPacketBuilder::test_long_header_then_short_header PASSED [ 70%]
tests/test_packet_builder.py::TestQuicPacketBuilder::test_long_header_initial_client_zero_rtt PASSED [ 71%]
tests/test_packet_builder.py::TestQuicPacketBuilder::test_long_header_then_long_header PASSED [ 71%]
tests/test_packet_builder.py::TestQuicPacketBuilder::test_short_header_empty PASSED [ 71%]
tests/test_packet_builder.py::TestQuicPacketBuilder::test_short_header_padding PASSED [ 71%]
tests/test_packet_builder.py::TestQuicPacketBuilder::test_short_header_max_flight_bytes PASSED [ 71%]
tests/test_packet_builder.py::TestQuicPacketBuilder::test_short_header_max_flight_bytes_zero PASSED [ 71%]
tests/test_packet_builder.py::TestQuicPacketBuilder::test_short_header_max_flight_bytes_zero_ack PASSED [ 72%]
tests/test_packet_builder.py::TestQuicPacketBuilder::test_short_header_max_total_bytes_1 PASSED [ 72%]
tests/test_packet_builder.py::TestQuicPacketBuilder::test_short_header_max_total_bytes_2 PASSED [ 72%]
tests/test_packet_builder.py::TestQuicPacketBuilder::test_short_header_max_total_bytes_3 PASSED [ 72%]
tests/test_packet_builder.py::TestQuicPacketBuilder::test_short_header_ping_only PASSED [ 72%]
tests/test_rangeset.py::TestRangeSet::test_add_single_duplicate PASSED   [ 72%]
tests/test_rangeset.py::TestRangeSet::test_add_single_ordered PASSED     [ 73%]
tests/test_rangeset.py::TestRangeSet::test_add_single_merge PASSED       [ 73%]
tests/test_rangeset.py::TestRangeSet::test_add_single_reverse PASSED     [ 73%]
tests/test_rangeset.py::TestRangeSet::test_add_range_ordered PASSED      [ 73%]
tests/test_rangeset.py::TestRangeSet::test_add_range_merge PASSED        [ 73%]
tests/test_rangeset.py::TestRangeSet::test_add_range_overlap PASSED      [ 74%]
tests/test_rangeset.py::TestRangeSet::test_add_range_overlap_2 PASSED    [ 74%]
tests/test_rangeset.py::TestRangeSet::test_add_range_reverse PASSED      [ 74%]
tests/test_rangeset.py::TestRangeSet::test_add_range_unordered_contiguous PASSED [ 74%]
tests/test_rangeset.py::TestRangeSet::test_add_range_unordered_sparse PASSED [ 74%]
tests/test_rangeset.py::TestRangeSet::test_subtract PASSED               [ 74%]
tests/test_rangeset.py::TestRangeSet::test_subtract_no_change PASSED     [ 75%]
tests/test_rangeset.py::TestRangeSet::test_subtract_overlap PASSED       [ 75%]
tests/test_rangeset.py::TestRangeSet::test_subtract_split PASSED         [ 75%]
tests/test_rangeset.py::TestRangeSet::test_contains PASSED               [ 75%]
tests/test_rangeset.py::TestRangeSet::test_eq PASSED                     [ 75%]
tests/test_rangeset.py::TestRangeSet::test_len PASSED                    [ 75%]
tests/test_rangeset.py::TestRangeSet::test_pop PASSED                    [ 76%]
tests/test_rangeset.py::TestRangeSet::test_repr PASSED                   [ 76%]
tests/test_recovery.py::TestQuicPacketPacer::test_no_measurement PASSED  [ 76%]
tests/test_recovery.py::TestQuicPacketPacer::test_with_measurement PASSED [ 76%]
tests/test_recovery.py::TestQuicPacketRecovery::test_discard_space PASSED [ 76%]
tests/test_recovery.py::TestQuicPacketRecovery::test_on_ack_received_ack_eliciting PASSED [ 77%]
tests/test_recovery.py::TestQuicPacketRecovery::test_on_ack_received_non_ack_eliciting PASSED [ 77%]
tests/test_recovery.py::TestQuicPacketRecovery::test_on_packet_lost_crypto PASSED [ 77%]
tests/test_recovery.py::TestQuicPacketRecovery::test_reschedule_data_app_uses_rescheduled_path PASSED [ 77%]
tests/test_recovery.py::TestQuicPacketRecovery::test_on_ack_received_initial_does_not_reset_pto_count PASSED [ 77%]
tests/test_recovery.py::TestQuicPacketRecovery::test_persistent_congestion_detected PASSED [ 77%]
tests/test_recovery.py::TestQuicPacketRecovery::test_reset_for_new_path_clears_rtt_state PASSED [ 78%]
tests/test_recovery.py::TestQuicPacketRecovery::test_on_persistent_congestion_collapses_state PASSED [ 78%]
tests/test_recovery.py::TestQuicPacketRecovery::test_post_collapse_loss_does_not_pin_ssthresh PASSED [ 78%]
tests/test_recovery.py::TestPmtuProbeLossDetection::test_pmtu_probe_loss_does_not_reduce_cwnd PASSED [ 78%]
tests/test_recovery.py::TestPmtuProbeLossDetection::test_pmtu_probe_loss_fires_delivery_handler PASSED [ 78%]
tests/test_recovery.py::TestPmtuProbeLossDetection::test_pmtu_probe_excluded_from_persistent_congestion PASSED [ 78%]
tests/test_recovery.py::TestPmtuProbeLossDetection::test_non_probe_loss_still_reduces_cwnd PASSED [ 79%]
tests/test_recovery.py::TestPmtuProbeLossDetection::test_pmtu_probe_does_not_arm_pto PASSED [ 79%]
tests/test_recovery.py::TestPmtuProbeLossDetection::test_regular_packet_alongside_probe_drives_pto PASSED [ 79%]
tests/test_recovery.py::TestPmtuProbeLossDetection::test_pmtu_probe_ack_does_not_underflow_counter PASSED [ 79%]
tests/test_recovery.py::TestHyStartPlusPlus::test_default_enabled PASSED [ 79%]
tests/test_recovery.py::TestHyStartPlusPlus::test_steady_rtt_keeps_slow_start_active PASSED [ 80%]
tests/test_recovery.py::TestHyStartPlusPlus::test_rtt_inflation_enters_css PASSED [ 80%]
tests/test_recovery.py::TestHyStartPlusPlus::test_css_growth_uses_divisor PASSED [ 80%]
tests/test_recovery.py::TestHyStartPlusPlus::test_css_completes_after_five_rounds_then_exits_to_ca PASSED [ 80%]
tests/test_recovery.py::TestHyStartPlusPlus::test_css_false_trigger_returns_to_slow_start PASSED [ 80%]
tests/test_recovery.py::TestHyStartPlusPlus::test_disable_falls_back_to_legacy_monitor PASSED [ 80%]
tests/test_recovery.py::TestHyStartPlusPlus::test_persistent_congestion_resets_hystart PASSED [ 81%]
tests/test_recovery.py::TestQuicRttMonitor::test_monitor PASSED          [ 81%]
tests/test_retry.py::TestQuicRetryTokenHandler::test_retry_token PASSED  [ 81%]
tests/test_stream.py::TestQuicStream::test_receiver_empty PASSED         [ 81%]
tests/test_stream.py::TestQuicStream::test_receiver_ordered PASSED       [ 81%]
tests/test_stream.py::TestQuicStream::test_receiver_unordered PASSED     [ 81%]
tests/test_stream.py::TestQuicStream::test_receiver_offset_only PASSED   [ 82%]
tests/test_stream.py::TestQuicStream::test_receiver_already_fully_consumed PASSED [ 82%]
tests/test_stream.py::TestQuicStream::test_receiver_already_partially_consumed PASSED [ 82%]
tests/test_stream.py::TestQuicStream::test_receiver_already_partially_consumed_2 PASSED [ 82%]
tests/test_stream.py::TestQuicStream::test_receiver_fin PASSED           [ 82%]
tests/test_stream.py::TestQuicStream::test_receiver_fin_out_of_order PASSED [ 82%]
tests/test_stream.py::TestQuicStream::test_receiver_fin_then_data PASSED [ 83%]
tests/test_stream.py::TestQuicStream::test_receiver_fin_twice PASSED     [ 83%]
tests/test_stream.py::TestQuicStream::test_receiver_fin_without_data PASSED [ 83%]
tests/test_stream.py::TestQuicStream::test_receiver_reset PASSED         [ 83%]
tests/test_stream.py::TestQuicStream::test_receiver_reset_after_fin PASSED [ 83%]
tests/test_stream.py::TestQuicStream::test_receiver_reset_twice PASSED   [ 84%]
tests/test_stream.py::TestQuicStream::test_receiver_reset_twice_final_size_error PASSED [ 84%]
tests/test_stream.py::TestQuicStream::test_handle_reset_shrinks_final_size PASSED [ 84%]
tests/test_stream.py::TestQuicStream::test_receiver_stop PASSED          [ 84%]
tests/test_stream.py::TestQuicStream::test_receiver_stop_lost PASSED     [ 84%]
tests/test_stream.py::TestQuicStream::test_sender_data PASSED            [ 84%]
tests/test_stream.py::TestQuicStream::test_sender_data_and_fin PASSED    [ 85%]
tests/test_stream.py::TestQuicStream::test_sender_data_and_fin_ack_out_of_order PASSED [ 85%]
tests/test_stream.py::TestQuicStream::test_sender_data_lost PASSED       [ 85%]
tests/test_stream.py::TestQuicStream::test_sender_data_lost_fin PASSED   [ 85%]
tests/test_stream.py::TestQuicStream::test_sender_blocked PASSED         [ 85%]
tests/test_stream.py::TestQuicStream::test_sender_fin_only PASSED        [ 85%]
tests/test_stream.py::TestQuicStream::test_sender_fin_only_despite_blocked PASSED [ 86%]
tests/test_stream.py::TestQuicStream::test_sender_reset PASSED           [ 86%]
tests/test_stream.py::TestQuicStream::test_sender_reset_lost PASSED      [ 86%]
tests/test_tls.py::TestBuffer::test_pull_block_truncated PASSED          [ 86%]
tests/test_tls.py::TestContext::test_client_unexpected_message PASSED    [ 86%]
tests/test_tls.py::TestContext::test_client_bad_certificate_verify_data PASSED [ 87%]
tests/test_tls.py::TestContext::test_client_bad_finished_verify_data PASSED [ 87%]
tests/test_tls.py::TestContext::test_server_unexpected_message PASSED    [ 87%]
tests/test_tls.py::TestContext::test_server_unsupported_cipher_suite PASSED [ 87%]
tests/test_tls.py::TestContext::test_server_unsupported_signature_algorithm PASSED [ 87%]
tests/test_tls.py::TestContext::test_server_unsupported_version PASSED   [ 87%]
tests/test_tls.py::TestContext::test_server_bad_finished_verify_data PASSED [ 88%]
tests/test_tls.py::TestContext::test_handshake PASSED                    [ 88%]
tests/test_tls.py::TestContext::test_handshake_with_ec_certificate PASSED [ 88%]
tests/test_tls.py::TestContext::test_handshake_with_ed25519_certificate PASSED [ 88%]
tests/test_tls.py::TestContext::test_handshake_with_alpn PASSED          [ 88%]
tests/test_tls.py::TestContext::test_handshake_with_alpn_fail PASSED     [ 88%]
tests/test_tls.py::TestContext::test_handshake_with_rsa_pkcs1_sha256_signature PASSED [ 89%]
tests/test_tls.py::TestContext::test_handshake_with_certificate_error PASSED [ 89%]
tests/test_tls.py::TestContext::test_handshake_with_certificate_no_verify PASSED [ 89%]
tests/test_tls.py::TestContext::test_handshake_with_grease_group PASSED  [ 89%]
tests/test_tls.py::TestContext::test_handshake_with_x25519 PASSED        [ 89%]
tests/test_tls.py::TestContext::test_session_ticket PASSED               [ 90%]
tests/test_tls.py::TestTls::test_pull_client_hello PASSED                [ 90%]
tests/test_tls.py::TestTls::test_pull_client_hello_with_alpn PASSED      [ 90%]
tests/test_tls.py::TestTls::test_pull_client_hello_with_psk PASSED       [ 90%]
tests/test_tls.py::TestTls::test_pull_client_hello_with_sni PASSED       [ 90%]
tests/test_tls.py::TestTls::test_push_client_hello PASSED                [ 90%]
tests/test_tls.py::TestTls::test_pull_server_hello PASSED                [ 91%]
tests/test_tls.py::TestTls::test_pull_server_hello_with_psk PASSED       [ 91%]
tests/test_tls.py::TestTls::test_pull_server_hello_with_unknown_extension PASSED [ 91%]
tests/test_tls.py::TestTls::test_push_server_hello PASSED                [ 91%]
tests/test_tls.py::TestTls::test_pull_new_session_ticket PASSED          [ 91%]
tests/test_tls.py::TestTls::test_pull_new_session_ticket_with_unknown_extension PASSED [ 91%]
tests/test_tls.py::TestTls::test_encrypted_extensions PASSED             [ 92%]
tests/test_tls.py::TestTls::test_encrypted_extensions_with_alpn PASSED   [ 92%]
tests/test_tls.py::TestTls::test_pull_encrypted_extensions_with_alpn_and_early_data PASSED [ 92%]
tests/test_tls.py::TestTls::test_pull_certificate PASSED                 [ 92%]
tests/test_tls.py::TestTls::test_pull_certificate_request PASSED         [ 92%]
tests/test_tls.py::TestTls::test_push_certificate PASSED                 [ 92%]
tests/test_tls.py::TestTls::test_pull_certificate_verify PASSED          [ 93%]
tests/test_tls.py::TestTls::test_push_certificate_verify PASSED          [ 93%]
tests/test_tls.py::TestTls::test_pull_finished PASSED                    [ 93%]
tests/test_tls.py::TestTls::test_push_finished PASSED                    [ 93%]
tests/test_tls.py::TestTls::test_parsing_ec_private_key PASSED           [ 93%]
tests/test_tls.py::TestTls::test_rebuild_chain_ecdsa PASSED              [ 94%]
tests/test_tls.py::TestTls::test_rebuild_chain_rsa PASSED                [ 94%]
tests/test_tls.py::TestHKDFExpand::test_reject_oversized_length PASSED   [ 94%]
tests/test_tls.py::TestHKDFExpand::test_info_defaults_to_empty_bytes PASSED [ 94%]
tests/test_tls.py::TestHKDFExpand::test_derive_called_twice_raises PASSED [ 94%]
tests/test_tls.py::TestNegotiate::test_negotiate_with_excl_skips_excluded PASSED [ 94%]
tests/test_tls.py::TestNegotiate::test_negotiate_with_excl_all_excluded PASSED [ 95%]
tests/test_tls.py::TestNegotiate::test_negotiate_with_excl_none_returns_first_match PASSED [ 95%]
tests/test_tls.py::TestContextProperties::test_peer_certificate_default PASSED [ 95%]
tests/test_tls.py::TestContextProperties::test_peer_certificate_chain_default PASSED [ 95%]
tests/test_tls.py::TestContextProperties::test_ech_retry_configs_default PASSED [ 95%]
tests/test_tls.py::TestVerifyCertificate::test_chain_defaults_to_empty_list PASSED [ 95%]
tests/test_tls.py::TestVerifyCertificate::test_raises_on_empty_ca_store PASSED [ 96%]
tests/test_tls.py::TestVerifyCertificate::test_raises_on_missing_server_name PASSED [ 96%]
tests/test_tls.py::TestVerifyCertificate::test_assert_server_name_false_suppresses_invalid_name PASSED [ 96%]
tests/test_tls.py::TestPullCertificateRequestUnknownExtension::test_unknown_extension_stored PASSED [ 96%]
tests/test_tls.py::TestSelectEchConfig::test_returns_none_for_empty_list PASSED [ 96%]
tests/test_tls.py::TestSelectEchConfig::test_skips_wrong_version PASSED  [ 97%]
tests/test_tls.py::TestSelectEchConfig::test_skips_unsupported_kem PASSED [ 97%]
tests/test_tls.py::TestSelectEchConfig::test_skips_mandatory_extension PASSED [ 97%]
tests/test_tls.py::TestSelectEchConfig::test_skips_malformed_extension PASSED [ 97%]
tests/test_tls.py::TestSelectEchConfig::test_skips_non_mandatory_extension_ok PASSED [ 97%]
tests/test_tls.py::TestSelectEchConfig::test_no_supported_cipher_suite PASSED [ 97%]
tests/test_tls.py::TestSelectEchConfig::test_selects_first_usable PASSED [ 98%]
tests/test_tls.py::TestParseEchConfigList::test_unknown_version_skipped PASSED [ 98%]
tests/test_tls.py::TestParseEchConfigList::test_mixed_known_and_unknown_versions PASSED [ 98%]
tests/test_tls.py::TestHandshakeWithP384P521::test_handshake_with_p384_certificate PASSED [ 98%]
tests/test_tls.py::TestHandshakeWithP384P521::test_handshake_with_p521_certificate PASSED [ 98%]
tests/test_webtransport.py::TestWebTransport::test_bidirectional_stream PASSED [ 98%]
tests/test_webtransport.py::TestWebTransport::test_bidirectional_stream_fragmented_frame PASSED [ 99%]
tests/test_webtransport.py::TestWebTransport::test_bidirectional_stream_server_initiated PASSED [ 99%]
tests/test_webtransport.py::TestWebTransport::test_unidirectional_stream PASSED [ 99%]
tests/test_webtransport.py::TestWebTransport::test_unidirectional_stream_fragmented_frame PASSED [ 99%]
tests/test_webtransport.py::TestWebTransport::test_datagram PASSED       [ 99%]
tests/test_webtransport.py::TestWebTransport::test_handle_datagram_truncated PASSED [100%]

=============================== warnings summary ===============================
tests/test_asyncio.py::TestHighLevel::test_stop_sending_feeds_eof
  /usr/lib/python3.14/asyncio/streams.py:410: ResourceWarning: unclosed <StreamWriter transport=<qh3.asyncio.protocol.QuicStreamAdapter object at 0x7fc53ff24c20> reader=<StreamReader eof>>
    warnings.warn(f"unclosed {self!r}", ResourceWarning)

-- Docs: https://docs.pytest.org/en/stable/how-to/capture-warnings.html
============================= slowest 10 durations =============================
5.00s call     tests/test_asyncio.py::TestHighLevel::test_connect_timeout
5.00s call     tests/test_asyncio.py::TestHighLevel::test_connect_timeout_no_wait_connected
4.09s call     tests/test_asyncio.py::TestHighLevel::test_connect_and_serve_with_retry_bad_token
0.35s call     tests/test_asyncio.py::TestHighLevelFallbackTransport::test_connect_and_serve_large
0.29s call     tests/test_asyncio.py::TestHighLevelFallbackTransport::test_connect_and_serve_with_retry
0.29s call     tests/test_asyncio.py::TestHighLevel::test_connect_and_serve_large
0.23s call     tests/test_asyncio.py::TestHighLevelFallbackTransport::test_connect_and_serve_with_session_ticket
0.22s call     tests/test_asyncio.py::TestHighLevel::test_connect_and_serve_with_session_ticket
0.20s call     tests/test_asyncio.py::TestHighLevel::test_connect_and_serve_with_retry
0.19s call     tests/test_asyncio.py::TestHighLevel::test_connect_and_serve_with_retry_bad_original_destination_connection_id
================ 570 passed, 2 deselected, 1 warning in 22.10s =================
