cd src/ && ( test -e Makefile || /usr/bin/qmake6 -o Makefile /build/pythonqt/src/pythonqt-4.1.0/src/src.pro PYTHON_VERSION=3.14 'QMAKE_CFLAGS=-march=x86-64 -mtune=generic -O2 -pipe -fno-plt -fexceptions         -Wp,-D_FORTIFY_SOURCE=3 -Wformat -Werror=format-security         -fstack-clash-protection -fcf-protection         -fno-omit-frame-pointer -mno-omit-leaf-frame-pointer -g -ffile-prefix-map=/build/pythonqt/src=/usr/src/debug/pythonqt -flto=auto -w' 'QMAKE_CXXFLAGS=-march=x86-64 -mtune=generic -O2 -pipe -fno-plt -fexceptions         -Wp,-D_FORTIFY_SOURCE=3 -Wformat -Werror=format-security         -fstack-clash-protection -fcf-protection         -fno-omit-frame-pointer -mno-omit-leaf-frame-pointer -Wp,-D_GLIBCXX_ASSERTIONS -g -ffile-prefix-map=/build/pythonqt/src=/usr/src/debug/pythonqt -flto=auto -w' CONFIG+=release ) && make -f Makefile install
cd generator/ && ( test -e Makefile || /usr/bin/qmake6 -o Makefile /build/pythonqt/src/pythonqt-4.1.0/generator/generator.pro PYTHON_VERSION=3.14 'QMAKE_CFLAGS=-march=x86-64 -mtune=generic -O2 -pipe -fno-plt -fexceptions         -Wp,-D_FORTIFY_SOURCE=3 -Wformat -Werror=format-security         -fstack-clash-protection -fcf-protection         -fno-omit-frame-pointer -mno-omit-leaf-frame-pointer -g -ffile-prefix-map=/build/pythonqt/src=/usr/src/debug/pythonqt -flto=auto -w' 'QMAKE_CXXFLAGS=-march=x86-64 -mtune=generic -O2 -pipe -fno-plt -fexceptions         -Wp,-D_FORTIFY_SOURCE=3 -Wformat -Werror=format-security         -fstack-clash-protection -fcf-protection         -fno-omit-frame-pointer -mno-omit-leaf-frame-pointer -Wp,-D_GLIBCXX_ASSERTIONS -g -ffile-prefix-map=/build/pythonqt/src=/usr/src/debug/pythonqt -flto=auto -w' CONFIG+=release ) && make -f Makefile install
make[1]: Entering directory '/build/pythonqt/src/pythonqt-4.1.0/generator'
make[1]: Nothing to be done for 'install'.
make[1]: Leaving directory '/build/pythonqt/src/pythonqt-4.1.0/generator'
make[1]: Entering directory '/build/pythonqt/src/pythonqt-4.1.0/src'
/usr/bin/qmake6 -install qinstall -exe ../lib/libPythonQt-Qt6-Python3.14.so.3.2.0 /build/pythonqt/pkg/pythonqt/usr/lib/libPythonQt-Qt6-Python3.14.so.3.2.0
/usr/bin/qmake6 -install qinstall /build/pythonqt/src/pythonqt-4.1.0/src/PythonQt.h /build/pythonqt/pkg/pythonqt/usr/include/PythonQt.h
/usr/bin/qmake6 -install qinstall /build/pythonqt/src/pythonqt-4.1.0/src/PythonQtStdDecorators.h /build/pythonqt/pkg/pythonqt/usr/include/PythonQtStdDecorators.h
/usr/bin/qmake6 -install qinstall /build/pythonqt/src/pythonqt-4.1.0/src/PythonQtClassInfo.h /build/pythonqt/pkg/pythonqt/usr/include/PythonQtClassInfo.h
/usr/bin/qmake6 -install qinstall /build/pythonqt/src/pythonqt-4.1.0/src/PythonQtImporter.h /build/pythonqt/pkg/pythonqt/usr/include/PythonQtImporter.h
/usr/bin/qmake6 -install qinstall /build/pythonqt/src/pythonqt-4.1.0/src/PythonQtObjectPtr.h /build/pythonqt/pkg/pythonqt/usr/include/PythonQtObjectPtr.h
ln -f -s libPythonQt-Qt6-Python3.14.so.3.2.0 /build/pythonqt/pkg/pythonqt/usr/lib/libPythonQt-Qt6-Python3.14.so
ln -f -s libPythonQt-Qt6-Python3.14.so.3.2.0 /build/pythonqt/pkg/pythonqt/usr/lib/libPythonQt-Qt6-Python3.14.so.3
ln -f -s libPythonQt-Qt6-Python3.14.so.3.2.0 /build/pythonqt/pkg/pythonqt/usr/lib/libPythonQt-Qt6-Python3.14.so.3.2
install -m 644 -p ../lib/PythonQt-Qt6-Python3.pc /build/pythonqt/pkg/pythonqt/usr/lib/PythonQt-Qt6-Python3.pc
/usr/bin/qmake6 -install qinstall /build/pythonqt/src/pythonqt-4.1.0/src/PythonQtProperty.h /build/pythonqt/pkg/pythonqt/usr/include/PythonQtProperty.h
/usr/bin/qmake6 -install qinstall /build/pythonqt/src/pythonqt-4.1.0/src/PythonQtSignal.h /build/pythonqt/pkg/pythonqt/usr/include/PythonQtSignal.h
/usr/bin/qmake6 -install qinstall /build/pythonqt/src/pythonqt-4.1.0/src/PythonQtSlot.h /build/pythonqt/pkg/pythonqt/usr/include/PythonQtSlot.h
/usr/bin/qmake6 -install qinstall /build/pythonqt/src/pythonqt-4.1.0/src/PythonQtSlotDecorator.h /build/pythonqt/pkg/pythonqt/usr/include/PythonQtSlotDecorator.h
/usr/bin/qmake6 -install qinstall /build/pythonqt/src/pythonqt-4.1.0/src/PythonQtStdIn.h /build/pythonqt/pkg/pythonqt/usr/include/PythonQtStdIn.h
/usr/bin/qmake6 -install qinstall /build/pythonqt/src/pythonqt-4.1.0/src/PythonQtStdOut.h /build/pythonqt/pkg/pythonqt/usr/include/PythonQtStdOut.h
/usr/bin/qmake6 -install qinstall /build/pythonqt/src/pythonqt-4.1.0/src/PythonQtMisc.h /build/pythonqt/pkg/pythonqt/usr/include/PythonQtMisc.h
/usr/bin/qmake6 -install qinstall /build/pythonqt/src/pythonqt-4.1.0/src/PythonQtMethodInfo.h /build/pythonqt/pkg/pythonqt/usr/include/PythonQtMethodInfo.h
/usr/bin/qmake6 -install qinstall /build/pythonqt/src/pythonqt-4.1.0/src/PythonQtImportFileInterface.h /build/pythonqt/pkg/pythonqt/usr/include/PythonQtImportFileInterface.h
/usr/bin/qmake6 -install qinstall /build/pythonqt/src/pythonqt-4.1.0/src/PythonQtConversion.h /build/pythonqt/pkg/pythonqt/usr/include/PythonQtConversion.h
/usr/bin/qmake6 -install qinstall /build/pythonqt/src/pythonqt-4.1.0/src/PythonQtSignalReceiver.h /build/pythonqt/pkg/pythonqt/usr/include/PythonQtSignalReceiver.h
/usr/bin/qmake6 -install qinstall /build/pythonqt/src/pythonqt-4.1.0/src/PythonQtInstanceWrapper.h /build/pythonqt/pkg/pythonqt/usr/include/PythonQtInstanceWrapper.h
/usr/bin/qmake6 -install qinstall /build/pythonqt/src/pythonqt-4.1.0/src/PythonQtClassWrapper.h /build/pythonqt/pkg/pythonqt/usr/include/PythonQtClassWrapper.h
/usr/bin/qmake6 -install qinstall /build/pythonqt/src/pythonqt-4.1.0/src/PythonQtCppWrapperFactory.h /build/pythonqt/pkg/pythonqt/usr/include/PythonQtCppWrapperFactory.h
/usr/bin/qmake6 -install qinstall /build/pythonqt/src/pythonqt-4.1.0/src/PythonQtQFileImporter.h /build/pythonqt/pkg/pythonqt/usr/include/PythonQtQFileImporter.h
/usr/bin/qmake6 -install qinstall /build/pythonqt/src/pythonqt-4.1.0/src/PythonQtQFileImporter.h /build/pythonqt/pkg/pythonqt/usr/include/PythonQtQFileImporter.h
/usr/bin/qmake6 -install qinstall /build/pythonqt/src/pythonqt-4.1.0/src/PythonQtVariants.h /build/pythonqt/pkg/pythonqt/usr/include/PythonQtVariants.h
/usr/bin/qmake6 -install qinstall /build/pythonqt/src/pythonqt-4.1.0/src/gui/PythonQtScriptingConsole.h /build/pythonqt/pkg/pythonqt/usr/include/PythonQtScriptingConsole.h
/usr/bin/qmake6 -install qinstall /build/pythonqt/src/pythonqt-4.1.0/src/PythonQtSystem.h /build/pythonqt/pkg/pythonqt/usr/include/PythonQtSystem.h
/usr/bin/qmake6 -install qinstall /build/pythonqt/src/pythonqt-4.1.0/src/PythonQtUtils.h /build/pythonqt/pkg/pythonqt/usr/include/PythonQtUtils.h
/usr/bin/qmake6 -install qinstall /build/pythonqt/src/pythonqt-4.1.0/src/PythonQtBoolResult.h /build/pythonqt/pkg/pythonqt/usr/include/PythonQtBoolResult.h
/usr/bin/qmake6 -install qinstall /build/pythonqt/src/pythonqt-4.1.0/src/PythonQtThreadSupport.h /build/pythonqt/pkg/pythonqt/usr/include/PythonQtThreadSupport.h
/usr/bin/qmake6 -install qinstall /build/pythonqt/src/pythonqt-4.1.0/generated_cpp/com_trolltech_qt_core_builtin/com_trolltech_qt_core_builtin0.h /build/pythonqt/pkg/pythonqt/usr/include/com_trolltech_qt_core_builtin0.h
/usr/bin/qmake6 -install qinstall /build/pythonqt/src/pythonqt-4.1.0/generated_cpp/com_trolltech_qt_gui_builtin/com_trolltech_qt_gui_builtin0.h /build/pythonqt/pkg/pythonqt/usr/include/com_trolltech_qt_gui_builtin0.h
/usr/bin/qmake6 -install qinstall /build/pythonqt/src/pythonqt-4.1.0/src/PythonQtPythonInclude.h /build/pythonqt/pkg/pythonqt/usr/include/PythonQtPythonInclude.h
make[1]: Leaving directory '/build/pythonqt/src/pythonqt-4.1.0/src'
cd extensions/ && ( test -e Makefile || /usr/bin/qmake6 -o Makefile /build/pythonqt/src/pythonqt-4.1.0/extensions/extensions.pro PYTHON_VERSION=3.14 'QMAKE_CFLAGS=-march=x86-64 -mtune=generic -O2 -pipe -fno-plt -fexceptions         -Wp,-D_FORTIFY_SOURCE=3 -Wformat -Werror=format-security         -fstack-clash-protection -fcf-protection         -fno-omit-frame-pointer -mno-omit-leaf-frame-pointer -g -ffile-prefix-map=/build/pythonqt/src=/usr/src/debug/pythonqt -flto=auto -w' 'QMAKE_CXXFLAGS=-march=x86-64 -mtune=generic -O2 -pipe -fno-plt -fexceptions         -Wp,-D_FORTIFY_SOURCE=3 -Wformat -Werror=format-security         -fstack-clash-protection -fcf-protection         -fno-omit-frame-pointer -mno-omit-leaf-frame-pointer -Wp,-D_GLIBCXX_ASSERTIONS -g -ffile-prefix-map=/build/pythonqt/src=/usr/src/debug/pythonqt -flto=auto -w' CONFIG+=release ) && make -f Makefile install
make[1]: Entering directory '/build/pythonqt/src/pythonqt-4.1.0/extensions'
cd PythonQt_QtAll/ && ( test -e Makefile || /usr/bin/qmake6 -o Makefile /build/pythonqt/src/pythonqt-4.1.0/extensions/PythonQt_QtAll/PythonQt_QtAll.pro PYTHON_VERSION=3.14 'QMAKE_CFLAGS=-march=x86-64 -mtune=generic -O2 -pipe -fno-plt -fexceptions         -Wp,-D_FORTIFY_SOURCE=3 -Wformat -Werror=format-security         -fstack-clash-protection -fcf-protection         -fno-omit-frame-pointer -mno-omit-leaf-frame-pointer -g -ffile-prefix-map=/build/pythonqt/src=/usr/src/debug/pythonqt -flto=auto -w' 'QMAKE_CXXFLAGS=-march=x86-64 -mtune=generic -O2 -pipe -fno-plt -fexceptions         -Wp,-D_FORTIFY_SOURCE=3 -Wformat -Werror=format-security         -fstack-clash-protection -fcf-protection         -fno-omit-frame-pointer -mno-omit-leaf-frame-pointer -Wp,-D_GLIBCXX_ASSERTIONS -g -ffile-prefix-map=/build/pythonqt/src=/usr/src/debug/pythonqt -flto=auto -w' CONFIG+=release ) && make -f Makefile install
make[2]: Entering directory '/build/pythonqt/src/pythonqt-4.1.0/extensions/PythonQt_QtAll'
/usr/bin/qmake6 -install qinstall -exe ../../lib/libPythonQt_QtAll-Qt6-Python3.14.so.3.2.0 /build/pythonqt/pkg/pythonqt/usr/lib/libPythonQt_QtAll-Qt6-Python3.14.so.3.2.0
/usr/bin/qmake6 -install qinstall /build/pythonqt/src/pythonqt-4.1.0/extensions/PythonQt_QtAll/PythonQt_QtAll.h /build/pythonqt/pkg/pythonqt/usr/include/PythonQt_QtAll.h
ln -f -s libPythonQt_QtAll-Qt6-Python3.14.so.3.2.0 /build/pythonqt/pkg/pythonqt/usr/lib/libPythonQt_QtAll-Qt6-Python3.14.so
ln -f -s libPythonQt_QtAll-Qt6-Python3.14.so.3.2.0 /build/pythonqt/pkg/pythonqt/usr/lib/libPythonQt_QtAll-Qt6-Python3.14.so.3
ln -f -s libPythonQt_QtAll-Qt6-Python3.14.so.3.2.0 /build/pythonqt/pkg/pythonqt/usr/lib/libPythonQt_QtAll-Qt6-Python3.14.so.3.2
install -m 644 -p ../../lib/PythonQt_QtAll-Qt6-Python3.pc /build/pythonqt/pkg/pythonqt/usr/lib/PythonQt_QtAll-Qt6-Python3.pc
make[2]: Leaving directory '/build/pythonqt/src/pythonqt-4.1.0/extensions/PythonQt_QtAll'
make[1]: Leaving directory '/build/pythonqt/src/pythonqt-4.1.0/extensions'
cd tests/ && ( test -e Makefile || /usr/bin/qmake6 -o Makefile /build/pythonqt/src/pythonqt-4.1.0/tests/tests.pro PYTHON_VERSION=3.14 'QMAKE_CFLAGS=-march=x86-64 -mtune=generic -O2 -pipe -fno-plt -fexceptions         -Wp,-D_FORTIFY_SOURCE=3 -Wformat -Werror=format-security         -fstack-clash-protection -fcf-protection         -fno-omit-frame-pointer -mno-omit-leaf-frame-pointer -g -ffile-prefix-map=/build/pythonqt/src=/usr/src/debug/pythonqt -flto=auto -w' 'QMAKE_CXXFLAGS=-march=x86-64 -mtune=generic -O2 -pipe -fno-plt -fexceptions         -Wp,-D_FORTIFY_SOURCE=3 -Wformat -Werror=format-security         -fstack-clash-protection -fcf-protection         -fno-omit-frame-pointer -mno-omit-leaf-frame-pointer -Wp,-D_GLIBCXX_ASSERTIONS -g -ffile-prefix-map=/build/pythonqt/src=/usr/src/debug/pythonqt -flto=auto -w' CONFIG+=release ) && make -f Makefile install
cd examples/ && ( test -e Makefile || /usr/bin/qmake6 -o Makefile /build/pythonqt/src/pythonqt-4.1.0/examples/examples.pro PYTHON_VERSION=3.14 'QMAKE_CFLAGS=-march=x86-64 -mtune=generic -O2 -pipe -fno-plt -fexceptions         -Wp,-D_FORTIFY_SOURCE=3 -Wformat -Werror=format-security         -fstack-clash-protection -fcf-protection         -fno-omit-frame-pointer -mno-omit-leaf-frame-pointer -g -ffile-prefix-map=/build/pythonqt/src=/usr/src/debug/pythonqt -flto=auto -w' 'QMAKE_CXXFLAGS=-march=x86-64 -mtune=generic -O2 -pipe -fno-plt -fexceptions         -Wp,-D_FORTIFY_SOURCE=3 -Wformat -Werror=format-security         -fstack-clash-protection -fcf-protection         -fno-omit-frame-pointer -mno-omit-leaf-frame-pointer -Wp,-D_GLIBCXX_ASSERTIONS -g -ffile-prefix-map=/build/pythonqt/src=/usr/src/debug/pythonqt -flto=auto -w' CONFIG+=release ) && make -f Makefile install
make[1]: Entering directory '/build/pythonqt/src/pythonqt-4.1.0/examples'
make[1]: Entering directory '/build/pythonqt/src/pythonqt-4.1.0/tests'
make[1]: Nothing to be done for 'install'.
make[1]: Leaving directory '/build/pythonqt/src/pythonqt-4.1.0/tests'
cd CPPPyWrapperExample/ && ( test -e Makefile || /usr/bin/qmake6 -o Makefile /build/pythonqt/src/pythonqt-4.1.0/examples/CPPPyWrapperExample/CPPPyWrapperExample.pro PYTHON_VERSION=3.14 'QMAKE_CFLAGS=-march=x86-64 -mtune=generic -O2 -pipe -fno-plt -fexceptions         -Wp,-D_FORTIFY_SOURCE=3 -Wformat -Werror=format-security         -fstack-clash-protection -fcf-protection         -fno-omit-frame-pointer -mno-omit-leaf-frame-pointer -g -ffile-prefix-map=/build/pythonqt/src=/usr/src/debug/pythonqt -flto=auto -w' 'QMAKE_CXXFLAGS=-march=x86-64 -mtune=generic -O2 -pipe -fno-plt -fexceptions         -Wp,-D_FORTIFY_SOURCE=3 -Wformat -Werror=format-security         -fstack-clash-protection -fcf-protection         -fno-omit-frame-pointer -mno-omit-leaf-frame-pointer -Wp,-D_GLIBCXX_ASSERTIONS -g -ffile-prefix-map=/build/pythonqt/src=/usr/src/debug/pythonqt -flto=auto -w' CONFIG+=release ) && make -f Makefile install
cd PyCPPWrapperExample/ && ( test -e Makefile || /usr/bin/qmake6 -o Makefile /build/pythonqt/src/pythonqt-4.1.0/examples/PyCPPWrapperExample/PyCPPWrapperExample.pro PYTHON_VERSION=3.14 'QMAKE_CFLAGS=-march=x86-64 -mtune=generic -O2 -pipe -fno-plt -fexceptions         -Wp,-D_FORTIFY_SOURCE=3 -Wformat -Werror=format-security         -fstack-clash-protection -fcf-protection         -fno-omit-frame-pointer -mno-omit-leaf-frame-pointer -g -ffile-prefix-map=/build/pythonqt/src=/usr/src/debug/pythonqt -flto=auto -w' 'QMAKE_CXXFLAGS=-march=x86-64 -mtune=generic -O2 -pipe -fno-plt -fexceptions         -Wp,-D_FORTIFY_SOURCE=3 -Wformat -Werror=format-security         -fstack-clash-protection -fcf-protection         -fno-omit-frame-pointer -mno-omit-leaf-frame-pointer -Wp,-D_GLIBCXX_ASSERTIONS -g -ffile-prefix-map=/build/pythonqt/src=/usr/src/debug/pythonqt -flto=auto -w' CONFIG+=release ) && make -f Makefile install
cd PyGettingStarted/ && ( test -e Makefile || /usr/bin/qmake6 -o Makefile /build/pythonqt/src/pythonqt-4.1.0/examples/PyGettingStarted/PyGettingStarted.pro PYTHON_VERSION=3.14 'QMAKE_CFLAGS=-march=x86-64 -mtune=generic -O2 -pipe -fno-plt -fexceptions         -Wp,-D_FORTIFY_SOURCE=3 -Wformat -Werror=format-security         -fstack-clash-protection -fcf-protection         -fno-omit-frame-pointer -mno-omit-leaf-frame-pointer -g -ffile-prefix-map=/build/pythonqt/src=/usr/src/debug/pythonqt -flto=auto -w' 'QMAKE_CXXFLAGS=-march=x86-64 -mtune=generic -O2 -pipe -fno-plt -fexceptions         -Wp,-D_FORTIFY_SOURCE=3 -Wformat -Werror=format-security         -fstack-clash-protection -fcf-protection         -fno-omit-frame-pointer -mno-omit-leaf-frame-pointer -Wp,-D_GLIBCXX_ASSERTIONS -g -ffile-prefix-map=/build/pythonqt/src=/usr/src/debug/pythonqt -flto=auto -w' CONFIG+=release ) && make -f Makefile install
cd PyCustomMetaTypeExample/ && ( test -e Makefile || /usr/bin/qmake6 -o Makefile /build/pythonqt/src/pythonqt-4.1.0/examples/PyCustomMetaTypeExample/PyCustomMetaTypeExample.pro PYTHON_VERSION=3.14 'QMAKE_CFLAGS=-march=x86-64 -mtune=generic -O2 -pipe -fno-plt -fexceptions         -Wp,-D_FORTIFY_SOURCE=3 -Wformat -Werror=format-security         -fstack-clash-protection -fcf-protection         -fno-omit-frame-pointer -mno-omit-leaf-frame-pointer -g -ffile-prefix-map=/build/pythonqt/src=/usr/src/debug/pythonqt -flto=auto -w' 'QMAKE_CXXFLAGS=-march=x86-64 -mtune=generic -O2 -pipe -fno-plt -fexceptions         -Wp,-D_FORTIFY_SOURCE=3 -Wformat -Werror=format-security         -fstack-clash-protection -fcf-protection         -fno-omit-frame-pointer -mno-omit-leaf-frame-pointer -Wp,-D_GLIBCXX_ASSERTIONS -g -ffile-prefix-map=/build/pythonqt/src=/usr/src/debug/pythonqt -flto=auto -w' CONFIG+=release ) && make -f Makefile install
cd PyDecoratorsExample/ && ( test -e Makefile || /usr/bin/qmake6 -o Makefile /build/pythonqt/src/pythonqt-4.1.0/examples/PyDecoratorsExample/PyDecoratorsExample.pro PYTHON_VERSION=3.14 'QMAKE_CFLAGS=-march=x86-64 -mtune=generic -O2 -pipe -fno-plt -fexceptions         -Wp,-D_FORTIFY_SOURCE=3 -Wformat -Werror=format-security         -fstack-clash-protection -fcf-protection         -fno-omit-frame-pointer -mno-omit-leaf-frame-pointer -g -ffile-prefix-map=/build/pythonqt/src=/usr/src/debug/pythonqt -flto=auto -w' 'QMAKE_CXXFLAGS=-march=x86-64 -mtune=generic -O2 -pipe -fno-plt -fexceptions         -Wp,-D_FORTIFY_SOURCE=3 -Wformat -Werror=format-security         -fstack-clash-protection -fcf-protection         -fno-omit-frame-pointer -mno-omit-leaf-frame-pointer -Wp,-D_GLIBCXX_ASSERTIONS -g -ffile-prefix-map=/build/pythonqt/src=/usr/src/debug/pythonqt -flto=auto -w' CONFIG+=release ) && make -f Makefile install
cd PyGuiExample/ && ( test -e Makefile || /usr/bin/qmake6 -o Makefile /build/pythonqt/src/pythonqt-4.1.0/examples/PyGuiExample/PyGuiExample.pro PYTHON_VERSION=3.14 'QMAKE_CFLAGS=-march=x86-64 -mtune=generic -O2 -pipe -fno-plt -fexceptions         -Wp,-D_FORTIFY_SOURCE=3 -Wformat -Werror=format-security         -fstack-clash-protection -fcf-protection         -fno-omit-frame-pointer -mno-omit-leaf-frame-pointer -g -ffile-prefix-map=/build/pythonqt/src=/usr/src/debug/pythonqt -flto=auto -w' 'QMAKE_CXXFLAGS=-march=x86-64 -mtune=generic -O2 -pipe -fno-plt -fexceptions         -Wp,-D_FORTIFY_SOURCE=3 -Wformat -Werror=format-security         -fstack-clash-protection -fcf-protection         -fno-omit-frame-pointer -mno-omit-leaf-frame-pointer -Wp,-D_GLIBCXX_ASSERTIONS -g -ffile-prefix-map=/build/pythonqt/src=/usr/src/debug/pythonqt -flto=auto -w' CONFIG+=release ) && make -f Makefile install
cd PyScriptingConsole/ && ( test -e Makefile || /usr/bin/qmake6 -o Makefile /build/pythonqt/src/pythonqt-4.1.0/examples/PyScriptingConsole/PyScriptingConsole.pro PYTHON_VERSION=3.14 'QMAKE_CFLAGS=-march=x86-64 -mtune=generic -O2 -pipe -fno-plt -fexceptions         -Wp,-D_FORTIFY_SOURCE=3 -Wformat -Werror=format-security         -fstack-clash-protection -fcf-protection         -fno-omit-frame-pointer -mno-omit-leaf-frame-pointer -g -ffile-prefix-map=/build/pythonqt/src=/usr/src/debug/pythonqt -flto=auto -w' 'QMAKE_CXXFLAGS=-march=x86-64 -mtune=generic -O2 -pipe -fno-plt -fexceptions         -Wp,-D_FORTIFY_SOURCE=3 -Wformat -Werror=format-security         -fstack-clash-protection -fcf-protection         -fno-omit-frame-pointer -mno-omit-leaf-frame-pointer -Wp,-D_GLIBCXX_ASSERTIONS -g -ffile-prefix-map=/build/pythonqt/src=/usr/src/debug/pythonqt -flto=auto -w' CONFIG+=release ) && make -f Makefile install
cd PyLauncher/ && ( test -e Makefile || /usr/bin/qmake6 -o Makefile /build/pythonqt/src/pythonqt-4.1.0/examples/PyLauncher/PyLauncher.pro PYTHON_VERSION=3.14 'QMAKE_CFLAGS=-march=x86-64 -mtune=generic -O2 -pipe -fno-plt -fexceptions         -Wp,-D_FORTIFY_SOURCE=3 -Wformat -Werror=format-security         -fstack-clash-protection -fcf-protection         -fno-omit-frame-pointer -mno-omit-leaf-frame-pointer -g -ffile-prefix-map=/build/pythonqt/src=/usr/src/debug/pythonqt -flto=auto -w' 'QMAKE_CXXFLAGS=-march=x86-64 -mtune=generic -O2 -pipe -fno-plt -fexceptions         -Wp,-D_FORTIFY_SOURCE=3 -Wformat -Werror=format-security         -fstack-clash-protection -fcf-protection         -fno-omit-frame-pointer -mno-omit-leaf-frame-pointer -Wp,-D_GLIBCXX_ASSERTIONS -g -ffile-prefix-map=/build/pythonqt/src=/usr/src/debug/pythonqt -flto=auto -w' CONFIG+=release ) && make -f Makefile install
make[2]: Entering directory '/build/pythonqt/src/pythonqt-4.1.0/examples/CPPPyWrapperExample'
make[2]: Nothing to be done for 'install'.
make[2]: Leaving directory '/build/pythonqt/src/pythonqt-4.1.0/examples/CPPPyWrapperExample'
make[2]: Entering directory '/build/pythonqt/src/pythonqt-4.1.0/examples/PyGettingStarted'
make[2]: Nothing to be done for 'install'.
make[2]: Leaving directory '/build/pythonqt/src/pythonqt-4.1.0/examples/PyGettingStarted'
make[2]: Entering directory '/build/pythonqt/src/pythonqt-4.1.0/examples/PyCPPWrapperExample'
make[2]: Nothing to be done for 'install'.
make[2]: Leaving directory '/build/pythonqt/src/pythonqt-4.1.0/examples/PyCPPWrapperExample'
make[2]: Entering directory '/build/pythonqt/src/pythonqt-4.1.0/examples/PyCustomMetaTypeExample'
make[2]: Nothing to be done for 'install'.
make[2]: Leaving directory '/build/pythonqt/src/pythonqt-4.1.0/examples/PyCustomMetaTypeExample'
make[2]: Entering directory '/build/pythonqt/src/pythonqt-4.1.0/examples/PyGuiExample'
make[2]: Nothing to be done for 'install'.
make[2]: Leaving directory '/build/pythonqt/src/pythonqt-4.1.0/examples/PyGuiExample'
make[2]: Entering directory '/build/pythonqt/src/pythonqt-4.1.0/examples/PyLauncher'
make[2]: Nothing to be done for 'install'.
make[2]: Leaving directory '/build/pythonqt/src/pythonqt-4.1.0/examples/PyLauncher'
make[2]: Entering directory '/build/pythonqt/src/pythonqt-4.1.0/examples/PyDecoratorsExample'
make[2]: Nothing to be done for 'install'.
make[2]: Leaving directory '/build/pythonqt/src/pythonqt-4.1.0/examples/PyDecoratorsExample'
make[2]: Entering directory '/build/pythonqt/src/pythonqt-4.1.0/examples/PyScriptingConsole'
make[2]: Nothing to be done for 'install'.
make[2]: Leaving directory '/build/pythonqt/src/pythonqt-4.1.0/examples/PyScriptingConsole'
make[1]: Leaving directory '/build/pythonqt/src/pythonqt-4.1.0/examples'
