* Getting build dependencies for wheel...
* Building wheel...
running bdist_wheel
running build
running build_py
creating build/lib.linux-x86_64-cpython-314/whenever
copying pysrc/whenever/_utils.py -> build/lib.linux-x86_64-cpython-314/whenever
copying pysrc/whenever/__init__.py -> build/lib.linux-x86_64-cpython-314/whenever
copying pysrc/whenever/_core.py -> build/lib.linux-x86_64-cpython-314/whenever
copying pysrc/whenever/_parse.py -> build/lib.linux-x86_64-cpython-314/whenever
copying pysrc/whenever/_typing.py -> build/lib.linux-x86_64-cpython-314/whenever
copying pysrc/whenever/_shared.py -> build/lib.linux-x86_64-cpython-314/whenever
copying pysrc/whenever/_format.py -> build/lib.linux-x86_64-cpython-314/whenever
copying pysrc/whenever/_typing_312.py -> build/lib.linux-x86_64-cpython-314/whenever
copying pysrc/whenever/_math.py -> build/lib.linux-x86_64-cpython-314/whenever
copying pysrc/whenever/_pywhenever.py -> build/lib.linux-x86_64-cpython-314/whenever
copying pysrc/whenever/_common.py -> build/lib.linux-x86_64-cpython-314/whenever
creating build/lib.linux-x86_64-cpython-314/whenever/_tz
copying pysrc/whenever/_tz/__init__.py -> build/lib.linux-x86_64-cpython-314/whenever/_tz
copying pysrc/whenever/_tz/store.py -> build/lib.linux-x86_64-cpython-314/whenever/_tz
copying pysrc/whenever/_tz/tzif.py -> build/lib.linux-x86_64-cpython-314/whenever/_tz
copying pysrc/whenever/_tz/common.py -> build/lib.linux-x86_64-cpython-314/whenever/_tz
copying pysrc/whenever/_tz/system.py -> build/lib.linux-x86_64-cpython-314/whenever/_tz
copying pysrc/whenever/_tz/ambiguity.py -> build/lib.linux-x86_64-cpython-314/whenever/_tz
copying pysrc/whenever/_tz/posix.py -> build/lib.linux-x86_64-cpython-314/whenever/_tz
running egg_info
creating pysrc/whenever.egg-info
writing pysrc/whenever.egg-info/PKG-INFO
writing dependency_links to pysrc/whenever.egg-info/dependency_links.txt
writing requirements to pysrc/whenever.egg-info/requires.txt
writing top-level names to pysrc/whenever.egg-info/top_level.txt
writing manifest file 'pysrc/whenever.egg-info/SOURCES.txt'
reading manifest file 'pysrc/whenever.egg-info/SOURCES.txt'
reading manifest template 'MANIFEST.in'
warning: no previously-included files matching '__pycache__' found anywhere in distribution
adding license file 'LICENSE'
writing manifest file 'pysrc/whenever.egg-info/SOURCES.txt'
copying pysrc/whenever/__init__.pyi -> build/lib.linux-x86_64-cpython-314/whenever
copying pysrc/whenever/py.typed -> build/lib.linux-x86_64-cpython-314/whenever
running build_ext
running build_rust
    Updating crates.io index
 Downloading crates ...
  Downloaded ahash v0.8.12
  Downloaded alloca v0.4.0
  Downloaded ciborium-io v0.2.2
  Downloaded clap_lex v1.1.0
  Downloaded ciborium-ll v0.2.2
  Downloaded cast v0.3.0
  Downloaded cfg-if v1.0.4
  Downloaded plotters-backend v0.3.7
  Downloaded criterion-plot v0.8.2
  Downloaded autocfg v1.5.0
  Downloaded anes v0.1.6
  Downloaded anstyle v1.0.14
  Downloaded ciborium v0.2.2
  Downloaded plotters-svg v0.3.7
  Downloaded itoa v1.0.17
  Downloaded page_size v0.6.0
  Downloaded wasm-bindgen-macro v0.2.114
  Downloaded same-file v1.0.6
  Downloaded winapi-util v0.1.11
  Downloaded version_check v0.9.5
  Downloaded either v1.15.0
  Downloaded rustversion v1.0.22
  Downloaded crunchy v0.2.4
  Downloaded windows-link v0.2.1
  Downloaded wasm-bindgen-shared v0.2.114
  Downloaded shlex v1.3.0
  Downloaded oorandom v11.1.5
  Downloaded find-msvc-tools v0.1.9
  Downloaded zmij v1.0.21
  Downloaded walkdir v2.5.0
  Downloaded quote v1.0.45
  Downloaded tinytemplate v1.2.1
  Downloaded crossbeam-utils v0.8.21
  Downloaded pyo3-build-config v0.29.0
  Downloaded clap v4.6.0
  Downloaded target-lexicon v0.13.5
  Downloaded crossbeam-deque v0.8.6
  Downloaded getrandom v0.3.4
  Downloaded crossbeam-epoch v0.9.18
  Downloaded num-traits v0.2.19
  Downloaded criterion v0.8.2
  Downloaded once_cell v1.21.4
  Downloaded proc-macro2 v1.0.106
  Downloaded wasm-bindgen-macro-support v0.2.114
  Downloaded r-efi v5.3.0
  Downloaded unicode-ident v1.0.24
  Downloaded wasm-bindgen v0.2.114
  Downloaded serde_derive v1.0.228
  Downloaded half v2.7.1
  Downloaded cc v1.2.57
  Downloaded bumpalo v3.20.2
  Downloaded wit-bindgen v0.51.0
  Downloaded rayon-core v1.13.0
  Downloaded pyo3-ffi v0.29.0
  Downloaded serde_core v1.0.228
  Downloaded serde v1.0.228
  Downloaded zerocopy-derive v0.8.47
  Downloaded js-sys v0.3.91
  Downloaded memchr v2.8.0
  Downloaded plotters v0.3.7
  Downloaded itertools v0.13.0
  Downloaded clap_builder v4.6.0
  Downloaded serde_json v1.0.149
  Downloaded wasip2 v1.0.2+wasi-0.2.9
  Downloaded rayon v1.11.0
  Downloaded regex v1.12.3
  Downloaded aho-corasick v1.1.4
  Downloaded zerocopy v0.8.47
  Downloaded syn v2.0.117
  Downloaded regex-syntax v0.8.10
  Downloaded regex-automata v0.4.14
  Downloaded web-sys v0.3.91
  Downloaded libc v0.2.183
  Downloaded winapi v0.3.9
  Downloaded windows-sys v0.61.2
  Downloaded winapi-i686-pc-windows-gnu v0.4.0
  Downloaded winapi-x86_64-pc-windows-gnu v0.4.0
cargo rustc --lib --message-format=json-render-diagnostics --manifest-path Cargo.toml --release -v --crate-type cdylib
   Compiling target-lexicon v0.13.5
   Compiling libc v0.2.183
   Compiling zerocopy v0.8.47
   Compiling version_check v0.9.5
   Compiling getrandom v0.3.4
   Compiling cfg-if v1.0.4
   Compiling once_cell v1.21.4
     Running `rustc --crate-name build_script_build --edition=2018 /build/.cargo/registry/src/index.crates.io-1949cf8c6b5b557f/target-lexicon-0.13.5/build.rs --error-format=json --json=diagnostic-rendered-ansi,artifacts,future-incompat --crate-type bin --emit=dep-info,link -C embed-bitcode=no --warn=unexpected_cfgs --check-cfg 'cfg(feature, values("rust_1_40", "cargo-clippy"))' -C debug-assertions=off --cfg 'feature="default"' --check-cfg 'cfg(docsrs,test)' --check-cfg 'cfg(feature, values("arch_z80", "arch_zkasm", "default", "serde", "serde_support", "std"))' -C metadata=ffc991b4b990a3fc -C extra-filename=-95128568a1e80ff1 --out-dir /build/python-whenever-git/src/whenever/target/release/build/target-lexicon-95128568a1e80ff1 -C strip=symbols -L dependency=/build/python-whenever-git/src/whenever/target/release/deps --cap-lints allow -C force-frame-pointers=yes -C link-arg=-Wl,--icf=safe -C debuginfo=2 -C strip=none --remap-path-prefix=/build/python-whenever-git/src=/usr/src/debug/python-whenever-git`
     Running `rustc --crate-name build_script_build --edition=2021 /build/.cargo/registry/src/index.crates.io-1949cf8c6b5b557f/libc-0.2.183/build.rs --error-format=json --json=diagnostic-rendered-ansi,artifacts,future-incompat --crate-type bin --emit=dep-info,link -C embed-bitcode=no '--allow=clippy::used_underscore_binding' --allow=unused_qualifications '--warn=clippy::unnecessary_semicolon' '--allow=clippy::unnecessary_cast' '--allow=clippy::uninlined_format_args' '--warn=clippy::ptr_as_ptr' '--allow=clippy::non_minimal_cfg' '--allow=clippy::missing_safety_doc' '--warn=clippy::map_unwrap_or' '--warn=clippy::manual_assert' '--allow=clippy::identity_op' '--warn=clippy::explicit_iter_loop' '--allow=clippy::expl_impl_clone_on_copy' -C debug-assertions=off --cfg 'feature="default"' --cfg 'feature="std"' --check-cfg 'cfg(docsrs,test)' --check-cfg 'cfg(feature, values("align", "const-extern-fn", "default", "extra_traits", "rustc-dep-of-std", "rustc-std-workspace-core", "std", "use_std"))' -C metadata=de9661336b31c443 -C extra-filename=-f2ae14ef02fa6b2c --out-dir /build/python-whenever-git/src/whenever/target/release/build/libc-f2ae14ef02fa6b2c -C strip=symbols -L dependency=/build/python-whenever-git/src/whenever/target/release/deps --cap-lints allow -C force-frame-pointers=yes -C link-arg=-Wl,--icf=safe -C debuginfo=2 -C strip=none --remap-path-prefix=/build/python-whenever-git/src=/usr/src/debug/python-whenever-git`
     Running `rustc --crate-name version_check --edition=2015 /build/.cargo/registry/src/index.crates.io-1949cf8c6b5b557f/version_check-0.9.5/src/lib.rs --error-format=json --json=diagnostic-rendered-ansi,artifacts,future-incompat --crate-type lib --emit=dep-info,metadata,link -C embed-bitcode=no -C debug-assertions=off --check-cfg 'cfg(docsrs,test)' --check-cfg 'cfg(feature, values())' -C metadata=0d88609591eefe3f -C extra-filename=-a542b14cb8520116 --out-dir /build/python-whenever-git/src/whenever/target/release/deps -C strip=symbols -L dependency=/build/python-whenever-git/src/whenever/target/release/deps --cap-lints allow -C force-frame-pointers=yes -C link-arg=-Wl,--icf=safe -C debuginfo=2 -C strip=none --remap-path-prefix=/build/python-whenever-git/src=/usr/src/debug/python-whenever-git`
     Running `rustc --crate-name cfg_if --edition=2018 /build/.cargo/registry/src/index.crates.io-1949cf8c6b5b557f/cfg-if-1.0.4/src/lib.rs --error-format=json --json=diagnostic-rendered-ansi,artifacts,future-incompat --crate-type lib --emit=dep-info,metadata,link -C opt-level=3 -C linker-plugin-lto -C codegen-units=1 --check-cfg 'cfg(docsrs,test)' --check-cfg 'cfg(feature, values("core", "rustc-dep-of-std"))' -C metadata=0466bdb7e812e74d -C extra-filename=-4f628c6d4cc971ba --out-dir /build/python-whenever-git/src/whenever/target/release/deps -C strip=symbols -L dependency=/build/python-whenever-git/src/whenever/target/release/deps --cap-lints allow -C force-frame-pointers=yes -C link-arg=-Wl,--icf=safe -C debuginfo=2 -C strip=none --remap-path-prefix=/build/python-whenever-git/src=/usr/src/debug/python-whenever-git`
     Running `rustc --crate-name build_script_build --edition=2021 /build/.cargo/registry/src/index.crates.io-1949cf8c6b5b557f/zerocopy-0.8.47/build.rs --error-format=json --json=diagnostic-rendered-ansi,artifacts,future-incompat --crate-type bin --emit=dep-info,link -C embed-bitcode=no -C debug-assertions=off --cfg 'feature="simd"' --check-cfg 'cfg(docsrs,test)' --check-cfg 'cfg(feature, values("__internal_use_only_features_that_work_on_stable", "alloc", "derive", "float-nightly", "simd", "simd-nightly", "std", "zerocopy-derive"))' -C metadata=e6577d4131849535 -C extra-filename=-939e37d404578e5c --out-dir /build/python-whenever-git/src/whenever/target/release/build/zerocopy-939e37d404578e5c -C strip=symbols -L dependency=/build/python-whenever-git/src/whenever/target/release/deps --cap-lints allow -C force-frame-pointers=yes -C link-arg=-Wl,--icf=safe -C debuginfo=2 -C strip=none --remap-path-prefix=/build/python-whenever-git/src=/usr/src/debug/python-whenever-git`
     Running `rustc --crate-name build_script_build --edition=2021 /build/.cargo/registry/src/index.crates.io-1949cf8c6b5b557f/getrandom-0.3.4/build.rs --error-format=json --json=diagnostic-rendered-ansi,artifacts,future-incompat --crate-type bin --emit=dep-info,link -C embed-bitcode=no --warn=unexpected_cfgs --check-cfg 'cfg(getrandom_backend, values("custom", "efi_rng", "rdrand", "rndr", "linux_getrandom", "linux_raw", "wasm_js", "windows_legacy", "unsupported"))' --check-cfg 'cfg(getrandom_msan)' --check-cfg 'cfg(getrandom_test_linux_fallback)' --check-cfg 'cfg(getrandom_test_linux_without_fallback)' --check-cfg 'cfg(getrandom_test_netbsd_fallback)' --check-cfg 'cfg(target_os, values("cygwin"))' -C debug-assertions=off --check-cfg 'cfg(docsrs,test)' --check-cfg 'cfg(feature, values("std", "wasm_js"))' -C metadata=ae0cc53584bf04fd -C extra-filename=-22342e4196a3a734 --out-dir /build/python-whenever-git/src/whenever/target/release/build/getrandom-22342e4196a3a734 -C strip=symbols -L dependency=/build/python-whenever-git/src/whenever/target/release/deps --cap-lints allow -C force-frame-pointers=yes -C link-arg=-Wl,--icf=safe -C debuginfo=2 -C strip=none --remap-path-prefix=/build/python-whenever-git/src=/usr/src/debug/python-whenever-git`
     Running `rustc --crate-name once_cell --edition=2021 /build/.cargo/registry/src/index.crates.io-1949cf8c6b5b557f/once_cell-1.21.4/src/lib.rs --error-format=json --json=diagnostic-rendered-ansi,artifacts,future-incompat --crate-type lib --emit=dep-info,metadata,link -C opt-level=3 -C linker-plugin-lto -C codegen-units=1 --cfg 'feature="alloc"' --cfg 'feature="race"' --check-cfg 'cfg(docsrs,test)' --check-cfg 'cfg(feature, values("alloc", "atomic-polyfill", "critical-section", "default", "parking_lot", "portable-atomic", "race", "std", "unstable"))' -C metadata=04a95ce0432f60cd -C extra-filename=-6de6981d2a0300c4 --out-dir /build/python-whenever-git/src/whenever/target/release/deps -C strip=symbols -L dependency=/build/python-whenever-git/src/whenever/target/release/deps --cap-lints allow -C force-frame-pointers=yes -C link-arg=-Wl,--icf=safe -C debuginfo=2 -C strip=none --remap-path-prefix=/build/python-whenever-git/src=/usr/src/debug/python-whenever-git`
     Running `/build/python-whenever-git/src/whenever/target/release/build/getrandom-22342e4196a3a734/build-script-build`
   Compiling ahash v0.8.12
     Running `rustc --crate-name build_script_build --edition=2018 /build/.cargo/registry/src/index.crates.io-1949cf8c6b5b557f/ahash-0.8.12/build.rs --error-format=json --json=diagnostic-rendered-ansi,artifacts,future-incompat --crate-type bin --emit=dep-info,link -C embed-bitcode=no -C debug-assertions=off --cfg 'feature="default"' --cfg 'feature="getrandom"' --cfg 'feature="runtime-rng"' --cfg 'feature="std"' --check-cfg 'cfg(docsrs,test)' --check-cfg 'cfg(feature, values("atomic-polyfill", "compile-time-rng", "const-random", "default", "getrandom", "nightly-arm-aes", "no-rng", "runtime-rng", "serde", "std"))' -C metadata=6a1ab3dd33a391d0 -C extra-filename=-797edc5d19dd3c11 --out-dir /build/python-whenever-git/src/whenever/target/release/build/ahash-797edc5d19dd3c11 -C strip=symbols -L dependency=/build/python-whenever-git/src/whenever/target/release/deps --extern version_check=/build/python-whenever-git/src/whenever/target/release/deps/libversion_check-a542b14cb8520116.rlib --cap-lints allow -C force-frame-pointers=yes -C link-arg=-Wl,--icf=safe -C debuginfo=2 -C strip=none --remap-path-prefix=/build/python-whenever-git/src=/usr/src/debug/python-whenever-git`
     Running `/build/python-whenever-git/src/whenever/target/release/build/libc-f2ae14ef02fa6b2c/build-script-build`
     Running `/build/python-whenever-git/src/whenever/target/release/build/zerocopy-939e37d404578e5c/build-script-build`
     Running `rustc --crate-name libc --edition=2021 /build/.cargo/registry/src/index.crates.io-1949cf8c6b5b557f/libc-0.2.183/src/lib.rs --error-format=json --json=diagnostic-rendered-ansi,artifacts,future-incompat --crate-type lib --emit=dep-info,metadata,link -C opt-level=3 -C linker-plugin-lto -C codegen-units=1 '--allow=clippy::used_underscore_binding' --allow=unused_qualifications '--warn=clippy::unnecessary_semicolon' '--allow=clippy::unnecessary_cast' '--allow=clippy::uninlined_format_args' '--warn=clippy::ptr_as_ptr' '--allow=clippy::non_minimal_cfg' '--allow=clippy::missing_safety_doc' '--warn=clippy::map_unwrap_or' '--warn=clippy::manual_assert' '--allow=clippy::identity_op' '--warn=clippy::explicit_iter_loop' '--allow=clippy::expl_impl_clone_on_copy' --cfg 'feature="default"' --cfg 'feature="std"' --check-cfg 'cfg(docsrs,test)' --check-cfg 'cfg(feature, values("align", "const-extern-fn", "default", "extra_traits", "rustc-dep-of-std", "rustc-std-workspace-core", "std", "use_std"))' -C metadata=b51f39361222f22a -C extra-filename=-d596b1d750b92b6f --out-dir /build/python-whenever-git/src/whenever/target/release/deps -C strip=symbols -L dependency=/build/python-whenever-git/src/whenever/target/release/deps --cap-lints allow -C force-frame-pointers=yes -C link-arg=-Wl,--icf=safe -C debuginfo=2 -C strip=none --remap-path-prefix=/build/python-whenever-git/src=/usr/src/debug/python-whenever-git --cfg freebsd12 --check-cfg 'cfg(emscripten_old_stat_abi)' --check-cfg 'cfg(espidf_time32)' --check-cfg 'cfg(freebsd10)' --check-cfg 'cfg(freebsd11)' --check-cfg 'cfg(freebsd12)' --check-cfg 'cfg(freebsd13)' --check-cfg 'cfg(freebsd14)' --check-cfg 'cfg(freebsd15)' --check-cfg 'cfg(gnu_file_offset_bits64)' --check-cfg 'cfg(gnu_time_bits64)' --check-cfg 'cfg(libc_deny_warnings)' --check-cfg 'cfg(linux_time_bits64)' --check-cfg 'cfg(musl_v1_2_3)' --check-cfg 'cfg(musl32_time64)' --check-cfg 'cfg(vxworks_lt_25_09)' --check-cfg 'cfg(target_os,values("switch","aix","ohos","hurd","rtems","visionos","nuttx","cygwin","qurt"))' --check-cfg 'cfg(target_env,values("illumos","wasi","aix","ohos","nto71_iosock","nto80"))' --check-cfg 'cfg(target_arch,values("loongarch64","mips32r6","mips64r6","csky"))'`
     Running `rustc --crate-name zerocopy --edition=2021 /build/.cargo/registry/src/index.crates.io-1949cf8c6b5b557f/zerocopy-0.8.47/src/lib.rs --error-format=json --json=diagnostic-rendered-ansi,artifacts,future-incompat --crate-type lib --emit=dep-info,metadata,link -C opt-level=3 -C linker-plugin-lto -C codegen-units=1 --cfg 'feature="simd"' --check-cfg 'cfg(docsrs,test)' --check-cfg 'cfg(feature, values("__internal_use_only_features_that_work_on_stable", "alloc", "derive", "float-nightly", "simd", "simd-nightly", "std", "zerocopy-derive"))' -C metadata=e2fc3ffdaea16df0 -C extra-filename=-b4efa9eb3bac297e --out-dir /build/python-whenever-git/src/whenever/target/release/deps -C strip=symbols -L dependency=/build/python-whenever-git/src/whenever/target/release/deps --cap-lints allow -C force-frame-pointers=yes -C link-arg=-Wl,--icf=safe -C debuginfo=2 -C strip=none --remap-path-prefix=/build/python-whenever-git/src=/usr/src/debug/python-whenever-git --check-cfg 'cfg(no_zerocopy_simd_x86_avx12_1_89_0)' --check-cfg 'cfg(rust, values("1.89.0"))' --check-cfg 'cfg(no_zerocopy_core_error_1_81_0)' --check-cfg 'cfg(rust, values("1.81.0"))' --check-cfg 'cfg(no_zerocopy_diagnostic_on_unimplemented_1_78_0)' --check-cfg 'cfg(rust, values("1.78.0"))' --check-cfg 'cfg(no_zerocopy_generic_bounds_in_const_fn_1_61_0)' --check-cfg 'cfg(rust, values("1.61.0"))' --check-cfg 'cfg(no_zerocopy_target_has_atomics_1_60_0)' --check-cfg 'cfg(rust, values("1.60.0"))' --check-cfg 'cfg(no_zerocopy_aarch64_simd_1_59_0)' --check-cfg 'cfg(rust, values("1.59.0"))' --check-cfg 'cfg(no_zerocopy_panic_in_const_and_vec_try_reserve_1_57_0)' --check-cfg 'cfg(rust, values("1.57.0"))' --check-cfg 'cfg(doc_cfg)' --check-cfg 'cfg(kani)' --check-cfg 'cfg(__ZEROCOPY_INTERNAL_USE_ONLY_NIGHTLY_FEATURES_IN_TESTS)' --check-cfg 'cfg(__ZEROCOPY_INTERNAL_USE_ONLY_DEV_MODE)' --check-cfg 'cfg(coverage_nightly)'`
     Running `/build/python-whenever-git/src/whenever/target/release/build/ahash-797edc5d19dd3c11/build-script-build`
     Running `/build/python-whenever-git/src/whenever/target/release/build/target-lexicon-95128568a1e80ff1/build-script-build`
     Running `rustc --crate-name target_lexicon --edition=2018 /build/.cargo/registry/src/index.crates.io-1949cf8c6b5b557f/target-lexicon-0.13.5/src/lib.rs --error-format=json --json=diagnostic-rendered-ansi,artifacts,future-incompat --crate-type lib --emit=dep-info,metadata,link -C embed-bitcode=no --warn=unexpected_cfgs --check-cfg 'cfg(feature, values("rust_1_40", "cargo-clippy"))' -C debug-assertions=off --cfg 'feature="default"' --check-cfg 'cfg(docsrs,test)' --check-cfg 'cfg(feature, values("arch_z80", "arch_zkasm", "default", "serde", "serde_support", "std"))' -C metadata=ad5bb8cc62580926 -C extra-filename=-253221db4c257e07 --out-dir /build/python-whenever-git/src/whenever/target/release/deps -C strip=symbols -L dependency=/build/python-whenever-git/src/whenever/target/release/deps --cap-lints allow -C force-frame-pointers=yes -C link-arg=-Wl,--icf=safe -C debuginfo=2 -C strip=none --remap-path-prefix=/build/python-whenever-git/src=/usr/src/debug/python-whenever-git --cfg 'feature="rust_1_40"'`
   Compiling pyo3-build-config v0.29.0
     Running `rustc --crate-name pyo3_build_config --edition=2021 /build/.cargo/registry/src/index.crates.io-1949cf8c6b5b557f/pyo3-build-config-0.29.0/src/lib.rs --error-format=json --json=diagnostic-rendered-ansi,artifacts,future-incompat --crate-type lib --emit=dep-info,metadata,link -C embed-bitcode=no -C debug-assertions=off --cfg 'feature="default"' --cfg 'feature="extension-module"' --cfg 'feature="generate-import-lib"' --check-cfg 'cfg(docsrs,test)' --check-cfg 'cfg(feature, values("default", "extension-module", "generate-import-lib", "resolve-config"))' -C metadata=22ad8135a7324b68 -C extra-filename=-a0b6a12d1f66cc6d --out-dir /build/python-whenever-git/src/whenever/target/release/deps -C strip=symbols -L dependency=/build/python-whenever-git/src/whenever/target/release/deps --extern target_lexicon=/build/python-whenever-git/src/whenever/target/release/deps/libtarget_lexicon-253221db4c257e07.rmeta --cap-lints allow -C force-frame-pointers=yes -C link-arg=-Wl,--icf=safe -C debuginfo=2 -C strip=none --remap-path-prefix=/build/python-whenever-git/src=/usr/src/debug/python-whenever-git`
     Running `rustc --crate-name getrandom --edition=2021 /build/.cargo/registry/src/index.crates.io-1949cf8c6b5b557f/getrandom-0.3.4/src/lib.rs --error-format=json --json=diagnostic-rendered-ansi,artifacts,future-incompat --crate-type lib --emit=dep-info,metadata,link -C opt-level=3 -C linker-plugin-lto -C codegen-units=1 --warn=unexpected_cfgs --check-cfg 'cfg(getrandom_backend, values("custom", "efi_rng", "rdrand", "rndr", "linux_getrandom", "linux_raw", "wasm_js", "windows_legacy", "unsupported"))' --check-cfg 'cfg(getrandom_msan)' --check-cfg 'cfg(getrandom_test_linux_fallback)' --check-cfg 'cfg(getrandom_test_linux_without_fallback)' --check-cfg 'cfg(getrandom_test_netbsd_fallback)' --check-cfg 'cfg(target_os, values("cygwin"))' --check-cfg 'cfg(docsrs,test)' --check-cfg 'cfg(feature, values("std", "wasm_js"))' -C metadata=1224efd0b2710ed6 -C extra-filename=-77f54c643d7dd788 --out-dir /build/python-whenever-git/src/whenever/target/release/deps -C strip=symbols -L dependency=/build/python-whenever-git/src/whenever/target/release/deps --extern cfg_if=/build/python-whenever-git/src/whenever/target/release/deps/libcfg_if-4f628c6d4cc971ba.rmeta --extern libc=/build/python-whenever-git/src/whenever/target/release/deps/liblibc-d596b1d750b92b6f.rmeta --cap-lints allow -C force-frame-pointers=yes -C link-arg=-Wl,--icf=safe -C debuginfo=2 -C strip=none --remap-path-prefix=/build/python-whenever-git/src=/usr/src/debug/python-whenever-git`
   Compiling pyo3-ffi v0.29.0
   Compiling whenever v0.1.0 (/build/python-whenever-git/src/whenever)
     Running `rustc --crate-name build_script_build --edition=2021 /build/.cargo/registry/src/index.crates.io-1949cf8c6b5b557f/pyo3-ffi-0.29.0/build.rs --error-format=json --json=diagnostic-rendered-ansi,artifacts,future-incompat --crate-type bin --emit=dep-info,link -C embed-bitcode=no --warn=rust_2018_idioms '--warn=clippy::useless_transmute' '--warn=clippy::used_underscore_binding' --warn=unused_lifetimes --warn=unsafe_op_in_unsafe_fn '--warn=clippy::unnecessary_wraps' --warn=unexpected_cfgs '--warn=clippy::undocumented_unsafe_blocks' '--warn=clippy::todo' --warn=rust_2021_prelude_collisions '--warn=clippy::manual_ok_or' '--warn=clippy::manual_assert' '--warn=clippy::let_unit_value' --warn=invalid_doc_attributes '--warn=clippy::flat_map_option' '--warn=clippy::filter_map_next' '--warn=clippy::explicit_iter_loop' '--warn=clippy::explicit_into_iter_loop' --warn=elided_lifetimes_in_paths '--warn=clippy::dbg_macro' '--warn=clippy::checked_conversions' '--warn=rustdoc::broken_intra_doc_links' '--warn=rustdoc::bare_urls' --check-cfg 'cfg(pyo3_disable_reference_pool)' --check-cfg 'cfg(pyo3_leak_on_drop_without_reference_pool)' -C debug-assertions=off --cfg 'feature="extension-module"' --cfg 'feature="generate-import-lib"' --check-cfg 'cfg(docsrs,test)' --check-cfg 'cfg(feature, values("abi3", "abi3-py310", "abi3-py311", "abi3-py312", "abi3-py313", "abi3-py314", "abi3-py315", "abi3-py38", "abi3-py39", "abi3t", "abi3t-py315", "default", "extension-module", "generate-import-lib"))' -C metadata=a19bec214d7a89b2 -C extra-filename=-6a74cb703fdf6d3a --out-dir /build/python-whenever-git/src/whenever/target/release/build/pyo3-ffi-6a74cb703fdf6d3a -C strip=symbols -L dependency=/build/python-whenever-git/src/whenever/target/release/deps --extern pyo3_build_config=/build/python-whenever-git/src/whenever/target/release/deps/libpyo3_build_config-a0b6a12d1f66cc6d.rlib --cap-lints allow -C force-frame-pointers=yes -C link-arg=-Wl,--icf=safe -C debuginfo=2 -C strip=none --remap-path-prefix=/build/python-whenever-git/src=/usr/src/debug/python-whenever-git`
     Running `rustc --crate-name build_script_build --edition=2024 build.rs --error-format=json --json=diagnostic-rendered-ansi,artifacts,future-incompat --crate-type bin --emit=dep-info,link -C embed-bitcode=no --warn=unexpected_cfgs --check-cfg 'cfg(Py_3_9)' --check-cfg 'cfg(Py_3_10)' --check-cfg 'cfg(Py_3_11)' --check-cfg 'cfg(Py_3_12)' --check-cfg 'cfg(Py_3_13)' --check-cfg 'cfg(Py_GIL_DISABLED)' --check-cfg 'cfg(PyPy)' -C debug-assertions=off --check-cfg 'cfg(docsrs,test)' --check-cfg 'cfg(feature, values())' -C metadata=8c05dc9785d2e240 -C extra-filename=-601149e9dd772f45 --out-dir /build/python-whenever-git/src/whenever/target/release/build/whenever-601149e9dd772f45 -C strip=symbols -L dependency=/build/python-whenever-git/src/whenever/target/release/deps --extern pyo3_build_config=/build/python-whenever-git/src/whenever/target/release/deps/libpyo3_build_config-a0b6a12d1f66cc6d.rlib -C force-frame-pointers=yes -C link-arg=-Wl,--icf=safe -C debuginfo=2 -C strip=none --remap-path-prefix=/build/python-whenever-git/src=/usr/src/debug/python-whenever-git`
     Running `/build/python-whenever-git/src/whenever/target/release/build/pyo3-ffi-6a74cb703fdf6d3a/build-script-build`
     Running `/build/python-whenever-git/src/whenever/target/release/build/whenever-601149e9dd772f45/build-script-build`
     Running `rustc --crate-name pyo3_ffi --edition=2021 /build/.cargo/registry/src/index.crates.io-1949cf8c6b5b557f/pyo3-ffi-0.29.0/src/lib.rs --error-format=json --json=diagnostic-rendered-ansi,artifacts,future-incompat --crate-type lib --emit=dep-info,metadata,link -C opt-level=3 -C linker-plugin-lto -C codegen-units=1 --warn=rust_2018_idioms '--warn=clippy::useless_transmute' '--warn=clippy::used_underscore_binding' --warn=unused_lifetimes --warn=unsafe_op_in_unsafe_fn '--warn=clippy::unnecessary_wraps' --warn=unexpected_cfgs '--warn=clippy::undocumented_unsafe_blocks' '--warn=clippy::todo' --warn=rust_2021_prelude_collisions '--warn=clippy::manual_ok_or' '--warn=clippy::manual_assert' '--warn=clippy::let_unit_value' --warn=invalid_doc_attributes '--warn=clippy::flat_map_option' '--warn=clippy::filter_map_next' '--warn=clippy::explicit_iter_loop' '--warn=clippy::explicit_into_iter_loop' --warn=elided_lifetimes_in_paths '--warn=clippy::dbg_macro' '--warn=clippy::checked_conversions' '--warn=rustdoc::broken_intra_doc_links' '--warn=rustdoc::bare_urls' --check-cfg 'cfg(pyo3_disable_reference_pool)' --check-cfg 'cfg(pyo3_leak_on_drop_without_reference_pool)' --cfg 'feature="extension-module"' --cfg 'feature="generate-import-lib"' --check-cfg 'cfg(docsrs,test)' --check-cfg 'cfg(feature, values("abi3", "abi3-py310", "abi3-py311", "abi3-py312", "abi3-py313", "abi3-py314", "abi3-py315", "abi3-py38", "abi3-py39", "abi3t", "abi3t-py315", "default", "extension-module", "generate-import-lib"))' -C metadata=6cd0287368d3c213 -C extra-filename=-8565410aa75657c2 --out-dir /build/python-whenever-git/src/whenever/target/release/deps -C strip=symbols -L dependency=/build/python-whenever-git/src/whenever/target/release/deps --extern libc=/build/python-whenever-git/src/whenever/target/release/deps/liblibc-d596b1d750b92b6f.rmeta --cap-lints allow -C force-frame-pointers=yes -C link-arg=-Wl,--icf=safe -C debuginfo=2 -C strip=none --remap-path-prefix=/build/python-whenever-git/src=/usr/src/debug/python-whenever-git --cfg Py_3_8 --cfg Py_3_9 --cfg Py_3_10 --cfg Py_3_11 --cfg Py_3_12 --cfg Py_3_13 --cfg Py_3_14 --cfg const_is_null --cfg fn_ptr_eq --cfg from_bytes_with_nul_error --cfg cfg_select --check-cfg 'cfg(Py_LIMITED_API)' --check-cfg 'cfg(Py_GIL_DISABLED)' --check-cfg 'cfg(PyPy)' --check-cfg 'cfg(GraalPy)' --check-cfg 'cfg(RustPython)' --check-cfg 'cfg(py_sys_config, values("Py_DEBUG", "Py_REF_DEBUG", "Py_TRACE_REFS", "COUNT_ALLOCS"))' --check-cfg 'cfg(Py_3_8)' --check-cfg 'cfg(Py_3_9)' --check-cfg 'cfg(Py_3_10)' --check-cfg 'cfg(Py_3_11)' --check-cfg 'cfg(Py_3_12)' --check-cfg 'cfg(Py_3_13)' --check-cfg 'cfg(Py_3_14)' --check-cfg 'cfg(Py_3_15)' --check-cfg 'cfg(Py_3_16)' --check-cfg 'cfg(pyo3_dll, values("python3", "python3_d", "python3t", "python3t_d", "python38", "python38_d", "python39", "python39_d", "python310", "python310_d", "python311", "python311_d", "python312", "python312_d", "python313", "python313_d", "python313t", "python313t_d", "python314", "python314_d", "python314t", "python314t_d", "python315", "python315_d", "python315t", "python315t_d", "python316", "python316_d", "python316t", "python316t_d", "libpypy3.11-c"))' --check-cfg 'cfg(const_is_null)' --check-cfg 'cfg(fn_ptr_eq)' --check-cfg 'cfg(from_bytes_with_nul_error)' --check-cfg 'cfg(cfg_select)'`
     Running `rustc --crate-name ahash --edition=2018 /build/.cargo/registry/src/index.crates.io-1949cf8c6b5b557f/ahash-0.8.12/src/lib.rs --error-format=json --json=diagnostic-rendered-ansi,artifacts,future-incompat --crate-type lib --emit=dep-info,metadata,link -C opt-level=3 -C linker-plugin-lto -C codegen-units=1 --cfg 'feature="default"' --cfg 'feature="getrandom"' --cfg 'feature="runtime-rng"' --cfg 'feature="std"' --check-cfg 'cfg(docsrs,test)' --check-cfg 'cfg(feature, values("atomic-polyfill", "compile-time-rng", "const-random", "default", "getrandom", "nightly-arm-aes", "no-rng", "runtime-rng", "serde", "std"))' -C metadata=ac5bb1394b323459 -C extra-filename=-0ae874c04d86b774 --out-dir /build/python-whenever-git/src/whenever/target/release/deps -C strip=symbols -L dependency=/build/python-whenever-git/src/whenever/target/release/deps --extern cfg_if=/build/python-whenever-git/src/whenever/target/release/deps/libcfg_if-4f628c6d4cc971ba.rmeta --extern getrandom=/build/python-whenever-git/src/whenever/target/release/deps/libgetrandom-77f54c643d7dd788.rmeta --extern once_cell=/build/python-whenever-git/src/whenever/target/release/deps/libonce_cell-6de6981d2a0300c4.rmeta --extern zerocopy=/build/python-whenever-git/src/whenever/target/release/deps/libzerocopy-b4efa9eb3bac297e.rmeta --cap-lints allow -C force-frame-pointers=yes -C link-arg=-Wl,--icf=safe -C debuginfo=2 -C strip=none --remap-path-prefix=/build/python-whenever-git/src=/usr/src/debug/python-whenever-git --cfg folded_multiply --check-cfg 'cfg(specialize)' --check-cfg 'cfg(folded_multiply)'`
     Running `rustc --crate-name _whenever --edition=2024 src/lib.rs --error-format=json --json=diagnostic-rendered-ansi,artifacts,future-incompat --crate-type cdylib --emit=dep-info,link -C opt-level=3 -C lto=fat -C codegen-units=1 --warn=unexpected_cfgs --check-cfg 'cfg(Py_3_9)' --check-cfg 'cfg(Py_3_10)' --check-cfg 'cfg(Py_3_11)' --check-cfg 'cfg(Py_3_12)' --check-cfg 'cfg(Py_3_13)' --check-cfg 'cfg(Py_GIL_DISABLED)' --check-cfg 'cfg(PyPy)' --check-cfg 'cfg(docsrs,test)' --check-cfg 'cfg(feature, values())' -C metadata=dd8fcced1b1968e5 --out-dir /build/python-whenever-git/src/whenever/target/release/deps -C strip=symbols -L dependency=/build/python-whenever-git/src/whenever/target/release/deps --extern ahash=/build/python-whenever-git/src/whenever/target/release/deps/libahash-0ae874c04d86b774.rlib --extern pyo3_ffi=/build/python-whenever-git/src/whenever/target/release/deps/libpyo3_ffi-8565410aa75657c2.rlib -C force-frame-pointers=yes -C link-arg=-Wl,--icf=safe -C debuginfo=2 -C strip=none --remap-path-prefix=/build/python-whenever-git/src=/usr/src/debug/python-whenever-git --cfg Py_3_8 --cfg Py_3_9 --cfg Py_3_10 --cfg Py_3_11 --cfg Py_3_12 --cfg Py_3_13 --cfg Py_3_14`
    Finished `release` profile [optimized] target(s) in 33.91s
Copying rust artifact from target/release/lib_whenever.so to build/lib.linux-x86_64-cpython-314/whenever/_whenever.cpython-314-x86_64-linux-gnu.so
installing to build/bdist.linux-x86_64/wheel
running install
running install_lib
creating build/bdist.linux-x86_64/wheel
creating build/bdist.linux-x86_64/wheel/whenever
copying build/lib.linux-x86_64-cpython-314/whenever/py.typed -> build/bdist.linux-x86_64/wheel/./whenever
copying build/lib.linux-x86_64-cpython-314/whenever/_utils.py -> build/bdist.linux-x86_64/wheel/./whenever
copying build/lib.linux-x86_64-cpython-314/whenever/__init__.py -> build/bdist.linux-x86_64/wheel/./whenever
creating build/bdist.linux-x86_64/wheel/whenever/_tz
copying build/lib.linux-x86_64-cpython-314/whenever/_tz/__init__.py -> build/bdist.linux-x86_64/wheel/./whenever/_tz
copying build/lib.linux-x86_64-cpython-314/whenever/_tz/store.py -> build/bdist.linux-x86_64/wheel/./whenever/_tz
copying build/lib.linux-x86_64-cpython-314/whenever/_tz/tzif.py -> build/bdist.linux-x86_64/wheel/./whenever/_tz
copying build/lib.linux-x86_64-cpython-314/whenever/_tz/common.py -> build/bdist.linux-x86_64/wheel/./whenever/_tz
copying build/lib.linux-x86_64-cpython-314/whenever/_tz/system.py -> build/bdist.linux-x86_64/wheel/./whenever/_tz
copying build/lib.linux-x86_64-cpython-314/whenever/_tz/ambiguity.py -> build/bdist.linux-x86_64/wheel/./whenever/_tz
copying build/lib.linux-x86_64-cpython-314/whenever/_tz/posix.py -> build/bdist.linux-x86_64/wheel/./whenever/_tz
copying build/lib.linux-x86_64-cpython-314/whenever/_core.py -> build/bdist.linux-x86_64/wheel/./whenever
copying build/lib.linux-x86_64-cpython-314/whenever/_parse.py -> build/bdist.linux-x86_64/wheel/./whenever
copying build/lib.linux-x86_64-cpython-314/whenever/_typing.py -> build/bdist.linux-x86_64/wheel/./whenever
copying build/lib.linux-x86_64-cpython-314/whenever/_shared.py -> build/bdist.linux-x86_64/wheel/./whenever
copying build/lib.linux-x86_64-cpython-314/whenever/_format.py -> build/bdist.linux-x86_64/wheel/./whenever
copying build/lib.linux-x86_64-cpython-314/whenever/_typing_312.py -> build/bdist.linux-x86_64/wheel/./whenever
copying build/lib.linux-x86_64-cpython-314/whenever/__init__.pyi -> build/bdist.linux-x86_64/wheel/./whenever
copying build/lib.linux-x86_64-cpython-314/whenever/_math.py -> build/bdist.linux-x86_64/wheel/./whenever
copying build/lib.linux-x86_64-cpython-314/whenever/_pywhenever.py -> build/bdist.linux-x86_64/wheel/./whenever
copying build/lib.linux-x86_64-cpython-314/whenever/_whenever.cpython-314-x86_64-linux-gnu.so -> build/bdist.linux-x86_64/wheel/./whenever
copying build/lib.linux-x86_64-cpython-314/whenever/_common.py -> build/bdist.linux-x86_64/wheel/./whenever
running install_egg_info
Copying pysrc/whenever.egg-info to build/bdist.linux-x86_64/wheel/./whenever-0.10.2-py3.14.egg-info
running install_scripts
creating build/bdist.linux-x86_64/wheel/whenever-0.10.2.dist-info/WHEEL
creating '/build/python-whenever-git/src/whenever/dist/.tmp-60xbsl__/whenever-0.10.2-cp314-cp314-linux_x86_64.whl' and adding 'build/bdist.linux-x86_64/wheel' to it
adding 'whenever/__init__.py'
adding 'whenever/__init__.pyi'
adding 'whenever/_common.py'
adding 'whenever/_core.py'
adding 'whenever/_format.py'
adding 'whenever/_math.py'
adding 'whenever/_parse.py'
adding 'whenever/_pywhenever.py'
adding 'whenever/_shared.py'
adding 'whenever/_typing.py'
adding 'whenever/_typing_312.py'
adding 'whenever/_utils.py'
adding 'whenever/_whenever.cpython-314-x86_64-linux-gnu.so'
adding 'whenever/py.typed'
adding 'whenever/_tz/__init__.py'
adding 'whenever/_tz/ambiguity.py'
adding 'whenever/_tz/common.py'
adding 'whenever/_tz/posix.py'
adding 'whenever/_tz/store.py'
adding 'whenever/_tz/system.py'
adding 'whenever/_tz/tzif.py'
adding 'whenever-0.10.2.dist-info/licenses/LICENSE'
adding 'whenever-0.10.2.dist-info/METADATA'
adding 'whenever-0.10.2.dist-info/WHEEL'
adding 'whenever-0.10.2.dist-info/top_level.txt'
adding 'whenever-0.10.2.dist-info/RECORD'
removing build/bdist.linux-x86_64/wheel
Successfully built whenever-0.10.2-cp314-cp314-linux_x86_64.whl
