* Getting build dependencies for wheel...
* Building wheel...
Running `maturin pep517 build-wheel -i /usr/bin/python --compatibility off`
    Updating crates.io index
 Downloading crates ...
  Downloaded memoffset v0.9.1
  Downloaded heck v0.5.0
  Downloaded cfg-if v1.0.0
  Downloaded httlib-huffman v0.3.4
  Downloaded pyo3-macros v0.24.1
  Downloaded unindent v0.2.4
  Downloaded indoc v2.0.6
  Downloaded cc v1.2.19
  Downloaded autocfg v1.4.0
  Downloaded target-lexicon v0.13.2
  Downloaded quote v1.0.40
  Downloaded shlex v1.3.0
  Downloaded pyo3-build-config v0.24.1
  Downloaded once_cell v1.21.3
  Downloaded proc-macro2 v1.0.95
  Downloaded unicode-ident v1.0.18
  Downloaded pyo3-ffi v0.24.1
  Downloaded pyo3-macros-backend v0.24.1
  Downloaded python3-dll-a v0.2.13
  Downloaded portable-atomic v1.11.0
  Downloaded syn v2.0.100
  Downloaded libc v0.2.172
  Downloaded pyo3 v0.24.1
  Downloaded httlib-hpack v0.1.3
🍹 Building a mixed python/rust project
🐍 Found CPython 3.14 at /usr/bin/python
🔗 Found pyo3 bindings with abi3-py3.7 support
📡 Using build options features from pyproject.toml
   Compiling target-lexicon v0.13.2
   Compiling python3-dll-a v0.2.13
   Compiling once_cell v1.21.3
   Compiling proc-macro2 v1.0.95
   Compiling unicode-ident v1.0.18
   Compiling libc v0.2.172
   Compiling autocfg v1.4.0
   Compiling heck v0.5.0
   Compiling httlib-huffman v0.3.4
   Compiling indoc v2.0.6
   Compiling cfg-if v1.0.0
   Compiling unindent v0.2.4
   Compiling memoffset v0.9.1
   Compiling httlib-hpack v0.1.3
   Compiling quote v1.0.40
   Compiling pyo3-build-config v0.24.1
   Compiling syn v2.0.100
   Compiling pyo3-macros-backend v0.24.1
   Compiling pyo3-ffi v0.24.1
   Compiling pyo3 v0.24.1
   Compiling pyo3-macros v0.24.1
   Compiling jh2 v5.0.9 (/build/python-jh2/src/h2-5.0.9)
    Finished `release` profile [optimized] target(s) in 8.84s
📦 Built wheel for abi3 Python ≥ 3.7 to /build/python-jh2/src/h2-5.0.9/target/wheels/jh2-5.0.9-cp37-abi3-linux_x86_64.whl
/build/python-jh2/src/h2-5.0.9/target/wheels/jh2-5.0.9-cp37-abi3-linux_x86_64.whl
Successfully built jh2-5.0.9-cp37-abi3-linux_x86_64.whl
