* Building wheel...
Successfully built sphinx_design-0.7.0-py3-none-any.whl
[1m[32m==>(B[m[1m Building Docs(B[m
make: Entering directory '/build/python-sphinx_design/src/sphinx-design-0.7.0/docs'
sphinx-build -b html -d _build/doctrees   . _build/html
Running Sphinx v9.1.0
loading translations [en]... done
making output directory... done
myst v5.1.0: MdParserConfig(commonmark_only=False, gfm_only=False, enable_extensions={'colon_fence', 'deflist', 'substitution', 'attrs_inline', 'html_image'}, disable_syntax=[], all_links_external=False, links_external_new_tab=False, url_schemes=('http', 'https', 'mailto', 'ftp'), ref_domains=None, fence_as_directive=set(), number_code_blocks=[], title_to_header=False, heading_anchors=0, heading_slug_func=None, html_meta={}, footnote_sort=True, footnote_transition=True, words_per_minute=200, substitutions={loremipsum: ...}, linkify_fuzzy_links=True, dmath_allow_labels=True, dmath_allow_space=True, dmath_allow_digits=True, dmath_double_inline=False, update_mathjax=True, mathjax_classes='tex2jax_process|mathjax_process|math|output_area', enable_checkboxes=False, strikethrough_single_tilde=False, colon_fence_exact_match=False, suppress_warnings=[], highlight_code_blocks=True)
building [mo]: targets for 0 po files that are out of date
writing output... 
building [html]: targets for 11 source files that are out of date
updating environment: [new config] 11 added, 0 changed, 0 removed
reading sources... [  9%] additional
reading sources... [ 18%] badges_buttons
reading sources... [ 27%] cards
reading sources... [ 36%] changelog
reading sources... [ 45%] css_classes
reading sources... [ 55%] css_variables
reading sources... [ 64%] dropdowns
reading sources... [ 73%] get_started
reading sources... [ 82%] grids
reading sources... [ 91%] index
reading sources... [100%] tabs

looking for now-outdated files... none found
pickling environment... done
checking consistency... done
preparing documents... done
copying assets... 
copying static files... 
Writing evaluated template result to /build/python-sphinx_design/src/sphinx-design-0.7.0/docs/_build/html/_static/documentation_options.js
Writing evaluated template result to /build/python-sphinx_design/src/sphinx-design-0.7.0/docs/_build/html/_static/basic.css
Writing evaluated template result to /build/python-sphinx_design/src/sphinx-design-0.7.0/docs/_build/html/_static/language_data.js
Writing evaluated template result to /build/python-sphinx_design/src/sphinx-design-0.7.0/docs/_build/html/_static/alabaster.css
copying static files: done
copying extra files... 
copying extra files: done
copying assets: done
writing output... [  9%] additional
writing output... [ 18%] badges_buttons
writing output... [ 27%] cards
writing output... [ 36%] changelog
writing output... [ 45%] css_classes
writing output... [ 55%] css_variables
writing output... [ 64%] dropdowns
writing output... [ 73%] get_started
writing output... [ 82%] grids
writing output... [ 91%] index
writing output... [100%] tabs

generating indices... genindex done
writing additional pages... search done
copying images... [ 33%] images/ebp-logo.png
copying images... [ 67%] images/particle_background.jpg
copying images... [100%] _static/logo_square.svg

dumping search index in English (code: en)... done
dumping object inventory... done
build succeeded.

The HTML pages are in _build/html.

Build finished. The HTML pages are in _build/html.
make: Leaving directory '/build/python-sphinx_design/src/sphinx-design-0.7.0/docs'
