The no-dev option is deprecated.  Use -Wno-author instead.
-- The CXX compiler identification is GNU 16.1.1
-- Detecting CXX compiler ABI info
-- Detecting CXX compiler ABI info - done
-- Check for working CXX compiler: /usr/bin/c++ - skipped
-- Detecting CXX compile features
-- Detecting CXX compile features - done
-- Build configuration: Release
-- Plugin dir: /usr//qimgv
-- Performing Test CMAKE_HAVE_LIBC_PTHREAD
-- Performing Test CMAKE_HAVE_LIBC_PTHREAD - Success
-- Found Threads: TRUE
-- Qt Version: 6.11.1
-- Performing Test HAVE_STDATOMIC
-- Performing Test HAVE_STDATOMIC - Success
-- Found WrapAtomic: TRUE
-- Found OpenGL: /usr/lib/libOpenGL.so
-- Found WrapOpenGL: TRUE
-- Could NOT find WrapVulkanHeaders (missing: Vulkan_INCLUDE_DIR) 
-- Found Cups: /usr/lib/libcups.so (found version "2.4.19")
-- Could NOT find WrapVulkanHeaders (missing: Vulkan_INCLUDE_DIR) 
-- Found PkgConfig: /usr/bin/pkg-config (found version "2.5.1")
-- Checking for module 'exiv2'
--   Found exiv2, version 0.28.8
-- Configuring done (0.8s)
-- Generating done (0.1s)
CMake Warning (unused-cli):
  Manually-specified variables were not used by the project:

    OpenCV_DIR
    Qt5Core_DIR
    Qt5Gui_DIR
    Qt5PrintSupport_DIR
    Qt5Svg_DIR
    Qt5Widgets_DIR


-- Build files have been written to: /build/qimgv/src/build
[  0%] Built target qimgv_autogen_timestamp_deps
[  1%] Automatic MOC and UIC for target qimgv
AutoMoc: /build/qimgv/src/qimgv-1.0.2/qimgv/gui/customwidgets/thumbnailview.h:159:1: warning: Class ThumbnailView implements the interface IDirectoryView but does not list it in Q_INTERFACES. qobject_cast to IDirectoryView will not work!
[  1%] Built target qimgv_autogen
[  2%] Automatic RCC for resources.qrc
[  6%] Building CXX object qimgv/CMakeFiles/qimgv.dir/core.cpp.o
[  6%] Building CXX object qimgv/CMakeFiles/qimgv.dir/themestore.cpp.o
[  6%] Building CXX object qimgv/CMakeFiles/qimgv.dir/shortcutbuilder.cpp.o
[  6%] Building CXX object qimgv/CMakeFiles/qimgv.dir/main.cpp.o
[  6%] Building CXX object qimgv/CMakeFiles/qimgv.dir/sharedresources.cpp.o
[  7%] Building CXX object qimgv/CMakeFiles/qimgv.dir/appversion.cpp.o
[  9%] Building CXX object qimgv/CMakeFiles/qimgv.dir/components/scriptmanager/scriptmanager.cpp.o
[ 10%] Building CXX object qimgv/CMakeFiles/qimgv.dir/qimgv_autogen/mocs_compilation.cpp.o
[ 10%] Building CXX object qimgv/CMakeFiles/qimgv.dir/components/directorypresenter.cpp.o
[ 10%] Building CXX object qimgv/CMakeFiles/qimgv.dir/components/actionmanager/actionmanager.cpp.o
[ 11%] Building CXX object qimgv/CMakeFiles/qimgv.dir/settings.cpp.o
[ 12%] Building CXX object qimgv/CMakeFiles/qimgv.dir/macosapplication.cpp.o
[ 12%] Building CXX object qimgv/CMakeFiles/qimgv.dir/proxystyle.cpp.o
[ 14%] Building CXX object qimgv/CMakeFiles/qimgv.dir/components/cache/thumbnailcache.cpp.o
[ 14%] Building CXX object qimgv/CMakeFiles/qimgv.dir/components/loader/loader.cpp.o
[ 15%] Building CXX object qimgv/CMakeFiles/qimgv.dir/components/loader/loaderrunnable.cpp.o
[ 15%] Building CXX object qimgv/CMakeFiles/qimgv.dir/components/scaler/scaler.cpp.o
[ 16%] Building CXX object qimgv/CMakeFiles/qimgv.dir/components/directorymodel.cpp.o
[ 17%] Building CXX object qimgv/CMakeFiles/qimgv.dir/components/cache/cache.cpp.o
[ 18%] Building CXX object qimgv/CMakeFiles/qimgv.dir/components/cache/cacheitem.cpp.o
[ 19%] Building CXX object qimgv/CMakeFiles/qimgv.dir/components/scaler/scalerrunnable.cpp.o
[ 20%] Building CXX object qimgv/CMakeFiles/qimgv.dir/components/thumbnailer/thumbnailer.cpp.o
[ 21%] Building CXX object qimgv/CMakeFiles/qimgv.dir/components/thumbnailer/thumbnailerrunnable.cpp.o
[ 21%] Building CXX object qimgv/CMakeFiles/qimgv.dir/components/directorymanager/directorymanager.cpp.o
[ 22%] Building CXX object qimgv/CMakeFiles/qimgv.dir/components/directorymanager/watchers/directorywatcher.cpp.o
[ 23%] Building CXX object qimgv/CMakeFiles/qimgv.dir/components/directorymanager/watchers/dummywatcher.cpp.o
[ 24%] Building CXX object qimgv/CMakeFiles/qimgv.dir/components/directorymanager/watchers/watcherevent.cpp.o
[ 25%] Building CXX object qimgv/CMakeFiles/qimgv.dir/components/directorymanager/watchers/watcherworker.cpp.o
[ 25%] Building CXX object qimgv/CMakeFiles/qimgv.dir/components/directorymanager/watchers/linux/linuxfsevent.cpp.o
In file included from /build/qimgv/src/build/qimgv/qimgv_autogen/D4OJY54SFQ/../../../../qimgv-1.0.2/qimgv/components/directorymanager/watchers/linux/linuxworker.h:3,
                 from /build/qimgv/src/build/qimgv/qimgv_autogen/D4OJY54SFQ/moc_linuxworker.cpp:9,
                 from /build/qimgv/src/build/qimgv/qimgv_autogen/mocs_compilation.cpp:9:
/build/qimgv/src/build/qimgv/qimgv_autogen/D4OJY54SFQ/../../../../qimgv-1.0.2/qimgv/components/directorymanager/watchers/linux/linuxfsevent.h:5:7: warning: defining ‘LinuxFsEvent’, which previously failed to be complete in a SFINAE context [-Wsfinae-incomplete=]
    5 | class LinuxFsEvent : public QObject
      |       ^~~~~~~~~~~~
In file included from /usr/include/qt6/QtCore/qobject.h:19,
                 from /usr/include/qt6/QtCore/QObject:1,
                 from /build/qimgv/src/build/qimgv/qimgv_autogen/XJ62XQPA2S/../../../../qimgv-1.0.2/qimgv/components/actionmanager/actionmanager.h:3,
                 from /build/qimgv/src/build/qimgv/qimgv_autogen/XJ62XQPA2S/moc_actionmanager.cpp:9,
                 from /build/qimgv/src/build/qimgv/qimgv_autogen/mocs_compilation.cpp:2:
/usr/include/qt6/QtCore/qmetatype.h:344:64: note: here.  Use ‘-Wsfinae-incomplete=2’ for a diagnostic at that point
  344 |         static auto check(U *) -> std::integral_constant<bool, sizeof(U) != 0>;
      |                                                                ^~~~~~~~~
[ 26%] Building CXX object qimgv/CMakeFiles/qimgv.dir/components/directorymanager/watchers/linux/linuxwatcher.cpp.o
/build/qimgv/src/qimgv-1.0.2/qimgv/main.cpp: In function ‘int main(int, char**)’:
/build/qimgv/src/qimgv-1.0.2/qimgv/main.cpp:44:39: warning: ‘Qt::AA_EnableHighDpiScaling’ is deprecated: High-DPI scaling is always enabled. This attribute no longer has any effect. [-Wdeprecated-declarations]
   44 |     QGuiApplication::setAttribute(Qt::AA_EnableHighDpiScaling);
      |                                       ^~~~~~~~~~~~~~~~~~~~~~~
In file included from /usr/include/qt6/QtCore/qbytearray.h:10,
                 from /usr/include/qt6/QtCore/qstringview.h:11,
                 from /usr/include/qt6/QtCore/qchar.h:730,
                 from /usr/include/qt6/QtCore/qstring.h:15,
                 from /usr/include/qt6/QtCore/qcoreapplication.h:9,
                 from /usr/include/qt6/QtWidgets/qapplication.h:9,
                 from /usr/include/qt6/QtWidgets/QApplication:1,
                 from /build/qimgv/src/qimgv-1.0.2/qimgv/main.cpp:1:
/usr/include/qt6/QtCore/qnamespace.h:468:9: note: declared here
  468 |         AA_EnableHighDpiScaling Q_DECL_ENUMERATOR_DEPRECATED_X(
      |         ^~~~~~~~~~~~~~~~~~~~~~~
/build/qimgv/src/qimgv-1.0.2/qimgv/main.cpp:45:39: warning: ‘Qt::AA_UseHighDpiPixmaps’ is deprecated: High-DPI pixmaps are always enabled. This attribute no longer has any effect. [-Wdeprecated-declarations]
   45 |     QGuiApplication::setAttribute(Qt::AA_UseHighDpiPixmaps);
      |                                       ^~~~~~~~~~~~~~~~~~~~
/usr/include/qt6/QtCore/qnamespace.h:457:9: note: declared here
  457 |         AA_UseHighDpiPixmaps Q_DECL_ENUMERATOR_DEPRECATED_X(
      |         ^~~~~~~~~~~~~~~~~~~~
/build/qimgv/src/qimgv-1.0.2/qimgv/main.cpp:87:22: warning: ‘bool Exiv2::enableBMFF(bool)’ is deprecated [-Wdeprecated-declarations]
   87 |     Exiv2::enableBMFF(true);
      |     ~~~~~~~~~~~~~~~~~^~~~~~
In file included from /usr/include/exiv2/exiv2.hpp:9,
                 from /build/qimgv/src/qimgv-1.0.2/qimgv/sourcecontainers/documentinfo.h:17,
                 from /build/qimgv/src/qimgv-1.0.2/qimgv/utils/imagelib.h:9,
                 from /build/qimgv/src/qimgv-1.0.2/qimgv/sourcecontainers/image.h:7,
                 from /build/qimgv/src/qimgv-1.0.2/qimgv/components/scriptmanager/scriptmanager.h:12,
                 from /build/qimgv/src/qimgv-1.0.2/qimgv/components/actionmanager/actionmanager.h:12,
                 from /build/qimgv/src/qimgv-1.0.2/qimgv/main.cpp:8:
/usr/include/exiv2/bmffimage.hpp:16:30: note: declared here
   16 | [[deprecated]] EXIV2API bool enableBMFF(bool enable = true);
      |                              ^~~~~~~~~~
[ 27%] Building CXX object qimgv/CMakeFiles/qimgv.dir/components/directorymanager/watchers/linux/linuxworker.cpp.o
[ 28%] Building CXX object qimgv/CMakeFiles/qimgv.dir/sourcecontainers/fsentry.cpp.o
[ 29%] Building CXX object qimgv/CMakeFiles/qimgv.dir/sourcecontainers/documentinfo.cpp.o
[ 29%] Building CXX object qimgv/CMakeFiles/qimgv.dir/sourcecontainers/image.cpp.o
[ 30%] Building CXX object qimgv/CMakeFiles/qimgv.dir/sourcecontainers/imageanimated.cpp.o
[ 31%] Building CXX object qimgv/CMakeFiles/qimgv.dir/sourcecontainers/imagestatic.cpp.o
[ 32%] Building CXX object qimgv/CMakeFiles/qimgv.dir/sourcecontainers/thumbnail.cpp.o
[ 33%] Building CXX object qimgv/CMakeFiles/qimgv.dir/sourcecontainers/video.cpp.o
[ 33%] Building CXX object qimgv/CMakeFiles/qimgv.dir/gui/centralwidget.cpp.o
[ 34%] Building CXX object qimgv/CMakeFiles/qimgv.dir/gui/contextmenu.cpp.o
[ 35%] Building CXX object qimgv/CMakeFiles/qimgv.dir/gui/flowlayout.cpp.o
[ 36%] Building CXX object qimgv/CMakeFiles/qimgv.dir/gui/idirectoryview.cpp.o
[ 37%] Building CXX object qimgv/CMakeFiles/qimgv.dir/gui/mainwindow.cpp.o
[ 37%] Building CXX object qimgv/CMakeFiles/qimgv.dir/gui/customwidgets/actionbutton.cpp.o
[ 38%] Building CXX object qimgv/CMakeFiles/qimgv.dir/gui/customwidgets/clickablelabel.cpp.o
[ 39%] Building CXX object qimgv/CMakeFiles/qimgv.dir/gui/customwidgets/contextmenuitem.cpp.o
[ 40%] Building CXX object qimgv/CMakeFiles/qimgv.dir/gui/customwidgets/floatingwidget.cpp.o
[ 41%] Building CXX object qimgv/CMakeFiles/qimgv.dir/gui/customwidgets/floatingwidgetcontainer.cpp.o
[ 41%] Building CXX object qimgv/CMakeFiles/qimgv.dir/gui/customwidgets/iconbutton.cpp.o
[ 42%] Building CXX object qimgv/CMakeFiles/qimgv.dir/gui/customwidgets/iconwidget.cpp.o
[ 43%] Building CXX object qimgv/CMakeFiles/qimgv.dir/gui/customwidgets/keysequenceedit.cpp.o
/build/qimgv/src/qimgv-1.0.2/qimgv/sourcecontainers/documentinfo.cpp: In member function ‘void DocumentInfo::loadExifTags()’:
/build/qimgv/src/qimgv-1.0.2/qimgv/sourcecontainers/documentinfo.cpp:274:19: error: ‘BasicError’ in namespace ‘Exiv2’ does not name a template type; did you mean ‘strError’?
  274 |     catch (Exiv2::BasicError<CharType> e) {
      |                   ^~~~~~~~~~
      |                   strError
/build/qimgv/src/qimgv-1.0.2/qimgv/sourcecontainers/documentinfo.cpp:274:29: error: expected ‘)’ before ‘<’ token
  274 |     catch (Exiv2::BasicError<CharType> e) {
      |           ~                 ^
      |                             )
/build/qimgv/src/qimgv-1.0.2/qimgv/sourcecontainers/documentinfo.cpp:274:29: error: expected ‘{’ before ‘<’ token
/build/qimgv/src/qimgv-1.0.2/qimgv/sourcecontainers/documentinfo.cpp:274:29: error: expected primary-expression before ‘<’ token
In file included from /build/qimgv/src/qimgv-1.0.2/qimgv/sourcecontainers/documentinfo.h:12,
                 from /build/qimgv/src/qimgv-1.0.2/qimgv/sourcecontainers/documentinfo.cpp:1:
/build/qimgv/src/qimgv-1.0.2/qimgv/utils/stuff.h:10:22: error: expected primary-expression before ‘char’
   10 |     #define CharType char
      |                      ^~~~
/build/qimgv/src/qimgv-1.0.2/qimgv/sourcecontainers/documentinfo.cpp:274:30: note: in expansion of macro ‘CharType’
  274 |     catch (Exiv2::BasicError<CharType> e) {
      |                              ^~~~~~~~
[ 44%] Building CXX object qimgv/CMakeFiles/qimgv.dir/gui/customwidgets/menuitem.cpp.o
make[2]: *** [qimgv/CMakeFiles/qimgv.dir/build.make:697: qimgv/CMakeFiles/qimgv.dir/sourcecontainers/documentinfo.cpp.o] Error 1
make[2]: *** Waiting for unfinished jobs....
/build/qimgv/src/qimgv-1.0.2/qimgv/gui/mainwindow.cpp: In member function ‘virtual void MW::mouseDoubleClickEvent(QMouseEvent*)’:
/build/qimgv/src/qimgv-1.0.2/qimgv/gui/mainwindow.cpp:403:144: warning: ‘QMouseEvent::QMouseEvent(QEvent::Type, const QPointF&, Qt::MouseButton, Qt::MouseButtons, Qt::KeyboardModifiers, const QPointingDevice*)’ is deprecated: Use another constructor [-Wdeprecated-declarations]
  403 |     QMouseEvent *fakePressEvent = new QMouseEvent(QEvent::MouseButtonPress, event->pos(), event->button(), event->buttons(), event->modifiers());
      |                                                                                                                                                ^
In file included from /usr/include/qt6/QtGui/QWheelEvent:1,
                 from /build/qimgv/src/qimgv-1.0.2/qimgv/gui/viewers/imageviewerv2.h:7,
                 from /build/qimgv/src/qimgv-1.0.2/qimgv/gui/viewers/viewerwidget.h:5,
                 from /build/qimgv/src/qimgv-1.0.2/qimgv/gui/mainwindow.h:17,
                 from /build/qimgv/src/qimgv-1.0.2/qimgv/gui/mainwindow.cpp:1:
/usr/include/qt6/QtGui/qevent.h:202:5: note: declared here
  202 |     QMouseEvent(Type type, const QPointF &localPos, Qt::MouseButton button,
      |     ^~~~~~~~~~~
make[1]: *** [CMakeFiles/Makefile2:200: qimgv/CMakeFiles/qimgv.dir/all] Error 2
make: *** [Makefile:136: all] Error 2
[1m[31m==> ERROR:(B[m[1m A failure occurred in build().(B[m
[1m    Aborting...(B[m
