The no-dev option is deprecated.  Use -Wno-author instead.
-- The CXX compiler identification is GNU 16.1.1
-- Detecting CXX compiler ABI info
-- Detecting CXX compiler ABI info - done
-- Check for working CXX compiler: /usr/bin/c++ - skipped
-- Detecting CXX compile features
-- Detecting CXX compile features - done
-- Build configuration: Release
-- Performing Test HAVE_STDATOMIC
-- Performing Test HAVE_STDATOMIC - Success
-- Found OpenGL: /usr/lib/libOpenGL.so
-- Qt Version: 6.11.1
-- Found Cups: /usr/lib/libcups.so (found version "2.4.19")
-- Could NOT find WrapVulkanHeaders (missing: Vulkan_INCLUDE_DIR) 
-- Configuring done (0.8s)
-- Generating done (0.1s)
-- Build files have been written to: /build/qimgv/src/build
[  0%] Built target qimgv_autogen_timestamp_deps
[  1%] Automatic MOC and UIC for target qimgv
[  1%] Built target qimgv_autogen
[  2%] Automatic RCC for resources.qrc
[  7%] Building CXX object qimgv/CMakeFiles/qimgv.dir/components/directorymodel.cpp.o
[  7%] Building CXX object qimgv/CMakeFiles/qimgv.dir/macosapplication.cpp.o
[  9%] Building CXX object qimgv/CMakeFiles/qimgv.dir/themestore.cpp.o
[  7%] Building CXX object qimgv/CMakeFiles/qimgv.dir/qimgv_autogen/mocs_compilation.cpp.o
[ 10%] Building CXX object qimgv/CMakeFiles/qimgv.dir/main.cpp.o
[ 10%] Building CXX object qimgv/CMakeFiles/qimgv.dir/sharedresources.cpp.o
[ 10%] Building CXX object qimgv/CMakeFiles/qimgv.dir/core.cpp.o
[ 10%] Building CXX object qimgv/CMakeFiles/qimgv.dir/appversion.cpp.o
[ 10%] Building CXX object qimgv/CMakeFiles/qimgv.dir/settings.cpp.o
[ 10%] Building CXX object qimgv/CMakeFiles/qimgv.dir/proxystyle.cpp.o
[ 10%] Building CXX object qimgv/CMakeFiles/qimgv.dir/components/actionmanager/actionmanager.cpp.o
[ 11%] Building CXX object qimgv/CMakeFiles/qimgv.dir/components/scriptmanager/scriptmanager.cpp.o
[ 12%] Building CXX object qimgv/CMakeFiles/qimgv.dir/shortcutbuilder.cpp.o
[ 13%] Building CXX object qimgv/CMakeFiles/qimgv.dir/components/cache/cache.cpp.o
[ 14%] Building CXX object qimgv/CMakeFiles/qimgv.dir/components/directorypresenter.cpp.o
[ 15%] Building CXX object qimgv/CMakeFiles/qimgv.dir/components/cache/thumbnailcache.cpp.o
[ 16%] Building CXX object qimgv/CMakeFiles/qimgv.dir/components/loader/loader.cpp.o
[ 17%] Building CXX object qimgv/CMakeFiles/qimgv.dir/components/scaler/scaler.cpp.o
[ 18%] Building CXX object qimgv/CMakeFiles/qimgv.dir/components/cache/cacheitem.cpp.o
[ 18%] Building CXX object qimgv/CMakeFiles/qimgv.dir/components/loader/loaderrunnable.cpp.o
[ 19%] Building CXX object qimgv/CMakeFiles/qimgv.dir/components/scaler/scalerrunnable.cpp.o
[ 20%] Building CXX object qimgv/CMakeFiles/qimgv.dir/components/thumbnailer/thumbnailer.cpp.o
[ 21%] Building CXX object qimgv/CMakeFiles/qimgv.dir/components/thumbnailer/thumbnailerrunnable.cpp.o
[ 21%] Building CXX object qimgv/CMakeFiles/qimgv.dir/components/directorymanager/directorymanager.cpp.o
In file included from /build/qimgv/src/build/qimgv/qimgv_autogen/D4OJY54SFQ/../../../../qimgv-1.0.3-alpha/qimgv/components/directorymanager/watchers/linux/linuxworker.h:3,
                 from /build/qimgv/src/build/qimgv/qimgv_autogen/D4OJY54SFQ/moc_linuxworker.cpp:9,
                 from /build/qimgv/src/build/qimgv/qimgv_autogen/mocs_compilation.cpp:9:
/build/qimgv/src/build/qimgv/qimgv_autogen/D4OJY54SFQ/../../../../qimgv-1.0.3-alpha/qimgv/components/directorymanager/watchers/linux/linuxfsevent.h:5:7: warning: defining ‘LinuxFsEvent’, which previously failed to be complete in a SFINAE context [-Wsfinae-incomplete=]
    5 | class LinuxFsEvent : public QObject
      |       ^~~~~~~~~~~~
In file included from /usr/include/qt6/QtCore/qobject.h:19,
                 from /usr/include/qt6/QtCore/QObject:1,
                 from /build/qimgv/src/build/qimgv/qimgv_autogen/XJ62XQPA2S/../../../../qimgv-1.0.3-alpha/qimgv/components/actionmanager/actionmanager.h:3,
                 from /build/qimgv/src/build/qimgv/qimgv_autogen/XJ62XQPA2S/moc_actionmanager.cpp:9,
                 from /build/qimgv/src/build/qimgv/qimgv_autogen/mocs_compilation.cpp:2:
/usr/include/qt6/QtCore/qmetatype.h:344:64: note: here.  Use ‘-Wsfinae-incomplete=2’ for a diagnostic at that point
  344 |         static auto check(U *) -> std::integral_constant<bool, sizeof(U) != 0>;
      |                                                                ^~~~~~~~~
[ 22%] Building CXX object qimgv/CMakeFiles/qimgv.dir/components/directorymanager/watchers/directorywatcher.cpp.o
[ 23%] Building CXX object qimgv/CMakeFiles/qimgv.dir/components/directorymanager/watchers/dummywatcher.cpp.o
[ 24%] Building CXX object qimgv/CMakeFiles/qimgv.dir/components/directorymanager/watchers/watcherevent.cpp.o
[ 25%] Building CXX object qimgv/CMakeFiles/qimgv.dir/components/directorymanager/watchers/watcherworker.cpp.o
[ 25%] Building CXX object qimgv/CMakeFiles/qimgv.dir/components/directorymanager/watchers/linux/linuxfsevent.cpp.o
[ 26%] Building CXX object qimgv/CMakeFiles/qimgv.dir/components/directorymanager/watchers/linux/linuxwatcher.cpp.o
[ 27%] Building CXX object qimgv/CMakeFiles/qimgv.dir/components/directorymanager/watchers/linux/linuxworker.cpp.o
[ 28%] Building CXX object qimgv/CMakeFiles/qimgv.dir/sourcecontainers/fsentry.cpp.o
[ 29%] Building CXX object qimgv/CMakeFiles/qimgv.dir/sourcecontainers/documentinfo.cpp.o
[ 29%] Building CXX object qimgv/CMakeFiles/qimgv.dir/sourcecontainers/image.cpp.o
/build/qimgv/src/qimgv-1.0.3-alpha/qimgv/main.cpp: In function ‘int main(int, char**)’:
/build/qimgv/src/qimgv-1.0.3-alpha/qimgv/main.cpp:44:39: warning: ‘Qt::AA_EnableHighDpiScaling’ is deprecated: High-DPI scaling is always enabled. This attribute no longer has any effect. [-Wdeprecated-declarations]
   44 |     QGuiApplication::setAttribute(Qt::AA_EnableHighDpiScaling);
      |                                       ^~~~~~~~~~~~~~~~~~~~~~~
In file included from /usr/include/qt6/QtCore/qbytearray.h:10,
                 from /usr/include/qt6/QtCore/qstringview.h:11,
                 from /usr/include/qt6/QtCore/qchar.h:730,
                 from /usr/include/qt6/QtCore/qstring.h:15,
                 from /usr/include/qt6/QtCore/qcoreapplication.h:9,
                 from /usr/include/qt6/QtWidgets/qapplication.h:9,
                 from /usr/include/qt6/QtWidgets/QApplication:1,
                 from /build/qimgv/src/qimgv-1.0.3-alpha/qimgv/main.cpp:1:
/usr/include/qt6/QtCore/qnamespace.h:468:9: note: declared here
  468 |         AA_EnableHighDpiScaling Q_DECL_ENUMERATOR_DEPRECATED_X(
      |         ^~~~~~~~~~~~~~~~~~~~~~~
/build/qimgv/src/qimgv-1.0.3-alpha/qimgv/main.cpp:45:39: warning: ‘Qt::AA_UseHighDpiPixmaps’ is deprecated: High-DPI pixmaps are always enabled. This attribute no longer has any effect. [-Wdeprecated-declarations]
   45 |     QGuiApplication::setAttribute(Qt::AA_UseHighDpiPixmaps);
      |                                       ^~~~~~~~~~~~~~~~~~~~
/usr/include/qt6/QtCore/qnamespace.h:457:9: note: declared here
  457 |         AA_UseHighDpiPixmaps Q_DECL_ENUMERATOR_DEPRECATED_X(
      |         ^~~~~~~~~~~~~~~~~~~~
[ 30%] Building CXX object qimgv/CMakeFiles/qimgv.dir/sourcecontainers/imageanimated.cpp.o
[ 31%] Building CXX object qimgv/CMakeFiles/qimgv.dir/sourcecontainers/imagestatic.cpp.o
[ 32%] Building CXX object qimgv/CMakeFiles/qimgv.dir/sourcecontainers/thumbnail.cpp.o
[ 33%] Building CXX object qimgv/CMakeFiles/qimgv.dir/sourcecontainers/video.cpp.o
[ 33%] Building CXX object qimgv/CMakeFiles/qimgv.dir/gui/centralwidget.cpp.o
[ 34%] Building CXX object qimgv/CMakeFiles/qimgv.dir/gui/contextmenu.cpp.o
[ 35%] Building CXX object qimgv/CMakeFiles/qimgv.dir/gui/flowlayout.cpp.o
[ 36%] Building CXX object qimgv/CMakeFiles/qimgv.dir/gui/idirectoryview.cpp.o
[ 37%] Building CXX object qimgv/CMakeFiles/qimgv.dir/gui/mainwindow.cpp.o
[ 37%] Building CXX object qimgv/CMakeFiles/qimgv.dir/gui/customwidgets/actionbutton.cpp.o
[ 38%] Building CXX object qimgv/CMakeFiles/qimgv.dir/gui/customwidgets/clickablelabel.cpp.o
[ 39%] Building CXX object qimgv/CMakeFiles/qimgv.dir/gui/customwidgets/contextmenuitem.cpp.o
[ 40%] Building CXX object qimgv/CMakeFiles/qimgv.dir/gui/customwidgets/floatingwidget.cpp.o
[ 41%] Building CXX object qimgv/CMakeFiles/qimgv.dir/gui/customwidgets/floatingwidgetcontainer.cpp.o
[ 41%] Building CXX object qimgv/CMakeFiles/qimgv.dir/gui/customwidgets/iconbutton.cpp.o
[ 42%] Building CXX object qimgv/CMakeFiles/qimgv.dir/gui/customwidgets/iconwidget.cpp.o
[ 43%] Building CXX object qimgv/CMakeFiles/qimgv.dir/gui/customwidgets/keysequenceedit.cpp.o
[ 44%] Building CXX object qimgv/CMakeFiles/qimgv.dir/gui/customwidgets/menuitem.cpp.o
[ 45%] Building CXX object qimgv/CMakeFiles/qimgv.dir/gui/customwidgets/overlaywidget.cpp.o
[ 45%] Building CXX object qimgv/CMakeFiles/qimgv.dir/gui/customwidgets/pathselectormenuitem.cpp.o
[ 46%] Building CXX object qimgv/CMakeFiles/qimgv.dir/gui/customwidgets/sidepanelwidget.cpp.o
[ 47%] Building CXX object qimgv/CMakeFiles/qimgv.dir/gui/customwidgets/slidehpanel.cpp.o
[ 48%] Building CXX object qimgv/CMakeFiles/qimgv.dir/gui/customwidgets/slidepanel.cpp.o
[ 49%] Building CXX object qimgv/CMakeFiles/qimgv.dir/gui/customwidgets/slidevpanel.cpp.o
[ 49%] Building CXX object qimgv/CMakeFiles/qimgv.dir/gui/customwidgets/spinboxinputfix.cpp.o
[ 50%] Building CXX object qimgv/CMakeFiles/qimgv.dir/gui/customwidgets/thumbnailview.cpp.o
[ 51%] Building CXX object qimgv/CMakeFiles/qimgv.dir/gui/customwidgets/thumbnailwidget.cpp.o
[ 52%] Building CXX object qimgv/CMakeFiles/qimgv.dir/gui/customwidgets/videoslider.cpp.o
/build/qimgv/src/qimgv-1.0.3-alpha/qimgv/gui/mainwindow.cpp: In member function ‘virtual void MW::mouseDoubleClickEvent(QMouseEvent*)’:
/build/qimgv/src/qimgv-1.0.3-alpha/qimgv/gui/mainwindow.cpp:438:144: warning: ‘QMouseEvent::QMouseEvent(QEvent::Type, const QPointF&, Qt::MouseButton, Qt::MouseButtons, Qt::KeyboardModifiers, const QPointingDevice*)’ is deprecated: Use another constructor [-Wdeprecated-declarations]
  438 |     QMouseEvent *fakePressEvent = new QMouseEvent(QEvent::MouseButtonPress, event->pos(), event->button(), event->buttons(), event->modifiers());
      |                                                                                                                                                ^
In file included from /usr/include/qt6/QtGui/QWheelEvent:1,
                 from /build/qimgv/src/qimgv-1.0.3-alpha/qimgv/gui/viewers/imageviewerv2.h:7,
                 from /build/qimgv/src/qimgv-1.0.3-alpha/qimgv/gui/viewers/viewerwidget.h:5,
                 from /build/qimgv/src/qimgv-1.0.3-alpha/qimgv/gui/mainwindow.h:17,
                 from /build/qimgv/src/qimgv-1.0.3-alpha/qimgv/gui/mainwindow.cpp:1:
/usr/include/qt6/QtGui/qevent.h:202:5: note: declared here
  202 |     QMouseEvent(Type type, const QPointF &localPos, Qt::MouseButton button,
      |     ^~~~~~~~~~~
[ 53%] Building CXX object qimgv/CMakeFiles/qimgv.dir/gui/customwidgets/pushbuttonfocusind.cpp.o
[ 53%] Building CXX object qimgv/CMakeFiles/qimgv.dir/gui/customwidgets/styledcombobox.cpp.o
[ 54%] Building CXX object qimgv/CMakeFiles/qimgv.dir/gui/customwidgets/colorselectorbutton.cpp.o
[ 55%] Building CXX object qimgv/CMakeFiles/qimgv.dir/gui/customwidgets/entryinfoitem.cpp.o
[ 56%] Building CXX object qimgv/CMakeFiles/qimgv.dir/gui/dialogs/filereplacedialog.cpp.o
[ 57%] Building CXX object qimgv/CMakeFiles/qimgv.dir/gui/dialogs/resizedialog.cpp.o
[ 57%] Building CXX object qimgv/CMakeFiles/qimgv.dir/gui/dialogs/scripteditordialog.cpp.o
[ 58%] Building CXX object qimgv/CMakeFiles/qimgv.dir/gui/dialogs/settingsdialog.cpp.o
[ 59%] Building CXX object qimgv/CMakeFiles/qimgv.dir/gui/dialogs/shortcutcreatordialog.cpp.o
[ 60%] Building CXX object qimgv/CMakeFiles/qimgv.dir/gui/dialogs/printdialog.cpp.o
[ 61%] Building CXX object qimgv/CMakeFiles/qimgv.dir/gui/overlays/changelogwindow.cpp.o
[ 61%] Building CXX object qimgv/CMakeFiles/qimgv.dir/gui/overlays/controlsoverlay.cpp.o
[ 62%] Building CXX object qimgv/CMakeFiles/qimgv.dir/gui/overlays/copyoverlay.cpp.o
[ 63%] Building CXX object qimgv/CMakeFiles/qimgv.dir/gui/overlays/cropoverlay.cpp.o
[ 64%] Building CXX object qimgv/CMakeFiles/qimgv.dir/gui/overlays/floatingmessage.cpp.o
[ 65%] Building CXX object qimgv/CMakeFiles/qimgv.dir/gui/overlays/floatingmessageproxy.cpp.o
[ 65%] Building CXX object qimgv/CMakeFiles/qimgv.dir/gui/overlays/fullscreeninfooverlay.cpp.o
[ 66%] Building CXX object qimgv/CMakeFiles/qimgv.dir/gui/overlays/fullscreeninfooverlayproxy.cpp.o
[ 67%] Building CXX object qimgv/CMakeFiles/qimgv.dir/gui/overlays/imageinfooverlay.cpp.o
[ 68%] Building CXX object qimgv/CMakeFiles/qimgv.dir/gui/overlays/imageinfooverlayproxy.cpp.o
[ 69%] Building CXX object qimgv/CMakeFiles/qimgv.dir/gui/overlays/mapoverlay.cpp.o
[ 69%] Building CXX object qimgv/CMakeFiles/qimgv.dir/gui/overlays/renameoverlay.cpp.o
[ 70%] Building CXX object qimgv/CMakeFiles/qimgv.dir/gui/overlays/saveconfirmoverlay.cpp.o
[ 71%] Building CXX object qimgv/CMakeFiles/qimgv.dir/gui/overlays/videocontrols.cpp.o
[ 72%] Building CXX object qimgv/CMakeFiles/qimgv.dir/gui/overlays/videocontrolsproxy.cpp.o
[ 73%] Building CXX object qimgv/CMakeFiles/qimgv.dir/gui/overlays/zoomindicatoroverlay.cpp.o
[ 73%] Building CXX object qimgv/CMakeFiles/qimgv.dir/gui/overlays/zoomindicatoroverlayproxy.cpp.o
[ 74%] Building CXX object qimgv/CMakeFiles/qimgv.dir/gui/panels/croppanel/croppanel.cpp.o
[ 75%] Building CXX object qimgv/CMakeFiles/qimgv.dir/gui/panels/mainpanel/mainpanel.cpp.o
[ 76%] Building CXX object qimgv/CMakeFiles/qimgv.dir/gui/panels/mainpanel/thumbnailstrip.cpp.o
[ 77%] Building CXX object qimgv/CMakeFiles/qimgv.dir/gui/panels/mainpanel/thumbnailstripproxy.cpp.o
[ 77%] Building CXX object qimgv/CMakeFiles/qimgv.dir/gui/panels/sidepanel/sidepanel.cpp.o
[ 78%] Building CXX object qimgv/CMakeFiles/qimgv.dir/gui/panels/infobar/infobar.cpp.o
/build/qimgv/src/qimgv-1.0.3-alpha/qimgv/gui/overlays/mapoverlay.cpp: In member function ‘virtual void MapOverlay::mousePressEvent(QMouseEvent*)’:
/build/qimgv/src/qimgv-1.0.3-alpha/qimgv/gui/overlays/mapoverlay.cpp:260:30: warning: ‘int QMouseEvent::x() const’ is deprecated: Use position() [-Wdeprecated-declarations]
  260 |     d->moveMainImage(event->x(), event->y());
      |                      ~~~~~~~~^~
In file included from /usr/include/qt6/QtGui/QPaintEvent:1,
                 from /build/qimgv/src/qimgv-1.0.3-alpha/qimgv/gui/overlays/mapoverlay.h:7,
                 from /build/qimgv/src/qimgv-1.0.3-alpha/qimgv/gui/overlays/mapoverlay.cpp:1:
/usr/include/qt6/QtGui/qevent.h:227:16: note: declared here
  227 |     inline int x() const { return qRound(position().x()); }
      |                ^
/build/qimgv/src/qimgv-1.0.3-alpha/qimgv/gui/overlays/mapoverlay.cpp:260:42: warning: ‘int QMouseEvent::y() const’ is deprecated: Use position() [-Wdeprecated-declarations]
  260 |     d->moveMainImage(event->x(), event->y());
      |                                  ~~~~~~~~^~
/usr/include/qt6/QtGui/qevent.h:229:16: note: declared here
  229 |     inline int y() const { return qRound(position().y()); }
      |                ^
/build/qimgv/src/qimgv-1.0.3-alpha/qimgv/gui/overlays/mapoverlay.cpp: In member function ‘virtual void MapOverlay::mouseMoveEvent(QMouseEvent*)’:
/build/qimgv/src/qimgv-1.0.3-alpha/qimgv/gui/overlays/mapoverlay.cpp:268:34: warning: ‘int QMouseEvent::x() const’ is deprecated: Use position() [-Wdeprecated-declarations]
  268 |         d->moveMainImage(event->x(), event->y());
      |                          ~~~~~~~~^~
/usr/include/qt6/QtGui/qevent.h:227:16: note: declared here
  227 |     inline int x() const { return qRound(position().x()); }
      |                ^
/build/qimgv/src/qimgv-1.0.3-alpha/qimgv/gui/overlays/mapoverlay.cpp:268:46: warning: ‘int QMouseEvent::y() const’ is deprecated: Use position() [-Wdeprecated-declarations]
  268 |         d->moveMainImage(event->x(), event->y());
      |                                      ~~~~~~~~^~
/usr/include/qt6/QtGui/qevent.h:229:16: note: declared here
  229 |     inline int y() const { return qRound(position().y()); }
      |                ^
[ 79%] Building CXX object qimgv/CMakeFiles/qimgv.dir/gui/panels/infobar/infobarproxy.cpp.o
[ 80%] Building CXX object qimgv/CMakeFiles/qimgv.dir/gui/viewers/documentwidget.cpp.o
[ 81%] Building CXX object qimgv/CMakeFiles/qimgv.dir/gui/viewers/imageviewerv2.cpp.o
/build/qimgv/src/qimgv-1.0.3-alpha/qimgv/gui/overlays/renameoverlay.cpp: In member function ‘void RenameOverlay::selectName()’:
/build/qimgv/src/qimgv-1.0.3-alpha/qimgv/gui/overlays/renameoverlay.cpp:63:41: warning: ‘constexpr qsizetype QString::count() const’ is deprecated: Use size() or length() instead. [-Wdeprecated-declarations]
   63 |         end = ui->fileName->text().count();
      |               ~~~~~~~~~~~~~~~~~~~~~~~~~~^~
In file included from /usr/include/qt6/QtCore/qhashfunctions.h:10,
                 from /usr/include/qt6/QtCore/qcheckedint_impl.h:10,
                 from /usr/include/qt6/QtCore/qsize.h:8,
                 from /usr/include/qt6/QtGui/qicon.h:8,
                 from /usr/include/qt6/QtWidgets/qabstractbutton.h:9,
                 from /usr/include/qt6/QtWidgets/qpushbutton.h:9,
                 from /usr/include/qt6/QtWidgets/QPushButton:1,
                 from /build/qimgv/src/qimgv-1.0.3-alpha/qimgv/gui/overlays/renameoverlay.h:3,
                 from /build/qimgv/src/qimgv-1.0.3-alpha/qimgv/gui/overlays/renameoverlay.cpp:1:
/usr/include/qt6/QtCore/qstring.h:282:25: note: declared here
  282 |     constexpr qsizetype count() const { return size(); }
      |                         ^~~~~
[ 81%] Building CXX object qimgv/CMakeFiles/qimgv.dir/gui/viewers/videoplayer.cpp.o
[ 82%] Building CXX object qimgv/CMakeFiles/qimgv.dir/gui/viewers/videoplayerinitproxy.cpp.o
[ 83%] Building CXX object qimgv/CMakeFiles/qimgv.dir/gui/viewers/viewerwidget.cpp.o
[ 84%] Building CXX object qimgv/CMakeFiles/qimgv.dir/gui/folderview/foldergridview.cpp.o
[ 85%] Building CXX object qimgv/CMakeFiles/qimgv.dir/gui/folderview/folderview.cpp.o
[ 85%] Building CXX object qimgv/CMakeFiles/qimgv.dir/gui/folderview/folderviewproxy.cpp.o
[ 86%] Building CXX object qimgv/CMakeFiles/qimgv.dir/gui/folderview/filesystemmodelcustom.cpp.o
[ 87%] Building CXX object qimgv/CMakeFiles/qimgv.dir/gui/folderview/treeviewcustom.cpp.o
[ 88%] Building CXX object qimgv/CMakeFiles/qimgv.dir/gui/folderview/bookmarkswidget.cpp.o
[ 89%] Building CXX object qimgv/CMakeFiles/qimgv.dir/gui/folderview/bookmarksitem.cpp.o
[ 89%] Building CXX object qimgv/CMakeFiles/qimgv.dir/gui/folderview/fvoptionspopup.cpp.o
[ 90%] Building CXX object qimgv/CMakeFiles/qimgv.dir/utils/actions.cpp.o
[ 91%] Building CXX object qimgv/CMakeFiles/qimgv.dir/utils/cmdoptionsrunner.cpp.o
[ 92%] Building CXX object qimgv/CMakeFiles/qimgv.dir/utils/imagefactory.cpp.o
[ 93%] Building CXX object qimgv/CMakeFiles/qimgv.dir/utils/imagelib.cpp.o
[ 93%] Building CXX object qimgv/CMakeFiles/qimgv.dir/utils/inputmap.cpp.o
/build/qimgv/src/qimgv-1.0.3-alpha/qimgv/gui/folderview/foldergridview.cpp: In member function ‘virtual void FolderGridView::dropEvent(QDropEvent*)’:
/build/qimgv/src/qimgv-1.0.3-alpha/qimgv/gui/folderview/foldergridview.cpp:32:77: warning: ‘QPoint QDropEvent::pos() const’ is deprecated: Use position().toPoint() [-Wdeprecated-declarations]
   32 |     ThumbnailWidget *item = dynamic_cast<ThumbnailWidget*>(itemAt(event->pos()));
      |                                                                   ~~~~~~~~~~^~
In file included from /usr/include/qt6/QtWidgets/qgraphicslayoutitem.h:11,
                 from /usr/include/qt6/QtWidgets/qgraphicswidget.h:13,
                 from /usr/include/qt6/QtWidgets/QGraphicsWidget:1,
                 from /build/qimgv/src/qimgv-1.0.3-alpha/qimgv/gui/folderview/foldergridview.h:3,
                 from /build/qimgv/src/qimgv-1.0.3-alpha/qimgv/gui/folderview/foldergridview.cpp:1:
/usr/include/qt6/QtGui/qevent.h:718:19: note: declared here
  718 |     inline QPoint pos() const { return position().toPoint(); }
      |                   ^~~
/build/qimgv/src/qimgv-1.0.3-alpha/qimgv/gui/folderview/foldergridview.cpp: In member function ‘virtual void FolderGridView::dragMoveEvent(QDragMoveEvent*)’:
/build/qimgv/src/qimgv-1.0.3-alpha/qimgv/gui/folderview/foldergridview.cpp:47:77: warning: ‘QPoint QDropEvent::pos() const’ is deprecated: Use position().toPoint() [-Wdeprecated-declarations]
   47 |     ThumbnailWidget *item = dynamic_cast<ThumbnailWidget*>(itemAt(event->pos()));
      |                                                                   ~~~~~~~~~~^~
/usr/include/qt6/QtGui/qevent.h:718:19: note: declared here
  718 |     inline QPoint pos() const { return position().toPoint(); }
      |                   ^~~
[ 94%] Building CXX object qimgv/CMakeFiles/qimgv.dir/utils/randomizer.cpp.o
[ 95%] Building CXX object qimgv/CMakeFiles/qimgv.dir/utils/script.cpp.o
[ 96%] Building CXX object qimgv/CMakeFiles/qimgv.dir/utils/sleep.cpp.o
/build/qimgv/src/qimgv-1.0.3-alpha/qimgv/gui/folderview/treeviewcustom.cpp: In member function ‘virtual void TreeViewCustom::dropEvent(QDropEvent*)’:
/build/qimgv/src/qimgv-1.0.3-alpha/qimgv/gui/folderview/treeviewcustom.cpp:20:47: warning: ‘QPoint QDropEvent::pos() const’ is deprecated: Use position().toPoint() [-Wdeprecated-declarations]
   20 |     QModelIndex dropIndex = indexAt(event->pos());
      |                                     ~~~~~~~~~~^~
In file included from /usr/include/qt6/QtGui/QDragEnterEvent:1,
                 from /build/qimgv/src/qimgv-1.0.3-alpha/qimgv/gui/folderview/treeviewcustom.h:5,
                 from /build/qimgv/src/qimgv-1.0.3-alpha/qimgv/gui/folderview/treeviewcustom.cpp:1:
/usr/include/qt6/QtGui/qevent.h:718:19: note: declared here
  718 |     inline QPoint pos() const { return position().toPoint(); }
      |                   ^~~
[ 97%] Building CXX object qimgv/CMakeFiles/qimgv.dir/utils/stuff.cpp.o
[ 97%] Building CXX object qimgv/CMakeFiles/qimgv.dir/utils/wallpapersetter.cpp.o
[ 98%] Building CXX object qimgv/CMakeFiles/qimgv.dir/utils/fileoperations.cpp.o
[ 99%] Building CXX object qimgv/CMakeFiles/qimgv.dir/qimgv_autogen/EWIEGA46WW/qrc_resources.cpp.o
/build/qimgv/src/qimgv-1.0.3-alpha/qimgv/utils/imagelib.cpp: In static member function ‘static QImage* ImageLib::flippedHRaw(const QImage*)’:
/build/qimgv/src/qimgv-1.0.3-alpha/qimgv/utils/imagelib.cpp:43:40: warning: ‘QImage QImage::mirrored(bool, bool) const &’ is deprecated: Use flipped(Qt::Orientations) instead [-Wdeprecated-declarations]
   43 |         return new QImage(src->mirrored(true, false));
      |                           ~~~~~~~~~~~~~^~~~~~~~~~~~~
In file included from /usr/include/qt6/QtGui/QImage:1,
                 from /build/qimgv/src/qimgv-1.0.3-alpha/qimgv/utils/imagelib.h:2,
                 from /build/qimgv/src/qimgv-1.0.3-alpha/qimgv/utils/imagelib.cpp:1:
/usr/include/qt6/QtGui/qimage.h:220:26: note: declared here
  220 |     [[nodiscard]] QImage mirrored(bool horizontally = false, bool vertically = true) const &
      |                          ^~~~~~~~
/build/qimgv/src/qimgv-1.0.3-alpha/qimgv/utils/imagelib.cpp: In static member function ‘static QImage* ImageLib::flippedVRaw(const QImage*)’:
/build/qimgv/src/qimgv-1.0.3-alpha/qimgv/utils/imagelib.cpp:54:40: warning: ‘QImage QImage::mirrored(bool, bool) const &’ is deprecated: Use flipped(Qt::Orientations) instead [-Wdeprecated-declarations]
   54 |         return new QImage(src->mirrored(false, true));
      |                           ~~~~~~~~~~~~~^~~~~~~~~~~~~
/usr/include/qt6/QtGui/qimage.h:220:26: note: declared here
  220 |     [[nodiscard]] QImage mirrored(bool horizontally = false, bool vertically = true) const &
      |                          ^~~~~~~~
/build/qimgv/src/qimgv-1.0.3-alpha/qimgv/utils/fileoperations.cpp: In static member function ‘static void FileOperations::copyFileTo(const QString&, const QString&, bool, FileOpResult&)’:
/build/qimgv/src/qimgv-1.0.3-alpha/qimgv/utils/fileoperations.cpp:118:18: warning: ignoring return value of ‘virtual bool QFile::open(QIODeviceBase::OpenMode)’, declared with attribute ‘nodiscard’ [-Wunused-result]
  118 |         dstF.open(QIODevice::ReadWrite);
      |         ~~~~~~~~~^~~~~~~~~~~~~~~~~~~~~~
In file included from /usr/include/qt6/QtCore/qfileinfo.h:9,
                 from /usr/include/qt6/QtCore/QFileInfo:1,
                 from /build/qimgv/src/qimgv-1.0.3-alpha/qimgv/utils/fileoperations.h:6,
                 from /build/qimgv/src/qimgv-1.0.3-alpha/qimgv/utils/fileoperations.cpp:1:
/usr/include/qt6/QtCore/qfile.h:264:32: note: declared here
  264 |     QFILE_MAYBE_NODISCARD bool open(OpenMode flags) override;
      |                                ^~~~
/build/qimgv/src/qimgv-1.0.3-alpha/qimgv/utils/fileoperations.cpp: In static member function ‘static void FileOperations::moveFileTo(const QString&, const QString&, bool, FileOpResult&)’:
/build/qimgv/src/qimgv-1.0.3-alpha/qimgv/utils/fileoperations.cpp:195:22: warning: ignoring return value of ‘virtual bool QFile::open(QIODeviceBase::OpenMode)’, declared with attribute ‘nodiscard’ [-Wunused-result]
  195 |             dstF.open(QIODevice::ReadWrite);
      |             ~~~~~~~~~^~~~~~~~~~~~~~~~~~~~~~
/usr/include/qt6/QtCore/qfile.h:264:32: note: declared here
  264 |     QFILE_MAYBE_NODISCARD bool open(OpenMode flags) override;
      |                                ^~~~
[100%] Linking CXX executable qimgv
/usr/bin/c++ -march=x86-64 -mtune=generic -O2 -pipe -fno-plt -fexceptions         -Wp,-D_FORTIFY_SOURCE=3 -Wformat -Werror=format-security         -fstack-clash-protection -fcf-protection         -fno-omit-frame-pointer -mno-omit-leaf-frame-pointer -Wp,-D_GLIBCXX_ASSERTIONS -g -ffile-prefix-map=/build/qimgv/src=/usr/src/debug/qimgv -flto=auto -O3 -DNDEBUG -Wl,-O1 -Wl,--sort-common -Wl,--as-needed -Wl,-z,relro -Wl,-z,now          -Wl,-z,pack-relative-relocs -flto=auto -Wl,--dependency-file=CMakeFiles/qimgv.dir/link.d CMakeFiles/qimgv.dir/qimgv_autogen/mocs_compilation.cpp.o CMakeFiles/qimgv.dir/appversion.cpp.o CMakeFiles/qimgv.dir/core.cpp.o CMakeFiles/qimgv.dir/main.cpp.o CMakeFiles/qimgv.dir/settings.cpp.o CMakeFiles/qimgv.dir/themestore.cpp.o CMakeFiles/qimgv.dir/sharedresources.cpp.o CMakeFiles/qimgv.dir/shortcutbuilder.cpp.o CMakeFiles/qimgv.dir/proxystyle.cpp.o CMakeFiles/qimgv.dir/macosapplication.cpp.o CMakeFiles/qimgv.dir/components/directorymodel.cpp.o CMakeFiles/qimgv.dir/components/directorypresenter.cpp.o CMakeFiles/qimgv.dir/components/scriptmanager/scriptmanager.cpp.o CMakeFiles/qimgv.dir/components/actionmanager/actionmanager.cpp.o CMakeFiles/qimgv.dir/components/cache/cache.cpp.o CMakeFiles/qimgv.dir/components/cache/cacheitem.cpp.o CMakeFiles/qimgv.dir/components/cache/thumbnailcache.cpp.o CMakeFiles/qimgv.dir/components/loader/loader.cpp.o CMakeFiles/qimgv.dir/components/loader/loaderrunnable.cpp.o CMakeFiles/qimgv.dir/components/scaler/scaler.cpp.o CMakeFiles/qimgv.dir/components/scaler/scalerrunnable.cpp.o CMakeFiles/qimgv.dir/components/thumbnailer/thumbnailer.cpp.o CMakeFiles/qimgv.dir/components/thumbnailer/thumbnailerrunnable.cpp.o CMakeFiles/qimgv.dir/components/directorymanager/directorymanager.cpp.o CMakeFiles/qimgv.dir/components/directorymanager/watchers/directorywatcher.cpp.o CMakeFiles/qimgv.dir/components/directorymanager/watchers/dummywatcher.cpp.o CMakeFiles/qimgv.dir/components/directorymanager/watchers/watcherevent.cpp.o CMakeFiles/qimgv.dir/components/directorymanager/watchers/watcherworker.cpp.o CMakeFiles/qimgv.dir/components/directorymanager/watchers/linux/linuxfsevent.cpp.o CMakeFiles/qimgv.dir/components/directorymanager/watchers/linux/linuxwatcher.cpp.o CMakeFiles/qimgv.dir/components/directorymanager/watchers/linux/linuxworker.cpp.o CMakeFiles/qimgv.dir/sourcecontainers/fsentry.cpp.o CMakeFiles/qimgv.dir/sourcecontainers/documentinfo.cpp.o CMakeFiles/qimgv.dir/sourcecontainers/image.cpp.o CMakeFiles/qimgv.dir/sourcecontainers/imageanimated.cpp.o CMakeFiles/qimgv.dir/sourcecontainers/imagestatic.cpp.o CMakeFiles/qimgv.dir/sourcecontainers/thumbnail.cpp.o CMakeFiles/qimgv.dir/sourcecontainers/video.cpp.o CMakeFiles/qimgv.dir/gui/centralwidget.cpp.o CMakeFiles/qimgv.dir/gui/contextmenu.cpp.o CMakeFiles/qimgv.dir/gui/flowlayout.cpp.o CMakeFiles/qimgv.dir/gui/idirectoryview.cpp.o CMakeFiles/qimgv.dir/gui/mainwindow.cpp.o CMakeFiles/qimgv.dir/gui/customwidgets/actionbutton.cpp.o CMakeFiles/qimgv.dir/gui/customwidgets/clickablelabel.cpp.o CMakeFiles/qimgv.dir/gui/customwidgets/contextmenuitem.cpp.o CMakeFiles/qimgv.dir/gui/customwidgets/floatingwidget.cpp.o CMakeFiles/qimgv.dir/gui/customwidgets/floatingwidgetcontainer.cpp.o CMakeFiles/qimgv.dir/gui/customwidgets/iconbutton.cpp.o CMakeFiles/qimgv.dir/gui/customwidgets/iconwidget.cpp.o CMakeFiles/qimgv.dir/gui/customwidgets/keysequenceedit.cpp.o CMakeFiles/qimgv.dir/gui/customwidgets/menuitem.cpp.o CMakeFiles/qimgv.dir/gui/customwidgets/overlaywidget.cpp.o CMakeFiles/qimgv.dir/gui/customwidgets/pathselectormenuitem.cpp.o CMakeFiles/qimgv.dir/gui/customwidgets/sidepanelwidget.cpp.o CMakeFiles/qimgv.dir/gui/customwidgets/slidehpanel.cpp.o CMakeFiles/qimgv.dir/gui/customwidgets/slidepanel.cpp.o CMakeFiles/qimgv.dir/gui/customwidgets/slidevpanel.cpp.o CMakeFiles/qimgv.dir/gui/customwidgets/spinboxinputfix.cpp.o CMakeFiles/qimgv.dir/gui/customwidgets/thumbnailview.cpp.o CMakeFiles/qimgv.dir/gui/customwidgets/thumbnailwidget.cpp.o CMakeFiles/qimgv.dir/gui/customwidgets/videoslider.cpp.o CMakeFiles/qimgv.dir/gui/customwidgets/pushbuttonfocusind.cpp.o CMakeFiles/qimgv.dir/gui/customwidgets/styledcombobox.cpp.o CMakeFiles/qimgv.dir/gui/customwidgets/colorselectorbutton.cpp.o CMakeFiles/qimgv.dir/gui/customwidgets/entryinfoitem.cpp.o CMakeFiles/qimgv.dir/gui/dialogs/filereplacedialog.cpp.o CMakeFiles/qimgv.dir/gui/dialogs/resizedialog.cpp.o CMakeFiles/qimgv.dir/gui/dialogs/scripteditordialog.cpp.o CMakeFiles/qimgv.dir/gui/dialogs/settingsdialog.cpp.o CMakeFiles/qimgv.dir/gui/dialogs/shortcutcreatordialog.cpp.o CMakeFiles/qimgv.dir/gui/dialogs/printdialog.cpp.o CMakeFiles/qimgv.dir/gui/overlays/changelogwindow.cpp.o CMakeFiles/qimgv.dir/gui/overlays/controlsoverlay.cpp.o CMakeFiles/qimgv.dir/gui/overlays/copyoverlay.cpp.o CMakeFiles/qimgv.dir/gui/overlays/cropoverlay.cpp.o CMakeFiles/qimgv.dir/gui/overlays/floatingmessage.cpp.o CMakeFiles/qimgv.dir/gui/overlays/floatingmessageproxy.cpp.o CMakeFiles/qimgv.dir/gui/overlays/fullscreeninfooverlay.cpp.o CMakeFiles/qimgv.dir/gui/overlays/fullscreeninfooverlayproxy.cpp.o CMakeFiles/qimgv.dir/gui/overlays/imageinfooverlay.cpp.o CMakeFiles/qimgv.dir/gui/overlays/imageinfooverlayproxy.cpp.o CMakeFiles/qimgv.dir/gui/overlays/mapoverlay.cpp.o CMakeFiles/qimgv.dir/gui/overlays/renameoverlay.cpp.o CMakeFiles/qimgv.dir/gui/overlays/saveconfirmoverlay.cpp.o CMakeFiles/qimgv.dir/gui/overlays/videocontrols.cpp.o CMakeFiles/qimgv.dir/gui/overlays/videocontrolsproxy.cpp.o CMakeFiles/qimgv.dir/gui/overlays/zoomindicatoroverlay.cpp.o CMakeFiles/qimgv.dir/gui/overlays/zoomindicatoroverlayproxy.cpp.o CMakeFiles/qimgv.dir/gui/panels/croppanel/croppanel.cpp.o CMakeFiles/qimgv.dir/gui/panels/mainpanel/mainpanel.cpp.o CMakeFiles/qimgv.dir/gui/panels/mainpanel/thumbnailstrip.cpp.o CMakeFiles/qimgv.dir/gui/panels/mainpanel/thumbnailstripproxy.cpp.o CMakeFiles/qimgv.dir/gui/panels/sidepanel/sidepanel.cpp.o CMakeFiles/qimgv.dir/gui/panels/infobar/infobar.cpp.o CMakeFiles/qimgv.dir/gui/panels/infobar/infobarproxy.cpp.o CMakeFiles/qimgv.dir/gui/viewers/documentwidget.cpp.o CMakeFiles/qimgv.dir/gui/viewers/imageviewerv2.cpp.o CMakeFiles/qimgv.dir/gui/viewers/videoplayer.cpp.o CMakeFiles/qimgv.dir/gui/viewers/videoplayerinitproxy.cpp.o CMakeFiles/qimgv.dir/gui/viewers/viewerwidget.cpp.o CMakeFiles/qimgv.dir/gui/folderview/foldergridview.cpp.o CMakeFiles/qimgv.dir/gui/folderview/folderview.cpp.o CMakeFiles/qimgv.dir/gui/folderview/folderviewproxy.cpp.o CMakeFiles/qimgv.dir/gui/folderview/filesystemmodelcustom.cpp.o CMakeFiles/qimgv.dir/gui/folderview/treeviewcustom.cpp.o CMakeFiles/qimgv.dir/gui/folderview/bookmarkswidget.cpp.o CMakeFiles/qimgv.dir/gui/folderview/bookmarksitem.cpp.o CMakeFiles/qimgv.dir/gui/folderview/fvoptionspopup.cpp.o CMakeFiles/qimgv.dir/utils/actions.cpp.o CMakeFiles/qimgv.dir/utils/cmdoptionsrunner.cpp.o CMakeFiles/qimgv.dir/utils/imagefactory.cpp.o CMakeFiles/qimgv.dir/utils/imagelib.cpp.o CMakeFiles/qimgv.dir/utils/inputmap.cpp.o CMakeFiles/qimgv.dir/utils/randomizer.cpp.o CMakeFiles/qimgv.dir/utils/script.cpp.o CMakeFiles/qimgv.dir/utils/sleep.cpp.o CMakeFiles/qimgv.dir/utils/stuff.cpp.o CMakeFiles/qimgv.dir/utils/wallpapersetter.cpp.o CMakeFiles/qimgv.dir/utils/fileoperations.cpp.o CMakeFiles/qimgv.dir/qimgv_autogen/EWIEGA46WW/qrc_resources.cpp.o -o qimgv  /usr/lib/libQt6Svg.so.6.11.1 /usr/lib/libQt6PrintSupport.so.6.11.1 /usr/lib/libQt6OpenGLWidgets.so.6.11.1 /usr/lib/libQt6Widgets.so.6.11.1 /usr/lib/libQt6OpenGL.so.6.11.1 /usr/lib/libQt6Gui.so.6.11.1 /usr/lib/libGLX.so /usr/lib/libOpenGL.so /usr/lib/libQt6Core.so.6.11.1
[100%] Built target qimgv
