-- Install configuration: "None"
-- Installing: /build/rawtherapee-git/pkg/rawtherapee-git/usr/share/rawtherapee/camconst.json
-- Installing: /build/rawtherapee-git/pkg/rawtherapee-git/usr/bin/rawtherapee
-- Installing: /build/rawtherapee-git/pkg/rawtherapee-git/usr/bin/rawtherapee-cli
-- Installing: /build/rawtherapee-git/pkg/rawtherapee-git/usr/share/applications/rawtherapee.desktop
-- Installing: /build/rawtherapee-git/pkg/rawtherapee-git/usr/share/icons/hicolor
-- Installing: /build/rawtherapee-git/pkg/rawtherapee-git/usr/share/icons/hicolor/64x64
-- Installing: /build/rawtherapee-git/pkg/rawtherapee-git/usr/share/icons/hicolor/64x64/apps
-- Installing: /build/rawtherapee-git/pkg/rawtherapee-git/usr/share/icons/hicolor/64x64/apps/rawtherapee.png
-- Installing: /build/rawtherapee-git/pkg/rawtherapee-git/usr/share/icons/hicolor/32x32
-- Installing: /build/rawtherapee-git/pkg/rawtherapee-git/usr/share/icons/hicolor/32x32/apps
-- Installing: /build/rawtherapee-git/pkg/rawtherapee-git/usr/share/icons/hicolor/32x32/apps/rawtherapee.png
-- Installing: /build/rawtherapee-git/pkg/rawtherapee-git/usr/share/icons/hicolor/256x256
-- Installing: /build/rawtherapee-git/pkg/rawtherapee-git/usr/share/icons/hicolor/256x256/apps
-- Installing: /build/rawtherapee-git/pkg/rawtherapee-git/usr/share/icons/hicolor/256x256/apps/rawtherapee.png
-- Installing: /build/rawtherapee-git/pkg/rawtherapee-git/usr/share/icons/hicolor/48x48
-- Installing: /build/rawtherapee-git/pkg/rawtherapee-git/usr/share/icons/hicolor/48x48/apps
-- Installing: /build/rawtherapee-git/pkg/rawtherapee-git/usr/share/icons/hicolor/48x48/apps/rawtherapee.png
-- Installing: /build/rawtherapee-git/pkg/rawtherapee-git/usr/share/icons/hicolor/16x16
-- Installing: /build/rawtherapee-git/pkg/rawtherapee-git/usr/share/icons/hicolor/16x16/apps
-- Installing: /build/rawtherapee-git/pkg/rawtherapee-git/usr/share/icons/hicolor/16x16/apps/rawtherapee.png
-- Installing: /build/rawtherapee-git/pkg/rawtherapee-git/usr/share/icons/hicolor/24x24
-- Installing: /build/rawtherapee-git/pkg/rawtherapee-git/usr/share/icons/hicolor/24x24/apps
-- Installing: /build/rawtherapee-git/pkg/rawtherapee-git/usr/share/icons/hicolor/24x24/apps/rawtherapee.png
-- Installing: /build/rawtherapee-git/pkg/rawtherapee-git/usr/share/icons/hicolor/128x128
-- Installing: /build/rawtherapee-git/pkg/rawtherapee-git/usr/share/icons/hicolor/128x128/apps
-- Installing: /build/rawtherapee-git/pkg/rawtherapee-git/usr/share/icons/hicolor/128x128/apps/rawtherapee.png
-- Installing: /build/rawtherapee-git/pkg/rawtherapee-git/usr/share/icons/hicolor/scalable
-- Installing: /build/rawtherapee-git/pkg/rawtherapee-git/usr/share/icons/hicolor/scalable/apps
-- Installing: /build/rawtherapee-git/pkg/rawtherapee-git/usr/share/icons/hicolor/scalable/apps/rawtherapee.svg
-- Installing: /build/rawtherapee-git/pkg/rawtherapee-git/usr/share/rawtherapee/languages/Catala
-- Installing: /build/rawtherapee-git/pkg/rawtherapee-git/usr/share/rawtherapee/languages/Chinese (Simplified)
-- Installing: /build/rawtherapee-git/pkg/rawtherapee-git/usr/share/rawtherapee/languages/Czech
-- Installing: /build/rawtherapee-git/pkg/rawtherapee-git/usr/share/rawtherapee/languages/Dansk
-- Installing: /build/rawtherapee-git/pkg/rawtherapee-git/usr/share/rawtherapee/languages/Deutsch
-- Installing: /build/rawtherapee-git/pkg/rawtherapee-git/usr/share/rawtherapee/languages/English (UK)
-- Installing: /build/rawtherapee-git/pkg/rawtherapee-git/usr/share/rawtherapee/languages/English (US)
-- Installing: /build/rawtherapee-git/pkg/rawtherapee-git/usr/share/rawtherapee/languages/Espanol (Castellano)
-- Installing: /build/rawtherapee-git/pkg/rawtherapee-git/usr/share/rawtherapee/languages/Espanol (Latin America)
-- Installing: /build/rawtherapee-git/pkg/rawtherapee-git/usr/share/rawtherapee/languages/Francais
-- Installing: /build/rawtherapee-git/pkg/rawtherapee-git/usr/share/rawtherapee/languages/Hebrew
-- Installing: /build/rawtherapee-git/pkg/rawtherapee-git/usr/share/rawtherapee/languages/Italiano
-- Installing: /build/rawtherapee-git/pkg/rawtherapee-git/usr/share/rawtherapee/languages/Japanese
-- Installing: /build/rawtherapee-git/pkg/rawtherapee-git/usr/share/rawtherapee/languages/Korean
-- Installing: /build/rawtherapee-git/pkg/rawtherapee-git/usr/share/rawtherapee/languages/LICENSE
-- Installing: /build/rawtherapee-git/pkg/rawtherapee-git/usr/share/rawtherapee/languages/Magyar
-- Installing: /build/rawtherapee-git/pkg/rawtherapee-git/usr/share/rawtherapee/languages/Nederlands
-- Installing: /build/rawtherapee-git/pkg/rawtherapee-git/usr/share/rawtherapee/languages/Polish
-- Installing: /build/rawtherapee-git/pkg/rawtherapee-git/usr/share/rawtherapee/languages/Portugues
-- Installing: /build/rawtherapee-git/pkg/rawtherapee-git/usr/share/rawtherapee/languages/Portugues (Brasil)
-- Installing: /build/rawtherapee-git/pkg/rawtherapee-git/usr/share/rawtherapee/languages/README
-- Installing: /build/rawtherapee-git/pkg/rawtherapee-git/usr/share/rawtherapee/languages/Russian
-- Installing: /build/rawtherapee-git/pkg/rawtherapee-git/usr/share/rawtherapee/languages/Serbian (Cyrilic Characters)
-- Installing: /build/rawtherapee-git/pkg/rawtherapee-git/usr/share/rawtherapee/languages/Slovenian
-- Installing: /build/rawtherapee-git/pkg/rawtherapee-git/usr/share/rawtherapee/languages/Swedish
-- Installing: /build/rawtherapee-git/pkg/rawtherapee-git/usr/share/rawtherapee/languages/Ukrainian
-- Installing: /build/rawtherapee-git/pkg/rawtherapee-git/usr/share/rawtherapee/languages/default
-- Installing: /build/rawtherapee-git/pkg/rawtherapee-git/usr/share/rawtherapee/sounds/BatchComplete.wav
-- Installing: /build/rawtherapee-git/pkg/rawtherapee-git/usr/share/rawtherapee/sounds/Empty.wav
-- Installing: /build/rawtherapee-git/pkg/rawtherapee-git/usr/share/rawtherapee/sounds/ProcessComplete.wav
-- Installing: /build/rawtherapee-git/pkg/rawtherapee-git/usr/share/rawtherapee/iccprofiles/input/Canon EOS 20D.icc
-- Installing: /build/rawtherapee-git/pkg/rawtherapee-git/usr/share/rawtherapee/iccprofiles/input/Canon EOS 40D.icc
-- Installing: /build/rawtherapee-git/pkg/rawtherapee-git/usr/share/rawtherapee/iccprofiles/input/Canon EOS 450D.icc
-- Installing: /build/rawtherapee-git/pkg/rawtherapee-git/usr/share/rawtherapee/iccprofiles/input/Canon EOS 550D.icc
-- Installing: /build/rawtherapee-git/pkg/rawtherapee-git/usr/share/rawtherapee/iccprofiles/input/Canon EOS 5D.icc
-- Installing: /build/rawtherapee-git/pkg/rawtherapee-git/usr/share/rawtherapee/iccprofiles/input/Canon EOS-1D Mark III.icc
-- Installing: /build/rawtherapee-git/pkg/rawtherapee-git/usr/share/rawtherapee/iccprofiles/input/Canon PowerShot G10.icc
-- Installing: /build/rawtherapee-git/pkg/rawtherapee-git/usr/share/rawtherapee/iccprofiles/input/Canon PowerShot G12.icc
-- Installing: /build/rawtherapee-git/pkg/rawtherapee-git/usr/share/rawtherapee/iccprofiles/input/Nikon D200.icc
-- Installing: /build/rawtherapee-git/pkg/rawtherapee-git/usr/share/rawtherapee/iccprofiles/input/Nikon D3000.icc
-- Installing: /build/rawtherapee-git/pkg/rawtherapee-git/usr/share/rawtherapee/iccprofiles/input/Nikon D3100.icc
-- Installing: /build/rawtherapee-git/pkg/rawtherapee-git/usr/share/rawtherapee/iccprofiles/input/Nikon D3S.icc
-- Installing: /build/rawtherapee-git/pkg/rawtherapee-git/usr/share/rawtherapee/iccprofiles/input/Nikon D700.icc
-- Installing: /build/rawtherapee-git/pkg/rawtherapee-git/usr/share/rawtherapee/iccprofiles/input/Nikon D7000.icc
-- Installing: /build/rawtherapee-git/pkg/rawtherapee-git/usr/share/rawtherapee/iccprofiles/input/Olympus E-P2.icc
-- Installing: /build/rawtherapee-git/pkg/rawtherapee-git/usr/share/rawtherapee/iccprofiles/input/Panasonic DMC-FZ150.icc
-- Installing: /build/rawtherapee-git/pkg/rawtherapee-git/usr/share/rawtherapee/iccprofiles/input/Panasonic DMC-FZ35.icc
-- Installing: /build/rawtherapee-git/pkg/rawtherapee-git/usr/share/rawtherapee/iccprofiles/input/Panasonic DMC-FZ38.icc
-- Installing: /build/rawtherapee-git/pkg/rawtherapee-git/usr/share/rawtherapee/iccprofiles/input/Panasonic DMC-G1.icc
-- Installing: /build/rawtherapee-git/pkg/rawtherapee-git/usr/share/rawtherapee/iccprofiles/input/Panasonic DMC-G3.icc
-- Installing: /build/rawtherapee-git/pkg/rawtherapee-git/usr/share/rawtherapee/iccprofiles/input/Panasonic DMC-GH1.icc
-- Installing: /build/rawtherapee-git/pkg/rawtherapee-git/usr/share/rawtherapee/iccprofiles/input/Panasonic DMC-GH2.icc
-- Installing: /build/rawtherapee-git/pkg/rawtherapee-git/usr/share/rawtherapee/iccprofiles/input/Pentax K200D.icc
-- Installing: /build/rawtherapee-git/pkg/rawtherapee-git/usr/share/rawtherapee/iccprofiles/input/Sony DSLR-A700.icc
-- Installing: /build/rawtherapee-git/pkg/rawtherapee-git/usr/share/rawtherapee/iccprofiles/input/Sony DSLR-A900.icc
-- Installing: /build/rawtherapee-git/pkg/rawtherapee-git/usr/share/rawtherapee/iccprofiles/input/Sony SLT-A55V.icc
-- Installing: /build/rawtherapee-git/pkg/rawtherapee-git/usr/share/rawtherapee/iccprofiles/input/sd14-bl15-crop-matrix-gamma-wp10.icm
-- Installing: /build/rawtherapee-git/pkg/rawtherapee-git/usr/share/rawtherapee/iccprofiles/input/sd14-bl15-crop-matrix-gamma-wp11.icm
-- Installing: /build/rawtherapee-git/pkg/rawtherapee-git/usr/share/rawtherapee/iccprofiles/input/sd14-bl15-crop-matrix-gamma-wp12.icm
-- Installing: /build/rawtherapee-git/pkg/rawtherapee-git/usr/share/rawtherapee/iccprofiles/input/sd1_merrill_cloudy8140-CROP-WP10.icm
-- Installing: /build/rawtherapee-git/pkg/rawtherapee-git/usr/share/rawtherapee/iccprofiles/input/sd1_merrill_cloudy8140-CROP-WP11.icm
-- Installing: /build/rawtherapee-git/pkg/rawtherapee-git/usr/share/rawtherapee/iccprofiles/input/sd1_merrill_sunny8161-crop-wp10.icm
-- Installing: /build/rawtherapee-git/pkg/rawtherapee-git/usr/share/rawtherapee/iccprofiles/input/sd1_merrill_sunny8161-crop-wp11.icm
-- Installing: /build/rawtherapee-git/pkg/rawtherapee-git/usr/share/rawtherapee/iccprofiles/input/sd1_merrill_tungsten8130-CROP-WP10.icm
-- Installing: /build/rawtherapee-git/pkg/rawtherapee-git/usr/share/rawtherapee/iccprofiles/input/sd1_merrill_tungsten8130-CROP-WP11.icm
-- Installing: /build/rawtherapee-git/pkg/rawtherapee-git/usr/share/rawtherapee/iccprofiles/output/DCI-P3 D65.icc
-- Installing: /build/rawtherapee-git/pkg/rawtherapee-git/usr/share/rawtherapee/iccprofiles/output/DCI-P3 Theater.icc
-- Installing: /build/rawtherapee-git/pkg/rawtherapee-git/usr/share/rawtherapee/iccprofiles/output/RTv2_ACES-AP0.icc
-- Installing: /build/rawtherapee-git/pkg/rawtherapee-git/usr/share/rawtherapee/iccprofiles/output/RTv2_ACES-AP1.icc
-- Installing: /build/rawtherapee-git/pkg/rawtherapee-git/usr/share/rawtherapee/iccprofiles/output/RTv2_Best.icc
-- Installing: /build/rawtherapee-git/pkg/rawtherapee-git/usr/share/rawtherapee/iccprofiles/output/RTv2_Beta.icc
-- Installing: /build/rawtherapee-git/pkg/rawtherapee-git/usr/share/rawtherapee/iccprofiles/output/RTv2_Bruce.icc
-- Installing: /build/rawtherapee-git/pkg/rawtherapee-git/usr/share/rawtherapee/iccprofiles/output/RTv2_Large.icc
-- Installing: /build/rawtherapee-git/pkg/rawtherapee-git/usr/share/rawtherapee/iccprofiles/output/RTv2_Medium.icc
-- Installing: /build/rawtherapee-git/pkg/rawtherapee-git/usr/share/rawtherapee/iccprofiles/output/RTv2_Rec2020.icc
-- Installing: /build/rawtherapee-git/pkg/rawtherapee-git/usr/share/rawtherapee/iccprofiles/output/RTv2_Wide.icc
-- Installing: /build/rawtherapee-git/pkg/rawtherapee-git/usr/share/rawtherapee/iccprofiles/output/RTv2_sRGB.icc
-- Installing: /build/rawtherapee-git/pkg/rawtherapee-git/usr/share/rawtherapee/iccprofiles/output/RTv4_ACES-AP0.icc
-- Installing: /build/rawtherapee-git/pkg/rawtherapee-git/usr/share/rawtherapee/iccprofiles/output/RTv4_ACES-AP1.icc
-- Installing: /build/rawtherapee-git/pkg/rawtherapee-git/usr/share/rawtherapee/iccprofiles/output/RTv4_Best.icc
-- Installing: /build/rawtherapee-git/pkg/rawtherapee-git/usr/share/rawtherapee/iccprofiles/output/RTv4_Beta.icc
-- Installing: /build/rawtherapee-git/pkg/rawtherapee-git/usr/share/rawtherapee/iccprofiles/output/RTv4_Bruce.icc
-- Installing: /build/rawtherapee-git/pkg/rawtherapee-git/usr/share/rawtherapee/iccprofiles/output/RTv4_Large.icc
-- Installing: /build/rawtherapee-git/pkg/rawtherapee-git/usr/share/rawtherapee/iccprofiles/output/RTv4_Medium.icc
-- Installing: /build/rawtherapee-git/pkg/rawtherapee-git/usr/share/rawtherapee/iccprofiles/output/RTv4_Rec2020.icc
-- Installing: /build/rawtherapee-git/pkg/rawtherapee-git/usr/share/rawtherapee/iccprofiles/output/RTv4_Wide.icc
-- Installing: /build/rawtherapee-git/pkg/rawtherapee-git/usr/share/rawtherapee/iccprofiles/output/RTv4_sRGB.icc
-- Installing: /build/rawtherapee-git/pkg/rawtherapee-git/usr/share/rawtherapee/dcpprofiles/CANON EOS 250D.dcp
-- Installing: /build/rawtherapee-git/pkg/rawtherapee-git/usr/share/rawtherapee/dcpprofiles/CANON EOS 800D.dcp
-- Installing: /build/rawtherapee-git/pkg/rawtherapee-git/usr/share/rawtherapee/dcpprofiles/CANON EOS M50.dcp
-- Installing: /build/rawtherapee-git/pkg/rawtherapee-git/usr/share/rawtherapee/dcpprofiles/CANON POWERSHOT G5 X MARK II.dcp
-- Installing: /build/rawtherapee-git/pkg/rawtherapee-git/usr/share/rawtherapee/dcpprofiles/Canon EOS 100D.dcp
-- Installing: /build/rawtherapee-git/pkg/rawtherapee-git/usr/share/rawtherapee/dcpprofiles/Canon EOS 1300D.dcp
-- Installing: /build/rawtherapee-git/pkg/rawtherapee-git/usr/share/rawtherapee/dcpprofiles/Canon EOS 20D.dcp
-- Installing: /build/rawtherapee-git/pkg/rawtherapee-git/usr/share/rawtherapee/dcpprofiles/Canon EOS 400D.dcp
-- Installing: /build/rawtherapee-git/pkg/rawtherapee-git/usr/share/rawtherapee/dcpprofiles/Canon EOS 40D.dcp
-- Installing: /build/rawtherapee-git/pkg/rawtherapee-git/usr/share/rawtherapee/dcpprofiles/Canon EOS 450D.dcp
-- Installing: /build/rawtherapee-git/pkg/rawtherapee-git/usr/share/rawtherapee/dcpprofiles/Canon EOS 50D.dcp
-- Installing: /build/rawtherapee-git/pkg/rawtherapee-git/usr/share/rawtherapee/dcpprofiles/Canon EOS 550D.dcp
-- Installing: /build/rawtherapee-git/pkg/rawtherapee-git/usr/share/rawtherapee/dcpprofiles/Canon EOS 5D Mark II.dcp
-- Installing: /build/rawtherapee-git/pkg/rawtherapee-git/usr/share/rawtherapee/dcpprofiles/Canon EOS 5D Mark III.dcp
-- Installing: /build/rawtherapee-git/pkg/rawtherapee-git/usr/share/rawtherapee/dcpprofiles/Canon EOS 5D Mark IV.dcp
-- Installing: /build/rawtherapee-git/pkg/rawtherapee-git/usr/share/rawtherapee/dcpprofiles/Canon EOS 5D.dcp
-- Installing: /build/rawtherapee-git/pkg/rawtherapee-git/usr/share/rawtherapee/dcpprofiles/Canon EOS 600D.dcp
-- Installing: /build/rawtherapee-git/pkg/rawtherapee-git/usr/share/rawtherapee/dcpprofiles/Canon EOS 60D.dcp
-- Installing: /build/rawtherapee-git/pkg/rawtherapee-git/usr/share/rawtherapee/dcpprofiles/Canon EOS 650D.dcp
-- Installing: /build/rawtherapee-git/pkg/rawtherapee-git/usr/share/rawtherapee/dcpprofiles/Canon EOS 6D Mark II.dcp
-- Installing: /build/rawtherapee-git/pkg/rawtherapee-git/usr/share/rawtherapee/dcpprofiles/Canon EOS 6D.dcp
-- Installing: /build/rawtherapee-git/pkg/rawtherapee-git/usr/share/rawtherapee/dcpprofiles/Canon EOS 7D Mark II.dcp
-- Installing: /build/rawtherapee-git/pkg/rawtherapee-git/usr/share/rawtherapee/dcpprofiles/Canon EOS 7D.dcp
-- Installing: /build/rawtherapee-git/pkg/rawtherapee-git/usr/share/rawtherapee/dcpprofiles/Canon EOS 90D.dcp
-- Installing: /build/rawtherapee-git/pkg/rawtherapee-git/usr/share/rawtherapee/dcpprofiles/Canon EOS D60.dcp
-- Installing: /build/rawtherapee-git/pkg/rawtherapee-git/usr/share/rawtherapee/dcpprofiles/Canon EOS M6 Mark II.dcp
-- Installing: /build/rawtherapee-git/pkg/rawtherapee-git/usr/share/rawtherapee/dcpprofiles/Canon EOS R.dcp
-- Installing: /build/rawtherapee-git/pkg/rawtherapee-git/usr/share/rawtherapee/dcpprofiles/Canon EOS R5.dcp
-- Installing: /build/rawtherapee-git/pkg/rawtherapee-git/usr/share/rawtherapee/dcpprofiles/Canon EOS R6.dcp
-- Installing: /build/rawtherapee-git/pkg/rawtherapee-git/usr/share/rawtherapee/dcpprofiles/Canon EOS R8.dcp
-- Installing: /build/rawtherapee-git/pkg/rawtherapee-git/usr/share/rawtherapee/dcpprofiles/Canon EOS RP.dcp
-- Installing: /build/rawtherapee-git/pkg/rawtherapee-git/usr/share/rawtherapee/dcpprofiles/Canon EOS-1D Mark III.dcp
-- Installing: /build/rawtherapee-git/pkg/rawtherapee-git/usr/share/rawtherapee/dcpprofiles/Canon EOS-1D X Mark III.dcp
-- Installing: /build/rawtherapee-git/pkg/rawtherapee-git/usr/share/rawtherapee/dcpprofiles/Canon EOS-1Ds Mark II.dcp
-- Installing: /build/rawtherapee-git/pkg/rawtherapee-git/usr/share/rawtherapee/dcpprofiles/Canon PowerShot G1 X Mark II.dcp
-- Installing: /build/rawtherapee-git/pkg/rawtherapee-git/usr/share/rawtherapee/dcpprofiles/Canon PowerShot G10.dcp
-- Installing: /build/rawtherapee-git/pkg/rawtherapee-git/usr/share/rawtherapee/dcpprofiles/Canon PowerShot G12.dcp
-- Installing: /build/rawtherapee-git/pkg/rawtherapee-git/usr/share/rawtherapee/dcpprofiles/Canon PowerShot G7 X.dcp
-- Installing: /build/rawtherapee-git/pkg/rawtherapee-git/usr/share/rawtherapee/dcpprofiles/Canon PowerShot S110.dcp
-- Installing: /build/rawtherapee-git/pkg/rawtherapee-git/usr/share/rawtherapee/dcpprofiles/Canon PowerShot S120.dcp
-- Installing: /build/rawtherapee-git/pkg/rawtherapee-git/usr/share/rawtherapee/dcpprofiles/FUJIFILM DBP for GX680.dcp
-- Installing: /build/rawtherapee-git/pkg/rawtherapee-git/usr/share/rawtherapee/dcpprofiles/FUJIFILM FinePix F600EXR.dcp
-- Installing: /build/rawtherapee-git/pkg/rawtherapee-git/usr/share/rawtherapee/dcpprofiles/FUJIFILM GFX 50R.dcp
-- Installing: /build/rawtherapee-git/pkg/rawtherapee-git/usr/share/rawtherapee/dcpprofiles/FUJIFILM X-A5.dcp
-- Installing: /build/rawtherapee-git/pkg/rawtherapee-git/usr/share/rawtherapee/dcpprofiles/FUJIFILM X-A7.dcp
-- Installing: /build/rawtherapee-git/pkg/rawtherapee-git/usr/share/rawtherapee/dcpprofiles/FUJIFILM X-E3.dcp
-- Installing: /build/rawtherapee-git/pkg/rawtherapee-git/usr/share/rawtherapee/dcpprofiles/FUJIFILM X-H1.dcp
-- Installing: /build/rawtherapee-git/pkg/rawtherapee-git/usr/share/rawtherapee/dcpprofiles/FUJIFILM X-Pro2.dcp
-- Installing: /build/rawtherapee-git/pkg/rawtherapee-git/usr/share/rawtherapee/dcpprofiles/FUJIFILM X-Pro3.dcp
-- Installing: /build/rawtherapee-git/pkg/rawtherapee-git/usr/share/rawtherapee/dcpprofiles/FUJIFILM X-S1.dcp
-- Installing: /build/rawtherapee-git/pkg/rawtherapee-git/usr/share/rawtherapee/dcpprofiles/FUJIFILM X-S10.dcp
-- Installing: /build/rawtherapee-git/pkg/rawtherapee-git/usr/share/rawtherapee/dcpprofiles/FUJIFILM X-T1.dcp
-- Installing: /build/rawtherapee-git/pkg/rawtherapee-git/usr/share/rawtherapee/dcpprofiles/FUJIFILM X-T10.dcp
-- Installing: /build/rawtherapee-git/pkg/rawtherapee-git/usr/share/rawtherapee/dcpprofiles/FUJIFILM X-T2.dcp
-- Installing: /build/rawtherapee-git/pkg/rawtherapee-git/usr/share/rawtherapee/dcpprofiles/FUJIFILM X-T20.dcp
-- Installing: /build/rawtherapee-git/pkg/rawtherapee-git/usr/share/rawtherapee/dcpprofiles/FUJIFILM X-T3.dcp
-- Installing: /build/rawtherapee-git/pkg/rawtherapee-git/usr/share/rawtherapee/dcpprofiles/FUJIFILM X-T30.dcp
-- Installing: /build/rawtherapee-git/pkg/rawtherapee-git/usr/share/rawtherapee/dcpprofiles/FUJIFILM X-T4.dcp
-- Installing: /build/rawtherapee-git/pkg/rawtherapee-git/usr/share/rawtherapee/dcpprofiles/FUJIFILM X100S.dcp
-- Installing: /build/rawtherapee-git/pkg/rawtherapee-git/usr/share/rawtherapee/dcpprofiles/FUJIFILM X100T.dcp
-- Installing: /build/rawtherapee-git/pkg/rawtherapee-git/usr/share/rawtherapee/dcpprofiles/Fujifilm FinePix S9500.dcp
-- Installing: /build/rawtherapee-git/pkg/rawtherapee-git/usr/share/rawtherapee/dcpprofiles/Fujifilm X-E1.dcp
-- Installing: /build/rawtherapee-git/pkg/rawtherapee-git/usr/share/rawtherapee/dcpprofiles/Fujifilm X-E2.dcp
-- Installing: /build/rawtherapee-git/pkg/rawtherapee-git/usr/share/rawtherapee/dcpprofiles/LG Mobile LG-H815.dcp
-- Installing: /build/rawtherapee-git/pkg/rawtherapee-git/usr/share/rawtherapee/dcpprofiles/Leaf Aptus 75.dcp
-- Installing: /build/rawtherapee-git/pkg/rawtherapee-git/usr/share/rawtherapee/dcpprofiles/MINOLTA DYNAX 7D.dcp
-- Installing: /build/rawtherapee-git/pkg/rawtherapee-git/usr/share/rawtherapee/dcpprofiles/NIKON COOLPIX P7800.dcp
-- Installing: /build/rawtherapee-git/pkg/rawtherapee-git/usr/share/rawtherapee/dcpprofiles/NIKON D300.dcp
-- Installing: /build/rawtherapee-git/pkg/rawtherapee-git/usr/share/rawtherapee/dcpprofiles/NIKON D3300.dcp
-- Installing: /build/rawtherapee-git/pkg/rawtherapee-git/usr/share/rawtherapee/dcpprofiles/NIKON D50.dcp
-- Installing: /build/rawtherapee-git/pkg/rawtherapee-git/usr/share/rawtherapee/dcpprofiles/NIKON D500.dcp
-- Installing: /build/rawtherapee-git/pkg/rawtherapee-git/usr/share/rawtherapee/dcpprofiles/NIKON D5000.dcp
-- Installing: /build/rawtherapee-git/pkg/rawtherapee-git/usr/share/rawtherapee/dcpprofiles/NIKON D5300.dcp
-- Installing: /build/rawtherapee-git/pkg/rawtherapee-git/usr/share/rawtherapee/dcpprofiles/NIKON D5600.dcp
-- Installing: /build/rawtherapee-git/pkg/rawtherapee-git/usr/share/rawtherapee/dcpprofiles/NIKON D600.dcp
-- Installing: /build/rawtherapee-git/pkg/rawtherapee-git/usr/share/rawtherapee/dcpprofiles/NIKON D610.dcp
-- Installing: /build/rawtherapee-git/pkg/rawtherapee-git/usr/share/rawtherapee/dcpprofiles/NIKON D700.dcp
-- Installing: /build/rawtherapee-git/pkg/rawtherapee-git/usr/share/rawtherapee/dcpprofiles/NIKON D70s.dcp
-- Installing: /build/rawtherapee-git/pkg/rawtherapee-git/usr/share/rawtherapee/dcpprofiles/NIKON D7100.dcp
-- Installing: /build/rawtherapee-git/pkg/rawtherapee-git/usr/share/rawtherapee/dcpprofiles/NIKON D7200.dcp
-- Installing: /build/rawtherapee-git/pkg/rawtherapee-git/usr/share/rawtherapee/dcpprofiles/NIKON D750.dcp
-- Installing: /build/rawtherapee-git/pkg/rawtherapee-git/usr/share/rawtherapee/dcpprofiles/NIKON D7500.dcp
-- Installing: /build/rawtherapee-git/pkg/rawtherapee-git/usr/share/rawtherapee/dcpprofiles/NIKON D80.dcp
-- Installing: /build/rawtherapee-git/pkg/rawtherapee-git/usr/share/rawtherapee/dcpprofiles/NIKON D800.dcp
-- Installing: /build/rawtherapee-git/pkg/rawtherapee-git/usr/share/rawtherapee/dcpprofiles/NIKON D800E.dcp
-- Installing: /build/rawtherapee-git/pkg/rawtherapee-git/usr/share/rawtherapee/dcpprofiles/NIKON D810.dcp
-- Installing: /build/rawtherapee-git/pkg/rawtherapee-git/usr/share/rawtherapee/dcpprofiles/NIKON D850.dcp
-- Installing: /build/rawtherapee-git/pkg/rawtherapee-git/usr/share/rawtherapee/dcpprofiles/NIKON Z 5.dcp
-- Installing: /build/rawtherapee-git/pkg/rawtherapee-git/usr/share/rawtherapee/dcpprofiles/NIKON Z 50.dcp
-- Installing: /build/rawtherapee-git/pkg/rawtherapee-git/usr/share/rawtherapee/dcpprofiles/NIKON Z 6.dcp
-- Installing: /build/rawtherapee-git/pkg/rawtherapee-git/usr/share/rawtherapee/dcpprofiles/NIKON Z 6_2.dcp
-- Installing: /build/rawtherapee-git/pkg/rawtherapee-git/usr/share/rawtherapee/dcpprofiles/NIKON Z 7.dcp
-- Installing: /build/rawtherapee-git/pkg/rawtherapee-git/usr/share/rawtherapee/dcpprofiles/NIKON Z 8.dcp
-- Installing: /build/rawtherapee-git/pkg/rawtherapee-git/usr/share/rawtherapee/dcpprofiles/NIKON Z 9.dcp
-- Installing: /build/rawtherapee-git/pkg/rawtherapee-git/usr/share/rawtherapee/dcpprofiles/NIKON Z F.dcp
-- Installing: /build/rawtherapee-git/pkg/rawtherapee-git/usr/share/rawtherapee/dcpprofiles/Nikon D200.dcp
-- Installing: /build/rawtherapee-git/pkg/rawtherapee-git/usr/share/rawtherapee/dcpprofiles/Nikon D3000.dcp
-- Installing: /build/rawtherapee-git/pkg/rawtherapee-git/usr/share/rawtherapee/dcpprofiles/Nikon D3100.dcp
-- Installing: /build/rawtherapee-git/pkg/rawtherapee-git/usr/share/rawtherapee/dcpprofiles/Nikon D3S.dcp
-- Installing: /build/rawtherapee-git/pkg/rawtherapee-git/usr/share/rawtherapee/dcpprofiles/Nikon D5100.dcp
-- Installing: /build/rawtherapee-git/pkg/rawtherapee-git/usr/share/rawtherapee/dcpprofiles/Nikon D7000.dcp
-- Installing: /build/rawtherapee-git/pkg/rawtherapee-git/usr/share/rawtherapee/dcpprofiles/OLYMPUS E-510.dcp
-- Installing: /build/rawtherapee-git/pkg/rawtherapee-git/usr/share/rawtherapee/dcpprofiles/OLYMPUS E-M1.dcp
-- Installing: /build/rawtherapee-git/pkg/rawtherapee-git/usr/share/rawtherapee/dcpprofiles/OLYMPUS E-M10.dcp
-- Installing: /build/rawtherapee-git/pkg/rawtherapee-git/usr/share/rawtherapee/dcpprofiles/OLYMPUS E-M1MarkII.dcp
-- Installing: /build/rawtherapee-git/pkg/rawtherapee-git/usr/share/rawtherapee/dcpprofiles/OLYMPUS E-M5MarkII.dcp
-- Installing: /build/rawtherapee-git/pkg/rawtherapee-git/usr/share/rawtherapee/dcpprofiles/Olympus E-1.dcp
-- Installing: /build/rawtherapee-git/pkg/rawtherapee-git/usr/share/rawtherapee/dcpprofiles/Olympus E-520.dcp
-- Installing: /build/rawtherapee-git/pkg/rawtherapee-git/usr/share/rawtherapee/dcpprofiles/Olympus E-M5.dcp
-- Installing: /build/rawtherapee-git/pkg/rawtherapee-git/usr/share/rawtherapee/dcpprofiles/Olympus E-P2.dcp
-- Installing: /build/rawtherapee-git/pkg/rawtherapee-git/usr/share/rawtherapee/dcpprofiles/Olympus XZ-1.dcp
-- Installing: /build/rawtherapee-git/pkg/rawtherapee-git/usr/share/rawtherapee/dcpprofiles/PANASONIC DC-S5M2.dcp
-- Installing: /build/rawtherapee-git/pkg/rawtherapee-git/usr/share/rawtherapee/dcpprofiles/PANASONIC DMC-LX100.dcp
-- Installing: /build/rawtherapee-git/pkg/rawtherapee-git/usr/share/rawtherapee/dcpprofiles/PENTAX K-5 II.dcp
-- Installing: /build/rawtherapee-git/pkg/rawtherapee-git/usr/share/rawtherapee/dcpprofiles/PENTAX K-5.dcp
-- Installing: /build/rawtherapee-git/pkg/rawtherapee-git/usr/share/rawtherapee/dcpprofiles/PENTAX K-50.dcp
-- Installing: /build/rawtherapee-git/pkg/rawtherapee-git/usr/share/rawtherapee/dcpprofiles/PENTAX K10D.dcp
-- Installing: /build/rawtherapee-git/pkg/rawtherapee-git/usr/share/rawtherapee/dcpprofiles/Panasonic DC-G9.dcp
-- Installing: /build/rawtherapee-git/pkg/rawtherapee-git/usr/share/rawtherapee/dcpprofiles/Panasonic DC-GX9.dcp
-- Installing: /build/rawtherapee-git/pkg/rawtherapee-git/usr/share/rawtherapee/dcpprofiles/Panasonic DC-S1.dcp
-- Installing: /build/rawtherapee-git/pkg/rawtherapee-git/usr/share/rawtherapee/dcpprofiles/Panasonic DC-S5.dcp
-- Installing: /build/rawtherapee-git/pkg/rawtherapee-git/usr/share/rawtherapee/dcpprofiles/Panasonic DC-TZ91.dcp
-- Installing: /build/rawtherapee-git/pkg/rawtherapee-git/usr/share/rawtherapee/dcpprofiles/Panasonic DMC-FZ1000.dcp
-- Installing: /build/rawtherapee-git/pkg/rawtherapee-git/usr/share/rawtherapee/dcpprofiles/Panasonic DMC-FZ150.dcp
-- Installing: /build/rawtherapee-git/pkg/rawtherapee-git/usr/share/rawtherapee/dcpprofiles/Panasonic DMC-FZ35.dcp
-- Installing: /build/rawtherapee-git/pkg/rawtherapee-git/usr/share/rawtherapee/dcpprofiles/Panasonic DMC-FZ38.dcp
-- Installing: /build/rawtherapee-git/pkg/rawtherapee-git/usr/share/rawtherapee/dcpprofiles/Panasonic DMC-G1.dcp
-- Installing: /build/rawtherapee-git/pkg/rawtherapee-git/usr/share/rawtherapee/dcpprofiles/Panasonic DMC-G3.dcp
-- Installing: /build/rawtherapee-git/pkg/rawtherapee-git/usr/share/rawtherapee/dcpprofiles/Panasonic DMC-G5.dcp
-- Installing: /build/rawtherapee-git/pkg/rawtherapee-git/usr/share/rawtherapee/dcpprofiles/Panasonic DMC-GH1.dcp
-- Installing: /build/rawtherapee-git/pkg/rawtherapee-git/usr/share/rawtherapee/dcpprofiles/Panasonic DMC-GH2.dcp
-- Installing: /build/rawtherapee-git/pkg/rawtherapee-git/usr/share/rawtherapee/dcpprofiles/Panasonic DMC-GX7.dcp
-- Installing: /build/rawtherapee-git/pkg/rawtherapee-git/usr/share/rawtherapee/dcpprofiles/Panasonic DMC-GX85.dcp
-- Installing: /build/rawtherapee-git/pkg/rawtherapee-git/usr/share/rawtherapee/dcpprofiles/Pentax K-r.dcp
-- Installing: /build/rawtherapee-git/pkg/rawtherapee-git/usr/share/rawtherapee/dcpprofiles/Pentax K200D.dcp
-- Installing: /build/rawtherapee-git/pkg/rawtherapee-git/usr/share/rawtherapee/dcpprofiles/RICOH GR III.dcp
-- Installing: /build/rawtherapee-git/pkg/rawtherapee-git/usr/share/rawtherapee/dcpprofiles/RICOH PENTAX K-1.dcp
-- Installing: /build/rawtherapee-git/pkg/rawtherapee-git/usr/share/rawtherapee/dcpprofiles/RICOH PENTAX K-3.dcp
-- Installing: /build/rawtherapee-git/pkg/rawtherapee-git/usr/share/rawtherapee/dcpprofiles/SONY DSC-RX100M6.dcp
-- Installing: /build/rawtherapee-git/pkg/rawtherapee-git/usr/share/rawtherapee/dcpprofiles/SONY DSLR-A580.dcp
-- Installing: /build/rawtherapee-git/pkg/rawtherapee-git/usr/share/rawtherapee/dcpprofiles/SONY ILCE-6000.dcp
-- Installing: /build/rawtherapee-git/pkg/rawtherapee-git/usr/share/rawtherapee/dcpprofiles/SONY ILCE-6300.dcp
-- Installing: /build/rawtherapee-git/pkg/rawtherapee-git/usr/share/rawtherapee/dcpprofiles/SONY ILCE-6400.dcp
-- Installing: /build/rawtherapee-git/pkg/rawtherapee-git/usr/share/rawtherapee/dcpprofiles/SONY ILCE-6500.dcp
-- Installing: /build/rawtherapee-git/pkg/rawtherapee-git/usr/share/rawtherapee/dcpprofiles/SONY ILCE-6600.dcp
-- Installing: /build/rawtherapee-git/pkg/rawtherapee-git/usr/share/rawtherapee/dcpprofiles/SONY ILCE-7.dcp
-- Installing: /build/rawtherapee-git/pkg/rawtherapee-git/usr/share/rawtherapee/dcpprofiles/SONY ILCE-7C.dcp
-- Installing: /build/rawtherapee-git/pkg/rawtherapee-git/usr/share/rawtherapee/dcpprofiles/SONY ILCE-7M2.dcp
-- Installing: /build/rawtherapee-git/pkg/rawtherapee-git/usr/share/rawtherapee/dcpprofiles/SONY ILCE-7M3.dcp
-- Installing: /build/rawtherapee-git/pkg/rawtherapee-git/usr/share/rawtherapee/dcpprofiles/SONY ILCE-7M4.dcp
-- Installing: /build/rawtherapee-git/pkg/rawtherapee-git/usr/share/rawtherapee/dcpprofiles/SONY ILCE-7RM3.dcp
-- Installing: /build/rawtherapee-git/pkg/rawtherapee-git/usr/share/rawtherapee/dcpprofiles/SONY ILCE-7RM4.dcp
-- Installing: /build/rawtherapee-git/pkg/rawtherapee-git/usr/share/rawtherapee/dcpprofiles/SONY ILCE-7SM3.dcp
-- Installing: /build/rawtherapee-git/pkg/rawtherapee-git/usr/share/rawtherapee/dcpprofiles/SONY ILCE-9.dcp
-- Installing: /build/rawtherapee-git/pkg/rawtherapee-git/usr/share/rawtherapee/dcpprofiles/SONY SLT-A99V.dcp
-- Installing: /build/rawtherapee-git/pkg/rawtherapee-git/usr/share/rawtherapee/dcpprofiles/Sony DSLR-A700.dcp
-- Installing: /build/rawtherapee-git/pkg/rawtherapee-git/usr/share/rawtherapee/dcpprofiles/Sony DSLR-A900.dcp
-- Installing: /build/rawtherapee-git/pkg/rawtherapee-git/usr/share/rawtherapee/dcpprofiles/Sony NEX-5N.dcp
-- Installing: /build/rawtherapee-git/pkg/rawtherapee-git/usr/share/rawtherapee/dcpprofiles/Sony SLT-A55V.dcp
-- Installing: /build/rawtherapee-git/pkg/rawtherapee-git/usr/share/rawtherapee/dcpprofiles/YI TECHNOLOGY M1.dcp
-- Installing: /build/rawtherapee-git/pkg/rawtherapee-git/usr/share/rawtherapee/dcpprofiles/camera_model_aliases.json
-- Installing: /build/rawtherapee-git/pkg/rawtherapee-git/usr/share/rawtherapee/dcpprofiles/samsung SM-G930V.dcp
-- Installing: /build/rawtherapee-git/pkg/rawtherapee-git/usr/share/rawtherapee/cammatrices.json
-- Installing: /build/rawtherapee-git/pkg/rawtherapee-git/usr/share/rawtherapee/dcraw.json
-- Installing: /build/rawtherapee-git/pkg/rawtherapee-git/usr/share/rawtherapee/rt.json
-- Installing: /build/rawtherapee-git/pkg/rawtherapee-git/usr/share/rawtherapee/options
-- Installing: /build/rawtherapee-git/pkg/rawtherapee-git/usr/share/rawtherapee/profiles
-- Installing: /build/rawtherapee-git/pkg/rawtherapee-git/usr/share/rawtherapee/profiles/Auto-Matched Curve - ISO High.pp3
-- Installing: /build/rawtherapee-git/pkg/rawtherapee-git/usr/share/rawtherapee/profiles/Standard Film Curve - ISO Low.pp3
-- Installing: /build/rawtherapee-git/pkg/rawtherapee-git/usr/share/rawtherapee/profiles/Film Negative.pp3
-- Installing: /build/rawtherapee-git/pkg/rawtherapee-git/usr/share/rawtherapee/profiles/Auto-Matched Curve - ISO Medium.pp3
-- Installing: /build/rawtherapee-git/pkg/rawtherapee-git/usr/share/rawtherapee/profiles/Standard Film Curve - ISO High.pp3
-- Installing: /build/rawtherapee-git/pkg/rawtherapee-git/usr/share/rawtherapee/profiles/Film Negative - Black and White.pp3
-- Installing: /build/rawtherapee-git/pkg/rawtherapee-git/usr/share/rawtherapee/profiles/Non-raw
-- Installing: /build/rawtherapee-git/pkg/rawtherapee-git/usr/share/rawtherapee/profiles/Non-raw/Brighten.pp3
-- Installing: /build/rawtherapee-git/pkg/rawtherapee-git/usr/share/rawtherapee/profiles/Pixel Shift
-- Installing: /build/rawtherapee-git/pkg/rawtherapee-git/usr/share/rawtherapee/profiles/Pixel Shift/PS ISO Medium.pp3
-- Installing: /build/rawtherapee-git/pkg/rawtherapee-git/usr/share/rawtherapee/profiles/Pixel Shift/PS ISO Low.pp3
-- Installing: /build/rawtherapee-git/pkg/rawtherapee-git/usr/share/rawtherapee/profiles/Pixel Shift/PS ISO High.pp3
-- Installing: /build/rawtherapee-git/pkg/rawtherapee-git/usr/share/rawtherapee/profiles/Pixel Shift/PS No Motion.pp3
-- Installing: /build/rawtherapee-git/pkg/rawtherapee-git/usr/share/rawtherapee/profiles/Pop
-- Installing: /build/rawtherapee-git/pkg/rawtherapee-git/usr/share/rawtherapee/profiles/Pop/Pop 3 Skin.pp3
-- Installing: /build/rawtherapee-git/pkg/rawtherapee-git/usr/share/rawtherapee/profiles/Pop/Pop 1.pp3
-- Installing: /build/rawtherapee-git/pkg/rawtherapee-git/usr/share/rawtherapee/profiles/Pop/Pop 4 Black-and-White.pp3
-- Installing: /build/rawtherapee-git/pkg/rawtherapee-git/usr/share/rawtherapee/profiles/Pop/Pop 2 Lab.pp3
-- Installing: /build/rawtherapee-git/pkg/rawtherapee-git/usr/share/rawtherapee/profiles/Standard Film Curve - ISO Medium.pp3
-- Installing: /build/rawtherapee-git/pkg/rawtherapee-git/usr/share/rawtherapee/profiles/Auto-Matched Curve - ISO Low.pp3
-- Installing: /build/rawtherapee-git/pkg/rawtherapee-git/usr/share/rawtherapee/profiles/Unclipped.pp3
-- Installing: /build/rawtherapee-git/pkg/rawtherapee-git/usr/share/rawtherapee/themes
-- Installing: /build/rawtherapee-git/pkg/rawtherapee-git/usr/share/rawtherapee/themes/TooWaBlue - Bright.css
-- Installing: /build/rawtherapee-git/pkg/rawtherapee-git/usr/share/rawtherapee/themes/TooWaBlue - Dark.css
-- Installing: /build/rawtherapee-git/pkg/rawtherapee-git/usr/share/rawtherapee/themes/TooWaGrey - Dark.css
-- Installing: /build/rawtherapee-git/pkg/rawtherapee-git/usr/share/rawtherapee/themes/RawTherapee - Legacy.css
-- Installing: /build/rawtherapee-git/pkg/rawtherapee-git/usr/share/rawtherapee/themes/TooWaGrey - Average Surround.css
-- Installing: /build/rawtherapee-git/pkg/rawtherapee-git/usr/share/rawtherapee/themes/common
-- Installing: /build/rawtherapee-git/pkg/rawtherapee-git/usr/share/rawtherapee/themes/common/size - Legacy.css
-- Installing: /build/rawtherapee-git/pkg/rawtherapee-git/usr/share/rawtherapee/themes/common/size.css
-- Installing: /build/rawtherapee-git/pkg/rawtherapee-git/usr/share/rawtherapee/themes/TooWaGrey - Bright.css
-- Installing: /build/rawtherapee-git/pkg/rawtherapee-git/usr/share/rawtherapee/themes/TooWaGrey.css
-- Installing: /build/rawtherapee-git/pkg/rawtherapee-git/usr/share/rawtherapee/themes/TooWaBlue.css
-- Installing: /build/rawtherapee-git/pkg/rawtherapee-git/usr/share/rawtherapee/themes/RawTherapee.css
-- Installing: /build/rawtherapee-git/pkg/rawtherapee-git/usr/share/rawtherapee/themes/system.iconset
-- Installing: /build/rawtherapee-git/pkg/rawtherapee-git/usr/share/rawtherapee/icons/rawtherapee
-- Installing: /build/rawtherapee-git/pkg/rawtherapee-git/usr/share/rawtherapee/icons/rawtherapee/index.theme
-- Installing: /build/rawtherapee-git/pkg/rawtherapee-git/usr/share/rawtherapee/icons/rawtherapee/24x24
-- Installing: /build/rawtherapee-git/pkg/rawtherapee-git/usr/share/rawtherapee/icons/rawtherapee/24x24/apps
-- Installing: /build/rawtherapee-git/pkg/rawtherapee-git/usr/share/rawtherapee/icons/rawtherapee/24x24/apps/empty.png
-- Installing: /build/rawtherapee-git/pkg/rawtherapee-git/usr/share/rawtherapee/icons/rawtherapee/scalable
-- Installing: /build/rawtherapee-git/pkg/rawtherapee-git/usr/share/rawtherapee/icons/rawtherapee/scalable/apps
-- Installing: /build/rawtherapee-git/pkg/rawtherapee-git/usr/share/rawtherapee/icons/rawtherapee/scalable/apps/distortion-auto-small.svg
-- Installing: /build/rawtherapee-git/pkg/rawtherapee-git/usr/share/rawtherapee/icons/rawtherapee/scalable/apps/wavelets.svg
-- Installing: /build/rawtherapee-git/pkg/rawtherapee-git/usr/share/rawtherapee/icons/rawtherapee/scalable/apps/arrow-down-small.svg
-- Installing: /build/rawtherapee-git/pkg/rawtherapee-git/usr/share/rawtherapee/icons/rawtherapee/scalable/apps/hand-open-hicontrast.svg
-- Installing: /build/rawtherapee-git/pkg/rawtherapee-git/usr/share/rawtherapee/icons/rawtherapee/scalable/apps/square-toggle-theme-off-narrow.svg
-- Installing: /build/rawtherapee-git/pkg/rawtherapee-git/usr/share/rawtherapee/icons/rawtherapee/scalable/apps/circle-green-small.svg
-- Installing: /build/rawtherapee-git/pkg/rawtherapee-git/usr/share/rawtherapee/icons/rawtherapee/scalable/apps/trash-hide-deleted.svg
-- Installing: /build/rawtherapee-git/pkg/rawtherapee-git/usr/share/rawtherapee/icons/rawtherapee/scalable/apps/circle-empty-red-small.svg
-- Installing: /build/rawtherapee-git/pkg/rawtherapee-git/usr/share/rawtherapee/icons/rawtherapee/scalable/apps/wb-flash.svg
-- Installing: /build/rawtherapee-git/pkg/rawtherapee-git/usr/share/rawtherapee/icons/rawtherapee/scalable/apps/wb-auto.svg
-- Installing: /build/rawtherapee-git/pkg/rawtherapee-git/usr/share/rawtherapee/icons/rawtherapee/scalable/apps/wb-water.svg
-- Installing: /build/rawtherapee-git/pkg/rawtherapee-git/usr/share/rawtherapee/icons/rawtherapee/scalable/apps/refresh.svg
-- Installing: /build/rawtherapee-git/pkg/rawtherapee-git/usr/share/rawtherapee/icons/rawtherapee/scalable/apps/redo.svg
-- Installing: /build/rawtherapee-git/pkg/rawtherapee-git/usr/share/rawtherapee/icons/rawtherapee/scalable/apps/bidirectional-arrow-horizontal-hicontrast.svg
-- Installing: /build/rawtherapee-git/pkg/rawtherapee-git/usr/share/rawtherapee/icons/rawtherapee/scalable/apps/color-picker-add-hicontrast.svg
-- Installing: /build/rawtherapee-git/pkg/rawtherapee-git/usr/share/rawtherapee/icons/rawtherapee/scalable/apps/focusscreen-on.svg
-- Installing: /build/rawtherapee-git/pkg/rawtherapee-git/usr/share/rawtherapee/icons/rawtherapee/scalable/apps/folder-open-recent.svg
-- Installing: /build/rawtherapee-git/pkg/rawtherapee-git/usr/share/rawtherapee/icons/rawtherapee/scalable/apps/filter-original2.svg
-- Installing: /build/rawtherapee-git/pkg/rawtherapee-git/usr/share/rawtherapee/icons/rawtherapee/scalable/apps/trash-full-show.svg
-- Installing: /build/rawtherapee-git/pkg/rawtherapee-git/usr/share/rawtherapee/icons/rawtherapee/scalable/apps/square-toggle-luminosity-on-narrow.svg
-- Installing: /build/rawtherapee-git/pkg/rawtherapee-git/usr/share/rawtherapee/icons/rawtherapee/scalable/apps/gamut-warning.svg
-- Installing: /build/rawtherapee-git/pkg/rawtherapee-git/usr/share/rawtherapee/icons/rawtherapee/scalable/apps/hand-open.svg
-- Installing: /build/rawtherapee-git/pkg/rawtherapee-git/usr/share/rawtherapee/icons/rawtherapee/scalable/apps/square-toggle-red-on-narrow.svg
-- Installing: /build/rawtherapee-git/pkg/rawtherapee-git/usr/share/rawtherapee/icons/rawtherapee/scalable/apps/square-toggle-white-on-narrow.svg
-- Installing: /build/rawtherapee-git/pkg/rawtherapee-git/usr/share/rawtherapee/icons/rawtherapee/scalable/apps/circle-gray-green-small.svg
-- Installing: /build/rawtherapee-git/pkg/rawtherapee-git/usr/share/rawtherapee/icons/rawtherapee/scalable/apps/bayer.svg
-- Installing: /build/rawtherapee-git/pkg/rawtherapee-git/usr/share/rawtherapee/icons/rawtherapee/scalable/apps/perspective-horizontal-left-small.svg
-- Installing: /build/rawtherapee-git/pkg/rawtherapee-git/usr/share/rawtherapee/icons/rawtherapee/scalable/apps/metadata.svg
-- Installing: /build/rawtherapee-git/pkg/rawtherapee-git/usr/share/rawtherapee/icons/rawtherapee/scalable/apps/warning-shadows.svg
-- Installing: /build/rawtherapee-git/pkg/rawtherapee-git/usr/share/rawtherapee/icons/rawtherapee/scalable/apps/panel-to-right.svg
-- Installing: /build/rawtherapee-git/pkg/rawtherapee-git/usr/share/rawtherapee/icons/rawtherapee/scalable/apps/wb-shade-small.svg
-- Installing: /build/rawtherapee-git/pkg/rawtherapee-git/usr/share/rawtherapee/icons/rawtherapee/scalable/apps/distortion-barrel.svg
-- Installing: /build/rawtherapee-git/pkg/rawtherapee-git/usr/share/rawtherapee/icons/rawtherapee/scalable/apps/circle-blue-yellow-small.svg
-- Installing: /build/rawtherapee-git/pkg/rawtherapee-git/usr/share/rawtherapee/icons/rawtherapee/scalable/apps/template-16.svg
-- Installing: /build/rawtherapee-git/pkg/rawtherapee-git/usr/share/rawtherapee/icons/rawtherapee/scalable/apps/spot-prelight.svg
-- Installing: /build/rawtherapee-git/pkg/rawtherapee-git/usr/share/rawtherapee/icons/rawtherapee/scalable/apps/rotate-left-small.svg
-- Installing: /build/rawtherapee-git/pkg/rawtherapee-git/usr/share/rawtherapee/icons/rawtherapee/scalable/apps/histogram-mode-linear-small.svg
-- Installing: /build/rawtherapee-git/pkg/rawtherapee-git/usr/share/rawtherapee/icons/rawtherapee/scalable/apps/square-toggle-red-off-narrow.svg
-- Installing: /build/rawtherapee-git/pkg/rawtherapee-git/usr/share/rawtherapee/icons/rawtherapee/scalable/apps/curve-controlpoints-small.svg
-- Installing: /build/rawtherapee-git/pkg/rawtherapee-git/usr/share/rawtherapee/icons/rawtherapee/scalable/apps/curve-catmullrom.svg
-- Installing: /build/rawtherapee-git/pkg/rawtherapee-git/usr/share/rawtherapee/icons/rawtherapee/scalable/apps/histogram-gold-on-small.svg
-- Installing: /build/rawtherapee-git/pkg/rawtherapee-git/usr/share/rawtherapee/icons/rawtherapee/scalable/apps/goto-start-small.svg
-- Installing: /build/rawtherapee-git/pkg/rawtherapee-git/usr/share/rawtherapee/icons/rawtherapee/scalable/apps/histogram-bar-off-small.svg
-- Installing: /build/rawtherapee-git/pkg/rawtherapee-git/usr/share/rawtherapee/icons/rawtherapee/scalable/apps/square-toggle-theme-on-narrow.svg
-- Installing: /build/rawtherapee-git/pkg/rawtherapee-git/usr/share/rawtherapee/icons/rawtherapee/scalable/apps/edit-small.svg
-- Installing: /build/rawtherapee-git/pkg/rawtherapee-git/usr/share/rawtherapee/icons/rawtherapee/scalable/apps/perspective-vertical-bottom-small.svg
-- Installing: /build/rawtherapee-git/pkg/rawtherapee-git/usr/share/rawtherapee/icons/rawtherapee/scalable/apps/curve-parametric.svg
-- Installing: /build/rawtherapee-git/pkg/rawtherapee-git/usr/share/rawtherapee/icons/rawtherapee/scalable/apps/contrastmask-on.svg
-- Installing: /build/rawtherapee-git/pkg/rawtherapee-git/usr/share/rawtherapee/icons/rawtherapee/scalable/apps/histogram-blue-off-small.svg
-- Installing: /build/rawtherapee-git/pkg/rawtherapee-git/usr/share/rawtherapee/icons/rawtherapee/scalable/apps/star.svg
-- Installing: /build/rawtherapee-git/pkg/rawtherapee-git/usr/share/rawtherapee/icons/rawtherapee/scalable/apps/star-gold-hollow-small.svg
-- Installing: /build/rawtherapee-git/pkg/rawtherapee-git/usr/share/rawtherapee/icons/rawtherapee/scalable/apps/tick-green-hollow.svg
-- Installing: /build/rawtherapee-git/pkg/rawtherapee-git/usr/share/rawtherapee/icons/rawtherapee/scalable/apps/circle-multicolor-small.svg
-- Installing: /build/rawtherapee-git/pkg/rawtherapee-git/usr/share/rawtherapee/icons/rawtherapee/scalable/apps/refresh-red-small.svg
-- Installing: /build/rawtherapee-git/pkg/rawtherapee-git/usr/share/rawtherapee/icons/rawtherapee/scalable/apps/flip-horizontal.svg
-- Installing: /build/rawtherapee-git/pkg/rawtherapee-git/usr/share/rawtherapee/icons/rawtherapee/scalable/apps/equilizer-narrow.svg
-- Installing: /build/rawtherapee-git/pkg/rawtherapee-git/usr/share/rawtherapee/icons/rawtherapee/scalable/apps/wb-tungsten-small.svg
-- Installing: /build/rawtherapee-git/pkg/rawtherapee-git/usr/share/rawtherapee/icons/rawtherapee/scalable/apps/circle-magenta-small.svg
-- Installing: /build/rawtherapee-git/pkg/rawtherapee-git/usr/share/rawtherapee/icons/rawtherapee/scalable/apps/preferences.svg
-- Installing: /build/rawtherapee-git/pkg/rawtherapee-git/usr/share/rawtherapee/icons/rawtherapee/scalable/apps/arrow-up-small.svg
-- Installing: /build/rawtherapee-git/pkg/rawtherapee-git/usr/share/rawtherapee/icons/rawtherapee/scalable/apps/wb-camera-small.svg
-- Installing: /build/rawtherapee-git/pkg/rawtherapee-git/usr/share/rawtherapee/icons/rawtherapee/scalable/apps/crosshair-adjust.svg
-- Installing: /build/rawtherapee-git/pkg/rawtherapee-git/usr/share/rawtherapee/icons/rawtherapee/scalable/apps/distortion-pincushion.svg
-- Installing: /build/rawtherapee-git/pkg/rawtherapee-git/usr/share/rawtherapee/icons/rawtherapee/scalable/apps/histogram-type-waveform-small.svg
-- Installing: /build/rawtherapee-git/pkg/rawtherapee-git/usr/share/rawtherapee/icons/rawtherapee/scalable/apps/wb-lamp-small.svg
-- Installing: /build/rawtherapee-git/pkg/rawtherapee-git/usr/share/rawtherapee/icons/rawtherapee/scalable/apps/crop-auto-small.svg
-- Installing: /build/rawtherapee-git/pkg/rawtherapee-git/usr/share/rawtherapee/icons/rawtherapee/scalable/apps/folder-open-recent-small.svg
-- Installing: /build/rawtherapee-git/pkg/rawtherapee-git/usr/share/rawtherapee/icons/rawtherapee/scalable/apps/color-picker-hicontrast.svg
-- Installing: /build/rawtherapee-git/pkg/rawtherapee-git/usr/share/rawtherapee/icons/rawtherapee/scalable/apps/circle-gray-small.svg
-- Installing: /build/rawtherapee-git/pkg/rawtherapee-git/usr/share/rawtherapee/icons/rawtherapee/scalable/apps/curve-spline.svg
-- Installing: /build/rawtherapee-git/pkg/rawtherapee-git/usr/share/rawtherapee/icons/rawtherapee/scalable/apps/color-picker-hide.svg
-- Installing: /build/rawtherapee-git/pkg/rawtherapee-git/usr/share/rawtherapee/icons/rawtherapee/scalable/apps/square-toggle-luminosity-off-narrow.svg
-- Installing: /build/rawtherapee-git/pkg/rawtherapee-git/usr/share/rawtherapee/icons/rawtherapee/scalable/apps/curve-nurbs-small.svg
-- Installing: /build/rawtherapee-git/pkg/rawtherapee-git/usr/share/rawtherapee/icons/rawtherapee/scalable/apps/arrow-left-small.svg
-- Installing: /build/rawtherapee-git/pkg/rawtherapee-git/usr/share/rawtherapee/icons/rawtherapee/scalable/apps/square-toggle-green-on-narrow.svg
-- Installing: /build/rawtherapee-git/pkg/rawtherapee-git/usr/share/rawtherapee/icons/rawtherapee/scalable/apps/info.svg
-- Installing: /build/rawtherapee-git/pkg/rawtherapee-git/usr/share/rawtherapee/icons/rawtherapee/scalable/apps/trash-full.svg
-- Installing: /build/rawtherapee-git/pkg/rawtherapee-git/usr/share/rawtherapee/icons/rawtherapee/scalable/apps/spot-normal.svg
-- Installing: /build/rawtherapee-git/pkg/rawtherapee-git/usr/share/rawtherapee/icons/rawtherapee/scalable/apps/wb-fluorescent.svg
-- Installing: /build/rawtherapee-git/pkg/rawtherapee-git/usr/share/rawtherapee/icons/rawtherapee/scalable/apps/curve-flat.svg
-- Installing: /build/rawtherapee-git/pkg/rawtherapee-git/usr/share/rawtherapee/icons/rawtherapee/scalable/apps/wb-tungsten.svg
-- Installing: /build/rawtherapee-git/pkg/rawtherapee-git/usr/share/rawtherapee/icons/rawtherapee/scalable/apps/folder-closed-recent-small.svg
-- Installing: /build/rawtherapee-git/pkg/rawtherapee-git/usr/share/rawtherapee/icons/rawtherapee/scalable/apps/bidirectional-arrow-vertical-prelight.svg
-- Installing: /build/rawtherapee-git/pkg/rawtherapee-git/usr/share/rawtherapee/icons/rawtherapee/scalable/apps/wb-custom.svg
-- Installing: /build/rawtherapee-git/pkg/rawtherapee-git/usr/share/rawtherapee/icons/rawtherapee/scalable/apps/panel-to-top.svg
-- Installing: /build/rawtherapee-git/pkg/rawtherapee-git/usr/share/rawtherapee/icons/rawtherapee/scalable/apps/gears-play.svg
-- Installing: /build/rawtherapee-git/pkg/rawtherapee-git/usr/share/rawtherapee/icons/rawtherapee/scalable/apps/bidirectional-arrow-horizontal-prelight.svg
-- Installing: /build/rawtherapee-git/pkg/rawtherapee-git/usr/share/rawtherapee/icons/rawtherapee/scalable/apps/circle-darkgray-small.svg
-- Installing: /build/rawtherapee-git/pkg/rawtherapee-git/usr/share/rawtherapee/icons/rawtherapee/scalable/apps/tick-green-hollow-small.svg
-- Installing: /build/rawtherapee-git/pkg/rawtherapee-git/usr/share/rawtherapee/icons/rawtherapee/scalable/apps/curve-linear-small.svg
-- Installing: /build/rawtherapee-git/pkg/rawtherapee-git/usr/share/rawtherapee/icons/rawtherapee/scalable/apps/histogram-blue-on-small.svg
-- Installing: /build/rawtherapee-git/pkg/rawtherapee-git/usr/share/rawtherapee/icons/rawtherapee/scalable/apps/node-move-y-hicontrast.svg
-- Installing: /build/rawtherapee-git/pkg/rawtherapee-git/usr/share/rawtherapee/icons/rawtherapee/scalable/apps/circle-orange-small.svg
-- Installing: /build/rawtherapee-git/pkg/rawtherapee-git/usr/share/rawtherapee/icons/rawtherapee/scalable/apps/square-toggle-gray-off-narrow.svg
-- Installing: /build/rawtherapee-git/pkg/rawtherapee-git/usr/share/rawtherapee/icons/rawtherapee/scalable/apps/square-toggle-black-on-narrow.svg
-- Installing: /build/rawtherapee-git/pkg/rawtherapee-git/usr/share/rawtherapee/icons/rawtherapee/scalable/apps/atom.svg
-- Installing: /build/rawtherapee-git/pkg/rawtherapee-git/usr/share/rawtherapee/icons/rawtherapee/scalable/apps/wb-sun-small.svg
-- Installing: /build/rawtherapee-git/pkg/rawtherapee-git/usr/share/rawtherapee/icons/rawtherapee/scalable/apps/undo.svg
-- Installing: /build/rawtherapee-git/pkg/rawtherapee-git/usr/share/rawtherapee/icons/rawtherapee/scalable/apps/aperture.svg
-- Installing: /build/rawtherapee-git/pkg/rawtherapee-git/usr/share/rawtherapee/icons/rawtherapee/scalable/apps/folder-closed-home.svg
-- Installing: /build/rawtherapee-git/pkg/rawtherapee-git/usr/share/rawtherapee/icons/rawtherapee/scalable/apps/histogram-mode-logx-small.svg
-- Installing: /build/rawtherapee-git/pkg/rawtherapee-git/usr/share/rawtherapee/icons/rawtherapee/scalable/apps/circle-red-green-small.svg
-- Installing: /build/rawtherapee-git/pkg/rawtherapee-git/usr/share/rawtherapee/icons/rawtherapee/scalable/apps/spot-active.svg
-- Installing: /build/rawtherapee-git/pkg/rawtherapee-git/usr/share/rawtherapee/icons/rawtherapee/scalable/apps/saved-yes-small.svg
-- Installing: /build/rawtherapee-git/pkg/rawtherapee-git/usr/share/rawtherapee/icons/rawtherapee/scalable/apps/distortion-pincushion-small.svg
-- Installing: /build/rawtherapee-git/pkg/rawtherapee-git/usr/share/rawtherapee/icons/rawtherapee/scalable/apps/saved-no-small.svg
-- Installing: /build/rawtherapee-git/pkg/rawtherapee-git/usr/share/rawtherapee/icons/rawtherapee/scalable/apps/perspective-vertical-top-small.svg
-- Installing: /build/rawtherapee-git/pkg/rawtherapee-git/usr/share/rawtherapee/icons/rawtherapee/scalable/apps/circle-green-blue-small.svg
-- Installing: /build/rawtherapee-git/pkg/rawtherapee-git/usr/share/rawtherapee/icons/rawtherapee/scalable/apps/tick-green-small.svg
-- Installing: /build/rawtherapee-git/pkg/rawtherapee-git/usr/share/rawtherapee/icons/rawtherapee/scalable/apps/device-network.svg
-- Installing: /build/rawtherapee-git/pkg/rawtherapee-git/usr/share/rawtherapee/icons/rawtherapee/scalable/apps/crossed-arrows-in.svg
-- Installing: /build/rawtherapee-git/pkg/rawtherapee-git/usr/share/rawtherapee/icons/rawtherapee/scalable/apps/histogram-green-on-small.svg
-- Installing: /build/rawtherapee-git/pkg/rawtherapee-git/usr/share/rawtherapee/icons/rawtherapee/scalable/apps/circle-yellow-blue-small.svg
-- Installing: /build/rawtherapee-git/pkg/rawtherapee-git/usr/share/rawtherapee/icons/rawtherapee/scalable/apps/profile-partial.svg
-- Installing: /build/rawtherapee-git/pkg/rawtherapee-git/usr/share/rawtherapee/icons/rawtherapee/scalable/apps/magnifier-1to1.svg
-- Installing: /build/rawtherapee-git/pkg/rawtherapee-git/usr/share/rawtherapee/icons/rawtherapee/scalable/apps/histogram-type-parade-small.svg
-- Installing: /build/rawtherapee-git/pkg/rawtherapee-git/usr/share/rawtherapee/icons/rawtherapee/scalable/apps/panel-to-bottom.svg
-- Installing: /build/rawtherapee-git/pkg/rawtherapee-git/usr/share/rawtherapee/icons/rawtherapee/scalable/apps/warning.svg
-- Installing: /build/rawtherapee-git/pkg/rawtherapee-git/usr/share/rawtherapee/icons/rawtherapee/scalable/apps/histogram-type-histogram-small.svg
-- Installing: /build/rawtherapee-git/pkg/rawtherapee-git/usr/share/rawtherapee/icons/rawtherapee/scalable/apps/histogram-bar-on-small.svg
-- Installing: /build/rawtherapee-git/pkg/rawtherapee-git/usr/share/rawtherapee/icons/rawtherapee/scalable/apps/histogram-type-histogram-raw-small.svg
-- Installing: /build/rawtherapee-git/pkg/rawtherapee-git/usr/share/rawtherapee/icons/rawtherapee/scalable/apps/expander-open-small.svg
-- Installing: /build/rawtherapee-git/pkg/rawtherapee-git/usr/share/rawtherapee/icons/rawtherapee/scalable/apps/folder-closed-home-small.svg
-- Installing: /build/rawtherapee-git/pkg/rawtherapee-git/usr/share/rawtherapee/icons/rawtherapee/scalable/apps/histogram-ellipsis-small.svg
-- Installing: /build/rawtherapee-git/pkg/rawtherapee-git/usr/share/rawtherapee/icons/rawtherapee/scalable/apps/profile-filled.svg
-- Installing: /build/rawtherapee-git/pkg/rawtherapee-git/usr/share/rawtherapee/icons/rawtherapee/scalable/apps/edit.svg
-- Installing: /build/rawtherapee-git/pkg/rawtherapee-git/usr/share/rawtherapee/icons/rawtherapee/scalable/apps/filter.svg
-- Installing: /build/rawtherapee-git/pkg/rawtherapee-git/usr/share/rawtherapee/icons/rawtherapee/scalable/apps/wb-cloudy-small.svg
-- Installing: /build/rawtherapee-git/pkg/rawtherapee-git/usr/share/rawtherapee/icons/rawtherapee/scalable/apps/power-inconsistent-small.svg
-- Installing: /build/rawtherapee-git/pkg/rawtherapee-git/usr/share/rawtherapee/icons/rawtherapee/scalable/apps/crosshair-small.svg
-- Installing: /build/rawtherapee-git/pkg/rawtherapee-git/usr/share/rawtherapee/icons/rawtherapee/scalable/apps/crosshair-hicontrast.svg
-- Installing: /build/rawtherapee-git/pkg/rawtherapee-git/usr/share/rawtherapee/icons/rawtherapee/scalable/apps/perspective-horizontal-vertical.svg
-- Installing: /build/rawtherapee-git/pkg/rawtherapee-git/usr/share/rawtherapee/icons/rawtherapee/scalable/apps/equilizer-wide.svg
-- Installing: /build/rawtherapee-git/pkg/rawtherapee-git/usr/share/rawtherapee/icons/rawtherapee/scalable/apps/magnifier-1to1-small.svg
-- Installing: /build/rawtherapee-git/pkg/rawtherapee-git/usr/share/rawtherapee/icons/rawtherapee/scalable/apps/circle-empty-darkgray-small.svg
-- Installing: /build/rawtherapee-git/pkg/rawtherapee-git/usr/share/rawtherapee/icons/rawtherapee/scalable/apps/gears-small.svg
-- Installing: /build/rawtherapee-git/pkg/rawtherapee-git/usr/share/rawtherapee/icons/rawtherapee/scalable/apps/color-picker-small.svg
-- Installing: /build/rawtherapee-git/pkg/rawtherapee-git/usr/share/rawtherapee/icons/rawtherapee/scalable/apps/distortion-barrel-small.svg
-- Installing: /build/rawtherapee-git/pkg/rawtherapee-git/usr/share/rawtherapee/icons/rawtherapee/scalable/apps/folder-subfolder.svg
-- Installing: /build/rawtherapee-git/pkg/rawtherapee-git/usr/share/rawtherapee/icons/rawtherapee/scalable/apps/rotate-right-small.svg
-- Installing: /build/rawtherapee-git/pkg/rawtherapee-git/usr/share/rawtherapee/icons/rawtherapee/scalable/apps/redo-all.svg
-- Installing: /build/rawtherapee-git/pkg/rawtherapee-git/usr/share/rawtherapee/icons/rawtherapee/scalable/apps/rotate-left-90.svg
-- Installing: /build/rawtherapee-git/pkg/rawtherapee-git/usr/share/rawtherapee/icons/rawtherapee/scalable/apps/histogram-green-off-small.svg
-- Installing: /build/rawtherapee-git/pkg/rawtherapee-git/usr/share/rawtherapee/icons/rawtherapee/scalable/apps/remove-small.svg
-- Installing: /build/rawtherapee-git/pkg/rawtherapee-git/usr/share/rawtherapee/icons/rawtherapee/scalable/apps/crosshair-node-curve.svg
-- Installing: /build/rawtherapee-git/pkg/rawtherapee-git/usr/share/rawtherapee/icons/rawtherapee/scalable/apps/color-picker-bars.svg
-- Installing: /build/rawtherapee-git/pkg/rawtherapee-git/usr/share/rawtherapee/icons/rawtherapee/scalable/apps/beforeafter.svg
-- Installing: /build/rawtherapee-git/pkg/rawtherapee-git/usr/share/rawtherapee/icons/rawtherapee/scalable/apps/wb-fluorescent-small.svg
-- Installing: /build/rawtherapee-git/pkg/rawtherapee-git/usr/share/rawtherapee/icons/rawtherapee/scalable/apps/flip-vertical.svg
-- Installing: /build/rawtherapee-git/pkg/rawtherapee-git/usr/share/rawtherapee/icons/rawtherapee/scalable/apps/add.svg
-- Installing: /build/rawtherapee-git/pkg/rawtherapee-git/usr/share/rawtherapee/icons/rawtherapee/scalable/apps/wb-shade.svg
-- Installing: /build/rawtherapee-git/pkg/rawtherapee-git/usr/share/rawtherapee/icons/rawtherapee/scalable/apps/filetype-hdr.svg
-- Installing: /build/rawtherapee-git/pkg/rawtherapee-git/usr/share/rawtherapee/icons/rawtherapee/scalable/apps/histogram-type-vectorscope-hc-small.svg
-- Installing: /build/rawtherapee-git/pkg/rawtherapee-git/usr/share/rawtherapee/icons/rawtherapee/scalable/apps/trash-remove-small.svg
-- Installing: /build/rawtherapee-git/pkg/rawtherapee-git/usr/share/rawtherapee/icons/rawtherapee/scalable/apps/bidirectional-arrow-vertical-hicontrast.svg
-- Installing: /build/rawtherapee-git/pkg/rawtherapee-git/usr/share/rawtherapee/icons/rawtherapee/scalable/apps/curve-parametric-small.svg
-- Installing: /build/rawtherapee-git/pkg/rawtherapee-git/usr/share/rawtherapee/icons/rawtherapee/scalable/apps/circle-white-small.svg
-- Installing: /build/rawtherapee-git/pkg/rawtherapee-git/usr/share/rawtherapee/icons/rawtherapee/scalable/apps/filetype-ps.svg
-- Installing: /build/rawtherapee-git/pkg/rawtherapee-git/usr/share/rawtherapee/icons/rawtherapee/scalable/apps/arrow-updown.svg
-- Installing: /build/rawtherapee-git/pkg/rawtherapee-git/usr/share/rawtherapee/icons/rawtherapee/scalable/apps/folder-open-small.svg
-- Installing: /build/rawtherapee-git/pkg/rawtherapee-git/usr/share/rawtherapee/icons/rawtherapee/scalable/apps/wb-lamp.svg
-- Installing: /build/rawtherapee-git/pkg/rawtherapee-git/usr/share/rawtherapee/icons/rawtherapee/scalable/apps/rotate-right-90.svg
-- Installing: /build/rawtherapee-git/pkg/rawtherapee-git/usr/share/rawtherapee/icons/rawtherapee/scalable/apps/histogram-silver-on-small.svg
-- Installing: /build/rawtherapee-git/pkg/rawtherapee-git/usr/share/rawtherapee/icons/rawtherapee/scalable/apps/redo-small.svg
-- Installing: /build/rawtherapee-git/pkg/rawtherapee-git/usr/share/rawtherapee/icons/rawtherapee/scalable/apps/questionmark.svg
-- Installing: /build/rawtherapee-git/pkg/rawtherapee-git/usr/share/rawtherapee/icons/rawtherapee/scalable/apps/filter-original.svg
-- Installing: /build/rawtherapee-git/pkg/rawtherapee-git/usr/share/rawtherapee/icons/rawtherapee/scalable/apps/circle-green-red-small.svg
-- Installing: /build/rawtherapee-git/pkg/rawtherapee-git/usr/share/rawtherapee/icons/rawtherapee/scalable/apps/save-small.svg
-- Installing: /build/rawtherapee-git/pkg/rawtherapee-git/usr/share/rawtherapee/icons/rawtherapee/scalable/apps/magnifier-fit.svg
-- Installing: /build/rawtherapee-git/pkg/rawtherapee-git/usr/share/rawtherapee/icons/rawtherapee/scalable/apps/arrow2-right.svg
-- Installing: /build/rawtherapee-git/pkg/rawtherapee-git/usr/share/rawtherapee/icons/rawtherapee/scalable/apps/trash-empty-show.svg
-- Installing: /build/rawtherapee-git/pkg/rawtherapee-git/usr/share/rawtherapee/icons/rawtherapee/scalable/apps/gamut-plus.svg
-- Installing: /build/rawtherapee-git/pkg/rawtherapee-git/usr/share/rawtherapee/icons/rawtherapee/scalable/apps/circle-black-small.svg
-- Installing: /build/rawtherapee-git/pkg/rawtherapee-git/usr/share/rawtherapee/icons/rawtherapee/scalable/apps/wb-sun.svg
-- Installing: /build/rawtherapee-git/pkg/rawtherapee-git/usr/share/rawtherapee/icons/rawtherapee/scalable/apps/tick-small.svg
-- Installing: /build/rawtherapee-git/pkg/rawtherapee-git/usr/share/rawtherapee/icons/rawtherapee/scalable/apps/intent-saturation.svg
-- Installing: /build/rawtherapee-git/pkg/rawtherapee-git/usr/share/rawtherapee/icons/rawtherapee/scalable/apps/perspective-horizontal-right.svg
-- Installing: /build/rawtherapee-git/pkg/rawtherapee-git/usr/share/rawtherapee/icons/rawtherapee/scalable/apps/curve-catmullrom-small.svg
-- Installing: /build/rawtherapee-git/pkg/rawtherapee-git/usr/share/rawtherapee/icons/rawtherapee/scalable/apps/magnifier-minus-small.svg
-- Installing: /build/rawtherapee-git/pkg/rawtherapee-git/usr/share/rawtherapee/icons/rawtherapee/scalable/apps/circle-blue-green-small.svg
-- Installing: /build/rawtherapee-git/pkg/rawtherapee-git/usr/share/rawtherapee/icons/rawtherapee/scalable/apps/color-picker-add.svg
-- Installing: /build/rawtherapee-git/pkg/rawtherapee-git/usr/share/rawtherapee/icons/rawtherapee/scalable/apps/circle-cyan-red-small.svg
-- Installing: /build/rawtherapee-git/pkg/rawtherapee-git/usr/share/rawtherapee/icons/rawtherapee/scalable/apps/magnifier-plus.svg
-- Installing: /build/rawtherapee-git/pkg/rawtherapee-git/usr/share/rawtherapee/icons/rawtherapee/scalable/apps/folder-closed-recent.svg
-- Installing: /build/rawtherapee-git/pkg/rawtherapee-git/usr/share/rawtherapee/icons/rawtherapee/scalable/apps/circle-gray-red-small.svg
-- Installing: /build/rawtherapee-git/pkg/rawtherapee-git/usr/share/rawtherapee/icons/rawtherapee/scalable/apps/color-circles.svg
-- Installing: /build/rawtherapee-git/pkg/rawtherapee-git/usr/share/rawtherapee/icons/rawtherapee/scalable/apps/edit-point.svg
-- Installing: /build/rawtherapee-git/pkg/rawtherapee-git/usr/share/rawtherapee/icons/rawtherapee/scalable/apps/histogram-type-vectorscope-hs-small.svg
-- Installing: /build/rawtherapee-git/pkg/rawtherapee-git/usr/share/rawtherapee/icons/rawtherapee/scalable/apps/crossed-arrows-out.svg
-- Installing: /build/rawtherapee-git/pkg/rawtherapee-git/usr/share/rawtherapee/icons/rawtherapee/scalable/apps/cancel.svg
-- Installing: /build/rawtherapee-git/pkg/rawtherapee-git/usr/share/rawtherapee/icons/rawtherapee/scalable/apps/crop.svg
-- Installing: /build/rawtherapee-git/pkg/rawtherapee-git/usr/share/rawtherapee/icons/rawtherapee/scalable/apps/copy.svg
-- Installing: /build/rawtherapee-git/pkg/rawtherapee-git/usr/share/rawtherapee/icons/rawtherapee/scalable/apps/perspective-horizontal-right-small.svg
-- Installing: /build/rawtherapee-git/pkg/rawtherapee-git/usr/share/rawtherapee/icons/rawtherapee/scalable/apps/arrow2-left.svg
-- Installing: /build/rawtherapee-git/pkg/rawtherapee-git/usr/share/rawtherapee/icons/rawtherapee/scalable/apps/folder-open.svg
-- Installing: /build/rawtherapee-git/pkg/rawtherapee-git/usr/share/rawtherapee/icons/rawtherapee/scalable/apps/curve-controlpoints.svg
-- Installing: /build/rawtherapee-git/pkg/rawtherapee-git/usr/share/rawtherapee/icons/rawtherapee/scalable/apps/gamut-softproof.svg
-- Installing: /build/rawtherapee-git/pkg/rawtherapee-git/usr/share/rawtherapee/icons/rawtherapee/scalable/apps/crop-auto.svg
-- Installing: /build/rawtherapee-git/pkg/rawtherapee-git/usr/share/rawtherapee/icons/rawtherapee/scalable/apps/node-move-sw-ne-hicontrast.svg
-- Installing: /build/rawtherapee-git/pkg/rawtherapee-git/usr/share/rawtherapee/icons/rawtherapee/scalable/apps/contrastmask-off.svg
-- Installing: /build/rawtherapee-git/pkg/rawtherapee-git/usr/share/rawtherapee/icons/rawtherapee/scalable/apps/wb-flash-small.svg
-- Installing: /build/rawtherapee-git/pkg/rawtherapee-git/usr/share/rawtherapee/icons/rawtherapee/scalable/apps/circle-blue-red-small.svg
-- Installing: /build/rawtherapee-git/pkg/rawtherapee-git/usr/share/rawtherapee/icons/rawtherapee/scalable/apps/padlock-unlocked-small.svg
-- Installing: /build/rawtherapee-git/pkg/rawtherapee-git/usr/share/rawtherapee/icons/rawtherapee/scalable/apps/circle-empty-gray-small.svg
-- Installing: /build/rawtherapee-git/pkg/rawtherapee-git/usr/share/rawtherapee/icons/rawtherapee/scalable/apps/circle-empty-blue-small.svg
-- Installing: /build/rawtherapee-git/pkg/rawtherapee-git/usr/share/rawtherapee/icons/rawtherapee/scalable/apps/circle-red-small.svg
-- Installing: /build/rawtherapee-git/pkg/rawtherapee-git/usr/share/rawtherapee/icons/rawtherapee/scalable/apps/tick.svg
-- Installing: /build/rawtherapee-git/pkg/rawtherapee-git/usr/share/rawtherapee/icons/rawtherapee/scalable/apps/warning-highlights.svg
-- Installing: /build/rawtherapee-git/pkg/rawtherapee-git/usr/share/rawtherapee/icons/rawtherapee/scalable/apps/expander-closed-small.svg
-- Installing: /build/rawtherapee-git/pkg/rawtherapee-git/usr/share/rawtherapee/icons/rawtherapee/scalable/apps/undo-all.svg
-- Installing: /build/rawtherapee-git/pkg/rawtherapee-git/usr/share/rawtherapee/icons/rawtherapee/scalable/apps/curve-flat-small.svg
-- Installing: /build/rawtherapee-git/pkg/rawtherapee-git/usr/share/rawtherapee/icons/rawtherapee/scalable/apps/perspective-horizontal-left.svg
-- Installing: /build/rawtherapee-git/pkg/rawtherapee-git/usr/share/rawtherapee/icons/rawtherapee/scalable/apps/wb-camera.svg
-- Installing: /build/rawtherapee-git/pkg/rawtherapee-git/usr/share/rawtherapee/icons/rawtherapee/scalable/apps/cancel-small.svg
-- Installing: /build/rawtherapee-git/pkg/rawtherapee-git/usr/share/rawtherapee/icons/rawtherapee/scalable/apps/node-move-xy-hicontrast.svg
-- Installing: /build/rawtherapee-git/pkg/rawtherapee-git/usr/share/rawtherapee/icons/rawtherapee/scalable/apps/intent-absolute.svg
-- Installing: /build/rawtherapee-git/pkg/rawtherapee-git/usr/share/rawtherapee/icons/rawtherapee/scalable/apps/rotate-aroundnode-hicontrast.svg
-- Installing: /build/rawtherapee-git/pkg/rawtherapee-git/usr/share/rawtherapee/icons/rawtherapee/scalable/apps/tick-green.svg
-- Installing: /build/rawtherapee-git/pkg/rawtherapee-git/usr/share/rawtherapee/icons/rawtherapee/scalable/apps/power-off-small.svg
-- Installing: /build/rawtherapee-git/pkg/rawtherapee-git/usr/share/rawtherapee/icons/rawtherapee/scalable/apps/rotate-straighten-small.svg
-- Installing: /build/rawtherapee-git/pkg/rawtherapee-git/usr/share/rawtherapee/icons/rawtherapee/scalable/apps/arrow-right-small.svg
-- Installing: /build/rawtherapee-git/pkg/rawtherapee-git/usr/share/rawtherapee/icons/rawtherapee/scalable/apps/square-toggle-green-off-narrow.svg
-- Installing: /build/rawtherapee-git/pkg/rawtherapee-git/usr/share/rawtherapee/icons/rawtherapee/scalable/apps/rotate-straighten.svg
-- Installing: /build/rawtherapee-git/pkg/rawtherapee-git/usr/share/rawtherapee/icons/rawtherapee/scalable/apps/gears.svg
-- Installing: /build/rawtherapee-git/pkg/rawtherapee-git/usr/share/rawtherapee/icons/rawtherapee/scalable/apps/hand-closed-hicontrast.svg
-- Installing: /build/rawtherapee-git/pkg/rawtherapee-git/usr/share/rawtherapee/icons/rawtherapee/scalable/apps/tick-hollow-small.svg
-- Installing: /build/rawtherapee-git/pkg/rawtherapee-git/usr/share/rawtherapee/icons/rawtherapee/scalable/apps/magnifier-crop.svg
-- Installing: /build/rawtherapee-git/pkg/rawtherapee-git/usr/share/rawtherapee/icons/rawtherapee/scalable/apps/star-hollow-small.svg
-- Installing: /build/rawtherapee-git/pkg/rawtherapee-git/usr/share/rawtherapee/icons/rawtherapee/scalable/apps/circle-yellow-small.svg
-- Installing: /build/rawtherapee-git/pkg/rawtherapee-git/usr/share/rawtherapee/icons/rawtherapee/scalable/apps/add-small.svg
-- Installing: /build/rawtherapee-git/pkg/rawtherapee-git/usr/share/rawtherapee/icons/rawtherapee/scalable/apps/rotate-right.svg
-- Installing: /build/rawtherapee-git/pkg/rawtherapee-git/usr/share/rawtherapee/icons/rawtherapee/scalable/apps/magnifier-plus-small.svg
-- Installing: /build/rawtherapee-git/pkg/rawtherapee-git/usr/share/rawtherapee/icons/rawtherapee/scalable/apps/circle-purple-small.svg
-- Installing: /build/rawtherapee-git/pkg/rawtherapee-git/usr/share/rawtherapee/icons/rawtherapee/scalable/apps/trash-small.svg
-- Installing: /build/rawtherapee-git/pkg/rawtherapee-git/usr/share/rawtherapee/icons/rawtherapee/scalable/apps/goto-end-small.svg
-- Installing: /build/rawtherapee-git/pkg/rawtherapee-git/usr/share/rawtherapee/icons/rawtherapee/scalable/apps/curve-spline-small.svg
-- Installing: /build/rawtherapee-git/pkg/rawtherapee-git/usr/share/rawtherapee/icons/rawtherapee/scalable/apps/remove.svg
-- Installing: /build/rawtherapee-git/pkg/rawtherapee-git/usr/share/rawtherapee/icons/rawtherapee/scalable/apps/template-24.svg
-- Installing: /build/rawtherapee-git/pkg/rawtherapee-git/usr/share/rawtherapee/icons/rawtherapee/scalable/apps/circle-red-cyan-small.svg
-- Installing: /build/rawtherapee-git/pkg/rawtherapee-git/usr/share/rawtherapee/icons/rawtherapee/scalable/apps/circle-empty-yellow-small.svg
-- Installing: /build/rawtherapee-git/pkg/rawtherapee-git/usr/share/rawtherapee/icons/rawtherapee/scalable/apps/histogram-mode-logxy-small.svg
-- Installing: /build/rawtherapee-git/pkg/rawtherapee-git/usr/share/rawtherapee/icons/rawtherapee/scalable/apps/panel-to-left.svg
-- Installing: /build/rawtherapee-git/pkg/rawtherapee-git/usr/share/rawtherapee/icons/rawtherapee/scalable/apps/device-floppy.svg
-- Installing: /build/rawtherapee-git/pkg/rawtherapee-git/usr/share/rawtherapee/icons/rawtherapee/scalable/apps/histogram-red-on-small.svg
-- Installing: /build/rawtherapee-git/pkg/rawtherapee-git/usr/share/rawtherapee/icons/rawtherapee/scalable/apps/circle-cyan-small.svg
-- Installing: /build/rawtherapee-git/pkg/rawtherapee-git/usr/share/rawtherapee/icons/rawtherapee/scalable/apps/histogram-gold-off-small.svg
-- Installing: /build/rawtherapee-git/pkg/rawtherapee-git/usr/share/rawtherapee/icons/rawtherapee/scalable/apps/detail.svg
-- Installing: /build/rawtherapee-git/pkg/rawtherapee-git/usr/share/rawtherapee/icons/rawtherapee/scalable/apps/wb-auto-small.svg
-- Installing: /build/rawtherapee-git/pkg/rawtherapee-git/usr/share/rawtherapee/icons/rawtherapee/scalable/apps/one-to-one-small.svg
-- Installing: /build/rawtherapee-git/pkg/rawtherapee-git/usr/share/rawtherapee/icons/rawtherapee/scalable/apps/square-toggle-blue-off-narrow.svg
-- Installing: /build/rawtherapee-git/pkg/rawtherapee-git/usr/share/rawtherapee/icons/rawtherapee/scalable/apps/trash-empty.svg
-- Installing: /build/rawtherapee-git/pkg/rawtherapee-git/usr/share/rawtherapee/icons/rawtherapee/scalable/apps/histogram-red-off-small.svg
-- Installing: /build/rawtherapee-git/pkg/rawtherapee-git/usr/share/rawtherapee/icons/rawtherapee/scalable/apps/rotate-aroundnode.svg
-- Installing: /build/rawtherapee-git/pkg/rawtherapee-git/usr/share/rawtherapee/icons/rawtherapee/scalable/apps/window-add.svg
-- Installing: /build/rawtherapee-git/pkg/rawtherapee-git/usr/share/rawtherapee/icons/rawtherapee/scalable/apps/folder-closed.svg
-- Installing: /build/rawtherapee-git/pkg/rawtherapee-git/usr/share/rawtherapee/icons/rawtherapee/scalable/apps/trash-remove.svg
-- Installing: /build/rawtherapee-git/pkg/rawtherapee-git/usr/share/rawtherapee/icons/rawtherapee/scalable/apps/save.svg
-- Installing: /build/rawtherapee-git/pkg/rawtherapee-git/usr/share/rawtherapee/icons/rawtherapee/scalable/apps/rt-spot.svg
-- Installing: /build/rawtherapee-git/pkg/rawtherapee-git/usr/share/rawtherapee/icons/rawtherapee/scalable/apps/square-toggle-blue-on-narrow.svg
-- Installing: /build/rawtherapee-git/pkg/rawtherapee-git/usr/share/rawtherapee/icons/rawtherapee/scalable/apps/device-optical.svg
-- Installing: /build/rawtherapee-git/pkg/rawtherapee-git/usr/share/rawtherapee/icons/rawtherapee/scalable/apps/circle-blue-small.svg
-- Installing: /build/rawtherapee-git/pkg/rawtherapee-git/usr/share/rawtherapee/icons/rawtherapee/scalable/apps/undo-small.svg
-- Installing: /build/rawtherapee-git/pkg/rawtherapee-git/usr/share/rawtherapee/icons/rawtherapee/scalable/apps/fullscreen-leave.svg
-- Installing: /build/rawtherapee-git/pkg/rawtherapee-git/usr/share/rawtherapee/icons/rawtherapee/scalable/apps/magnifier.svg
-- Installing: /build/rawtherapee-git/pkg/rawtherapee-git/usr/share/rawtherapee/icons/rawtherapee/scalable/apps/template-narrow.svg
-- Installing: /build/rawtherapee-git/pkg/rawtherapee-git/usr/share/rawtherapee/icons/rawtherapee/scalable/apps/padlock-locked-small.svg
-- Installing: /build/rawtherapee-git/pkg/rawtherapee-git/usr/share/rawtherapee/icons/rawtherapee/scalable/apps/paste.svg
-- Installing: /build/rawtherapee-git/pkg/rawtherapee-git/usr/share/rawtherapee/icons/rawtherapee/scalable/apps/draw.svg
-- Installing: /build/rawtherapee-git/pkg/rawtherapee-git/usr/share/rawtherapee/icons/rawtherapee/scalable/apps/color-picker.svg
-- Installing: /build/rawtherapee-git/pkg/rawtherapee-git/usr/share/rawtherapee/icons/rawtherapee/scalable/apps/folder-closed-small.svg
-- Installing: /build/rawtherapee-git/pkg/rawtherapee-git/usr/share/rawtherapee/icons/rawtherapee/scalable/apps/perspective-vertical-bottom.svg
-- Installing: /build/rawtherapee-git/pkg/rawtherapee-git/usr/share/rawtherapee/icons/rawtherapee/scalable/apps/perspective-vertical-top.svg
-- Installing: /build/rawtherapee-git/pkg/rawtherapee-git/usr/share/rawtherapee/icons/rawtherapee/scalable/apps/circle-empty-purple-small.svg
-- Installing: /build/rawtherapee-git/pkg/rawtherapee-git/usr/share/rawtherapee/icons/rawtherapee/scalable/apps/square-toggle-gray-on-narrow.svg
-- Installing: /build/rawtherapee-git/pkg/rawtherapee-git/usr/share/rawtherapee/icons/rawtherapee/scalable/apps/wb-led-small.svg
-- Installing: /build/rawtherapee-git/pkg/rawtherapee-git/usr/share/rawtherapee/icons/rawtherapee/scalable/apps/curve-linear.svg
-- Installing: /build/rawtherapee-git/pkg/rawtherapee-git/usr/share/rawtherapee/icons/rawtherapee/scalable/apps/square-toggle-black-off-narrow.svg
-- Installing: /build/rawtherapee-git/pkg/rawtherapee-git/usr/share/rawtherapee/icons/rawtherapee/scalable/apps/rotate-left.svg
-- Installing: /build/rawtherapee-git/pkg/rawtherapee-git/usr/share/rawtherapee/icons/rawtherapee/scalable/apps/circle-empty-green-small.svg
-- Installing: /build/rawtherapee-git/pkg/rawtherapee-git/usr/share/rawtherapee/icons/rawtherapee/scalable/apps/box.svg
-- Installing: /build/rawtherapee-git/pkg/rawtherapee-git/usr/share/rawtherapee/icons/rawtherapee/scalable/apps/histogram-silver-off-small.svg
-- Installing: /build/rawtherapee-git/pkg/rawtherapee-git/usr/share/rawtherapee/icons/rawtherapee/scalable/apps/trash-delete.svg
-- Installing: /build/rawtherapee-git/pkg/rawtherapee-git/usr/share/rawtherapee/icons/rawtherapee/scalable/apps/node-move-x-hicontrast.svg
-- Installing: /build/rawtherapee-git/pkg/rawtherapee-git/usr/share/rawtherapee/icons/rawtherapee/scalable/apps/distortion-auto.svg
-- Installing: /build/rawtherapee-git/pkg/rawtherapee-git/usr/share/rawtherapee/icons/rawtherapee/scalable/apps/magnifier-minus.svg
-- Installing: /build/rawtherapee-git/pkg/rawtherapee-git/usr/share/rawtherapee/icons/rawtherapee/scalable/apps/square-toggle-white-off-narrow.svg
-- Installing: /build/rawtherapee-git/pkg/rawtherapee-git/usr/share/rawtherapee/icons/rawtherapee/scalable/apps/device-hdd.svg
-- Installing: /build/rawtherapee-git/pkg/rawtherapee-git/usr/share/rawtherapee/icons/rawtherapee/scalable/apps/exposure.svg
-- Installing: /build/rawtherapee-git/pkg/rawtherapee-git/usr/share/rawtherapee/icons/rawtherapee/scalable/apps/power-on-small.svg
-- Installing: /build/rawtherapee-git/pkg/rawtherapee-git/usr/share/rawtherapee/icons/rawtherapee/scalable/apps/wb-custom-small.svg
-- Installing: /build/rawtherapee-git/pkg/rawtherapee-git/usr/share/rawtherapee/icons/rawtherapee/scalable/apps/gamut-hist.svg
-- Installing: /build/rawtherapee-git/pkg/rawtherapee-git/usr/share/rawtherapee/icons/rawtherapee/scalable/apps/curve-nurbs.svg
-- Installing: /build/rawtherapee-git/pkg/rawtherapee-git/usr/share/rawtherapee/icons/rawtherapee/scalable/apps/crop-point-hicontrast.svg
-- Installing: /build/rawtherapee-git/pkg/rawtherapee-git/usr/share/rawtherapee/icons/rawtherapee/scalable/apps/fullscreen-enter.svg
-- Installing: /build/rawtherapee-git/pkg/rawtherapee-git/usr/share/rawtherapee/icons/rawtherapee/scalable/apps/intent-perceptual.svg
-- Installing: /build/rawtherapee-git/pkg/rawtherapee-git/usr/share/rawtherapee/icons/rawtherapee/scalable/apps/wb-cloudy.svg
-- Installing: /build/rawtherapee-git/pkg/rawtherapee-git/usr/share/rawtherapee/icons/rawtherapee/scalable/apps/transform.svg
-- Installing: /build/rawtherapee-git/pkg/rawtherapee-git/usr/share/rawtherapee/icons/rawtherapee/scalable/apps/gears-pause.svg
-- Installing: /build/rawtherapee-git/pkg/rawtherapee-git/usr/share/rawtherapee/icons/rawtherapee/scalable/apps/intent-relative.svg
-- Installing: /build/rawtherapee-git/pkg/rawtherapee-git/usr/share/rawtherapee/icons/rawtherapee/scalable/apps/palette-brush.svg
-- Installing: /build/rawtherapee-git/pkg/rawtherapee-git/usr/share/rawtherapee/icons/rawtherapee/scalable/apps/filter-clear.svg
-- Installing: /build/rawtherapee-git/pkg/rawtherapee-git/usr/share/rawtherapee/icons/rawtherapee/scalable/apps/device-usb.svg
-- Installing: /build/rawtherapee-git/pkg/rawtherapee-git/usr/share/rawtherapee/icons/rawtherapee/scalable/apps/gamut_srgb_prophoto_xy.svg
-- Installing: /build/rawtherapee-git/pkg/rawtherapee-git/usr/share/rawtherapee/icons/rawtherapee/scalable/apps/crop-small.svg
-- Installing: /build/rawtherapee-git/pkg/rawtherapee-git/usr/share/rawtherapee/icons/rawtherapee/scalable/apps/circle-red-blue-small.svg
-- Installing: /build/rawtherapee-git/pkg/rawtherapee-git/usr/share/rawtherapee/icons/rawtherapee/scalable/apps/star-small.svg
-- Installing: /build/rawtherapee-git/pkg/rawtherapee-git/usr/share/rawtherapee/icons/rawtherapee/scalable/apps/focusscreen-off.svg
-- Installing: /build/rawtherapee-git/pkg/rawtherapee-git/usr/share/rawtherapee/icons/rawtherapee/scalable/apps/star-gold-small.svg
-- Installing: /build/rawtherapee-git/pkg/rawtherapee-git/usr/share/rawtherapee/icons/rawtherapee/scalable/apps/wb-water-small.svg
-- Installing: /build/rawtherapee-git/pkg/rawtherapee-git/usr/share/rawtherapee/icons/rawtherapee/scalable/apps/circle-gray-blue-small.svg
-- Installing: /build/rawtherapee-git/pkg/rawtherapee-git/usr/share/rawtherapee/icons/rawtherapee/scalable/apps/node-move-nw-se-hicontrast.svg
-- Installing: /build/rawtherapee-git/pkg/rawtherapee-git/usr/share/rawtherapee/icons/rawtherapee/scalable/apps/wb-led.svg
-- Installing: /build/rawtherapee-git/pkg/rawtherapee-git/usr/share/rawtherapee/icons/rawtherapee/scalable/apps/refresh-small.svg
-- Installing: /build/rawtherapee-git/pkg/rawtherapee-git/usr/share/rawtherapee/images
-- Installing: /build/rawtherapee-git/pkg/rawtherapee-git/usr/share/rawtherapee/images/rt-logo-text-black.svg
-- Installing: /build/rawtherapee-git/pkg/rawtherapee-git/usr/share/rawtherapee/images/splash.svg
-- Installing: /build/rawtherapee-git/pkg/rawtherapee-git/usr/share/rawtherapee/images/rawtherapee.ico
-- Installing: /build/rawtherapee-git/pkg/rawtherapee-git/usr/share/rawtherapee/images/rt-logo-text-white.svg
-- Installing: /build/rawtherapee-git/pkg/rawtherapee-git/usr/share/rawtherapee/images/ornament1.svg
-- Installing: /build/rawtherapee-git/pkg/rawtherapee-git/usr/share/rawtherapee/images/splash_template.svg
-- Installing: /build/rawtherapee-git/pkg/rawtherapee-git/usr/share/doc/rawtherapee/AUTHORS.txt
-- Installing: /build/rawtherapee-git/pkg/rawtherapee-git/usr/share/doc/rawtherapee/LICENSE
-- Installing: /build/rawtherapee-git/pkg/rawtherapee-git/usr/share/doc/rawtherapee/AboutThisBuild.txt
-- Installing: /build/rawtherapee-git/pkg/rawtherapee-git/usr/share/doc/rawtherapee/RELEASE_NOTES.txt
-- Installing: /build/rawtherapee-git/pkg/rawtherapee-git/usr/share/man/man1/rawtherapee.1
-- Installing: /build/rawtherapee-git/pkg/rawtherapee-git/usr/share/metainfo/com.rawtherapee.RawTherapee.appdata.xml
