-- The C compiler identification is GNU 16.1.1
-- The CXX compiler identification is GNU 16.1.1
-- Detecting C compiler ABI info
-- Detecting C compiler ABI info - done
-- Check for working C compiler: /usr/bin/cc - skipped
-- Detecting C compile features
-- Detecting C compile features - done
-- Detecting CXX compiler ABI info
-- Detecting CXX compiler ABI info - done
-- Check for working CXX compiler: /usr/bin/c++ - skipped
-- Detecting CXX compile features
-- Detecting CXX compile features - done
-- Downloading CPM.cmake to /build/redasm-new-git/src/build/cmake/CPM_0.42.3.cmake
-- Using system SQLite3
-- CPM: Adding package tomlc17@ (R20260501)
-- Downloading CPM.cmake to /build/redasm-new-git/src/build/cmake/CPM_0.38.7.cmake
-- Performing Test CMAKE_HAVE_LIBC_PTHREAD
-- Performing Test CMAKE_HAVE_LIBC_PTHREAD - Success
-- Found Threads: TRUE
-- Performing Test HAVE_STDATOMIC
-- Performing Test HAVE_STDATOMIC - Success
-- Found WrapAtomic: TRUE
-- Found OpenGL: /usr/lib/libOpenGL.so
-- Found WrapOpenGL: TRUE
-- Found WrapVulkanHeaders: /usr/include
-- CPM: Adding package QHexView@5.1.1 (v5.1.1)
-- Downloading CPM.cmake to /build/redasm-new-git/src/build/cmake/CPM_0.42.1.cmake
-- CPM: Adding package capstone@6.0.0 (6.0.0-Alpha7)
-- PROJECT_VERSION: 6.0.0 CAPSTONE_VERSION: 6.0.0
-- Performing Test SUPPORTS_MU
-- Performing Test SUPPORTS_MU - Success
-- Performing Test SUPPORTS_SHADOWING
-- Performing Test SUPPORTS_SHADOWING - Success
-- Performing Test SUPPORTS_SUNINIT
-- Performing Test SUPPORTS_SUNINIT - Failed
-- CPM: Adding package zydis@4.1.1 (v4.1.1)
-- Could NOT find Doxygen (missing: DOXYGEN_EXECUTABLE) 
-- Configuring done (20.7s)
-- Generating done (0.1s)
-- Build files have been written to: /build/redasm-new-git/src/build
[  1%] Building C object _deps/capstone-build/CMakeFiles/capstone.dir/cs.c.o
[  1%] Building C object _deps/zydis-build/zycore/CMakeFiles/Zycore.dir/src/API/Memory.c.o
[  1%] Building C object _deps/zydis-build/zycore/CMakeFiles/Zycore.dir/src/API/Synchronization.c.o
[  2%] Staging kb -> /build/redasm-new-git/src/build/redasm/kb/
[  2%] Building C object _deps/zydis-build/zycore/CMakeFiles/Zycore.dir/src/API/Terminal.c.o
[  2%] Building C object core/CMakeFiles/tomlc17.dir/__/_deps/tomlc17-src/src/tomlc17.c.o
[  2%] Building C object _deps/capstone-build/CMakeFiles/capstone.dir/Mapping.c.o
[  3%] Building C object _deps/zydis-build/zycore/CMakeFiles/Zycore.dir/src/API/Process.c.o
[  3%] Built target QHexView_autogen_timestamp_deps
[  4%] Building C object _deps/capstone-build/CMakeFiles/capstone.dir/MCInstrDesc.c.o
[  4%] Building C object _deps/capstone-build/CMakeFiles/capstone.dir/MCInstPrinter.c.o
[  4%] Building C object _deps/capstone-build/CMakeFiles/capstone.dir/MCInst.c.o
[  5%] Building C object _deps/zydis-build/zycore/CMakeFiles/Zycore.dir/src/API/Thread.c.o
[  5%] Building C object _deps/zydis-build/zycore/CMakeFiles/Zycore.dir/src/Allocator.c.o
[  5%] Building C object _deps/capstone-build/CMakeFiles/capstone.dir/MCRegisterInfo.c.o
[  6%] Building C object _deps/zydis-build/zycore/CMakeFiles/Zycore.dir/src/ArgParse.c.o
[  7%] Building C object _deps/capstone-build/CMakeFiles/capstone.dir/SStream.c.o
[  7%] Building C object _deps/zydis-build/zycore/CMakeFiles/Zycore.dir/src/Bitset.c.o
[  7%] Building C object _deps/capstone-build/CMakeFiles/capstone.dir/arch/ARM/ARMBaseInfo.c.o
[  7%] Building C object _deps/capstone-build/CMakeFiles/capstone.dir/utils.c.o
[  8%] Building C object _deps/capstone-build/CMakeFiles/capstone.dir/arch/ARM/ARMDisassembler.c.o
[  8%] Built target stage_kb
[  8%] Building C object _deps/capstone-build/CMakeFiles/capstone.dir/arch/ARM/ARMDisassemblerExtension.c.o
[  8%] Building C object _deps/zydis-build/zycore/CMakeFiles/Zycore.dir/src/Format.c.o
[  9%] Building C object _deps/zydis-build/zycore/CMakeFiles/Zycore.dir/src/String.c.o
[  9%] Building C object _deps/zydis-build/zycore/CMakeFiles/Zycore.dir/src/List.c.o
[ 10%] Building C object _deps/capstone-build/CMakeFiles/capstone.dir/arch/ARM/ARMInstPrinter.c.o
[ 10%] Building C object _deps/capstone-build/CMakeFiles/capstone.dir/arch/ARM/ARMModule.c.o
[ 10%] Building C object _deps/zydis-build/zycore/CMakeFiles/Zycore.dir/src/Vector.c.o
[ 10%] Building C object _deps/capstone-build/CMakeFiles/capstone.dir/arch/ARM/ARMMapping.c.o
[ 10%] Automatic MOC and UIC for target QHexView
[ 11%] Building C object _deps/zydis-build/zycore/CMakeFiles/Zycore.dir/src/Zycore.c.o
[ 12%] Building C object _deps/capstone-build/CMakeFiles/capstone.dir/arch/AArch64/AArch64BaseInfo.c.o
[ 12%] Building C object _deps/capstone-build/CMakeFiles/capstone.dir/arch/AArch64/AArch64Disassembler.c.o
[ 13%] Building C object _deps/capstone-build/CMakeFiles/capstone.dir/arch/AArch64/AArch64InstPrinter.c.o
[ 13%] Building C object _deps/capstone-build/CMakeFiles/capstone.dir/arch/AArch64/AArch64DisassemblerExtension.c.o
[ 13%] Building C object _deps/capstone-build/CMakeFiles/capstone.dir/arch/AArch64/AArch64Mapping.c.o
[ 13%] Linking C static library libZycore.a
[ 14%] Building C object _deps/capstone-build/CMakeFiles/capstone.dir/arch/AArch64/AArch64Module.c.o
[ 15%] Linking C static library libtomlc17.a
[ 15%] Built target Zycore
[ 15%] Building C object _deps/zydis-build/CMakeFiles/Zydis.dir/src/MetaInfo.c.o
[ 15%] Building C object _deps/zydis-build/CMakeFiles/Zydis.dir/src/SharedData.c.o
[ 15%] Building C object _deps/zydis-build/CMakeFiles/Zydis.dir/src/Register.c.o
[ 16%] Building C object _deps/zydis-build/CMakeFiles/Zydis.dir/src/Segment.c.o
[ 17%] Building C object _deps/zydis-build/CMakeFiles/Zydis.dir/src/Utils.c.o
[ 17%] Building C object _deps/zydis-build/CMakeFiles/Zydis.dir/src/Zydis.c.o
[ 18%] Building C object _deps/zydis-build/CMakeFiles/Zydis.dir/src/Mnemonic.c.o
[ 18%] Building C object _deps/zydis-build/CMakeFiles/Zydis.dir/src/String.c.o
[ 18%] Building C object _deps/zydis-build/CMakeFiles/Zydis.dir/src/Decoder.c.o
[ 19%] Building C object _deps/zydis-build/CMakeFiles/Zydis.dir/src/DecoderData.c.o
[ 19%] Built target tomlc17
[ 19%] Building C object _deps/zydis-build/CMakeFiles/Zydis.dir/src/Encoder.c.o
[ 20%] Building C object _deps/zydis-build/CMakeFiles/Zydis.dir/src/EncoderData.c.o
[ 20%] Building C object _deps/zydis-build/CMakeFiles/Zydis.dir/src/Disassembler.c.o
[ 20%] Building C object _deps/zydis-build/CMakeFiles/Zydis.dir/src/Formatter.c.o
[ 20%] Building C object core/CMakeFiles/redasm.dir/src/core/autorename.c.o
[ 20%] Building C object core/CMakeFiles/redasm.dir/src/core/context.c.o
[ 21%] Building C object _deps/zydis-build/CMakeFiles/Zydis.dir/src/FormatterBuffer.c.o
[ 21%] Building C object _deps/zydis-build/CMakeFiles/Zydis.dir/src/FormatterATT.c.o
[ 21%] Built target QHexView_autogen
[ 21%] Building C object _deps/zydis-build/CMakeFiles/Zydis.dir/src/FormatterBase.c.o
[ 22%] Building C object core/CMakeFiles/redasm.dir/src/core/engine.c.o
[ 23%] Building C object _deps/zydis-build/CMakeFiles/Zydis.dir/src/FormatterIntel.c.o
[ 23%] Building CXX object _deps/qhexview-build/CMakeFiles/QHexView.dir/QHexView_autogen/mocs_compilation.cpp.o
[ 24%] Building CXX object _deps/qhexview-build/CMakeFiles/QHexView.dir/src/model/commands/hexviewcommand.cpp.o
[ 24%] Building C object core/CMakeFiles/redasm.dir/src/core/function.c.o
[ 24%] Building C object core/CMakeFiles/redasm.dir/src/core/mapping.c.o
[ 24%] Building CXX object _deps/qhexview-build/CMakeFiles/QHexView.dir/src/model/commands/insertcommand.cpp.o
[ 25%] Building C object core/CMakeFiles/redasm.dir/src/core/registers.c.o
[ 25%] Building CXX object _deps/qhexview-build/CMakeFiles/QHexView.dir/src/model/commands/removecommand.cpp.o
[ 25%] Building C object core/CMakeFiles/redasm.dir/src/core/segment.c.o
[ 26%] Building CXX object _deps/qhexview-build/CMakeFiles/QHexView.dir/src/model/commands/replacecommand.cpp.o
[ 26%] Building CXX object _deps/qhexview-build/CMakeFiles/QHexView.dir/src/model/buffer/qdevicebuffer.cpp.o
[ 26%] Building CXX object _deps/qhexview-build/CMakeFiles/QHexView.dir/src/model/buffer/qhexbuffer.cpp.o
[ 27%] Building CXX object _deps/qhexview-build/CMakeFiles/QHexView.dir/src/model/buffer/qmemorybuffer.cpp.o
[ 28%] Building C object core/CMakeFiles/redasm.dir/src/core/state.c.o
[ 28%] Building CXX object _deps/qhexview-build/CMakeFiles/QHexView.dir/src/model/buffer/qmemoryrefbuffer.cpp.o
[ 28%] Building C object core/CMakeFiles/redasm.dir/src/core/stringfinder.c.o
[ 29%] Building CXX object _deps/qhexview-build/CMakeFiles/QHexView.dir/src/model/buffer/qmappedfilebuffer.cpp.o
[ 29%] Building C object core/CMakeFiles/redasm.dir/src/core/worker.c.o
[ 29%] Building CXX object _deps/qhexview-build/CMakeFiles/QHexView.dir/src/model/qhexdelegate.cpp.o
[ 30%] Building C object core/CMakeFiles/redasm.dir/src/db/db.c.o
[ 30%] Building C object core/CMakeFiles/redasm.dir/src/db/queries.c.o
[ 30%] Building CXX object _deps/qhexview-build/CMakeFiles/QHexView.dir/src/model/qhexutils.cpp.o
/build/redasm-new-git/src/redasm-workspace/core/src/db/db.c: In function ‘rd_i_db_flush’:
/build/redasm-new-git/src/redasm-workspace/core/src/db/db.c:126:31: warning: unused parameter ‘ctx’ [-Wunused-parameter]
  126 | void rd_i_db_flush(RDContext* ctx) {}
      |                    ~~~~~~~~~~~^~~
/build/redasm-new-git/src/redasm-workspace/core/src/db/queries.c:65:12: warning: ‘_rd_db_step_params’ defined but not used [-Wunused-function]
   65 | static int _rd_db_step_params(sqlite3_stmt* stmt, RDContext* ctx, RDParam* p) {
      |            ^~~~~~~~~~~~~~~~~~
/build/redasm-new-git/src/redasm-workspace/core/src/db/queries.c:56:22: warning: ‘_rd_db_prepare_get_typedef_params_query’ defined but not used [-Wunused-function]
   56 | static sqlite3_stmt* _rd_db_prepare_get_typedef_params_query(RDContext* ctx) {
      |                      ^~~~~~~~~~~~~~~~~~~~~~~~~~~~~~~~~~~~~~~
[ 30%] Building C object core/CMakeFiles/redasm.dir/src/db/schema.c.o
[ 31%] Building CXX object _deps/qhexview-build/CMakeFiles/QHexView.dir/src/model/qhexcursor.cpp.o
[ 32%] Building C object core/CMakeFiles/redasm.dir/src/db/types.c.o
[ 32%] Building CXX object _deps/qhexview-build/CMakeFiles/QHexView.dir/src/model/qhexmetadata.cpp.o
[ 32%] Building C object core/CMakeFiles/redasm.dir/src/graphs/graph.c.o
[ 33%] Building C object core/CMakeFiles/redasm.dir/src/graphs/layered.c.o
[ 33%] Building CXX object _deps/qhexview-build/CMakeFiles/QHexView.dir/src/model/qhexdocument.cpp.o
[ 33%] Building C object core/CMakeFiles/redasm.dir/src/io/buffer.c.o
[ 33%] Building C object core/CMakeFiles/redasm.dir/src/io/flags.c.o
[ 34%] Building C object core/CMakeFiles/redasm.dir/src/io/flagsbuffer.c.o
[ 34%] Linking C static library libZydis.a
[ 34%] Building C object core/CMakeFiles/redasm.dir/src/io/reader.c.o
[ 34%] Built target Zydis
[ 34%] Building C object core/CMakeFiles/redasm.dir/src/kb/kb.c.o
[ 35%] Building CXX object _deps/qhexview-build/CMakeFiles/QHexView.dir/src/qhexview.cpp.o
[ 36%] Building C object core/CMakeFiles/redasm.dir/src/kb/object.c.o
[ 36%] Building C object core/CMakeFiles/redasm.dir/src/kb/schema.c.o
[ 37%] Building C object core/CMakeFiles/redasm.dir/src/listing/builder.c.o
[ 37%] Building CXX object _deps/qhexview-build/CMakeFiles/QHexView.dir/src/dialogs/hexfinddialog.cpp.o
[ 37%] Building C object core/CMakeFiles/redasm.dir/src/listing/listing.c.o
[ 37%] Building C object core/CMakeFiles/redasm.dir/src/plugins/builtin/loaders.c.o
[ 38%] Building C object core/CMakeFiles/redasm.dir/src/plugins/builtin/processors.c.o
[ 38%] Building C object core/CMakeFiles/redasm.dir/src/plugins/processor/instruction.c.o
[ 38%] Building C object core/CMakeFiles/redasm.dir/src/plugins/processor/processor.c.o
[ 39%] Building C object core/CMakeFiles/redasm.dir/src/plugins/analyzer.c.o
[ 39%] Building C object core/CMakeFiles/redasm.dir/src/plugins/command.c.o
[ 39%] Building C object core/CMakeFiles/redasm.dir/src/plugins/module.c.o
[ 40%] Building C object core/CMakeFiles/redasm.dir/src/rdil/opcodes.c.o
[ 40%] Building C object core/CMakeFiles/redasm.dir/src/rdil/rdil.c.o
[ 41%] Building C object core/CMakeFiles/redasm.dir/src/rdil/renderer.c.o
[ 41%] Building C object core/CMakeFiles/redasm.dir/src/support/byteorder.c.o
[ 41%] Building C object core/CMakeFiles/redasm.dir/src/support/containers.c.o
[ 42%] Building C object core/CMakeFiles/redasm.dir/src/support/error.c.o
[ 42%] Building C object core/CMakeFiles/redasm.dir/src/support/hash.c.o
[ 42%] Building C object core/CMakeFiles/redasm.dir/src/support/logging.c.o
[ 43%] Building C object core/CMakeFiles/redasm.dir/src/support/utils.c.o
[ 43%] Building C object core/CMakeFiles/redasm.dir/src/support/stringpool.c.o
[ 44%] Building C object core/CMakeFiles/redasm.dir/src/surface/graph.c.o
/build/redasm-new-git/src/redasm-workspace/core/src/support/utils.c: In function ‘rd_i_readfile’:
/build/redasm-new-git/src/redasm-workspace/core/src/support/utils.c:89:5: warning: ignoring return value of ‘fread’ declared with attribute ‘warn_unused_result’ [-Wunused-result]
   89 |     fread(b->data, 1, b->base.length, fp);
      |     ^~~~~~~~~~~~~~~~~~~~~~~~~~~~~~~~~~~~~
[ 44%] Building C object core/CMakeFiles/redasm.dir/src/surface/items.c.o
[ 44%] Building C object core/CMakeFiles/redasm.dir/src/surface/path.c.o
[ 45%] Building C object core/CMakeFiles/redasm.dir/src/surface/renderer.c.o
[ 45%] Building C object core/CMakeFiles/redasm.dir/src/surface/row.c.o
[ 45%] Building C object core/CMakeFiles/redasm.dir/src/surface/state.c.o
[ 46%] Building C object core/CMakeFiles/redasm.dir/src/types/def.c.o
[ 46%] Building C object core/CMakeFiles/redasm.dir/src/surface/surface.c.o
[ 46%] Building C object core/CMakeFiles/redasm.dir/src/hooks.c.o
[ 47%] Building C object core/CMakeFiles/redasm.dir/src/types/type.c.o
[ 47%] Building C object core/CMakeFiles/redasm.dir/src/allocator.c.o
[ 48%] Building C object core/CMakeFiles/redasm.dir/src/redasm.c.o
[ 48%] Building C object core/CMakeFiles/redasm.dir/src/theme.c.o
[ 48%] Building C object core/CMakeFiles/redasm.dir/src/version.c.o
[ 49%] Linking C shared library libredasm.so
[ 49%] Built target capstone
[ 50%] Linking C static library libcapstone.a
[ 50%] Building C object _deps/capstone-build/CMakeFiles/fuzz_disasm.dir/suite/fuzz/platform.c.o
[ 50%] Building C object _deps/capstone-build/CMakeFiles/fuzz_disasm.dir/suite/fuzz/fuzz_disasm.c.o
[ 50%] Building C object _deps/capstone-build/CMakeFiles/fuzz_disasm.dir/suite/fuzz/onefile.c.o
[ 51%] Built target capstone_static
[ 51%] Linking C executable fuzz_disasm
[ 52%] Linking CXX static library libQHexView.a
[ 52%] Built target redasm
[ 53%] Staging redasm -> /build/redasm-new-git/src/build/redasm
[ 53%] Building C object loaders/xbe/CMakeFiles/xbe.dir/format.c.o
[ 53%] Building C object loaders/elf/CMakeFiles/elf.dir/format.c.o
[ 53%] Building C object loaders/psx/CMakeFiles/psx.dir/bios.c.o
[ 53%] Building C object processors/mips/CMakeFiles/mips.dir/decoder/formats.c.o
[ 53%] Building C object processors/x86/CMakeFiles/x86.dir/plugin.c.o
[ 53%] Building C object loaders/mz/CMakeFiles/mz.dir/com/com.c.o
[ 53%] Building C object processors/capstonebundle/CMakeFiles/capstone-bundle.dir/arm/arm32/arm32.c.o
[ 53%] Built target stage_redasm
[ 53%] Building C object loaders/mz/CMakeFiles/mz.dir/common/common.c.o
[ 53%] Building C object loaders/xbe/CMakeFiles/xbe.dir/plugin.c.o
[ 54%] Building C object loaders/psx/CMakeFiles/psx.dir/biosfunc.c.o
[ 54%] Building C object processors/x86/CMakeFiles/x86.dir/lifter.c.o
[ 55%] Building C object loaders/elf/CMakeFiles/elf.dir/plugin.c.o
[ 55%] Building C object processors/mips/CMakeFiles/mips.dir/decoder/instructions.c.o
[ 55%] Building C object processors/capstonebundle/CMakeFiles/capstone-bundle.dir/arm/arm32/common.c.o
[ 56%] Building C object loaders/mz/CMakeFiles/mz.dir/common/win16_ordinals.c.o
[ 56%] Built target QHexView
[ 56%] Building C object loaders/psx/CMakeFiles/psx.dir/plugin.c.o
[ 57%] Linking C shared library libxbe.so
[ 57%] Building C object loaders/mz/CMakeFiles/mz.dir/le/exports.c.o
[ 57%] Building C object loaders/psx/CMakeFiles/psx.dir/exe.c.o
[ 58%] Building C object processors/x86/CMakeFiles/x86.dir/common.c.o
[ 58%] Linking C shared library libelf.so
[ 59%] Building C object processors/mips/CMakeFiles/mips.dir/decoder/macros.c.o
[ 59%] Building C object processors/x86/CMakeFiles/x86.dir/registers.c.o
[ 59%] Building C object processors/mips/CMakeFiles/mips.dir/decoder/registers.c.o
[ 59%] Building C object loaders/mz/CMakeFiles/mz.dir/le/fixup.c.o
[ 60%] Linking C shared library libpsx.so
[ 61%] Building C object loaders/mz/CMakeFiles/mz.dir/le/format.c.o
[ 62%] Building C object processors/mips/CMakeFiles/mips.dir/lifter.c.o
[ 62%] Building C object processors/mips/CMakeFiles/mips.dir/plugin.c.o
[ 62%] Building C object commands/coff/CMakeFiles/coff.dir/coff.c.o
[ 62%] Building C object processors/mips/CMakeFiles/mips.dir/registers.c.o
[ 62%] Linking C shared library libx86.so
[ 63%] Building C object processors/capstonebundle/CMakeFiles/capstone-bundle.dir/arm/arm32/lifter.c.o
[ 64%] Building C object commands/coff/CMakeFiles/coff.dir/plugin.c.o
[ 64%] Building C object loaders/mz/CMakeFiles/mz.dir/le/imports.c.o
[ 65%] Linking C shared library libmips.so
[ 65%] Built target redasm-gui_autogen_timestamp_deps
[ 66%] Building C object loaders/mz/CMakeFiles/mz.dir/le/le.c.o
[ 66%] Building C object processors/capstonebundle/CMakeFiles/capstone-bundle.dir/arm/arm32/thumb.c.o
[ 66%] Linking C shared library libcoff.so
[ 66%] Automatic MOC and UIC for target redasm-gui
[ 66%] Built target xbe
[ 66%] Building C object loaders/mz/CMakeFiles/mz.dir/le/objects.c.o
[ 66%] Built target psx
[ 66%] Building C object processors/capstonebundle/CMakeFiles/capstone-bundle.dir/arm/arm64.c.o
[ 67%] Staging xbe -> /build/redasm-new-git/src/build/redasm/plugins/loaders
[ 68%] Building C object processors/capstonebundle/CMakeFiles/capstone-bundle.dir/capstone.c.o
[ 68%] Building C object loaders/mz/CMakeFiles/mz.dir/le/pages.c.o
[ 68%] Built target stage_xbe
[ 68%] Building C object processors/capstonebundle/CMakeFiles/capstone-bundle.dir/plugin.c.o
[ 68%] Built target coff
[ 69%] Building C object loaders/mz/CMakeFiles/mz.dir/le/vxd.c.o
[ 69%] Building C object loaders/mz/CMakeFiles/mz.dir/mz/mz.c.o
[ 70%] Staging psx -> /build/redasm-new-git/src/build/redasm/plugins/loaders
[ 70%] Built target elf
[ 70%] Building C object loaders/mz/CMakeFiles/mz.dir/ne/entries.c.o
[ 71%] Building C object loaders/mz/CMakeFiles/mz.dir/ne/exports.c.o
[ 71%] Built target stage_psx
[ 71%] Building C object loaders/mz/CMakeFiles/mz.dir/ne/format.c.o
[ 72%] Staging coff -> /build/redasm-new-git/src/build/redasm/plugins/commands
[ 72%] Built target mips
[ 72%] Staging elf -> /build/redasm-new-git/src/build/redasm/plugins/loaders
[ 72%] Building C object loaders/mz/CMakeFiles/mz.dir/ne/modules.c.o
[ 73%] Building C object loaders/mz/CMakeFiles/mz.dir/ne/ne.c.o
[ 73%] Building C object loaders/mz/CMakeFiles/mz.dir/ne/relocs.c.o
[ 73%] Building C object loaders/mz/CMakeFiles/mz.dir/pe/dirs/exceptions.c.o
[ 73%] Building C object loaders/mz/CMakeFiles/mz.dir/pe/dirs/dotnet.c.o
[ 74%] Building C object loaders/mz/CMakeFiles/mz.dir/pe/dirs/debug.c.o
[ 74%] Built target stage_coff
[ 74%] Built target stage_elf
[ 75%] Building C object loaders/mz/CMakeFiles/mz.dir/pe/dirs/exports.c.o
[ 75%] Building C object loaders/mz/CMakeFiles/mz.dir/pe/dirs/imports.c.o
[ 75%] Building C object loaders/mz/CMakeFiles/mz.dir/pe/dirs/resources.c.o
[ 75%] Staging mips -> /build/redasm-new-git/src/build/redasm/plugins/processors
[ 76%] Linking C shared library libcapstone-bundle.so
[ 77%] Building C object loaders/mz/CMakeFiles/mz.dir/pe/vb/components.c.o
[ 77%] Building C object loaders/mz/CMakeFiles/mz.dir/pe/vb/decompiler.c.o
[ 78%] Building C object loaders/mz/CMakeFiles/mz.dir/pe/vb/format.c.o
[ 78%] Building C object loaders/mz/CMakeFiles/mz.dir/pe/classifier.c.o
[ 78%] Built target stage_mips
[ 79%] Building C object loaders/mz/CMakeFiles/mz.dir/pe/pe.c.o
[ 79%] Building C object loaders/mz/CMakeFiles/mz.dir/pe/format.c.o
[ 79%] Building C object loaders/mz/CMakeFiles/mz.dir/hooks.c.o
[ 79%] Building C object loaders/mz/CMakeFiles/mz.dir/plugin.c.o
[ 80%] Linking C shared library libmz.so
[ 80%] Built target redasm-gui_autogen
[ 80%] Running rcc for resource resources
[ 80%] Built target mz
[ 80%] Staging mz -> /build/redasm-new-git/src/build/redasm/plugins/loaders
[ 80%] Built target stage_mz
[ 80%] Built target x86
[ 80%] Staging x86 -> /build/redasm-new-git/src/build/redasm/plugins/processors
[ 80%] Built target stage_x86
[ 80%] Building CXX object redasm/CMakeFiles/redasm-gui.dir/redasm-gui_autogen/mocs_compilation.cpp.o
[ 80%] Building CXX object redasm/CMakeFiles/redasm-gui.dir/src/dialogs/goto.cpp.o
[ 80%] Building CXX object redasm/CMakeFiles/redasm-gui.dir/src/dialogs/analyzer.cpp.o
[ 81%] Building CXX object redasm/CMakeFiles/redasm-gui.dir/src/dialogs/decoder.cpp.o
[ 81%] Building CXX object redasm/CMakeFiles/redasm-gui.dir/.qt/rcc/qrc_resources.cpp.o
[ 82%] Building CXX object redasm/CMakeFiles/redasm-gui.dir/src/delegates/recentfiles.cpp.o
[ 82%] Building CXX object redasm/CMakeFiles/redasm-gui.dir/src/dialogs/detail.cpp.o
[ 83%] Building CXX object redasm/CMakeFiles/redasm-gui.dir/src/dialogs/flc.cpp.o
[ 83%] Building CXX object redasm/CMakeFiles/redasm-gui.dir/src/dialogs/about.cpp.o
[ 84%] Building CXX object redasm/CMakeFiles/redasm-gui.dir/src/dialogs/loader.cpp.o
[ 84%] Building CXX object redasm/CMakeFiles/redasm-gui.dir/src/dialogs/memorymap.cpp.o
[ 85%] Building CXX object redasm/CMakeFiles/redasm-gui.dir/src/dialogs/segmentregs.cpp.o
[ 85%] Building CXX object redasm/CMakeFiles/redasm-gui.dir/src/dialogs/settings.cpp.o
[ 85%] Building CXX object redasm/CMakeFiles/redasm-gui.dir/src/dialogs/table.cpp.o
[ 86%] Building CXX object redasm/CMakeFiles/redasm-gui.dir/src/hexview/flagsbuffer.cpp.o
[ 86%] Building CXX object redasm/CMakeFiles/redasm-gui.dir/src/hexview/flagsdelegate.cpp.o
[ 86%] Building CXX object redasm/CMakeFiles/redasm-gui.dir/src/models/exported.cpp.o
[ 87%] Building CXX object redasm/CMakeFiles/redasm-gui.dir/src/models/functions.cpp.o
[ 87%] Building CXX object redasm/CMakeFiles/redasm-gui.dir/src/models/imported.cpp.o
[ 88%] Building CXX object redasm/CMakeFiles/redasm-gui.dir/src/models/mappings.cpp.o
[ 88%] Building CXX object redasm/CMakeFiles/redasm-gui.dir/src/models/problems.cpp.o
[ 88%] Building CXX object redasm/CMakeFiles/redasm-gui.dir/src/models/recentfiles.cpp.o
[ 89%] Building CXX object redasm/CMakeFiles/redasm-gui.dir/src/models/references.cpp.o
[ 89%] Building CXX object redasm/CMakeFiles/redasm-gui.dir/src/models/segmentregs.cpp.o
[ 89%] Building CXX object redasm/CMakeFiles/redasm-gui.dir/src/models/segments.cpp.o
[ 90%] Building CXX object redasm/CMakeFiles/redasm-gui.dir/src/models/strings.cpp.o
[ 90%] Building CXX object redasm/CMakeFiles/redasm-gui.dir/src/models/symbols.cpp.o
[ 90%] Building CXX object redasm/CMakeFiles/redasm-gui.dir/src/models/symbolsfilter.cpp.o
[ 91%] Building CXX object redasm/CMakeFiles/redasm-gui.dir/src/support/actions.cpp.o
[ 91%] Building CXX object redasm/CMakeFiles/redasm-gui.dir/src/support/fontawesome.cpp.o
[ 92%] Building CXX object redasm/CMakeFiles/redasm-gui.dir/src/support/settings.cpp.o
[ 92%] Building CXX object redasm/CMakeFiles/redasm-gui.dir/src/support/surfacerenderer.cpp.o
[ 92%] Building CXX object redasm/CMakeFiles/redasm-gui.dir/src/support/themeprovider.cpp.o
[ 93%] Building CXX object redasm/CMakeFiles/redasm-gui.dir/src/support/utils.cpp.o
[ 93%] Building CXX object redasm/CMakeFiles/redasm-gui.dir/src/views/graph/node.cpp.o
[ 93%] Building CXX object redasm/CMakeFiles/redasm-gui.dir/src/views/graph/view.cpp.o
[ 94%] Building CXX object redasm/CMakeFiles/redasm-gui.dir/src/views/split/view.cpp.o
[ 94%] Building CXX object redasm/CMakeFiles/redasm-gui.dir/src/views/split/widget.cpp.o
[ 95%] Building CXX object redasm/CMakeFiles/redasm-gui.dir/src/views/surface/graph/graph.cpp.o
[ 95%] Building CXX object redasm/CMakeFiles/redasm-gui.dir/src/views/surface/graph/node.cpp.o
[ 95%] Building CXX object redasm/CMakeFiles/redasm-gui.dir/src/views/surface/listing.cpp.o
[ 96%] Building CXX object redasm/CMakeFiles/redasm-gui.dir/src/views/surface/path.cpp.o
[ 96%] Building CXX object redasm/CMakeFiles/redasm-gui.dir/src/views/surface/popup.cpp.o
[ 96%] Building CXX object redasm/CMakeFiles/redasm-gui.dir/src/views/surface/split.cpp.o
[ 97%] Building CXX object redasm/CMakeFiles/redasm-gui.dir/src/views/surface/view.cpp.o
[ 97%] Building CXX object redasm/CMakeFiles/redasm-gui.dir/src/views/context.cpp.o
[ 97%] Built target capstone-bundle
[ 98%] Building CXX object redasm/CMakeFiles/redasm-gui.dir/src/views/dashboard.cpp.o
[ 98%] Staging capstone-bundle -> /build/redasm-new-git/src/build/redasm/plugins/processors
[ 98%] Built target stage_capstone-bundle
[ 98%] Building CXX object redasm/CMakeFiles/redasm-gui.dir/src/views/log.cpp.o
[ 98%] Building CXX object redasm/CMakeFiles/redasm-gui.dir/src/views/welcome.cpp.o
[ 99%] Building CXX object redasm/CMakeFiles/redasm-gui.dir/src/main.cpp.o
[ 99%] Building CXX object redasm/CMakeFiles/redasm-gui.dir/src/mainwindow.cpp.o
[ 99%] Building CXX object redasm/CMakeFiles/redasm-gui.dir/src/statusbar.cpp.o
[ 99%] Built target fuzz_disasm
[100%] Linking CXX executable redasm-gui
[100%] Built target redasm-gui
