-- Install configuration: "None"
-- Installing: /build/redasm-git/pkg/redasm-git/usr/lib/libredasm.so
-- Installing: /build/redasm-git/pkg/redasm-git/usr/include/redasm
-- Installing: /build/redasm-git/pkg/redasm-git/usr/include/redasm/io
-- Installing: /build/redasm-git/pkg/redasm-git/usr/include/redasm/io/reader.h
-- Installing: /build/redasm-git/pkg/redasm-git/usr/include/redasm/io/buffer.h
-- Installing: /build/redasm-git/pkg/redasm-git/usr/include/redasm/config.h
-- Installing: /build/redasm-git/pkg/redasm-git/usr/include/redasm/kb.h
-- Installing: /build/redasm-git/pkg/redasm-git/usr/include/redasm/graph
-- Installing: /build/redasm-git/pkg/redasm-git/usr/include/redasm/graph/graph.h
-- Installing: /build/redasm-git/pkg/redasm-git/usr/include/redasm/graph/layout.h
-- Installing: /build/redasm-git/pkg/redasm-git/usr/include/redasm/hooks.h
-- Installing: /build/redasm-git/pkg/redasm-git/usr/include/redasm/common.h
-- Installing: /build/redasm-git/pkg/redasm-git/usr/include/redasm/segment.h
-- Installing: /build/redasm-git/pkg/redasm-git/usr/include/redasm/surface
-- Installing: /build/redasm-git/pkg/redasm-git/usr/include/redasm/surface/common.h
-- Installing: /build/redasm-git/pkg/redasm-git/usr/include/redasm/surface/graph.h
-- Installing: /build/redasm-git/pkg/redasm-git/usr/include/redasm/surface/surface.h
-- Installing: /build/redasm-git/pkg/redasm-git/usr/include/redasm/surface/renderer.h
-- Installing: /build/redasm-git/pkg/redasm-git/usr/include/redasm/function.h
-- Installing: /build/redasm-git/pkg/redasm-git/usr/include/redasm/types
-- Installing: /build/redasm-git/pkg/redasm-git/usr/include/redasm/types/def.h
-- Installing: /build/redasm-git/pkg/redasm-git/usr/include/redasm/types/type.h
-- Installing: /build/redasm-git/pkg/redasm-git/usr/include/redasm/mapping.h
-- Installing: /build/redasm-git/pkg/redasm-git/usr/include/redasm/context.h
-- Installing: /build/redasm-git/pkg/redasm-git/usr/include/redasm/support
-- Installing: /build/redasm-git/pkg/redasm-git/usr/include/redasm/support/logging.h
-- Installing: /build/redasm-git/pkg/redasm-git/usr/include/redasm/support/byteorder.h
-- Installing: /build/redasm-git/pkg/redasm-git/usr/include/redasm/support/utils.h
-- Installing: /build/redasm-git/pkg/redasm-git/usr/include/redasm/listing.h
-- Installing: /build/redasm-git/pkg/redasm-git/usr/include/redasm/plugins
-- Installing: /build/redasm-git/pkg/redasm-git/usr/include/redasm/plugins/processor
-- Installing: /build/redasm-git/pkg/redasm-git/usr/include/redasm/plugins/processor/processor.h
-- Installing: /build/redasm-git/pkg/redasm-git/usr/include/redasm/plugins/processor/instruction.h
-- Installing: /build/redasm-git/pkg/redasm-git/usr/include/redasm/plugins/loader.h
-- Installing: /build/redasm-git/pkg/redasm-git/usr/include/redasm/plugins/plugin.h
-- Installing: /build/redasm-git/pkg/redasm-git/usr/include/redasm/plugins/command.h
-- Installing: /build/redasm-git/pkg/redasm-git/usr/include/redasm/plugins/analyzer.h
-- Installing: /build/redasm-git/pkg/redasm-git/usr/include/redasm/theme.h
-- Installing: /build/redasm-git/pkg/redasm-git/usr/include/redasm/registers.h
-- Installing: /build/redasm-git/pkg/redasm-git/usr/include/redasm/allocator.h
-- Installing: /build/redasm-git/pkg/redasm-git/usr/include/redasm/redasm.h
-- Installing: /build/redasm-git/pkg/redasm-git/usr/include/redasm/rdil
-- Installing: /build/redasm-git/pkg/redasm-git/usr/include/redasm/rdil/rdil.h
-- Installing: /build/redasm-git/pkg/redasm-git/usr/include/redasm/rdil/opcodes.h
-- Installing: /build/redasm-git/pkg/redasm-git/usr/include/redasm/version.h
-- Installing: /build/redasm-git/pkg/redasm-git/usr/lib/cmake/redasm/redasmTargets.cmake
-- Installing: /build/redasm-git/pkg/redasm-git/usr/lib/cmake/redasm/redasmTargets-none.cmake
-- Installing: /build/redasm-git/pkg/redasm-git/usr/lib/cmake/redasm/redasmConfig.cmake
-- Installing: /build/redasm-git/pkg/redasm-git/usr/bin/redasm-gui
-- Set non-toolchain portion of runtime path of "/build/redasm-git/pkg/redasm-git/usr/bin/redasm-gui" to "$ORIGIN:$ORIGIN/../lib"
-- Installing: /build/redasm-git/pkg/redasm-git/usr/share/applications/redasm.desktop
-- Installing: /build/redasm-git/pkg/redasm-git/usr/share/icons/hicolor/256x256/apps/redasm.png
-- Installing: /build/redasm-git/pkg/redasm-git/usr/lib/redasm/plugins/loaders/libelf.so
-- Set non-toolchain portion of runtime path of "/build/redasm-git/pkg/redasm-git/usr/lib/redasm/plugins/loaders/libelf.so" to "$ORIGIN/../../../"
-- Installing: /build/redasm-git/pkg/redasm-git/usr/lib/redasm/plugins/loaders/libmz.so
-- Set non-toolchain portion of runtime path of "/build/redasm-git/pkg/redasm-git/usr/lib/redasm/plugins/loaders/libmz.so" to "$ORIGIN/../../../"
-- Installing: /build/redasm-git/pkg/redasm-git/usr/lib/redasm/plugins/loaders/libpsx.so
-- Set non-toolchain portion of runtime path of "/build/redasm-git/pkg/redasm-git/usr/lib/redasm/plugins/loaders/libpsx.so" to "$ORIGIN/../../../"
-- Installing: /build/redasm-git/pkg/redasm-git/usr/lib/redasm/plugins/loaders/libxbe.so
-- Set non-toolchain portion of runtime path of "/build/redasm-git/pkg/redasm-git/usr/lib/redasm/plugins/loaders/libxbe.so" to "$ORIGIN/../../../"
-- Installing: /build/redasm-git/pkg/redasm-git/usr/lib/redasm/plugins/processors/libcapstone-bundle.so
-- Set non-toolchain portion of runtime path of "/build/redasm-git/pkg/redasm-git/usr/lib/redasm/plugins/processors/libcapstone-bundle.so" to "$ORIGIN/../../../"
-- Installing: /build/redasm-git/pkg/redasm-git/usr/lib/redasm/plugins/processors/libx86.so
-- Set non-toolchain portion of runtime path of "/build/redasm-git/pkg/redasm-git/usr/lib/redasm/plugins/processors/libx86.so" to "$ORIGIN/../../../"
-- Installing: /build/redasm-git/pkg/redasm-git/usr/lib/redasm/plugins/processors/libmips.so
-- Set non-toolchain portion of runtime path of "/build/redasm-git/pkg/redasm-git/usr/lib/redasm/plugins/processors/libmips.so" to "$ORIGIN/../../../"
-- Installing: /build/redasm-git/pkg/redasm-git/usr/lib/redasm/plugins/analyzers/libcompilers.so
-- Set non-toolchain portion of runtime path of "/build/redasm-git/pkg/redasm-git/usr/lib/redasm/plugins/analyzers/libcompilers.so" to "$ORIGIN/../../../"
-- Installing: /build/redasm-git/pkg/redasm-git/usr/lib/redasm/plugins/commands/libcoff.so
-- Set non-toolchain portion of runtime path of "/build/redasm-git/pkg/redasm-git/usr/lib/redasm/plugins/commands/libcoff.so" to "$ORIGIN/../../../"
-- Installing: /build/redasm-git/pkg/redasm-git/usr/share/redasm/kb
-- Installing: /build/redasm-git/pkg/redasm-git/usr/share/redasm/kb/os
-- Installing: /build/redasm-git/pkg/redasm-git/usr/share/redasm/kb/os/libc
-- Installing: /build/redasm-git/pkg/redasm-git/usr/share/redasm/kb/os/libc/functions.toml
-- Installing: /build/redasm-git/pkg/redasm-git/usr/share/redasm/kb/os/win32
-- Installing: /build/redasm-git/pkg/redasm-git/usr/share/redasm/kb/os/win32/functions
-- Installing: /build/redasm-git/pkg/redasm-git/usr/share/redasm/kb/os/win32/functions/msvcrt.toml
-- Installing: /build/redasm-git/pkg/redasm-git/usr/share/redasm/kb/os/win32/functions/msvbvm50.toml
-- Installing: /build/redasm-git/pkg/redasm-git/usr/share/redasm/kb/os/win32/functions/msvbvm60.toml
-- Installing: /build/redasm-git/pkg/redasm-git/usr/share/redasm/kb/os/win32/functions/user32.toml
-- Installing: /build/redasm-git/pkg/redasm-git/usr/share/redasm/kb/os/win32/functions/coredll.toml
-- Installing: /build/redasm-git/pkg/redasm-git/usr/share/redasm/kb/os/win32/functions/kernel32.toml
-- Installing: /build/redasm-git/pkg/redasm-git/usr/share/redasm/kb/os/win32/ordinals
-- Installing: /build/redasm-git/pkg/redasm-git/usr/share/redasm/kb/os/win32/ordinals/mfc140u.toml
-- Installing: /build/redasm-git/pkg/redasm-git/usr/share/redasm/kb/os/win32/ordinals/mfc42u.toml
-- Installing: /build/redasm-git/pkg/redasm-git/usr/share/redasm/kb/os/win32/ordinals/mfc80.toml
-- Installing: /build/redasm-git/pkg/redasm-git/usr/share/redasm/kb/os/win32/ordinals/msvbvm50.toml
-- Installing: /build/redasm-git/pkg/redasm-git/usr/share/redasm/kb/os/win32/ordinals/mfc71.toml
-- Installing: /build/redasm-git/pkg/redasm-git/usr/share/redasm/kb/os/win32/ordinals/msvbvm60.toml
-- Installing: /build/redasm-git/pkg/redasm-git/usr/share/redasm/kb/os/win32/ordinals/mfc90.toml
-- Installing: /build/redasm-git/pkg/redasm-git/usr/share/redasm/kb/os/win32/ordinals/mfc110u.toml
-- Installing: /build/redasm-git/pkg/redasm-git/usr/share/redasm/kb/os/win32/ordinals/mfc90u.toml
-- Installing: /build/redasm-git/pkg/redasm-git/usr/share/redasm/kb/os/win32/ordinals/mfc100u.toml
-- Installing: /build/redasm-git/pkg/redasm-git/usr/share/redasm/kb/os/win32/ordinals/mfc42.toml
-- Installing: /build/redasm-git/pkg/redasm-git/usr/share/redasm/kb/os/win32/ordinals/mfc110.toml
-- Installing: /build/redasm-git/pkg/redasm-git/usr/share/redasm/kb/os/win32/ordinals/mfc100.toml
-- Installing: /build/redasm-git/pkg/redasm-git/usr/share/redasm/kb/os/win32/ordinals/mfc140.toml
-- Installing: /build/redasm-git/pkg/redasm-git/usr/share/redasm/kb/os/win32/ordinals/mfc80u.toml
-- Installing: /build/redasm-git/pkg/redasm-git/usr/share/redasm/kb/os/win32/ordinals/mfc71u.toml
-- Installing: /build/redasm-git/pkg/redasm-git/usr/share/redasm/kb/os/xbox
-- Installing: /build/redasm-git/pkg/redasm-git/usr/share/redasm/kb/os/xbox/ordinals.toml
-- Installing: /build/redasm-git/pkg/redasm-git/usr/share/redasm/kb/pe
-- Installing: /build/redasm-git/pkg/redasm-git/usr/share/redasm/kb/pe/vb
-- Installing: /build/redasm-git/pkg/redasm-git/usr/share/redasm/kb/pe/vb/components.toml
-- Installing: /build/redasm-git/pkg/redasm-git/usr/share/redasm/kb/pe/vb/types.toml
-- Installing: /build/redasm-git/pkg/redasm-git/usr/share/redasm/kb/pe/types.toml
-- Installing: /build/redasm-git/pkg/redasm-git/usr/share/redasm/kb/psx
-- Installing: /build/redasm-git/pkg/redasm-git/usr/share/redasm/kb/psx/bios.toml
