   Compiling proc-macro2 v1.0.107
   Compiling quote v1.0.47
   Compiling unicode-ident v1.0.24
   Compiling cfg-if v1.0.4
   Compiling bitflags v2.13.1
   Compiling once_cell v1.21.4
   Compiling libc v0.2.189
   Compiling log v0.4.33
   Compiling shlex v2.0.1
   Compiling find-msvc-tools v0.1.11
   Compiling pkg-config v0.3.34
   Compiling rustix v1.1.4
   Compiling libm v0.2.16
   Compiling pin-project-lite v0.2.17
   Compiling linux-raw-sys v0.12.1
   Compiling smallvec v1.15.2
   Compiling autocfg v1.5.1
   Compiling slab v0.4.12
   Compiling thiserror v2.0.20
   Compiling futures-core v0.3.34
   Compiling downcast-rs v1.2.1
   Compiling memchr v2.8.3
   Compiling scoped-tls v1.0.1
   Compiling wayland-client v0.31.15
   Compiling libloading v0.8.9
   Compiling futures-io v0.3.34
   Compiling serde_core v1.0.229
   Compiling cfg_aliases v0.2.2
   Compiling cc v1.4.3
   Compiling serde v1.0.229
   Compiling zerocopy v0.8.56
   Compiling version_check v0.9.5
   Compiling crossbeam-utils v0.8.22
   Compiling dlib v0.5.3
   Compiling raw-window-handle v0.6.2
   Compiling tracing-core v0.1.36
   Compiling fastrand v2.5.0
   Compiling futures-sink v0.3.34
   Compiling arrayvec v0.7.8
   Compiling rustc-hash v1.1.0
   Compiling smol_str v0.2.2
   Compiling parking v2.2.1
   Compiling futures-channel v0.3.34
   Compiling futures-task v0.3.34
   Compiling winnow v1.0.4
   Compiling rustc-hash v2.1.3
   Compiling equivalent v1.0.2
   Compiling web-time v1.1.0
   Compiling hashbrown v0.17.1
   Compiling glam v0.25.0
   Compiling lilt v0.8.2
   Compiling roxmltree v0.20.0
   Compiling tinyvec_macros v0.1.1
   Compiling toml_datetime v1.1.1+spec-1.1.0
   Compiling quick-xml v0.41.0
   Compiling parking_lot_core v0.9.12
   Compiling bytes v1.12.1
   Compiling tinyvec v1.12.0
   Compiling num-traits v0.2.19
   Compiling slotmap v1.1.1
   Compiling naga v27.0.3
   Compiling tokio v1.53.1
   Compiling wayland-sys v0.31.11
   Compiling cmake v0.1.58
   Compiling foldhash v0.1.5
   Compiling yazi v0.2.1
   Compiling syn v3.0.3
   Compiling syn v2.0.119
   Compiling indexmap v2.14.0
   Compiling fontconfig-parser v0.5.8
   Compiling zeno v0.3.3
   Compiling as-raw-xcb-connection v1.0.1
   Compiling core_maths v0.1.1
   Compiling scopeguard v1.2.0
   Compiling ttf-parser v0.25.1
   Compiling ash v0.38.0+1.3.281
   Compiling unicode-width v0.2.2
   Compiling foldhash v0.2.0
   Compiling toml_parser v1.1.3+spec-1.1.0
   Compiling memmap2 v0.9.11
   Compiling bit-vec v0.8.0
   Compiling khronos-egl v6.0.0
   Compiling codespan-reporting v0.12.0
   Compiling hashbrown v0.16.1
   Compiling bit-set v0.8.0
   Compiling lock_api v0.4.14
   Compiling hashbrown v0.15.5
   Compiling concurrent-queue v2.5.0
   Compiling toml_edit v0.25.13+spec-1.1.0
   Compiling wayland-scanner v0.31.11
   Compiling event-listener v5.4.2
   Compiling wgpu-hal v27.0.4
   Compiling gpu-alloc-types v0.3.1
   Compiling spirv v0.3.0+sdk-1.3.268.0
   Compiling gpu-descriptor-types v0.2.0
   Compiling hexf-parse v0.2.1
   Compiling xcursor v0.3.11
   Compiling unicode-script v0.5.8
   Compiling self_cell v1.3.0
   Compiling linebender_resource_handle v0.1.1
   Compiling wayland-backend v0.3.16
   Compiling crc32fast v1.5.0
   Compiling x11rb-protocol v0.13.2
   Compiling sys-locale v0.3.2
   Compiling rangemap v1.8.0
   Compiling unicode-segmentation v1.13.3
   Compiling xkeysym v0.2.1
   Compiling proc-macro-crate v3.5.0
   Compiling cursor-icon v1.2.0
   Compiling unicode-bidi v0.3.18
   Compiling unicode-linebreak v0.1.5
   Compiling pxfm v0.1.30
   Compiling gpu-descriptor v0.3.2
   Compiling gpu-alloc v0.6.2
   Compiling event-listener-strategy v0.5.4
   Compiling ordered-float v5.3.0
   Compiling parking_lot v0.12.5
   Compiling futures-lite v2.6.1
   Compiling renderdoc-sys v1.1.0
   Compiling profiling v1.0.18
   Compiling byteorder-lite v0.1.0
   Compiling rustix v0.38.44
   Compiling arrayref v0.3.9
   Compiling strict-num v0.1.1
   Compiling mutate_once v0.1.2
   Compiling glow v0.16.0
   Compiling thiserror v1.0.69
   Compiling kamadak-exif v0.6.1
   Compiling fontdb v0.23.0
   Compiling async-io v2.6.0
   Compiling wgpu-core v27.0.3
   Compiling linux-raw-sys v0.4.15
   Compiling fyi_ansi v2.6.2
   Compiling litrs v1.0.0
   Compiling euclid v0.22.14
   Compiling errno v0.3.14
   Compiling tiny-xlib v0.2.5
   Compiling wgpu v27.0.1
   Compiling svg_fmt v0.4.5
   Compiling crossbeam-epoch v0.9.20
   Compiling endi v1.1.1
   Compiling smithay-client-toolkit v0.20.0
   Compiling getrandom v0.3.4
   Compiling async-task v4.7.1
   Compiling signal-hook-registry v1.4.8
   Compiling async-channel v2.5.0
   Compiling ahash v0.8.12
   Compiling document-features v0.2.12
   Compiling atomic-waker v1.1.2
   Compiling static_assertions v1.1.0
   Compiling ctor v0.10.1
   Compiling crossbeam-deque v0.8.7
   Compiling smithay-client-toolkit v0.19.2
   Compiling piper v0.2.5
   Compiling etagere v0.2.15
   Compiling owned_ttf_parser v0.25.1
   Compiling async-lock v3.4.2
   Compiling libaom-sys v0.17.2+libaom.3.11.0
   Compiling libwebp-sys2 v0.1.11
   Compiling x11-dl v2.21.0
   Compiling lru v0.16.4
   Compiling android-build v0.1.4
   Compiling ab_glyph_rasterizer v0.1.10
   Compiling rayon-core v1.13.0
   Compiling bytemuck v1.25.2
   Compiling zlib-rs v0.6.7
   Compiling ab_glyph v0.2.32
   Compiling rgb v0.8.53
   Compiling blocking v1.6.2
   Compiling guillotiere v0.6.2
   Compiling async-executor v1.14.0
   Compiling uuid v1.24.0
   Compiling async-broadcast v0.7.2
   Compiling moxcms v0.8.1
   Compiling jpegxl-src v0.12.0
   Compiling mundy v0.2.3
   Compiling kurbo v0.10.4
   Compiling winit v0.30.13
   Compiling ordered-stream v0.2.0
   Compiling percent-encoding v2.3.2
   Compiling hex v0.4.3
   Compiling getrandom v0.4.3
   Compiling jpegxl-sys v0.13.0+libjxl-0.12.0
   Compiling xkbcommon-dl v0.4.2
   Compiling libwebp-sys2 v0.2.0
   Compiling libavif-sys v0.17.0+libavif.1.0.4
   Compiling link-cplusplus v1.0.12
   Compiling either v1.17.0
   Compiling polling v3.11.0
   Compiling gethostname v1.1.0
   Compiling dpi v0.1.2
   Compiling rayon v1.12.0
   Compiling is-docker v0.2.0
   Compiling dactyl v0.13.2
   Compiling async-signal v0.2.14
   Compiling wayland-csd-frame v0.3.0
   Compiling async-process v2.5.0
   Compiling flate2 v1.1.9
   Compiling rfd v0.17.2
   Compiling is-wsl v0.4.0
   Compiling tempfile v3.27.0
   Compiling zerocopy-derive v0.8.56
   Compiling tracing-attributes v0.1.31
   Compiling enumflags2_derive v0.7.12
   Compiling thiserror-impl v1.0.69
   Compiling async-recursion v1.1.1
   Compiling lodepng v3.12.2
   Compiling bytemuck_derive v1.12.0
   Compiling thiserror-impl v2.0.20
   Compiling serde_derive v1.0.229
   Compiling wayland-protocols v0.32.13
   Compiling futures-macro v0.3.34
   Compiling wayland-cursor v0.31.14
   Compiling async-trait v0.1.92
   Compiling serde_repr v0.1.21
   Compiling refract_core v1.6.0 (/build/refract/src/refract/refract_core)
   Compiling jpeg-decoder v0.3.2
   Compiling calloop v0.13.0
   Compiling tracing v0.1.44
   Compiling filetime v0.2.29
   Compiling pollster v0.4.0
   Compiling refract v1.6.0 (/build/refract/src/refract/refract)
   Compiling tz-rs v0.7.3
   Compiling write_atomic v0.7.1
   Compiling open v5.3.6
   Compiling calloop v0.14.4
   Compiling futures-util v0.3.34
   Compiling calloop-wayland-source v0.3.0
   Compiling utc2k v0.20.0
   Compiling argyle v0.15.0
   Compiling font-types v0.12.3
   Compiling font-types v0.10.1
   Compiling iced_core v0.14.0
   Compiling wgpu-types v27.0.1
   Compiling tiny-skia-path v0.11.4
   Compiling read-fonts v0.35.0
   Compiling image v0.25.10
   Compiling read-fonts v0.41.0
   Compiling calloop-wayland-source v0.4.1
   Compiling wayland-protocols-wlr v0.3.12
   Compiling wayland-protocols-misc v0.3.12
   Compiling futures-executor v0.3.34
   Compiling tiny-skia v0.11.4
   Compiling futures v0.3.34
   Compiling zcheapstr v1.1.0
   Compiling zvariant_utils v4.0.0
   Compiling enumflags2 v0.7.12
   Compiling wayland-protocols-experimental v20250721.0.1
   Compiling iced_futures v0.14.0
   Compiling iced_debug v0.14.0
   Compiling zvariant_derive v5.14.0
   Compiling iced_runtime v0.14.0
   Compiling wayland-protocols-plasma v0.3.12
   Compiling smithay-clipboard v0.7.3
   Compiling zvariant v5.14.0
   Compiling clipboard_wayland v0.2.2
   Compiling sctk-adwaita v0.10.1
   Compiling half v2.7.1
   Compiling dowser v0.18.0
   Compiling zbus_names v4.3.4
   Compiling x11rb v0.13.2
   Compiling zbus_macros v5.19.0
   Compiling skrifa v0.44.0
   Compiling harfrust v0.3.2
   Compiling skrifa v0.37.0
   Compiling zbus v5.19.0
   Compiling softbuffer v0.4.8
   Compiling swash v0.2.10
   Compiling clipboard_x11 v0.4.3
   Compiling window_clipboard v0.5.1
   Compiling cosmic-text v0.15.0
   Compiling iced_graphics v0.14.0
   Compiling wgpu-core-deps-windows-linux-android v27.0.0
   Compiling iced_tiny_skia v0.14.0
   Compiling iced_program v0.14.0
   Compiling iced_winit v0.14.0
   Compiling cryoglyph v0.1.0
   Compiling iced_wgpu v0.14.0
   Compiling iced_renderer v0.14.0
   Compiling iced_widget v0.14.2
   Compiling iced v0.14.0
    Finished `release` profile [optimized] target(s) in 9m 38s
