   Compiling proc-macro2 v1.0.107
   Compiling quote v1.0.47
   Compiling unicode-ident v1.0.24
   Compiling libc v0.2.189
   Compiling autocfg v1.5.1
   Compiling rand_core v0.4.2
   Compiling simd-adler32 v0.3.10
   Compiling crc32fast v1.5.0
   Compiling arrayvec v0.7.8
   Compiling cfg-if v1.0.4
   Compiling adler2 v2.0.1
   Compiling version_check v0.9.5
   Compiling smallvec v1.15.2
   Compiling float-cmp v0.9.0
   Compiling log v0.4.33
   Compiling bitflags v2.13.1
   Compiling once_cell v1.21.4
   Compiling roxmltree v0.20.0
   Compiling arrayref v0.3.9
   Compiling tinyvec_macros v0.1.1
   Compiling siphasher v1.0.3
   Compiling memchr v2.8.3
   Compiling unicode-vo v0.1.0
   Compiling imagesize v0.15.0
   Compiling base64 v0.23.0
   Compiling tinyvec v1.12.0
   Compiling xmlwriter v0.1.0
   Compiling strict-num v0.1.1
   Compiling unicode-bidi v0.3.18
   Compiling rand_core v0.3.1
   Compiling miniz_oxide v0.8.9
   Compiling autocfg v0.1.8
   Compiling polycool v0.4.0
   Compiling simplecss v0.2.2
   Compiling fdeflate v0.3.7
   Compiling unicode-script v0.5.8
   Compiling data-url v0.3.2
   Compiling pico-args v0.5.0
   Compiling rand_xorshift v0.1.1
   Compiling rand_isaac v0.1.1
   Compiling rand_hc v0.1.0
   Compiling rand_jitter v0.1.4
   Compiling byteorder-lite v0.1.0
   Compiling slotmap v1.1.1
   Compiling kurbo v0.13.1
   Compiling siphasher v0.2.3
   Compiling zune-core v0.5.1
   Compiling rand_chacha v0.1.1
   Compiling rand_pcg v0.1.2
   Compiling fontconfig-parser v0.5.8
   Compiling rand v0.6.5
   Compiling roxmltree v0.21.1
   Compiling color_quant v1.1.0
   Compiling flate2 v1.1.9
   Compiling quick-error v2.0.1
   Compiling weezl v0.1.12
   Compiling image-webp v0.2.4
   Compiling zune-jpeg v0.5.15
   Compiling phf_shared v0.7.24
   Compiling syn v2.0.119
   Compiling either v1.17.0
   Compiling gif v0.14.2
   Compiling png v0.18.1
   Compiling itertools v0.14.0
   Compiling memmap2 v0.9.11
   Compiling rand_os v0.1.3
   Compiling svgtypes v0.16.1
   Compiling fontdb v0.24.0
   Compiling phf_generator v0.7.24
   Compiling phf_codegen v0.7.24
   Compiling codegen v0.1.0 (/build/resvg-git/src/resvg/crates/usvg/codegen)
   Compiling bytemuck_derive v1.11.0
   Compiling bytemuck v1.25.2
   Compiling font-types v0.12.1
   Compiling tiny-skia-path v0.12.0
   Compiling rgb v0.8.53
   Compiling read-fonts v0.41.0
   Compiling tiny-skia v0.12.0
   Compiling harfrust v0.12.0
   Compiling skrifa v0.44.0
   Compiling usvg v0.48.1 (/build/resvg-git/src/resvg/crates/usvg)
   Compiling resvg v0.48.1 (/build/resvg-git/src/resvg/crates/resvg)
   Compiling resvg-capi v0.48.1 (/build/resvg-git/src/resvg/crates/c-api)
    Finished `release` profile [optimized] target(s) in 22.38s
Info: creating stash file /build/resvg-git/src/resvg/tools/viewsvg/.qmake.stash
/usr/bin/uic mainwindow.ui -o ui_mainwindow.h
g++ -c -pipe -march=x86-64 -mtune=generic -O2 -pipe -fno-plt -fexceptions -Wp,-D_FORTIFY_SOURCE=3 -Wformat -Werror=format-security -fstack-clash-protection -fcf-protection -fno-omit-frame-pointer -mno-omit-leaf-frame-pointer -Wp,-D_GLIBCXX_ASSERTIONS -g -ffile-prefix-map=/build/resvg-git/src=/usr/src/debug/resvg-git -flto=auto -std=gnu++11 -flto -fno-fat-lto-objects -Wall -Wextra -D_REENTRANT -fPIC -DQT_NO_DEBUG -DQT_WIDGETS_LIB -DQT_GUI_LIB -DQT_CORE_LIB -I. -I../../crates/c-api -I/usr/include/qt -I/usr/include/qt/QtWidgets -I/usr/include/qt/QtGui -I/usr/include/qt/QtCore -I. -I. -I/usr/lib/qt/mkspecs/linux-g++ -o main.o main.cpp
g++ -c -pipe -march=x86-64 -mtune=generic -O2 -pipe -fno-plt -fexceptions -Wp,-D_FORTIFY_SOURCE=3 -Wformat -Werror=format-security -fstack-clash-protection -fcf-protection -fno-omit-frame-pointer -mno-omit-leaf-frame-pointer -Wp,-D_GLIBCXX_ASSERTIONS -g -ffile-prefix-map=/build/resvg-git/src=/usr/src/debug/resvg-git -flto=auto -std=gnu++11 -flto -fno-fat-lto-objects -Wall -Wextra -D_REENTRANT -fPIC -DQT_NO_DEBUG -DQT_WIDGETS_LIB -DQT_GUI_LIB -DQT_CORE_LIB -I. -I../../crates/c-api -I/usr/include/qt -I/usr/include/qt/QtWidgets -I/usr/include/qt/QtGui -I/usr/include/qt/QtCore -I. -I. -I/usr/lib/qt/mkspecs/linux-g++ -o svgview.o svgview.cpp
g++ -pipe -march=x86-64 -mtune=generic -O2 -pipe -fno-plt -fexceptions -Wp,-D_FORTIFY_SOURCE=3 -Wformat -Werror=format-security -fstack-clash-protection -fcf-protection -fno-omit-frame-pointer -mno-omit-leaf-frame-pointer -Wp,-D_GLIBCXX_ASSERTIONS -g -ffile-prefix-map=/build/resvg-git/src=/usr/src/debug/resvg-git -flto=auto -std=gnu++11 -flto -fno-fat-lto-objects -Wall -Wextra -dM -E -o moc_predefs.h /usr/lib/qt/mkspecs/features/data/dummy.cpp
g++ -c -pipe -march=x86-64 -mtune=generic -O2 -pipe -fno-plt -fexceptions -Wp,-D_FORTIFY_SOURCE=3 -Wformat -Werror=format-security -fstack-clash-protection -fcf-protection -fno-omit-frame-pointer -mno-omit-leaf-frame-pointer -Wp,-D_GLIBCXX_ASSERTIONS -g -ffile-prefix-map=/build/resvg-git/src=/usr/src/debug/resvg-git -flto=auto -std=gnu++11 -flto -fno-fat-lto-objects -Wall -Wextra -D_REENTRANT -fPIC -DQT_NO_DEBUG -DQT_WIDGETS_LIB -DQT_GUI_LIB -DQT_CORE_LIB -I. -I../../crates/c-api -I/usr/include/qt -I/usr/include/qt/QtWidgets -I/usr/include/qt/QtGui -I/usr/include/qt/QtCore -I. -I. -I/usr/lib/qt/mkspecs/linux-g++ -o mainwindow.o mainwindow.cpp
/usr/bin/moc -DQT_NO_DEBUG -DQT_WIDGETS_LIB -DQT_GUI_LIB -DQT_CORE_LIB --include /build/resvg-git/src/resvg/tools/viewsvg/moc_predefs.h -I/usr/lib/qt/mkspecs/linux-g++ -I/build/resvg-git/src/resvg/tools/viewsvg -I/build/resvg-git/src/resvg/crates/c-api -I/usr/include/qt -I/usr/include/qt/QtWidgets -I/usr/include/qt/QtGui -I/usr/include/qt/QtCore -I/usr/include/c++/16 -I/usr/include/c++/16/x86_64-pc-linux-gnu -I/usr/include/c++/16/backward -I/usr/lib/gcc/x86_64-pc-linux-gnu/16/include -I/usr/local/include -I/usr/include mainwindow.h -o moc_mainwindow.cpp
/usr/bin/moc -DQT_NO_DEBUG -DQT_WIDGETS_LIB -DQT_GUI_LIB -DQT_CORE_LIB --include /build/resvg-git/src/resvg/tools/viewsvg/moc_predefs.h -I/usr/lib/qt/mkspecs/linux-g++ -I/build/resvg-git/src/resvg/tools/viewsvg -I/build/resvg-git/src/resvg/crates/c-api -I/usr/include/qt -I/usr/include/qt/QtWidgets -I/usr/include/qt/QtGui -I/usr/include/qt/QtCore -I/usr/include/c++/16 -I/usr/include/c++/16/x86_64-pc-linux-gnu -I/usr/include/c++/16/backward -I/usr/lib/gcc/x86_64-pc-linux-gnu/16/include -I/usr/local/include -I/usr/include svgview.h -o moc_svgview.cpp
g++ -c -pipe -march=x86-64 -mtune=generic -O2 -pipe -fno-plt -fexceptions -Wp,-D_FORTIFY_SOURCE=3 -Wformat -Werror=format-security -fstack-clash-protection -fcf-protection -fno-omit-frame-pointer -mno-omit-leaf-frame-pointer -Wp,-D_GLIBCXX_ASSERTIONS -g -ffile-prefix-map=/build/resvg-git/src=/usr/src/debug/resvg-git -flto=auto -std=gnu++11 -flto -fno-fat-lto-objects -Wall -Wextra -D_REENTRANT -fPIC -DQT_NO_DEBUG -DQT_WIDGETS_LIB -DQT_GUI_LIB -DQT_CORE_LIB -I. -I../../crates/c-api -I/usr/include/qt -I/usr/include/qt/QtWidgets -I/usr/include/qt/QtGui -I/usr/include/qt/QtCore -I. -I. -I/usr/lib/qt/mkspecs/linux-g++ -o moc_mainwindow.o moc_mainwindow.cpp
g++ -c -pipe -march=x86-64 -mtune=generic -O2 -pipe -fno-plt -fexceptions -Wp,-D_FORTIFY_SOURCE=3 -Wformat -Werror=format-security -fstack-clash-protection -fcf-protection -fno-omit-frame-pointer -mno-omit-leaf-frame-pointer -Wp,-D_GLIBCXX_ASSERTIONS -g -ffile-prefix-map=/build/resvg-git/src=/usr/src/debug/resvg-git -flto=auto -std=gnu++11 -flto -fno-fat-lto-objects -Wall -Wextra -D_REENTRANT -fPIC -DQT_NO_DEBUG -DQT_WIDGETS_LIB -DQT_GUI_LIB -DQT_CORE_LIB -I. -I../../crates/c-api -I/usr/include/qt -I/usr/include/qt/QtWidgets -I/usr/include/qt/QtGui -I/usr/include/qt/QtCore -I. -I. -I/usr/lib/qt/mkspecs/linux-g++ -o moc_svgview.o moc_svgview.cpp
g++ -Wl,-O1 -Wl,--sort-common -Wl,--as-needed -Wl,-z,relro -Wl,-z,now -Wl,-z,pack-relative-relocs -pipe -march=x86-64 -mtune=generic -O2 -pipe -fno-plt -fexceptions -Wp,-D_FORTIFY_SOURCE=3 -Wformat -Werror=format-security -fstack-clash-protection -fcf-protection -fno-omit-frame-pointer -mno-omit-leaf-frame-pointer -Wp,-D_GLIBCXX_ASSERTIONS -g -ffile-prefix-map=/build/resvg-git/src=/usr/src/debug/resvg-git -flto=auto -std=gnu++11 -flto=24 -fno-fat-lto-objects -fuse-linker-plugin -fPIC -o viewsvg main.o mainwindow.o svgview.o moc_mainwindow.o moc_svgview.o   -L/build/resvg-git/src/resvg/tools/viewsvg/../../target/release/ -lresvg /usr/lib/libQt5Widgets.so /usr/lib/libQt5Gui.so /usr/lib/libQt5Core.so -lGL -lpthread   
   Compiling proc-macro2 v1.0.107
   Compiling quote v1.0.47
   Compiling unicode-ident v1.0.24
   Compiling crc32fast v1.5.0
   Compiling simd-adler32 v0.3.10
   Compiling adler2 v2.0.1
   Compiling version_check v0.9.5
   Compiling arrayvec v0.7.8
   Compiling libc v0.2.189
   Compiling cfg-if v1.0.4
   Compiling once_cell v1.21.4
   Compiling float-cmp v0.9.0
   Compiling bitflags v2.13.1
   Compiling log v0.4.33
   Compiling smallvec v1.15.2
   Compiling roxmltree v0.20.0
   Compiling tinyvec_macros v0.1.1
   Compiling arrayref v0.3.9
   Compiling memchr v2.8.3
   Compiling siphasher v1.0.3
   Compiling unicode-script v0.5.8
   Compiling quick-error v2.0.1
   Compiling unicode-bidi v0.3.18
   Compiling unicode-vo v0.1.0
   Compiling xmlwriter v0.1.0
   Compiling tinyvec v1.12.0
   Compiling weezl v0.1.12
   Compiling zune-core v0.5.1
   Compiling strict-num v0.1.1
   Compiling base64 v0.23.0
   Compiling byteorder-lite v0.1.0
   Compiling miniz_oxide v0.8.9
   Compiling polycool v0.4.0
   Compiling fdeflate v0.3.7
   Compiling simplecss v0.2.2
   Compiling color_quant v1.1.0
   Compiling data-url v0.3.2
   Compiling pico-args v0.5.0
   Compiling imagesize v0.15.0
   Compiling slotmap v1.1.1
   Compiling gif v0.14.2
   Compiling kurbo v0.13.1
   Compiling image-webp v0.2.4
   Compiling zune-jpeg v0.5.15
   Compiling fontconfig-parser v0.5.8
   Compiling flate2 v1.1.9
   Compiling roxmltree v0.21.1
   Compiling syn v2.0.119
   Compiling png v0.18.1
   Compiling memmap2 v0.9.11
   Compiling fontdb v0.24.0
   Compiling svgtypes v0.16.1
   Compiling bytemuck_derive v1.11.0
   Compiling bytemuck v1.25.2
   Compiling font-types v0.12.1
   Compiling tiny-skia-path v0.12.0
   Compiling rgb v0.8.53
   Compiling read-fonts v0.41.0
   Compiling tiny-skia v0.12.0
   Compiling harfrust v0.12.0
   Compiling skrifa v0.44.0
   Compiling usvg v0.48.1 (/build/resvg-git/src/resvg/crates/usvg)
   Compiling resvg v0.48.1 (/build/resvg-git/src/resvg/crates/resvg)
   Compiling resvg-capi v0.48.1 (/build/resvg-git/src/resvg/crates/c-api)
note: link against the following native artifacts when linking against this static library. The order and any duplication can be significant on some platforms

    Finished `release` profile [optimized] target(s) in 21.28s
    Building pkg-config files
  Populating uninstalled header directory
    Checking simd-adler32 v0.3.10
    Checking cfg-if v1.0.4
    Checking adler2 v2.0.1
    Checking arrayvec v0.7.8
    Checking smallvec v1.15.2
    Checking bitflags v2.13.1
    Checking float-cmp v0.9.0
    Checking log v0.4.33
    Checking once_cell v1.21.4
    Checking roxmltree v0.20.0
    Checking tinyvec_macros v0.1.1
    Checking arrayref v0.3.9
    Checking siphasher v1.0.3
    Checking memchr v2.8.3
    Checking base64 v0.23.0
    Checking xmlwriter v0.1.0
    Checking pico-args v0.5.0
    Checking imagesize v0.15.0
    Checking data-url v0.3.2
    Checking libc v0.2.189
    Checking unicode-script v0.5.8
    Checking color_quant v1.1.0
    Checking slotmap v1.1.1
    Checking bytemuck v1.25.2
    Checking crc32fast v1.5.0
    Checking tinyvec v1.12.0
    Checking zune-core v0.5.1
    Checking unicode-vo v0.1.0
    Checking strict-num v0.1.1
    Checking byteorder-lite v0.1.0
    Checking miniz_oxide v0.8.9
    Checking fdeflate v0.3.7
    Checking weezl v0.1.12
    Checking simplecss v0.2.2
    Checking quick-error v2.0.1
    Checking unicode-bidi v0.3.18
    Checking polycool v0.4.0
    Checking font-types v0.12.1
    Checking tiny-skia-path v0.12.0
    Checking rgb v0.8.53
    Checking zune-jpeg v0.5.15
    Checking image-webp v0.2.4
    Checking kurbo v0.13.1
    Checking gif v0.14.2
    Checking fontconfig-parser v0.5.8
    Checking roxmltree v0.21.1
    Checking read-fonts v0.41.0
    Checking flate2 v1.1.9
    Checking png v0.18.1
    Checking memmap2 v0.9.11
    Checking fontdb v0.24.0
    Checking svgtypes v0.16.1
    Checking tiny-skia v0.12.0
    Checking skrifa v0.44.0
    Checking harfrust v0.12.0
    Checking usvg v0.48.1 (/build/resvg-git/src/resvg/crates/usvg)
    Checking resvg v0.48.1 (/build/resvg-git/src/resvg/crates/resvg)
 Documenting resvg-capi v0.48.1 (/build/resvg-git/src/resvg/crates/c-api)
    Finished `release` profile [optimized] target(s) in 8.16s
   Generated /build/resvg-git/src/resvg/target/doc/resvg/index.html
