   Compiling libc v0.2.189
   Compiling pkg-config v0.3.33
   Compiling shlex v2.0.1
   Compiling find-msvc-tools v0.1.10
   Compiling dunce v1.0.5
   Compiling fs_extra v1.3.0
   Compiling aws-lc-rs v1.18.0
   Compiling proc-macro2 v1.0.107
   Compiling rustls v0.23.43
   Compiling quote v1.0.47
   Compiling log v0.4.33
   Compiling unicode-ident v1.0.24
   Compiling glob v0.3.4
   Compiling zeroize v1.9.0
   Compiling target-lexicon v0.13.5
   Compiling prettyplease v0.2.37
   Compiling minimal-lexical v0.2.1
   Compiling winnow v1.0.4
   Compiling cfg-if v1.0.4
   Compiling memchr v2.8.3
   Compiling regex-syntax v0.8.11
   Compiling typenum v1.20.1
   Compiling either v1.17.0
   Compiling libloading v0.8.9
   Compiling toml_datetime v1.1.1+spec-1.1.0
   Compiling bindgen v0.72.1
   Compiling rustls-pki-types v1.15.1
   Compiling smallvec v1.15.2
   Compiling untrusted v0.9.0
   Compiling serde_spanned v1.1.1
   Compiling rustix v1.1.4
   Compiling itertools v0.13.0
   Compiling linux-raw-sys v0.12.1
   Compiling rustc-hash v2.1.3
   Compiling once_cell v1.21.4
   Compiling bitflags v2.13.1
   Compiling version-compare v0.2.1
   Compiling heck v0.5.0
   Compiling subtle v2.6.1
   Compiling shlex v1.3.0
   Compiling dactyl v0.13.2
   Compiling toml_parser v1.1.3+spec-1.1.0
   Compiling const-oid v0.10.2
   Compiling webpki-roots v1.0.9
   Compiling clang-sys v1.9.1
   Compiling nom v7.1.3
   Compiling getrandom v0.4.3
   Compiling signal-hook v0.4.4
   Compiling fyi_ansi v2.6.2
   Compiling crc32fast v1.5.0
   Compiling cpufeatures v0.3.0
   Compiling oxford_join v0.7.2
   Compiling fyi_msg v2.6.2
   Compiling toml v1.1.4+spec-1.1.0
   Compiling unicode-width v0.2.2
   Compiling fastrand v2.5.0
   Compiling cdtoc v0.13.2
   Compiling trimothy v0.9.2
   Compiling utc2k v0.20.0
   Compiling argyle v0.15.0
   Compiling cfg-expr v0.20.8
   Compiling hybrid-array v0.4.14
   Compiling syn v2.0.119
   Compiling regex-automata v0.4.18
   Compiling system-deps v7.0.8
   Compiling jobserver v0.1.35
   Compiling errno v0.3.14
   Compiling signal-hook-registry v1.4.8
   Compiling cc v1.4.2
   Compiling block-buffer v0.12.1
   Compiling crypto-common v0.2.2
   Compiling cexpr v0.6.0
   Compiling digest v0.11.3
   Compiling sha1 v0.11.0
   Compiling cmake v0.1.58
   Compiling regex v1.13.1
   Compiling aws-lc-sys v0.44.0
   Compiling terminal_size v0.4.4
   Compiling tempfile v3.27.0
   Compiling libcdio-sys v2.0.0
   Compiling rustls-webpki v0.103.14
   Compiling minreq v3.0.0
   Compiling riprip_core v0.5.9 (/build/riprip/src/riprip/riprip_core)
   Compiling riprip v0.5.9 (/build/riprip/src/riprip/riprip)
    Finished `release` profile [optimized] target(s) in 1m 15s
