'tmp_install/usr' -> '/build/ruby-cairo/pkg/ruby-cairo/usr'
'tmp_install/usr/lib' -> '/build/ruby-cairo/pkg/ruby-cairo/usr/lib'
'tmp_install/usr/lib/ruby' -> '/build/ruby-cairo/pkg/ruby-cairo/usr/lib/ruby'
'tmp_install/usr/lib/ruby/gems' -> '/build/ruby-cairo/pkg/ruby-cairo/usr/lib/ruby/gems'
'tmp_install/usr/lib/ruby/gems/3.4.0' -> '/build/ruby-cairo/pkg/ruby-cairo/usr/lib/ruby/gems/3.4.0'
'tmp_install/usr/lib/ruby/gems/3.4.0/build_info' -> '/build/ruby-cairo/pkg/ruby-cairo/usr/lib/ruby/gems/3.4.0/build_info'
'tmp_install/usr/lib/ruby/gems/3.4.0/doc' -> '/build/ruby-cairo/pkg/ruby-cairo/usr/lib/ruby/gems/3.4.0/doc'
'tmp_install/usr/lib/ruby/gems/3.4.0/extensions' -> '/build/ruby-cairo/pkg/ruby-cairo/usr/lib/ruby/gems/3.4.0/extensions'
'tmp_install/usr/lib/ruby/gems/3.4.0/extensions/x86_64-linux' -> '/build/ruby-cairo/pkg/ruby-cairo/usr/lib/ruby/gems/3.4.0/extensions/x86_64-linux'
'tmp_install/usr/lib/ruby/gems/3.4.0/extensions/x86_64-linux/3.4.0' -> '/build/ruby-cairo/pkg/ruby-cairo/usr/lib/ruby/gems/3.4.0/extensions/x86_64-linux/3.4.0'
'tmp_install/usr/lib/ruby/gems/3.4.0/extensions/x86_64-linux/3.4.0/cairo-1.18.5' -> '/build/ruby-cairo/pkg/ruby-cairo/usr/lib/ruby/gems/3.4.0/extensions/x86_64-linux/3.4.0/cairo-1.18.5'
'tmp_install/usr/lib/ruby/gems/3.4.0/extensions/x86_64-linux/3.4.0/cairo-1.18.5/gem.build_complete' -> '/build/ruby-cairo/pkg/ruby-cairo/usr/lib/ruby/gems/3.4.0/extensions/x86_64-linux/3.4.0/cairo-1.18.5/gem.build_complete'
'tmp_install/usr/lib/ruby/gems/3.4.0/extensions/x86_64-linux/3.4.0/cairo-1.18.5/rb_cairo.h' -> '/build/ruby-cairo/pkg/ruby-cairo/usr/lib/ruby/gems/3.4.0/extensions/x86_64-linux/3.4.0/cairo-1.18.5/rb_cairo.h'
'tmp_install/usr/lib/ruby/gems/3.4.0/extensions/x86_64-linux/3.4.0/cairo-1.18.5/cairo.so' -> '/build/ruby-cairo/pkg/ruby-cairo/usr/lib/ruby/gems/3.4.0/extensions/x86_64-linux/3.4.0/cairo-1.18.5/cairo.so'
'tmp_install/usr/lib/ruby/gems/3.4.0/gems' -> '/build/ruby-cairo/pkg/ruby-cairo/usr/lib/ruby/gems/3.4.0/gems'
'tmp_install/usr/lib/ruby/gems/3.4.0/gems/cairo-1.18.5' -> '/build/ruby-cairo/pkg/ruby-cairo/usr/lib/ruby/gems/3.4.0/gems/cairo-1.18.5'
'tmp_install/usr/lib/ruby/gems/3.4.0/gems/cairo-1.18.5/AUTHORS' -> '/build/ruby-cairo/pkg/ruby-cairo/usr/lib/ruby/gems/3.4.0/gems/cairo-1.18.5/AUTHORS'
'tmp_install/usr/lib/ruby/gems/3.4.0/gems/cairo-1.18.5/COPYING' -> '/build/ruby-cairo/pkg/ruby-cairo/usr/lib/ruby/gems/3.4.0/gems/cairo-1.18.5/COPYING'
'tmp_install/usr/lib/ruby/gems/3.4.0/gems/cairo-1.18.5/GPL' -> '/build/ruby-cairo/pkg/ruby-cairo/usr/lib/ruby/gems/3.4.0/gems/cairo-1.18.5/GPL'
'tmp_install/usr/lib/ruby/gems/3.4.0/gems/cairo-1.18.5/Gemfile' -> '/build/ruby-cairo/pkg/ruby-cairo/usr/lib/ruby/gems/3.4.0/gems/cairo-1.18.5/Gemfile'
'tmp_install/usr/lib/ruby/gems/3.4.0/gems/cairo-1.18.5/NEWS' -> '/build/ruby-cairo/pkg/ruby-cairo/usr/lib/ruby/gems/3.4.0/gems/cairo-1.18.5/NEWS'
'tmp_install/usr/lib/ruby/gems/3.4.0/gems/cairo-1.18.5/README.rdoc' -> '/build/ruby-cairo/pkg/ruby-cairo/usr/lib/ruby/gems/3.4.0/gems/cairo-1.18.5/README.rdoc'
'tmp_install/usr/lib/ruby/gems/3.4.0/gems/cairo-1.18.5/Rakefile' -> '/build/ruby-cairo/pkg/ruby-cairo/usr/lib/ruby/gems/3.4.0/gems/cairo-1.18.5/Rakefile'
'tmp_install/usr/lib/ruby/gems/3.4.0/gems/cairo-1.18.5/ext' -> '/build/ruby-cairo/pkg/ruby-cairo/usr/lib/ruby/gems/3.4.0/gems/cairo-1.18.5/ext'
'tmp_install/usr/lib/ruby/gems/3.4.0/gems/cairo-1.18.5/ext/cairo' -> '/build/ruby-cairo/pkg/ruby-cairo/usr/lib/ruby/gems/3.4.0/gems/cairo-1.18.5/ext/cairo'
'tmp_install/usr/lib/ruby/gems/3.4.0/gems/cairo-1.18.5/ext/cairo/cairo.def' -> '/build/ruby-cairo/pkg/ruby-cairo/usr/lib/ruby/gems/3.4.0/gems/cairo-1.18.5/ext/cairo/cairo.def'
'tmp_install/usr/lib/ruby/gems/3.4.0/gems/cairo-1.18.5/ext/cairo/depend' -> '/build/ruby-cairo/pkg/ruby-cairo/usr/lib/ruby/gems/3.4.0/gems/cairo-1.18.5/ext/cairo/depend'
'tmp_install/usr/lib/ruby/gems/3.4.0/gems/cairo-1.18.5/ext/cairo/extconf.rb' -> '/build/ruby-cairo/pkg/ruby-cairo/usr/lib/ruby/gems/3.4.0/gems/cairo-1.18.5/ext/cairo/extconf.rb'
'tmp_install/usr/lib/ruby/gems/3.4.0/gems/cairo-1.18.5/ext/cairo/rb_cairo.h' -> '/build/ruby-cairo/pkg/ruby-cairo/usr/lib/ruby/gems/3.4.0/gems/cairo-1.18.5/ext/cairo/rb_cairo.h'
'tmp_install/usr/lib/ruby/gems/3.4.0/gems/cairo-1.18.5/ext/cairo/rb_cairo_io.h' -> '/build/ruby-cairo/pkg/ruby-cairo/usr/lib/ruby/gems/3.4.0/gems/cairo-1.18.5/ext/cairo/rb_cairo_io.h'
'tmp_install/usr/lib/ruby/gems/3.4.0/gems/cairo-1.18.5/ext/cairo/rb_cairo_private.h' -> '/build/ruby-cairo/pkg/ruby-cairo/usr/lib/ruby/gems/3.4.0/gems/cairo-1.18.5/ext/cairo/rb_cairo_private.h'
'tmp_install/usr/lib/ruby/gems/3.4.0/gems/cairo-1.18.5/lib' -> '/build/ruby-cairo/pkg/ruby-cairo/usr/lib/ruby/gems/3.4.0/gems/cairo-1.18.5/lib'
'tmp_install/usr/lib/ruby/gems/3.4.0/gems/cairo-1.18.5/lib/cairo.rb' -> '/build/ruby-cairo/pkg/ruby-cairo/usr/lib/ruby/gems/3.4.0/gems/cairo-1.18.5/lib/cairo.rb'
'tmp_install/usr/lib/ruby/gems/3.4.0/gems/cairo-1.18.5/lib/cairo' -> '/build/ruby-cairo/pkg/ruby-cairo/usr/lib/ruby/gems/3.4.0/gems/cairo-1.18.5/lib/cairo'
'tmp_install/usr/lib/ruby/gems/3.4.0/gems/cairo-1.18.5/lib/cairo/color.rb' -> '/build/ruby-cairo/pkg/ruby-cairo/usr/lib/ruby/gems/3.4.0/gems/cairo-1.18.5/lib/cairo/color.rb'
'tmp_install/usr/lib/ruby/gems/3.4.0/gems/cairo-1.18.5/lib/cairo/colors.rb' -> '/build/ruby-cairo/pkg/ruby-cairo/usr/lib/ruby/gems/3.4.0/gems/cairo-1.18.5/lib/cairo/colors.rb'
'tmp_install/usr/lib/ruby/gems/3.4.0/gems/cairo-1.18.5/lib/cairo/constants.rb' -> '/build/ruby-cairo/pkg/ruby-cairo/usr/lib/ruby/gems/3.4.0/gems/cairo-1.18.5/lib/cairo/constants.rb'
'tmp_install/usr/lib/ruby/gems/3.4.0/gems/cairo-1.18.5/lib/cairo/context.rb' -> '/build/ruby-cairo/pkg/ruby-cairo/usr/lib/ruby/gems/3.4.0/gems/cairo-1.18.5/lib/cairo/context.rb'
'tmp_install/usr/lib/ruby/gems/3.4.0/gems/cairo-1.18.5/lib/cairo/context' -> '/build/ruby-cairo/pkg/ruby-cairo/usr/lib/ruby/gems/3.4.0/gems/cairo-1.18.5/lib/cairo/context'
'tmp_install/usr/lib/ruby/gems/3.4.0/gems/cairo-1.18.5/lib/cairo/context/blur.rb' -> '/build/ruby-cairo/pkg/ruby-cairo/usr/lib/ruby/gems/3.4.0/gems/cairo-1.18.5/lib/cairo/context/blur.rb'
'tmp_install/usr/lib/ruby/gems/3.4.0/gems/cairo-1.18.5/lib/cairo/context/circle.rb' -> '/build/ruby-cairo/pkg/ruby-cairo/usr/lib/ruby/gems/3.4.0/gems/cairo-1.18.5/lib/cairo/context/circle.rb'
'tmp_install/usr/lib/ruby/gems/3.4.0/gems/cairo-1.18.5/lib/cairo/context/color.rb' -> '/build/ruby-cairo/pkg/ruby-cairo/usr/lib/ruby/gems/3.4.0/gems/cairo-1.18.5/lib/cairo/context/color.rb'
'tmp_install/usr/lib/ruby/gems/3.4.0/gems/cairo-1.18.5/lib/cairo/context/path.rb' -> '/build/ruby-cairo/pkg/ruby-cairo/usr/lib/ruby/gems/3.4.0/gems/cairo-1.18.5/lib/cairo/context/path.rb'
'tmp_install/usr/lib/ruby/gems/3.4.0/gems/cairo-1.18.5/lib/cairo/context/rectangle.rb' -> '/build/ruby-cairo/pkg/ruby-cairo/usr/lib/ruby/gems/3.4.0/gems/cairo-1.18.5/lib/cairo/context/rectangle.rb'
'tmp_install/usr/lib/ruby/gems/3.4.0/gems/cairo-1.18.5/lib/cairo/context/triangle.rb' -> '/build/ruby-cairo/pkg/ruby-cairo/usr/lib/ruby/gems/3.4.0/gems/cairo-1.18.5/lib/cairo/context/triangle.rb'
'tmp_install/usr/lib/ruby/gems/3.4.0/gems/cairo-1.18.5/lib/cairo/device.rb' -> '/build/ruby-cairo/pkg/ruby-cairo/usr/lib/ruby/gems/3.4.0/gems/cairo-1.18.5/lib/cairo/device.rb'
'tmp_install/usr/lib/ruby/gems/3.4.0/gems/cairo-1.18.5/lib/cairo/paper.rb' -> '/build/ruby-cairo/pkg/ruby-cairo/usr/lib/ruby/gems/3.4.0/gems/cairo-1.18.5/lib/cairo/paper.rb'
'tmp_install/usr/lib/ruby/gems/3.4.0/gems/cairo-1.18.5/lib/cairo/papers.rb' -> '/build/ruby-cairo/pkg/ruby-cairo/usr/lib/ruby/gems/3.4.0/gems/cairo-1.18.5/lib/cairo/papers.rb'
'tmp_install/usr/lib/ruby/gems/3.4.0/gems/cairo-1.18.5/lib/cairo/path.rb' -> '/build/ruby-cairo/pkg/ruby-cairo/usr/lib/ruby/gems/3.4.0/gems/cairo-1.18.5/lib/cairo/path.rb'
'tmp_install/usr/lib/ruby/gems/3.4.0/gems/cairo-1.18.5/lib/cairo/pattern.rb' -> '/build/ruby-cairo/pkg/ruby-cairo/usr/lib/ruby/gems/3.4.0/gems/cairo-1.18.5/lib/cairo/pattern.rb'
'tmp_install/usr/lib/ruby/gems/3.4.0/gems/cairo-1.18.5/lib/cairo/point.rb' -> '/build/ruby-cairo/pkg/ruby-cairo/usr/lib/ruby/gems/3.4.0/gems/cairo-1.18.5/lib/cairo/point.rb'
'tmp_install/usr/lib/ruby/gems/3.4.0/gems/cairo-1.18.5/lib/cairo/region.rb' -> '/build/ruby-cairo/pkg/ruby-cairo/usr/lib/ruby/gems/3.4.0/gems/cairo-1.18.5/lib/cairo/region.rb'
'tmp_install/usr/lib/ruby/gems/3.4.0/gems/cairo-1.18.5/lib/cairo/surface.rb' -> '/build/ruby-cairo/pkg/ruby-cairo/usr/lib/ruby/gems/3.4.0/gems/cairo-1.18.5/lib/cairo/surface.rb'
'tmp_install/usr/lib/ruby/gems/3.4.0/gems/cairo-1.18.5/samples' -> '/build/ruby-cairo/pkg/ruby-cairo/usr/lib/ruby/gems/3.4.0/gems/cairo-1.18.5/samples'
'tmp_install/usr/lib/ruby/gems/3.4.0/gems/cairo-1.18.5/samples/agg' -> '/build/ruby-cairo/pkg/ruby-cairo/usr/lib/ruby/gems/3.4.0/gems/cairo-1.18.5/samples/agg'
'tmp_install/usr/lib/ruby/gems/3.4.0/gems/cairo-1.18.5/samples/agg/aa_test.rb' -> '/build/ruby-cairo/pkg/ruby-cairo/usr/lib/ruby/gems/3.4.0/gems/cairo-1.18.5/samples/agg/aa_test.rb'
'tmp_install/usr/lib/ruby/gems/3.4.0/gems/cairo-1.18.5/samples/blur.rb' -> '/build/ruby-cairo/pkg/ruby-cairo/usr/lib/ruby/gems/3.4.0/gems/cairo-1.18.5/samples/blur.rb'
'tmp_install/usr/lib/ruby/gems/3.4.0/gems/cairo-1.18.5/samples/link.rb' -> '/build/ruby-cairo/pkg/ruby-cairo/usr/lib/ruby/gems/3.4.0/gems/cairo-1.18.5/samples/link.rb'
'tmp_install/usr/lib/ruby/gems/3.4.0/gems/cairo-1.18.5/samples/pac-nomralize.rb' -> '/build/ruby-cairo/pkg/ruby-cairo/usr/lib/ruby/gems/3.4.0/gems/cairo-1.18.5/samples/pac-nomralize.rb'
'tmp_install/usr/lib/ruby/gems/3.4.0/gems/cairo-1.18.5/samples/pac-tee.rb' -> '/build/ruby-cairo/pkg/ruby-cairo/usr/lib/ruby/gems/3.4.0/gems/cairo-1.18.5/samples/pac-tee.rb'
'tmp_install/usr/lib/ruby/gems/3.4.0/gems/cairo-1.18.5/samples/pac.rb' -> '/build/ruby-cairo/pkg/ruby-cairo/usr/lib/ruby/gems/3.4.0/gems/cairo-1.18.5/samples/pac.rb'
'tmp_install/usr/lib/ruby/gems/3.4.0/gems/cairo-1.18.5/samples/png.rb' -> '/build/ruby-cairo/pkg/ruby-cairo/usr/lib/ruby/gems/3.4.0/gems/cairo-1.18.5/samples/png.rb'
'tmp_install/usr/lib/ruby/gems/3.4.0/gems/cairo-1.18.5/samples/scalable.rb' -> '/build/ruby-cairo/pkg/ruby-cairo/usr/lib/ruby/gems/3.4.0/gems/cairo-1.18.5/samples/scalable.rb'
'tmp_install/usr/lib/ruby/gems/3.4.0/gems/cairo-1.18.5/samples/text-on-path.rb' -> '/build/ruby-cairo/pkg/ruby-cairo/usr/lib/ruby/gems/3.4.0/gems/cairo-1.18.5/samples/text-on-path.rb'
'tmp_install/usr/lib/ruby/gems/3.4.0/gems/cairo-1.18.5/samples/text2.rb' -> '/build/ruby-cairo/pkg/ruby-cairo/usr/lib/ruby/gems/3.4.0/gems/cairo-1.18.5/samples/text2.rb'
'tmp_install/usr/lib/ruby/gems/3.4.0/gems/cairo-1.18.5/test' -> '/build/ruby-cairo/pkg/ruby-cairo/usr/lib/ruby/gems/3.4.0/gems/cairo-1.18.5/test'
'tmp_install/usr/lib/ruby/gems/3.4.0/gems/cairo-1.18.5/test/helper.rb' -> '/build/ruby-cairo/pkg/ruby-cairo/usr/lib/ruby/gems/3.4.0/gems/cairo-1.18.5/test/helper.rb'
'tmp_install/usr/lib/ruby/gems/3.4.0/gems/cairo-1.18.5/test/run-test.rb' -> '/build/ruby-cairo/pkg/ruby-cairo/usr/lib/ruby/gems/3.4.0/gems/cairo-1.18.5/test/run-test.rb'
'tmp_install/usr/lib/ruby/gems/3.4.0/gems/cairo-1.18.5/test/test_color.rb' -> '/build/ruby-cairo/pkg/ruby-cairo/usr/lib/ruby/gems/3.4.0/gems/cairo-1.18.5/test/test_color.rb'
'tmp_install/usr/lib/ruby/gems/3.4.0/gems/cairo-1.18.5/test/test_colors.rb' -> '/build/ruby-cairo/pkg/ruby-cairo/usr/lib/ruby/gems/3.4.0/gems/cairo-1.18.5/test/test_colors.rb'
'tmp_install/usr/lib/ruby/gems/3.4.0/gems/cairo-1.18.5/test/test_constants.rb' -> '/build/ruby-cairo/pkg/ruby-cairo/usr/lib/ruby/gems/3.4.0/gems/cairo-1.18.5/test/test_constants.rb'
'tmp_install/usr/lib/ruby/gems/3.4.0/gems/cairo-1.18.5/test/test_context.rb' -> '/build/ruby-cairo/pkg/ruby-cairo/usr/lib/ruby/gems/3.4.0/gems/cairo-1.18.5/test/test_context.rb'
'tmp_install/usr/lib/ruby/gems/3.4.0/gems/cairo-1.18.5/test/test_exception.rb' -> '/build/ruby-cairo/pkg/ruby-cairo/usr/lib/ruby/gems/3.4.0/gems/cairo-1.18.5/test/test_exception.rb'
'tmp_install/usr/lib/ruby/gems/3.4.0/gems/cairo-1.18.5/test/test_font_extents.rb' -> '/build/ruby-cairo/pkg/ruby-cairo/usr/lib/ruby/gems/3.4.0/gems/cairo-1.18.5/test/test_font_extents.rb'
'tmp_install/usr/lib/ruby/gems/3.4.0/gems/cairo-1.18.5/test/test_font_face.rb' -> '/build/ruby-cairo/pkg/ruby-cairo/usr/lib/ruby/gems/3.4.0/gems/cairo-1.18.5/test/test_font_face.rb'
'tmp_install/usr/lib/ruby/gems/3.4.0/gems/cairo-1.18.5/test/test_font_options.rb' -> '/build/ruby-cairo/pkg/ruby-cairo/usr/lib/ruby/gems/3.4.0/gems/cairo-1.18.5/test/test_font_options.rb'
'tmp_install/usr/lib/ruby/gems/3.4.0/gems/cairo-1.18.5/test/test_image_surface.rb' -> '/build/ruby-cairo/pkg/ruby-cairo/usr/lib/ruby/gems/3.4.0/gems/cairo-1.18.5/test/test_image_surface.rb'
'tmp_install/usr/lib/ruby/gems/3.4.0/gems/cairo-1.18.5/test/test_paper.rb' -> '/build/ruby-cairo/pkg/ruby-cairo/usr/lib/ruby/gems/3.4.0/gems/cairo-1.18.5/test/test_paper.rb'
'tmp_install/usr/lib/ruby/gems/3.4.0/gems/cairo-1.18.5/test/test_pdf_surface.rb' -> '/build/ruby-cairo/pkg/ruby-cairo/usr/lib/ruby/gems/3.4.0/gems/cairo-1.18.5/test/test_pdf_surface.rb'
'tmp_install/usr/lib/ruby/gems/3.4.0/gems/cairo-1.18.5/test/test_quartz_image_surface.rb' -> '/build/ruby-cairo/pkg/ruby-cairo/usr/lib/ruby/gems/3.4.0/gems/cairo-1.18.5/test/test_quartz_image_surface.rb'
'tmp_install/usr/lib/ruby/gems/3.4.0/gems/cairo-1.18.5/test/test_raster_source_pattern.rb' -> '/build/ruby-cairo/pkg/ruby-cairo/usr/lib/ruby/gems/3.4.0/gems/cairo-1.18.5/test/test_raster_source_pattern.rb'
'tmp_install/usr/lib/ruby/gems/3.4.0/gems/cairo-1.18.5/test/test_recording_surface.rb' -> '/build/ruby-cairo/pkg/ruby-cairo/usr/lib/ruby/gems/3.4.0/gems/cairo-1.18.5/test/test_recording_surface.rb'
'tmp_install/usr/lib/ruby/gems/3.4.0/gems/cairo-1.18.5/test/test_region.rb' -> '/build/ruby-cairo/pkg/ruby-cairo/usr/lib/ruby/gems/3.4.0/gems/cairo-1.18.5/test/test_region.rb'
'tmp_install/usr/lib/ruby/gems/3.4.0/gems/cairo-1.18.5/test/test_scaled_font.rb' -> '/build/ruby-cairo/pkg/ruby-cairo/usr/lib/ruby/gems/3.4.0/gems/cairo-1.18.5/test/test_scaled_font.rb'
'tmp_install/usr/lib/ruby/gems/3.4.0/gems/cairo-1.18.5/test/test_script_device.rb' -> '/build/ruby-cairo/pkg/ruby-cairo/usr/lib/ruby/gems/3.4.0/gems/cairo-1.18.5/test/test_script_device.rb'
'tmp_install/usr/lib/ruby/gems/3.4.0/gems/cairo-1.18.5/test/test_script_surface.rb' -> '/build/ruby-cairo/pkg/ruby-cairo/usr/lib/ruby/gems/3.4.0/gems/cairo-1.18.5/test/test_script_surface.rb'
'tmp_install/usr/lib/ruby/gems/3.4.0/gems/cairo-1.18.5/test/test_surface.rb' -> '/build/ruby-cairo/pkg/ruby-cairo/usr/lib/ruby/gems/3.4.0/gems/cairo-1.18.5/test/test_surface.rb'
'tmp_install/usr/lib/ruby/gems/3.4.0/gems/cairo-1.18.5/test/test_svg_surface.rb' -> '/build/ruby-cairo/pkg/ruby-cairo/usr/lib/ruby/gems/3.4.0/gems/cairo-1.18.5/test/test_svg_surface.rb'
'tmp_install/usr/lib/ruby/gems/3.4.0/gems/cairo-1.18.5/test/test_tee_surface.rb' -> '/build/ruby-cairo/pkg/ruby-cairo/usr/lib/ruby/gems/3.4.0/gems/cairo-1.18.5/test/test_tee_surface.rb'
'tmp_install/usr/lib/ruby/gems/3.4.0/gems/cairo-1.18.5/test/test_text_cluster.rb' -> '/build/ruby-cairo/pkg/ruby-cairo/usr/lib/ruby/gems/3.4.0/gems/cairo-1.18.5/test/test_text_cluster.rb'
'tmp_install/usr/lib/ruby/gems/3.4.0/gems/cairo-1.18.5/test/test_text_extents.rb' -> '/build/ruby-cairo/pkg/ruby-cairo/usr/lib/ruby/gems/3.4.0/gems/cairo-1.18.5/test/test_text_extents.rb'
'tmp_install/usr/lib/ruby/gems/3.4.0/gems/cairo-1.18.5/test/test_text_to_glyphs_data.rb' -> '/build/ruby-cairo/pkg/ruby-cairo/usr/lib/ruby/gems/3.4.0/gems/cairo-1.18.5/test/test_text_to_glyphs_data.rb'
'tmp_install/usr/lib/ruby/gems/3.4.0/gems/cairo-1.18.5/test/test_xml_device.rb' -> '/build/ruby-cairo/pkg/ruby-cairo/usr/lib/ruby/gems/3.4.0/gems/cairo-1.18.5/test/test_xml_device.rb'
'tmp_install/usr/lib/ruby/gems/3.4.0/gems/cairo-1.18.5/test/test_xml_surface.rb' -> '/build/ruby-cairo/pkg/ruby-cairo/usr/lib/ruby/gems/3.4.0/gems/cairo-1.18.5/test/test_xml_surface.rb'
'tmp_install/usr/lib/ruby/gems/3.4.0/plugins' -> '/build/ruby-cairo/pkg/ruby-cairo/usr/lib/ruby/gems/3.4.0/plugins'
'tmp_install/usr/lib/ruby/gems/3.4.0/specifications' -> '/build/ruby-cairo/pkg/ruby-cairo/usr/lib/ruby/gems/3.4.0/specifications'
'tmp_install/usr/lib/ruby/gems/3.4.0/specifications/cairo-1.18.5.gemspec' -> '/build/ruby-cairo/pkg/ruby-cairo/usr/lib/ruby/gems/3.4.0/specifications/cairo-1.18.5.gemspec'
