-- The CXX compiler identification is GNU 16.2.1
-- Detecting CXX compiler ABI info
-- Detecting CXX compiler ABI info - done
-- Check for working CXX compiler: /usr/bin/c++ - skipped
-- Detecting CXX compile features
-- Detecting CXX compile features - done
-- Not using ccache.
-- Performing Test CMAKE_HAVE_LIBC_PTHREAD
-- Performing Test CMAKE_HAVE_LIBC_PTHREAD - Success
-- Found Threads: TRUE
-- Performing Test HAVE_STDATOMIC
-- Performing Test HAVE_STDATOMIC - Success
-- Found WrapAtomic: TRUE
-- Found OpenGL: /usr/lib/libOpenGL.so
-- Found WrapOpenGL: TRUE
-- Found WrapVulkanHeaders: /usr/include
-- Not using KDDockWidgets
-- Using Qt version: 6.11.2
-- Found Git: /usr/bin/git (found version "2.55.0")
-- AboutPage Info: Built locally
-- Built about page in - /build/scopy-git/src/scopy/resources/aboutpage.qrc
-- SCOPY_RESOURCE_FILES: /build/scopy-git/src/scopy/gui/res/resources.qrc/build/scopy-git/src/scopy/resources/aboutpage.qrc
-- Found Python3: /usr/bin/python3.14 (found version "3.14.7") found components: Interpreter
-- Generated style files
-- IIO LIBRARIES: /usr/lib/libiio.so
-- Unit tests enabled
-- Performing Test COMPILER_HAS_HIDDEN_VISIBILITY
-- Performing Test COMPILER_HAS_HIDDEN_VISIBILITY - Success
-- Performing Test COMPILER_HAS_HIDDEN_INLINE_VISIBILITY
-- Performing Test COMPILER_HAS_HIDDEN_INLINE_VISIBILITY - Success
-- Performing Test COMPILER_HAS_DEPRECATED_ATTR
-- Performing Test COMPILER_HAS_DEPRECATED_ATTR - Success
-- Building with libserialport support
-- QWT LIBRARIES: /opt/qwt-multiaxes/usr/lib/libqwt.so
-- Found Boost: /usr/lib/cmake/Boost-1.92.0/BoostConfig.cmake (found version "1.92.0") found components: system filesystem thread chrono
-- Building: scopy-gui
-- Found PkgConfig: /usr/bin/pkg-config (found version "3.0.6")
-- Checking for module 'gmp'
--   Found gmp, version 6.3.0
-- Found GMP: /usr/lib/libgmpxx.so
-- Using GMP.
-- Found MPLIB: /usr/lib/libgmpxx.so
-- Found Boost: /usr/lib/cmake/Boost-1.92.0/BoostConfig.cmake (found suitable version "1.92.0", minimum required is "1.92.0") found components: date_time program_options regex thread unit_test_framework
-- Found Volk: Volk::volk
-- User set python executable /usr/bin/python3
-- Found PythonInterp: /usr/bin/python3 (found version "3.14.7")
-- Found PythonLibs: /usr/lib/libpython3.14.so (found suitable exact version "3.14.7")
-- PLUGINBASE: scopy-js enabled
-- Using custom Python EXECUTABLE: /usr/bin/python3
-- Found Python3: /usr/bin/python3 (found version "3.14.7") found components: Interpreter Development Development.Module Development.Embed
-- Python Interpreter /usr/bin/python3
-- Python Libraries /usr/lib/libpython3.14.so
-- Checking for module 'glib-2.0'
--   Found glib-2.0, version 2.88.3
-- Checking for module 'libsigrokdecode'
--   Found libsigrokdecode, version 0.5.3


-- ENABLE_PACKAGE: ad6676
-- building package: ad6676
-- Found IIO Emulator XMLs in: /build/scopy-git/src/scopy/packages/ad6676/emu-xml
Including plugins

-- ENABLE_PLUGIN: ad6676plugin
-- building plugin: ad6676plugin

-- ENABLE_PACKAGE: ad936x
-- Found IIO Emulator XMLs in: /build/scopy-git/src/scopy/packages/ad936x/emu-xml
Resources directory doesn't exist: /build/scopy-git/src/scopy/packages/ad936x/resources
-- Including plugins for ad936x

-- ENABLE_PLUGIN: ad936x
-- Installing resources: ad936x-filters

-- ENABLE_PACKAGE: ad9371
-- building package: ad9371
Generate pkg style
-- Found IIO Emulator XMLs in: /build/scopy-git/src/scopy/packages/ad9371/emu-xml
Resources directory doesn't exist: /build/scopy-git/src/scopy/packages/ad9371/resources
Including plugins

-- ENABLE_PLUGIN: ad9371plugin
-- building plugin: ad9371plugin
-- Installing resources: ad9371-filters

-- ENABLE_PACKAGE: adrv9002
-- building package: adrv9002
Generate pkg translations
-- Found IIO Emulator XMLs in: /build/scopy-git/src/scopy/packages/adrv9002/emu-xml
Including plugins

-- ENABLE_PLUGIN: adrv9002plugin
-- building plugin: adrv9002plugin
-- Installing resources: adrv9002-profiles

-- ENABLE_PACKAGE: adrv9009
-- building package: adrv9009
Generate pkg style
-- Found IIO Emulator XMLs in: /build/scopy-git/src/scopy/packages/adrv9009/emu-xml
Resources directory doesn't exist: /build/scopy-git/src/scopy/packages/adrv9009/resources
Including plugins

-- ENABLE_PLUGIN: adrv9009plugin
-- building plugin: adrv9009plugin
-- Installing resources: adrv9009-filters

-- ENABLE_PACKAGE: apollo-ad9084
-- Found IIO Emulator XMLs in: /build/scopy-git/src/scopy/packages/apollo-ad9084/emu-xml
Resources directory doesn't exist: /build/scopy-git/src/scopy/packages/apollo-ad9084/resources
-- Including plugins for apollo-ad9084

-- ENABLE_PLUGIN: ad9084
-- Installing resources: ad9084-filters

-- ENABLE_PACKAGE: cn0357
-- Found IIO Emulator XMLs in: /build/scopy-git/src/scopy/packages/cn0357/emu-xml
-- Including plugins for cn0357

-- ENABLE_PLUGIN: cn0357
-- Generate plugin style:
-- Found Python3: /usr/bin/python3 (found version "3.14.7") found components: Interpreter
-- Generated style files

-- ENABLE_PACKAGE: cn0540
-- building package: cn0540
Generate pkg translations
-- Found IIO Emulator XMLs in: /build/scopy-git/src/scopy/packages/cn0540/emu-xml
Including plugins

-- ENABLE_PLUGIN: cn0540
-- building plugin: cn0540

-- ENABLE_PACKAGE: daq2
-- Found IIO Emulator XMLs in: /build/scopy-git/src/scopy/packages/daq2/emu-xml
-- Including plugins for daq2


-- ENABLE_PLUGIN: daq2

-- Skipping: extproc
-- To enable this package use -DENABLE_PACKAGE_EXTPROC=ON

-- ENABLE_PACKAGE: fmcomms11
-- Found IIO Emulator XMLs in: /build/scopy-git/src/scopy/packages/fmcomms11/emu-xml
-- Including plugins for fmcomms11

-- ENABLE_PLUGIN: fmcomms11

-- ENABLE_PACKAGE: generic-plugins
-- Found IIO Emulator XMLs in: /build/scopy-git/src/scopy/packages/generic-plugins/emu-xml
Resources directory doesn't exist: /build/scopy-git/src/scopy/packages/generic-plugins/resources
-- Including plugins for generic-plugins

-- ENABLE_PLUGIN: adc

-- ENABLE_PLUGIN: dac

-- ENABLE_PLUGIN: datalogger

-- ENABLE_PLUGIN: debugger
-- Generated style files

-- ENABLE_PLUGIN: jesdstatus

-- ENABLE_PLUGIN: regmap
include/regmap/
-- Generated style files
No resources to install for: adc (only resources.qrc.depends found).
-- Installing resources: dac-csv
No resources to install for: datalogger (only resources.qrc.depends found).
No resources to install for: debugger (only resources.qrc.depends found).
No resources to install for: jesdstatus (only resources.qrc.depends found).
-- Installing resources: regmap-xml

-- ENABLE_PACKAGE: imu
-- building package: imu
-- Found IIO Emulator XMLs in: /build/scopy-git/src/scopy/packages/imu/emu-xml
Including plugins

-- ENABLE_PLUGIN: imuanalyzer
-- building plugin: imuanalyzer

-- ENABLE_PACKAGE: m2k
-- Found IIO Emulator XMLs in: /build/scopy-git/src/scopy/packages/m2k/emu-xml
Resources directory doesn't exist: /build/scopy-git/src/scopy/packages/m2k/resources
-- Including plugins for m2k

-- ENABLE_PLUGIN: m2k
-- QWT LIBRARIES: /opt/qwt-multiaxes/usr/lib/libqwt.so
-- Using GMP.
-- User set python executable /usr/bin/python3
-- Building scopy-gr-gui
-- Building scopy-sigrok-gui
-- Found Boost: /usr/lib/cmake/Boost-1.92.0/BoostConfig.cmake (found version "1.92.0") found components: system filesystem thread chrono
-- Building scopy-m2k-gui
-- Using GMP.
-- Found Boost: /usr/lib/cmake/Boost-1.92.0/BoostConfig.cmake (found suitable version "1.92.0", minimum required is "1.92.0") found components: date_time program_options regex thread unit_test_framework
-- User set python executable /usr/bin/python3
No resources to install for: m2k (only resources.qrc.depends found).

-- ENABLE_PACKAGE: pqmon
-- Found IIO Emulator XMLs in: /build/scopy-git/src/scopy/packages/pqmon/emu-xml
Resources directory doesn't exist: /build/scopy-git/src/scopy/packages/pqmon/resources
-- Including plugins for pqmon

-- ENABLE_PLUGIN: pqm
No resources to install for: pqm (only resources.qrc.depends found).

-- ENABLE_PACKAGE: rfpowermeter
-- building package: rfpowermeter
Including plugins

-- ENABLE_PLUGIN: rfpowermeter
-- building plugin: rfpowermeter
Generate plugin style:
-- Generated style files

-- ENABLE_PACKAGE: swiot
-- Found IIO Emulator XMLs in: /build/scopy-git/src/scopy/packages/swiot/emu-xml
Resources directory doesn't exist: /build/scopy-git/src/scopy/packages/swiot/resources
-- Including plugins for swiot

-- ENABLE_PLUGIN: swiot
-- Generated style files
No resources to install for: swiot (only resources.qrc.depends found).

-- Skipping: test-plugins
-- To enable this package use -DENABLE_PACKAGE_TEST-PLUGINS=ON
-- JS tests enabled - copying js/ to build directory
-- ECM found at: /usr/share/ECM/cmake
-- Using KF6Archive
CMake Warning at /usr/lib/cmake/Qt6/QtPublicWalkLibsHelpers.cmake:287 (message):
  The Concurrent target is mentioned as a dependency for scopy-core, but not
  declared.  The linking might be incomplete.
Call Stack (most recent call first):
  /usr/lib/cmake/Qt6/QtPublicWalkLibsHelpers.cmake:339 (__qt_internal_walk_libs)
  /usr/lib/cmake/Qt6Core/Qt6CoreMacros.cmake:791 (__qt_internal_collect_all_target_dependencies)
  /usr/lib/cmake/Qt6Core/Qt6CoreMacros.cmake:898 (_qt_internal_finalize_executable)
  /usr/lib/cmake/Qt6Core/Qt6CoreMacros.cmake:1041 (qt6_finalize_target)
  CMakeLists.txt:326 (qt_finalize_executable)


CMake Warning at /usr/lib/cmake/Qt6/QtPublicWalkLibsHelpers.cmake:287 (message):
  The Network target is mentioned as a dependency for scopy-core, but not
  declared.  The linking might be incomplete.
Call Stack (most recent call first):
  /usr/lib/cmake/Qt6/QtPublicWalkLibsHelpers.cmake:339 (__qt_internal_walk_libs)
  /usr/lib/cmake/Qt6Core/Qt6CoreMacros.cmake:791 (__qt_internal_collect_all_target_dependencies)
  /usr/lib/cmake/Qt6Core/Qt6CoreMacros.cmake:898 (_qt_internal_finalize_executable)
  /usr/lib/cmake/Qt6Core/Qt6CoreMacros.cmake:1041 (qt6_finalize_target)
  CMakeLists.txt:326 (qt_finalize_executable)


CMake Warning at /usr/lib/cmake/Qt6/QtPublicWalkLibsHelpers.cmake:287 (message):
  The OpenGLWidgets target is mentioned as a dependency for scopy-core, but
  not declared.  The linking might be incomplete.
Call Stack (most recent call first):
  /usr/lib/cmake/Qt6/QtPublicWalkLibsHelpers.cmake:339 (__qt_internal_walk_libs)
  /usr/lib/cmake/Qt6Core/Qt6CoreMacros.cmake:791 (__qt_internal_collect_all_target_dependencies)
  /usr/lib/cmake/Qt6Core/Qt6CoreMacros.cmake:898 (_qt_internal_finalize_executable)
  /usr/lib/cmake/Qt6Core/Qt6CoreMacros.cmake:1041 (qt6_finalize_target)
  CMakeLists.txt:326 (qt_finalize_executable)


CMake Warning at /usr/lib/cmake/Qt6/QtPublicWalkLibsHelpers.cmake:287 (message):
  The Concurrent target is mentioned as a dependency for scopy-common, but
  not declared.  The linking might be incomplete.
Call Stack (most recent call first):
  /usr/lib/cmake/Qt6/QtPublicWalkLibsHelpers.cmake:251 (__qt_internal_walk_libs)
  /usr/lib/cmake/Qt6/QtPublicWalkLibsHelpers.cmake:339 (__qt_internal_walk_libs)
  /usr/lib/cmake/Qt6Core/Qt6CoreMacros.cmake:791 (__qt_internal_collect_all_target_dependencies)
  /usr/lib/cmake/Qt6Core/Qt6CoreMacros.cmake:898 (_qt_internal_finalize_executable)
  /usr/lib/cmake/Qt6Core/Qt6CoreMacros.cmake:1041 (qt6_finalize_target)
  CMakeLists.txt:326 (qt_finalize_executable)


CMake Warning at /usr/lib/cmake/Qt6/QtPublicWalkLibsHelpers.cmake:287 (message):
  The Xml target is mentioned as a dependency for scopy-gui, but not
  declared.  The linking might be incomplete.
Call Stack (most recent call first):
  /usr/lib/cmake/Qt6/QtPublicWalkLibsHelpers.cmake:251 (__qt_internal_walk_libs)
  /usr/lib/cmake/Qt6/QtPublicWalkLibsHelpers.cmake:339 (__qt_internal_walk_libs)
  /usr/lib/cmake/Qt6Core/Qt6CoreMacros.cmake:791 (__qt_internal_collect_all_target_dependencies)
  /usr/lib/cmake/Qt6Core/Qt6CoreMacros.cmake:898 (_qt_internal_finalize_executable)
  /usr/lib/cmake/Qt6Core/Qt6CoreMacros.cmake:1041 (qt6_finalize_target)
  CMakeLists.txt:326 (qt_finalize_executable)


CMake Warning at /usr/lib/cmake/Qt6/QtPublicWalkLibsHelpers.cmake:287 (message):
  The Svg target is mentioned as a dependency for scopy-gui, but not
  declared.  The linking might be incomplete.
Call Stack (most recent call first):
  /usr/lib/cmake/Qt6/QtPublicWalkLibsHelpers.cmake:251 (__qt_internal_walk_libs)
  /usr/lib/cmake/Qt6/QtPublicWalkLibsHelpers.cmake:339 (__qt_internal_walk_libs)
  /usr/lib/cmake/Qt6Core/Qt6CoreMacros.cmake:791 (__qt_internal_collect_all_target_dependencies)
  /usr/lib/cmake/Qt6Core/Qt6CoreMacros.cmake:898 (_qt_internal_finalize_executable)
  /usr/lib/cmake/Qt6Core/Qt6CoreMacros.cmake:1041 (qt6_finalize_target)
  CMakeLists.txt:326 (qt_finalize_executable)


CMake Warning at /usr/lib/cmake/Qt6/QtPublicWalkLibsHelpers.cmake:287 (message):
  The OpenGLWidgets target is mentioned as a dependency for scopy-gui, but
  not declared.  The linking might be incomplete.
Call Stack (most recent call first):
  /usr/lib/cmake/Qt6/QtPublicWalkLibsHelpers.cmake:251 (__qt_internal_walk_libs)
  /usr/lib/cmake/Qt6/QtPublicWalkLibsHelpers.cmake:339 (__qt_internal_walk_libs)
  /usr/lib/cmake/Qt6Core/Qt6CoreMacros.cmake:791 (__qt_internal_collect_all_target_dependencies)
  /usr/lib/cmake/Qt6Core/Qt6CoreMacros.cmake:898 (_qt_internal_finalize_executable)
  /usr/lib/cmake/Qt6Core/Qt6CoreMacros.cmake:1041 (qt6_finalize_target)
  CMakeLists.txt:326 (qt_finalize_executable)


CMake Warning at /usr/lib/cmake/Qt6/QtPublicWalkLibsHelpers.cmake:287 (message):
  The Concurrent target is mentioned as a dependency for scopy-pluginbase,
  but not declared.  The linking might be incomplete.
Call Stack (most recent call first):
  /usr/lib/cmake/Qt6/QtPublicWalkLibsHelpers.cmake:251 (__qt_internal_walk_libs)
  /usr/lib/cmake/Qt6/QtPublicWalkLibsHelpers.cmake:251 (__qt_internal_walk_libs)
  /usr/lib/cmake/Qt6/QtPublicWalkLibsHelpers.cmake:339 (__qt_internal_walk_libs)
  /usr/lib/cmake/Qt6Core/Qt6CoreMacros.cmake:791 (__qt_internal_collect_all_target_dependencies)
  /usr/lib/cmake/Qt6Core/Qt6CoreMacros.cmake:898 (_qt_internal_finalize_executable)
  /usr/lib/cmake/Qt6Core/Qt6CoreMacros.cmake:1041 (qt6_finalize_target)
  CMakeLists.txt:326 (qt_finalize_executable)


CMake Warning at /usr/lib/cmake/Qt6/QtPublicWalkLibsHelpers.cmake:287 (message):
  The Network target is mentioned as a dependency for scopy-pluginbase, but
  not declared.  The linking might be incomplete.
Call Stack (most recent call first):
  /usr/lib/cmake/Qt6/QtPublicWalkLibsHelpers.cmake:251 (__qt_internal_walk_libs)
  /usr/lib/cmake/Qt6/QtPublicWalkLibsHelpers.cmake:251 (__qt_internal_walk_libs)
  /usr/lib/cmake/Qt6/QtPublicWalkLibsHelpers.cmake:339 (__qt_internal_walk_libs)
  /usr/lib/cmake/Qt6Core/Qt6CoreMacros.cmake:791 (__qt_internal_collect_all_target_dependencies)
  /usr/lib/cmake/Qt6Core/Qt6CoreMacros.cmake:898 (_qt_internal_finalize_executable)
  /usr/lib/cmake/Qt6Core/Qt6CoreMacros.cmake:1041 (qt6_finalize_target)
  CMakeLists.txt:326 (qt_finalize_executable)


CMake Warning at /usr/lib/cmake/Qt6/QtPublicWalkLibsHelpers.cmake:287 (message):
  The Qml target is mentioned as a dependency for scopy-pluginbase, but not
  declared.  The linking might be incomplete.
Call Stack (most recent call first):
  /usr/lib/cmake/Qt6/QtPublicWalkLibsHelpers.cmake:251 (__qt_internal_walk_libs)
  /usr/lib/cmake/Qt6/QtPublicWalkLibsHelpers.cmake:251 (__qt_internal_walk_libs)
  /usr/lib/cmake/Qt6/QtPublicWalkLibsHelpers.cmake:339 (__qt_internal_walk_libs)
  /usr/lib/cmake/Qt6Core/Qt6CoreMacros.cmake:791 (__qt_internal_collect_all_target_dependencies)
  /usr/lib/cmake/Qt6Core/Qt6CoreMacros.cmake:898 (_qt_internal_finalize_executable)
  /usr/lib/cmake/Qt6Core/Qt6CoreMacros.cmake:1041 (qt6_finalize_target)
  CMakeLists.txt:326 (qt_finalize_executable)


CMake Warning at /usr/lib/cmake/Qt6/QtPublicWalkLibsHelpers.cmake:287 (message):
  The Concurrent target is mentioned as a dependency for scopy-pkg-manager,
  but not declared.  The linking might be incomplete.
Call Stack (most recent call first):
  /usr/lib/cmake/Qt6/QtPublicWalkLibsHelpers.cmake:251 (__qt_internal_walk_libs)
  /usr/lib/cmake/Qt6/QtPublicWalkLibsHelpers.cmake:339 (__qt_internal_walk_libs)
  /usr/lib/cmake/Qt6Core/Qt6CoreMacros.cmake:791 (__qt_internal_collect_all_target_dependencies)
  /usr/lib/cmake/Qt6Core/Qt6CoreMacros.cmake:898 (_qt_internal_finalize_executable)
  /usr/lib/cmake/Qt6Core/Qt6CoreMacros.cmake:1041 (qt6_finalize_target)
  CMakeLists.txt:326 (qt_finalize_executable)


-- Configuring done (6.7s)
-- Generating done (0.9s)
-- Build files have been written to: /build/scopy-git/src/build
[1/900] Automatic MOC and UIC for target scopy-common
[2/900] Automatic MOC and UIC for target scopy-core_test_generatetranslations
[3/900] Generating ../../translations/test.qm
Updating '/build/scopy-git/src/build/translations/test.qm'...
    Generated 1 translation(s) (1 finished and 0 unfinished)
[4/900] Generating ../../translations/test_test.qm
Updating '/build/scopy-git/src/build/translations/test_test.qm'...
    Generated 1 translation(s) (1 finished and 0 unfinished)
[5/900] Building CXX object common/CMakeFiles/scopy-common.dir/scopy-common_autogen/mocs_compilation.cpp.o
[6/900] Generating qrc_translations.cpp
[7/900] Building CXX object core/test/CMakeFiles/scopy-core_test_generatetranslations.dir/scopy-core_test_generatetranslations_autogen/mocs_compilation.cpp.o
[8/900] Building CXX object core/test/CMakeFiles/scopy-core_test_generatetranslations.dir/qrc_translations.cpp.o
[9/900] Linking CXX static library core/test/libscopy-core_test_generatetranslations.a
[10/900] Automatic MOC and UIC for target scopy-iioutil
[11/900] Building CXX object common/CMakeFiles/scopy-common.dir/src/debugtimer.cpp.o
[12/900] Building CXX object common/CMakeFiles/scopy-common.dir/src/scopyconfig.cpp.o
[13/900] Building CXX object iioutil/CMakeFiles/scopy-iioutil.dir/src/pingtask.cpp.o
[14/900] Building CXX object iioutil/CMakeFiles/scopy-iioutil.dir/src/connection.cpp.o
[15/900] Linking CXX shared library libscopy-common.so
[16/900] Building CXX object iioutil/CMakeFiles/scopy-iioutil.dir/src/iioscantask.cpp.o
[17/900] Building CXX object iioutil/CMakeFiles/scopy-iioutil.dir/src/iiounits.cpp.o
[18/900] Building CXX object iioutil/CMakeFiles/scopy-iioutil.dir/scopy-iioutil_autogen/mocs_compilation.cpp.o
[19/900] Building CXX object iioutil/CMakeFiles/scopy-iioutil.dir/src/iiopingtask.cpp.o
[20/900] Building CXX object iioutil/CMakeFiles/scopy-iioutil.dir/src/cmdqpingtask.cpp.o
[21/900] Building CXX object iioutil/CMakeFiles/scopy-iioutil.dir/src/cyclicaltask.cpp.o
[22/900] Building CXX object iioutil/CMakeFiles/scopy-iioutil.dir/src/connectionprovider.cpp.o
[23/900] Building CXX object iioutil/CMakeFiles/scopy-iioutil.dir/src/commandqueue.cpp.o
[24/900] Linking CXX shared library libscopy-iioutil.so
[25/900] Automatic MOC and UIC for target scopy-iioutil_test_connectionprovider
[26/900] Automatic MOC and UIC for target scopy-pluginbase
[27/900] Building CXX object iioutil/test/CMakeFiles/scopy-iioutil_test_connectionprovider.dir/scopy-iioutil_test_connectionprovider_autogen/mocs_compilation.cpp.o
[28/900] Automatic MOC and UIC for target scopy-iioutil_test_iiocommandqueue
[29/900] Building CXX object iioutil/test/CMakeFiles/scopy-iioutil_test_iiocommandqueue.dir/scopy-iioutil_test_iiocommandqueue_autogen/mocs_compilation.cpp.o
[30/900] Building CXX object pluginbase/CMakeFiles/scopy-pluginbase.dir/scopy-pluginbase_autogen/mocs_compilation.cpp.o
[31/900] Building CXX object pluginbase/CMakeFiles/scopy-pluginbase.dir/src/jsfileio.cpp.o
[32/900] Building CXX object pluginbase/CMakeFiles/scopy-pluginbase.dir/src/resourcemanager.cpp.o
[33/900] Building CXX object pluginbase/CMakeFiles/scopy-pluginbase.dir/src/messagebroker.cpp.o
[34/900] Building CXX object pluginbase/CMakeFiles/scopy-pluginbase.dir/src/pluginbase.cpp.o
[35/900] Building CXX object pluginbase/CMakeFiles/scopy-pluginbase.dir/src/statusbarmanager.cpp.o
[36/900] Building CXX object pluginbase/CMakeFiles/scopy-pluginbase.dir/src/apiobject.cpp.o
[37/900] Building CXX object pluginbase/CMakeFiles/scopy-pluginbase.dir/src/preferences.cpp.o
[38/900] Building CXX object pluginbase/CMakeFiles/scopy-pluginbase.dir/src/statusmessage.cpp.o
[39/900] Building CXX object iioutil/test/CMakeFiles/scopy-iioutil_test_connectionprovider.dir/tst_connectionprovider.cpp.o
[40/900] Linking CXX executable iioutil/test/scopy-iioutil_test_connectionprovider
[41/900] Building CXX object pluginbase/CMakeFiles/scopy-pluginbase.dir/src/versionchecker.cpp.o
[42/900] Building CXX object iioutil/test/CMakeFiles/scopy-iioutil_test_iiocommandqueue.dir/tst_iiocommandqueue.cpp.o
[43/900] Building CXX object pluginbase/CMakeFiles/scopy-pluginbase.dir/src/scopyjs.cpp.o
[44/900] Linking CXX executable iioutil/test/scopy-iioutil_test_iiocommandqueue
[45/900] Linking CXX shared library libscopy-pluginbase.so
[46/900] Automatic MOC and UIC for target scopy-pluginbase_test_preferences
[47/900] Building CXX object pluginbase/test/CMakeFiles/scopy-pluginbase_test_preferences.dir/scopy-pluginbase_test_preferences_autogen/mocs_compilation.cpp.o
[48/900] Automatic MOC and UIC for target scopy-gui
[49/900] Generating qrc_resources.cpp
[50/900] Building CXX object gui/CMakeFiles/scopy-gui.dir/src/docking/docksettings.cpp.o
[51/900] Building CXX object gui/CMakeFiles/scopy-gui.dir/src/docking/dockwrapperkdab.cpp.o
[52/900] Building CXX object pluginbase/test/CMakeFiles/scopy-pluginbase_test_preferences.dir/tst_preferences.cpp.o
[53/900] Building CXX object gui/CMakeFiles/scopy-gui.dir/src/edgelessplot.cpp.o
[54/900] Building CXX object gui/CMakeFiles/scopy-gui.dir/src/docking/dockableareakdab.cpp.o
[55/900] Building CXX object gui/CMakeFiles/scopy-gui.dir/src/customqwtscaledraw.cpp.o
[56/900] Building CXX object gui/CMakeFiles/scopy-gui.dir/src/dynamicWidget.cpp.o
[57/900] Building CXX object gui/CMakeFiles/scopy-gui.dir/src/animationmanager.cpp.o
[58/900] Building CXX object gui/CMakeFiles/scopy-gui.dir/src/docking/dockableareaclassic.cpp.o
[59/900] Building CXX object gui/CMakeFiles/scopy-gui.dir/src/customPushButton.cpp.o
[60/900] Building CXX object gui/CMakeFiles/scopy-gui.dir/src/basicscaledraw.cpp.o
[61/900] Building CXX object gui/CMakeFiles/scopy-gui.dir/src/customanimation.cpp.o
[62/900] Building CXX object gui/CMakeFiles/scopy-gui.dir/src/docking/dockwrapperclassic.cpp.o
[63/900] Building CXX object gui/CMakeFiles/scopy-gui.dir/src/deviceinfopage.cpp.o
[64/900] Building CXX object gui/CMakeFiles/scopy-gui.dir/src/flexgridlayout.cpp.o
[65/900] Building CXX object gui/CMakeFiles/scopy-gui.dir/src/animationpushbutton.cpp.o
[66/900] Building CXX object gui/CMakeFiles/scopy-gui.dir/src/axishandle.cpp.o
[67/900] Building CXX object gui/CMakeFiles/scopy-gui.dir/src/customSwitch.cpp.o
[68/900] Building CXX object gui/CMakeFiles/scopy-gui.dir/src/buffer_previewer.cpp.o
[69/900] Building CXX object gui/CMakeFiles/scopy-gui.dir/src/graticule.cpp.o
[70/900] Building CXX object gui/CMakeFiles/scopy-gui.dir/src/basemenuitem.cpp.o
[71/900] Building CXX object gui/CMakeFiles/scopy-gui.dir/src/basemenu.cpp.o
[72/900] Building CXX object gui/CMakeFiles/scopy-gui.dir/src/cursorcontroller.cpp.o
[73/900] Building CXX object gui/CMakeFiles/scopy-gui.dir/src/deviceiconbuilder.cpp.o
[74/900] Building CXX object gui/CMakeFiles/scopy-gui.dir/src/completion_circle.cpp.o
[75/900] Building CXX object gui/CMakeFiles/scopy-gui.dir/src/filemanager.cpp.o
[76/900] Building CXX object gui/CMakeFiles/scopy-gui.dir/src/basictracker.cpp.o
[77/900] Building CXX object gui/CMakeFiles/scopy-gui.dir/scopy-gui_autogen/mocs_compilation.cpp.o
[78/900] Building CXX object gui/CMakeFiles/scopy-gui.dir/src/channelcomponent.cpp.o
[79/900] Building CXX object gui/CMakeFiles/scopy-gui.dir/src/infopagekeyvaluewidget.cpp.o
[80/900] Building CXX object gui/CMakeFiles/scopy-gui.dir/src/lcdNumber.cpp.o
[81/900] Building CXX object gui/CMakeFiles/scopy-gui.dir/src/osc_scale_engine.cpp.o
[82/900] Building CXX object gui/CMakeFiles/scopy-gui.dir/src/homepage_controls.cpp.o
[83/900] Building CXX object gui/CMakeFiles/scopy-gui.dir/src/menu_anim.cpp.o
[84/900] Building CXX object gui/CMakeFiles/scopy-gui.dir/src/installpkgdialog.cpp.o
[85/900] Building CXX object gui/CMakeFiles/scopy-gui.dir/src/infopage.cpp.o
[86/900] Building CXX object gui/CMakeFiles/scopy-gui.dir/src/plot_utils.cpp.o
[87/900] Building CXX object gui/CMakeFiles/scopy-gui.dir/src/mapstackedwidget.cpp.o
[88/900] Building CXX object gui/CMakeFiles/scopy-gui.dir/src/plotautoscaler.cpp.o
[89/900] Building CXX object gui/CMakeFiles/scopy-gui.dir/src/mousewheelwidgetguard.cpp.o
[90/900] Building CXX object gui/CMakeFiles/scopy-gui.dir/src/plotbuttonmanager.cpp.o
[91/900] Building CXX object gui/CMakeFiles/scopy-gui.dir/src/plotmagnifier.cpp.o
[92/900] Building CXX object gui/CMakeFiles/scopy-gui.dir/src/plotaxishandle.cpp.o
[93/900] Building CXX object gui/CMakeFiles/scopy-gui.dir/src/plotpickerwrapper.cpp.o
[94/900] Building CXX object gui/CMakeFiles/scopy-gui.dir/src/plotaxis.cpp.o
[95/900] Building CXX object gui/CMakeFiles/scopy-gui.dir/src/plotcursors.cpp.o
[96/900] Building CXX object gui/CMakeFiles/scopy-gui.dir/src/plotchannel.cpp.o
[97/900] Building CXX object gui/CMakeFiles/scopy-gui.dir/src/plotscales.cpp.o
[98/900] Building CXX object gui/CMakeFiles/scopy-gui.dir/src/plotcomponent.cpp.o
[99/900] Building CXX object gui/CMakeFiles/scopy-gui.dir/src/plotnavigator.cpp.o
[100/900] Building CXX object gui/CMakeFiles/scopy-gui.dir/src/plottracker.cpp.o
[101/900] Building CXX object gui/CMakeFiles/scopy-gui.dir/src/plotmanagercombobox.cpp.o
[102/900] Building CXX object gui/CMakeFiles/scopy-gui.dir/src/plotmarkercontroller.cpp.o
[103/900] Building CXX object gui/CMakeFiles/scopy-gui.dir/src/plotmanager.cpp.o
[104/900] Building CXX object gui/CMakeFiles/scopy-gui.dir/src/plotzoomer.cpp.o
[105/900] Building CXX object gui/CMakeFiles/scopy-gui.dir/src/polarplotchannel.cpp.o
[106/900] Building CXX object gui/CMakeFiles/scopy-gui.dir/src/polarplotwidget.cpp.o
[107/900] Building CXX object gui/CMakeFiles/scopy-gui.dir/src/printplotmanager.cpp.o
[108/900] Building CXX object gui/CMakeFiles/scopy-gui.dir/src/preferenceshelper.cpp.o
[109/900] Building CXX object gui/CMakeFiles/scopy-gui.dir/src/restartdialog.cpp.o
[110/900] Building CXX object gui/CMakeFiles/scopy-gui.dir/src/smallOnOffSwitch.cpp.o
[111/900] Building CXX object gui/CMakeFiles/scopy-gui.dir/src/symbol.cpp.o
[112/900] Building CXX object gui/CMakeFiles/scopy-gui.dir/src/tintedoverlay.cpp.o
[113/900] Building CXX object gui/CMakeFiles/scopy-gui.dir/src/tooltemplate.cpp.o
[114/900] Building CXX object gui/CMakeFiles/scopy-gui.dir/src/style.cpp.o
[115/900] Building CXX object gui/CMakeFiles/scopy-gui.dir/src/plotwidget.cpp.o
[116/900] Building CXX object gui/CMakeFiles/scopy-gui.dir/src/spinbox_a.cpp.o
[117/900] Building CXX object gui/CMakeFiles/scopy-gui.dir/src/stylehelper.cpp.o
[118/900] Building CXX object gui/CMakeFiles/scopy-gui.dir/src/tutorialchapter.cpp.o
[119/900] Building CXX object gui/CMakeFiles/scopy-gui.dir/src/symbol_controller.cpp.o
[120/900] Building CXX object gui/CMakeFiles/scopy-gui.dir/src/tutorialoverlay.cpp.o
[121/900] Building CXX object gui/CMakeFiles/scopy-gui.dir/src/utils.cpp.o
[122/900] Building CXX object gui/CMakeFiles/scopy-gui.dir/src/widgets/animatedrefreshbtn.cpp.o
[123/900] Building CXX object gui/CMakeFiles/scopy-gui.dir/src/widgets/animatedloadingbutton.cpp.o
[124/900] Building CXX object gui/CMakeFiles/scopy-gui.dir/src/widgets/cardwidget.cpp.o
[125/900] Building CXX object gui/CMakeFiles/scopy-gui.dir/src/widgets/compositeheaderwidget.cpp.o
[126/900] Building CXX object gui/CMakeFiles/scopy-gui.dir/src/waterfallplotwidget.cpp.o
[127/900] Building CXX object gui/CMakeFiles/scopy-gui.dir/src/tutorialbuilder.cpp.o
[128/900] Building CXX object gui/CMakeFiles/scopy-gui.dir/src/widgets/baseheaderwidget.cpp.o
[129/900] Building CXX object gui/CMakeFiles/scopy-gui.dir/src/widgets/connectionlostwidget.cpp.o
[130/900] Building CXX object gui/CMakeFiles/scopy-gui.dir/src/widgets/errorbox.cpp.o
[131/900] Building CXX object gui/CMakeFiles/scopy-gui.dir/src/widgets/connectionloadingbar.cpp.o
[132/900] Building CXX object gui/CMakeFiles/scopy-gui.dir/src/widgets/cursorsettings.cpp.o
[133/900] Building CXX object gui/CMakeFiles/scopy-gui.dir/src/widgets/gridwidget.cpp.o
[134/900] Building CXX object gui/CMakeFiles/scopy-gui.dir/src/widgets/edittextmenuheader.cpp.o
[135/900] Building CXX object gui/CMakeFiles/scopy-gui.dir/src/widgets/ledbutton.cpp.o
[136/900] Building CXX object gui/CMakeFiles/scopy-gui.dir/src/widgets/filebrowserwidget.cpp.o
[137/900] Building CXX object gui/CMakeFiles/scopy-gui.dir/src/widgets/interactivelabel.cpp.o
[138/900] Building CXX object gui/CMakeFiles/scopy-gui.dir/src/widgets/infoheaderwidget.cpp.o
[139/900] Building CXX object gui/CMakeFiles/scopy-gui.dir/src/widgets/hoverwidget.cpp.o
[140/900] Building CXX object gui/CMakeFiles/scopy-gui.dir/src/widgets/measurementlabel.cpp.o
[141/900] Building CXX object gui/CMakeFiles/scopy-gui.dir/src/widgets/genalyzerpanel.cpp.o
[142/900] Building CXX object gui/CMakeFiles/scopy-gui.dir/src/widgets/infoiconwidget.cpp.o
[143/900] Building CXX object gui/CMakeFiles/scopy-gui.dir/src/widgets/menucombo.cpp.o
[144/900] Building CXX object gui/CMakeFiles/scopy-gui.dir/src/widgets/measurementsettings.cpp.o
[145/900] Building CXX object gui/CMakeFiles/scopy-gui.dir/src/widgets/measurementselector.cpp.o
[146/900] Building CXX object gui/CMakeFiles/scopy-gui.dir/src/widgets/menucollapsesection.cpp.o
[147/900] Building CXX object gui/CMakeFiles/scopy-gui.dir/src/widgets/measurementpanel.cpp.o
[148/900] Building CXX object gui/CMakeFiles/scopy-gui.dir/src/widgets/menulineedit.cpp.o
[149/900] Building CXX object gui/CMakeFiles/scopy-gui.dir/src/widgets/menucontrolbutton.cpp.o
[150/900] Building CXX object gui/CMakeFiles/scopy-gui.dir/src/widgets/menuonoffswitch.cpp.o
[151/900] Building CXX object gui/CMakeFiles/scopy-gui.dir/src/widgets/menuheader.cpp.o
[152/900] Building CXX object gui/CMakeFiles/scopy-gui.dir/qrc_resources.cpp.o
[153/900] Building CXX object gui/CMakeFiles/scopy-gui.dir/src/widgets/menuplotchannelcurvestylecontrol.cpp.o
[154/900] Building CXX object gui/CMakeFiles/scopy-gui.dir/src/widgets/pagenavigationwidget.cpp.o
[155/900] Building CXX object gui/CMakeFiles/scopy-gui.dir/src/widgets/menuwidget.cpp.o
[156/900] Building CXX object gui/CMakeFiles/scopy-gui.dir/src/widgets/menuplotaxisrangecontrol.cpp.o
[157/900] Building CXX object gui/CMakeFiles/scopy-gui.dir/src/widgets/menusectionwidget.cpp.o
[158/900] Building CXX object gui/CMakeFiles/scopy-gui.dir/src/widgets/plotbufferpreviewer.cpp.o
[159/900] Building CXX object gui/CMakeFiles/scopy-gui.dir/src/widgets/menuspinbox.cpp.o
[160/900] Linking CXX executable pluginbase/test/scopy-pluginbase_test_preferences
[161/900] Building CXX object gui/CMakeFiles/scopy-gui.dir/src/widgets/scopysplashscreen.cpp.o
[162/900] Building CXX object gui/CMakeFiles/scopy-gui.dir/src/widgets/plotcursorreadouts.cpp.o
[163/900] Building CXX object gui/CMakeFiles/scopy-gui.dir/src/widgets/semiexclusivebuttongroup.cpp.o
[164/900] Building CXX object gui/CMakeFiles/scopy-gui.dir/src/widgets/plotinfo.cpp.o
[165/900] Building CXX object gui/CMakeFiles/scopy-gui.dir/src/widgets/progresslineedit.cpp.o
[166/900] Building CXX object gui/CMakeFiles/scopy-gui.dir/src/widgets/popupwidget.cpp.o
[167/900] Building CXX object gui/CMakeFiles/scopy-gui.dir/src/widgets/plotinfowidgets.cpp.o
[168/900] Building CXX object gui/CMakeFiles/scopy-gui.dir/src/widgets/plotlegend.cpp.o
[169/900] Building CXX object gui/CMakeFiles/scopy-gui.dir/src/widgets/smallprogressbar.cpp.o
[170/900] Building CXX object gui/CMakeFiles/scopy-gui.dir/src/widgets/searchbar.cpp.o
[171/900] Building CXX object gui/CMakeFiles/scopy-gui.dir/src/widgets/verticalchannelmanager.cpp.o
[172/900] Building CXX object gui/CMakeFiles/scopy-gui.dir/src/widgets/scopystatusbar.cpp.o
[173/900] Building CXX object gui/CMakeFiles/scopy-gui.dir/src/widgets/verticaltabwidget.cpp.o
[174/900] Building CXX object gui/CMakeFiles/scopy-gui.dir/src/widgets/verticaltabbar.cpp.o
[175/900] Building CXX object gui/CMakeFiles/scopy-gui.dir/src/widgets/titlespinbox.cpp.o
[176/900] Building CXX object gui/CMakeFiles/scopy-gui.dir/src/widgets/toolbuttons.cpp.o
[177/900] Building CXX object gui/CMakeFiles/scopy-gui.dir/src/widgets/toolmenuheaderwidget.cpp.o
[178/900] Linking CXX shared library libscopy-gui.so
[179/900] Automatic MOC and UIC for target scopy-pkg-manager
[180/900] Building CXX object pkg-manager/CMakeFiles/scopy-pkg-manager.dir/scopy-pkg-manager_autogen/mocs_compilation.cpp.o
[181/900] Automatic MOC and UIC for target scopy-iio-widgets
[182/900] Building CXX object iio-widgets/CMakeFiles/scopy-iio-widgets.dir/scopy-iio-widgets_autogen/mocs_compilation.cpp.o
[183/900] Automatic MOC and UIC for target scopy-m2k-gui
[184/900] Building CXX object iio-widgets/CMakeFiles/scopy-iio-widgets.dir/src/iiowidgetutils.cpp.o
[185/900] Building CXX object iio-widgets/CMakeFiles/scopy-iio-widgets.dir/src/datastrategy/deviceattrdatastrategy.cpp.o
[186/900] Building CXX object iio-widgets/CMakeFiles/scopy-iio-widgets.dir/src/datastrategy/cmdqdeviceattrdatastrategy.cpp.o
[187/900] Building CXX object packages/m2k/plugins/m2k/m2k-gui/CMakeFiles/scopy-m2k-gui.dir/src/ComboBoxLineEdit.cpp.o
FAILED: [code=1] packages/m2k/plugins/m2k/m2k-gui/CMakeFiles/scopy-m2k-gui.dir/src/ComboBoxLineEdit.cpp.o 
/usr/bin/c++ -DBOOST_ALL_DYN_LINK -DBOOST_ATOMIC_DYN_LINK -DBOOST_ATOMIC_NO_LIB -DBOOST_CHRONO_DYN_LINK -DBOOST_CHRONO_NO_LIB -DBOOST_CONTAINER_DYN_LINK -DBOOST_CONTAINER_NO_LIB -DBOOST_DATE_TIME_DYN_LINK -DBOOST_DATE_TIME_NO_LIB -DBOOST_FILESYSTEM_DYN_LINK -DBOOST_FILESYSTEM_NO_LIB -DBOOST_THREAD_DYN_LINK -DBOOST_THREAD_NO_LIB -DQT_CONCURRENT_LIB -DQT_CORE_LIB -DQT_GUI_LIB -DQT_MESSAGELOGCONTEXT -DQT_NETWORK_LIB -DQT_NO_DEBUG -DQT_OPENGLWIDGETS_LIB -DQT_OPENGL_LIB -DQT_QMLINTEGRATION_LIB -DQT_QML_LIB -DQT_SVG_LIB -DQT_WIDGETS_LIB -DQT_XML_LIB -Dscopy_m2k_gui_EXPORTS -I/build/scopy-git/src/build/packages/m2k/plugins/m2k/m2k-gui -I/build/scopy-git/src/scopy/packages/m2k/plugins/m2k/m2k-gui -I/build/scopy-git/src/build/packages/m2k/plugins/m2k/m2k-gui/scopy-m2k-gui_autogen/include -I/build/scopy-git/src/scopy/packages/m2k/plugins/m2k/m2k-gui/include/m2k-gui -I/build/scopy-git/src/scopy/packages/m2k/plugins/m2k/m2k-gui/scopy-common -I/build/scopy-git/src/scopy/packages/m2k/plugins/m2k/m2k-gui/scopy-pluginbase -I/build/scopy-git/src/scopy/packages/m2k/plugins/m2k/m2k-gui/scopy-gui -I/build/scopy-git/src/scopy/packages/m2k/plugins/m2k/m2k-gui/scopy-sigrok-gui -I/opt/qwt-multiaxes/usr/include/qwt -I/build/scopy-git/src/scopy/common/include -I/build/scopy-git/src/scopy/common/scopy-gui -I/build/scopy-git/src/scopy/common/scopy-pluginbase -I/build/scopy-git/src/scopy/common/scopyiioutil -I/build/scopy-git/src/scopy/pluginbase/include -I/build/scopy-git/src/scopy/iioutil/include -I/build/scopy-git/src/scopy/gui/include -I/build/scopy-git/src/scopy/gui/include/gui/widgets -I/build/scopy-git/src/scopy/gui/include/gui/docking -I/build/scopy-git/src/scopy/gui/include/gui -isystem /usr/include/qt6/QtWidgets -isystem /usr/include/qt6 -isystem /usr/include/qt6/QtCore -isystem /usr/lib/qt6/mkspecs/linux-g++ -isystem /usr/include/qt6/QtGui -isystem /usr/include/qt6/QtXml -isystem /usr/include/qt6/QtSvg -isystem /usr/include/qt6/QtConcurrent -isystem /usr/include/qt6/QtNetwork -isystem /usr/include/qt6/QtQml -isystem /usr/include/qt6/QtQmlIntegration -isystem /usr/include/qt6/QtOpenGLWidgets -isystem /usr/include/qt6/QtOpenGL -march=x86-64 -mtune=generic -O2 -pipe -fno-plt -fexceptions         -Wp,-D_FORTIFY_SOURCE=3 -Wformat -Werror=format-security         -fstack-clash-protection -fcf-protection         -fno-omit-frame-pointer -mno-omit-leaf-frame-pointer -Wp,-D_GLIBCXX_ASSERTIONS -g -ffile-prefix-map=/build/scopy-git/src=/usr/src/debug/scopy-git -flto=auto -w -std=gnu++20 -fPIC -fvisibility=hidden -fvisibility-inlines-hidden -mno-direct-extern-access -MD -MT packages/m2k/plugins/m2k/m2k-gui/CMakeFiles/scopy-m2k-gui.dir/src/ComboBoxLineEdit.cpp.o -MF packages/m2k/plugins/m2k/m2k-gui/CMakeFiles/scopy-m2k-gui.dir/src/ComboBoxLineEdit.cpp.o.d -o packages/m2k/plugins/m2k/m2k-gui/CMakeFiles/scopy-m2k-gui.dir/src/ComboBoxLineEdit.cpp.o -c /build/scopy-git/src/scopy/packages/m2k/plugins/m2k/m2k-gui/src/ComboBoxLineEdit.cpp
/build/scopy-git/src/scopy/packages/m2k/plugins/m2k/m2k-gui/src/ComboBoxLineEdit.cpp: In member function ‘void scopy::ComboBoxLineEdit::enterEvent(QEvent*)’:
/build/scopy-git/src/scopy/packages/m2k/plugins/m2k/m2k-gui/src/ComboBoxLineEdit.cpp:32:72: error: invalid conversion from ‘QEvent*’ to ‘QEnterEvent*’ [-fpermissive]
   32 | void ComboBoxLineEdit::enterEvent(QEvent *event) { QWidget::enterEvent(event); }
      |                                                                        ^~~~~
      |                                                                        |
      |                                                                        QEvent*
In file included from /usr/include/qt6/QtWidgets/qframe.h:9,
                 from /usr/include/qt6/QtWidgets/qlineedit.h:9,
                 from /usr/include/qt6/QtWidgets/QLineEdit:1,
                 from /build/scopy-git/src/scopy/packages/m2k/plugins/m2k/m2k-gui/include/m2k-gui/ComboBoxLineEdit.h:24,
                 from /build/scopy-git/src/scopy/packages/m2k/plugins/m2k/m2k-gui/src/ComboBoxLineEdit.cpp:20:
/usr/include/qt6/QtWidgets/qwidget.h:677:42: note: initializing argument 1 of ‘virtual void QWidget::enterEvent(QEnterEvent*)’
  677 |     virtual void enterEvent(QEnterEvent *event);
      |                             ~~~~~~~~~~~~~^~~~~
[188/900] Building CXX object iio-widgets/CMakeFiles/scopy-iio-widgets.dir/src/datastrategy/triggerdatastrategy.cpp.o
[189/900] Building CXX object iio-widgets/CMakeFiles/scopy-iio-widgets.dir/src/datastrategy/contextattrdatastrategy.cpp.o
[190/900] Building CXX object pkg-manager/CMakeFiles/scopy-pkg-manager.dir/src/pkgutil.cpp.o
[191/900] Building CXX object iio-widgets/CMakeFiles/scopy-iio-widgets.dir/src/datastrategy/channelattrdatastrategy.cpp.o
[192/900] Building CXX object iio-widgets/CMakeFiles/scopy-iio-widgets.dir/src/datastrategy/cmdqchannelattrdatastrategy.cpp.o
[193/900] Building CXX object iio-widgets/CMakeFiles/scopy-iio-widgets.dir/src/iiowidgetsyncgroup.cpp.o
[194/900] Building CXX object iio-widgets/CMakeFiles/scopy-iio-widgets.dir/src/guistrategy/switchguistrategy.cpp.o
[195/900] Building CXX object iio-widgets/CMakeFiles/scopy-iio-widgets.dir/src/guistrategy/rangeguistrategy.cpp.o
[196/900] Building CXX object packages/m2k/plugins/m2k/m2k-gui/CMakeFiles/scopy-m2k-gui.dir/src/BasicPlot.cpp.o
[197/900] Building CXX object pkg-manager/CMakeFiles/scopy-pkg-manager.dir/src/pkgmanager.cpp.o
[198/900] Building CXX object iio-widgets/CMakeFiles/scopy-iio-widgets.dir/src/datastrategy/multidatastrategy.cpp.o
[199/900] Building CXX object iio-widgets/CMakeFiles/scopy-iio-widgets.dir/src/guistrategy/editableguistrategy.cpp.o
[200/900] Building CXX object iio-widgets/CMakeFiles/scopy-iio-widgets.dir/src/iiowidgetbuilder.cpp.o
[201/900] Building CXX object iio-widgets/CMakeFiles/scopy-iio-widgets.dir/src/iiowidgetgroup.cpp.o
[202/900] Building CXX object iio-widgets/CMakeFiles/scopy-iio-widgets.dir/src/guistrategy/checkboxguistrategy.cpp.o
[203/900] Building CXX object iio-widgets/CMakeFiles/scopy-iio-widgets.dir/src/iiowidget.cpp.o
[204/900] Building CXX object iio-widgets/CMakeFiles/scopy-iio-widgets.dir/src/guistrategy/temperatureguistrategy.cpp.o
[205/900] Building CXX object packages/m2k/plugins/m2k/m2k-gui/CMakeFiles/scopy-m2k-gui.dir/src/ConstellationDisplayPlot.cc.o
[206/900] Building CXX object iio-widgets/CMakeFiles/scopy-iio-widgets.dir/src/guistrategy/comboguistrategy.cpp.o
[207/900] Building CXX object packages/m2k/plugins/m2k/m2k-gui/CMakeFiles/scopy-m2k-gui.dir/src/FftDisplayPlot.cc.o
FAILED: [code=1] packages/m2k/plugins/m2k/m2k-gui/CMakeFiles/scopy-m2k-gui.dir/src/FftDisplayPlot.cc.o 
/usr/bin/c++ -DBOOST_ALL_DYN_LINK -DBOOST_ATOMIC_DYN_LINK -DBOOST_ATOMIC_NO_LIB -DBOOST_CHRONO_DYN_LINK -DBOOST_CHRONO_NO_LIB -DBOOST_CONTAINER_DYN_LINK -DBOOST_CONTAINER_NO_LIB -DBOOST_DATE_TIME_DYN_LINK -DBOOST_DATE_TIME_NO_LIB -DBOOST_FILESYSTEM_DYN_LINK -DBOOST_FILESYSTEM_NO_LIB -DBOOST_THREAD_DYN_LINK -DBOOST_THREAD_NO_LIB -DQT_CONCURRENT_LIB -DQT_CORE_LIB -DQT_GUI_LIB -DQT_MESSAGELOGCONTEXT -DQT_NETWORK_LIB -DQT_NO_DEBUG -DQT_OPENGLWIDGETS_LIB -DQT_OPENGL_LIB -DQT_QMLINTEGRATION_LIB -DQT_QML_LIB -DQT_SVG_LIB -DQT_WIDGETS_LIB -DQT_XML_LIB -Dscopy_m2k_gui_EXPORTS -I/build/scopy-git/src/build/packages/m2k/plugins/m2k/m2k-gui -I/build/scopy-git/src/scopy/packages/m2k/plugins/m2k/m2k-gui -I/build/scopy-git/src/build/packages/m2k/plugins/m2k/m2k-gui/scopy-m2k-gui_autogen/include -I/build/scopy-git/src/scopy/packages/m2k/plugins/m2k/m2k-gui/include/m2k-gui -I/build/scopy-git/src/scopy/packages/m2k/plugins/m2k/m2k-gui/scopy-common -I/build/scopy-git/src/scopy/packages/m2k/plugins/m2k/m2k-gui/scopy-pluginbase -I/build/scopy-git/src/scopy/packages/m2k/plugins/m2k/m2k-gui/scopy-gui -I/build/scopy-git/src/scopy/packages/m2k/plugins/m2k/m2k-gui/scopy-sigrok-gui -I/opt/qwt-multiaxes/usr/include/qwt -I/build/scopy-git/src/scopy/common/include -I/build/scopy-git/src/scopy/common/scopy-gui -I/build/scopy-git/src/scopy/common/scopy-pluginbase -I/build/scopy-git/src/scopy/common/scopyiioutil -I/build/scopy-git/src/scopy/pluginbase/include -I/build/scopy-git/src/scopy/iioutil/include -I/build/scopy-git/src/scopy/gui/include -I/build/scopy-git/src/scopy/gui/include/gui/widgets -I/build/scopy-git/src/scopy/gui/include/gui/docking -I/build/scopy-git/src/scopy/gui/include/gui -isystem /usr/include/qt6/QtWidgets -isystem /usr/include/qt6 -isystem /usr/include/qt6/QtCore -isystem /usr/lib/qt6/mkspecs/linux-g++ -isystem /usr/include/qt6/QtGui -isystem /usr/include/qt6/QtXml -isystem /usr/include/qt6/QtSvg -isystem /usr/include/qt6/QtConcurrent -isystem /usr/include/qt6/QtNetwork -isystem /usr/include/qt6/QtQml -isystem /usr/include/qt6/QtQmlIntegration -isystem /usr/include/qt6/QtOpenGLWidgets -isystem /usr/include/qt6/QtOpenGL -march=x86-64 -mtune=generic -O2 -pipe -fno-plt -fexceptions         -Wp,-D_FORTIFY_SOURCE=3 -Wformat -Werror=format-security         -fstack-clash-protection -fcf-protection         -fno-omit-frame-pointer -mno-omit-leaf-frame-pointer -Wp,-D_GLIBCXX_ASSERTIONS -g -ffile-prefix-map=/build/scopy-git/src=/usr/src/debug/scopy-git -flto=auto -w -std=gnu++20 -fPIC -fvisibility=hidden -fvisibility-inlines-hidden -mno-direct-extern-access -MD -MT packages/m2k/plugins/m2k/m2k-gui/CMakeFiles/scopy-m2k-gui.dir/src/FftDisplayPlot.cc.o -MF packages/m2k/plugins/m2k/m2k-gui/CMakeFiles/scopy-m2k-gui.dir/src/FftDisplayPlot.cc.o.d -o packages/m2k/plugins/m2k/m2k-gui/CMakeFiles/scopy-m2k-gui.dir/src/FftDisplayPlot.cc.o -c /build/scopy-git/src/scopy/packages/m2k/plugins/m2k/m2k-gui/src/FftDisplayPlot.cc
/build/scopy-git/src/scopy/packages/m2k/plugins/m2k/m2k-gui/src/FftDisplayPlot.cc: In member function ‘void scopy::FftDisplayPlot::setZoomerEnabled()’:
/build/scopy-git/src/scopy/packages/m2k/plugins/m2k/m2k-gui/src/FftDisplayPlot.cc:412:32: error: invalid conversion from ‘int’ to ‘QFont::Weight’ [-fpermissive]
  412 |                 font.setWeight(75);
      |                                ^~
      |                                |
      |                                int
In file included from /usr/include/qt6/QtWidgets/qwidget.h:17,
                 from /usr/include/qt6/QtWidgets/QWidget:1,
                 from /build/scopy-git/src/scopy/packages/m2k/plugins/m2k/m2k-gui/include/m2k-gui/customplotpositionbutton.h:25,
                 from /build/scopy-git/src/scopy/packages/m2k/plugins/m2k/m2k-gui/include/m2k-gui/cursor_readouts.h:26,
                 from /build/scopy-git/src/scopy/packages/m2k/plugins/m2k/m2k-gui/include/m2k-gui/DisplayPlot.h:46,
                 from /build/scopy-git/src/scopy/packages/m2k/plugins/m2k/m2k-gui/include/m2k-gui/FftDisplayPlot.h:25,
                 from /build/scopy-git/src/scopy/packages/m2k/plugins/m2k/m2k-gui/src/FftDisplayPlot.cc:21:
/usr/include/qt6/QtGui/qfont.h:168:27: note: initializing argument 1 of ‘void QFont::setWeight(Weight)’
  168 |     void setWeight(Weight weight);
      |                    ~~~~~~~^~~~~~
[208/900] Building CXX object packages/m2k/plugins/m2k/m2k-gui/CMakeFiles/scopy-m2k-gui.dir/scopy-m2k-gui_autogen/mocs_compilation.cpp.o
[209/900] Building CXX object packages/m2k/plugins/m2k/m2k-gui/CMakeFiles/scopy-m2k-gui.dir/src/DisplayPlot.cc.o
[210/900] Building CXX object packages/m2k/plugins/m2k/m2k-gui/CMakeFiles/scopy-m2k-gui.dir/src/HistogramDisplayPlot.cc.o
[211/900] Building CXX object packages/m2k/plugins/m2k/m2k-gui/CMakeFiles/scopy-m2k-gui.dir/src/TimeDomainDisplayPlot.cc.o
FAILED: [code=1] packages/m2k/plugins/m2k/m2k-gui/CMakeFiles/scopy-m2k-gui.dir/src/TimeDomainDisplayPlot.cc.o 
/usr/bin/c++ -DBOOST_ALL_DYN_LINK -DBOOST_ATOMIC_DYN_LINK -DBOOST_ATOMIC_NO_LIB -DBOOST_CHRONO_DYN_LINK -DBOOST_CHRONO_NO_LIB -DBOOST_CONTAINER_DYN_LINK -DBOOST_CONTAINER_NO_LIB -DBOOST_DATE_TIME_DYN_LINK -DBOOST_DATE_TIME_NO_LIB -DBOOST_FILESYSTEM_DYN_LINK -DBOOST_FILESYSTEM_NO_LIB -DBOOST_THREAD_DYN_LINK -DBOOST_THREAD_NO_LIB -DQT_CONCURRENT_LIB -DQT_CORE_LIB -DQT_GUI_LIB -DQT_MESSAGELOGCONTEXT -DQT_NETWORK_LIB -DQT_NO_DEBUG -DQT_OPENGLWIDGETS_LIB -DQT_OPENGL_LIB -DQT_QMLINTEGRATION_LIB -DQT_QML_LIB -DQT_SVG_LIB -DQT_WIDGETS_LIB -DQT_XML_LIB -Dscopy_m2k_gui_EXPORTS -I/build/scopy-git/src/build/packages/m2k/plugins/m2k/m2k-gui -I/build/scopy-git/src/scopy/packages/m2k/plugins/m2k/m2k-gui -I/build/scopy-git/src/build/packages/m2k/plugins/m2k/m2k-gui/scopy-m2k-gui_autogen/include -I/build/scopy-git/src/scopy/packages/m2k/plugins/m2k/m2k-gui/include/m2k-gui -I/build/scopy-git/src/scopy/packages/m2k/plugins/m2k/m2k-gui/scopy-common -I/build/scopy-git/src/scopy/packages/m2k/plugins/m2k/m2k-gui/scopy-pluginbase -I/build/scopy-git/src/scopy/packages/m2k/plugins/m2k/m2k-gui/scopy-gui -I/build/scopy-git/src/scopy/packages/m2k/plugins/m2k/m2k-gui/scopy-sigrok-gui -I/opt/qwt-multiaxes/usr/include/qwt -I/build/scopy-git/src/scopy/common/include -I/build/scopy-git/src/scopy/common/scopy-gui -I/build/scopy-git/src/scopy/common/scopy-pluginbase -I/build/scopy-git/src/scopy/common/scopyiioutil -I/build/scopy-git/src/scopy/pluginbase/include -I/build/scopy-git/src/scopy/iioutil/include -I/build/scopy-git/src/scopy/gui/include -I/build/scopy-git/src/scopy/gui/include/gui/widgets -I/build/scopy-git/src/scopy/gui/include/gui/docking -I/build/scopy-git/src/scopy/gui/include/gui -isystem /usr/include/qt6/QtWidgets -isystem /usr/include/qt6 -isystem /usr/include/qt6/QtCore -isystem /usr/lib/qt6/mkspecs/linux-g++ -isystem /usr/include/qt6/QtGui -isystem /usr/include/qt6/QtXml -isystem /usr/include/qt6/QtSvg -isystem /usr/include/qt6/QtConcurrent -isystem /usr/include/qt6/QtNetwork -isystem /usr/include/qt6/QtQml -isystem /usr/include/qt6/QtQmlIntegration -isystem /usr/include/qt6/QtOpenGLWidgets -isystem /usr/include/qt6/QtOpenGL -march=x86-64 -mtune=generic -O2 -pipe -fno-plt -fexceptions         -Wp,-D_FORTIFY_SOURCE=3 -Wformat -Werror=format-security         -fstack-clash-protection -fcf-protection         -fno-omit-frame-pointer -mno-omit-leaf-frame-pointer -Wp,-D_GLIBCXX_ASSERTIONS -g -ffile-prefix-map=/build/scopy-git/src=/usr/src/debug/scopy-git -flto=auto -w -std=gnu++20 -fPIC -fvisibility=hidden -fvisibility-inlines-hidden -mno-direct-extern-access -MD -MT packages/m2k/plugins/m2k/m2k-gui/CMakeFiles/scopy-m2k-gui.dir/src/TimeDomainDisplayPlot.cc.o -MF packages/m2k/plugins/m2k/m2k-gui/CMakeFiles/scopy-m2k-gui.dir/src/TimeDomainDisplayPlot.cc.o.d -o packages/m2k/plugins/m2k/m2k-gui/CMakeFiles/scopy-m2k-gui.dir/src/TimeDomainDisplayPlot.cc.o -c /build/scopy-git/src/scopy/packages/m2k/plugins/m2k/m2k-gui/src/TimeDomainDisplayPlot.cc
/build/scopy-git/src/scopy/packages/m2k/plugins/m2k/m2k-gui/src/TimeDomainDisplayPlot.cc: In constructor ‘scopy::TimeDomainDisplayPlot::TimeDomainDisplayPlot(QWidget*, bool, unsigned int, unsigned int, scopy::PrefixFormatter*, scopy::PrefixFormatter*, int)’:
/build/scopy-git/src/scopy/packages/m2k/plugins/m2k/m2k-gui/src/TimeDomainDisplayPlot.cc:197:24: error: invalid conversion from ‘int’ to ‘QFont::Weight’ [-fpermissive]
  197 |         font.setWeight(75);
      |                        ^~
      |                        |
      |                        int
In file included from /usr/include/qt6/QtWidgets/qwidget.h:17,
                 from /usr/include/qt6/QtWidgets/QWidget:1,
                 from /build/scopy-git/src/scopy/packages/m2k/plugins/m2k/m2k-gui/include/m2k-gui/customplotpositionbutton.h:25,
                 from /build/scopy-git/src/scopy/packages/m2k/plugins/m2k/m2k-gui/include/m2k-gui/cursor_readouts.h:26,
                 from /build/scopy-git/src/scopy/packages/m2k/plugins/m2k/m2k-gui/include/m2k-gui/DisplayPlot.h:46,
                 from /build/scopy-git/src/scopy/packages/m2k/plugins/m2k/m2k-gui/include/m2k-gui/TimeDomainDisplayPlot.h:46,
                 from /build/scopy-git/src/scopy/packages/m2k/plugins/m2k/m2k-gui/src/TimeDomainDisplayPlot.cc:45:
/usr/include/qt6/QtGui/qfont.h:168:27: note: initializing argument 1 of ‘void QFont::setWeight(Weight)’
  168 |     void setWeight(Weight weight);
      |                    ~~~~~~~^~~~~~
/build/scopy-git/src/scopy/packages/m2k/plugins/m2k/m2k-gui/src/TimeDomainDisplayPlot.cc: In member function ‘void scopy::TimeDomainDisplayPlot::addZoomer(unsigned int)’:
/build/scopy-git/src/scopy/packages/m2k/plugins/m2k/m2k-gui/src/TimeDomainDisplayPlot.cc:598:24: error: invalid conversion from ‘int’ to ‘QFont::Weight’ [-fpermissive]
  598 |         font.setWeight(75);
      |                        ^~
      |                        |
      |                        int
/usr/include/qt6/QtGui/qfont.h:168:27: note: initializing argument 1 of ‘void QFont::setWeight(Weight)’
  168 |     void setWeight(Weight weight);
      |                    ~~~~~~~^~~~~~
[212/900] Building CXX object packages/m2k/plugins/m2k/m2k-gui/CMakeFiles/scopy-m2k-gui.dir/src/WaterfallDisplayPlot.cc.o
FAILED: [code=1] packages/m2k/plugins/m2k/m2k-gui/CMakeFiles/scopy-m2k-gui.dir/src/WaterfallDisplayPlot.cc.o 
/usr/bin/c++ -DBOOST_ALL_DYN_LINK -DBOOST_ATOMIC_DYN_LINK -DBOOST_ATOMIC_NO_LIB -DBOOST_CHRONO_DYN_LINK -DBOOST_CHRONO_NO_LIB -DBOOST_CONTAINER_DYN_LINK -DBOOST_CONTAINER_NO_LIB -DBOOST_DATE_TIME_DYN_LINK -DBOOST_DATE_TIME_NO_LIB -DBOOST_FILESYSTEM_DYN_LINK -DBOOST_FILESYSTEM_NO_LIB -DBOOST_THREAD_DYN_LINK -DBOOST_THREAD_NO_LIB -DQT_CONCURRENT_LIB -DQT_CORE_LIB -DQT_GUI_LIB -DQT_MESSAGELOGCONTEXT -DQT_NETWORK_LIB -DQT_NO_DEBUG -DQT_OPENGLWIDGETS_LIB -DQT_OPENGL_LIB -DQT_QMLINTEGRATION_LIB -DQT_QML_LIB -DQT_SVG_LIB -DQT_WIDGETS_LIB -DQT_XML_LIB -Dscopy_m2k_gui_EXPORTS -I/build/scopy-git/src/build/packages/m2k/plugins/m2k/m2k-gui -I/build/scopy-git/src/scopy/packages/m2k/plugins/m2k/m2k-gui -I/build/scopy-git/src/build/packages/m2k/plugins/m2k/m2k-gui/scopy-m2k-gui_autogen/include -I/build/scopy-git/src/scopy/packages/m2k/plugins/m2k/m2k-gui/include/m2k-gui -I/build/scopy-git/src/scopy/packages/m2k/plugins/m2k/m2k-gui/scopy-common -I/build/scopy-git/src/scopy/packages/m2k/plugins/m2k/m2k-gui/scopy-pluginbase -I/build/scopy-git/src/scopy/packages/m2k/plugins/m2k/m2k-gui/scopy-gui -I/build/scopy-git/src/scopy/packages/m2k/plugins/m2k/m2k-gui/scopy-sigrok-gui -I/opt/qwt-multiaxes/usr/include/qwt -I/build/scopy-git/src/scopy/common/include -I/build/scopy-git/src/scopy/common/scopy-gui -I/build/scopy-git/src/scopy/common/scopy-pluginbase -I/build/scopy-git/src/scopy/common/scopyiioutil -I/build/scopy-git/src/scopy/pluginbase/include -I/build/scopy-git/src/scopy/iioutil/include -I/build/scopy-git/src/scopy/gui/include -I/build/scopy-git/src/scopy/gui/include/gui/widgets -I/build/scopy-git/src/scopy/gui/include/gui/docking -I/build/scopy-git/src/scopy/gui/include/gui -isystem /usr/include/qt6/QtWidgets -isystem /usr/include/qt6 -isystem /usr/include/qt6/QtCore -isystem /usr/lib/qt6/mkspecs/linux-g++ -isystem /usr/include/qt6/QtGui -isystem /usr/include/qt6/QtXml -isystem /usr/include/qt6/QtSvg -isystem /usr/include/qt6/QtConcurrent -isystem /usr/include/qt6/QtNetwork -isystem /usr/include/qt6/QtQml -isystem /usr/include/qt6/QtQmlIntegration -isystem /usr/include/qt6/QtOpenGLWidgets -isystem /usr/include/qt6/QtOpenGL -march=x86-64 -mtune=generic -O2 -pipe -fno-plt -fexceptions         -Wp,-D_FORTIFY_SOURCE=3 -Wformat -Werror=format-security         -fstack-clash-protection -fcf-protection         -fno-omit-frame-pointer -mno-omit-leaf-frame-pointer -Wp,-D_GLIBCXX_ASSERTIONS -g -ffile-prefix-map=/build/scopy-git/src=/usr/src/debug/scopy-git -flto=auto -w -std=gnu++20 -fPIC -fvisibility=hidden -fvisibility-inlines-hidden -mno-direct-extern-access -MD -MT packages/m2k/plugins/m2k/m2k-gui/CMakeFiles/scopy-m2k-gui.dir/src/WaterfallDisplayPlot.cc.o -MF packages/m2k/plugins/m2k/m2k-gui/CMakeFiles/scopy-m2k-gui.dir/src/WaterfallDisplayPlot.cc.o.d -o packages/m2k/plugins/m2k/m2k-gui/CMakeFiles/scopy-m2k-gui.dir/src/WaterfallDisplayPlot.cc.o -c /build/scopy-git/src/scopy/packages/m2k/plugins/m2k/m2k-gui/src/WaterfallDisplayPlot.cc
/build/scopy-git/src/scopy/packages/m2k/plugins/m2k/m2k-gui/src/WaterfallDisplayPlot.cc: In constructor ‘scopy::WaterfallDisplayPlot::WaterfallDisplayPlot(int, QWidget*)’:
/build/scopy-git/src/scopy/packages/m2k/plugins/m2k/m2k-gui/src/WaterfallDisplayPlot.cc:173:24: error: invalid conversion from ‘int’ to ‘QFont::Weight’ [-fpermissive]
  173 |         font.setWeight(75);
      |                        ^~
      |                        |
      |                        int
In file included from /usr/include/qt6/QtWidgets/qwidget.h:17,
                 from /usr/include/qt6/QtWidgets/QWidget:1,
                 from /build/scopy-git/src/scopy/packages/m2k/plugins/m2k/m2k-gui/include/m2k-gui/customplotpositionbutton.h:25,
                 from /build/scopy-git/src/scopy/packages/m2k/plugins/m2k/m2k-gui/include/m2k-gui/cursor_readouts.h:26,
                 from /build/scopy-git/src/scopy/packages/m2k/plugins/m2k/m2k-gui/include/m2k-gui/DisplayPlot.h:46,
                 from /build/scopy-git/src/scopy/packages/m2k/plugins/m2k/m2k-gui/include/m2k-gui/WaterfallDisplayPlot.h:34,
                 from /build/scopy-git/src/scopy/packages/m2k/plugins/m2k/m2k-gui/src/WaterfallDisplayPlot.cc:33:
/usr/include/qt6/QtGui/qfont.h:168:27: note: initializing argument 1 of ‘void QFont::setWeight(Weight)’
  168 |     void setWeight(Weight weight);
      |                    ~~~~~~~^~~~~~
ninja: build stopped: subcommand failed.
[1m[31m==> ERROR:(B[m[1m A failure occurred in build().(B[m
[1m    Aborting...(B[m
