-- Install configuration: "None"
-- Installing: /build/scopy/pkg/scopy/usr/share/applications/scopy.desktop
-- Installing: /build/scopy/pkg/scopy/usr/share/icons/hicolor/scalable/apps/scopy.svg
-- Installing: /build/scopy/pkg/scopy/usr/bin/scopy
-- Set non-toolchain portion of runtime path of "/build/scopy/pkg/scopy/usr/bin/scopy" to ""
-- Installing: /build/scopy/pkg/scopy/usr/lib/scopy/translations
-- Installing: /build/scopy/pkg/scopy/usr/lib/scopy/translations/ar.qm
-- Installing: /build/scopy/pkg/scopy/usr/lib/scopy/translations/es.qm
-- Installing: /build/scopy/pkg/scopy/usr/lib/scopy/translations/de.qm
-- Installing: /build/scopy/pkg/scopy/usr/lib/scopy/translations/tw.qm
-- Installing: /build/scopy/pkg/scopy/usr/lib/scopy/translations/en.qm
-- Installing: /build/scopy/pkg/scopy/usr/lib/scopy/translations/cn.qm
-- Installing: /build/scopy/pkg/scopy/usr/lib/scopy/translations/it.qm
-- Installing: /build/scopy/pkg/scopy/usr/lib/scopy/translations/fr.qm
-- Installing: /build/scopy/pkg/scopy/usr/lib/scopy/translations/th.qm
-- Installing: /build/scopy/pkg/scopy/usr/lib/scopy/translations/ro.qm
-- Installing: /build/scopy/pkg/scopy/usr/lib/scopy/translations/kr.qm
-- Installing: /build/scopy/pkg/scopy/usr/lib/scopy/translations/jp.qm
-- Installing: /build/scopy/pkg/scopy/usr/lib/scopy/style
-- Installing: /build/scopy/pkg/scopy/usr/lib/scopy/style/qss
-- Installing: /build/scopy/pkg/scopy/usr/lib/scopy/style/qss/qss_properties_iiowidgets_comboBox.qss
-- Installing: /build/scopy/pkg/scopy/usr/lib/scopy/style/qss/qss_properties_regmap_hoverWidget.qss
-- Installing: /build/scopy/pkg/scopy/usr/lib/scopy/style/qss/qss_properties_lineedit_headerLineEdit.qss
-- Installing: /build/scopy/pkg/scopy/usr/lib/scopy/style/qss/qss_properties_widget_border_interactive.qss
-- Installing: /build/scopy/pkg/scopy/usr/lib/scopy/style/qss/qss_properties_frame_frameContainer.qss
-- Installing: /build/scopy/pkg/scopy/usr/lib/scopy/style/qss/qss_properties_widget_ledBorder.qss
-- Installing: /build/scopy/pkg/scopy/usr/lib/scopy/style/qss/qss_properties_widget_toolMenuLogo.qss
-- Installing: /build/scopy/pkg/scopy/usr/lib/scopy/style/qss/qss_properties_debugger_watchListLineEdit.qss
-- Installing: /build/scopy/pkg/scopy/usr/lib/scopy/style/qss/qss_properties_widget_deviceHeaderWidget.qss
-- Installing: /build/scopy/pkg/scopy/usr/lib/scopy/style/qss/qss_properties_checkbox_squareCB.qss
-- Installing: /build/scopy/pkg/scopy/usr/lib/scopy/style/qss/qss_properties_label_statusLabel.qss
-- Installing: /build/scopy/pkg/scopy/usr/lib/scopy/style/qss/qss_properties_widget_cardWidget.qss
-- Installing: /build/scopy/pkg/scopy/usr/lib/scopy/style/qss/qss_properties_button_runButton.qss
-- Installing: /build/scopy/pkg/scopy/usr/lib/scopy/style/qss/qss_properties_widget_genericSearchBar.qss
-- Installing: /build/scopy/pkg/scopy/usr/lib/scopy/style/qss/qss_properties_debugger_debuggerScrollBar.qss
-- Installing: /build/scopy/pkg/scopy/usr/lib/scopy/style/qss/qss_properties_tabwidget_eastTabMenu.qss
-- Installing: /build/scopy/pkg/scopy/usr/lib/scopy/style/qss/qss_properties_regmap_searchBar.qss
-- Installing: /build/scopy/pkg/scopy/usr/lib/scopy/style/qss/qss_properties_button_menuControlButton.qss
-- Installing: /build/scopy/pkg/scopy/usr/lib/scopy/style/qss/qss_properties_button_borderButton.qss
-- Installing: /build/scopy/pkg/scopy/usr/lib/scopy/style/qss/qss_properties_debugger_treeView.qss
-- Installing: /build/scopy/pkg/scopy/usr/lib/scopy/style/qss/qss_properties_widget_textBrowser.qss
-- Installing: /build/scopy/pkg/scopy/usr/lib/scopy/style/qss/qss_properties_button_stopButton.qss
-- Installing: /build/scopy/pkg/scopy/usr/lib/scopy/style/qss/qss_properties_regmap_bitfieldSimpleWidget.qss
-- Installing: /build/scopy/pkg/scopy/usr/lib/scopy/style/qss/qss_properties_swiot_activeStoredLabel.qss
-- Installing: /build/scopy/pkg/scopy/usr/lib/scopy/style/qss/qss_properties_widget_textEditBigLabel.qss
-- Installing: /build/scopy/pkg/scopy/usr/lib/scopy/style/qss/qss_properties_iiowidgets_lineEdit.qss
-- Installing: /build/scopy/pkg/scopy/usr/lib/scopy/style/qss/qss_properties_regmap_titleSpinbox.qss
-- Installing: /build/scopy/pkg/scopy/usr/lib/scopy/style/qss/qss_properties_button_blueGrayButton.qss
-- Installing: /build/scopy/pkg/scopy/usr/lib/scopy/style/qss/qss_properties_button_squareIconButton.qss
-- Installing: /build/scopy/pkg/scopy/usr/lib/scopy/style/qss/qss_properties_widget_customSwitch.qss
-- Installing: /build/scopy/pkg/scopy/usr/lib/scopy/style/qss/qss_properties_button_spinboxButton.qss
-- Installing: /build/scopy/pkg/scopy/usr/lib/scopy/style/qss/qss_properties_checkbox_collapseCB.qss
-- Installing: /build/scopy/pkg/scopy/usr/lib/scopy/style/qss/qss_properties_button_toolButton.qss
-- Installing: /build/scopy/pkg/scopy/usr/lib/scopy/style/qss/qss_properties_label_interactive.qss
-- Installing: /build/scopy/pkg/scopy/usr/lib/scopy/style/qss/qss_properties_widget_logo.qss
-- Installing: /build/scopy/pkg/scopy/usr/lib/scopy/style/qss/qss_properties_frame_line.qss
-- Installing: /build/scopy/pkg/scopy/usr/lib/scopy/style/qss/qss_properties_regmap_simpleWidget.qss
-- Installing: /build/scopy/pkg/scopy/usr/lib/scopy/style/qss/global.qss
-- Installing: /build/scopy/pkg/scopy/usr/lib/scopy/style/qss/qss_properties_widget_deviceIcon.qss
-- Installing: /build/scopy/pkg/scopy/usr/lib/scopy/style/qss/qss_properties_widget_overlayMenu.qss
-- Installing: /build/scopy/pkg/scopy/usr/lib/scopy/style/qss/qss_properties_widget_basicComponent.qss
-- Installing: /build/scopy/pkg/scopy/usr/lib/scopy/style/qss/qss_properties_tabwidget_smallTabItem.qss
-- Installing: /build/scopy/pkg/scopy/usr/lib/scopy/style/qss/qss_properties_widget_border.qss
-- Installing: /build/scopy/pkg/scopy/usr/lib/scopy/style/qss/qss_properties_regmap_deviceComboBox.qss
-- Installing: /build/scopy/pkg/scopy/usr/lib/scopy/style/qss/qss_properties_combobox_versionCb.qss
-- Installing: /build/scopy/pkg/scopy/usr/lib/scopy/style/qss/qss_properties_debugger_watchListCombo.qss
-- Installing: /build/scopy/pkg/scopy/usr/lib/scopy/style/qss/qss_properties_widget_searchbar.qss
-- Installing: /build/scopy/pkg/scopy/usr/lib/scopy/style/qss/qss_properties_button_clear.qss
-- Installing: /build/scopy/pkg/scopy/usr/lib/scopy/style/qss/qss_properties_button_basicButton.qss
-- Installing: /build/scopy/pkg/scopy/usr/lib/scopy/style/qss/qss_properties_regmap_regmapSlider.qss
-- Installing: /build/scopy/pkg/scopy/usr/lib/scopy/style/qss/qss_properties_label_subtle.qss
-- Installing: /build/scopy/pkg/scopy/usr/lib/scopy/style/qss/qss_properties_button_subtleButton.qss
-- Installing: /build/scopy/pkg/scopy/usr/lib/scopy/style/qss/qss_properties_label_menuBig.qss
-- Installing: /build/scopy/pkg/scopy/usr/lib/scopy/style/qss/qss_properties_label_menuMedium.qss
-- Installing: /build/scopy/pkg/scopy/usr/lib/scopy/style/qss/qss_properties_label_deviceIcon.qss
-- Installing: /build/scopy/pkg/scopy/usr/lib/scopy/style/qss/qss_properties_button_transparentButton.qss
-- Installing: /build/scopy/pkg/scopy/usr/lib/scopy/style/qss/qss_properties_widget_bottomBorder.qss
-- Installing: /build/scopy/pkg/scopy/usr/lib/scopy/style/qss/qss_properties_button_singleButton.qss
-- Installing: /build/scopy/pkg/scopy/usr/lib/scopy/style/qss/qss_properties_widget_solidBorder.qss
-- Installing: /build/scopy/pkg/scopy/usr/lib/scopy/style/qss/qss_properties_widget_topBorder.qss
-- Installing: /build/scopy/pkg/scopy/usr/lib/scopy/style/qss/qss_properties_widget_basicBackground.qss
-- Installing: /build/scopy/pkg/scopy/usr/lib/scopy/style/qss/qss_properties_label_defaultLabel.qss
-- Installing: /build/scopy/pkg/scopy/usr/lib/scopy/style/qss/qss_properties_widget_noBorder.qss
-- Installing: /build/scopy/pkg/scopy/usr/lib/scopy/style/qss/qss_properties_widget_toolMenu.qss
-- Installing: /build/scopy/pkg/scopy/usr/lib/scopy/style/qss/qss_properties_button_whatsNewButton.qss
-- Installing: /build/scopy/pkg/scopy/usr/lib/scopy/style/qss/qss_properties_widget_customSwitchSolid.qss
-- Installing: /build/scopy/pkg/scopy/usr/lib/scopy/style/qss/qss_properties_lineedit_menuLineEdit.qss
-- Installing: /build/scopy/pkg/scopy/usr/lib/scopy/style/qss/qss_properties_button_grayButton.qss
-- Installing: /build/scopy/pkg/scopy/usr/lib/scopy/style/qss/qss_properties_label_menuSmall.qss
-- Installing: /build/scopy/pkg/scopy/usr/lib/scopy/style/qss/m2k.qss
-- Installing: /build/scopy/pkg/scopy/usr/lib/scopy/style/qss/qss_properties_regmap_registercontroller.qss
-- Installing: /build/scopy/pkg/scopy/usr/lib/scopy/style/qss/qss_properties_label_warning.qss
-- Installing: /build/scopy/pkg/scopy/usr/lib/scopy/style/qss/qss_properties_widget_notInteractive.qss
-- Installing: /build/scopy/pkg/scopy/usr/lib/scopy/style/qss/qss_properties_swiot_faultsFrame.qss
-- Installing: /build/scopy/pkg/scopy/usr/lib/scopy/style/qss/qss_properties_button_squareIconBrowserButton.qss
-- Installing: /build/scopy/pkg/scopy/usr/lib/scopy/style/qss/qss_properties_checkbox_circleCB.qss
-- Installing: /build/scopy/pkg/scopy/usr/lib/scopy/style/qss/qss_properties_regmap_lineEdit.qss
-- Installing: /build/scopy/pkg/scopy/usr/lib/scopy/style/qss/qss_properties_widget_tableViewWidget.qss
-- Installing: /build/scopy/pkg/scopy/usr/lib/scopy/style/qss/qss_properties_debugger_detailsView.qss
-- Installing: /build/scopy/pkg/scopy/usr/lib/scopy/style/qss/qss_properties_button_basicButtonBig.qss
-- Installing: /build/scopy/pkg/scopy/usr/lib/scopy/style/qss/qss_properties_swiot_lcdNumber.qss
-- Installing: /build/scopy/pkg/scopy/usr/lib/scopy/style/qss/qss_properties_button_smallSquareIconButton.qss
-- Installing: /build/scopy/pkg/scopy/usr/lib/scopy/style/qss/qss_properties_debugger_headerView.qss
-- Installing: /build/scopy/pkg/scopy/usr/lib/scopy/style/qss/qss_properties_debugger_watchListView.qss
-- Installing: /build/scopy/pkg/scopy/usr/lib/scopy/style/json
-- Installing: /build/scopy/pkg/scopy/usr/lib/scopy/style/json/Harmonic light.json
-- Installing: /build/scopy/pkg/scopy/usr/lib/scopy/style/json/Scopy.json
-- Installing: /build/scopy/pkg/scopy/usr/lib/scopy/style/json/Harmonic dark.json
-- Installing: /build/scopy/pkg/scopy/usr/lib/scopy/style/json/global.json
-- Installing: /build/scopy/pkg/scopy/usr/lib/libscopy-common.so
-- Installing: /build/scopy/pkg/scopy/usr/include
-- Installing: /build/scopy/pkg/scopy/usr/include/common
-- Installing: /build/scopy/pkg/scopy/usr/include/common/debugtimer.h
-- Installing: /build/scopy/pkg/scopy/usr/include/common/scopy-common_config.h.cmakein
-- Installing: /build/scopy/pkg/scopy/usr/include/common/common.h
-- Installing: /build/scopy/pkg/scopy/usr/include/common/scopy-common_export.h
-- Installing: /build/scopy/pkg/scopy/usr/include/common/loggingutil.h
-- Installing: /build/scopy/pkg/scopy/usr/include/common/scopy-common_config.h
-- Installing: /build/scopy/pkg/scopy/usr/include/common/scopyconfig.h
-- Installing: /build/scopy/pkg/scopy/usr/lib/libscopy-iioutil.so
-- Up-to-date: /build/scopy/pkg/scopy/usr/include/
-- Installing: /build/scopy/pkg/scopy/usr/include//iioutil
-- Installing: /build/scopy/pkg/scopy/usr/include//iioutil/connectionprovider.h
-- Installing: /build/scopy/pkg/scopy/usr/include//iioutil/pingtask.h
-- Installing: /build/scopy/pkg/scopy/usr/include//iioutil/scopy-iioutil_export.h
-- Installing: /build/scopy/pkg/scopy/usr/include//iioutil/connection.h
-- Installing: /build/scopy/pkg/scopy/usr/include//iioutil/iiounits.h
-- Installing: /build/scopy/pkg/scopy/usr/include//iioutil/scopy-iioutil_config.h.cmakein
-- Installing: /build/scopy/pkg/scopy/usr/include//iioutil/cmdqpingtask.h
-- Installing: /build/scopy/pkg/scopy/usr/include//iioutil/iiocommand
-- Installing: /build/scopy/pkg/scopy/usr/include//iioutil/iiocommand/iiobufferrefill.h
-- Installing: /build/scopy/pkg/scopy/usr/include//iioutil/iiocommand/iiobuffercancel.h
-- Installing: /build/scopy/pkg/scopy/usr/include//iioutil/iiocommand/iioregisterread.h
-- Installing: /build/scopy/pkg/scopy/usr/include//iioutil/iiocommand/iiochannelattributereadall.h
-- Installing: /build/scopy/pkg/scopy/usr/include//iioutil/iiocommand/iiobufferdestroy.h
-- Installing: /build/scopy/pkg/scopy/usr/include//iioutil/iiocommand/iiobufferpush.h
-- Installing: /build/scopy/pkg/scopy/usr/include//iioutil/iiocommand/iiodeviceattributeread.h
-- Installing: /build/scopy/pkg/scopy/usr/include//iioutil/iiocommand/iiodeviceattributewrite.h
-- Installing: /build/scopy/pkg/scopy/usr/include//iioutil/iiocommand/iiodevicecreatebuffer.h
-- Installing: /build/scopy/pkg/scopy/usr/include//iioutil/iiocommand/iiochannelattributeread.h
-- Installing: /build/scopy/pkg/scopy/usr/include//iioutil/iiocommand/iiochannelattributewrite.h
-- Installing: /build/scopy/pkg/scopy/usr/include//iioutil/iiocommand/iiodevicegettrigger.h
-- Installing: /build/scopy/pkg/scopy/usr/include//iioutil/iiocommand/iiodevicesettrigger.h
-- Installing: /build/scopy/pkg/scopy/usr/include//iioutil/iiocommand/iiochannelenable.h
-- Installing: /build/scopy/pkg/scopy/usr/include//iioutil/scopy-iioutil_config.h
-- Installing: /build/scopy/pkg/scopy/usr/include//iioutil/command.h
-- Installing: /build/scopy/pkg/scopy/usr/include//iioutil/cyclicaltask.h
-- Installing: /build/scopy/pkg/scopy/usr/include//iioutil/commandqueue.h
-- Installing: /build/scopy/pkg/scopy/usr/include//iioutil/iioscantask.h
-- Installing: /build/scopy/pkg/scopy/usr/include//iioutil/iiopingtask.h
-- Installing: /build/scopy/pkg/scopy/usr/lib/libscopy-gui.so
-- Set non-toolchain portion of runtime path of "/build/scopy/pkg/scopy/usr/lib/libscopy-gui.so" to ""
-- Up-to-date: /build/scopy/pkg/scopy/usr/include
-- Installing: /build/scopy/pkg/scopy/usr/include/gui
-- Installing: /build/scopy/pkg/scopy/usr/include/gui/plotscales.h
-- Installing: /build/scopy/pkg/scopy/usr/include/gui/plotbuttonmanager.h
-- Installing: /build/scopy/pkg/scopy/usr/include/gui/filemanager.h
-- Installing: /build/scopy/pkg/scopy/usr/include/gui/buffer_previewer.hpp
-- Installing: /build/scopy/pkg/scopy/usr/include/gui/docking
-- Installing: /build/scopy/pkg/scopy/usr/include/gui/docking/docksettings.h
-- Installing: /build/scopy/pkg/scopy/usr/include/gui/docking/dockablearea.h
-- Installing: /build/scopy/pkg/scopy/usr/include/gui/docking/dockwrapper.h
-- Installing: /build/scopy/pkg/scopy/usr/include/gui/docking/dockableareakdab.h
-- Installing: /build/scopy/pkg/scopy/usr/include/gui/docking/dockableareainterface.h
-- Installing: /build/scopy/pkg/scopy/usr/include/gui/docking/dockwrapperinterface.h
-- Installing: /build/scopy/pkg/scopy/usr/include/gui/docking/dockwrapperclassic.h
-- Installing: /build/scopy/pkg/scopy/usr/include/gui/docking/dockwrapperkdab.h
-- Installing: /build/scopy/pkg/scopy/usr/include/gui/docking/dockableareaclassic.h
-- Installing: /build/scopy/pkg/scopy/usr/include/gui/stylehelper.h
-- Installing: /build/scopy/pkg/scopy/usr/include/gui/style_properties.h
-- Installing: /build/scopy/pkg/scopy/usr/include/gui/semiexclusivebuttongroup.h
-- Installing: /build/scopy/pkg/scopy/usr/include/gui/plotcomponent.h
-- Installing: /build/scopy/pkg/scopy/usr/include/gui/plotcursors.h
-- Installing: /build/scopy/pkg/scopy/usr/include/gui/basicscaledraw.h
-- Installing: /build/scopy/pkg/scopy/usr/include/gui/plotchannel.h
-- Installing: /build/scopy/pkg/scopy/usr/include/gui/deviceiconbuilder.h
-- Installing: /build/scopy/pkg/scopy/usr/include/gui/graticule.h
-- Installing: /build/scopy/pkg/scopy/usr/include/gui/customqwtscaledraw.hpp
-- Installing: /build/scopy/pkg/scopy/usr/include/gui/infopage.h
-- Installing: /build/scopy/pkg/scopy/usr/include/gui/plotnavigator.hpp
-- Installing: /build/scopy/pkg/scopy/usr/include/gui/plotmarkercontroller.h
-- Installing: /build/scopy/pkg/scopy/usr/include/gui/channelcomponent.h
-- Installing: /build/scopy/pkg/scopy/usr/include/gui/printplotmanager.h
-- Installing: /build/scopy/pkg/scopy/usr/include/gui/plotpickerwrapper.h
-- Installing: /build/scopy/pkg/scopy/usr/include/gui/customPushButton.h
-- Installing: /build/scopy/pkg/scopy/usr/include/gui/preferenceshelper.h
-- Installing: /build/scopy/pkg/scopy/usr/include/gui/completion_circle.h
-- Installing: /build/scopy/pkg/scopy/usr/include/gui/osc_scale_engine.h
-- Installing: /build/scopy/pkg/scopy/usr/include/gui/basemenu.h
-- Installing: /build/scopy/pkg/scopy/usr/include/gui/plotaxis.h
-- Installing: /build/scopy/pkg/scopy/usr/include/gui/scopy-gui_config.h
-- Installing: /build/scopy/pkg/scopy/usr/include/gui/homepage_controls.h
-- Installing: /build/scopy/pkg/scopy/usr/include/gui/utils.h
-- Installing: /build/scopy/pkg/scopy/usr/include/gui/lcdNumber.hpp
-- Installing: /build/scopy/pkg/scopy/usr/include/gui/dynamicWidget.h
-- Installing: /build/scopy/pkg/scopy/usr/include/gui/tooltemplate.h
-- Installing: /build/scopy/pkg/scopy/usr/include/gui/plotwidget.h
-- Installing: /build/scopy/pkg/scopy/usr/include/gui/plotaxishandle.h
-- Installing: /build/scopy/pkg/scopy/usr/include/gui/plot_utils.hpp
-- Installing: /build/scopy/pkg/scopy/usr/include/gui/symbol.h
-- Installing: /build/scopy/pkg/scopy/usr/include/gui/basictracker.hpp
-- Installing: /build/scopy/pkg/scopy/usr/include/gui/tutorialchapter.h
-- Installing: /build/scopy/pkg/scopy/usr/include/gui/widgets
-- Installing: /build/scopy/pkg/scopy/usr/include/gui/widgets/cardwidget.h
-- Installing: /build/scopy/pkg/scopy/usr/include/gui/widgets/compositeheaderwidget.h
-- Installing: /build/scopy/pkg/scopy/usr/include/gui/widgets/toolbuttons.h
-- Installing: /build/scopy/pkg/scopy/usr/include/gui/widgets/baseheaderwidget.h
-- Installing: /build/scopy/pkg/scopy/usr/include/gui/widgets/menucontrolbutton.h
-- Installing: /build/scopy/pkg/scopy/usr/include/gui/widgets/menuplotaxisrangecontrol.h
-- Installing: /build/scopy/pkg/scopy/usr/include/gui/widgets/toolmenuheaderwidget.h
-- Installing: /build/scopy/pkg/scopy/usr/include/gui/widgets/verticaltabbar.h
-- Installing: /build/scopy/pkg/scopy/usr/include/gui/widgets/menuplotchannelcurvestylecontrol.h
-- Installing: /build/scopy/pkg/scopy/usr/include/gui/widgets/animatedloadingbutton.h
-- Installing: /build/scopy/pkg/scopy/usr/include/gui/widgets/compositewidget.h
-- Installing: /build/scopy/pkg/scopy/usr/include/gui/widgets/menusectionwidget.h
-- Installing: /build/scopy/pkg/scopy/usr/include/gui/widgets/scopysplashscreen.h
-- Installing: /build/scopy/pkg/scopy/usr/include/gui/widgets/filebrowserwidget.h
-- Installing: /build/scopy/pkg/scopy/usr/include/gui/widgets/progresslineedit.h
-- Installing: /build/scopy/pkg/scopy/usr/include/gui/widgets/menuspinbox.h
-- Installing: /build/scopy/pkg/scopy/usr/include/gui/widgets/menuonoffswitch.h
-- Installing: /build/scopy/pkg/scopy/usr/include/gui/widgets/menulineedit.h
-- Installing: /build/scopy/pkg/scopy/usr/include/gui/widgets/titlespinbox.h
-- Installing: /build/scopy/pkg/scopy/usr/include/gui/widgets/popupwidget.h
-- Installing: /build/scopy/pkg/scopy/usr/include/gui/widgets/menuwidget.h
-- Installing: /build/scopy/pkg/scopy/usr/include/gui/widgets/hoverwidget.h
-- Installing: /build/scopy/pkg/scopy/usr/include/gui/widgets/plotlegend.h
-- Installing: /build/scopy/pkg/scopy/usr/include/gui/widgets/infoiconwidget.h
-- Installing: /build/scopy/pkg/scopy/usr/include/gui/widgets/smallprogressbar.h
-- Installing: /build/scopy/pkg/scopy/usr/include/gui/widgets/measurementsettings.h
-- Installing: /build/scopy/pkg/scopy/usr/include/gui/widgets/plotcursorreadouts.h
-- Installing: /build/scopy/pkg/scopy/usr/include/gui/widgets/plotinfowidgets.h
-- Installing: /build/scopy/pkg/scopy/usr/include/gui/widgets/measurementselector.h
-- Installing: /build/scopy/pkg/scopy/usr/include/gui/widgets/edittextmenuheader.h
-- Installing: /build/scopy/pkg/scopy/usr/include/gui/widgets/gridwidget.h
-- Installing: /build/scopy/pkg/scopy/usr/include/gui/widgets/connectionloadingbar.h
-- Installing: /build/scopy/pkg/scopy/usr/include/gui/widgets/ledbutton.h
-- Installing: /build/scopy/pkg/scopy/usr/include/gui/widgets/animatedrefreshbtn.h
-- Installing: /build/scopy/pkg/scopy/usr/include/gui/widgets/cursorsettings.h
-- Installing: /build/scopy/pkg/scopy/usr/include/gui/widgets/measurementpanel.h
-- Installing: /build/scopy/pkg/scopy/usr/include/gui/widgets/scopystatusbar.h
-- Installing: /build/scopy/pkg/scopy/usr/include/gui/widgets/pagenavigationwidget.h
-- Installing: /build/scopy/pkg/scopy/usr/include/gui/widgets/plotbufferpreviewer.h
-- Installing: /build/scopy/pkg/scopy/usr/include/gui/widgets/verticaltabwidget.h
-- Installing: /build/scopy/pkg/scopy/usr/include/gui/widgets/connectionlostwidget.h
-- Installing: /build/scopy/pkg/scopy/usr/include/gui/widgets/baseheader.h
-- Installing: /build/scopy/pkg/scopy/usr/include/gui/widgets/verticalchannelmanager.h
-- Installing: /build/scopy/pkg/scopy/usr/include/gui/widgets/menucollapsesection.h
-- Installing: /build/scopy/pkg/scopy/usr/include/gui/widgets/searchbar.h
-- Installing: /build/scopy/pkg/scopy/usr/include/gui/widgets/interactivelabel.h
-- Installing: /build/scopy/pkg/scopy/usr/include/gui/widgets/menucombo.h
-- Installing: /build/scopy/pkg/scopy/usr/include/gui/widgets/errorbox.h
-- Installing: /build/scopy/pkg/scopy/usr/include/gui/widgets/plotinfo.h
-- Installing: /build/scopy/pkg/scopy/usr/include/gui/widgets/genalyzerpanel.h
-- Installing: /build/scopy/pkg/scopy/usr/include/gui/widgets/measurementlabel.h
-- Installing: /build/scopy/pkg/scopy/usr/include/gui/widgets/infoheaderwidget.h
-- Installing: /build/scopy/pkg/scopy/usr/include/gui/widgets/menuheader.h
-- Installing: /build/scopy/pkg/scopy/usr/include/gui/tutorialbuilder.h
-- Installing: /build/scopy/pkg/scopy/usr/include/gui/flexgridlayout.hpp
-- Installing: /build/scopy/pkg/scopy/usr/include/gui/menu_anim.hpp
-- Installing: /build/scopy/pkg/scopy/usr/include/gui/cursorcontroller.h
-- Installing: /build/scopy/pkg/scopy/usr/include/gui/basemenuitem.h
-- Installing: /build/scopy/pkg/scopy/usr/include/gui/plotmanagercombobox.h
-- Installing: /build/scopy/pkg/scopy/usr/include/gui/waterfallplotwidget.h
-- Installing: /build/scopy/pkg/scopy/usr/include/gui/plotzoomer.hpp
-- Installing: /build/scopy/pkg/scopy/usr/include/gui/polarplotwidget.h
-- Installing: /build/scopy/pkg/scopy/usr/include/gui/smallOnOffSwitch.h
-- Installing: /build/scopy/pkg/scopy/usr/include/gui/plotmanager.h
-- Installing: /build/scopy/pkg/scopy/usr/include/gui/mousewheelwidgetguard.h
-- Installing: /build/scopy/pkg/scopy/usr/include/gui/plotmagnifier.hpp
-- Installing: /build/scopy/pkg/scopy/usr/include/gui/scopy-gui_config.h.cmakein
-- Installing: /build/scopy/pkg/scopy/usr/include/gui/symbol_controller.h
-- Installing: /build/scopy/pkg/scopy/usr/include/gui/style.h
-- Installing: /build/scopy/pkg/scopy/usr/include/gui/tintedoverlay.h
-- Installing: /build/scopy/pkg/scopy/usr/include/gui/infopagekeyvaluewidget.h
-- Installing: /build/scopy/pkg/scopy/usr/include/gui/polarplotchannel.h
-- Installing: /build/scopy/pkg/scopy/usr/include/gui/animationpushbutton.h
-- Installing: /build/scopy/pkg/scopy/usr/include/gui/interfaces.h
-- Installing: /build/scopy/pkg/scopy/usr/include/gui/mapstackedwidget.h
-- Installing: /build/scopy/pkg/scopy/usr/include/gui/edgelessplot.h
-- Installing: /build/scopy/pkg/scopy/usr/include/gui/toolcomponent.h
-- Installing: /build/scopy/pkg/scopy/usr/include/gui/restartdialog.h
-- Installing: /build/scopy/pkg/scopy/usr/include/gui/customSwitch.h
-- Installing: /build/scopy/pkg/scopy/usr/include/gui/spinbox_a.hpp
-- Installing: /build/scopy/pkg/scopy/usr/include/gui/style_attributes.h
-- Installing: /build/scopy/pkg/scopy/usr/include/gui/animationmanager.h
-- Installing: /build/scopy/pkg/scopy/usr/include/gui/customanimation.h
-- Installing: /build/scopy/pkg/scopy/usr/include/gui/plotautoscaler.h
-- Installing: /build/scopy/pkg/scopy/usr/include/gui/tutorialoverlay.h
-- Installing: /build/scopy/pkg/scopy/usr/include/gui/scopy-gui_export.h
-- Installing: /build/scopy/pkg/scopy/usr/include/gui/plottracker.hpp
-- Installing: /build/scopy/pkg/scopy/usr/include/gui/axishandle.h
-- Installing: /build/scopy/pkg/scopy/usr/include/gui/deviceinfopage.h
-- Installing: /build/scopy/pkg/scopy/usr/include/gui/installpkgdialog.h
-- Installing: /build/scopy/pkg/scopy/usr/resources
-- Installing: /build/scopy/pkg/scopy/usr/resources/icons
-- Installing: /build/scopy/pkg/scopy/usr/resources/icons/level_trigger_down.svg
-- Installing: /build/scopy/pkg/scopy/usr/resources/icons/trigger_any_disabled.svg
-- Installing: /build/scopy/pkg/scopy/usr/resources/icons/home.svg
-- Installing: /build/scopy/pkg/scopy/usr/resources/icons/printer.svg
-- Installing: /build/scopy/pkg/scopy/usr/resources/icons/refresh.svg
-- Installing: /build/scopy/pkg/scopy/usr/resources/icons/device-shapes
-- Installing: /build/scopy/pkg/scopy/usr/resources/icons/device-shapes/square.svg
-- Installing: /build/scopy/pkg/scopy/usr/resources/icons/device-shapes/rounded_square.svg
-- Installing: /build/scopy/pkg/scopy/usr/resources/icons/locked.svg
-- Installing: /build/scopy/pkg/scopy/usr/resources/icons/adalm.svg
-- Installing: /build/scopy/pkg/scopy/usr/resources/icons/edit_pen.svg
-- Installing: /build/scopy/pkg/scopy/usr/resources/icons/arrow_left.svg
-- Installing: /build/scopy/pkg/scopy/usr/resources/icons/level_trigger_handle.svg
-- Installing: /build/scopy/pkg/scopy/usr/resources/icons/scopy-default
-- Installing: /build/scopy/pkg/scopy/usr/resources/icons/scopy-default/icons
-- Installing: /build/scopy/pkg/scopy/usr/resources/icons/scopy-default/icons/gear_wheel.svg
-- Installing: /build/scopy/pkg/scopy/usr/resources/icons/scopy-default/icons/RegMap.svg
-- Installing: /build/scopy/pkg/scopy/usr/resources/icons/scopy-default/icons/tool_home.svg
-- Installing: /build/scopy/pkg/scopy/usr/resources/icons/scopy-default/icons/locked.svg
-- Installing: /build/scopy/pkg/scopy/usr/resources/icons/scopy-default/icons/setup_btn_unchecked.svg
-- Installing: /build/scopy/pkg/scopy/usr/resources/icons/scopy-default/icons/tool_logic_analyzer.svg
-- Installing: /build/scopy/pkg/scopy/usr/resources/icons/scopy-default/icons/logo_analog.svg
-- Installing: /build/scopy/pkg/scopy/usr/resources/icons/scopy-default/icons/load.svg
-- Installing: /build/scopy/pkg/scopy/usr/resources/icons/scopy-default/icons/tool_imuanalyzer.svg
-- Installing: /build/scopy/pkg/scopy/usr/resources/icons/scopy-default/icons/preferences.svg
-- Installing: /build/scopy/pkg/scopy/usr/resources/icons/scopy-default/icons/tool_pattern_generator.svg
-- Installing: /build/scopy/pkg/scopy/usr/resources/icons/scopy-default/icons/gear_wheel_pressed.svg
-- Installing: /build/scopy/pkg/scopy/usr/resources/icons/scopy-default/icons/info.svg
-- Installing: /build/scopy/pkg/scopy/usr/resources/icons/scopy-default/icons/sba_cmb_box_arrow.svg
-- Installing: /build/scopy/pkg/scopy/usr/resources/icons/scopy-default/icons/setup_btn_hover.svg
-- Installing: /build/scopy/pkg/scopy/usr/resources/icons/scopy-default/icons/tool_network_analyzer.svg
-- Installing: /build/scopy/pkg/scopy/usr/resources/icons/scopy-default/icons/setup3_unchecked_hover.svg
-- Installing: /build/scopy/pkg/scopy/usr/resources/icons/scopy-default/icons/play_stop.svg
-- Installing: /build/scopy/pkg/scopy/usr/resources/icons/scopy-default/icons/tool_oscilloscope.svg
-- Installing: /build/scopy/pkg/scopy/usr/resources/icons/scopy-default/icons/tool_spectrum_analyzer.svg
-- Installing: /build/scopy/pkg/scopy/usr/resources/icons/scopy-default/icons/tools.svg
-- Installing: /build/scopy/pkg/scopy/usr/resources/icons/scopy-default/icons/setup3_checked_hover.svg
-- Installing: /build/scopy/pkg/scopy/usr/resources/icons/scopy-default/icons/tool_power_supply.svg
-- Installing: /build/scopy/pkg/scopy/usr/resources/icons/scopy-default/icons/logo_analog_small.png
-- Installing: /build/scopy/pkg/scopy/usr/resources/icons/scopy-default/icons/note_checked.svg
-- Installing: /build/scopy/pkg/scopy/usr/resources/icons/scopy-default/icons/sba_cmb_box_arrow_right.svg
-- Installing: /build/scopy/pkg/scopy/usr/resources/icons/scopy-default/icons/unlocked.svg
-- Installing: /build/scopy/pkg/scopy/usr/resources/icons/scopy-default/icons/menu.svg
-- Installing: /build/scopy/pkg/scopy/usr/resources/icons/scopy-default/icons/sba_cmb_box_arrow_up.svg
-- Installing: /build/scopy/pkg/scopy/usr/resources/icons/scopy-default/icons/tool_io.svg
-- Installing: /build/scopy/pkg/scopy/usr/resources/icons/scopy-default/icons/gear_wheel_hover.svg
-- Installing: /build/scopy/pkg/scopy/usr/resources/icons/scopy-default/icons/delete.svg
-- Installing: /build/scopy/pkg/scopy/usr/resources/icons/scopy-default/icons/logo.svg
-- Installing: /build/scopy/pkg/scopy/usr/resources/icons/scopy-default/icons/tool_debugger.svg
-- Installing: /build/scopy/pkg/scopy/usr/resources/icons/scopy-default/icons/search.svg
-- Installing: /build/scopy/pkg/scopy/usr/resources/icons/scopy-default/icons/note_unchecked.svg
-- Installing: /build/scopy/pkg/scopy/usr/resources/icons/scopy-default/icons/save.svg
-- Installing: /build/scopy/pkg/scopy/usr/resources/icons/scopy-default/icons/tool_voltmeter.svg
-- Installing: /build/scopy/pkg/scopy/usr/resources/icons/scopy-default/icons/setup3_unchecked.svg
-- Installing: /build/scopy/pkg/scopy/usr/resources/icons/scopy-default/icons/tool_calibration.svg
-- Installing: /build/scopy/pkg/scopy/usr/resources/icons/scopy-default/icons/tool_datalogger.svg
-- Installing: /build/scopy/pkg/scopy/usr/resources/icons/scopy-default/icons/tool_signal_generator.svg
-- Installing: /build/scopy/pkg/scopy/usr/resources/icons/scopy-default/index.theme
-- Installing: /build/scopy/pkg/scopy/usr/resources/icons/tool_scripting.svg
-- Installing: /build/scopy/pkg/scopy/usr/resources/icons/gate_handle.svg
-- Installing: /build/scopy/pkg/scopy/usr/resources/icons/search_crossed.svg
-- Installing: /build/scopy/pkg/scopy/usr/resources/icons/sba_up_btn_hover.svg
-- Installing: /build/scopy/pkg/scopy/usr/resources/icons/trigger_falling_disabled.svg
-- Installing: /build/scopy/pkg/scopy/usr/resources/icons/trigger_any_enabled.svg
-- Installing: /build/scopy/pkg/scopy/usr/resources/icons/info.svg
-- Installing: /build/scopy/pkg/scopy/usr/resources/icons/splitter_grip_v.svg
-- Installing: /build/scopy/pkg/scopy/usr/resources/icons/trigger_rising_enabled.svg
-- Installing: /build/scopy/pkg/scopy/usr/resources/icons/handle_right_arrow.svg
-- Installing: /build/scopy/pkg/scopy/usr/resources/icons/circle_led.svg
-- Installing: /build/scopy/pkg/scopy/usr/resources/icons/red_x.svg
-- Installing: /build/scopy/pkg/scopy/usr/resources/icons/handle_right_arrow_light.svg
-- Installing: /build/scopy/pkg/scopy/usr/resources/icons/time_trigger_left.svg
-- Installing: /build/scopy/pkg/scopy/usr/resources/icons/sba_dn_btn_pressed.svg
-- Installing: /build/scopy/pkg/scopy/usr/resources/icons/sba_up_btn.svg
-- Installing: /build/scopy/pkg/scopy/usr/resources/icons/scopy-light
-- Installing: /build/scopy/pkg/scopy/usr/resources/icons/scopy-light/icons
-- Installing: /build/scopy/pkg/scopy/usr/resources/icons/scopy-light/icons/gear_wheel.svg
-- Installing: /build/scopy/pkg/scopy/usr/resources/icons/scopy-light/icons/RegMap.svg
-- Installing: /build/scopy/pkg/scopy/usr/resources/icons/scopy-light/icons/tool_home.svg
-- Installing: /build/scopy/pkg/scopy/usr/resources/icons/scopy-light/icons/locked.svg
-- Installing: /build/scopy/pkg/scopy/usr/resources/icons/scopy-light/icons/setup_btn_unchecked.svg
-- Installing: /build/scopy/pkg/scopy/usr/resources/icons/scopy-light/icons/tool_logic_analyzer.svg
-- Installing: /build/scopy/pkg/scopy/usr/resources/icons/scopy-light/icons/logo_analog.svg
-- Installing: /build/scopy/pkg/scopy/usr/resources/icons/scopy-light/icons/load.svg
-- Installing: /build/scopy/pkg/scopy/usr/resources/icons/scopy-light/icons/tool_imuanalyzer.svg
-- Installing: /build/scopy/pkg/scopy/usr/resources/icons/scopy-light/icons/preferences.svg
-- Installing: /build/scopy/pkg/scopy/usr/resources/icons/scopy-light/icons/tool_pattern_generator.svg
-- Installing: /build/scopy/pkg/scopy/usr/resources/icons/scopy-light/icons/gear_wheel_pressed.svg
-- Installing: /build/scopy/pkg/scopy/usr/resources/icons/scopy-light/icons/info.svg
-- Installing: /build/scopy/pkg/scopy/usr/resources/icons/scopy-light/icons/sba_cmb_box_arrow.svg
-- Installing: /build/scopy/pkg/scopy/usr/resources/icons/scopy-light/icons/setup_btn_hover.svg
-- Installing: /build/scopy/pkg/scopy/usr/resources/icons/scopy-light/icons/tool_network_analyzer.svg
-- Installing: /build/scopy/pkg/scopy/usr/resources/icons/scopy-light/icons/setup3_unchecked_hover.svg
-- Installing: /build/scopy/pkg/scopy/usr/resources/icons/scopy-light/icons/play_stop.svg
-- Installing: /build/scopy/pkg/scopy/usr/resources/icons/scopy-light/icons/tool_oscilloscope.svg
-- Installing: /build/scopy/pkg/scopy/usr/resources/icons/scopy-light/icons/tool_spectrum_analyzer.svg
-- Installing: /build/scopy/pkg/scopy/usr/resources/icons/scopy-light/icons/tools.svg
-- Installing: /build/scopy/pkg/scopy/usr/resources/icons/scopy-light/icons/setup3_checked_hover.svg
-- Installing: /build/scopy/pkg/scopy/usr/resources/icons/scopy-light/icons/tool_power_supply.svg
-- Installing: /build/scopy/pkg/scopy/usr/resources/icons/scopy-light/icons/logo_analog_small.png
-- Installing: /build/scopy/pkg/scopy/usr/resources/icons/scopy-light/icons/note_checked.svg
-- Installing: /build/scopy/pkg/scopy/usr/resources/icons/scopy-light/icons/sba_cmb_box_arrow_right.svg
-- Installing: /build/scopy/pkg/scopy/usr/resources/icons/scopy-light/icons/unlocked.svg
-- Installing: /build/scopy/pkg/scopy/usr/resources/icons/scopy-light/icons/menu.svg
-- Installing: /build/scopy/pkg/scopy/usr/resources/icons/scopy-light/icons/sba_cmb_box_arrow_up.svg
-- Installing: /build/scopy/pkg/scopy/usr/resources/icons/scopy-light/icons/tool_io.svg
-- Installing: /build/scopy/pkg/scopy/usr/resources/icons/scopy-light/icons/gear_wheel_hover.svg
-- Installing: /build/scopy/pkg/scopy/usr/resources/icons/scopy-light/icons/delete.svg
-- Installing: /build/scopy/pkg/scopy/usr/resources/icons/scopy-light/icons/logo.svg
-- Installing: /build/scopy/pkg/scopy/usr/resources/icons/scopy-light/icons/tool_debugger.svg
-- Installing: /build/scopy/pkg/scopy/usr/resources/icons/scopy-light/icons/search.svg
-- Installing: /build/scopy/pkg/scopy/usr/resources/icons/scopy-light/icons/note_unchecked.svg
-- Installing: /build/scopy/pkg/scopy/usr/resources/icons/scopy-light/icons/save.svg
-- Installing: /build/scopy/pkg/scopy/usr/resources/icons/scopy-light/icons/tool_voltmeter.svg
-- Installing: /build/scopy/pkg/scopy/usr/resources/icons/scopy-light/icons/setup3_unchecked.svg
-- Installing: /build/scopy/pkg/scopy/usr/resources/icons/scopy-light/icons/tool_calibration.svg
-- Installing: /build/scopy/pkg/scopy/usr/resources/icons/scopy-light/icons/tool_datalogger.svg
-- Installing: /build/scopy/pkg/scopy/usr/resources/icons/scopy-light/icons/tool_signal_generator.svg
-- Installing: /build/scopy/pkg/scopy/usr/resources/icons/scopy-light/index.theme
-- Installing: /build/scopy/pkg/scopy/usr/resources/icons/trigger_falling_enabled.svg
-- Installing: /build/scopy/pkg/scopy/usr/resources/icons/arrow_up.svg
-- Installing: /build/scopy/pkg/scopy/usr/resources/icons/warning.svg
-- Installing: /build/scopy/pkg/scopy/usr/resources/icons/close_hovered.svg
-- Installing: /build/scopy/pkg/scopy/usr/resources/icons/uninstall-icon.svg
-- Installing: /build/scopy/pkg/scopy/usr/resources/icons/install-icon.svg
-- Installing: /build/scopy/pkg/scopy/usr/resources/icons/trigger_high_disabled.svg
-- Installing: /build/scopy/pkg/scopy/usr/resources/icons/v_cursor_handle.svg
-- Installing: /build/scopy/pkg/scopy/usr/resources/icons/sba_up_btn_pressed.svg
-- Installing: /build/scopy/pkg/scopy/usr/resources/icons/sba_dn_btn.svg
-- Installing: /build/scopy/pkg/scopy/usr/resources/icons/handle_up_arrow.svg
-- Installing: /build/scopy/pkg/scopy/usr/resources/icons/arrow_down.svg
-- Installing: /build/scopy/pkg/scopy/usr/resources/icons/arrow_right.svg
-- Installing: /build/scopy/pkg/scopy/usr/resources/icons/measurements
-- Installing: /build/scopy/pkg/scopy/usr/resources/icons/measurements/n_overshoot.svg
-- Installing: /build/scopy/pkg/scopy/usr/resources/icons/measurements/p_duty.svg
-- Installing: /build/scopy/pkg/scopy/usr/resources/icons/measurements/low.svg
-- Installing: /build/scopy/pkg/scopy/usr/resources/icons/measurements/mean.svg
-- Installing: /build/scopy/pkg/scopy/usr/resources/icons/measurements/n_width.svg
-- Installing: /build/scopy/pkg/scopy/usr/resources/icons/measurements/cycle_area.svg
-- Installing: /build/scopy/pkg/scopy/usr/resources/icons/measurements/p_width.svg
-- Installing: /build/scopy/pkg/scopy/usr/resources/icons/measurements/max.svg
-- Installing: /build/scopy/pkg/scopy/usr/resources/icons/measurements/cycle_rms.svg
-- Installing: /build/scopy/pkg/scopy/usr/resources/icons/measurements/n_duty.svg
-- Installing: /build/scopy/pkg/scopy/usr/resources/icons/measurements/rise_time.svg
-- Installing: /build/scopy/pkg/scopy/usr/resources/icons/measurements/frequency.svg
-- Installing: /build/scopy/pkg/scopy/usr/resources/icons/measurements/area.svg
-- Installing: /build/scopy/pkg/scopy/usr/resources/icons/measurements/amplitude.svg
-- Installing: /build/scopy/pkg/scopy/usr/resources/icons/measurements/min.svg
-- Installing: /build/scopy/pkg/scopy/usr/resources/icons/measurements/p_overshoot.svg
-- Installing: /build/scopy/pkg/scopy/usr/resources/icons/measurements/middle.svg
-- Installing: /build/scopy/pkg/scopy/usr/resources/icons/measurements/period.svg
-- Installing: /build/scopy/pkg/scopy/usr/resources/icons/measurements/high.svg
-- Installing: /build/scopy/pkg/scopy/usr/resources/icons/measurements/cycle_mean.svg
-- Installing: /build/scopy/pkg/scopy/usr/resources/icons/measurements/peak_to_peak.svg
-- Installing: /build/scopy/pkg/scopy/usr/resources/icons/measurements/fall_time.svg
-- Installing: /build/scopy/pkg/scopy/usr/resources/icons/measurements/rms.svg
-- Installing: /build/scopy/pkg/scopy/usr/resources/icons/play.svg
-- Installing: /build/scopy/pkg/scopy/usr/resources/icons/play_oneshot.svg
-- Installing: /build/scopy/pkg/scopy/usr/resources/icons/green_add.svg
-- Installing: /build/scopy/pkg/scopy/usr/resources/icons/checkmark_dark.svg
-- Installing: /build/scopy/pkg/scopy/usr/resources/icons/trigger_low_enabled.svg
-- Installing: /build/scopy/pkg/scopy/usr/resources/icons/time_trigger_right.svg
-- Installing: /build/scopy/pkg/scopy/usr/resources/icons/setup_btn_checked.svg
-- Installing: /build/scopy/pkg/scopy/usr/resources/icons/launcher_add.svg
-- Installing: /build/scopy/pkg/scopy/usr/resources/icons/checkmark_light.svg
-- Installing: /build/scopy/pkg/scopy/usr/resources/icons/trigger_high_enabled.svg
-- Installing: /build/scopy/pkg/scopy/usr/resources/icons/setup_btn_checked_hover.svg
-- Installing: /build/scopy/pkg/scopy/usr/resources/icons/add.svg
-- Installing: /build/scopy/pkg/scopy/usr/resources/icons/trigger_low_disabled.svg
-- Installing: /build/scopy/pkg/scopy/usr/resources/icons/sba_dn_btn_hover.svg
-- Installing: /build/scopy/pkg/scopy/usr/resources/icons/play_green.svg
-- Installing: /build/scopy/pkg/scopy/usr/resources/icons/unlocked.svg
-- Installing: /build/scopy/pkg/scopy/usr/resources/icons/handle_left_arrow.svg
-- Installing: /build/scopy/pkg/scopy/usr/resources/icons/level_trigger_up.svg
-- Installing: /build/scopy/pkg/scopy/usr/resources/icons/handle_down_arrow.svg
-- Installing: /build/scopy/pkg/scopy/usr/resources/icons/time_trigger_handle.svg
-- Installing: /build/scopy/pkg/scopy/usr/resources/icons/handle_down_arrow_light.svg
-- Installing: /build/scopy/pkg/scopy/usr/resources/icons/orange_close.svg
-- Installing: /build/scopy/pkg/scopy/usr/resources/icons/h_cursor_handle.svg
-- Installing: /build/scopy/pkg/scopy/usr/resources/icons/notification_bell.svg
-- Installing: /build/scopy/pkg/scopy/usr/resources/icons/launcher_home.svg
-- Installing: /build/scopy/pkg/scopy/usr/resources/icons/plus.svg
-- Installing: /build/scopy/pkg/scopy/usr/resources/icons/handle_arrow.svg
-- Installing: /build/scopy/pkg/scopy/usr/resources/icons/choose_file.svg
-- Installing: /build/scopy/pkg/scopy/usr/resources/icons/minus.svg
-- Installing: /build/scopy/pkg/scopy/usr/resources/icons/handle_down_arrow_dark.svg
-- Installing: /build/scopy/pkg/scopy/usr/resources/icons/trigger_rising_disabled.svg
-- Installing: /build/scopy/pkg/scopy/usr/resources/icons/splitter_grip_h.svg
-- Installing: /build/scopy/pkg/scopy/usr/resources/resources.qrc
-- Installing: /build/scopy/pkg/scopy/usr/resources/icon_small.svg
-- Installing: /build/scopy/pkg/scopy/usr/resources/loading.gif
-- Installing: /build/scopy/pkg/scopy/usr/resources/svg_sketch.zip
-- Installing: /build/scopy/pkg/scopy/usr/resources/Inter-Regular.ttf
-- Installing: /build/scopy/pkg/scopy/usr/resources/open-sans-regular.ttf
-- Installing: /build/scopy/pkg/scopy/usr/resources/icon.ico
-- Installing: /build/scopy/pkg/scopy/usr/resources/.gitignore
-- Installing: /build/scopy/pkg/scopy/usr/resources/scopy.png
-- Installing: /build/scopy/pkg/scopy/usr/resources/Arial.ttf
-- Installing: /build/scopy/pkg/scopy/usr/resources/infoPageMap.json
-- Installing: /build/scopy/pkg/scopy/usr/resources/Scopy.icns
-- Installing: /build/scopy/pkg/scopy/usr/resources/generate.py
-- Installing: /build/scopy/pkg/scopy/usr/style/
-- Installing: /build/scopy/pkg/scopy/usr/style//qss
-- Installing: /build/scopy/pkg/scopy/usr/style//qss/qss_properties_iiowidgets_comboBox.qss
-- Installing: /build/scopy/pkg/scopy/usr/style//qss/qss_properties_regmap_hoverWidget.qss
-- Installing: /build/scopy/pkg/scopy/usr/style//qss/qss_properties_lineedit_headerLineEdit.qss
-- Installing: /build/scopy/pkg/scopy/usr/style//qss/qss_properties_widget_border_interactive.qss
-- Installing: /build/scopy/pkg/scopy/usr/style//qss/qss_properties_frame_frameContainer.qss
-- Installing: /build/scopy/pkg/scopy/usr/style//qss/qss_properties_widget_ledBorder.qss
-- Installing: /build/scopy/pkg/scopy/usr/style//qss/qss_properties_widget_toolMenuLogo.qss
-- Installing: /build/scopy/pkg/scopy/usr/style//qss/qss_properties_debugger_watchListLineEdit.qss
-- Installing: /build/scopy/pkg/scopy/usr/style//qss/qss_properties_widget_deviceHeaderWidget.qss
-- Installing: /build/scopy/pkg/scopy/usr/style//qss/qss_properties_checkbox_squareCB.qss
-- Installing: /build/scopy/pkg/scopy/usr/style//qss/qss_properties_label_statusLabel.qss
-- Installing: /build/scopy/pkg/scopy/usr/style//qss/qss_properties_widget_cardWidget.qss
-- Installing: /build/scopy/pkg/scopy/usr/style//qss/qss_properties_button_runButton.qss
-- Installing: /build/scopy/pkg/scopy/usr/style//qss/qss_properties_widget_genericSearchBar.qss
-- Installing: /build/scopy/pkg/scopy/usr/style//qss/qss_properties_debugger_debuggerScrollBar.qss
-- Installing: /build/scopy/pkg/scopy/usr/style//qss/qss_properties_tabwidget_eastTabMenu.qss
-- Installing: /build/scopy/pkg/scopy/usr/style//qss/qss_properties_regmap_searchBar.qss
-- Installing: /build/scopy/pkg/scopy/usr/style//qss/qss_properties_button_menuControlButton.qss
-- Installing: /build/scopy/pkg/scopy/usr/style//qss/qss_properties_button_borderButton.qss
-- Installing: /build/scopy/pkg/scopy/usr/style//qss/qss_properties_debugger_treeView.qss
-- Installing: /build/scopy/pkg/scopy/usr/style//qss/qss_properties_widget_textBrowser.qss
-- Installing: /build/scopy/pkg/scopy/usr/style//qss/qss_properties_button_stopButton.qss
-- Installing: /build/scopy/pkg/scopy/usr/style//qss/qss_properties_regmap_bitfieldSimpleWidget.qss
-- Installing: /build/scopy/pkg/scopy/usr/style//qss/qss_properties_swiot_activeStoredLabel.qss
-- Installing: /build/scopy/pkg/scopy/usr/style//qss/qss_properties_widget_textEditBigLabel.qss
-- Installing: /build/scopy/pkg/scopy/usr/style//qss/qss_properties_iiowidgets_lineEdit.qss
-- Installing: /build/scopy/pkg/scopy/usr/style//qss/qss_properties_regmap_titleSpinbox.qss
-- Installing: /build/scopy/pkg/scopy/usr/style//qss/qss_properties_button_blueGrayButton.qss
-- Installing: /build/scopy/pkg/scopy/usr/style//qss/qss_properties_button_squareIconButton.qss
-- Installing: /build/scopy/pkg/scopy/usr/style//qss/qss_properties_widget_customSwitch.qss
-- Installing: /build/scopy/pkg/scopy/usr/style//qss/qss_properties_button_spinboxButton.qss
-- Installing: /build/scopy/pkg/scopy/usr/style//qss/qss_properties_checkbox_collapseCB.qss
-- Installing: /build/scopy/pkg/scopy/usr/style//qss/qss_properties_button_toolButton.qss
-- Installing: /build/scopy/pkg/scopy/usr/style//qss/qss_properties_label_interactive.qss
-- Installing: /build/scopy/pkg/scopy/usr/style//qss/qss_properties_widget_logo.qss
-- Installing: /build/scopy/pkg/scopy/usr/style//qss/qss_properties_frame_line.qss
-- Installing: /build/scopy/pkg/scopy/usr/style//qss/qss_properties_regmap_simpleWidget.qss
-- Installing: /build/scopy/pkg/scopy/usr/style//qss/global.qss
-- Installing: /build/scopy/pkg/scopy/usr/style//qss/qss_properties_widget_deviceIcon.qss
-- Installing: /build/scopy/pkg/scopy/usr/style//qss/qss_properties_widget_overlayMenu.qss
-- Installing: /build/scopy/pkg/scopy/usr/style//qss/qss_properties_widget_basicComponent.qss
-- Installing: /build/scopy/pkg/scopy/usr/style//qss/qss_properties_tabwidget_smallTabItem.qss
-- Installing: /build/scopy/pkg/scopy/usr/style//qss/qss_properties_widget_border.qss
-- Installing: /build/scopy/pkg/scopy/usr/style//qss/qss_properties_regmap_deviceComboBox.qss
-- Installing: /build/scopy/pkg/scopy/usr/style//qss/qss_properties_combobox_versionCb.qss
-- Installing: /build/scopy/pkg/scopy/usr/style//qss/qss_properties_debugger_watchListCombo.qss
-- Installing: /build/scopy/pkg/scopy/usr/style//qss/qss_properties_widget_searchbar.qss
-- Installing: /build/scopy/pkg/scopy/usr/style//qss/qss_properties_button_clear.qss
-- Installing: /build/scopy/pkg/scopy/usr/style//qss/qss_properties_button_basicButton.qss
-- Installing: /build/scopy/pkg/scopy/usr/style//qss/qss_properties_regmap_regmapSlider.qss
-- Installing: /build/scopy/pkg/scopy/usr/style//qss/qss_properties_label_subtle.qss
-- Installing: /build/scopy/pkg/scopy/usr/style//qss/qss_properties_button_subtleButton.qss
-- Installing: /build/scopy/pkg/scopy/usr/style//qss/qss_properties_label_menuBig.qss
-- Installing: /build/scopy/pkg/scopy/usr/style//qss/qss_properties_label_menuMedium.qss
-- Installing: /build/scopy/pkg/scopy/usr/style//qss/qss_properties_label_deviceIcon.qss
-- Installing: /build/scopy/pkg/scopy/usr/style//qss/qss_properties_button_transparentButton.qss
-- Installing: /build/scopy/pkg/scopy/usr/style//qss/qss_properties_widget_bottomBorder.qss
-- Installing: /build/scopy/pkg/scopy/usr/style//qss/qss_properties_button_singleButton.qss
-- Installing: /build/scopy/pkg/scopy/usr/style//qss/qss_properties_widget_solidBorder.qss
-- Installing: /build/scopy/pkg/scopy/usr/style//qss/qss_properties_widget_topBorder.qss
-- Installing: /build/scopy/pkg/scopy/usr/style//qss/qss_properties_widget_basicBackground.qss
-- Installing: /build/scopy/pkg/scopy/usr/style//qss/qss_properties_label_defaultLabel.qss
-- Installing: /build/scopy/pkg/scopy/usr/style//qss/qss_properties_widget_noBorder.qss
-- Installing: /build/scopy/pkg/scopy/usr/style//qss/qss_properties_widget_toolMenu.qss
-- Installing: /build/scopy/pkg/scopy/usr/style//qss/qss_properties_button_whatsNewButton.qss
-- Installing: /build/scopy/pkg/scopy/usr/style//qss/qss_properties_widget_customSwitchSolid.qss
-- Installing: /build/scopy/pkg/scopy/usr/style//qss/qss_properties_lineedit_menuLineEdit.qss
-- Installing: /build/scopy/pkg/scopy/usr/style//qss/qss_properties_button_grayButton.qss
-- Installing: /build/scopy/pkg/scopy/usr/style//qss/qss_properties_label_menuSmall.qss
-- Installing: /build/scopy/pkg/scopy/usr/style//qss/m2k.qss
-- Installing: /build/scopy/pkg/scopy/usr/style//qss/qss_properties_regmap_registercontroller.qss
-- Installing: /build/scopy/pkg/scopy/usr/style//qss/qss_properties_label_warning.qss
-- Installing: /build/scopy/pkg/scopy/usr/style//qss/qss_properties_widget_notInteractive.qss
-- Installing: /build/scopy/pkg/scopy/usr/style//qss/qss_properties_swiot_faultsFrame.qss
-- Installing: /build/scopy/pkg/scopy/usr/style//qss/qss_properties_button_squareIconBrowserButton.qss
-- Installing: /build/scopy/pkg/scopy/usr/style//qss/qss_properties_checkbox_circleCB.qss
-- Installing: /build/scopy/pkg/scopy/usr/style//qss/qss_properties_regmap_lineEdit.qss
-- Installing: /build/scopy/pkg/scopy/usr/style//qss/qss_properties_widget_tableViewWidget.qss
-- Installing: /build/scopy/pkg/scopy/usr/style//qss/qss_properties_debugger_detailsView.qss
-- Installing: /build/scopy/pkg/scopy/usr/style//qss/qss_properties_button_basicButtonBig.qss
-- Installing: /build/scopy/pkg/scopy/usr/style//qss/qss_properties_swiot_lcdNumber.qss
-- Installing: /build/scopy/pkg/scopy/usr/style//qss/qss_properties_button_smallSquareIconButton.qss
-- Installing: /build/scopy/pkg/scopy/usr/style//qss/qss_properties_debugger_headerView.qss
-- Installing: /build/scopy/pkg/scopy/usr/style//qss/qss_properties_debugger_watchListView.qss
-- Installing: /build/scopy/pkg/scopy/usr/style//json
-- Installing: /build/scopy/pkg/scopy/usr/style//json/Harmonic light.json
-- Installing: /build/scopy/pkg/scopy/usr/style//json/Scopy.json
-- Installing: /build/scopy/pkg/scopy/usr/style//json/Harmonic dark.json
-- Installing: /build/scopy/pkg/scopy/usr/style//json/global.json
-- Installing: /build/scopy/pkg/scopy/usr/tools/style_generator.py
-- Installing: /build/scopy/pkg/scopy/usr/cmake/Modules/ScopyStyle.cmake
-- Installing: /build/scopy/pkg/scopy/usr/lib/libscopy-gr-util.so
-- Set non-toolchain portion of runtime path of "/build/scopy/pkg/scopy/usr/lib/libscopy-gr-util.so" to ""
-- Up-to-date: /build/scopy/pkg/scopy/usr/include
-- Installing: /build/scopy/pkg/scopy/usr/include/gr-util
-- Installing: /build/scopy/pkg/scopy/usr/include/gr-util/griiodevicesource.h
-- Installing: /build/scopy/pkg/scopy/usr/include/gr-util/griiofloatchannelsrc.h
-- Installing: /build/scopy/pkg/scopy/usr/include/gr-util/genalyzer_impl.h
-- Installing: /build/scopy/pkg/scopy/usr/include/gr-util/grlog.h
-- Installing: /build/scopy/pkg/scopy/usr/include/gr-util/grsignalpath.h
-- Installing: /build/scopy/pkg/scopy/usr/include/gr-util/scopy-gr-util_export.h
-- Installing: /build/scopy/pkg/scopy/usr/include/gr-util/time_sink_f.h
-- Installing: /build/scopy/pkg/scopy/usr/include/gr-util/grscaleoffsetproc.h
-- Installing: /build/scopy/pkg/scopy/usr/include/gr-util/grfftfloatproxy.h
-- Installing: /build/scopy/pkg/scopy/usr/include/gr-util/griiocomplexchannelsrc.h
-- Installing: /build/scopy/pkg/scopy/usr/include/gr-util/grlogforward.h
-- Installing: /build/scopy/pkg/scopy/usr/include/gr-util/genalyzer.h
-- Installing: /build/scopy/pkg/scopy/usr/include/gr-util/grtopblock.h
-- Installing: /build/scopy/pkg/scopy/usr/include/gr-util/grsignalsrc.h
-- Installing: /build/scopy/pkg/scopy/usr/include/gr-util/grproxyblock.h
-- Installing: /build/scopy/pkg/scopy/usr/include/gr-util/time_sink_f_impl.h
-- Installing: /build/scopy/pkg/scopy/usr/lib/libscopy-pluginbase.so
-- Set non-toolchain portion of runtime path of "/build/scopy/pkg/scopy/usr/lib/libscopy-pluginbase.so" to ""
-- Up-to-date: /build/scopy/pkg/scopy/usr/include
-- Installing: /build/scopy/pkg/scopy/usr/include/pluginbase
-- Installing: /build/scopy/pkg/scopy/usr/include/pluginbase/apiobject.h
-- Installing: /build/scopy/pkg/scopy/usr/include/pluginbase/versionchecker.h
-- Installing: /build/scopy/pkg/scopy/usr/include/pluginbase/lazyloadwidget.h
-- Installing: /build/scopy/pkg/scopy/usr/include/pluginbase/pluginbase.h
-- Installing: /build/scopy/pkg/scopy/usr/include/pluginbase/toolmenuentry.h
-- Installing: /build/scopy/pkg/scopy/usr/include/pluginbase/statusbarmanager.h
-- Installing: /build/scopy/pkg/scopy/usr/include/pluginbase/scopy-pluginbase_config.h
-- Installing: /build/scopy/pkg/scopy/usr/include/pluginbase/scopy-pluginbase_config.h.cmakein
-- Installing: /build/scopy/pkg/scopy/usr/include/pluginbase/scopy-pluginbase_export.h
-- Installing: /build/scopy/pkg/scopy/usr/include/pluginbase/statusmessage.h
-- Installing: /build/scopy/pkg/scopy/usr/include/pluginbase/resourcemanager.h
-- Installing: /build/scopy/pkg/scopy/usr/include/pluginbase/messagebroker.h
-- Installing: /build/scopy/pkg/scopy/usr/include/pluginbase/preferences.h
-- Installing: /build/scopy/pkg/scopy/usr/include/pluginbase/plugin.h
-- Installing: /build/scopy/pkg/scopy/usr/include/pluginbase/scopyjs.h
-- Installing: /build/scopy/pkg/scopy/usr/lib/libscopy-pkg-manager.so
-- Set non-toolchain portion of runtime path of "/build/scopy/pkg/scopy/usr/lib/libscopy-pkg-manager.so" to ""
-- Up-to-date: /build/scopy/pkg/scopy/usr/include
-- Installing: /build/scopy/pkg/scopy/usr/include/pkg-manager
-- Installing: /build/scopy/pkg/scopy/usr/include/pkg-manager/pkgmanager.h
-- Installing: /build/scopy/pkg/scopy/usr/include/pkg-manager/pkgutil.h
-- Installing: /build/scopy/pkg/scopy/usr/include/pkg-manager/scopy-pkg-manager_export.h
-- Installing: /build/scopy/pkg/scopy/usr/include/pkg-manager/pkgmanifestfields.h
-- Installing: /build/scopy/pkg/scopy/usr/lib/libscopy-core.so
-- Set non-toolchain portion of runtime path of "/build/scopy/pkg/scopy/usr/lib/libscopy-core.so" to ""
-- Installing: /build/scopy/pkg/scopy/usr/lib/libscopy-iio-widgets.so
-- Set non-toolchain portion of runtime path of "/build/scopy/pkg/scopy/usr/lib/libscopy-iio-widgets.so" to ""
-- Up-to-date: /build/scopy/pkg/scopy/usr/include
-- Installing: /build/scopy/pkg/scopy/usr/include/iio-widgets
-- Installing: /build/scopy/pkg/scopy/usr/include/iio-widgets/guistrategy
-- Installing: /build/scopy/pkg/scopy/usr/include/iio-widgets/guistrategy/checkboxguistrategy.h
-- Installing: /build/scopy/pkg/scopy/usr/include/iio-widgets/guistrategy/guistrategyinterface.h
-- Installing: /build/scopy/pkg/scopy/usr/include/iio-widgets/guistrategy/editableguistrategy.h
-- Installing: /build/scopy/pkg/scopy/usr/include/iio-widgets/guistrategy/switchguistrategy.h
-- Installing: /build/scopy/pkg/scopy/usr/include/iio-widgets/guistrategy/temperatureguistrategy.h
-- Installing: /build/scopy/pkg/scopy/usr/include/iio-widgets/guistrategy/rangeguistrategy.h
-- Installing: /build/scopy/pkg/scopy/usr/include/iio-widgets/guistrategy/comboguistrategy.h
-- Installing: /build/scopy/pkg/scopy/usr/include/iio-widgets/scopy-iio-widgets_export.h
-- Installing: /build/scopy/pkg/scopy/usr/include/iio-widgets/iiowidget.h
-- Installing: /build/scopy/pkg/scopy/usr/include/iio-widgets/iiowidgetsyncgroup.h
-- Installing: /build/scopy/pkg/scopy/usr/include/iio-widgets/iiowidgetgroup.h
-- Installing: /build/scopy/pkg/scopy/usr/include/iio-widgets/iiowidgetutils.h
-- Installing: /build/scopy/pkg/scopy/usr/include/iio-widgets/datastrategy
-- Installing: /build/scopy/pkg/scopy/usr/include/iio-widgets/datastrategy/channelattrdatastrategy.h
-- Installing: /build/scopy/pkg/scopy/usr/include/iio-widgets/datastrategy/deviceattrdatastrategy.h
-- Installing: /build/scopy/pkg/scopy/usr/include/iio-widgets/datastrategy/triggerdatastrategy.h
-- Installing: /build/scopy/pkg/scopy/usr/include/iio-widgets/datastrategy/datastrategyinterface.h
-- Installing: /build/scopy/pkg/scopy/usr/include/iio-widgets/datastrategy/contextattrdatastrategy.h
-- Installing: /build/scopy/pkg/scopy/usr/include/iio-widgets/datastrategy/cmdqdeviceattrdatastrategy.h
-- Installing: /build/scopy/pkg/scopy/usr/include/iio-widgets/datastrategy/cmdqchannelattrdatastrategy.h
-- Installing: /build/scopy/pkg/scopy/usr/include/iio-widgets/datastrategy/multidatastrategy.h
-- Installing: /build/scopy/pkg/scopy/usr/include/iio-widgets/iiowidgetbuilder.h
-- Installing: /build/scopy/pkg/scopy/usr/include/iio-widgets/iiowidgetdata.h
-- Installing: /build/scopy/pkg/scopy/usr/lib/scopy/packages/ad6676/plugins/libscopy-ad6676plugin.so
-- Set non-toolchain portion of runtime path of "/build/scopy/pkg/scopy/usr/lib/scopy/packages/ad6676/plugins/libscopy-ad6676plugin.so" to ""
-- Installing: /build/scopy/pkg/scopy/usr/lib/scopy/packages/ad6676/MANIFEST.json
-- Installing: /build/scopy/pkg/scopy/usr/lib/scopy/packages/ad6676/emu-xml
-- Installing: /build/scopy/pkg/scopy/usr/lib/scopy/packages/ad6676/emu-xml/ad6676.xml
-- Installing: /build/scopy/pkg/scopy/usr/lib/scopy/packages/ad6676/emu-xml/emu_setup.json
-- Installing: /build/scopy/pkg/scopy/usr/lib/scopy/packages/ad936x/plugins/libscopy-ad936x.so
-- Set non-toolchain portion of runtime path of "/build/scopy/pkg/scopy/usr/lib/scopy/packages/ad936x/plugins/libscopy-ad936x.so" to ""
-- Installing: /build/scopy/pkg/scopy/usr/lib/scopy/packages/ad936x/plugins/ad936x/resources
-- Installing: /build/scopy/pkg/scopy/usr/lib/scopy/packages/ad936x/plugins/ad936x/resources/ad936x-filters
-- Installing: /build/scopy/pkg/scopy/usr/lib/scopy/packages/ad936x/plugins/ad936x/resources/ad936x-filters/AD936x_LP_180kHz_521kSPS.ftr
-- Installing: /build/scopy/pkg/scopy/usr/lib/scopy/packages/ad936x/plugins/ad936x/resources/ad936x-filters/AD936x_LP_333kHz_1MSPS.ftr
-- Installing: /build/scopy/pkg/scopy/usr/lib/scopy/packages/ad936x/plugins/ad936x/resources/ad936x-filters/AD936x_LP_666kHz_2MSPS.ftr
-- Installing: /build/scopy/pkg/scopy/usr/lib/scopy/packages/ad936x/plugins/ad936x/resources/ad936x-filters/AD936x_LP_256kHz_768kSPS.ftr
-- Installing: /build/scopy/pkg/scopy/usr/lib/scopy/packages/ad936x/MANIFEST.json
-- Installing: /build/scopy/pkg/scopy/usr/lib/scopy/packages/ad936x/emu-xml
-- Installing: /build/scopy/pkg/scopy/usr/lib/scopy/packages/ad936x/emu-xml/fmcomms5.xml
-- Installing: /build/scopy/pkg/scopy/usr/lib/scopy/packages/ad936x/emu-xml/emu_setup.json
-- Installing: /build/scopy/pkg/scopy/usr/lib/scopy/packages/ad9371/plugins/libscopy-ad9371plugin.so
-- Set non-toolchain portion of runtime path of "/build/scopy/pkg/scopy/usr/lib/scopy/packages/ad9371/plugins/libscopy-ad9371plugin.so" to ""
-- Installing: /build/scopy/pkg/scopy/usr/lib/scopy/packages/ad9371/plugins/ad9371plugin/resources
-- Installing: /build/scopy/pkg/scopy/usr/lib/scopy/packages/ad9371/plugins/ad9371plugin/resources/ad9371-filters
-- Installing: /build/scopy/pkg/scopy/usr/lib/scopy/packages/ad9371/plugins/ad9371plugin/resources/ad9371-filters/profile_TxBW100_ORxBW100_RxBW50.txt
-- Installing: /build/scopy/pkg/scopy/usr/lib/scopy/packages/ad9371/plugins/ad9371plugin/resources/ad9371-filters/profile_TxBW100_ORxBW100_RxBW100.txt
-- Installing: /build/scopy/pkg/scopy/usr/lib/scopy/packages/ad9371/plugins/ad9371plugin/resources/ad9371-filters/profile_TxBW50_ORxBW50_RxBW50.txt
-- Installing: /build/scopy/pkg/scopy/usr/lib/scopy/packages/ad9371/plugins/ad9371plugin/resources/ad9371-filters/profile_TxBW200_ORxBW200_RxBW100.txt
-- Installing: /build/scopy/pkg/scopy/usr/lib/scopy/packages/ad9371/plugins/ad9371plugin/resources/ad9371-filters/profile_TxBW50_ORxBW50_RxBW25.txt
-- Installing: /build/scopy/pkg/scopy/usr/lib/scopy/packages/ad9371/plugins/ad9371plugin/resources/ad9371-filters/profile_TxBW100_ORxBW100_RxBW20.txt
-- Installing: /build/scopy/pkg/scopy/usr/lib/scopy/packages/ad9371/MANIFEST.json
-- Installing: /build/scopy/pkg/scopy/usr/lib/scopy/packages/ad9371/emu-xml
-- Installing: /build/scopy/pkg/scopy/usr/lib/scopy/packages/ad9371/emu-xml/ad9371.xml
-- Installing: /build/scopy/pkg/scopy/usr/lib/scopy/packages/ad9371/emu-xml/ad9375.xml
-- Installing: /build/scopy/pkg/scopy/usr/lib/scopy/packages/ad9371/emu-xml/emu_setup.json
-- Installing: /build/scopy/pkg/scopy/usr/lib/scopy/packages/adrv9002/plugins/libscopy-adrv9002plugin.so
-- Set non-toolchain portion of runtime path of "/build/scopy/pkg/scopy/usr/lib/scopy/packages/adrv9002/plugins/libscopy-adrv9002plugin.so" to ""
-- Installing: /build/scopy/pkg/scopy/usr/lib/scopy/packages/adrv9002/plugins/adrv9002plugin/resources
-- Installing: /build/scopy/pkg/scopy/usr/lib/scopy/packages/adrv9002/plugins/adrv9002plugin/resources/adrv9002-profiles
-- Installing: /build/scopy/pkg/scopy/usr/lib/scopy/packages/adrv9002/plugins/adrv9002plugin/resources/adrv9002-profiles/lte_40_lvds_api_68_16_2.json
-- Installing: /build/scopy/pkg/scopy/usr/lib/scopy/packages/adrv9002/plugins/adrv9002plugin/resources/adrv9002-profiles/lte_10_lvds_nco_api_68_16_2.json
-- Installing: /build/scopy/pkg/scopy/usr/lib/scopy/packages/adrv9002/plugins/adrv9002plugin/resources/adrv9002-profiles/lte_20_lvds_api_68_16_2.json
-- Installing: /build/scopy/pkg/scopy/usr/lib/scopy/packages/adrv9002/plugins/adrv9002plugin/resources/adrv9002-profiles/lte_40_lvds_api_68_16_2.stream
-- Installing: /build/scopy/pkg/scopy/usr/lib/scopy/packages/adrv9002/plugins/adrv9002plugin/resources/adrv9002-profiles/lte_20_lvds_api_68_16_2.stream
-- Installing: /build/scopy/pkg/scopy/usr/lib/scopy/packages/adrv9002/plugins/adrv9002plugin/resources/adrv9002-profiles/lte_5_cmos_api_68_16_2.stream
-- Installing: /build/scopy/pkg/scopy/usr/lib/scopy/packages/adrv9002/plugins/adrv9002plugin/resources/adrv9002-profiles/lte_10_lvds_nco_api_68_16_2.stream
-- Installing: /build/scopy/pkg/scopy/usr/lib/scopy/packages/adrv9002/plugins/adrv9002plugin/resources/adrv9002-profiles/lte_5_cmos_api_68_16_2.json
-- Installing: /build/scopy/pkg/scopy/usr/lib/scopy/packages/adrv9002/MANIFEST.json
-- Installing: /build/scopy/pkg/scopy/usr/lib/scopy/packages/adrv9002/emu-xml
-- Installing: /build/scopy/pkg/scopy/usr/lib/scopy/packages/adrv9002/emu-xml/adrv9002.xml
-- Installing: /build/scopy/pkg/scopy/usr/lib/scopy/packages/adrv9002/emu-xml/emu_setup.json
-- Installing: /build/scopy/pkg/scopy/usr/lib/scopy/packages/adrv9009/plugins/libscopy-adrv9009plugin.so
-- Set non-toolchain portion of runtime path of "/build/scopy/pkg/scopy/usr/lib/scopy/packages/adrv9009/plugins/libscopy-adrv9009plugin.so" to ""
-- Installing: /build/scopy/pkg/scopy/usr/lib/scopy/packages/adrv9009/plugins/adrv9009plugin/resources
-- Installing: /build/scopy/pkg/scopy/usr/lib/scopy/packages/adrv9009/plugins/adrv9009plugin/resources/adrv9009-filters
-- Installing: /build/scopy/pkg/scopy/usr/lib/scopy/packages/adrv9009/plugins/adrv9009plugin/resources/adrv9009-filters/Tx_BW400_IR491p52_Rx_BW100_OR122p88_ORx_BW400_OR491p52_DC245p76.txt
-- Installing: /build/scopy/pkg/scopy/usr/lib/scopy/packages/adrv9009/plugins/adrv9009plugin/resources/adrv9009-filters/Tx_BW200_IR245p76_Rx_BW200_OR245p76_ORx_BW200_OR245p76_DC245p76.txt
-- Installing: /build/scopy/pkg/scopy/usr/lib/scopy/packages/adrv9009/plugins/adrv9009plugin/resources/adrv9009-filters/Tx_BW200_IR245p76_Rx_BW100_OR122p88_ORx_BW200_OR245p76_DC245p76.txt
-- Installing: /build/scopy/pkg/scopy/usr/lib/scopy/packages/adrv9009/plugins/adrv9009plugin/resources/adrv9009-filters/Tx_BW100_IR122p88_Rx_BW100_OR122p88_ORx_BW100_OR122p88_DC245p76.txt
-- Installing: /build/scopy/pkg/scopy/usr/lib/scopy/packages/adrv9009/MANIFEST.json
-- Installing: /build/scopy/pkg/scopy/usr/lib/scopy/packages/adrv9009/emu-xml
-- Installing: /build/scopy/pkg/scopy/usr/lib/scopy/packages/adrv9009/emu-xml/adrv9009_multidevice.xml
-- Installing: /build/scopy/pkg/scopy/usr/lib/scopy/packages/adrv9009/emu-xml/emu_setup.json
-- Installing: /build/scopy/pkg/scopy/usr/lib/scopy/packages/adrv9009/emu-xml/adrv_9009.xml
-- Installing: /build/scopy/pkg/scopy/usr/lib/scopy/packages/apollo-ad9084/plugins/libscopy-ad9084.so
-- Set non-toolchain portion of runtime path of "/build/scopy/pkg/scopy/usr/lib/scopy/packages/apollo-ad9084/plugins/libscopy-ad9084.so" to ""
-- Installing: /build/scopy/pkg/scopy/usr/lib/scopy/packages/apollo-ad9084/plugins/ad9084/resources
-- Installing: /build/scopy/pkg/scopy/usr/lib/scopy/packages/apollo-ad9084/plugins/ad9084/resources/ad9084-filters
-- Installing: /build/scopy/pkg/scopy/usr/lib/scopy/packages/apollo-ad9084/plugins/ad9084/resources/ad9084-filters/cfir_hp_rx.txt
-- Installing: /build/scopy/pkg/scopy/usr/lib/scopy/packages/apollo-ad9084/plugins/ad9084/resources/ad9084-filters/cfir_lp_tx.txt
-- Installing: /build/scopy/pkg/scopy/usr/lib/scopy/packages/apollo-ad9084/plugins/ad9084/resources/ad9084-filters/pfilt_hp_rx.txt
-- Installing: /build/scopy/pkg/scopy/usr/lib/scopy/packages/apollo-ad9084/plugins/ad9084/resources/ad9084-filters/pfilt_off_rx.txt
-- Installing: /build/scopy/pkg/scopy/usr/lib/scopy/packages/apollo-ad9084/plugins/ad9084/resources/ad9084-filters/cfir_lp_rx.txt
-- Installing: /build/scopy/pkg/scopy/usr/lib/scopy/packages/apollo-ad9084/MANIFEST.json
-- Installing: /build/scopy/pkg/scopy/usr/lib/scopy/packages/apollo-ad9084/emu-xml
-- Installing: /build/scopy/pkg/scopy/usr/lib/scopy/packages/apollo-ad9084/emu-xml/apollo.xml
-- Installing: /build/scopy/pkg/scopy/usr/lib/scopy/packages/apollo-ad9084/emu-xml/apollo_2.xml
-- Installing: /build/scopy/pkg/scopy/usr/lib/scopy/packages/apollo-ad9084/emu-xml/emu_setup.json
-- Installing: /build/scopy/pkg/scopy/usr/lib/scopy/packages/cn0357/plugins/libscopy-cn0357.so
-- Set non-toolchain portion of runtime path of "/build/scopy/pkg/scopy/usr/lib/scopy/packages/cn0357/plugins/libscopy-cn0357.so" to ""
-- Installing: /build/scopy/pkg/scopy/usr/lib/scopy/packages/cn0357/MANIFEST.json
-- Installing: /build/scopy/pkg/scopy/usr/lib/scopy/packages/cn0357/emu-xml
-- Installing: /build/scopy/pkg/scopy/usr/lib/scopy/packages/cn0357/emu-xml/cn0357.xml
-- Installing: /build/scopy/pkg/scopy/usr/lib/scopy/packages/cn0357/emu-xml/emu_setup.json
-- Installing: /build/scopy/pkg/scopy/usr/lib/scopy/packages/cn0357/style
-- Installing: /build/scopy/pkg/scopy/usr/lib/scopy/packages/cn0357/style/qss
-- Installing: /build/scopy/pkg/scopy/usr/lib/scopy/packages/cn0357/style/json
-- Installing: /build/scopy/pkg/scopy/usr/lib/scopy/packages/cn0540/plugins/libscopy-cn0540.so
-- Set non-toolchain portion of runtime path of "/build/scopy/pkg/scopy/usr/lib/scopy/packages/cn0540/plugins/libscopy-cn0540.so" to ""
-- Installing: /build/scopy/pkg/scopy/usr/lib/scopy/packages/cn0540/MANIFEST.json
-- Installing: /build/scopy/pkg/scopy/usr/lib/scopy/packages/cn0540/emu-xml
-- Installing: /build/scopy/pkg/scopy/usr/lib/scopy/packages/cn0540/emu-xml/cn0540.xml
-- Installing: /build/scopy/pkg/scopy/usr/lib/scopy/packages/cn0540/emu-xml/emu_setup.json
-- Installing: /build/scopy/pkg/scopy/usr/lib/scopy/packages/daq2/plugins/libscopy-daq2.so
-- Set non-toolchain portion of runtime path of "/build/scopy/pkg/scopy/usr/lib/scopy/packages/daq2/plugins/libscopy-daq2.so" to ""
-- Installing: /build/scopy/pkg/scopy/usr/lib/scopy/packages/daq2/MANIFEST.json
-- Installing: /build/scopy/pkg/scopy/usr/lib/scopy/packages/daq2/emu-xml
-- Installing: /build/scopy/pkg/scopy/usr/lib/scopy/packages/daq2/emu-xml/daq2.xml
-- Installing: /build/scopy/pkg/scopy/usr/lib/scopy/packages/daq2/emu-xml/emu_setup.json
-- Installing: /build/scopy/pkg/scopy/usr/lib/scopy/packages/fmcomms11/plugins/libscopy-fmcomms11.so
-- Set non-toolchain portion of runtime path of "/build/scopy/pkg/scopy/usr/lib/scopy/packages/fmcomms11/plugins/libscopy-fmcomms11.so" to ""
-- Installing: /build/scopy/pkg/scopy/usr/lib/scopy/packages/fmcomms11/MANIFEST.json
-- Installing: /build/scopy/pkg/scopy/usr/lib/scopy/packages/fmcomms11/emu-xml
-- Installing: /build/scopy/pkg/scopy/usr/lib/scopy/packages/fmcomms11/emu-xml/fmcomms11.xml
-- Installing: /build/scopy/pkg/scopy/usr/lib/scopy/packages/fmcomms11/emu-xml/emu_setup.json
-- Installing: /build/scopy/pkg/scopy/usr/lib/scopy/packages/generic-plugins/plugins/libscopy-adc.so
-- Set non-toolchain portion of runtime path of "/build/scopy/pkg/scopy/usr/lib/scopy/packages/generic-plugins/plugins/libscopy-adc.so" to ""
-- Installing: /build/scopy/pkg/scopy/usr/lib/scopy/packages/generic-plugins/plugins/libscopy-dac.so
-- Set non-toolchain portion of runtime path of "/build/scopy/pkg/scopy/usr/lib/scopy/packages/generic-plugins/plugins/libscopy-dac.so" to ""
-- Installing: /build/scopy/pkg/scopy/usr/lib/scopy/packages/generic-plugins/plugins/dac/resources
-- Installing: /build/scopy/pkg/scopy/usr/lib/scopy/packages/generic-plugins/plugins/dac/resources/dac-csv
-- Installing: /build/scopy/pkg/scopy/usr/lib/scopy/packages/generic-plugins/plugins/dac/resources/dac-csv/sine_complex_1_30720_sr_15360000_samps_20000_ampl_32767.csv
-- Installing: /build/scopy/pkg/scopy/usr/lib/scopy/packages/generic-plugins/plugins/dac/resources/dac-csv/sine_complex_245760_sr_122880000_samps_20000_ampl_32767.csv
-- Installing: /build/scopy/pkg/scopy/usr/lib/scopy/packages/generic-plugins/plugins/dac/resources/dac-csv/sine_complex_2_30720_sr_15360000_samps_20000_ampl_32767.csv
-- Installing: /build/scopy/pkg/scopy/usr/lib/scopy/packages/generic-plugins/plugins/dac/resources/dac-csv/sine_complex_2_15360_sr_15360000_samps_40000_ampl_32767.csv
-- Installing: /build/scopy/pkg/scopy/usr/lib/scopy/packages/generic-plugins/plugins/dac/resources/dac-csv/sinewave_0.9_2ch.csv
-- Installing: /build/scopy/pkg/scopy/usr/lib/scopy/packages/generic-plugins/plugins/dac/resources/dac-csv/sine_complex_245760_sr_122880000_samps_20000_ampl_16384.csv
-- Installing: /build/scopy/pkg/scopy/usr/lib/scopy/packages/generic-plugins/plugins/dac/resources/dac-csv/sine_complex_1_15360_sr_15360000_samps_40000_ampl_32767.csv
-- Installing: /build/scopy/pkg/scopy/usr/lib/scopy/packages/generic-plugins/plugins/libscopy-datalogger.so
-- Set non-toolchain portion of runtime path of "/build/scopy/pkg/scopy/usr/lib/scopy/packages/generic-plugins/plugins/libscopy-datalogger.so" to ""
-- Installing: /build/scopy/pkg/scopy/usr/lib/scopy/packages/generic-plugins/plugins/libscopy-debugger.so
-- Set non-toolchain portion of runtime path of "/build/scopy/pkg/scopy/usr/lib/scopy/packages/generic-plugins/plugins/libscopy-debugger.so" to ""
-- Installing: /build/scopy/pkg/scopy/usr/lib/scopy/packages/generic-plugins/plugins/libscopy-jesdstatus.so
-- Set non-toolchain portion of runtime path of "/build/scopy/pkg/scopy/usr/lib/scopy/packages/generic-plugins/plugins/libscopy-jesdstatus.so" to ""
-- Installing: /build/scopy/pkg/scopy/usr/lib/scopy/packages/generic-plugins/plugins/libscopy-regmap.so
-- Set non-toolchain portion of runtime path of "/build/scopy/pkg/scopy/usr/lib/scopy/packages/generic-plugins/plugins/libscopy-regmap.so" to ""
-- Installing: /build/scopy/pkg/scopy/usr/lib/scopy/packages/generic-plugins/plugins/regmap/resources
-- Installing: /build/scopy/pkg/scopy/usr/lib/scopy/packages/generic-plugins/plugins/regmap/resources/regmap-xml
-- Installing: /build/scopy/pkg/scopy/usr/lib/scopy/packages/generic-plugins/plugins/regmap/resources/regmap-xml/ad9643.xml
-- Installing: /build/scopy/pkg/scopy/usr/lib/scopy/packages/generic-plugins/plugins/regmap/resources/regmap-xml/regmap-config.json
-- Installing: /build/scopy/pkg/scopy/usr/lib/scopy/packages/generic-plugins/plugins/regmap/resources/regmap-xml/ad9144.xml
-- Installing: /build/scopy/pkg/scopy/usr/lib/scopy/packages/generic-plugins/plugins/regmap/resources/regmap-xml/adi_regmap_adc_axi.xml
-- Installing: /build/scopy/pkg/scopy/usr/lib/scopy/packages/generic-plugins/plugins/regmap/resources/regmap-xml/ad9361-phy.xml
-- Installing: /build/scopy/pkg/scopy/usr/lib/scopy/packages/generic-plugins/plugins/regmap/resources/regmap-xml/ad9122.xml
-- Installing: /build/scopy/pkg/scopy/usr/lib/scopy/packages/generic-plugins/plugins/regmap/resources/regmap-xml/adi_regmap_dac_v9_axi.xml
-- Installing: /build/scopy/pkg/scopy/usr/lib/scopy/packages/generic-plugins/plugins/regmap/resources/regmap-xml/adi_regmap_adc_v10_axi.xml
-- Installing: /build/scopy/pkg/scopy/usr/lib/scopy/packages/generic-plugins/plugins/regmap/resources/regmap-xml/ad9250.xml
-- Installing: /build/scopy/pkg/scopy/usr/lib/scopy/packages/generic-plugins/plugins/regmap/resources/regmap-xml/adi_regmap_adc_v9_axi.xml
-- Installing: /build/scopy/pkg/scopy/usr/lib/scopy/packages/generic-plugins/plugins/regmap/resources/regmap-xml/ad9680.xml
-- Installing: /build/scopy/pkg/scopy/usr/lib/scopy/packages/generic-plugins/plugins/regmap/resources/regmap-xml/ad9528.xml
-- Installing: /build/scopy/pkg/scopy/usr/lib/scopy/packages/generic-plugins/plugins/regmap/resources/regmap-xml/ad9523.xml
-- Installing: /build/scopy/pkg/scopy/usr/lib/scopy/packages/generic-plugins/plugins/regmap/resources/regmap-xml/adf4351.xml
-- Installing: /build/scopy/pkg/scopy/usr/lib/scopy/packages/generic-plugins/plugins/regmap/resources/regmap-xml/MAX14906.xml
-- Installing: /build/scopy/pkg/scopy/usr/lib/scopy/packages/generic-plugins/plugins/regmap/resources/regmap-xml/AD74412.xml
-- Installing: /build/scopy/pkg/scopy/usr/lib/scopy/packages/generic-plugins/plugins/regmap/resources/regmap-xml/ad9517.xml
-- Installing: /build/scopy/pkg/scopy/usr/lib/scopy/packages/generic-plugins/plugins/regmap/resources/regmap-xml/ad74413r.xml
-- Installing: /build/scopy/pkg/scopy/usr/lib/scopy/packages/generic-plugins/plugins/regmap/resources/regmap-xml/adis16505-2.xml
-- Installing: /build/scopy/pkg/scopy/usr/lib/scopy/packages/generic-plugins/plugins/regmap/resources/regmap-xml/adi_regmap_dac_axi.xml
-- Installing: /build/scopy/pkg/scopy/usr/lib/scopy/packages/generic-plugins/MANIFEST.json
-- Installing: /build/scopy/pkg/scopy/usr/lib/scopy/packages/generic-plugins/emu-xml
-- Installing: /build/scopy/pkg/scopy/usr/lib/scopy/packages/generic-plugins/emu-xml/pluto.xml
-- Installing: /build/scopy/pkg/scopy/usr/lib/scopy/packages/generic-plugins/emu-xml/emu_setup.json
-- Installing: /build/scopy/pkg/scopy/usr/lib/scopy/packages/imu/plugins/libscopy-imuanalyzer.so
-- Set non-toolchain portion of runtime path of "/build/scopy/pkg/scopy/usr/lib/scopy/packages/imu/plugins/libscopy-imuanalyzer.so" to ""
-- Installing: /build/scopy/pkg/scopy/usr/lib/scopy/packages/imu/MANIFEST.json
-- Installing: /build/scopy/pkg/scopy/usr/lib/scopy/packages/imu/emu-xml
-- Installing: /build/scopy/pkg/scopy/usr/lib/scopy/packages/imu/emu-xml/adis.xml
-- Installing: /build/scopy/pkg/scopy/usr/lib/scopy/packages/imu/emu-xml/emu_setup.json
-- Installing: /build/scopy/pkg/scopy/usr/lib/scopy/packages/m2k/plugins/libscopy-m2k.so
-- Set non-toolchain portion of runtime path of "/build/scopy/pkg/scopy/usr/lib/scopy/packages/m2k/plugins/libscopy-m2k.so" to ""
-- Installing: /build/scopy/pkg/scopy/usr/lib/scopy/packages/m2k/MANIFEST.json
-- Installing: /build/scopy/pkg/scopy/usr/lib/scopy/packages/m2k/emu-xml
-- Installing: /build/scopy/pkg/scopy/usr/lib/scopy/packages/m2k/emu-xml/emu_setup.json
-- Installing: /build/scopy/pkg/scopy/usr/lib/libscopy-m2k-gui.so
-- Set non-toolchain portion of runtime path of "/build/scopy/pkg/scopy/usr/lib/libscopy-m2k-gui.so" to ""
-- Installing: /build/scopy/pkg/scopy/usr/lib/libscopy-gr-gui.so
-- Set non-toolchain portion of runtime path of "/build/scopy/pkg/scopy/usr/lib/libscopy-gr-gui.so" to ""
-- Installing: /build/scopy/pkg/scopy/usr/lib/libscopy-sigrok-gui.so
-- Set non-toolchain portion of runtime path of "/build/scopy/pkg/scopy/usr/lib/libscopy-sigrok-gui.so" to ""
-- Installing: /build/scopy/pkg/scopy/usr/lib/scopy/packages/pqmon/plugins/libscopy-pqm.so
-- Set non-toolchain portion of runtime path of "/build/scopy/pkg/scopy/usr/lib/scopy/packages/pqmon/plugins/libscopy-pqm.so" to ""
-- Installing: /build/scopy/pkg/scopy/usr/lib/scopy/packages/pqmon/MANIFEST.json
-- Installing: /build/scopy/pkg/scopy/usr/lib/scopy/packages/pqmon/emu-xml
-- Installing: /build/scopy/pkg/scopy/usr/lib/scopy/packages/pqmon/emu-xml/pqm1.bin
-- Installing: /build/scopy/pkg/scopy/usr/lib/scopy/packages/pqmon/emu-xml/pqm1.xml
-- Installing: /build/scopy/pkg/scopy/usr/lib/scopy/packages/pqmon/emu-xml/emu_setup.json
-- Installing: /build/scopy/pkg/scopy/usr/lib/scopy/packages/rfpowermeter/plugins/libscopy-rfpowermeter.so
-- Set non-toolchain portion of runtime path of "/build/scopy/pkg/scopy/usr/lib/scopy/packages/rfpowermeter/plugins/libscopy-rfpowermeter.so" to "$ORIGIN/../../generic-plugins/plugins"
-- Installing: /build/scopy/pkg/scopy/usr/lib/scopy/packages/rfpowermeter/MANIFEST.json
-- Installing: /build/scopy/pkg/scopy/usr/lib/scopy/packages/rfpowermeter/style
-- Installing: /build/scopy/pkg/scopy/usr/lib/scopy/packages/rfpowermeter/style/qss
-- Installing: /build/scopy/pkg/scopy/usr/lib/scopy/packages/rfpowermeter/style/json
-- Installing: /build/scopy/pkg/scopy/usr/lib/scopy/packages/swiot/plugins/libscopy-swiot.so
-- Set non-toolchain portion of runtime path of "/build/scopy/pkg/scopy/usr/lib/scopy/packages/swiot/plugins/libscopy-swiot.so" to ""
-- Installing: /build/scopy/pkg/scopy/usr/lib/scopy/packages/swiot/MANIFEST.json
-- Installing: /build/scopy/pkg/scopy/usr/lib/scopy/packages/swiot/emu-xml
-- Installing: /build/scopy/pkg/scopy/usr/lib/scopy/packages/swiot/emu-xml/swiot_config.xml
-- Installing: /build/scopy/pkg/scopy/usr/lib/scopy/packages/swiot/emu-xml/swiot_runtime1.xml
-- Installing: /build/scopy/pkg/scopy/usr/lib/scopy/packages/swiot/emu-xml/swiot_runtime2.xml
-- Installing: /build/scopy/pkg/scopy/usr/lib/scopy/packages/swiot/emu-xml/emu_setup.json
-- Installing: /build/scopy/pkg/scopy/usr/lib/scopy/packages/swiot/emu-xml/swiot_config2.xml
