scopy W: Directory (usr/lib/scopy/packages/rfpowermeter/style/json) is empty
scopy W: Directory (usr/lib/scopy/packages/cn0357/style/json) is empty
scopy W: Directory (usr/lib/scopy/packages/cn0357/style/qss) is empty
scopy W: Directory (usr/lib/scopy/packages/rfpowermeter/style/qss) is empty
scopy W: File (usr/cmake/) exists in a non-standard directory.
scopy W: File (usr/cmake/Modules/) exists in a non-standard directory.
scopy W: File (usr/cmake/Modules/ScopyStyle.cmake) exists in a non-standard directory.
scopy W: File (usr/resources/) exists in a non-standard directory.
scopy W: File (usr/resources/.gitignore) exists in a non-standard directory.
scopy W: File (usr/resources/Arial.ttf) exists in a non-standard directory.
scopy W: File (usr/resources/Inter-Regular.ttf) exists in a non-standard directory.
scopy W: File (usr/resources/Scopy.icns) exists in a non-standard directory.
scopy W: File (usr/resources/generate.py) exists in a non-standard directory.
scopy W: File (usr/resources/icon.ico) exists in a non-standard directory.
scopy W: File (usr/resources/icon_small.svg) exists in a non-standard directory.
scopy W: File (usr/resources/icons/) exists in a non-standard directory.
scopy W: File (usr/resources/icons/adalm.svg) exists in a non-standard directory.
scopy W: File (usr/resources/icons/add.svg) exists in a non-standard directory.
scopy W: File (usr/resources/icons/arrow_down.svg) exists in a non-standard directory.
scopy W: File (usr/resources/icons/arrow_left.svg) exists in a non-standard directory.
scopy W: File (usr/resources/icons/arrow_right.svg) exists in a non-standard directory.
scopy W: File (usr/resources/icons/arrow_up.svg) exists in a non-standard directory.
scopy W: File (usr/resources/icons/checkmark_dark.svg) exists in a non-standard directory.
scopy W: File (usr/resources/icons/checkmark_light.svg) exists in a non-standard directory.
scopy W: File (usr/resources/icons/choose_file.svg) exists in a non-standard directory.
scopy W: File (usr/resources/icons/circle_led.svg) exists in a non-standard directory.
scopy W: File (usr/resources/icons/close_hovered.svg) exists in a non-standard directory.
scopy W: File (usr/resources/icons/device-shapes/) exists in a non-standard directory.
scopy W: File (usr/resources/icons/device-shapes/rounded_square.svg) exists in a non-standard directory.
scopy W: File (usr/resources/icons/device-shapes/square.svg) exists in a non-standard directory.
scopy W: File (usr/resources/icons/edit_pen.svg) exists in a non-standard directory.
scopy W: File (usr/resources/icons/gate_handle.svg) exists in a non-standard directory.
scopy W: File (usr/resources/icons/green_add.svg) exists in a non-standard directory.
scopy W: File (usr/resources/icons/h_cursor_handle.svg) exists in a non-standard directory.
scopy W: File (usr/resources/icons/handle_arrow.svg) exists in a non-standard directory.
scopy W: File (usr/resources/icons/handle_down_arrow.svg) exists in a non-standard directory.
scopy W: File (usr/resources/icons/handle_down_arrow_dark.svg) exists in a non-standard directory.
scopy W: File (usr/resources/icons/handle_down_arrow_light.svg) exists in a non-standard directory.
scopy W: File (usr/resources/icons/handle_left_arrow.svg) exists in a non-standard directory.
scopy W: File (usr/resources/icons/handle_right_arrow.svg) exists in a non-standard directory.
scopy W: File (usr/resources/icons/handle_right_arrow_light.svg) exists in a non-standard directory.
scopy W: File (usr/resources/icons/handle_up_arrow.svg) exists in a non-standard directory.
scopy W: File (usr/resources/icons/home.svg) exists in a non-standard directory.
scopy W: File (usr/resources/icons/info.svg) exists in a non-standard directory.
scopy W: File (usr/resources/icons/install-icon.svg) exists in a non-standard directory.
scopy W: File (usr/resources/icons/launcher_add.svg) exists in a non-standard directory.
scopy W: File (usr/resources/icons/launcher_home.svg) exists in a non-standard directory.
scopy W: File (usr/resources/icons/level_trigger_down.svg) exists in a non-standard directory.
scopy W: File (usr/resources/icons/level_trigger_handle.svg) exists in a non-standard directory.
scopy W: File (usr/resources/icons/level_trigger_up.svg) exists in a non-standard directory.
scopy W: File (usr/resources/icons/locked.svg) exists in a non-standard directory.
scopy W: File (usr/resources/icons/measurements/) exists in a non-standard directory.
scopy W: File (usr/resources/icons/measurements/amplitude.svg) exists in a non-standard directory.
scopy W: File (usr/resources/icons/measurements/area.svg) exists in a non-standard directory.
scopy W: File (usr/resources/icons/measurements/cycle_area.svg) exists in a non-standard directory.
scopy W: File (usr/resources/icons/measurements/cycle_mean.svg) exists in a non-standard directory.
scopy W: File (usr/resources/icons/measurements/cycle_rms.svg) exists in a non-standard directory.
scopy W: File (usr/resources/icons/measurements/fall_time.svg) exists in a non-standard directory.
scopy W: File (usr/resources/icons/measurements/frequency.svg) exists in a non-standard directory.
scopy W: File (usr/resources/icons/measurements/high.svg) exists in a non-standard directory.
scopy W: File (usr/resources/icons/measurements/low.svg) exists in a non-standard directory.
scopy W: File (usr/resources/icons/measurements/max.svg) exists in a non-standard directory.
scopy W: File (usr/resources/icons/measurements/mean.svg) exists in a non-standard directory.
scopy W: File (usr/resources/icons/measurements/middle.svg) exists in a non-standard directory.
scopy W: File (usr/resources/icons/measurements/min.svg) exists in a non-standard directory.
scopy W: File (usr/resources/icons/measurements/n_duty.svg) exists in a non-standard directory.
scopy W: File (usr/resources/icons/measurements/n_overshoot.svg) exists in a non-standard directory.
scopy W: File (usr/resources/icons/measurements/n_width.svg) exists in a non-standard directory.
scopy W: File (usr/resources/icons/measurements/p_duty.svg) exists in a non-standard directory.
scopy W: File (usr/resources/icons/measurements/p_overshoot.svg) exists in a non-standard directory.
scopy W: File (usr/resources/icons/measurements/p_width.svg) exists in a non-standard directory.
scopy W: File (usr/resources/icons/measurements/peak_to_peak.svg) exists in a non-standard directory.
scopy W: File (usr/resources/icons/measurements/period.svg) exists in a non-standard directory.
scopy W: File (usr/resources/icons/measurements/rise_time.svg) exists in a non-standard directory.
scopy W: File (usr/resources/icons/measurements/rms.svg) exists in a non-standard directory.
scopy W: File (usr/resources/icons/minus.svg) exists in a non-standard directory.
scopy W: File (usr/resources/icons/notification_bell.svg) exists in a non-standard directory.
scopy W: File (usr/resources/icons/orange_close.svg) exists in a non-standard directory.
scopy W: File (usr/resources/icons/play.svg) exists in a non-standard directory.
scopy W: File (usr/resources/icons/play_green.svg) exists in a non-standard directory.
scopy W: File (usr/resources/icons/play_oneshot.svg) exists in a non-standard directory.
scopy W: File (usr/resources/icons/plus.svg) exists in a non-standard directory.
scopy W: File (usr/resources/icons/printer.svg) exists in a non-standard directory.
scopy W: File (usr/resources/icons/red_x.svg) exists in a non-standard directory.
scopy W: File (usr/resources/icons/refresh.svg) exists in a non-standard directory.
scopy W: File (usr/resources/icons/sba_dn_btn.svg) exists in a non-standard directory.
scopy W: File (usr/resources/icons/sba_dn_btn_hover.svg) exists in a non-standard directory.
scopy W: File (usr/resources/icons/sba_dn_btn_pressed.svg) exists in a non-standard directory.
scopy W: File (usr/resources/icons/sba_up_btn.svg) exists in a non-standard directory.
scopy W: File (usr/resources/icons/sba_up_btn_hover.svg) exists in a non-standard directory.
scopy W: File (usr/resources/icons/sba_up_btn_pressed.svg) exists in a non-standard directory.
scopy W: File (usr/resources/icons/scopy-default/) exists in a non-standard directory.
scopy W: File (usr/resources/icons/scopy-default/icons/) exists in a non-standard directory.
scopy W: File (usr/resources/icons/scopy-default/icons/RegMap.svg) exists in a non-standard directory.
scopy W: File (usr/resources/icons/scopy-default/icons/delete.svg) exists in a non-standard directory.
scopy W: File (usr/resources/icons/scopy-default/icons/gear_wheel.svg) exists in a non-standard directory.
scopy W: File (usr/resources/icons/scopy-default/icons/gear_wheel_hover.svg) exists in a non-standard directory.
scopy W: File (usr/resources/icons/scopy-default/icons/gear_wheel_pressed.svg) exists in a non-standard directory.
scopy W: File (usr/resources/icons/scopy-default/icons/info.svg) exists in a non-standard directory.
scopy W: File (usr/resources/icons/scopy-default/icons/load.svg) exists in a non-standard directory.
scopy W: File (usr/resources/icons/scopy-default/icons/locked.svg) exists in a non-standard directory.
scopy W: File (usr/resources/icons/scopy-default/icons/logo.svg) exists in a non-standard directory.
scopy W: File (usr/resources/icons/scopy-default/icons/logo_analog.svg) exists in a non-standard directory.
scopy W: File (usr/resources/icons/scopy-default/icons/logo_analog_small.png) exists in a non-standard directory.
scopy W: File (usr/resources/icons/scopy-default/icons/menu.svg) exists in a non-standard directory.
scopy W: File (usr/resources/icons/scopy-default/icons/note_checked.svg) exists in a non-standard directory.
scopy W: File (usr/resources/icons/scopy-default/icons/note_unchecked.svg) exists in a non-standard directory.
scopy W: File (usr/resources/icons/scopy-default/icons/play_stop.svg) exists in a non-standard directory.
scopy W: File (usr/resources/icons/scopy-default/icons/preferences.svg) exists in a non-standard directory.
scopy W: File (usr/resources/icons/scopy-default/icons/save.svg) exists in a non-standard directory.
scopy W: File (usr/resources/icons/scopy-default/icons/sba_cmb_box_arrow.svg) exists in a non-standard directory.
scopy W: File (usr/resources/icons/scopy-default/icons/sba_cmb_box_arrow_right.svg) exists in a non-standard directory.
scopy W: File (usr/resources/icons/scopy-default/icons/sba_cmb_box_arrow_up.svg) exists in a non-standard directory.
scopy W: File (usr/resources/icons/scopy-default/icons/search.svg) exists in a non-standard directory.
scopy W: File (usr/resources/icons/scopy-default/icons/setup3_checked_hover.svg) exists in a non-standard directory.
scopy W: File (usr/resources/icons/scopy-default/icons/setup3_unchecked.svg) exists in a non-standard directory.
scopy W: File (usr/resources/icons/scopy-default/icons/setup3_unchecked_hover.svg) exists in a non-standard directory.
scopy W: File (usr/resources/icons/scopy-default/icons/setup_btn_hover.svg) exists in a non-standard directory.
scopy W: File (usr/resources/icons/scopy-default/icons/setup_btn_unchecked.svg) exists in a non-standard directory.
scopy W: File (usr/resources/icons/scopy-default/icons/tool_calibration.svg) exists in a non-standard directory.
scopy W: File (usr/resources/icons/scopy-default/icons/tool_datalogger.svg) exists in a non-standard directory.
scopy W: File (usr/resources/icons/scopy-default/icons/tool_debugger.svg) exists in a non-standard directory.
scopy W: File (usr/resources/icons/scopy-default/icons/tool_home.svg) exists in a non-standard directory.
scopy W: File (usr/resources/icons/scopy-default/icons/tool_imuanalyzer.svg) exists in a non-standard directory.
scopy W: File (usr/resources/icons/scopy-default/icons/tool_io.svg) exists in a non-standard directory.
scopy W: File (usr/resources/icons/scopy-default/icons/tool_logic_analyzer.svg) exists in a non-standard directory.
scopy W: File (usr/resources/icons/scopy-default/icons/tool_network_analyzer.svg) exists in a non-standard directory.
scopy W: File (usr/resources/icons/scopy-default/icons/tool_oscilloscope.svg) exists in a non-standard directory.
scopy W: File (usr/resources/icons/scopy-default/icons/tool_pattern_generator.svg) exists in a non-standard directory.
scopy W: File (usr/resources/icons/scopy-default/icons/tool_power_supply.svg) exists in a non-standard directory.
scopy W: File (usr/resources/icons/scopy-default/icons/tool_signal_generator.svg) exists in a non-standard directory.
scopy W: File (usr/resources/icons/scopy-default/icons/tool_spectrum_analyzer.svg) exists in a non-standard directory.
scopy W: File (usr/resources/icons/scopy-default/icons/tool_voltmeter.svg) exists in a non-standard directory.
scopy W: File (usr/resources/icons/scopy-default/icons/tools.svg) exists in a non-standard directory.
scopy W: File (usr/resources/icons/scopy-default/icons/unlocked.svg) exists in a non-standard directory.
scopy W: File (usr/resources/icons/scopy-default/index.theme) exists in a non-standard directory.
scopy W: File (usr/resources/icons/scopy-light/) exists in a non-standard directory.
scopy W: File (usr/resources/icons/scopy-light/icons/) exists in a non-standard directory.
scopy W: File (usr/resources/icons/scopy-light/icons/RegMap.svg) exists in a non-standard directory.
scopy W: File (usr/resources/icons/scopy-light/icons/delete.svg) exists in a non-standard directory.
scopy W: File (usr/resources/icons/scopy-light/icons/gear_wheel.svg) exists in a non-standard directory.
scopy W: File (usr/resources/icons/scopy-light/icons/gear_wheel_hover.svg) exists in a non-standard directory.
scopy W: File (usr/resources/icons/scopy-light/icons/gear_wheel_pressed.svg) exists in a non-standard directory.
scopy W: File (usr/resources/icons/scopy-light/icons/info.svg) exists in a non-standard directory.
scopy W: File (usr/resources/icons/scopy-light/icons/load.svg) exists in a non-standard directory.
scopy W: File (usr/resources/icons/scopy-light/icons/locked.svg) exists in a non-standard directory.
scopy W: File (usr/resources/icons/scopy-light/icons/logo.svg) exists in a non-standard directory.
scopy W: File (usr/resources/icons/scopy-light/icons/logo_analog.svg) exists in a non-standard directory.
scopy W: File (usr/resources/icons/scopy-light/icons/logo_analog_small.png) exists in a non-standard directory.
scopy W: File (usr/resources/icons/scopy-light/icons/menu.svg) exists in a non-standard directory.
scopy W: File (usr/resources/icons/scopy-light/icons/note_checked.svg) exists in a non-standard directory.
scopy W: File (usr/resources/icons/scopy-light/icons/note_unchecked.svg) exists in a non-standard directory.
scopy W: File (usr/resources/icons/scopy-light/icons/play_stop.svg) exists in a non-standard directory.
scopy W: File (usr/resources/icons/scopy-light/icons/preferences.svg) exists in a non-standard directory.
scopy W: File (usr/resources/icons/scopy-light/icons/save.svg) exists in a non-standard directory.
scopy W: File (usr/resources/icons/scopy-light/icons/sba_cmb_box_arrow.svg) exists in a non-standard directory.
scopy W: File (usr/resources/icons/scopy-light/icons/sba_cmb_box_arrow_right.svg) exists in a non-standard directory.
scopy W: File (usr/resources/icons/scopy-light/icons/sba_cmb_box_arrow_up.svg) exists in a non-standard directory.
scopy W: File (usr/resources/icons/scopy-light/icons/search.svg) exists in a non-standard directory.
scopy W: File (usr/resources/icons/scopy-light/icons/setup3_checked_hover.svg) exists in a non-standard directory.
scopy W: File (usr/resources/icons/scopy-light/icons/setup3_unchecked.svg) exists in a non-standard directory.
scopy W: File (usr/resources/icons/scopy-light/icons/setup3_unchecked_hover.svg) exists in a non-standard directory.
scopy W: File (usr/resources/icons/scopy-light/icons/setup_btn_hover.svg) exists in a non-standard directory.
scopy W: File (usr/resources/icons/scopy-light/icons/setup_btn_unchecked.svg) exists in a non-standard directory.
scopy W: File (usr/resources/icons/scopy-light/icons/tool_calibration.svg) exists in a non-standard directory.
scopy W: File (usr/resources/icons/scopy-light/icons/tool_datalogger.svg) exists in a non-standard directory.
scopy W: File (usr/resources/icons/scopy-light/icons/tool_debugger.svg) exists in a non-standard directory.
scopy W: File (usr/resources/icons/scopy-light/icons/tool_home.svg) exists in a non-standard directory.
scopy W: File (usr/resources/icons/scopy-light/icons/tool_imuanalyzer.svg) exists in a non-standard directory.
scopy W: File (usr/resources/icons/scopy-light/icons/tool_io.svg) exists in a non-standard directory.
scopy W: File (usr/resources/icons/scopy-light/icons/tool_logic_analyzer.svg) exists in a non-standard directory.
scopy W: File (usr/resources/icons/scopy-light/icons/tool_network_analyzer.svg) exists in a non-standard directory.
scopy W: File (usr/resources/icons/scopy-light/icons/tool_oscilloscope.svg) exists in a non-standard directory.
scopy W: File (usr/resources/icons/scopy-light/icons/tool_pattern_generator.svg) exists in a non-standard directory.
scopy W: File (usr/resources/icons/scopy-light/icons/tool_power_supply.svg) exists in a non-standard directory.
scopy W: File (usr/resources/icons/scopy-light/icons/tool_signal_generator.svg) exists in a non-standard directory.
scopy W: File (usr/resources/icons/scopy-light/icons/tool_spectrum_analyzer.svg) exists in a non-standard directory.
scopy W: File (usr/resources/icons/scopy-light/icons/tool_voltmeter.svg) exists in a non-standard directory.
scopy W: File (usr/resources/icons/scopy-light/icons/tools.svg) exists in a non-standard directory.
scopy W: File (usr/resources/icons/scopy-light/icons/unlocked.svg) exists in a non-standard directory.
scopy W: File (usr/resources/icons/scopy-light/index.theme) exists in a non-standard directory.
scopy W: File (usr/resources/icons/search_crossed.svg) exists in a non-standard directory.
scopy W: File (usr/resources/icons/setup_btn_checked.svg) exists in a non-standard directory.
scopy W: File (usr/resources/icons/setup_btn_checked_hover.svg) exists in a non-standard directory.
scopy W: File (usr/resources/icons/splitter_grip_h.svg) exists in a non-standard directory.
scopy W: File (usr/resources/icons/splitter_grip_v.svg) exists in a non-standard directory.
scopy W: File (usr/resources/icons/time_trigger_handle.svg) exists in a non-standard directory.
scopy W: File (usr/resources/icons/time_trigger_left.svg) exists in a non-standard directory.
scopy W: File (usr/resources/icons/time_trigger_right.svg) exists in a non-standard directory.
scopy W: File (usr/resources/icons/tool_scripting.svg) exists in a non-standard directory.
scopy W: File (usr/resources/icons/trigger_any_disabled.svg) exists in a non-standard directory.
scopy W: File (usr/resources/icons/trigger_any_enabled.svg) exists in a non-standard directory.
scopy W: File (usr/resources/icons/trigger_falling_disabled.svg) exists in a non-standard directory.
scopy W: File (usr/resources/icons/trigger_falling_enabled.svg) exists in a non-standard directory.
scopy W: File (usr/resources/icons/trigger_high_disabled.svg) exists in a non-standard directory.
scopy W: File (usr/resources/icons/trigger_high_enabled.svg) exists in a non-standard directory.
scopy W: File (usr/resources/icons/trigger_low_disabled.svg) exists in a non-standard directory.
scopy W: File (usr/resources/icons/trigger_low_enabled.svg) exists in a non-standard directory.
scopy W: File (usr/resources/icons/trigger_rising_disabled.svg) exists in a non-standard directory.
scopy W: File (usr/resources/icons/trigger_rising_enabled.svg) exists in a non-standard directory.
scopy W: File (usr/resources/icons/uninstall-icon.svg) exists in a non-standard directory.
scopy W: File (usr/resources/icons/unlocked.svg) exists in a non-standard directory.
scopy W: File (usr/resources/icons/v_cursor_handle.svg) exists in a non-standard directory.
scopy W: File (usr/resources/icons/warning.svg) exists in a non-standard directory.
scopy W: File (usr/resources/infoPageMap.json) exists in a non-standard directory.
scopy W: File (usr/resources/loading.gif) exists in a non-standard directory.
scopy W: File (usr/resources/open-sans-regular.ttf) exists in a non-standard directory.
scopy W: File (usr/resources/resources.qrc) exists in a non-standard directory.
scopy W: File (usr/resources/scopy.png) exists in a non-standard directory.
scopy W: File (usr/resources/svg_sketch.zip) exists in a non-standard directory.
scopy W: File (usr/style/) exists in a non-standard directory.
scopy W: File (usr/style/json/) exists in a non-standard directory.
scopy W: File (usr/style/json/Harmonic dark.json) exists in a non-standard directory.
scopy W: File (usr/style/json/Harmonic light.json) exists in a non-standard directory.
scopy W: File (usr/style/json/Scopy.json) exists in a non-standard directory.
scopy W: File (usr/style/json/global.json) exists in a non-standard directory.
scopy W: File (usr/style/qss/) exists in a non-standard directory.
scopy W: File (usr/style/qss/global.qss) exists in a non-standard directory.
scopy W: File (usr/style/qss/m2k.qss) exists in a non-standard directory.
scopy W: File (usr/style/qss/qss_properties_button_basicButton.qss) exists in a non-standard directory.
scopy W: File (usr/style/qss/qss_properties_button_basicButtonBig.qss) exists in a non-standard directory.
scopy W: File (usr/style/qss/qss_properties_button_blueGrayButton.qss) exists in a non-standard directory.
scopy W: File (usr/style/qss/qss_properties_button_borderButton.qss) exists in a non-standard directory.
scopy W: File (usr/style/qss/qss_properties_button_clear.qss) exists in a non-standard directory.
scopy W: File (usr/style/qss/qss_properties_button_grayButton.qss) exists in a non-standard directory.
scopy W: File (usr/style/qss/qss_properties_button_menuControlButton.qss) exists in a non-standard directory.
scopy W: File (usr/style/qss/qss_properties_button_runButton.qss) exists in a non-standard directory.
scopy W: File (usr/style/qss/qss_properties_button_singleButton.qss) exists in a non-standard directory.
scopy W: File (usr/style/qss/qss_properties_button_smallSquareIconButton.qss) exists in a non-standard directory.
scopy W: File (usr/style/qss/qss_properties_button_spinboxButton.qss) exists in a non-standard directory.
scopy W: File (usr/style/qss/qss_properties_button_squareIconBrowserButton.qss) exists in a non-standard directory.
scopy W: File (usr/style/qss/qss_properties_button_squareIconButton.qss) exists in a non-standard directory.
scopy W: File (usr/style/qss/qss_properties_button_stopButton.qss) exists in a non-standard directory.
scopy W: File (usr/style/qss/qss_properties_button_subtleButton.qss) exists in a non-standard directory.
scopy W: File (usr/style/qss/qss_properties_button_toolButton.qss) exists in a non-standard directory.
scopy W: File (usr/style/qss/qss_properties_button_transparentButton.qss) exists in a non-standard directory.
scopy W: File (usr/style/qss/qss_properties_button_whatsNewButton.qss) exists in a non-standard directory.
scopy W: File (usr/style/qss/qss_properties_checkbox_circleCB.qss) exists in a non-standard directory.
scopy W: File (usr/style/qss/qss_properties_checkbox_collapseCB.qss) exists in a non-standard directory.
scopy W: File (usr/style/qss/qss_properties_checkbox_squareCB.qss) exists in a non-standard directory.
scopy W: File (usr/style/qss/qss_properties_combobox_versionCb.qss) exists in a non-standard directory.
scopy W: File (usr/style/qss/qss_properties_debugger_debuggerScrollBar.qss) exists in a non-standard directory.
scopy W: File (usr/style/qss/qss_properties_debugger_detailsView.qss) exists in a non-standard directory.
scopy W: File (usr/style/qss/qss_properties_debugger_headerView.qss) exists in a non-standard directory.
scopy W: File (usr/style/qss/qss_properties_debugger_treeView.qss) exists in a non-standard directory.
scopy W: File (usr/style/qss/qss_properties_debugger_watchListCombo.qss) exists in a non-standard directory.
scopy W: File (usr/style/qss/qss_properties_debugger_watchListLineEdit.qss) exists in a non-standard directory.
scopy W: File (usr/style/qss/qss_properties_debugger_watchListView.qss) exists in a non-standard directory.
scopy W: File (usr/style/qss/qss_properties_frame_frameContainer.qss) exists in a non-standard directory.
scopy W: File (usr/style/qss/qss_properties_frame_line.qss) exists in a non-standard directory.
scopy W: File (usr/style/qss/qss_properties_iiowidgets_comboBox.qss) exists in a non-standard directory.
scopy W: File (usr/style/qss/qss_properties_iiowidgets_lineEdit.qss) exists in a non-standard directory.
scopy W: File (usr/style/qss/qss_properties_label_defaultLabel.qss) exists in a non-standard directory.
scopy W: File (usr/style/qss/qss_properties_label_deviceIcon.qss) exists in a non-standard directory.
scopy W: File (usr/style/qss/qss_properties_label_interactive.qss) exists in a non-standard directory.
scopy W: File (usr/style/qss/qss_properties_label_menuBig.qss) exists in a non-standard directory.
scopy W: File (usr/style/qss/qss_properties_label_menuMedium.qss) exists in a non-standard directory.
scopy W: File (usr/style/qss/qss_properties_label_menuSmall.qss) exists in a non-standard directory.
scopy W: File (usr/style/qss/qss_properties_label_statusLabel.qss) exists in a non-standard directory.
scopy W: File (usr/style/qss/qss_properties_label_subtle.qss) exists in a non-standard directory.
scopy W: File (usr/style/qss/qss_properties_label_warning.qss) exists in a non-standard directory.
scopy W: File (usr/style/qss/qss_properties_lineedit_headerLineEdit.qss) exists in a non-standard directory.
scopy W: File (usr/style/qss/qss_properties_lineedit_menuLineEdit.qss) exists in a non-standard directory.
scopy W: File (usr/style/qss/qss_properties_regmap_bitfieldSimpleWidget.qss) exists in a non-standard directory.
scopy W: File (usr/style/qss/qss_properties_regmap_deviceComboBox.qss) exists in a non-standard directory.
scopy W: File (usr/style/qss/qss_properties_regmap_hoverWidget.qss) exists in a non-standard directory.
scopy W: File (usr/style/qss/qss_properties_regmap_lineEdit.qss) exists in a non-standard directory.
scopy W: File (usr/style/qss/qss_properties_regmap_registercontroller.qss) exists in a non-standard directory.
scopy W: File (usr/style/qss/qss_properties_regmap_regmapSlider.qss) exists in a non-standard directory.
scopy W: File (usr/style/qss/qss_properties_regmap_searchBar.qss) exists in a non-standard directory.
scopy W: File (usr/style/qss/qss_properties_regmap_simpleWidget.qss) exists in a non-standard directory.
scopy W: File (usr/style/qss/qss_properties_regmap_titleSpinbox.qss) exists in a non-standard directory.
scopy W: File (usr/style/qss/qss_properties_swiot_activeStoredLabel.qss) exists in a non-standard directory.
scopy W: File (usr/style/qss/qss_properties_swiot_faultsFrame.qss) exists in a non-standard directory.
scopy W: File (usr/style/qss/qss_properties_swiot_lcdNumber.qss) exists in a non-standard directory.
scopy W: File (usr/style/qss/qss_properties_tabwidget_eastTabMenu.qss) exists in a non-standard directory.
scopy W: File (usr/style/qss/qss_properties_tabwidget_smallTabItem.qss) exists in a non-standard directory.
scopy W: File (usr/style/qss/qss_properties_widget_basicBackground.qss) exists in a non-standard directory.
scopy W: File (usr/style/qss/qss_properties_widget_basicComponent.qss) exists in a non-standard directory.
scopy W: File (usr/style/qss/qss_properties_widget_border.qss) exists in a non-standard directory.
scopy W: File (usr/style/qss/qss_properties_widget_border_interactive.qss) exists in a non-standard directory.
scopy W: File (usr/style/qss/qss_properties_widget_bottomBorder.qss) exists in a non-standard directory.
scopy W: File (usr/style/qss/qss_properties_widget_cardWidget.qss) exists in a non-standard directory.
scopy W: File (usr/style/qss/qss_properties_widget_customSwitch.qss) exists in a non-standard directory.
scopy W: File (usr/style/qss/qss_properties_widget_customSwitchSolid.qss) exists in a non-standard directory.
scopy W: File (usr/style/qss/qss_properties_widget_deviceHeaderWidget.qss) exists in a non-standard directory.
scopy W: File (usr/style/qss/qss_properties_widget_deviceIcon.qss) exists in a non-standard directory.
scopy W: File (usr/style/qss/qss_properties_widget_genericSearchBar.qss) exists in a non-standard directory.
scopy W: File (usr/style/qss/qss_properties_widget_ledBorder.qss) exists in a non-standard directory.
scopy W: File (usr/style/qss/qss_properties_widget_logo.qss) exists in a non-standard directory.
scopy W: File (usr/style/qss/qss_properties_widget_noBorder.qss) exists in a non-standard directory.
scopy W: File (usr/style/qss/qss_properties_widget_notInteractive.qss) exists in a non-standard directory.
scopy W: File (usr/style/qss/qss_properties_widget_overlayMenu.qss) exists in a non-standard directory.
scopy W: File (usr/style/qss/qss_properties_widget_searchbar.qss) exists in a non-standard directory.
scopy W: File (usr/style/qss/qss_properties_widget_solidBorder.qss) exists in a non-standard directory.
scopy W: File (usr/style/qss/qss_properties_widget_tableViewWidget.qss) exists in a non-standard directory.
scopy W: File (usr/style/qss/qss_properties_widget_textBrowser.qss) exists in a non-standard directory.
scopy W: File (usr/style/qss/qss_properties_widget_textEditBigLabel.qss) exists in a non-standard directory.
scopy W: File (usr/style/qss/qss_properties_widget_toolMenu.qss) exists in a non-standard directory.
scopy W: File (usr/style/qss/qss_properties_widget_toolMenuLogo.qss) exists in a non-standard directory.
scopy W: File (usr/style/qss/qss_properties_widget_topBorder.qss) exists in a non-standard directory.
scopy W: File (usr/tools/) exists in a non-standard directory.
scopy W: File (usr/tools/style_generator.py) exists in a non-standard directory.
scopy W: Dependency included, but may not be needed ('gnuradio-companion')
