make: Entering directory '/build/screencloud/src/build'
[  0%] Built target screencloud_autogen_timestamp_deps
[  1%] Built target screencloud_autogen
[100%] Built target screencloud
Install the project...
-- Install configuration: "None"
-- Installing: /build/screencloud/pkg/screencloud/usr/share/icons/hicolor/scalable/apps/screencloud.svg
-- Installing: /build/screencloud/pkg/screencloud/usr/share/icons/hicolor/16x16/apps/screencloud.png
-- Installing: /build/screencloud/pkg/screencloud/usr/share/icons/hicolor/32x32/apps/screencloud.png
-- Installing: /build/screencloud/pkg/screencloud/usr/share/icons/hicolor/64x64/apps/screencloud.png
-- Installing: /build/screencloud/pkg/screencloud/usr/share/icons/hicolor/128x128/apps/screencloud.png
-- Installing: /build/screencloud/pkg/screencloud/usr/share/icons/hicolor/256x256/apps/screencloud.png
-- Installing: /build/screencloud/pkg/screencloud/usr/share/applications/net.screencloud.screencloudapp.desktop
-- Installing: /build/screencloud/pkg/screencloud/usr/share/doc/screencloud/copyright
-- Installing: /build/screencloud/pkg/screencloud/usr/share/doc/screencloud/changelog
-- Installing: /build/screencloud/pkg/screencloud/usr/share/metainfo/net.screencloud.screencloudapp.appdata.xml
-- Installing: /build/screencloud/pkg/screencloud/usr/bin/screencloud-1.6.2
-- Installing: /build/screencloud/pkg/screencloud/usr/bin/screencloud
-- Installing: /build/screencloud/pkg/screencloud/usr/bin/screencloud.sh
-- Installing: /build/screencloud/pkg/screencloud/usr/bin/screencloud-1.6.2.sh
-- Installing: /build/screencloud/pkg/screencloud/usr/share/screencloud/modules
-- Installing: /build/screencloud/pkg/screencloud/usr/share/screencloud/modules/ScreenCloud.py
make: Leaving directory '/build/screencloud/src/build'
