The no-dev option is deprecated.  Use -Wno-author instead.
-- The C compiler identification is GNU 16.1.1
-- The CXX compiler identification is GNU 16.1.1
-- Detecting C compiler ABI info
-- Detecting C compiler ABI info - done
-- Check for working C compiler: /usr/bin/cc - skipped
-- Detecting C compile features
-- Detecting C compile features - done
-- Detecting CXX compiler ABI info
-- Detecting CXX compiler ABI info - done
-- Check for working CXX compiler: /usr/bin/c++ - skipped
-- Detecting CXX compile features
-- Detecting CXX compile features - done
-- Performing Test CMAKE_HAVE_LIBC_PTHREAD
-- Performing Test CMAKE_HAVE_LIBC_PTHREAD - Success
-- Found Threads: TRUE
-- Performing Test HAVE_STDATOMIC
-- Performing Test HAVE_STDATOMIC - Success
-- Found WrapAtomic: TRUE
-- Found OpenGL: /usr/lib/libOpenGL.so
-- Found WrapOpenGL: TRUE
-- Could NOT find WrapVulkanHeaders (missing: Vulkan_INCLUDE_DIR) 
-- Could NOT find WrapVulkanHeaders (missing: Vulkan_INCLUDE_DIR) 
-- Could NOT find WrapVulkanHeaders (missing: Vulkan_INCLUDE_DIR) 
-- Found ZLIB: /usr/lib/libz.so (found version "1.3.2")
-- Found QuaZip via upstream config: QuaZip::QuaZip
-- Found PythonLibs: /usr/lib/libpython3.14.so (found suitable version "3.14.6", minimum required is "3.3")
-- Using PythonQt_QtAll for Qt bindings.
-- Found OpenSSL: /usr/lib/libcrypto.so (found version "3.6.3")
-- OpenSSL libraries: /usr/lib/libssl.so;/usr/lib/libcrypto.so
-- Including QtSingleApplication and parts of LibQxt.
-- Found X11: /usr/include
-- Looking for XOpenDisplay in /usr/lib/libX11.so;/usr/lib/libXext.so
-- Looking for XOpenDisplay in /usr/lib/libX11.so;/usr/lib/libXext.so - found
-- Looking for gethostbyname
-- Looking for gethostbyname - found
-- Looking for connect
-- Looking for connect - found
-- Looking for remove
-- Looking for remove - found
-- Looking for shmat
-- Looking for shmat - found
-- Looking for IceConnectionNumber in ICE
-- Looking for IceConnectionNumber in ICE - found
-- Configuring done (2.0s)
-- Generating done (0.0s)
-- Build files have been written to: /build/screencloud-git/src/build
[  0%] Built target screencloud_autogen_timestamp_deps
[  1%] Automatic MOC for target screencloud
[  1%] Built target screencloud_autogen
[  2%] Generating ui_selectfolderdialog.h
[  3%] Generating ui_downloadupdatedialog.h
[  7%] Generating qrc_resources_linux.cpp
[  7%] Generating qrc_icons.cpp
[  7%] Generating ui_changelogdialog.h
[  8%] Generating ui_licensesdialog.h
[  9%] Generating ui_preferencesdialog.h
[ 10%] Generating ui_editordialog.h
[ 13%] Generating qrc_sounds.cpp
[ 13%] Generating ui_savescreenshotdialog.h
[ 14%] Generating ui_plugindialog.h
[ 15%] Building CXX object CMakeFiles/screencloud.dir/src/dialog/savescreenshotdialog.cpp.o
[ 18%] Building CXX object CMakeFiles/screencloud.dir/src/dialog/editordialog.cpp.o
[ 18%] Building CXX object CMakeFiles/screencloud.dir/screencloud_autogen/mocs_compilation.cpp.o
[ 20%] Building CXX object CMakeFiles/screencloud.dir/src/dialog/downloadupdatedialog.cpp.o
[ 20%] Building CXX object CMakeFiles/screencloud.dir/src/editor/items/handlegraphicsitem.cpp.o
[ 21%] Building CXX object CMakeFiles/screencloud.dir/src/editor/effects/pixelizegraphicseffect.cpp.o
[ 23%] Building CXX object CMakeFiles/screencloud.dir/src/dialog/licensesdialog.cpp.o
[ 24%] Building CXX object CMakeFiles/screencloud.dir/src/editor/items/ellipsegraphicsitem.cpp.o
[ 25%] Building CXX object CMakeFiles/screencloud.dir/src/dialog/preferencesdialog.cpp.o
[ 26%] Building CXX object CMakeFiles/screencloud.dir/src/dialog/changelogdialog.cpp.o
[ 29%] Building CXX object CMakeFiles/screencloud.dir/src/dialog/selectfolderdialog.cpp.o
[ 29%] Building CXX object CMakeFiles/screencloud.dir/src/editor/items/abstractgraphicsrectitem.cpp.o
[ 30%] Building CXX object CMakeFiles/screencloud.dir/src/editor/items/numbereditem.cpp.o
[ 32%] Building CXX object CMakeFiles/screencloud.dir/src/editor/items/boxgraphicsitem.cpp.o
[ 32%] Building CXX object CMakeFiles/screencloud.dir/src/editor/items/boxtextgraphicsitem.cpp.o
[ 34%] Building CXX object CMakeFiles/screencloud.dir/src/dialog/plugindialog.cpp.o
[ 36%] Building CXX object CMakeFiles/screencloud.dir/src/editor/items/kaptiongraphicsitem.cpp.o
[ 36%] Building CXX object CMakeFiles/screencloud.dir/src/editor/items/obscuregraphicsitem.cpp.o
[ 37%] Building CXX object CMakeFiles/screencloud.dir/src/editor/items/textgraphicsitem.cpp.o
[ 39%] Building CXX object CMakeFiles/screencloud.dir/src/editor/items/arrowgraphicsitem.cpp.o
[ 40%] Building CXX object CMakeFiles/screencloud.dir/src/editor/kaptiongraphicstoolkit.cpp.o
[ 41%] Building CXX object CMakeFiles/screencloud.dir/src/editor/effectpropertytooleditor.cpp.o
[ 42%] Building CXX object CMakeFiles/screencloud.dir/src/editor/numberpropertytooleditor.cpp.o
[ 43%] Building CXX object CMakeFiles/screencloud.dir/src/editor/numberselector.cpp.o
[ 45%] Building CXX object CMakeFiles/screencloud.dir/src/editor/propertytooleditor.cpp.o
[ 46%] Building CXX object CMakeFiles/screencloud.dir/src/editor/scale.cpp.o
[ 47%] Building CXX object CMakeFiles/screencloud.dir/src/editor/scalepropertytooleditor.cpp.o
[ 48%] Building CXX object CMakeFiles/screencloud.dir/src/editor/snapshotcanvas.cpp.o
[ 50%] Building CXX object CMakeFiles/screencloud.dir/src/editor/colorpropertytooleditor.cpp.o
[ 51%] Building CXX object CMakeFiles/screencloud.dir/src/editor/fontpropertytooleditor.cpp.o
[ 52%] Building CXX object CMakeFiles/screencloud.dir/src/editor/graphicsitemfactory.cpp.o
[ 53%] Building CXX object CMakeFiles/screencloud.dir/src/editor/qcolorbutton.cpp.o
[ 54%] Building CXX object CMakeFiles/screencloud.dir/src/plugin/pluginmanager.cpp.o
[ 56%] Building CXX object CMakeFiles/screencloud.dir/src/firstrunwizard/finishedpage.cpp.o
[ 57%] Building CXX object CMakeFiles/screencloud.dir/src/firstrunwizard/firstrunwizard.cpp.o
[ 58%] Building CXX object CMakeFiles/screencloud.dir/src/firstrunwizard/shortcutspage.cpp.o
[ 59%] Building CXX object CMakeFiles/screencloud.dir/src/firstrunwizard/welcomepage.cpp.o
[ 60%] Building CXX object CMakeFiles/screencloud.dir/src/firstrunwizard/onlineservicespage.cpp.o
[ 62%] Building CXX object CMakeFiles/screencloud.dir/src/models/uploaderslistmodel.cpp.o
[ 63%] Building CXX object CMakeFiles/screencloud.dir/src/uploaders/clipboarduploader.cpp.o
[ 64%] Building CXX object CMakeFiles/screencloud.dir/src/uploaders/localfileuploader.cpp.o
[ 65%] Building CXX object CMakeFiles/screencloud.dir/src/uploaders/pythonuploader.cpp.o
[ 67%] Building CXX object CMakeFiles/screencloud.dir/src/uploaders/uploader.cpp.o
[ 69%] Building CXX object CMakeFiles/screencloud.dir/src/hotkeyeventfilter.cpp.o
[ 69%] Building CXX object CMakeFiles/screencloud.dir/src/screenshooter.cpp.o
[ 70%] Building CXX object CMakeFiles/screencloud.dir/src/gui-elements/clickablelabel.cpp.o
[ 71%] Building CXX object CMakeFiles/screencloud.dir/src/gui-elements/selectionoverlay.cpp.o
[ 73%] Building CXX object CMakeFiles/screencloud.dir/src/gui-elements/busyoverlay.cpp.o
[ 74%] Building CXX object CMakeFiles/screencloud.dir/src/gui-elements/pythonconsole.cpp.o
[ 75%] Building CXX object CMakeFiles/screencloud.dir/src/systemtrayicon.cpp.o
[ 76%] Building CXX object CMakeFiles/screencloud.dir/src/audionotifier.cpp.o
[ 78%] Building CXX object CMakeFiles/screencloud.dir/src/uploadmanager.cpp.o
[ 79%] Building CXX object CMakeFiles/screencloud.dir/src/utils/updater.cpp.o
[ 80%] Building CXX object CMakeFiles/screencloud.dir/src/utils/network.cpp.o
[ 81%] Building CXX object CMakeFiles/screencloud.dir/src/utils/systeminfo.cpp.o
[ 82%] Building CXX object CMakeFiles/screencloud.dir/src/gui-elements/screenshotthumbview.cpp.o
[ 84%] Building CXX object CMakeFiles/screencloud.dir/src/main.cpp.o
[ 85%] Building CXX object CMakeFiles/screencloud.dir/src/utils/startup.cpp.o
[ 86%] Building CXX object CMakeFiles/screencloud.dir/src/utils/freedesktopdbusresponse.cpp.o
[ 87%] Building CXX object CMakeFiles/screencloud.dir/src/3rdparty/QtSingleApplication/src/qtlocalpeer.cpp.o
[ 89%] Building CXX object CMakeFiles/screencloud.dir/src/3rdparty/QtSingleApplication/src/qtsingleapplication.cpp.o
[ 90%] Building CXX object CMakeFiles/screencloud.dir/src/3rdparty/LibQxt/qxtglobalshortcut.cpp.o
[ 91%] Building CXX object CMakeFiles/screencloud.dir/src/3rdparty/LibQxt/qxtwindowsystem.cpp.o
[ 92%] Building CXX object CMakeFiles/screencloud.dir/src/3rdparty/LibQxt/x11/qxtwindowsystem_x11.cpp.o
[ 93%] Building CXX object CMakeFiles/screencloud.dir/src/3rdparty/LibQxt/x11/qxtglobalshortcut_x11.cpp.o
[ 95%] Building CXX object CMakeFiles/screencloud.dir/qrc_icons.cpp.o
[ 96%] Building CXX object CMakeFiles/screencloud.dir/qrc_sounds.cpp.o
[ 97%] Building CXX object CMakeFiles/screencloud.dir/qrc_resources_linux.cpp.o
/build/screencloud-git/src/screencloud/src/3rdparty/LibQxt/x11/qxtwindowsystem_x11.cpp:34:10: fatal error: QtGui/qpa/qplatformnativeinterface.h: No such file or directory
   34 | #include <QtGui/qpa/qplatformnativeinterface.h>
      |          ^~~~~~~~~~~~~~~~~~~~~~~~~~~~~~~~~~~~~~
compilation terminated.
/build/screencloud-git/src/screencloud/src/3rdparty/LibQxt/x11/qxtglobalshortcut_x11.cpp:34:10: fatal error: QtGui/qpa/qplatformnativeinterface.h: No such file or directory
   34 | #include <QtGui/qpa/qplatformnativeinterface.h>
      |          ^~~~~~~~~~~~~~~~~~~~~~~~~~~~~~~~~~~~~~
compilation terminated.
make[2]: *** [CMakeFiles/screencloud.dir/build.make:1060: CMakeFiles/screencloud.dir/src/3rdparty/LibQxt/x11/qxtwindowsystem_x11.cpp.o] Error 1
make[2]: *** Waiting for unfinished jobs....
make[2]: *** [CMakeFiles/screencloud.dir/build.make:1074: CMakeFiles/screencloud.dir/src/3rdparty/LibQxt/x11/qxtglobalshortcut_x11.cpp.o] Error 1
make[1]: *** [CMakeFiles/Makefile2:91: CMakeFiles/screencloud.dir/all] Error 2
make: *** [Makefile:136: all] Error 2
[1m[31m==> ERROR:(B[m[1m A failure occurred in build().(B[m
[1m    Aborting...(B[m
