The no-dev option is deprecated.  Use -Wno-author instead.
-- The C compiler identification is GNU 16.1.1
-- The CXX compiler identification is GNU 16.1.1
-- Detecting C compiler ABI info
-- Detecting C compiler ABI info - done
-- Check for working C compiler: /usr/bin/cc - skipped
-- Detecting C compile features
-- Detecting C compile features - done
-- Detecting CXX compiler ABI info
-- Detecting CXX compiler ABI info - done
-- Check for working CXX compiler: /usr/bin/c++ - skipped
-- Detecting CXX compile features
-- Detecting CXX compile features - done
-- Performing Test CMAKE_HAVE_LIBC_PTHREAD
-- Performing Test CMAKE_HAVE_LIBC_PTHREAD - Success
-- Found Threads: TRUE
-- Performing Test HAVE_STDATOMIC
-- Performing Test HAVE_STDATOMIC - Success
-- Found WrapAtomic: TRUE
-- Found OpenGL: /usr/lib/libOpenGL.so
-- Found WrapOpenGL: TRUE
-- Could NOT find WrapVulkanHeaders (missing: Vulkan_INCLUDE_DIR) 
-- Could NOT find WrapVulkanHeaders (missing: Vulkan_INCLUDE_DIR) 
-- Could NOT find WrapVulkanHeaders (missing: Vulkan_INCLUDE_DIR) 
-- Found ZLIB: /usr/lib/libz.so (found version "1.3.2")
-- Found QuaZip via upstream config: QuaZip::QuaZip
-- Found PythonLibs: /usr/lib/libpython3.14.so (found suitable version "3.14.6", minimum required is "3.3")
-- Using PythonQt_QtAll for Qt bindings.
-- Found OpenSSL: /usr/lib/libcrypto.so (found version "3.6.3")
-- OpenSSL libraries: /usr/lib/libssl.so;/usr/lib/libcrypto.so
-- Including QtSingleApplication and parts of LibQxt.
-- Found X11: /usr/include
-- Looking for XOpenDisplay in /usr/lib/libX11.so;/usr/lib/libXext.so
-- Looking for XOpenDisplay in /usr/lib/libX11.so;/usr/lib/libXext.so - found
-- Looking for gethostbyname
-- Looking for gethostbyname - found
-- Looking for connect
-- Looking for connect - found
-- Looking for remove
-- Looking for remove - found
-- Looking for shmat
-- Looking for shmat - found
-- Looking for IceConnectionNumber in ICE
-- Looking for IceConnectionNumber in ICE - found
-- Configuring done (2.0s)
-- Generating done (0.0s)
-- Build files have been written to: /build/screencloud/src/build
make: Entering directory '/build/screencloud/src/build'
[  0%] Built target screencloud_autogen_timestamp_deps
[  1%] Automatic MOC for target screencloud
[  1%] Built target screencloud_autogen
[  6%] Generating qrc_icons.cpp
[  6%] Generating ui_changelogdialog.h
[  6%] Generating ui_selectfolderdialog.h
[  6%] Generating qrc_sounds.cpp
[  7%] Generating ui_editordialog.h
[  9%] Generating ui_preferencesdialog.h
[  9%] Generating ui_downloadupdatedialog.h
[ 13%] Generating ui_licensesdialog.h
[ 13%] Generating ui_savescreenshotdialog.h
[ 13%] Generating qrc_resources_linux.cpp
[ 14%] Generating ui_plugindialog.h
[ 18%] Building CXX object CMakeFiles/screencloud.dir/src/editor/effects/pixelizegraphicseffect.cpp.o
[ 20%] Building CXX object CMakeFiles/screencloud.dir/src/dialog/changelogdialog.cpp.o
[ 20%] Building CXX object CMakeFiles/screencloud.dir/src/dialog/licensesdialog.cpp.o
[ 20%] Building CXX object CMakeFiles/screencloud.dir/screencloud_autogen/mocs_compilation.cpp.o
[ 23%] Building CXX object CMakeFiles/screencloud.dir/src/dialog/savescreenshotdialog.cpp.o
[ 23%] Building CXX object CMakeFiles/screencloud.dir/src/dialog/plugindialog.cpp.o
[ 23%] Building CXX object CMakeFiles/screencloud.dir/src/dialog/preferencesdialog.cpp.o
[ 24%] Building CXX object CMakeFiles/screencloud.dir/src/dialog/editordialog.cpp.o
[ 25%] Building CXX object CMakeFiles/screencloud.dir/src/dialog/selectfolderdialog.cpp.o
[ 26%] Building CXX object CMakeFiles/screencloud.dir/src/dialog/downloadupdatedialog.cpp.o
[ 28%] Building CXX object CMakeFiles/screencloud.dir/src/editor/items/ellipsegraphicsitem.cpp.o
[ 29%] Building CXX object CMakeFiles/screencloud.dir/src/editor/items/abstractgraphicsrectitem.cpp.o
[ 31%] Building CXX object CMakeFiles/screencloud.dir/src/editor/items/handlegraphicsitem.cpp.o
[ 31%] Building CXX object CMakeFiles/screencloud.dir/src/editor/items/numbereditem.cpp.o
[ 32%] Building CXX object CMakeFiles/screencloud.dir/src/editor/items/textgraphicsitem.cpp.o
[ 34%] Building CXX object CMakeFiles/screencloud.dir/src/editor/items/boxtextgraphicsitem.cpp.o
[ 35%] Building CXX object CMakeFiles/screencloud.dir/src/editor/items/obscuregraphicsitem.cpp.o
[ 36%] Building CXX object CMakeFiles/screencloud.dir/src/editor/items/boxgraphicsitem.cpp.o
[ 37%] Building CXX object CMakeFiles/screencloud.dir/src/editor/items/arrowgraphicsitem.cpp.o
[ 39%] Building CXX object CMakeFiles/screencloud.dir/src/editor/items/kaptiongraphicsitem.cpp.o
In file included from /usr/include/python3.14/Python.h:14,
                 from /build/screencloud/src/screencloud-1.6.2/src/plugin/pluginmanager.h:22,
                 from /build/screencloud/src/screencloud-1.6.2/src/dialog/plugindialog.h:18,
                 from /build/screencloud/src/screencloud-1.6.2/src/dialog/plugindialog.cpp:15:
/usr/include/python3.14/pyconfig.h:2007:9: warning: ‘_POSIX_C_SOURCE’ redefined
 2007 | #define _POSIX_C_SOURCE 200809L
      |         ^~~~~~~~~~~~~~~
In file included from /usr/include/c++/16/x86_64-pc-linux-gnu/bits/os_defines.h:39,
                 from /usr/include/c++/16/x86_64-pc-linux-gnu/bits/c++config.h:733,
                 from /usr/include/c++/16/type_traits:40,
                 from /usr/include/qt6/QtCore/qglobal.h:14,
                 from /usr/include/qt6/QtGui/qtguiglobal.h:7,
                 from /usr/include/qt6/QtWidgets/qtwidgetsglobal.h:8,
                 from /usr/include/qt6/QtWidgets/qdialog.h:8,
                 from /usr/include/qt6/QtWidgets/QDialog:1,
                 from /build/screencloud/src/screencloud-1.6.2/src/dialog/plugindialog.h:17:
/usr/include/features.h:319:10: note: this is the location of the previous definition
  319 | # define _POSIX_C_SOURCE        202405L
      |          ^~~~~~~~~~~~~~~
/usr/include/python3.14/pyconfig.h:2043:9: warning: ‘_XOPEN_SOURCE’ redefined
 2043 | #define _XOPEN_SOURCE 700
      |         ^~~~~~~~~~~~~
/usr/include/features.h:234:10: note: this is the location of the previous definition
  234 | # define _XOPEN_SOURCE  800
      |          ^~~~~~~~~~~~~
In file included from /usr/include/python3.14/Python.h:14,
                 from /build/screencloud/src/screencloud-1.6.2/src/plugin/pluginmanager.h:22,
                 from /build/screencloud/src/screencloud-1.6.2/src/uploadmanager.h:5,
                 from /build/screencloud/src/screencloud-1.6.2/src/dialog/savescreenshotdialog.h:23,
                 from /build/screencloud/src/screencloud-1.6.2/src/dialog/savescreenshotdialog.cpp:15:
/usr/include/python3.14/pyconfig.h:2007:9: warning: ‘_POSIX_C_SOURCE’ redefined
 2007 | #define _POSIX_C_SOURCE 200809L
      |         ^~~~~~~~~~~~~~~
In file included from /usr/include/c++/16/x86_64-pc-linux-gnu/bits/os_defines.h:39,
                 from /usr/include/c++/16/x86_64-pc-linux-gnu/bits/c++config.h:733,
                 from /usr/include/c++/16/type_traits:40,
                 from /usr/include/qt6/QtCore/qglobal.h:14,
                 from /usr/include/qt6/QtGui/qtguiglobal.h:7,
                 from /usr/include/qt6/QtWidgets/qtwidgetsglobal.h:8,
                 from /usr/include/qt6/QtWidgets/qdialog.h:8,
                 from /usr/include/qt6/QtWidgets/QDialog:1,
                 from /build/screencloud/src/screencloud-1.6.2/src/dialog/savescreenshotdialog.h:17:
/usr/include/features.h:319:10: note: this is the location of the previous definition
  319 | # define _POSIX_C_SOURCE        202405L
      |          ^~~~~~~~~~~~~~~
/usr/include/python3.14/pyconfig.h:2043:9: warning: ‘_XOPEN_SOURCE’ redefined
 2043 | #define _XOPEN_SOURCE 700
      |         ^~~~~~~~~~~~~
/usr/include/features.h:234:10: note: this is the location of the previous definition
  234 | # define _XOPEN_SOURCE  800
      |          ^~~~~~~~~~~~~
In file included from /usr/include/python3.14/Python.h:14,
                 from /build/screencloud/src/screencloud-1.6.2/src/plugin/pluginmanager.h:22,
                 from /build/screencloud/src/screencloud-1.6.2/src/utils/updater.h:29,
                 from /build/screencloud/src/screencloud-1.6.2/src/dialog/preferencesdialog.h:36,
                 from /build/screencloud/src/screencloud-1.6.2/src/dialog/preferencesdialog.cpp:15:
/usr/include/python3.14/pyconfig.h:2007:9: warning: ‘_POSIX_C_SOURCE’ redefined
 2007 | #define _POSIX_C_SOURCE 200809L
      |         ^~~~~~~~~~~~~~~
In file included from /usr/include/c++/16/x86_64-pc-linux-gnu/bits/os_defines.h:39,
                 from /usr/include/c++/16/x86_64-pc-linux-gnu/bits/c++config.h:733,
                 from /usr/include/c++/16/type_traits:40,
                 from /usr/include/qt6/QtCore/qglobal.h:14,
                 from /usr/include/qt6/QtGui/qtguiglobal.h:7,
                 from /usr/include/qt6/QtWidgets/qtwidgetsglobal.h:8,
                 from /usr/include/qt6/QtWidgets/qdialog.h:8,
                 from /usr/include/qt6/QtWidgets/QDialog:1,
                 from /build/screencloud/src/screencloud-1.6.2/src/dialog/preferencesdialog.h:17:
/usr/include/features.h:319:10: note: this is the location of the previous definition
  319 | # define _POSIX_C_SOURCE        202405L
      |          ^~~~~~~~~~~~~~~
/usr/include/python3.14/pyconfig.h:2043:9: warning: ‘_XOPEN_SOURCE’ redefined
 2043 | #define _XOPEN_SOURCE 700
      |         ^~~~~~~~~~~~~
/usr/include/features.h:234:10: note: this is the location of the previous definition
  234 | # define _XOPEN_SOURCE  800
      |          ^~~~~~~~~~~~~
In file included from /usr/include/python3.14/Python.h:14,
                 from /build/screencloud/src/screencloud-1.6.2/src/plugin/pluginmanager.h:22,
                 from /build/screencloud/src/build/screencloud_autogen/LOXWS6PXLU/../../../screencloud-1.6.2/src/dialog/plugindialog.h:18,
                 from /build/screencloud/src/build/screencloud_autogen/LOXWS6PXLU/moc_plugindialog.cpp:9,
                 from /build/screencloud/src/build/screencloud_autogen/mocs_compilation.cpp:10:
/usr/include/python3.14/pyconfig.h:2007:9: warning: ‘_POSIX_C_SOURCE’ redefined
 2007 | #define _POSIX_C_SOURCE 200809L
      |         ^~~~~~~~~~~~~~~
In file included from /usr/include/c++/16/x86_64-pc-linux-gnu/bits/os_defines.h:39,
                 from /usr/include/c++/16/x86_64-pc-linux-gnu/bits/c++config.h:733,
                 from /usr/include/c++/16/type_traits:40,
                 from /usr/include/qt6/QtCore/qglobal.h:14,
                 from /usr/include/qt6/QtCore/QtGlobal:1,
                 from /build/screencloud/src/build/screencloud_autogen/G2AYVX5CHN/../../../screencloud-1.6.2/src/3rdparty/LibQxt/qxtglobal.h:35,
                 from /build/screencloud/src/build/screencloud_autogen/G2AYVX5CHN/../../../screencloud-1.6.2/src/3rdparty/LibQxt/qxtglobalshortcut.h:34,
                 from /build/screencloud/src/build/screencloud_autogen/G2AYVX5CHN/moc_qxtglobalshortcut.cpp:9,
                 from /build/screencloud/src/build/screencloud_autogen/mocs_compilation.cpp:2:
/usr/include/features.h:319:10: note: this is the location of the previous definition
  319 | # define _POSIX_C_SOURCE        202405L
      |          ^~~~~~~~~~~~~~~
/usr/include/python3.14/pyconfig.h:2043:9: warning: ‘_XOPEN_SOURCE’ redefined
 2043 | #define _XOPEN_SOURCE 700
      |         ^~~~~~~~~~~~~
/usr/include/features.h:234:10: note: this is the location of the previous definition
  234 | # define _XOPEN_SOURCE  800
      |          ^~~~~~~~~~~~~
/build/screencloud/src/screencloud-1.6.2/src/dialog/changelogdialog.cpp: In member function ‘virtual void ChangelogDialog::showEvent(QShowEvent*)’:
/build/screencloud/src/screencloud-1.6.2/src/dialog/changelogdialog.cpp:24:45: warning: unused parameter ‘e’ [-Wunused-parameter]
   24 | void ChangelogDialog::showEvent(QShowEvent *e)
      |                                 ~~~~~~~~~~~~^
[ 40%] Building CXX object CMakeFiles/screencloud.dir/src/editor/kaptiongraphicstoolkit.cpp.o
[ 41%] Building CXX object CMakeFiles/screencloud.dir/src/editor/effectpropertytooleditor.cpp.o
[ 42%] Building CXX object CMakeFiles/screencloud.dir/src/editor/numberpropertytooleditor.cpp.o
/build/screencloud/src/screencloud-1.6.2/src/dialog/downloadupdatedialog.cpp: In member function ‘void DownloadUpdateDialog::startDownload(QString)’:
/build/screencloud/src/screencloud-1.6.2/src/dialog/downloadupdatedialog.cpp:39:50: warning: unused parameter ‘version’ [-Wunused-parameter]
   39 | void DownloadUpdateDialog::startDownload(QString version)
      |                                          ~~~~~~~~^~~~~~~
[ 43%] Building CXX object CMakeFiles/screencloud.dir/src/editor/numberselector.cpp.o
[ 45%] Building CXX object CMakeFiles/screencloud.dir/src/editor/propertytooleditor.cpp.o
[ 46%] Building CXX object CMakeFiles/screencloud.dir/src/editor/scale.cpp.o
[ 47%] Building CXX object CMakeFiles/screencloud.dir/src/editor/scalepropertytooleditor.cpp.o
[ 48%] Building CXX object CMakeFiles/screencloud.dir/src/editor/snapshotcanvas.cpp.o
[ 50%] Building CXX object CMakeFiles/screencloud.dir/src/editor/colorpropertytooleditor.cpp.o
[ 51%] Building CXX object CMakeFiles/screencloud.dir/src/editor/fontpropertytooleditor.cpp.o
[ 52%] Building CXX object CMakeFiles/screencloud.dir/src/editor/graphicsitemfactory.cpp.o
[ 53%] Building CXX object CMakeFiles/screencloud.dir/src/editor/qcolorbutton.cpp.o
[ 54%] Building CXX object CMakeFiles/screencloud.dir/src/plugin/pluginmanager.cpp.o
[ 56%] Building CXX object CMakeFiles/screencloud.dir/src/firstrunwizard/finishedpage.cpp.o
[ 57%] Building CXX object CMakeFiles/screencloud.dir/src/firstrunwizard/firstrunwizard.cpp.o
/build/screencloud/src/screencloud-1.6.2/src/dialog/preferencesdialog.cpp: In member function ‘void PreferencesDialog::dialogFinished(int)’:
/build/screencloud/src/screencloud-1.6.2/src/dialog/preferencesdialog.cpp:161:44: warning: unused parameter ‘r’ [-Wunused-parameter]
  161 | void PreferencesDialog::dialogFinished(int r)
      |                                        ~~~~^
/build/screencloud/src/screencloud-1.6.2/src/dialog/preferencesdialog.cpp: In member function ‘void PreferencesDialog::keyRecorded(Qt::Key, int, Qt::KeyboardModifiers)’:
/build/screencloud/src/screencloud-1.6.2/src/dialog/preferencesdialog.cpp:292:85: warning: unused parameter ‘modifiers’ [-Wunused-parameter]
  292 | void PreferencesDialog::keyRecorded(Qt::Key key, int keycode, Qt::KeyboardModifiers modifiers)
      |                                                               ~~~~~~~~~~~~~~~~~~~~~~^~~~~~~~~
/build/screencloud/src/screencloud-1.6.2/src/dialog/preferencesdialog.cpp: In member function ‘void PreferencesDialog::gotVersionNumber(QString, bool)’:
/build/screencloud/src/screencloud-1.6.2/src/dialog/preferencesdialog.cpp:358:70: warning: unused parameter ‘outdated’ [-Wunused-parameter]
  358 | void PreferencesDialog::gotVersionNumber(QString versionNumber, bool outdated)
      |                                                                 ~~~~~^~~~~~~~
/build/screencloud/src/screencloud-1.6.2/src/dialog/preferencesdialog.cpp: In member function ‘void PreferencesDialog::on_list_uploaders_clicked(const QModelIndex&)’:
/build/screencloud/src/screencloud-1.6.2/src/dialog/preferencesdialog.cpp:388:70: warning: unused parameter ‘index’ [-Wunused-parameter]
  388 | void PreferencesDialog::on_list_uploaders_clicked(const QModelIndex &index)
      |                                                   ~~~~~~~~~~~~~~~~~~~^~~~~
/build/screencloud/src/screencloud-1.6.2/src/dialog/preferencesdialog.cpp: In member function ‘void PreferencesDialog::on_tabWidget_currentChanged(int)’:
/build/screencloud/src/screencloud-1.6.2/src/dialog/preferencesdialog.cpp:479:57: warning: unused parameter ‘index’ [-Wunused-parameter]
  479 | void PreferencesDialog::on_tabWidget_currentChanged(int index)
      |                                                     ~~~~^~~~~
[ 58%] Building CXX object CMakeFiles/screencloud.dir/src/firstrunwizard/shortcutspage.cpp.o
In file included from /usr/include/python3.14/Python.h:14,
                 from /build/screencloud/src/screencloud-1.6.2/src/plugin/pluginmanager.h:22,
                 from /build/screencloud/src/screencloud-1.6.2/src/dialog/plugindialog.h:18,
                 from /build/screencloud/src/screencloud-1.6.2/src/firstrunwizard/onlineservicespage.h:5,
                 from /build/screencloud/src/screencloud-1.6.2/src/firstrunwizard/firstrunwizard.h:21,
                 from /build/screencloud/src/screencloud-1.6.2/src/firstrunwizard/firstrunwizard.cpp:15:
/usr/include/python3.14/pyconfig.h:2007:9: warning: ‘_POSIX_C_SOURCE’ redefined
 2007 | #define _POSIX_C_SOURCE 200809L
      |         ^~~~~~~~~~~~~~~
In file included from /usr/include/c++/16/x86_64-pc-linux-gnu/bits/os_defines.h:39,
                 from /usr/include/c++/16/x86_64-pc-linux-gnu/bits/c++config.h:733,
                 from /usr/include/c++/16/type_traits:40,
                 from /usr/include/qt6/QtCore/qglobal.h:14,
                 from /usr/include/qt6/QtGui/qtguiglobal.h:7,
                 from /usr/include/qt6/QtWidgets/qtwidgetsglobal.h:8,
                 from /usr/include/qt6/QtWidgets/qwizard.h:8,
                 from /usr/include/qt6/QtWidgets/QWizard:1,
                 from /build/screencloud/src/screencloud-1.6.2/src/firstrunwizard/firstrunwizard.h:17:
/usr/include/features.h:319:10: note: this is the location of the previous definition
  319 | # define _POSIX_C_SOURCE        202405L
      |          ^~~~~~~~~~~~~~~
/usr/include/python3.14/pyconfig.h:2043:9: warning: ‘_XOPEN_SOURCE’ redefined
 2043 | #define _XOPEN_SOURCE 700
      |         ^~~~~~~~~~~~~
/usr/include/features.h:234:10: note: this is the location of the previous definition
  234 | # define _XOPEN_SOURCE  800
      |          ^~~~~~~~~~~~~
[ 59%] Building CXX object CMakeFiles/screencloud.dir/src/firstrunwizard/welcomepage.cpp.o
[ 60%] Building CXX object CMakeFiles/screencloud.dir/src/firstrunwizard/onlineservicespage.cpp.o
[ 62%] Building CXX object CMakeFiles/screencloud.dir/src/models/uploaderslistmodel.cpp.o
In file included from /usr/include/python3.14/Python.h:14,
                 from /build/screencloud/src/screencloud-1.6.2/src/plugin/pluginmanager.h:22,
                 from /build/screencloud/src/screencloud-1.6.2/src/dialog/plugindialog.h:18,
                 from /build/screencloud/src/screencloud-1.6.2/src/firstrunwizard/onlineservicespage.h:5,
                 from /build/screencloud/src/screencloud-1.6.2/src/firstrunwizard/onlineservicespage.cpp:1:
/usr/include/python3.14/pyconfig.h:2007:9: warning: ‘_POSIX_C_SOURCE’ redefined
 2007 | #define _POSIX_C_SOURCE 200809L
      |         ^~~~~~~~~~~~~~~
In file included from /usr/include/c++/16/x86_64-pc-linux-gnu/bits/os_defines.h:39,
                 from /usr/include/c++/16/x86_64-pc-linux-gnu/bits/c++config.h:733,
                 from /usr/include/c++/16/type_traits:40,
                 from /usr/include/qt6/QtCore/qglobal.h:14,
                 from /usr/include/qt6/QtGui/qtguiglobal.h:7,
                 from /usr/include/qt6/QtWidgets/qtwidgetsglobal.h:8,
                 from /usr/include/qt6/QtWidgets/qwizard.h:8,
                 from /usr/include/qt6/QtWidgets/QWizardPage:1,
                 from /build/screencloud/src/screencloud-1.6.2/src/firstrunwizard/onlineservicespage.h:4:
/usr/include/features.h:319:10: note: this is the location of the previous definition
  319 | # define _POSIX_C_SOURCE        202405L
      |          ^~~~~~~~~~~~~~~
/usr/include/python3.14/pyconfig.h:2043:9: warning: ‘_XOPEN_SOURCE’ redefined
 2043 | #define _XOPEN_SOURCE 700
      |         ^~~~~~~~~~~~~
/usr/include/features.h:234:10: note: this is the location of the previous definition
  234 | # define _XOPEN_SOURCE  800
      |          ^~~~~~~~~~~~~
/build/screencloud/src/screencloud-1.6.2/src/editor/numberselector.cpp: In member function ‘void NumberSelector::setNumber(int)’:
/build/screencloud/src/screencloud-1.6.2/src/editor/numberselector.cpp:32:36: warning: unused parameter ‘val’ [-Wunused-parameter]
   32 | void NumberSelector::setNumber(int val)
      |                                ~~~~^~~
[ 63%] Building CXX object CMakeFiles/screencloud.dir/src/uploaders/clipboarduploader.cpp.o
[ 64%] Building CXX object CMakeFiles/screencloud.dir/src/uploaders/localfileuploader.cpp.o
[ 65%] Building CXX object CMakeFiles/screencloud.dir/src/uploaders/pythonuploader.cpp.o
[ 67%] Building CXX object CMakeFiles/screencloud.dir/src/uploaders/uploader.cpp.o
[ 68%] Building CXX object CMakeFiles/screencloud.dir/src/hotkeyeventfilter.cpp.o
[ 69%] Building CXX object CMakeFiles/screencloud.dir/src/screenshooter.cpp.o
[ 70%] Building CXX object CMakeFiles/screencloud.dir/src/gui-elements/clickablelabel.cpp.o
[ 71%] Building CXX object CMakeFiles/screencloud.dir/src/gui-elements/selectionoverlay.cpp.o
[ 73%] Building CXX object CMakeFiles/screencloud.dir/src/gui-elements/busyoverlay.cpp.o
In file included from /usr/include/python3.14/Python.h:14,
                 from /build/screencloud/src/screencloud-1.6.2/src/plugin/pluginmanager.h:22,
                 from /build/screencloud/src/screencloud-1.6.2/src/uploaders/pythonuploader.h:20,
                 from /build/screencloud/src/screencloud-1.6.2/src/uploaders/pythonuploader.cpp:15:
/usr/include/python3.14/pyconfig.h:2007:9: warning: ‘_POSIX_C_SOURCE’ redefined
 2007 | #define _POSIX_C_SOURCE 200809L
      |         ^~~~~~~~~~~~~~~
In file included from /usr/include/c++/16/x86_64-pc-linux-gnu/bits/os_defines.h:39,
                 from /usr/include/c++/16/x86_64-pc-linux-gnu/bits/c++config.h:733,
                 from /usr/include/c++/16/type_traits:40,
                 from /usr/include/qt6/QtCore/qglobal.h:14,
                 from /usr/include/qt6/QtCore/qnamespace.h:13,
                 from /usr/include/qt6/QtCore/qobjectdefs.h:13,
                 from /usr/include/qt6/QtCore/qobject.h:11,
                 from /usr/include/qt6/QtCore/QObject:1,
                 from /build/screencloud/src/screencloud-1.6.2/src/uploaders/pythonuploader.h:18:
/usr/include/features.h:319:10: note: this is the location of the previous definition
  319 | # define _POSIX_C_SOURCE        202405L
      |          ^~~~~~~~~~~~~~~
/usr/include/python3.14/pyconfig.h:2043:9: warning: ‘_XOPEN_SOURCE’ redefined
 2043 | #define _XOPEN_SOURCE 700
      |         ^~~~~~~~~~~~~
/usr/include/features.h:234:10: note: this is the location of the previous definition
  234 | # define _XOPEN_SOURCE  800
      |          ^~~~~~~~~~~~~
[ 74%] Building CXX object CMakeFiles/screencloud.dir/src/gui-elements/pythonconsole.cpp.o
[ 75%] Building CXX object CMakeFiles/screencloud.dir/src/systemtrayicon.cpp.o
[ 76%] Building CXX object CMakeFiles/screencloud.dir/src/audionotifier.cpp.o
In file included from /usr/include/python3.14/Python.h:14,
                 from /build/screencloud/src/screencloud-1.6.2/src/plugin/pluginmanager.h:22,
                 from /build/screencloud/src/screencloud-1.6.2/src/utils/updater.h:29,
                 from /build/screencloud/src/screencloud-1.6.2/src/dialog/preferencesdialog.h:36,
                 from /build/screencloud/src/screencloud-1.6.2/src/systemtrayicon.h:34,
                 from /build/screencloud/src/screencloud-1.6.2/src/systemtrayicon.cpp:15:
/usr/include/python3.14/pyconfig.h:2007:9: warning: ‘_POSIX_C_SOURCE’ redefined
 2007 | #define _POSIX_C_SOURCE 200809L
      |         ^~~~~~~~~~~~~~~
In file included from /usr/include/c++/16/x86_64-pc-linux-gnu/bits/os_defines.h:39,
                 from /usr/include/c++/16/x86_64-pc-linux-gnu/bits/c++config.h:733,
                 from /usr/include/c++/16/type_traits:40,
                 from /usr/include/qt6/QtCore/qglobal.h:14,
                 from /usr/include/qt6/QtGui/qtguiglobal.h:7,
                 from /usr/include/qt6/QtWidgets/qtwidgetsglobal.h:8,
                 from /usr/include/qt6/QtWidgets/qsystemtrayicon.h:8,
                 from /usr/include/qt6/QtWidgets/QSystemTrayIcon:1,
                 from /build/screencloud/src/screencloud-1.6.2/src/systemtrayicon.h:17:
/usr/include/features.h:319:10: note: this is the location of the previous definition
  319 | # define _POSIX_C_SOURCE        202405L
      |          ^~~~~~~~~~~~~~~
/usr/include/python3.14/pyconfig.h:2043:9: warning: ‘_XOPEN_SOURCE’ redefined
 2043 | #define _XOPEN_SOURCE 700
      |         ^~~~~~~~~~~~~
/usr/include/features.h:234:10: note: this is the location of the previous definition
  234 | # define _XOPEN_SOURCE  800
      |          ^~~~~~~~~~~~~
[ 78%] Building CXX object CMakeFiles/screencloud.dir/src/uploadmanager.cpp.o
[ 79%] Building CXX object CMakeFiles/screencloud.dir/src/utils/updater.cpp.o
In file included from /usr/include/python3.14/Python.h:14,
                 from /build/screencloud/src/screencloud-1.6.2/src/plugin/pluginmanager.h:22,
                 from /build/screencloud/src/screencloud-1.6.2/src/uploadmanager.h:5,
                 from /build/screencloud/src/screencloud-1.6.2/src/uploadmanager.cpp:1:
/usr/include/python3.14/pyconfig.h:2007:9: warning: ‘_POSIX_C_SOURCE’ redefined
 2007 | #define _POSIX_C_SOURCE 200809L
      |         ^~~~~~~~~~~~~~~
In file included from /usr/include/c++/16/x86_64-pc-linux-gnu/bits/os_defines.h:39,
                 from /usr/include/c++/16/x86_64-pc-linux-gnu/bits/c++config.h:733,
                 from /usr/include/c++/16/type_traits:40,
                 from /usr/include/qt6/QtCore/qglobal.h:14,
                 from /usr/include/qt6/QtCore/qnamespace.h:13,
                 from /usr/include/qt6/QtCore/qobjectdefs.h:13,
                 from /usr/include/qt6/QtCore/qobject.h:11,
                 from /usr/include/qt6/QtCore/QObject:1,
                 from /build/screencloud/src/screencloud-1.6.2/src/uploadmanager.h:4:
/usr/include/features.h:319:10: note: this is the location of the previous definition
  319 | # define _POSIX_C_SOURCE        202405L
      |          ^~~~~~~~~~~~~~~
/usr/include/python3.14/pyconfig.h:2043:9: warning: ‘_XOPEN_SOURCE’ redefined
 2043 | #define _XOPEN_SOURCE 700
      |         ^~~~~~~~~~~~~
/usr/include/features.h:234:10: note: this is the location of the previous definition
  234 | # define _XOPEN_SOURCE  800
      |          ^~~~~~~~~~~~~
/build/screencloud/src/screencloud-1.6.2/src/models/uploaderslistmodel.cpp: In member function ‘virtual int UploadersListModel::rowCount(const QModelIndex&) const’:
/build/screencloud/src/screencloud-1.6.2/src/models/uploaderslistmodel.cpp:23:53: warning: unused parameter ‘parent’ [-Wunused-parameter]
   23 | int UploadersListModel::rowCount(const QModelIndex &parent) const
      |                                  ~~~~~~~~~~~~~~~~~~~^~~~~~
/build/screencloud/src/screencloud-1.6.2/src/models/uploaderslistmodel.cpp: In member function ‘virtual Qt::ItemFlags UploadersListModel::flags(const QModelIndex&) const’:
/build/screencloud/src/screencloud-1.6.2/src/models/uploaderslistmodel.cpp:46:60: warning: unused parameter ‘index’ [-Wunused-parameter]
   46 | Qt::ItemFlags UploadersListModel::flags(const QModelIndex &index) const
      |                                         ~~~~~~~~~~~~~~~~~~~^~~~~
In file included from /usr/include/python3.14/Python.h:14,
                 from /build/screencloud/src/screencloud-1.6.2/src/plugin/pluginmanager.h:22,
                 from /build/screencloud/src/screencloud-1.6.2/src/utils/updater.h:29,
                 from /build/screencloud/src/screencloud-1.6.2/src/utils/updater.cpp:15:
/usr/include/python3.14/pyconfig.h:2007:9: warning: ‘_POSIX_C_SOURCE’ redefined
 2007 | #define _POSIX_C_SOURCE 200809L
      |         ^~~~~~~~~~~~~~~
In file included from /usr/include/c++/16/x86_64-pc-linux-gnu/bits/os_defines.h:39,
                 from /usr/include/c++/16/x86_64-pc-linux-gnu/bits/c++config.h:733,
                 from /usr/include/c++/16/type_traits:40,
                 from /usr/include/qt6/QtCore/qglobal.h:14,
                 from /usr/include/qt6/QtCore/qnamespace.h:13,
                 from /usr/include/qt6/QtCore/qobjectdefs.h:13,
                 from /usr/include/qt6/QtCore/qobject.h:11,
                 from /usr/include/qt6/QtCore/QObject:1,
                 from /build/screencloud/src/screencloud-1.6.2/src/utils/updater.h:17:
/usr/include/features.h:319:10: note: this is the location of the previous definition
  319 | # define _POSIX_C_SOURCE        202405L
      |          ^~~~~~~~~~~~~~~
/usr/include/python3.14/pyconfig.h:2043:9: warning: ‘_XOPEN_SOURCE’ redefined
 2043 | #define _XOPEN_SOURCE 700
      |         ^~~~~~~~~~~~~
/usr/include/features.h:234:10: note: this is the location of the previous definition
  234 | # define _XOPEN_SOURCE  800
      |          ^~~~~~~~~~~~~
/build/screencloud/src/screencloud-1.6.2/src/uploaders/clipboarduploader.cpp: In member function ‘virtual void ClipboardUploader::upload(const QImage&, QString)’:
/build/screencloud/src/screencloud-1.6.2/src/uploaders/clipboarduploader.cpp:47:66: warning: unused parameter ‘name’ [-Wunused-parameter]
   47 | void ClipboardUploader::upload(const QImage &screenshot, QString name)
      |                                                          ~~~~~~~~^~~~
/build/screencloud/src/screencloud-1.6.2/src/uploaders/clipboarduploader.cpp: In member function ‘virtual void ClipboardUploader::showSettingsUI(QWidget*)’:
/build/screencloud/src/screencloud-1.6.2/src/uploaders/clipboarduploader.cpp:54:49: warning: unused parameter ‘parent’ [-Wunused-parameter]
   54 | void ClipboardUploader::showSettingsUI(QWidget *parent)
      |                                        ~~~~~~~~~^~~~~~
[ 80%] Building CXX object CMakeFiles/screencloud.dir/src/utils/network.cpp.o
[ 81%] Building CXX object CMakeFiles/screencloud.dir/src/utils/systeminfo.cpp.o
[ 82%] Building CXX object CMakeFiles/screencloud.dir/src/gui-elements/screenshotthumbview.cpp.o
[ 84%] Building CXX object CMakeFiles/screencloud.dir/src/main.cpp.o
[ 85%] Building CXX object CMakeFiles/screencloud.dir/src/utils/startup.cpp.o
/build/screencloud/src/screencloud-1.6.2/src/uploaders/localfileuploader.cpp: In member function ‘virtual void LocalFileUploader::upload(const QImage&, QString)’:
/build/screencloud/src/screencloud-1.6.2/src/uploaders/localfileuploader.cpp:69:11: warning: ignoring return value of ‘virtual bool QFile::open(QIODeviceBase::OpenMode)’, declared with attribute ‘nodiscard’ [-Wunused-result]
   69 |     f.open(QIODevice::WriteOnly);
      |     ~~~~~~^~~~~~~~~~~~~~~~~~~~~~
In file included from /usr/include/qt6/QtCore/qdir.h:11,
                 from /usr/include/qt6/QtCore/QDir:1,
                 from /build/screencloud/src/screencloud-1.6.2/src/uploaders/localfileuploader.cpp:18:
/usr/include/qt6/QtCore/qfile.h:264:32: note: declared here
  264 |     QFILE_MAYBE_NODISCARD bool open(OpenMode flags) override;
      |                                ^~~~
/build/screencloud/src/screencloud-1.6.2/src/uploaders/localfileuploader.cpp: In member function ‘void LocalFileUploader::onNameFormatChanged(QString)’:
/build/screencloud/src/screencloud-1.6.2/src/uploaders/localfileuploader.cpp:87:53: warning: unused parameter ‘newNameFormat’ [-Wunused-parameter]
   87 | void LocalFileUploader::onNameFormatChanged(QString newNameFormat)
      |                                             ~~~~~~~~^~~~~~~~~~~~~
/build/screencloud/src/screencloud-1.6.2/src/uploaders/uploader.cpp: In member function ‘virtual void Uploader::upload(const QImage&, QString)’:
/build/screencloud/src/screencloud-1.6.2/src/uploaders/uploader.cpp:31:37: warning: unused parameter ‘screenshot’ [-Wunused-parameter]
   31 | void Uploader::upload(const QImage &screenshot, QString name)
      |                       ~~~~~~~~~~~~~~^~~~~~~~~~
/build/screencloud/src/screencloud-1.6.2/src/uploaders/uploader.cpp:31:57: warning: unused parameter ‘name’ [-Wunused-parameter]
   31 | void Uploader::upload(const QImage &screenshot, QString name)
      |                                                 ~~~~~~~~^~~~
/build/screencloud/src/screencloud-1.6.2/src/uploaders/uploader.cpp: In member function ‘virtual void Uploader::showSettingsUI(QWidget*)’:
/build/screencloud/src/screencloud-1.6.2/src/uploaders/uploader.cpp:66:40: warning: unused parameter ‘parent’ [-Wunused-parameter]
   66 | void Uploader::showSettingsUI(QWidget* parent)
      |                               ~~~~~~~~~^~~~~~
/build/screencloud/src/screencloud-1.6.2/src/plugin/pluginmanager.cpp: In member function ‘void PluginManager::extractPlugin(QString)’:
/build/screencloud/src/screencloud-1.6.2/src/plugin/pluginmanager.cpp:251:24: warning: ignoring return value of ‘virtual bool QFile::open(QIODeviceBase::OpenMode)’, declared with attribute ‘nodiscard’ [-Wunused-result]
  251 |             exFile.open(QFile::WriteOnly);
      |             ~~~~~~~~~~~^~~~~~~~~~~~~~~~~~
In file included from /usr/include/qt6/QtCore/qdir.h:11,
                 from /usr/include/qt6/QtCore/QDir:1,
                 from /build/screencloud/src/screencloud-1.6.2/src/plugin/pluginmanager.h:27,
                 from /build/screencloud/src/screencloud-1.6.2/src/plugin/pluginmanager.cpp:15:
/usr/include/qt6/QtCore/qfile.h:264:32: note: declared here
  264 |     QFILE_MAYBE_NODISCARD bool open(OpenMode flags) override;
      |                                ^~~~
/build/screencloud/src/screencloud-1.6.2/src/plugin/pluginmanager.cpp: In member function ‘void PluginManager::analyzeAndMovePlugin(QString)’:
/build/screencloud/src/screencloud-1.6.2/src/plugin/pluginmanager.cpp:289:21: warning: ignoring return value of ‘virtual bool QFile::open(QIODeviceBase::OpenMode)’, declared with attribute ‘nodiscard’ [-Wunused-result]
  289 |         xmlFile.open(QFile::ReadOnly);
      |         ~~~~~~~~~~~~^~~~~~~~~~~~~~~~~
/usr/include/qt6/QtCore/qfile.h:264:32: note: declared here
  264 |     QFILE_MAYBE_NODISCARD bool open(OpenMode flags) override;
      |                                ^~~~
[ 86%] Building CXX object CMakeFiles/screencloud.dir/src/utils/freedesktopdbusresponse.cpp.o
[ 87%] Building CXX object CMakeFiles/screencloud.dir/src/3rdparty/QtSingleApplication/src/qtlocalpeer.cpp.o
/build/screencloud/src/screencloud-1.6.2/src/gui-elements/selectionoverlay.cpp: In member function ‘virtual void SelectionOverlay::showEvent(QShowEvent*)’:
/build/screencloud/src/screencloud-1.6.2/src/gui-elements/selectionoverlay.cpp:43:46: warning: unused parameter ‘e’ [-Wunused-parameter]
   43 | void SelectionOverlay::showEvent(QShowEvent *e)
      |                                  ~~~~~~~~~~~~^
/build/screencloud/src/screencloud-1.6.2/src/gui-elements/selectionoverlay.cpp: In member function ‘virtual void SelectionOverlay::hideEvent(QHideEvent*)’:
/build/screencloud/src/screencloud-1.6.2/src/gui-elements/selectionoverlay.cpp:51:46: warning: unused parameter ‘e’ [-Wunused-parameter]
   51 | void SelectionOverlay::hideEvent(QHideEvent *e)
      |                                  ~~~~~~~~~~~~^
[ 89%] Building CXX object CMakeFiles/screencloud.dir/src/3rdparty/QtSingleApplication/src/qtsingleapplication.cpp.o
[ 90%] Building CXX object CMakeFiles/screencloud.dir/src/3rdparty/LibQxt/qxtglobalshortcut.cpp.o
/build/screencloud/src/screencloud-1.6.2/src/audionotifier.cpp: In constructor ‘AudioNotifier::AudioNotifier(QObject*)’:
/build/screencloud/src/screencloud-1.6.2/src/audionotifier.cpp:17:39: warning: unused parameter ‘parent’ [-Wunused-parameter]
   17 | AudioNotifier::AudioNotifier(QObject *parent)
      |                              ~~~~~~~~~^~~~~~
/build/screencloud/src/screencloud-1.6.2/src/audionotifier.cpp: In member function ‘void AudioNotifier::playNextFromQueue()’:
/build/screencloud/src/screencloud-1.6.2/src/audionotifier.cpp:56:27: warning: ignoring return value of ‘virtual bool QFile::open(QIODeviceBase::OpenMode)’, declared with attribute ‘nodiscard’ [-Wunused-result]
   56 |             audioFile.open(QIODevice::ReadOnly);
      |             ~~~~~~~~~~~~~~^~~~~~~~~~~~~~~~~~~~~
In file included from /usr/include/qt6/QtCore/qdir.h:11,
                 from /usr/include/qt6/QtCore/QDir:1,
                 from /build/screencloud/src/screencloud-1.6.2/src/audionotifier.h:22,
                 from /build/screencloud/src/screencloud-1.6.2/src/audionotifier.cpp:15:
/usr/include/qt6/QtCore/qfile.h:264:32: note: declared here
  264 |     QFILE_MAYBE_NODISCARD bool open(OpenMode flags) override;
      |                                ^~~~
[ 91%] Building CXX object CMakeFiles/screencloud.dir/src/3rdparty/LibQxt/qxtwindowsystem.cpp.o
[ 92%] Building CXX object CMakeFiles/screencloud.dir/src/3rdparty/LibQxt/x11/qxtwindowsystem_x11.cpp.o
[ 93%] Building CXX object CMakeFiles/screencloud.dir/src/3rdparty/LibQxt/x11/qxtglobalshortcut_x11.cpp.o
/build/screencloud/src/screencloud-1.6.2/src/uploadmanager.cpp: In member function ‘bool UploadManager::upload(const QImage&, QString, QString, bool)’:
/build/screencloud/src/screencloud-1.6.2/src/uploadmanager.cpp:61:34: warning: ignoring return value of ‘auto QtConcurrent::run(Function&&, Args&& ...) [with Function = UploadManager::upload(const QImage&, QString, QString, bool)::<lambda()>; Args = {}]’, declared with attribute ‘nodiscard’: ‘Use QThreadPool::start(Callable&&) if you don't need the returned QFuture’ [-Wunused-result]
   61 |                 QtConcurrent::run([uploader, screenshot, screenshotName]() {
      |                 ~~~~~~~~~~~~~~~~~^~~~~~~~~~~~~~~~~~~~~~~~~~~~~~~~~~~~~~~~~~~
   62 |                     uploader->upload(screenshot, screenshotName);
      |                     ~~~~~~~~~~~~~~~~~~~~~~~~~~~~~~~~~~~~~~~~~~~~~
   63 |                 });
      |                 ~~                
In file included from /usr/include/qt6/QtConcurrent/QtConcurrentRun:1,
                 from /build/screencloud/src/screencloud-1.6.2/src/uploaders/pythonuploader.h:25,
                 from /build/screencloud/src/screencloud-1.6.2/src/plugin/pluginmanager.h:31:
/usr/include/qt6/QtConcurrent/qtconcurrentrun.h:63:6: note: declared here
   63 | auto run(Function &&f, Args &&...args)
      |      ^~~
[ 95%] Building CXX object CMakeFiles/screencloud.dir/qrc_icons.cpp.o
[ 96%] Building CXX object CMakeFiles/screencloud.dir/qrc_sounds.cpp.o
[ 97%] Building CXX object CMakeFiles/screencloud.dir/qrc_resources_linux.cpp.o
/build/screencloud/src/screencloud-1.6.2/src/gui-elements/screenshotthumbview.cpp: In member function ‘virtual void ScreenshotThumbView::mouseReleaseEvent(QMouseEvent*)’:
/build/screencloud/src/screencloud-1.6.2/src/gui-elements/screenshotthumbview.cpp:74:58: warning: unused parameter ‘event’ [-Wunused-parameter]
   74 | void ScreenshotThumbView::mouseReleaseEvent(QMouseEvent *event)
      |                                             ~~~~~~~~~~~~~^~~~~
/build/screencloud/src/screencloud-1.6.2/src/utils/freedesktopdbusresponse.cpp: In constructor ‘FreedesktopDbusResponse::FreedesktopDbusResponse(QObject*)’:
/build/screencloud/src/screencloud-1.6.2/src/utils/freedesktopdbusresponse.cpp:17:59: warning: unused parameter ‘parent’ [-Wunused-parameter]
   17 | FreedesktopDbusResponse::FreedesktopDbusResponse(QObject *parent)
      |                                                  ~~~~~~~~~^~~~~~
/build/screencloud/src/screencloud-1.6.2/src/utils/startup.cpp: In static member function ‘static void Startup::setRunOnStartup(bool)’:
/build/screencloud/src/screencloud-1.6.2/src/utils/startup.cpp:82:31: warning: ignoring return value of ‘virtual bool QFile::open(QIODeviceBase::OpenMode)’, declared with attribute ‘nodiscard’ [-Wunused-result]
   82 |             autostartFile.open(QFile::WriteOnly);
      |             ~~~~~~~~~~~~~~~~~~^~~~~~~~~~~~~~~~~~
In file included from /usr/include/qt6/QtCore/QFile:1,
                 from /build/screencloud/src/screencloud-1.6.2/src/utils/startup.h:17,
                 from /build/screencloud/src/screencloud-1.6.2/src/utils/startup.cpp:15:
/usr/include/qt6/QtCore/qfile.h:264:32: note: declared here
  264 |     QFILE_MAYBE_NODISCARD bool open(OpenMode flags) override;
      |                                ^~~~
/build/screencloud/src/screencloud-1.6.2/src/systemtrayicon.cpp: In member function ‘void SystemTrayIcon::preferencesWindowFinished(int)’:
/build/screencloud/src/screencloud-1.6.2/src/systemtrayicon.cpp:416:52: warning: unused parameter ‘result’ [-Wunused-parameter]
  416 | void SystemTrayIcon::preferencesWindowFinished(int result)
      |                                                ~~~~^~~~~~
/build/screencloud/src/screencloud-1.6.2/src/systemtrayicon.cpp: In member function ‘void SystemTrayIcon::saveDialogFinished(int)’:
/build/screencloud/src/screencloud-1.6.2/src/systemtrayicon.cpp:436:45: warning: unused parameter ‘result’ [-Wunused-parameter]
  436 | void SystemTrayIcon::saveDialogFinished(int result)
      |                                         ~~~~^~~~~~
/build/screencloud/src/screencloud-1.6.2/src/3rdparty/QtSingleApplication/src/qtlocalpeer.cpp: In constructor ‘QtLocalPeer::QtLocalPeer(QObject*, const QString&)’:
/build/screencloud/src/screencloud-1.6.2/src/3rdparty/QtSingleApplication/src/qtlocalpeer.cpp:86:30: warning: ‘quint16 qChecksum(const char*, qsizetype, Qt::ChecksumType)’ is deprecated: Use the QByteArrayView overload. [-Wdeprecated-declarations]
   86 |     quint16 idNum = qChecksum(idc.constData(), idc.size());
      |                     ~~~~~~~~~^~~~~~~~~~~~~~~~~~~~~~~~~~~~~
In file included from /usr/include/qt6/QtCore/qbytearray.h:16,
                 from /usr/include/qt6/QtCore/qstringview.h:11,
                 from /usr/include/qt6/QtCore/qchar.h:730,
                 from /usr/include/qt6/QtCore/qstring.h:15,
                 from /usr/include/qt6/QtCore/qobject.h:12,
                 from /usr/include/qt6/QtCore/qiodevice.h:11,
                 from /usr/include/qt6/QtNetwork/qabstractsocket.h:12,
                 from /usr/include/qt6/QtNetwork/qlocalserver.h:9,
                 from /usr/include/qt6/QtNetwork/QLocalServer:1,
                 from /build/screencloud/src/screencloud-1.6.2/src/3rdparty/QtSingleApplication/src/qtlocalpeer.h:44,
                 from /build/screencloud/src/screencloud-1.6.2/src/3rdparty/QtSingleApplication/src/qtlocalpeer.cpp:42:
/usr/include/qt6/QtCore/qbytearrayview.h:411:16: note: declared here
  411 | inline quint16 qChecksum(const char *s, qsizetype len,
      |                ^~~~~~~~~
/build/screencloud/src/screencloud-1.6.2/src/3rdparty/LibQxt/qxtglobalshortcut.cpp: In member function ‘bool QxtGlobalShortcutPrivate::setShortcut(const QKeySequence&)’:
/build/screencloud/src/screencloud-1.6.2/src/3rdparty/LibQxt/qxtglobalshortcut.cpp:67:64: warning: ‘constexpr QKeyCombination::operator int() const’ is deprecated: Use QKeyCombination instead of int [-Wdeprecated-declarations]
   67 |     key = shortcut.isEmpty() ? Qt::Key(0) : Qt::Key((shortcut[0] ^ allMods) & shortcut[0]);
      |                                                      ~~~~~~~~~~^
In file included from /usr/include/qt6/QtCore/qobjectdefs.h:13,
                 from /usr/include/qt6/QtCore/qobject.h:11,
                 from /usr/include/qt6/QtCore/QObject:1,
                 from /build/screencloud/src/screencloud-1.6.2/src/3rdparty/LibQxt/qxtglobalshortcut.h:35,
                 from /build/screencloud/src/screencloud-1.6.2/src/3rdparty/LibQxt/qxtglobalshortcut.cpp:1:
/usr/include/qt6/QtCore/qnamespace.h:1957:26: note: declared here
 1957 |     constexpr Q_IMPLICIT operator int() const noexcept
      |                          ^~~~~~~~
/build/screencloud/src/screencloud-1.6.2/src/3rdparty/LibQxt/qxtglobalshortcut.cpp:67:89: warning: ‘constexpr QKeyCombination::operator int() const’ is deprecated: Use QKeyCombination instead of int [-Wdeprecated-declarations]
   67 |     key = shortcut.isEmpty() ? Qt::Key(0) : Qt::Key((shortcut[0] ^ allMods) & shortcut[0]);
      |                                                                               ~~~~~~~~~~^
/usr/include/qt6/QtCore/qnamespace.h:1957:26: note: declared here
 1957 |     constexpr Q_IMPLICIT operator int() const noexcept
      |                          ^~~~~~~~
/build/screencloud/src/screencloud-1.6.2/src/3rdparty/LibQxt/qxtglobalshortcut.cpp:68:92: warning: ‘constexpr QKeyCombination::operator int() const’ is deprecated: Use QKeyCombination instead of int [-Wdeprecated-declarations]
   68 |     mods = shortcut.isEmpty() ? Qt::KeyboardModifiers(0) : Qt::KeyboardModifiers(shortcut[0] & allMods);
      |                                                                                  ~~~~~~~~~~^
/usr/include/qt6/QtCore/qnamespace.h:1957:26: note: declared here
 1957 |     constexpr Q_IMPLICIT operator int() const noexcept
      |                          ^~~~~~~~
/build/screencloud/src/screencloud-1.6.2/src/3rdparty/LibQxt/qxtglobalshortcut.cpp:75:85: warning: ‘constexpr QKeyCombination Qt::operator+(Key, KeyboardModifiers)’ is deprecated: Use operator| instead [-Wdeprecated-declarations]
   75 |         qWarning() << "QxtGlobalShortcut failed to register:" << QKeySequence(key + mods).toString();
      |                                                                                     ^~~~
/usr/include/qt6/QtCore/qnamespace.h:2059:27: note: declared here
 2059 | constexpr QKeyCombination operator+(Qt::Key key, Qt::KeyboardModifiers modifiers) noexcept
      |                           ^~~~~~~~
/build/screencloud/src/screencloud-1.6.2/src/3rdparty/LibQxt/qxtglobalshortcut.cpp: In member function ‘bool QxtGlobalShortcutPrivate::unsetShortcut()’:
/build/screencloud/src/screencloud-1.6.2/src/3rdparty/LibQxt/qxtglobalshortcut.cpp:89:87: warning: ‘constexpr QKeyCombination Qt::operator+(Key, KeyboardModifiers)’ is deprecated: Use operator| instead [-Wdeprecated-declarations]
   89 |         qWarning() << "QxtGlobalShortcut failed to unregister:" << QKeySequence(key + mods).toString();
      |                                                                                       ^~~~
/usr/include/qt6/QtCore/qnamespace.h:2059:27: note: declared here
 2059 | constexpr QKeyCombination operator+(Qt::Key key, Qt::KeyboardModifiers modifiers) noexcept
      |                           ^~~~~~~~
[ 98%] Linking CXX executable screencloud
[100%] Built target screencloud
make: Leaving directory '/build/screencloud/src/build'
