-- Found Git: /usr/bin/git (found version "2.55.0")
-- Using version from git describe: v2026.14.1-73-gc0e5ca5c55
-- The C compiler identification is GNU 16.2.1
-- The CXX compiler identification is GNU 16.2.1
-- Detecting C compiler ABI info
-- Detecting C compiler ABI info - done
-- Check for working C compiler: /usr/bin/cc - skipped
-- Detecting C compile features
-- Detecting C compile features - done
-- Detecting CXX compiler ABI info
-- Detecting CXX compiler ABI info - done
-- Check for working CXX compiler: /usr/bin/c++ - skipped
-- Detecting CXX compile features
-- Detecting CXX compile features - done
-- Could not find `nvcc` executable in any searched paths, please set CUDAToolkit_ROOT
-- Could NOT find OptiX (missing: OptiX_INCLUDE_DIRS) 
-- Could NOT find NVAPI (missing: NVAPI_INCLUDE_DIRS NVAPI_LIBRARIES) 
-- Could NOT find X11 (missing: X11_X11_INCLUDE_PATH X11_X11_LIB) 
-- Could NOT find Aftermath (missing: Aftermath_INCLUDE_DIRS Aftermath_LIBRARIES) 
-- Performing Test CMAKE_HAVE_LIBC_PTHREAD
-- Performing Test CMAKE_HAVE_LIBC_PTHREAD - Success
-- Found Threads: TRUE
-- Found PkgConfig: /usr/bin/pkg-config (found version "3.0.5")
-- Checking for module 'liblz4'
--   Found liblz4, version 1.10.0
-- Found Vulkan: /usr/lib/libvulkan.so (found version "1.4.357") found components: glslangValidator missing components: glslc
-- Downloading DXC prebuilt binary to detect GLIBC requirement...
-- [download 0% complete]
-- [download 1% complete]
-- [download 2% complete]
-- [download 3% complete]
-- [download 4% complete]
-- [download 5% complete]
-- [download 6% complete]
-- [download 7% complete]
-- [download 8% complete]
-- [download 9% complete]
-- [download 10% complete]
-- [download 11% complete]
-- [download 12% complete]
-- [download 13% complete]
-- [download 14% complete]
-- [download 15% complete]
-- [download 16% complete]
-- [download 17% complete]
-- [download 18% complete]
-- [download 19% complete]
-- [download 20% complete]
-- [download 21% complete]
-- [download 22% complete]
-- [download 23% complete]
-- [download 24% complete]
-- [download 25% complete]
-- [download 26% complete]
-- [download 27% complete]
-- [download 28% complete]
-- [download 29% complete]
-- [download 30% complete]
-- [download 31% complete]
-- [download 32% complete]
-- [download 33% complete]
-- [download 34% complete]
-- [download 35% complete]
-- [download 36% complete]
-- [download 37% complete]
-- [download 38% complete]
-- [download 39% complete]
-- [download 40% complete]
-- [download 41% complete]
-- [download 42% complete]
-- [download 43% complete]
-- [download 44% complete]
-- [download 45% complete]
-- [download 46% complete]
-- [download 47% complete]
-- [download 48% complete]
-- [download 49% complete]
-- [download 50% complete]
-- [download 51% complete]
-- [download 52% complete]
-- [download 53% complete]
-- [download 54% complete]
-- [download 55% complete]
-- [download 56% complete]
-- [download 57% complete]
-- [download 58% complete]
-- [download 59% complete]
-- [download 60% complete]
-- [download 61% complete]
-- [download 62% complete]
-- [download 63% complete]
-- [download 64% complete]
-- [download 65% complete]
-- [download 66% complete]
-- [download 67% complete]
-- [download 68% complete]
-- [download 69% complete]
-- [download 70% complete]
-- [download 71% complete]
-- [download 72% complete]
-- [download 73% complete]
-- [download 74% complete]
-- [download 75% complete]
-- [download 76% complete]
-- [download 77% complete]
-- [download 78% complete]
-- [download 79% complete]
-- [download 80% complete]
-- [download 81% complete]
-- [download 82% complete]
-- [download 83% complete]
-- [download 84% complete]
-- [download 85% complete]
-- [download 86% complete]
-- [download 87% complete]
-- [download 88% complete]
-- [download 89% complete]
-- [download 90% complete]
-- [download 91% complete]
-- [download 92% complete]
-- [download 93% complete]
-- [download 94% complete]
-- [download 95% complete]
-- [download 96% complete]
-- [download 97% complete]
-- [download 98% complete]
-- [download 99% complete]
-- [download 100% complete]
-- DXC prebuilt binary (v1.9.2602) requires GLIBC >= 2.38
-- Detected system GLIBC version: 2.44
-- Fetching DXC prebuilt binary from: file:///build/shader-slang-git/src/build/_dxc_probe/dxc_v1.9.2602.tar.gz ...
-- Performing Test CXXFLAG_Wall
-- Performing Test CXXFLAG_Wall - Success
-- Performing Test CXXFLAG_Wswitch
-- Performing Test CXXFLAG_Wswitch - Success
-- Performing Test CXXFLAG_Wparentheses
-- Performing Test CXXFLAG_Wparentheses - Success
-- Performing Test CXXFLAG_Wunused_local_typedefs
-- Performing Test CXXFLAG_Wunused_local_typedefs - Success
-- Performing Test CXXFLAG_Wclass_memaccess
-- Performing Test CXXFLAG_Wclass_memaccess - Success
-- Performing Test CXXFLAG_Wassume
-- Performing Test CXXFLAG_Wassume - Failed
-- Performing Test CXXFLAG_Wreorder
-- Performing Test CXXFLAG_Wreorder - Success
-- Performing Test CXXFLAG_Winvalid_offsetof
-- Performing Test CXXFLAG_Winvalid_offsetof - Success
-- Performing Test CXXFLAG_Wnewline_eof
-- Performing Test CXXFLAG_Wnewline_eof - Failed
-- Performing Test CXXFLAG_Wreturn_std_move
-- Performing Test CXXFLAG_Wreturn_std_move - Failed
-- Performing Test CXXFLAG_Werror_return_local_addr
-- Performing Test CXXFLAG_Werror_return_local_addr - Success
-- Performing Test CXXFLAG_Wnarrowing
-- Performing Test CXXFLAG_Wnarrowing - Success
-- Performing Test CXXFLAG_Wextra
-- Performing Test CXXFLAG_Wextra - Success
-- Performing Test CXXLINKFLAG_Wl_no_undefined
-- Performing Test CXXLINKFLAG_Wl_no_undefined - Success
-- Performing Test CXXLINKFLAG_Wl_build_id
-- Performing Test CXXLINKFLAG_Wl_build_id - Success
-- Performing Test CXXFLAG_Wunused_variable
-- Performing Test CXXFLAG_Wunused_variable - Success
-- Performing Test CXXFLAG_Wunused_parameter
-- Performing Test CXXFLAG_Wunused_parameter - Success
-- Performing Test CXXFLAG_Wsign_compare
-- Performing Test CXXFLAG_Wsign_compare - Success
-- Performing Test CXXFLAG_Wunused_function
-- Performing Test CXXFLAG_Wunused_function - Success
-- Performing Test CXXFLAG_Wunused_value
-- Performing Test CXXFLAG_Wunused_value - Success
-- Performing Test CXXFLAG_Wimplicit_fallthrough
-- Performing Test CXXFLAG_Wimplicit_fallthrough - Success
-- Performing Test CXXFLAG_Wmissing_field_initializers
-- Performing Test CXXFLAG_Wmissing_field_initializers - Success
-- Performing Test CXXFLAG_Wstrict_aliasing
-- Performing Test CXXFLAG_Wstrict_aliasing - Success
-- Performing Test CXXFLAG_Wmaybe_uninitialized
-- Performing Test CXXFLAG_Wmaybe_uninitialized - Success
-- Performing Test CXXFLAG_fno_rtti
-- Performing Test CXXFLAG_fno_rtti - Success
-- Performing Test CXXLINKFLAG_Wl_exclude_libs_ALL
-- Performing Test CXXLINKFLAG_Wl_exclude_libs_ALL - Success
-- Unix backward compatibility symlink (libslang -> libslang-compiler) will be created during build and installation
-- Configuring done (6.5s)
-- Generating done (0.2s)
-- Build files have been written to: /build/shader-slang-git/src/build
[  0%] Building CXX object source/slang-rt/CMakeFiles/slang-rt.dir/slang-rt.cpp.o
[  0%] Building C object external/cmark/src/CMakeFiles/libcmark-gfm.dir/blocks.c.o
[  0%] Building C object external/cmark/src/CMakeFiles/libcmark-gfm.dir/cmark.c.o
[  0%] Building C object external/cmark/src/CMakeFiles/libcmark-gfm.dir/commonmark.c.o
[  2%] Generating None/lib/libdxcompiler.so
[  2%] Building CXX object source/slang-glslang/CMakeFiles/slang-glslang.dir/slang-glslang.cpp.o
[  4%] Building CXX object source/slang-rt/CMakeFiles/slang-rt.dir/__/core/slang-archive-file-system.cpp.o
[  4%] Building C object external/cmark/src/CMakeFiles/libcmark-gfm.dir/arena.c.o
[  4%] Built target generate_standard_module_config_header
[  4%] Generating dxc/include/dx/linalg.h
[  4%] Building CXX object source/slang-rt/CMakeFiles/slang-rt.dir/__/core/slang-builtin-module-cache.cpp.o
[  4%] Generating None/lib/libdxil.so
[  5%] Building CXX object source/slang-rt/CMakeFiles/slang-rt.dir/__/core/slang-blob-builder.cpp.o
[  5%] Building CXX object source/slang-rt/CMakeFiles/slang-rt.dir/__/core/slang-blob.cpp.o
[  5%] Building C object external/cmark/src/CMakeFiles/libcmark-gfm.dir/houdini_href_e.c.o
[  5%] Building CXX object source/core/CMakeFiles/core.dir/cmake_pch.hxx.gch
[  5%] Building C object external/cmark/src/CMakeFiles/libcmark-gfm.dir/footnotes.c.o
[  5%] Building C object external/cmark/src/CMakeFiles/libcmark-gfm.dir/cmark_ctype.c.o
[  5%] Building C object external/cmark/src/CMakeFiles/libcmark-gfm.dir/buffer.c.o
[  5%] Building C object external/cmark/src/CMakeFiles/libcmark-gfm.dir/houdini_html_e.c.o
[  5%] Built target copy-dxil
[  5%] Built target stage-dxc-headers
[  5%] Building C object external/cmark/src/CMakeFiles/libcmark-gfm.dir/houdini_html_u.c.o
[  6%] Building C object external/cmark/src/CMakeFiles/libcmark-gfm.dir/html.c.o
[  6%] Building CXX object source/slang-rt/CMakeFiles/slang-rt.dir/__/core/slang-byte-encode-util.cpp.o
[  6%] Building CXX object source/slang-rt/CMakeFiles/slang-rt.dir/__/core/slang-castable.cpp.o
[  6%] Built target copy_slang_headers
[  6%] Building C object external/cmark/src/CMakeFiles/libcmark-gfm.dir/inlines.c.o
[  6%] Building CXX object source/slang-rt/CMakeFiles/slang-rt.dir/__/core/slang-char-encode.cpp.o
[  7%] Building C object external/cmark/src/CMakeFiles/libcmark-gfm.dir/iterator.c.o
[  7%] Building CXX object source/slang-rt/CMakeFiles/slang-rt.dir/__/core/slang-command-line.cpp.o
[  7%] Building C object external/cmark/src/CMakeFiles/libcmark-gfm.dir/latex.c.o
[  7%] Building CXX object source/slang-rt/CMakeFiles/slang-rt.dir/__/core/slang-char-util.cpp.o
[  7%] Built target copy-dxcompiler
[  7%] Building C object external/cmark/src/CMakeFiles/libcmark-gfm.dir/linked_list.c.o
[  7%] Building CXX object source/slang-rt/CMakeFiles/slang-rt.dir/__/core/slang-command-options-writer.cpp.o
[  8%] Building CXX object source/slang-rt/CMakeFiles/slang-rt.dir/__/core/slang-command-options.cpp.o
[  8%] Building C object external/cmark/src/CMakeFiles/libcmark-gfm.dir/map.c.o
[  8%] Building C object external/cmark/src/CMakeFiles/libcmark-gfm.dir/man.c.o
[  8%] Building CXX object source/slang-rt/CMakeFiles/slang-rt.dir/__/core/slang-crypto.cpp.o
[  8%] Building C object external/cmark/src/CMakeFiles/libcmark-gfm.dir/node.c.o
[  8%] Building CXX object source/slang-rt/CMakeFiles/slang-rt.dir/__/core/slang-deflate-compression-system.cpp.o
[  9%] Building C object external/cmark/src/CMakeFiles/libcmark-gfm.dir/plaintext.c.o
[  9%] Building CXX object source/slang-rt/CMakeFiles/slang-rt.dir/__/core/slang-file-system.cpp.o
[  9%] Building C object external/cmark/src/CMakeFiles/libcmark-gfm.dir/plugin.c.o
[  9%] Building C object external/cmark/src/CMakeFiles/libcmark-gfm.dir/references.c.o
[  9%] Building CXX object source/slang-rt/CMakeFiles/slang-rt.dir/__/core/slang-free-list.cpp.o
[  9%] Building C object external/cmark/src/CMakeFiles/libcmark-gfm.dir/registry.c.o
[  9%] Building C object external/cmark/src/CMakeFiles/libcmark-gfm.dir/render.c.o
[  9%] Building C object external/cmark/src/CMakeFiles/libcmark-gfm.dir/scanners.c.o
[ 10%] Building C object external/cmark/src/CMakeFiles/libcmark-gfm.dir/syntax_extension.c.o
[ 10%] Building C object external/cmark/src/CMakeFiles/libcmark-gfm.dir/utf8.c.o
[ 10%] Building C object external/cmark/src/CMakeFiles/libcmark-gfm.dir/xml.c.o
[ 10%] Building CXX object source/slang-rt/CMakeFiles/slang-rt.dir/__/core/slang-hex-dump-util.cpp.o
[ 11%] Building CXX object source/slang-rt/CMakeFiles/slang-rt.dir/__/core/slang-http.cpp.o
[ 11%] Building CXX object source/slang-rt/CMakeFiles/slang-rt.dir/__/core/slang-implicit-directory-collector.cpp.o
[ 11%] Linking C static library libcmark-gfm.a
[ 11%] Built target libcmark-gfm
[ 11%] Building CXX object source/slang-rt/CMakeFiles/slang-rt.dir/__/core/slang-internally-linked-list.cpp.o
[ 11%] Building CXX object source/slang-rt/CMakeFiles/slang-rt.dir/__/core/slang-io.cpp.o
[ 11%] Building CXX object source/slang-rt/CMakeFiles/slang-rt.dir/__/core/slang-lz4-compression-system.cpp.o
[ 11%] Building CXX object source/slang-rt/CMakeFiles/slang-rt.dir/__/core/slang-memory-arena.cpp.o
[ 12%] Building CXX object source/slang-rt/CMakeFiles/slang-rt.dir/__/core/slang-memory-file-system.cpp.o
[ 12%] Building CXX object source/slang-rt/CMakeFiles/slang-rt.dir/__/core/slang-name-value.cpp.o
[ 12%] Building CXX object source/slang-rt/CMakeFiles/slang-rt.dir/__/core/slang-offset-container.cpp.o
[ 12%] Building CXX object source/slang-rt/CMakeFiles/slang-rt.dir/__/core/slang-performance-profiler.cpp.o
[ 12%] Building CXX object source/slang-rt/CMakeFiles/slang-rt.dir/__/core/slang-platform.cpp.o
[ 12%] Building CXX object source/slang-rt/CMakeFiles/slang-rt.dir/__/core/slang-persistent-cache.cpp.o
[ 13%] Building CXX object source/slang-rt/CMakeFiles/slang-rt.dir/__/core/slang-process-util.cpp.o
[ 13%] Building CXX object source/slang-rt/CMakeFiles/slang-rt.dir/__/core/slang-random-generator.cpp.o
[ 13%] Building CXX object source/slang-rt/CMakeFiles/slang-rt.dir/__/core/slang-relative-ptr.cpp.o
[ 13%] Building CXX object source/slang-rt/CMakeFiles/slang-rt.dir/__/core/slang-render-api-util.cpp.o
[ 13%] Linking CXX shared module ../../None/lib/libslang-glslang-2026.14.1.so
[ 13%] Building CXX object source/slang-rt/CMakeFiles/slang-rt.dir/__/core/slang-riff-file-system.cpp.o
[ 13%] Building CXX object source/slang-rt/CMakeFiles/slang-rt.dir/__/core/slang-riff.cpp.o
[ 14%] Building CXX object source/slang-rt/CMakeFiles/slang-rt.dir/__/core/slang-rtti-info.cpp.o
[ 14%] Building CXX object source/slang-rt/CMakeFiles/slang-rt.dir/__/core/slang-rtti-util.cpp.o
[ 14%] Building CXX object source/slang-rt/CMakeFiles/slang-rt.dir/__/core/slang-semantic-version.cpp.o
[ 14%] Building CXX object source/slang-rt/CMakeFiles/slang-rt.dir/__/core/slang-shared-library.cpp.o
[ 14%] Building CXX object source/slang-rt/CMakeFiles/slang-rt.dir/__/core/slang-signal.cpp.o
[ 14%] Building CXX object source/slang-rt/CMakeFiles/slang-rt.dir/__/core/slang-std-writers.cpp.o
[ 15%] Building CXX object source/slang-rt/CMakeFiles/slang-rt.dir/__/core/slang-stream.cpp.o
[ 15%] Building CXX object source/slang-rt/CMakeFiles/slang-rt.dir/__/core/slang-string-escape-util.cpp.o
[ 15%] Built target slang-glslang
[ 15%] Building CXX object source/slang-rt/CMakeFiles/slang-rt.dir/__/core/slang-string-slice-index-map.cpp.o
[ 15%] Building CXX object source/slang-rt/CMakeFiles/slang-rt.dir/__/core/slang-string-util.cpp.o
[ 15%] Building CXX object source/slang-rt/CMakeFiles/slang-rt.dir/__/core/slang-string-slice-pool.cpp.o
[ 15%] Building CXX object source/slang-rt/CMakeFiles/slang-rt.dir/__/core/slang-string.cpp.o
[ 16%] Building CXX object source/slang-rt/CMakeFiles/slang-rt.dir/__/core/slang-test-tool-util.cpp.o
[ 16%] Building CXX object source/slang-rt/CMakeFiles/slang-rt.dir/__/core/slang-text-io.cpp.o
[ 16%] Building CXX object source/slang-rt/CMakeFiles/slang-rt.dir/__/core/slang-token-reader.cpp.o
[ 16%] Building CXX object source/slang-rt/CMakeFiles/slang-rt.dir/__/core/slang-type-convert-util.cpp.o
[ 16%] Building CXX object source/slang-rt/CMakeFiles/slang-rt.dir/__/core/slang-type-text-util.cpp.o
[ 16%] Building CXX object source/slang-rt/CMakeFiles/slang-rt.dir/__/core/slang-uint-set.cpp.o
[ 17%] Building CXX object source/slang-rt/CMakeFiles/slang-rt.dir/__/core/slang-writer.cpp.o
[ 17%] Building CXX object source/slang-rt/CMakeFiles/slang-rt.dir/__/core/slang-zip-file-system.cpp.o
[ 17%] Building CXX object source/slang-rt/CMakeFiles/slang-rt.dir/__/core/unix/slang-unix-process.cpp.o
[ 17%] Building CXX object source/core/CMakeFiles/core.dir/slang-blob-builder.cpp.o
[ 17%] Building CXX object source/core/CMakeFiles/core.dir/slang-archive-file-system.cpp.o
[ 17%] Building CXX object source/core/CMakeFiles/core.dir/slang-blob.cpp.o
[ 17%] Building CXX object source/core/CMakeFiles/core.dir/slang-byte-encode-util.cpp.o
[ 18%] Building CXX object source/core/CMakeFiles/core.dir/slang-builtin-module-cache.cpp.o
[ 18%] Building CXX object source/core/CMakeFiles/core.dir/slang-castable.cpp.o
[ 18%] Building CXX object source/core/CMakeFiles/core.dir/slang-char-encode.cpp.o
[ 18%] Building CXX object source/core/CMakeFiles/core.dir/slang-char-util.cpp.o
[ 18%] Building CXX object source/core/CMakeFiles/core.dir/slang-command-line.cpp.o
[ 19%] Building CXX object source/core/CMakeFiles/core.dir/slang-command-options-writer.cpp.o
[ 19%] Building CXX object source/core/CMakeFiles/core.dir/slang-crypto.cpp.o
[ 19%] Building CXX object source/core/CMakeFiles/core.dir/slang-command-options.cpp.o
[ 19%] Building CXX object source/core/CMakeFiles/core.dir/slang-deflate-compression-system.cpp.o
[ 19%] Building CXX object source/core/CMakeFiles/core.dir/slang-file-system.cpp.o
[ 19%] Building CXX object source/core/CMakeFiles/core.dir/slang-free-list.cpp.o
[ 20%] Building CXX object source/core/CMakeFiles/core.dir/slang-hex-dump-util.cpp.o
[ 20%] Building CXX object source/core/CMakeFiles/core.dir/slang-http.cpp.o
[ 20%] Building CXX object source/core/CMakeFiles/core.dir/slang-implicit-directory-collector.cpp.o
[ 20%] Building CXX object source/core/CMakeFiles/core.dir/slang-internally-linked-list.cpp.o
[ 20%] Building CXX object source/core/CMakeFiles/core.dir/slang-io.cpp.o
[ 20%] Building CXX object source/core/CMakeFiles/core.dir/slang-lz4-compression-system.cpp.o
[ 21%] Building CXX object source/core/CMakeFiles/core.dir/slang-memory-arena.cpp.o
[ 21%] Building CXX object source/core/CMakeFiles/core.dir/slang-memory-file-system.cpp.o
[ 21%] Building CXX object source/core/CMakeFiles/core.dir/slang-name-value.cpp.o
[ 21%] Building CXX object source/core/CMakeFiles/core.dir/slang-offset-container.cpp.o
[ 21%] Building CXX object source/core/CMakeFiles/core.dir/slang-performance-profiler.cpp.o
[ 21%] Building CXX object source/core/CMakeFiles/core.dir/slang-persistent-cache.cpp.o
[ 22%] Building CXX object source/core/CMakeFiles/core.dir/slang-platform.cpp.o
[ 22%] Building CXX object source/core/CMakeFiles/core.dir/slang-process-util.cpp.o
[ 22%] Building CXX object source/core/CMakeFiles/core.dir/slang-random-generator.cpp.o
[ 22%] Building CXX object source/core/CMakeFiles/core.dir/slang-relative-ptr.cpp.o
[ 22%] Building CXX object source/core/CMakeFiles/core.dir/slang-riff-file-system.cpp.o
[ 22%] Building CXX object source/core/CMakeFiles/core.dir/slang-render-api-util.cpp.o
[ 23%] Building CXX object source/core/CMakeFiles/core.dir/slang-riff.cpp.o
[ 23%] Building CXX object source/core/CMakeFiles/core.dir/slang-rtti-info.cpp.o
[ 23%] Building CXX object source/core/CMakeFiles/core.dir/slang-rtti-util.cpp.o
[ 23%] Building CXX object source/core/CMakeFiles/core.dir/slang-semantic-version.cpp.o
[ 23%] Building CXX object source/core/CMakeFiles/core.dir/slang-signal.cpp.o
[ 23%] Building CXX object source/core/CMakeFiles/core.dir/slang-shared-library.cpp.o
[ 24%] Building CXX object source/core/CMakeFiles/core.dir/slang-std-writers.cpp.o
[ 24%] Building CXX object source/core/CMakeFiles/core.dir/slang-stream.cpp.o
[ 24%] Building CXX object source/core/CMakeFiles/core.dir/slang-string-escape-util.cpp.o
[ 24%] Building CXX object source/core/CMakeFiles/core.dir/slang-string-slice-index-map.cpp.o
[ 24%] Building CXX object source/core/CMakeFiles/core.dir/slang-string-slice-pool.cpp.o
[ 24%] Building CXX object source/core/CMakeFiles/core.dir/slang-string-util.cpp.o
[ 25%] Building CXX object source/core/CMakeFiles/core.dir/slang-string.cpp.o
[ 25%] Building CXX object source/core/CMakeFiles/core.dir/slang-test-tool-util.cpp.o
[ 25%] Building CXX object source/core/CMakeFiles/core.dir/slang-text-io.cpp.o
[ 25%] Linking CXX shared library ../../None/lib/libslang-rt.so
[ 25%] Building CXX object source/core/CMakeFiles/core.dir/slang-token-reader.cpp.o
[ 25%] Building CXX object source/core/CMakeFiles/core.dir/slang-type-convert-util.cpp.o
[ 25%] Building CXX object source/core/CMakeFiles/core.dir/slang-type-text-util.cpp.o
[ 26%] Building CXX object source/core/CMakeFiles/core.dir/slang-uint-set.cpp.o
[ 26%] Building CXX object source/core/CMakeFiles/core.dir/slang-writer.cpp.o
[ 26%] Building CXX object source/core/CMakeFiles/core.dir/slang-zip-file-system.cpp.o
[ 26%] Building CXX object source/core/CMakeFiles/core.dir/unix/slang-unix-process.cpp.o
[ 26%] Linking CXX static library ../../None/lib/libcore.a
[ 26%] Built target core
[ 26%] Building CXX object tools/CMakeFiles/slang-embed.dir/slang-embed/slang-embed.cpp.o
[ 26%] Building CXX object tools/CMakeFiles/slang-generate.dir/slang-generate/main.cpp.o
[ 26%] Building CXX object source/slang-core-module/CMakeFiles/slang-no-embedded-core-module.dir/slang-embedded-core-module.cpp.o
[ 26%] Building CXX object source/slang-dispatcher/CMakeFiles/slang-dispatcher.dir/main.cpp.o
[ 26%] Building CXX object source/compiler-core/CMakeFiles/compiler-core.dir/slang-dxc-compiler.cpp.o
[ 26%] Building CXX object source/compiler-core/CMakeFiles/compiler-core.dir/cmake_pch.hxx.gch
[ 26%] Built target slang-no-embedded-core-module
[ 26%] Linking CXX executable ../../None/bin/slang
[ 26%] Linking CXX executable ../generators/None/bin/slang-generate
[ 27%] Linking CXX executable ../generators/None/bin/slang-embed
[ 27%] Built target slang-rt
[ 27%] Built target slang-dispatcher
[ 27%] Built target slang-generate
[ 27%] Built target slang-embed
[ 27%] Generating slang-cpp-host-prelude.h.cpp
[ 27%] Generating slang-cpp-prelude.h.cpp
[ 27%] Generating slang-torch-prelude.h.cpp
[ 27%] Generating slang-cuda-prelude.h.cpp
[ 27%] Generating slang-hlsl-prelude.h.cpp
[ 28%] Building CXX object prelude/CMakeFiles/prelude.dir/slang-cuda-prelude.h.cpp.o
[ 28%] Building CXX object prelude/CMakeFiles/prelude.dir/slang-hlsl-prelude.h.cpp.o
[ 28%] Building CXX object prelude/CMakeFiles/prelude.dir/slang-cpp-prelude.h.cpp.o
[ 28%] Building CXX object prelude/CMakeFiles/prelude.dir/slang-cpp-host-prelude.h.cpp.o
[ 28%] Building CXX object prelude/CMakeFiles/prelude.dir/slang-torch-prelude.h.cpp.o
[ 29%] Building CXX object source/compiler-core/CMakeFiles/compiler-core.dir/slang-artifact-helper.cpp.o
[ 29%] Building CXX object source/compiler-core/CMakeFiles/compiler-core.dir/slang-artifact-desc-util.cpp.o
[ 29%] Building CXX object source/compiler-core/CMakeFiles/compiler-core.dir/slang-artifact-container-util.cpp.o
[ 29%] Building CXX object source/compiler-core/CMakeFiles/compiler-core.dir/slang-artifact-associated-impl.cpp.o
[ 29%] Building CXX object source/compiler-core/CMakeFiles/compiler-core.dir/slang-artifact-diagnostic-util.cpp.o
[ 29%] Building CXX object source/compiler-core/CMakeFiles/compiler-core.dir/slang-command-line-args.cpp.o
[ 29%] Building CXX object source/compiler-core/CMakeFiles/compiler-core.dir/slang-artifact-representation-impl.cpp.o
[ 29%] Building CXX object source/compiler-core/CMakeFiles/compiler-core.dir/slang-artifact-handler-impl.cpp.o
[ 29%] Building CXX object source/compiler-core/CMakeFiles/compiler-core.dir/slang-artifact-impl.cpp.o
[ 29%] Building CXX object source/compiler-core/CMakeFiles/compiler-core.dir/slang-diagnostic-sink.cpp.o
[ 29%] Building CXX object source/compiler-core/CMakeFiles/compiler-core.dir/slang-core-diagnostics.cpp.o
[ 29%] Building CXX object source/compiler-core/CMakeFiles/compiler-core.dir/slang-downstream-compiler-set.cpp.o
[ 30%] Building CXX object source/compiler-core/CMakeFiles/compiler-core.dir/slang-downstream-compiler-util.cpp.o
[ 31%] Building CXX object source/compiler-core/CMakeFiles/compiler-core.dir/slang-artifact-util.cpp.o
[ 31%] Building CXX object source/compiler-core/CMakeFiles/compiler-core.dir/slang-doc-extractor.cpp.o
[ 31%] Building CXX object source/compiler-core/CMakeFiles/compiler-core.dir/slang-downstream-compiler.cpp.o
[ 31%] Building CXX object source/compiler-core/CMakeFiles/compiler-core.dir/slang-fxc-compiler.cpp.o
[ 31%] Building CXX object source/compiler-core/CMakeFiles/compiler-core.dir/slang-gcc-compiler-util.cpp.o
[ 31%] Building CXX object source/compiler-core/CMakeFiles/compiler-core.dir/slang-glslang-compiler.cpp.o
[ 32%] Building CXX object source/compiler-core/CMakeFiles/compiler-core.dir/slang-include-system.cpp.o
[ 32%] Building CXX object source/compiler-core/CMakeFiles/compiler-core.dir/slang-json-diagnostics.cpp.o
[ 32%] Building CXX object source/compiler-core/CMakeFiles/compiler-core.dir/slang-json-lexer.cpp.o
[ 32%] Building CXX object source/compiler-core/CMakeFiles/compiler-core.dir/slang-json-native.cpp.o
[ 32%] Building CXX object source/compiler-core/CMakeFiles/compiler-core.dir/slang-json-parser.cpp.o
[ 32%] Building CXX object source/compiler-core/CMakeFiles/compiler-core.dir/slang-json-rpc-connection.cpp.o
[ 33%] Building CXX object source/compiler-core/CMakeFiles/compiler-core.dir/slang-json-rpc.cpp.o
[ 33%] Building CXX object source/compiler-core/CMakeFiles/compiler-core.dir/slang-json-source-map-util.cpp.o
[ 33%] Building CXX object source/compiler-core/CMakeFiles/compiler-core.dir/slang-json-value.cpp.o
[ 33%] Building CXX object source/compiler-core/CMakeFiles/compiler-core.dir/slang-language-server-protocol.cpp.o
[ 33%] Building CXX object source/compiler-core/CMakeFiles/compiler-core.dir/slang-lexer.cpp.o
[ 33%] Building CXX object source/compiler-core/CMakeFiles/compiler-core.dir/slang-llvm-compiler.cpp.o
[ 34%] Building CXX object source/compiler-core/CMakeFiles/compiler-core.dir/slang-metal-compiler.cpp.o
[ 34%] Building CXX object source/compiler-core/CMakeFiles/compiler-core.dir/slang-name-convention-util.cpp.o
[ 34%] Building CXX object source/compiler-core/CMakeFiles/compiler-core.dir/slang-name.cpp.o
[ 34%] Building CXX object source/compiler-core/CMakeFiles/compiler-core.dir/slang-nvrtc-compiler.cpp.o
[ 34%] Building CXX object source/compiler-core/CMakeFiles/compiler-core.dir/slang-perfect-hash-codegen.cpp.o
[ 34%] Building CXX object source/compiler-core/CMakeFiles/compiler-core.dir/slang-perfect-hash.cpp.o
[ 35%] Building CXX object source/compiler-core/CMakeFiles/compiler-core.dir/slang-pretty-writer.cpp.o
[ 35%] Built target prelude
[ 35%] Building CXX object source/compiler-core/CMakeFiles/compiler-core.dir/slang-rich-diagnostics-render.cpp.o
[ 35%] Building CXX object source/compiler-core/CMakeFiles/compiler-core.dir/slang-slice-allocator.cpp.o
[ 35%] Building CXX object source/compiler-core/CMakeFiles/compiler-core.dir/slang-source-embed-util.cpp.o
[ 35%] Building CXX object source/compiler-core/CMakeFiles/compiler-core.dir/slang-source-loc.cpp.o
[ 36%] Building CXX object source/compiler-core/CMakeFiles/compiler-core.dir/slang-source-map.cpp.o
[ 36%] Building CXX object source/compiler-core/CMakeFiles/compiler-core.dir/slang-spirv-core-grammar.cpp.o
[ 36%] Building CXX object source/compiler-core/CMakeFiles/compiler-core.dir/slang-test-server-protocol.cpp.o
[ 36%] Building CXX object source/compiler-core/CMakeFiles/compiler-core.dir/slang-tint-compiler.cpp.o
[ 36%] Building CXX object source/compiler-core/CMakeFiles/compiler-core.dir/slang-token.cpp.o
[ 36%] Building CXX object source/compiler-core/CMakeFiles/compiler-core.dir/slang-visual-studio-compiler-util.cpp.o
[ 36%] Linking CXX static library ../../None/lib/libcompiler-core.a
[ 36%] Built target compiler-core
[ 36%] Building CXX object tools/CMakeFiles/slang-fiddle.dir/cmake_pch.hxx.gch
[ 36%] Building CXX object tools/CMakeFiles/slang-lookup-generator.dir/cmake_pch.hxx.gch
[ 36%] Building CXX object tools/CMakeFiles/slang-cpp-parser.dir/cmake_pch.hxx.gch
[ 36%] Building CXX object tools/CMakeFiles/slang-spirv-embed-generator.dir/cmake_pch.hxx.gch
[ 36%] Building CXX object tools/CMakeFiles/slang-capability-generator.dir/cmake_pch.hxx.gch
[ 38%] Building CXX object tools/CMakeFiles/slang-cpp-parser.dir/slang-cpp-parser/diagnostics.cpp.o
[ 38%] Building CXX object tools/CMakeFiles/slang-cpp-parser.dir/slang-cpp-parser/node-tree.cpp.o
[ 38%] Building CXX object tools/CMakeFiles/slang-cpp-parser.dir/slang-cpp-parser/node.cpp.o
[ 38%] Building CXX object tools/CMakeFiles/slang-cpp-parser.dir/slang-cpp-parser/options.cpp.o
[ 38%] Building CXX object tools/CMakeFiles/slang-cpp-parser.dir/slang-cpp-parser/identifier-lookup.cpp.o
[ 38%] Building CXX object tools/CMakeFiles/slang-cpp-parser.dir/slang-cpp-parser/file-util.cpp.o
[ 38%] Building CXX object tools/CMakeFiles/slang-cpp-parser.dir/slang-cpp-parser/parser.cpp.o
[ 38%] Building CXX object tools/CMakeFiles/slang-cpp-parser.dir/slang-cpp-parser/unit-test.cpp.o
[ 38%] Building CXX object tools/CMakeFiles/slang-spirv-embed-generator.dir/slang-spirv-embed-generator/spirv-embed-generator-main.cpp.o
[ 38%] Building CXX object tools/CMakeFiles/slang-capability-generator.dir/slang-capability-generator/capability-generator-main.cpp.o
[ 38%] Building CXX object tools/CMakeFiles/slang-lookup-generator.dir/slang-lookup-generator/lookup-generator-main.cpp.o
[ 38%] Building CXX object tools/CMakeFiles/slang-fiddle.dir/slang-fiddle/slang-fiddle-template.cpp.o
[ 38%] Building CXX object tools/CMakeFiles/slang-fiddle.dir/slang-fiddle/slang-fiddle-diagnostics.cpp.o
[ 38%] Building CXX object tools/CMakeFiles/slang-fiddle.dir/slang-fiddle/slang-fiddle-script.cpp.o
[ 38%] Building CXX object tools/CMakeFiles/slang-fiddle.dir/slang-fiddle/slang-fiddle-options.cpp.o
[ 39%] Building CXX object tools/CMakeFiles/slang-fiddle.dir/slang-fiddle/slang-fiddle-main.cpp.o
[ 39%] Building CXX object tools/CMakeFiles/slang-fiddle.dir/slang-fiddle/slang-fiddle-lua.cpp.o
[ 39%] Building CXX object tools/CMakeFiles/slang-fiddle.dir/slang-fiddle/slang-fiddle-scrape.cpp.o
[ 39%] Linking CXX static library ../None/lib/libslang-cpp-parser.a
[ 39%] Linking CXX executable ../generators/None/bin/slang-lookup-generator
[ 39%] Built target slang-cpp-parser
[ 40%] Linking CXX executable ../generators/None/bin/slang-spirv-embed-generator
[ 40%] Linking CXX executable ../generators/None/bin/slang-capability-generator
[ 41%] Linking CXX executable ../generators/None/bin/slang-fiddle
[ 41%] Built target slang-lookup-generator
[ 41%] Built target slang-spirv-embed-generator
[ 42%] Generating slang-lookup-tables/slang-lookup-GLSLstd450.cpp
[ 42%] Generating slang-lookup-tables/slang-spirv-core-grammar-embed.cpp
[ 42%] Building CXX object source/slang/CMakeFiles/slang-lookup-tables.dir/slang-lookup-tables/slang-spirv-core-grammar-embed.cpp.o
[ 42%] Building CXX object source/slang/CMakeFiles/slang-lookup-tables.dir/slang-lookup-tables/slang-lookup-GLSLstd450.cpp.o
[ 42%] Built target slang-fiddle
[ 42%] Generating fiddle/.fiddle.stamp
[ 42%] Built target slang-capability-generator
[ 42%] Generating capability/slang-generated-capability-defs.h, capability/slang-generated-capability-defs-impl.h, capability/slang-lookup-capability-defs.cpp
[ 42%] Built target slang-capability-defs
[ 43%] Building CXX object source/slang/CMakeFiles/slang-capability-lookup.dir/capability/slang-lookup-capability-defs.cpp.o
[ 43%] Built target slang-fiddle-output
[ 43%] Generating core-module-meta/core.meta.slang.h, core-module-meta/diff.meta.slang.h, core-module-meta/glsl.meta.slang.h, core-module-meta/hlsl.meta.slang.h
[ 43%] Building CXX object source/slang-core-module/CMakeFiles/slang-embedded-core-module-source.dir/slang-embedded-core-module-source.cpp.o
[ 43%] Built target slang-capability-lookup
[ 43%] Built target slang-lookup-tables
[ 43%] Building CXX object source/slang/CMakeFiles/slang-common-objects.dir/cmake_pch.hxx.gch
[ 43%] Building CXX object source/slang/CMakeFiles/slang-common-objects.dir/slang-rich-diagnostics.cpp.o
[ 43%] Building CXX object source/slang/CMakeFiles/slang-common-objects.dir/slang-ast-dump.cpp.o
[ 43%] Building CXX object source/slang/CMakeFiles/slang-common-objects.dir/slang-api.cpp.o
[ 43%] Building CXX object source/slang/CMakeFiles/slang-common-objects.dir/slang-ast-boilerplate.cpp.o
[ 43%] Building CXX object source/slang/CMakeFiles/slang-common-objects.dir/slang-ast-synthesis.cpp.o
[ 43%] Building CXX object source/slang/CMakeFiles/slang-common-objects.dir/slang-ast-base.cpp.o
[ 43%] Building CXX object source/slang/CMakeFiles/slang-common-objects.dir/slang-ast-clone.cpp.o
[ 44%] Building CXX object source/slang/CMakeFiles/slang-common-objects.dir/slang-ast-decl.cpp.o
[ 44%] Building CXX object source/slang/CMakeFiles/slang-common-objects.dir/slang-artifact-output-util.cpp.o
[ 44%] Building CXX object source/slang/CMakeFiles/slang-common-objects.dir/slang-ast-builder.cpp.o
[ 45%] Building CXX object source/slang/CMakeFiles/slang-common-objects.dir/slang-ast-natural-layout.cpp.o
[ 45%] Building CXX object source/slang/CMakeFiles/slang-common-objects.dir/slang-ast-modifier.cpp.o
[ 46%] Building CXX object source/slang/CMakeFiles/slang-common-objects.dir/slang-base-type-info.cpp.o
[ 46%] Building CXX object source/slang/CMakeFiles/slang-common-objects.dir/slang-ast-support-types.cpp.o
[ 46%] Building CXX object source/slang/CMakeFiles/slang-common-objects.dir/slang-ast-decl-ref.cpp.o
[ 46%] Building CXX object source/slang/CMakeFiles/slang-common-objects.dir/slang-ast-print.cpp.o
[ 46%] Building CXX object source/slang/CMakeFiles/slang-common-objects.dir/slang-ast-type.cpp.o
[ 46%] Building CXX object source/slang/CMakeFiles/slang-common-objects.dir/slang-ast-val.cpp.o
[ 46%] Building CXX object source/slang/CMakeFiles/slang-common-objects.dir/slang-capability.cpp.o
[ 46%] Building CXX object source/slang/CMakeFiles/slang-common-objects.dir/slang-check-conformance.cpp.o
[ 46%] Building CXX object source/slang/CMakeFiles/slang-common-objects.dir/slang-check-constraint.cpp.o
[ 46%] Building CXX object source/slang/CMakeFiles/slang-common-objects.dir/slang-check-conversion.cpp.o
[ 46%] Building CXX object source/slang/CMakeFiles/slang-common-objects.dir/slang-check-decl.cpp.o
[ 47%] Building CXX object source/slang/CMakeFiles/slang-common-objects.dir/slang-check-expr.cpp.o
[ 47%] Building CXX object source/slang/CMakeFiles/slang-common-objects.dir/slang-check-inheritance.cpp.o
[ 47%] Building CXX object source/slang/CMakeFiles/slang-common-objects.dir/slang-check-modifier.cpp.o
[ 47%] Building CXX object source/slang/CMakeFiles/slang-common-objects.dir/slang-check-out-of-bound-access.cpp.o
[ 47%] Building CXX object source/slang/CMakeFiles/slang-common-objects.dir/slang-check-overload.cpp.o
[ 47%] Building CXX object source/slang/CMakeFiles/slang-common-objects.dir/slang-check-resolve-val.cpp.o
[ 48%] Building CXX object source/slang/CMakeFiles/slang-common-objects.dir/slang-check-shader.cpp.o
[ 48%] Building CXX object source/slang/CMakeFiles/slang-common-objects.dir/slang-check-stmt.cpp.o
[ 48%] Building CXX object source/slang/CMakeFiles/slang-common-objects.dir/slang-check-type.cpp.o
[ 48%] Building CXX object source/slang/CMakeFiles/slang-common-objects.dir/slang-check.cpp.o
[ 48%] Building CXX object source/slang/CMakeFiles/slang-common-objects.dir/slang-code-gen.cpp.o
[ 48%] Building CXX object source/slang/CMakeFiles/slang-common-objects.dir/slang-compile-request.cpp.o
[ 50%] Building CXX object source/slang/CMakeFiles/slang-common-objects.dir/slang-compiler-api.cpp.o
[ 50%] Building CXX object source/slang/CMakeFiles/slang-common-objects.dir/slang-compiler-options.cpp.o
[ 50%] Building CXX object source/slang/CMakeFiles/slang-common-objects.dir/slang-compiler-tu.cpp.o
[ 50%] Built target slang-embedded-core-module-source
[ 50%] Building CXX object source/slang/CMakeFiles/slang-common-objects.dir/slang-compiler.cpp.o
[ 50%] Building CXX object source/slang/CMakeFiles/slang-common-objects.dir/slang-core-module-textures.cpp.o
[ 50%] Building CXX object source/slang/CMakeFiles/slang-common-objects.dir/slang-core-module.cpp.o
[ 51%] Building CXX object source/slang/CMakeFiles/slang-common-objects.dir/slang-diagnostics.cpp.o
[ 51%] Building CXX object source/slang/CMakeFiles/slang-common-objects.dir/slang-doc-ast.cpp.o
[ 51%] Building CXX object source/slang/CMakeFiles/slang-common-objects.dir/slang-doc-markdown-writer.cpp.o
[ 51%] Building CXX object source/slang/CMakeFiles/slang-common-objects.dir/slang-emit-base.cpp.o
[ 51%] Building CXX object source/slang/CMakeFiles/slang-common-objects.dir/slang-emit-c-like.cpp.o
[ 51%] Building CXX object source/slang/CMakeFiles/slang-common-objects.dir/slang-emit-cpp.cpp.o
[ 52%] Building CXX object source/slang/CMakeFiles/slang-common-objects.dir/slang-emit-cuda.cpp.o
[ 52%] Building CXX object source/slang/CMakeFiles/slang-common-objects.dir/slang-emit-dependency-file.cpp.o
[ 52%] Building CXX object source/slang/CMakeFiles/slang-common-objects.dir/slang-emit-glsl.cpp.o
[ 52%] Building CXX object source/slang/CMakeFiles/slang-common-objects.dir/slang-emit-hlsl-prelude.cpp.o
[ 52%] Building CXX object source/slang/CMakeFiles/slang-common-objects.dir/slang-emit-hlsl.cpp.o
[ 52%] Building CXX object source/slang/CMakeFiles/slang-common-objects.dir/slang-emit-llvm.cpp.o
[ 53%] Building CXX object source/slang/CMakeFiles/slang-common-objects.dir/slang-emit-metal-prelude.cpp.o
[ 53%] Building CXX object source/slang/CMakeFiles/slang-common-objects.dir/slang-emit-metal.cpp.o
[ 53%] Building CXX object source/slang/CMakeFiles/slang-common-objects.dir/slang-emit-precedence.cpp.o
[ 53%] Building CXX object source/slang/CMakeFiles/slang-common-objects.dir/slang-emit-slang.cpp.o
[ 53%] Building CXX object source/slang/CMakeFiles/slang-common-objects.dir/slang-emit-source-writer.cpp.o
[ 53%] Building CXX object source/slang/CMakeFiles/slang-common-objects.dir/slang-emit-spirv.cpp.o
[ 54%] Building CXX object source/slang/CMakeFiles/slang-common-objects.dir/slang-emit-torch.cpp.o
[ 54%] Building CXX object source/slang/CMakeFiles/slang-common-objects.dir/slang-emit-vm.cpp.o
[ 54%] Building CXX object source/slang/CMakeFiles/slang-common-objects.dir/slang-emit-wgsl.cpp.o
[ 54%] Building CXX object source/slang/CMakeFiles/slang-common-objects.dir/slang-emit.cpp.o
[ 54%] Building CXX object source/slang/CMakeFiles/slang-common-objects.dir/slang-end-to-end-request.cpp.o
[ 54%] Building CXX object source/slang/CMakeFiles/slang-common-objects.dir/slang-entry-point.cpp.o
[ 55%] Building CXX object source/slang/CMakeFiles/slang-common-objects.dir/slang-extension-tracker.cpp.o
[ 55%] Building CXX object source/slang/CMakeFiles/slang-common-objects.dir/slang-fossil.cpp.o
[ 55%] Building CXX object source/slang/CMakeFiles/slang-common-objects.dir/slang-global-session.cpp.o
[ 55%] Building CXX object source/slang/CMakeFiles/slang-common-objects.dir/slang-hlsl-to-vulkan-layout-options.cpp.o
[ 55%] Building CXX object source/slang/CMakeFiles/slang-common-objects.dir/slang-intrinsic-expand.cpp.o
[ 55%] Building CXX object source/slang/CMakeFiles/slang-common-objects.dir/slang-ir-addr-inst-elimination.cpp.o
[ 56%] Building CXX object source/slang/CMakeFiles/slang-common-objects.dir/slang-ir-any-value-inference.cpp.o
[ 56%] Building CXX object source/slang/CMakeFiles/slang-common-objects.dir/slang-ir-any-value-marshalling.cpp.o
[ 56%] Building CXX object source/slang/CMakeFiles/slang-common-objects.dir/slang-ir-autodiff-cfg-norm.cpp.o
[ 56%] Building CXX object source/slang/CMakeFiles/slang-common-objects.dir/slang-ir-autodiff-fwd.cpp.o
[ 56%] Building CXX object source/slang/CMakeFiles/slang-common-objects.dir/slang-ir-autodiff-loop-analysis.cpp.o
[ 56%] Building CXX object source/slang/CMakeFiles/slang-common-objects.dir/slang-ir-autodiff-pairs.cpp.o
[ 57%] Building CXX object source/slang/CMakeFiles/slang-common-objects.dir/slang-ir-autodiff-primal-hoist.cpp.o
[ 57%] Building CXX object source/slang/CMakeFiles/slang-common-objects.dir/slang-ir-autodiff-region.cpp.o
[ 57%] Building CXX object source/slang/CMakeFiles/slang-common-objects.dir/slang-ir-autodiff-rev.cpp.o
[ 57%] Building CXX object source/slang/CMakeFiles/slang-common-objects.dir/slang-ir-autodiff-transpose.cpp.o
[ 57%] Building CXX object source/slang/CMakeFiles/slang-common-objects.dir/slang-ir-autodiff-unzip.cpp.o
[ 57%] Building CXX object source/slang/CMakeFiles/slang-common-objects.dir/slang-ir-autodiff.cpp.o
[ 58%] Building CXX object source/slang/CMakeFiles/slang-common-objects.dir/slang-ir-bind-existentials.cpp.o
[ 58%] Building CXX object source/slang/CMakeFiles/slang-common-objects.dir/slang-ir-bit-field-accessors.cpp.o
[ 58%] Building CXX object source/slang/CMakeFiles/slang-common-objects.dir/slang-ir-byte-address-legalize.cpp.o
[ 58%] Building CXX object source/slang/CMakeFiles/slang-common-objects.dir/slang-ir-call-graph.cpp.o
[ 58%] Building CXX object source/slang/CMakeFiles/slang-common-objects.dir/slang-ir-check-differentiability.cpp.o
[ 58%] Building CXX object source/slang/CMakeFiles/slang-common-objects.dir/slang-ir-check-optional-none-usage.cpp.o
[ 59%] Building CXX object source/slang/CMakeFiles/slang-common-objects.dir/slang-ir-check-recursion.cpp.o
[ 59%] Building CXX object source/slang/CMakeFiles/slang-common-objects.dir/slang-ir-check-shader-parameter-type.cpp.o
[ 59%] Building CXX object source/slang/CMakeFiles/slang-common-objects.dir/slang-ir-check-specialize-generic-with-existential.cpp.o
[ 59%] Building CXX object source/slang/CMakeFiles/slang-common-objects.dir/slang-ir-check-unsupported-inst.cpp.o
[ 59%] Building CXX object source/slang/CMakeFiles/slang-common-objects.dir/slang-ir-cleanup-void.cpp.o
[ 59%] Building CXX object source/slang/CMakeFiles/slang-common-objects.dir/slang-ir-clone.cpp.o
[ 60%] Building CXX object source/slang/CMakeFiles/slang-common-objects.dir/slang-ir-collect-global-uniforms.cpp.o
[ 60%] Building CXX object source/slang/CMakeFiles/slang-common-objects.dir/slang-ir-com-interface.cpp.o
[ 60%] Building CXX object source/slang/CMakeFiles/slang-common-objects.dir/slang-ir-constexpr.cpp.o
[ 60%] Building CXX object source/slang/CMakeFiles/slang-common-objects.dir/slang-ir-coverage-instrument.cpp.o
[ 60%] Building CXX object source/slang/CMakeFiles/slang-common-objects.dir/slang-ir-cuda-immutable-load.cpp.o
[ 60%] Building CXX object source/slang/CMakeFiles/slang-common-objects.dir/slang-ir-dce.cpp.o
[ 61%] Building CXX object source/slang/CMakeFiles/slang-common-objects.dir/slang-ir-deduplicate-generic-children.cpp.o
[ 61%] Building CXX object source/slang/CMakeFiles/slang-common-objects.dir/slang-ir-deduplicate.cpp.o
[ 61%] Building CXX object source/slang/CMakeFiles/slang-common-objects.dir/slang-ir-defer-buffer-load.cpp.o
[ 61%] Building CXX object source/slang/CMakeFiles/slang-common-objects.dir/slang-ir-defunctionalization.cpp.o
[ 61%] Building CXX object source/slang/CMakeFiles/slang-common-objects.dir/slang-ir-detect-uninitialized-resources.cpp.o
[ 61%] Building CXX object source/slang/CMakeFiles/slang-common-objects.dir/slang-ir-dll-export.cpp.o
[ 62%] Building CXX object source/slang/CMakeFiles/slang-common-objects.dir/slang-ir-dll-import.cpp.o
[ 62%] Building CXX object source/slang/CMakeFiles/slang-common-objects.dir/slang-ir-dominators.cpp.o
[ 62%] Building CXX object source/slang/CMakeFiles/slang-common-objects.dir/slang-ir-early-raytracing-intrinsic-simplification.cpp.o
[ 62%] Building CXX object source/slang/CMakeFiles/slang-common-objects.dir/slang-ir-eliminate-multilevel-break.cpp.o
[ 62%] Building CXX object source/slang/CMakeFiles/slang-common-objects.dir/slang-ir-eliminate-phis.cpp.o
[ 62%] Building CXX object source/slang/CMakeFiles/slang-common-objects.dir/slang-ir-entry-point-decorations.cpp.o
[ 63%] Building CXX object source/slang/CMakeFiles/slang-common-objects.dir/slang-ir-entry-point-pass.cpp.o
[ 63%] Building CXX object source/slang/CMakeFiles/slang-common-objects.dir/slang-ir-entry-point-raw-ptr-params.cpp.o
[ 63%] Building CXX object source/slang/CMakeFiles/slang-common-objects.dir/slang-ir-entry-point-uniforms.cpp.o
[ 63%] Building CXX object source/slang/CMakeFiles/slang-common-objects.dir/slang-ir-explicit-global-context.cpp.o
[ 63%] Building CXX object source/slang/CMakeFiles/slang-common-objects.dir/slang-ir-explicit-global-init.cpp.o
[ 63%] Building CXX object source/slang/CMakeFiles/slang-common-objects.dir/slang-ir-extract-value-from-type.cpp.o
[ 64%] Building CXX object source/slang/CMakeFiles/slang-common-objects.dir/slang-ir-fix-entrypoint-callsite.cpp.o
[ 64%] Building CXX object source/slang/CMakeFiles/slang-common-objects.dir/slang-ir-float-non-uniform-resource-index.cpp.o
[ 64%] Building CXX object source/slang/CMakeFiles/slang-common-objects.dir/slang-ir-fuse-satcoop.cpp.o
[ 64%] Building CXX object source/slang/CMakeFiles/slang-common-objects.dir/slang-ir-glsl-legalize.cpp.o
[ 64%] Building CXX object source/slang/CMakeFiles/slang-common-objects.dir/slang-ir-glsl-liveness.cpp.o
[ 64%] Building CXX object source/slang/CMakeFiles/slang-common-objects.dir/slang-ir-hlsl-legalize.cpp.o
[ 65%] Building CXX object source/slang/CMakeFiles/slang-common-objects.dir/slang-ir-init-local-var.cpp.o
[ 65%] Building CXX object source/slang/CMakeFiles/slang-common-objects.dir/slang-ir-inline.cpp.o
[ 65%] Building CXX object source/slang/CMakeFiles/slang-common-objects.dir/slang-ir-insert-debug-value-store.cpp.o
[ 65%] Building CXX object source/slang/CMakeFiles/slang-common-objects.dir/slang-ir-insts-info.cpp.o
[ 65%] Building CXX object source/slang/CMakeFiles/slang-common-objects.dir/slang-ir-insts-stable-names.cpp.o
[ 66%] Building CXX object source/slang/CMakeFiles/slang-common-objects.dir/slang-ir-late-require-capability.cpp.o
[ 66%] Building CXX object source/slang/CMakeFiles/slang-common-objects.dir/slang-ir-layout.cpp.o
[ 66%] Building CXX object source/slang/CMakeFiles/slang-common-objects.dir/slang-ir-legalize-array-return-type.cpp.o
[ 66%] Building CXX object source/slang/CMakeFiles/slang-common-objects.dir/slang-ir-legalize-binary-operator.cpp.o
[ 66%] Building CXX object source/slang/CMakeFiles/slang-common-objects.dir/slang-ir-legalize-composite-select.cpp.o
[ 66%] Building CXX object source/slang/CMakeFiles/slang-common-objects.dir/slang-ir-legalize-empty-array.cpp.o
[ 67%] Building CXX object source/slang/CMakeFiles/slang-common-objects.dir/slang-ir-legalize-global-values.cpp.o
[ 67%] Building CXX object source/slang/CMakeFiles/slang-common-objects.dir/slang-ir-legalize-image-subscript.cpp.o
[ 67%] Building CXX object source/slang/CMakeFiles/slang-common-objects.dir/slang-ir-legalize-matrix-types.cpp.o
[ 67%] Building CXX object source/slang/CMakeFiles/slang-common-objects.dir/slang-ir-legalize-mesh-outputs.cpp.o
[ 67%] Building CXX object source/slang/CMakeFiles/slang-common-objects.dir/slang-ir-legalize-types.cpp.o
[ 67%] Building CXX object source/slang/CMakeFiles/slang-common-objects.dir/slang-ir-legalize-uniform-buffer-load.cpp.o
[ 68%] Building CXX object source/slang/CMakeFiles/slang-common-objects.dir/slang-ir-legalize-varying-params.cpp.o
[ 68%] Building CXX object source/slang/CMakeFiles/slang-common-objects.dir/slang-ir-legalize-vector-types.cpp.o
[ 68%] Building CXX object source/slang/CMakeFiles/slang-common-objects.dir/slang-ir-link.cpp.o
[ 68%] Building CXX object source/slang/CMakeFiles/slang-common-objects.dir/slang-ir-liveness.cpp.o
[ 68%] Building CXX object source/slang/CMakeFiles/slang-common-objects.dir/slang-ir-loop-inversion.cpp.o
[ 68%] Building CXX object source/slang/CMakeFiles/slang-common-objects.dir/slang-ir-loop-unroll.cpp.o
[ 69%] Building CXX object source/slang/CMakeFiles/slang-common-objects.dir/slang-ir-lower-append-consume-structured-buffer.cpp.o
[ 69%] Building CXX object source/slang/CMakeFiles/slang-common-objects.dir/slang-ir-lower-binding-query.cpp.o
[ 69%] Building CXX object source/slang/CMakeFiles/slang-common-objects.dir/slang-ir-lower-bit-cast.cpp.o
[ 69%] Building CXX object source/slang/CMakeFiles/slang-common-objects.dir/slang-ir-lower-buffer-element-type.cpp.o
[ 69%] Building CXX object source/slang/CMakeFiles/slang-common-objects.dir/slang-ir-lower-com-methods.cpp.o
[ 69%] Building CXX object source/slang/CMakeFiles/slang-common-objects.dir/slang-ir-lower-combined-texture-sampler.cpp.o
[ 70%] Building CXX object source/slang/CMakeFiles/slang-common-objects.dir/slang-ir-lower-conditional-type.cpp.o
[ 70%] Building CXX object source/slang/CMakeFiles/slang-common-objects.dir/slang-ir-lower-coopvec.cpp.o
[ 70%] Building CXX object source/slang/CMakeFiles/slang-common-objects.dir/slang-ir-lower-copy-logical.cpp.o
[ 70%] Building CXX object source/slang/CMakeFiles/slang-common-objects.dir/slang-ir-lower-cpu-resource-types.cpp.o
[ 70%] Building CXX object source/slang/CMakeFiles/slang-common-objects.dir/slang-ir-lower-cuda-builtin-types.cpp.o
[ 70%] Building CXX object source/slang/CMakeFiles/slang-common-objects.dir/slang-ir-lower-defer.cpp.o
[ 71%] Building CXX object source/slang/CMakeFiles/slang-common-objects.dir/slang-ir-lower-dynamic-dispatch-insts.cpp.o
[ 71%] Building CXX object source/slang/CMakeFiles/slang-common-objects.dir/slang-ir-lower-dynamic-resource-heap.cpp.o
[ 71%] Building CXX object source/slang/CMakeFiles/slang-common-objects.dir/slang-ir-lower-enum-type.cpp.o
[ 71%] Building CXX object source/slang/CMakeFiles/slang-common-objects.dir/slang-ir-lower-error-handling.cpp.o
[ 71%] Building CXX object source/slang/CMakeFiles/slang-common-objects.dir/slang-ir-lower-expand-type.cpp.o
[ 71%] Building CXX object source/slang/CMakeFiles/slang-common-objects.dir/slang-ir-lower-glsl-ssbo-types.cpp.o
[ 72%] Building CXX object source/slang/CMakeFiles/slang-common-objects.dir/slang-ir-lower-l-value-cast.cpp.o
[ 72%] Building CXX object source/slang/CMakeFiles/slang-common-objects.dir/slang-ir-lower-optional-type.cpp.o
[ 72%] Building CXX object source/slang/CMakeFiles/slang-common-objects.dir/slang-ir-lower-matrix-swizzle-store.cpp.o
[ 72%] Building CXX object source/slang/CMakeFiles/slang-common-objects.dir/slang-ir-lower-out-parameters.cpp.o
[ 72%] Building CXX object source/slang/CMakeFiles/slang-common-objects.dir/slang-ir-lower-reinterpret.cpp.o
[ 72%] Building CXX object source/slang/CMakeFiles/slang-common-objects.dir/slang-ir-lower-result-type.cpp.o
[ 73%] Building CXX object source/slang/CMakeFiles/slang-common-objects.dir/slang-ir-lower-tuple-types.cpp.o
[ 73%] Building CXX object source/slang/CMakeFiles/slang-common-objects.dir/slang-ir-marshal-native-call.cpp.o
[ 73%] Building CXX object source/slang/CMakeFiles/slang-common-objects.dir/slang-ir-mesh-output-reads.cpp.o
[ 73%] Building CXX object source/slang/CMakeFiles/slang-common-objects.dir/slang-ir-metadata.cpp.o
[ 73%] Building CXX object source/slang/CMakeFiles/slang-common-objects.dir/slang-ir-metal-legalize.cpp.o
[ 73%] Building CXX object source/slang/CMakeFiles/slang-common-objects.dir/slang-ir-missing-return.cpp.o
[ 74%] Building CXX object source/slang/CMakeFiles/slang-common-objects.dir/slang-ir-obfuscate-loc.cpp.o
[ 74%] Building CXX object source/slang/CMakeFiles/slang-common-objects.dir/slang-ir-operator-shift-overflow.cpp.o
[ 74%] Building CXX object source/slang/CMakeFiles/slang-common-objects.dir/slang-ir-optix-entry-point-uniforms.cpp.o
[ 74%] Building CXX object source/slang/CMakeFiles/slang-common-objects.dir/slang-ir-peephole.cpp.o
[ 74%] Building CXX object source/slang/CMakeFiles/slang-common-objects.dir/slang-ir-propagate-func-properties.cpp.o
[ 74%] Building CXX object source/slang/CMakeFiles/slang-common-objects.dir/slang-ir-pytorch-cpp-binding.cpp.o
[ 75%] Building CXX object source/slang/CMakeFiles/slang-common-objects.dir/slang-ir-reachability.cpp.o
[ 75%] Building CXX object source/slang/CMakeFiles/slang-common-objects.dir/slang-ir-redundancy-removal.cpp.o
[ 75%] Building CXX object source/slang/CMakeFiles/slang-common-objects.dir/slang-ir-remove-unused-generic-param.cpp.o
[ 75%] Building CXX object source/slang/CMakeFiles/slang-common-objects.dir/slang-ir-resolve-texture-format.cpp.o
[ 75%] Building CXX object source/slang/CMakeFiles/slang-common-objects.dir/slang-ir-resolve-varying-input-ref.cpp.o
[ 75%] Building CXX object source/slang/CMakeFiles/slang-common-objects.dir/slang-ir-restructure-scoping.cpp.o
[ 76%] Building CXX object source/slang/CMakeFiles/slang-common-objects.dir/slang-ir-restructure.cpp.o
[ 76%] Building CXX object source/slang/CMakeFiles/slang-common-objects.dir/slang-ir-sccp.cpp.o
[ 76%] Building CXX object source/slang/CMakeFiles/slang-common-objects.dir/slang-ir-simplify-cfg.cpp.o
[ 76%] Building CXX object source/slang/CMakeFiles/slang-common-objects.dir/slang-ir-simplify-for-emit.cpp.o
[ 76%] Building CXX object source/slang/CMakeFiles/slang-common-objects.dir/slang-ir-single-return.cpp.o
[ 76%] Building CXX object source/slang/CMakeFiles/slang-common-objects.dir/slang-ir-specialize-address-space.cpp.o
[ 77%] Building CXX object source/slang/CMakeFiles/slang-common-objects.dir/slang-ir-specialize-arrays.cpp.o
[ 77%] Building CXX object source/slang/CMakeFiles/slang-common-objects.dir/slang-ir-specialize-buffer-load-arg.cpp.o
[ 77%] Building CXX object source/slang/CMakeFiles/slang-common-objects.dir/slang-ir-specialize-function-call.cpp.o
[ 77%] Building CXX object source/slang/CMakeFiles/slang-common-objects.dir/slang-ir-specialize-matrix-layout.cpp.o
[ 77%] Building CXX object source/slang/CMakeFiles/slang-common-objects.dir/slang-ir-specialize-resources.cpp.o
[ 77%] Building CXX object source/slang/CMakeFiles/slang-common-objects.dir/slang-ir-specialize-stage-switch.cpp.o
[ 78%] Building CXX object source/slang/CMakeFiles/slang-common-objects.dir/slang-ir-specialize-target-switch.cpp.o
[ 78%] Building CXX object source/slang/CMakeFiles/slang-common-objects.dir/slang-ir-specialize.cpp.o
[ 78%] Building CXX object source/slang/CMakeFiles/slang-common-objects.dir/slang-ir-spirv-legalize.cpp.o
[ 78%] Building CXX object source/slang/CMakeFiles/slang-common-objects.dir/slang-ir-spirv-snippet.cpp.o
[ 78%] Building CXX object source/slang/CMakeFiles/slang-common-objects.dir/slang-ir-ssa-register-allocate.cpp.o
[ 78%] Building CXX object source/slang/CMakeFiles/slang-common-objects.dir/slang-ir-ssa-simplification.cpp.o
[ 79%] Building CXX object source/slang/CMakeFiles/slang-common-objects.dir/slang-ir-ssa.cpp.o
[ 79%] Building CXX object source/slang/CMakeFiles/slang-common-objects.dir/slang-ir-string-hash.cpp.o
[ 79%] Building CXX object source/slang/CMakeFiles/slang-common-objects.dir/slang-ir-strip-debug-info.cpp.o
[ 79%] Building CXX object source/slang/CMakeFiles/slang-common-objects.dir/slang-ir-strip-default-construct.cpp.o
[ 79%] Building CXX object source/slang/CMakeFiles/slang-common-objects.dir/slang-ir-strip-legalization-insts.cpp.o
[ 79%] Building CXX object source/slang/CMakeFiles/slang-common-objects.dir/slang-ir-strip.cpp.o
[ 80%] Building CXX object source/slang/CMakeFiles/slang-common-objects.dir/slang-ir-synthesize-active-mask.cpp.o
[ 80%] Building CXX object source/slang/CMakeFiles/slang-common-objects.dir/slang-ir-transform-params-to-constref.cpp.o
[ 80%] Building CXX object source/slang/CMakeFiles/slang-common-objects.dir/slang-ir-translate-global-varying-var.cpp.o
[ 80%] Building CXX object source/slang/CMakeFiles/slang-common-objects.dir/slang-ir-translate.cpp.o
[ 80%] Building CXX object source/slang/CMakeFiles/slang-common-objects.dir/slang-ir-typeflow-set.cpp.o
[ 80%] Building CXX object source/slang/CMakeFiles/slang-common-objects.dir/slang-ir-typeflow-specialize.cpp.o
[ 81%] Building CXX object source/slang/CMakeFiles/slang-common-objects.dir/slang-ir-undo-param-copy.cpp.o
[ 81%] Building CXX object source/slang/CMakeFiles/slang-common-objects.dir/slang-ir-uniformity.cpp.o
[ 81%] Building CXX object source/slang/CMakeFiles/slang-common-objects.dir/slang-ir-use-uninitialized-values.cpp.o
[ 81%] Building CXX object source/slang/CMakeFiles/slang-common-objects.dir/slang-ir-user-type-hint.cpp.o
[ 81%] Building CXX object source/slang/CMakeFiles/slang-common-objects.dir/slang-ir-util-hlsl.cpp.o
[ 81%] Building CXX object source/slang/CMakeFiles/slang-common-objects.dir/slang-ir-util.cpp.o
[ 82%] Building CXX object source/slang/CMakeFiles/slang-common-objects.dir/slang-ir-variable-scope-correction.cpp.o
[ 82%] Building CXX object source/slang/CMakeFiles/slang-common-objects.dir/slang-ir-validate.cpp.o
[ 82%] Building CXX object source/slang/CMakeFiles/slang-common-objects.dir/slang-ir-vk-invert-y.cpp.o
[ 82%] Building CXX object source/slang/CMakeFiles/slang-common-objects.dir/slang-ir-wgsl-legalize.cpp.o
[ 82%] Building CXX object source/slang/CMakeFiles/slang-common-objects.dir/slang-ir-wrap-cbuffer-element.cpp.o
[ 82%] Building CXX object source/slang/CMakeFiles/slang-common-objects.dir/slang-ir-wrap-structured-buffers.cpp.o
[ 83%] Building CXX object source/slang/CMakeFiles/slang-common-objects.dir/slang-ir.cpp.o
[ 83%] Building CXX object source/slang/CMakeFiles/slang-common-objects.dir/slang-language-server-ast-lookup.cpp.o
[ 83%] Building CXX object source/slang/CMakeFiles/slang-common-objects.dir/slang-language-server-auto-format.cpp.o
[ 83%] Building CXX object source/slang/CMakeFiles/slang-common-objects.dir/slang-language-server-completion.cpp.o
[ 83%] Building CXX object source/slang/CMakeFiles/slang-common-objects.dir/slang-language-server-document-symbols.cpp.o
[ 84%] Building CXX object source/slang/CMakeFiles/slang-common-objects.dir/slang-language-server-semantic-tokens.cpp.o
[ 84%] Building CXX object source/slang/CMakeFiles/slang-common-objects.dir/slang-language-server-inlay-hints.cpp.o
[ 84%] Building CXX object source/slang/CMakeFiles/slang-common-objects.dir/slang-language-server.cpp.o
[ 84%] Building CXX object source/slang/CMakeFiles/slang-common-objects.dir/slang-legalize-types.cpp.o
[ 84%] Building CXX object source/slang/CMakeFiles/slang-common-objects.dir/slang-linkable-impls.cpp.o
[ 84%] Building CXX object source/slang/CMakeFiles/slang-common-objects.dir/slang-linkable.cpp.o
[ 84%] Building CXX object source/slang/CMakeFiles/slang-common-objects.dir/slang-lookup.cpp.o
[ 85%] Building CXX object source/slang/CMakeFiles/slang-common-objects.dir/slang-lower-to-ir.cpp.o
[ 85%] Building CXX object source/slang/CMakeFiles/slang-common-objects.dir/slang-mangle.cpp.o
[ 85%] Building CXX object source/slang/CMakeFiles/slang-common-objects.dir/slang-markdown.cpp.o
[ 85%] Building CXX object source/slang/CMakeFiles/slang-common-objects.dir/slang-mimalloc.cpp.o
[ 85%] Building CXX object source/slang/CMakeFiles/slang-common-objects.dir/slang-module-library.cpp.o
[ 85%] Building CXX object source/slang/CMakeFiles/slang-common-objects.dir/slang-module.cpp.o
[ 86%] Building CXX object source/slang/CMakeFiles/slang-common-objects.dir/slang-options.cpp.o
[ 86%] Building CXX object source/slang/CMakeFiles/slang-common-objects.dir/slang-parameter-binding.cpp.o
[ 86%] Building CXX object source/slang/CMakeFiles/slang-common-objects.dir/slang-parser.cpp.o
[ 86%] Building CXX object source/slang/CMakeFiles/slang-common-objects.dir/slang-pass-through.cpp.o
[ 86%] Building CXX object source/slang/CMakeFiles/slang-common-objects.dir/slang-pass-wrapper.cpp.o
[ 86%] Building CXX object source/slang/CMakeFiles/slang-common-objects.dir/slang-preprocessor.cpp.o
[ 87%] Building CXX object source/slang/CMakeFiles/slang-common-objects.dir/slang-profile.cpp.o
[ 87%] Building CXX object source/slang/CMakeFiles/slang-common-objects.dir/slang-reflection-api.cpp.o
[ 87%] Building CXX object source/slang/CMakeFiles/slang-common-objects.dir/slang-reflection-json.cpp.o
[ 87%] Building CXX object source/slang/CMakeFiles/slang-common-objects.dir/slang-repro-validator.cpp.o
[ 87%] Building CXX object source/slang/CMakeFiles/slang-common-objects.dir/slang-repro.cpp.o
[ 88%] Building CXX object source/slang/CMakeFiles/slang-common-objects.dir/slang-serialize-ast.cpp.o
[ 88%] Building CXX object source/slang/CMakeFiles/slang-common-objects.dir/slang-serialize-container.cpp.o
[ 88%] Building CXX object source/slang/CMakeFiles/slang-common-objects.dir/slang-serialize-fossil.cpp.o
[ 88%] Building CXX object source/slang/CMakeFiles/slang-common-objects.dir/slang-serialize-ir-types.cpp.o
[ 88%] Building CXX object source/slang/CMakeFiles/slang-common-objects.dir/slang-serialize-ir.cpp.o
[ 88%] Building CXX object source/slang/CMakeFiles/slang-common-objects.dir/slang-serialize-source-loc.cpp.o
[ 89%] Building CXX object source/slang/CMakeFiles/slang-common-objects.dir/slang-serialize-types.cpp.o
[ 89%] Building CXX object source/slang/CMakeFiles/slang-common-objects.dir/slang-serialize.cpp.o
[ 89%] Building CXX object source/slang/CMakeFiles/slang-common-objects.dir/slang-session.cpp.o
[ 89%] Building CXX object source/slang/CMakeFiles/slang-common-objects.dir/slang-syntax.cpp.o
[ 89%] Building CXX object source/slang/CMakeFiles/slang-common-objects.dir/slang-target-program.cpp.o
[ 89%] Building CXX object source/slang/CMakeFiles/slang-common-objects.dir/slang-target.cpp.o
[ 90%] Building CXX object source/slang/CMakeFiles/slang-common-objects.dir/slang-translation-unit.cpp.o
[ 90%] Building CXX object source/slang/CMakeFiles/slang-common-objects.dir/slang-type-layout.cpp.o
[ 90%] Building CXX object source/slang/CMakeFiles/slang-common-objects.dir/slang-type-system-shared.cpp.o
[ 90%] Building CXX object source/slang/CMakeFiles/slang-common-objects.dir/slang-vm-bytecode.cpp.o
[ 90%] Building CXX object source/slang/CMakeFiles/slang-common-objects.dir/slang-vm-inst-impl.cpp.o
[ 91%] Building CXX object source/slang/CMakeFiles/slang-common-objects.dir/slang-vm.cpp.o
[ 91%] Building CXX object source/slang/CMakeFiles/slang-common-objects.dir/slang-workspace-version.cpp.o
[ 91%] Building CXX object source/slang/CMakeFiles/slang-common-objects.dir/slang.cpp.o
[ 91%] Building CXX object source/slang/CMakeFiles/slang-common-objects.dir/__/slang-record-replay/proxy/proxy-base.cpp.o
[ 91%] Building CXX object source/slang/CMakeFiles/slang-common-objects.dir/__/slang-record-replay/replay-context-record.cpp.o
[ 91%] Building CXX object source/slang/CMakeFiles/slang-common-objects.dir/__/slang-record-replay/replay-context.cpp.o
[ 92%] Building CXX object source/slang/CMakeFiles/slang-common-objects.dir/__/slang-record-replay/replay-handlers.cpp.o
[ 92%] Building CXX object source/slang/CMakeFiles/slang-common-objects.dir/__/slang-record-replay/replay-stream-decoder.cpp.o
[ 92%] Building CXX object source/slang/CMakeFiles/slang-common-objects.dir/__/slang-record-replay/replay-stream.cpp.o
[ 92%] Built target slang-common-objects
[ 92%] Linking CXX shared library ../../generators/None/lib/libslang-without-embedded-core-module.so
In function ‘cmark_strbuf_set’,
    inlined from ‘cmark_strbuf_set’ at /usr/src/debug/shader-slang-git/cmark/src/buffer.c:81:6,
    inlined from ‘handle_backticks’ at /usr/src/debug/shader-slang-git/cmark/src/inlines.c:415:5,
    inlined from ‘parse_inline’ at /usr/src/debug/shader-slang-git/cmark/src/inlines.c:1622:15,
    inlined from ‘cmark_parse_inlines’ at /usr/src/debug/shader-slang-git/cmark/src/inlines.c:1716:28:
/usr/src/debug/shader-slang-git/cmark/src/buffer.c:92:25: warning: writing 1 byte into a region of size 0 [-Wstringop-overflow=]
/usr/src/debug/shader-slang-git/cmark/src/buffer.c: In function ‘cmark_parse_inlines’:
/usr/src/debug/shader-slang-git/cmark/src/buffer.c:17:15: note: at offset 1 into destination object ‘cmark_strbuf__initbuf’ of size 1
[ 92%] Built target slang-without-embedded-core-module
[ 93%] Building CXX object tools/CMakeFiles/slang-bootstrap.dir/__/source/slangc/main.cpp.o
[ 93%] Linking CXX executable ../generators/None/bin/slang-bootstrap
[ 93%] Built target slang-bootstrap
[ 93%] Generating slang-core-module-without-timestamp.bin, slang-core-module-generated.h, ../slang-glsl-module/slang-glsl-module-generated.h
[ 93%] Built target generate_core_module
[ 93%] Generating ../../../None/lib/slang-standard-module-2026.14.1/slang/ivector.slang
[ 93%] Building CXX object source/slang-core-module/CMakeFiles/slang-embedded-core-module.dir/slang-embedded-core-module.cpp.o
[ 93%] Generating ../../../None/lib/slang-standard-module-2026.14.1/slang/iactivation.slang
[ 93%] Built target generate_glsl_module_header
[ 93%] Generating ../../../None/lib/slang-standard-module-2026.14.1/slang/accelerate-vector-coopmat.slang
[ 93%] Generating ../../../None/lib/slang-standard-module-2026.14.1/slang/WaveMatrix.slang
[ 94%] Generating ../../../None/lib/slang-standard-module-2026.14.1/slang/activations.slang
[ 94%] Generating ../../../None/lib/slang-standard-module-2026.14.1/slang/hash-function.slang
[ 94%] Generating ../../../None/lib/slang-standard-module-2026.14.1/slang/bindless-storage.slang
[ 95%] Generating ../../../None/lib/slang-standard-module-2026.14.1/slang/inline-vector.slang
[ 95%] Generating ../../../None/lib/slang-standard-module-2026.14.1/slang/mma-tiled-vulkan.slang
[ 95%] Generating ../../../None/lib/slang-standard-module-2026.14.1/slang/layers.slang
[ 95%] Generating ../../../None/lib/slang-standard-module-2026.14.1/slang/mma-linear-layout-help.slang
[ 95%] Generating ../../../None/lib/slang-standard-module-2026.14.1/slang/istorages.slang
[ 95%] Generating ../../../None/lib/slang-standard-module-2026.14.1/slang/mma-tiled-cuda.slang
[ 95%] Generating ../../../None/lib/slang-standard-module-2026.14.1/slang/mma-tiled-metal.slang
[ 96%] Generating ../../../None/lib/slang-standard-module-2026.14.1/slang/mma-tiled-layout-helper.slang
[ 96%] Generating ../../../None/lib/slang-standard-module-2026.14.1/slang/ilayer.slang
[ 96%] Generating ../../../None/lib/slang-standard-module-2026.14.1/slang/iencoder.slang
[ 96%] Generating ../../../None/lib/slang-standard-module-2026.14.1/slang/network-parameter-layout-converter.slang
[ 96%] Building CXX object source/slang-glsl-module/CMakeFiles/slang-glsl-module.dir/slang-embedded-glsl-module.cpp.o
[ 96%] Generating ../../../None/lib/slang-standard-module-2026.14.1/slang/permuto-encoder.slang
[ 96%] Generating ../../../None/lib/slang-standard-module-2026.14.1/slang/neural.slang
[ 97%] Generating ../../../None/lib/slang-standard-module-2026.14.1/slang/shared-memory-pool.slang
[ 97%] Generating ../../../None/lib/slang-standard-module-2026.14.1/slang/vectorized-reader.slang
[ 97%] Generating ../../../None/lib/slang-standard-module-2026.14.1/slang/neural.slang-module
[ 97%] Linking CXX shared module ../../None/lib/libslang-glsl-module-2026.14.1.so
[ 97%] Built target slang-neural-module
[ 97%] Built target slang-glsl-module
[ 97%] Built target slang-embedded-core-module
[ 97%] Linking CXX shared library ../../None/lib/libslang-compiler.so
In function ‘cmark_strbuf_set’,
    inlined from ‘cmark_strbuf_set’ at /usr/src/debug/shader-slang-git/cmark/src/buffer.c:81:6,
    inlined from ‘handle_backticks’ at /usr/src/debug/shader-slang-git/cmark/src/inlines.c:415:5,
    inlined from ‘parse_inline’ at /usr/src/debug/shader-slang-git/cmark/src/inlines.c:1622:15,
    inlined from ‘cmark_parse_inlines’ at /usr/src/debug/shader-slang-git/cmark/src/inlines.c:1716:28:
/usr/src/debug/shader-slang-git/cmark/src/buffer.c:92:25: warning: writing 1 byte into a region of size 0 [-Wstringop-overflow=]
/usr/src/debug/shader-slang-git/cmark/src/buffer.c: In function ‘cmark_parse_inlines’:
/usr/src/debug/shader-slang-git/cmark/src/buffer.c:17:15: note: at offset 1 into destination object ‘cmark_strbuf__initbuf’ of size 1
Creating backward compatibility symlink: libslang -> libslang-compiler
[ 97%] Built target slang
[ 97%] Building CXX object tools/CMakeFiles/slangi.dir/slangi/main.cpp.o
[ 97%] Building CXX object tools/CMakeFiles/slang-replay.dir/cmake_pch.hxx.gch
[ 97%] Building CXX object source/slangc/CMakeFiles/slangc.dir/cmake_pch.hxx.gch
[ 97%] Building CXX object tools/CMakeFiles/slangd.dir/slangd/main.cpp.o
[ 97%] Linking CXX executable ../None/bin/slangi
[ 97%] Built target slangi
[ 97%] Building CXX object source/slangc/CMakeFiles/slangc.dir/main.cpp.o
[ 97%] Building CXX object tools/CMakeFiles/slang-replay.dir/slang-replay/main.cpp.o
[ 98%] Linking CXX executable ../../None/bin/slangc
[100%] Linking CXX executable ../None/bin/slang-replay
[100%] Linking CXX executable ../None/bin/slangd
[100%] Built target slangc
[100%] Generating ../../../None/lib/slang-standard-module-2026.14.1/experimental/workgraph.slang
[100%] Generating ../../../None/lib/slang-standard-module-2026.14.1/experimental/workgraph.slang-module
[100%] Built target slang-replay
[100%] Built target slang-workgraph-module
[100%] Built target slangd
