ninja: Entering directory `/build/shotwell-git/src/shotwell/build'
[1/5] Generating version.h with a custom command
Installing subdir /build/shotwell-git/src/shotwell/data/icons/hicolor/16x16 to /build/shotwell-git/pkg/shotwell-git/usr/share/icons/hicolor/16x16
Installing /build/shotwell-git/src/shotwell/data/icons/hicolor/16x16/apps/org.gnome.Shotwell.png to /build/shotwell-git/pkg/shotwell-git/usr/share/icons/hicolor/16x16/apps
Installing subdir /build/shotwell-git/src/shotwell/data/icons/hicolor/22x22 to /build/shotwell-git/pkg/shotwell-git/usr/share/icons/hicolor/22x22
Installing /build/shotwell-git/src/shotwell/data/icons/hicolor/22x22/apps/org.gnome.Shotwell.png to /build/shotwell-git/pkg/shotwell-git/usr/share/icons/hicolor/22x22/apps
Installing subdir /build/shotwell-git/src/shotwell/data/icons/hicolor/24x24 to /build/shotwell-git/pkg/shotwell-git/usr/share/icons/hicolor/24x24
Installing /build/shotwell-git/src/shotwell/data/icons/hicolor/24x24/apps/org.gnome.Shotwell.png to /build/shotwell-git/pkg/shotwell-git/usr/share/icons/hicolor/24x24/apps
Installing subdir /build/shotwell-git/src/shotwell/data/icons/hicolor/32x32 to /build/shotwell-git/pkg/shotwell-git/usr/share/icons/hicolor/32x32
Installing /build/shotwell-git/src/shotwell/data/icons/hicolor/32x32/apps/org.gnome.Shotwell.png to /build/shotwell-git/pkg/shotwell-git/usr/share/icons/hicolor/32x32/apps
Installing subdir /build/shotwell-git/src/shotwell/data/icons/hicolor/48x48 to /build/shotwell-git/pkg/shotwell-git/usr/share/icons/hicolor/48x48
Installing /build/shotwell-git/src/shotwell/data/icons/hicolor/48x48/apps/org.gnome.Shotwell.png to /build/shotwell-git/pkg/shotwell-git/usr/share/icons/hicolor/48x48/apps
Installing subdir /build/shotwell-git/src/shotwell/data/icons/hicolor/256x256 to /build/shotwell-git/pkg/shotwell-git/usr/share/icons/hicolor/256x256
Installing /build/shotwell-git/src/shotwell/data/icons/hicolor/256x256/apps/org.gnome.Shotwell.png to /build/shotwell-git/pkg/shotwell-git/usr/share/icons/hicolor/256x256/apps
Installing subdir /build/shotwell-git/src/shotwell/data/icons/hicolor/scalable/apps to /build/shotwell-git/pkg/shotwell-git/usr/share/icons/hicolor/scalable/apps
Installing /build/shotwell-git/src/shotwell/data/icons/hicolor/scalable/apps/org.gnome.Shotwell.svg to /build/shotwell-git/pkg/shotwell-git/usr/share/icons/hicolor/scalable/apps
Installing subdir /build/shotwell-git/src/shotwell/data/icons/hicolor/symbolic to /build/shotwell-git/pkg/shotwell-git/usr/share/icons/hicolor/symbolic
Installing /build/shotwell-git/src/shotwell/data/icons/hicolor/symbolic/apps/org.gnome.Shotwell-symbolic.svg to /build/shotwell-git/pkg/shotwell-git/usr/share/icons/hicolor/symbolic/apps
Installing data/org.gnome.Shotwell.metainfo.xml to /build/shotwell-git/pkg/shotwell-git/usr/share/metainfo
Installing data/org.gnome.Shotwell.desktop to /build/shotwell-git/pkg/shotwell-git/usr/share/applications
Installing data/org.gnome.Shotwell-Viewer.desktop to /build/shotwell-git/pkg/shotwell-git/usr/share/applications
Installing src/plugins/libshotwell-plugin-dev-1.0.so.0.33 to /build/shotwell-git/pkg/shotwell-git/usr/lib
Installing src/shotwell to /build/shotwell-git/pkg/shotwell-git/usr/bin
Installing plugins/libshotwell-plugin-common.so.0.33 to /build/shotwell-git/pkg/shotwell-git/usr/lib
Installing plugins/authenticator/shotwell/libshotwell-authenticator.so.0.33 to /build/shotwell-git/pkg/shotwell-git/usr/lib
Installing plugins/shotwell-publishing/libshotwell-publishing.so to /build/shotwell-git/pkg/shotwell-git/usr/lib/shotwell/plugins/builtin
Installing plugins/shotwell-transitions/libshotwell-transitions.so to /build/shotwell-git/pkg/shotwell-git/usr/lib/shotwell/plugins/builtin
Installing po/af/LC_MESSAGES/shotwell.mo to /build/shotwell-git/pkg/shotwell-git/usr/share/locale/af/LC_MESSAGES
Installing po/ar/LC_MESSAGES/shotwell.mo to /build/shotwell-git/pkg/shotwell-git/usr/share/locale/ar/LC_MESSAGES
Installing po/as/LC_MESSAGES/shotwell.mo to /build/shotwell-git/pkg/shotwell-git/usr/share/locale/as/LC_MESSAGES
Installing po/ast/LC_MESSAGES/shotwell.mo to /build/shotwell-git/pkg/shotwell-git/usr/share/locale/ast/LC_MESSAGES
Installing po/bg/LC_MESSAGES/shotwell.mo to /build/shotwell-git/pkg/shotwell-git/usr/share/locale/bg/LC_MESSAGES
Installing po/bn/LC_MESSAGES/shotwell.mo to /build/shotwell-git/pkg/shotwell-git/usr/share/locale/bn/LC_MESSAGES
Installing po/bn_IN/LC_MESSAGES/shotwell.mo to /build/shotwell-git/pkg/shotwell-git/usr/share/locale/bn_IN/LC_MESSAGES
Installing po/bs/LC_MESSAGES/shotwell.mo to /build/shotwell-git/pkg/shotwell-git/usr/share/locale/bs/LC_MESSAGES
Installing po/ca/LC_MESSAGES/shotwell.mo to /build/shotwell-git/pkg/shotwell-git/usr/share/locale/ca/LC_MESSAGES
Installing po/cs/LC_MESSAGES/shotwell.mo to /build/shotwell-git/pkg/shotwell-git/usr/share/locale/cs/LC_MESSAGES
Installing po/da/LC_MESSAGES/shotwell.mo to /build/shotwell-git/pkg/shotwell-git/usr/share/locale/da/LC_MESSAGES
Installing po/de/LC_MESSAGES/shotwell.mo to /build/shotwell-git/pkg/shotwell-git/usr/share/locale/de/LC_MESSAGES
Installing po/el/LC_MESSAGES/shotwell.mo to /build/shotwell-git/pkg/shotwell-git/usr/share/locale/el/LC_MESSAGES
Installing po/en_GB/LC_MESSAGES/shotwell.mo to /build/shotwell-git/pkg/shotwell-git/usr/share/locale/en_GB/LC_MESSAGES
Installing po/eo/LC_MESSAGES/shotwell.mo to /build/shotwell-git/pkg/shotwell-git/usr/share/locale/eo/LC_MESSAGES
Installing po/es/LC_MESSAGES/shotwell.mo to /build/shotwell-git/pkg/shotwell-git/usr/share/locale/es/LC_MESSAGES
Installing po/et/LC_MESSAGES/shotwell.mo to /build/shotwell-git/pkg/shotwell-git/usr/share/locale/et/LC_MESSAGES
Installing po/eu/LC_MESSAGES/shotwell.mo to /build/shotwell-git/pkg/shotwell-git/usr/share/locale/eu/LC_MESSAGES
Installing po/fi/LC_MESSAGES/shotwell.mo to /build/shotwell-git/pkg/shotwell-git/usr/share/locale/fi/LC_MESSAGES
Installing po/fr/LC_MESSAGES/shotwell.mo to /build/shotwell-git/pkg/shotwell-git/usr/share/locale/fr/LC_MESSAGES
Installing po/gd/LC_MESSAGES/shotwell.mo to /build/shotwell-git/pkg/shotwell-git/usr/share/locale/gd/LC_MESSAGES
Installing po/gl/LC_MESSAGES/shotwell.mo to /build/shotwell-git/pkg/shotwell-git/usr/share/locale/gl/LC_MESSAGES
Installing po/gu/LC_MESSAGES/shotwell.mo to /build/shotwell-git/pkg/shotwell-git/usr/share/locale/gu/LC_MESSAGES
Installing po/he/LC_MESSAGES/shotwell.mo to /build/shotwell-git/pkg/shotwell-git/usr/share/locale/he/LC_MESSAGES
Installing po/hi/LC_MESSAGES/shotwell.mo to /build/shotwell-git/pkg/shotwell-git/usr/share/locale/hi/LC_MESSAGES
Installing po/hr/LC_MESSAGES/shotwell.mo to /build/shotwell-git/pkg/shotwell-git/usr/share/locale/hr/LC_MESSAGES
Installing po/hu/LC_MESSAGES/shotwell.mo to /build/shotwell-git/pkg/shotwell-git/usr/share/locale/hu/LC_MESSAGES
Installing po/ia/LC_MESSAGES/shotwell.mo to /build/shotwell-git/pkg/shotwell-git/usr/share/locale/ia/LC_MESSAGES
Installing po/id/LC_MESSAGES/shotwell.mo to /build/shotwell-git/pkg/shotwell-git/usr/share/locale/id/LC_MESSAGES
Installing po/ie/LC_MESSAGES/shotwell.mo to /build/shotwell-git/pkg/shotwell-git/usr/share/locale/ie/LC_MESSAGES
Installing po/it/LC_MESSAGES/shotwell.mo to /build/shotwell-git/pkg/shotwell-git/usr/share/locale/it/LC_MESSAGES
Installing po/ja/LC_MESSAGES/shotwell.mo to /build/shotwell-git/pkg/shotwell-git/usr/share/locale/ja/LC_MESSAGES
Installing po/ka/LC_MESSAGES/shotwell.mo to /build/shotwell-git/pkg/shotwell-git/usr/share/locale/ka/LC_MESSAGES
Installing po/kab/LC_MESSAGES/shotwell.mo to /build/shotwell-git/pkg/shotwell-git/usr/share/locale/kab/LC_MESSAGES
Installing po/kk/LC_MESSAGES/shotwell.mo to /build/shotwell-git/pkg/shotwell-git/usr/share/locale/kk/LC_MESSAGES
Installing po/km/LC_MESSAGES/shotwell.mo to /build/shotwell-git/pkg/shotwell-git/usr/share/locale/km/LC_MESSAGES
Installing po/kn/LC_MESSAGES/shotwell.mo to /build/shotwell-git/pkg/shotwell-git/usr/share/locale/kn/LC_MESSAGES
Installing po/ko/LC_MESSAGES/shotwell.mo to /build/shotwell-git/pkg/shotwell-git/usr/share/locale/ko/LC_MESSAGES
Installing po/ky/LC_MESSAGES/shotwell.mo to /build/shotwell-git/pkg/shotwell-git/usr/share/locale/ky/LC_MESSAGES
Installing po/lt/LC_MESSAGES/shotwell.mo to /build/shotwell-git/pkg/shotwell-git/usr/share/locale/lt/LC_MESSAGES
Installing po/lv/LC_MESSAGES/shotwell.mo to /build/shotwell-git/pkg/shotwell-git/usr/share/locale/lv/LC_MESSAGES
Installing po/mjw/LC_MESSAGES/shotwell.mo to /build/shotwell-git/pkg/shotwell-git/usr/share/locale/mjw/LC_MESSAGES
Installing po/mk/LC_MESSAGES/shotwell.mo to /build/shotwell-git/pkg/shotwell-git/usr/share/locale/mk/LC_MESSAGES
Installing po/ml/LC_MESSAGES/shotwell.mo to /build/shotwell-git/pkg/shotwell-git/usr/share/locale/ml/LC_MESSAGES
Installing po/mr/LC_MESSAGES/shotwell.mo to /build/shotwell-git/pkg/shotwell-git/usr/share/locale/mr/LC_MESSAGES
Installing po/nb/LC_MESSAGES/shotwell.mo to /build/shotwell-git/pkg/shotwell-git/usr/share/locale/nb/LC_MESSAGES
Installing po/nl/LC_MESSAGES/shotwell.mo to /build/shotwell-git/pkg/shotwell-git/usr/share/locale/nl/LC_MESSAGES
Installing po/nn/LC_MESSAGES/shotwell.mo to /build/shotwell-git/pkg/shotwell-git/usr/share/locale/nn/LC_MESSAGES
Installing po/oc/LC_MESSAGES/shotwell.mo to /build/shotwell-git/pkg/shotwell-git/usr/share/locale/oc/LC_MESSAGES
Installing po/or/LC_MESSAGES/shotwell.mo to /build/shotwell-git/pkg/shotwell-git/usr/share/locale/or/LC_MESSAGES
Installing po/pa/LC_MESSAGES/shotwell.mo to /build/shotwell-git/pkg/shotwell-git/usr/share/locale/pa/LC_MESSAGES
Installing po/pl/LC_MESSAGES/shotwell.mo to /build/shotwell-git/pkg/shotwell-git/usr/share/locale/pl/LC_MESSAGES
Installing po/pt/LC_MESSAGES/shotwell.mo to /build/shotwell-git/pkg/shotwell-git/usr/share/locale/pt/LC_MESSAGES
Installing po/pt_BR/LC_MESSAGES/shotwell.mo to /build/shotwell-git/pkg/shotwell-git/usr/share/locale/pt_BR/LC_MESSAGES
Installing po/ro/LC_MESSAGES/shotwell.mo to /build/shotwell-git/pkg/shotwell-git/usr/share/locale/ro/LC_MESSAGES
Installing po/ru/LC_MESSAGES/shotwell.mo to /build/shotwell-git/pkg/shotwell-git/usr/share/locale/ru/LC_MESSAGES
Installing po/sk/LC_MESSAGES/shotwell.mo to /build/shotwell-git/pkg/shotwell-git/usr/share/locale/sk/LC_MESSAGES
Installing po/sl/LC_MESSAGES/shotwell.mo to /build/shotwell-git/pkg/shotwell-git/usr/share/locale/sl/LC_MESSAGES
Installing po/sr/LC_MESSAGES/shotwell.mo to /build/shotwell-git/pkg/shotwell-git/usr/share/locale/sr/LC_MESSAGES
Installing po/sr@latin/LC_MESSAGES/shotwell.mo to /build/shotwell-git/pkg/shotwell-git/usr/share/locale/sr@latin/LC_MESSAGES
Installing po/sv/LC_MESSAGES/shotwell.mo to /build/shotwell-git/pkg/shotwell-git/usr/share/locale/sv/LC_MESSAGES
Installing po/ta/LC_MESSAGES/shotwell.mo to /build/shotwell-git/pkg/shotwell-git/usr/share/locale/ta/LC_MESSAGES
Installing po/te/LC_MESSAGES/shotwell.mo to /build/shotwell-git/pkg/shotwell-git/usr/share/locale/te/LC_MESSAGES
Installing po/th/LC_MESSAGES/shotwell.mo to /build/shotwell-git/pkg/shotwell-git/usr/share/locale/th/LC_MESSAGES
Installing po/tr/LC_MESSAGES/shotwell.mo to /build/shotwell-git/pkg/shotwell-git/usr/share/locale/tr/LC_MESSAGES
Installing po/uk/LC_MESSAGES/shotwell.mo to /build/shotwell-git/pkg/shotwell-git/usr/share/locale/uk/LC_MESSAGES
Installing po/vi/LC_MESSAGES/shotwell.mo to /build/shotwell-git/pkg/shotwell-git/usr/share/locale/vi/LC_MESSAGES
Installing po/zh_CN/LC_MESSAGES/shotwell.mo to /build/shotwell-git/pkg/shotwell-git/usr/share/locale/zh_CN/LC_MESSAGES
Installing po/zh_HK/LC_MESSAGES/shotwell.mo to /build/shotwell-git/pkg/shotwell-git/usr/share/locale/zh_HK/LC_MESSAGES
Installing po/zh_TW/LC_MESSAGES/shotwell.mo to /build/shotwell-git/pkg/shotwell-git/usr/share/locale/zh_TW/LC_MESSAGES
Installing help/ca/edit-adjustments.page to /build/shotwell-git/pkg/shotwell-git/usr/share/help/ca/shotwell
Installing help/ca/edit-crop.page to /build/shotwell-git/pkg/shotwell-git/usr/share/help/ca/shotwell
Installing help/ca/edit-date-time.page to /build/shotwell-git/pkg/shotwell-git/usr/share/help/ca/shotwell
Installing help/ca/edit-enhance.page to /build/shotwell-git/pkg/shotwell-git/usr/share/help/ca/shotwell
Installing help/ca/edit-external.page to /build/shotwell-git/pkg/shotwell-git/usr/share/help/ca/shotwell
Installing help/ca/edit-nondestructive.page to /build/shotwell-git/pkg/shotwell-git/usr/share/help/ca/shotwell
Installing help/ca/edit-redeye.page to /build/shotwell-git/pkg/shotwell-git/usr/share/help/ca/shotwell
Installing help/ca/edit-rotate.page to /build/shotwell-git/pkg/shotwell-git/usr/share/help/ca/shotwell
Installing help/ca/edit-straighten.page to /build/shotwell-git/pkg/shotwell-git/usr/share/help/ca/shotwell
Installing help/ca/edit-undo.page to /build/shotwell-git/pkg/shotwell-git/usr/share/help/ca/shotwell
Installing help/ca/formats.page to /build/shotwell-git/pkg/shotwell-git/usr/share/help/ca/shotwell
Installing help/ca/import-camera.page to /build/shotwell-git/pkg/shotwell-git/usr/share/help/ca/shotwell
Installing help/ca/import-file.page to /build/shotwell-git/pkg/shotwell-git/usr/share/help/ca/shotwell
Installing help/ca/import-memorycard.page to /build/shotwell-git/pkg/shotwell-git/usr/share/help/ca/shotwell
Installing help/ca/index.page to /build/shotwell-git/pkg/shotwell-git/usr/share/help/ca/shotwell
Installing help/ca/organize-event.page to /build/shotwell-git/pkg/shotwell-git/usr/share/help/ca/shotwell
Installing help/ca/organize-flag.page to /build/shotwell-git/pkg/shotwell-git/usr/share/help/ca/shotwell
Installing help/ca/organize-rating.page to /build/shotwell-git/pkg/shotwell-git/usr/share/help/ca/shotwell
Installing help/ca/organize-remove.page to /build/shotwell-git/pkg/shotwell-git/usr/share/help/ca/shotwell
Installing help/ca/organize-search.page to /build/shotwell-git/pkg/shotwell-git/usr/share/help/ca/shotwell
Installing help/ca/organize-tag.page to /build/shotwell-git/pkg/shotwell-git/usr/share/help/ca/shotwell
Installing help/ca/organize-title.page to /build/shotwell-git/pkg/shotwell-git/usr/share/help/ca/shotwell
Installing help/ca/other-files.page to /build/shotwell-git/pkg/shotwell-git/usr/share/help/ca/shotwell
Installing help/ca/other-missing.page to /build/shotwell-git/pkg/shotwell-git/usr/share/help/ca/shotwell
Installing help/ca/other-multiple.page to /build/shotwell-git/pkg/shotwell-git/usr/share/help/ca/shotwell
Installing help/ca/other-plugins.page to /build/shotwell-git/pkg/shotwell-git/usr/share/help/ca/shotwell
Installing help/ca/privacy-policy.page to /build/shotwell-git/pkg/shotwell-git/usr/share/help/ca/shotwell
Installing help/ca/raw.page to /build/shotwell-git/pkg/shotwell-git/usr/share/help/ca/shotwell
Installing help/ca/running.page to /build/shotwell-git/pkg/shotwell-git/usr/share/help/ca/shotwell
Installing help/ca/share-background.page to /build/shotwell-git/pkg/shotwell-git/usr/share/help/ca/shotwell
Installing help/ca/share-export.page to /build/shotwell-git/pkg/shotwell-git/usr/share/help/ca/shotwell
Installing help/ca/share-print.page to /build/shotwell-git/pkg/shotwell-git/usr/share/help/ca/shotwell
Installing help/ca/share-send.page to /build/shotwell-git/pkg/shotwell-git/usr/share/help/ca/shotwell
Installing help/ca/share-slideshow.page to /build/shotwell-git/pkg/shotwell-git/usr/share/help/ca/shotwell
Installing help/ca/share-upload.page to /build/shotwell-git/pkg/shotwell-git/usr/share/help/ca/shotwell
Installing help/ca/view-displaying.page to /build/shotwell-git/pkg/shotwell-git/usr/share/help/ca/shotwell
Installing help/ca/view-information.page to /build/shotwell-git/pkg/shotwell-git/usr/share/help/ca/shotwell
Installing help/ca/view-sidebar.page to /build/shotwell-git/pkg/shotwell-git/usr/share/help/ca/shotwell
Installing help/cs/edit-adjustments.page to /build/shotwell-git/pkg/shotwell-git/usr/share/help/cs/shotwell
Installing help/cs/edit-crop.page to /build/shotwell-git/pkg/shotwell-git/usr/share/help/cs/shotwell
Installing help/cs/edit-date-time.page to /build/shotwell-git/pkg/shotwell-git/usr/share/help/cs/shotwell
Installing help/cs/edit-enhance.page to /build/shotwell-git/pkg/shotwell-git/usr/share/help/cs/shotwell
Installing help/cs/edit-external.page to /build/shotwell-git/pkg/shotwell-git/usr/share/help/cs/shotwell
Installing help/cs/edit-nondestructive.page to /build/shotwell-git/pkg/shotwell-git/usr/share/help/cs/shotwell
Installing help/cs/edit-redeye.page to /build/shotwell-git/pkg/shotwell-git/usr/share/help/cs/shotwell
Installing help/cs/edit-rotate.page to /build/shotwell-git/pkg/shotwell-git/usr/share/help/cs/shotwell
Installing help/cs/edit-straighten.page to /build/shotwell-git/pkg/shotwell-git/usr/share/help/cs/shotwell
Installing help/cs/edit-undo.page to /build/shotwell-git/pkg/shotwell-git/usr/share/help/cs/shotwell
Installing help/cs/formats.page to /build/shotwell-git/pkg/shotwell-git/usr/share/help/cs/shotwell
Installing help/cs/import-camera.page to /build/shotwell-git/pkg/shotwell-git/usr/share/help/cs/shotwell
Installing help/cs/import-file.page to /build/shotwell-git/pkg/shotwell-git/usr/share/help/cs/shotwell
Installing help/cs/import-memorycard.page to /build/shotwell-git/pkg/shotwell-git/usr/share/help/cs/shotwell
Installing help/cs/index.page to /build/shotwell-git/pkg/shotwell-git/usr/share/help/cs/shotwell
Installing help/cs/organize-event.page to /build/shotwell-git/pkg/shotwell-git/usr/share/help/cs/shotwell
Installing help/cs/organize-flag.page to /build/shotwell-git/pkg/shotwell-git/usr/share/help/cs/shotwell
Installing help/cs/organize-rating.page to /build/shotwell-git/pkg/shotwell-git/usr/share/help/cs/shotwell
Installing help/cs/organize-remove.page to /build/shotwell-git/pkg/shotwell-git/usr/share/help/cs/shotwell
Installing help/cs/organize-search.page to /build/shotwell-git/pkg/shotwell-git/usr/share/help/cs/shotwell
Installing help/cs/organize-tag.page to /build/shotwell-git/pkg/shotwell-git/usr/share/help/cs/shotwell
Installing help/cs/organize-title.page to /build/shotwell-git/pkg/shotwell-git/usr/share/help/cs/shotwell
Installing help/cs/other-files.page to /build/shotwell-git/pkg/shotwell-git/usr/share/help/cs/shotwell
Installing help/cs/other-missing.page to /build/shotwell-git/pkg/shotwell-git/usr/share/help/cs/shotwell
Installing help/cs/other-multiple.page to /build/shotwell-git/pkg/shotwell-git/usr/share/help/cs/shotwell
Installing help/cs/other-plugins.page to /build/shotwell-git/pkg/shotwell-git/usr/share/help/cs/shotwell
Installing help/cs/privacy-policy.page to /build/shotwell-git/pkg/shotwell-git/usr/share/help/cs/shotwell
Installing help/cs/raw.page to /build/shotwell-git/pkg/shotwell-git/usr/share/help/cs/shotwell
Installing help/cs/running.page to /build/shotwell-git/pkg/shotwell-git/usr/share/help/cs/shotwell
Installing help/cs/share-background.page to /build/shotwell-git/pkg/shotwell-git/usr/share/help/cs/shotwell
Installing help/cs/share-export.page to /build/shotwell-git/pkg/shotwell-git/usr/share/help/cs/shotwell
Installing help/cs/share-print.page to /build/shotwell-git/pkg/shotwell-git/usr/share/help/cs/shotwell
Installing help/cs/share-send.page to /build/shotwell-git/pkg/shotwell-git/usr/share/help/cs/shotwell
Installing help/cs/share-slideshow.page to /build/shotwell-git/pkg/shotwell-git/usr/share/help/cs/shotwell
Installing help/cs/share-upload.page to /build/shotwell-git/pkg/shotwell-git/usr/share/help/cs/shotwell
Installing help/cs/view-displaying.page to /build/shotwell-git/pkg/shotwell-git/usr/share/help/cs/shotwell
Installing help/cs/view-information.page to /build/shotwell-git/pkg/shotwell-git/usr/share/help/cs/shotwell
Installing help/cs/view-sidebar.page to /build/shotwell-git/pkg/shotwell-git/usr/share/help/cs/shotwell
Installing help/de/edit-adjustments.page to /build/shotwell-git/pkg/shotwell-git/usr/share/help/de/shotwell
Installing help/de/edit-crop.page to /build/shotwell-git/pkg/shotwell-git/usr/share/help/de/shotwell
Installing help/de/edit-date-time.page to /build/shotwell-git/pkg/shotwell-git/usr/share/help/de/shotwell
Installing help/de/edit-enhance.page to /build/shotwell-git/pkg/shotwell-git/usr/share/help/de/shotwell
Installing help/de/edit-external.page to /build/shotwell-git/pkg/shotwell-git/usr/share/help/de/shotwell
Installing help/de/edit-nondestructive.page to /build/shotwell-git/pkg/shotwell-git/usr/share/help/de/shotwell
Installing help/de/edit-redeye.page to /build/shotwell-git/pkg/shotwell-git/usr/share/help/de/shotwell
Installing help/de/edit-rotate.page to /build/shotwell-git/pkg/shotwell-git/usr/share/help/de/shotwell
Installing help/de/edit-straighten.page to /build/shotwell-git/pkg/shotwell-git/usr/share/help/de/shotwell
Installing help/de/edit-undo.page to /build/shotwell-git/pkg/shotwell-git/usr/share/help/de/shotwell
Installing help/de/formats.page to /build/shotwell-git/pkg/shotwell-git/usr/share/help/de/shotwell
Installing help/de/import-camera.page to /build/shotwell-git/pkg/shotwell-git/usr/share/help/de/shotwell
Installing help/de/import-file.page to /build/shotwell-git/pkg/shotwell-git/usr/share/help/de/shotwell
Installing help/de/import-memorycard.page to /build/shotwell-git/pkg/shotwell-git/usr/share/help/de/shotwell
Installing help/de/index.page to /build/shotwell-git/pkg/shotwell-git/usr/share/help/de/shotwell
Installing help/de/organize-event.page to /build/shotwell-git/pkg/shotwell-git/usr/share/help/de/shotwell
Installing help/de/organize-flag.page to /build/shotwell-git/pkg/shotwell-git/usr/share/help/de/shotwell
Installing help/de/organize-rating.page to /build/shotwell-git/pkg/shotwell-git/usr/share/help/de/shotwell
Installing help/de/organize-remove.page to /build/shotwell-git/pkg/shotwell-git/usr/share/help/de/shotwell
Installing help/de/organize-search.page to /build/shotwell-git/pkg/shotwell-git/usr/share/help/de/shotwell
Installing help/de/organize-tag.page to /build/shotwell-git/pkg/shotwell-git/usr/share/help/de/shotwell
Installing help/de/organize-title.page to /build/shotwell-git/pkg/shotwell-git/usr/share/help/de/shotwell
Installing help/de/other-files.page to /build/shotwell-git/pkg/shotwell-git/usr/share/help/de/shotwell
Installing help/de/other-missing.page to /build/shotwell-git/pkg/shotwell-git/usr/share/help/de/shotwell
Installing help/de/other-multiple.page to /build/shotwell-git/pkg/shotwell-git/usr/share/help/de/shotwell
Installing help/de/other-plugins.page to /build/shotwell-git/pkg/shotwell-git/usr/share/help/de/shotwell
Installing help/de/privacy-policy.page to /build/shotwell-git/pkg/shotwell-git/usr/share/help/de/shotwell
Installing help/de/raw.page to /build/shotwell-git/pkg/shotwell-git/usr/share/help/de/shotwell
Installing help/de/running.page to /build/shotwell-git/pkg/shotwell-git/usr/share/help/de/shotwell
Installing help/de/share-background.page to /build/shotwell-git/pkg/shotwell-git/usr/share/help/de/shotwell
Installing help/de/share-export.page to /build/shotwell-git/pkg/shotwell-git/usr/share/help/de/shotwell
Installing help/de/share-print.page to /build/shotwell-git/pkg/shotwell-git/usr/share/help/de/shotwell
Installing help/de/share-send.page to /build/shotwell-git/pkg/shotwell-git/usr/share/help/de/shotwell
Installing help/de/share-slideshow.page to /build/shotwell-git/pkg/shotwell-git/usr/share/help/de/shotwell
Installing help/de/share-upload.page to /build/shotwell-git/pkg/shotwell-git/usr/share/help/de/shotwell
Installing help/de/view-displaying.page to /build/shotwell-git/pkg/shotwell-git/usr/share/help/de/shotwell
Installing help/de/view-information.page to /build/shotwell-git/pkg/shotwell-git/usr/share/help/de/shotwell
Installing help/de/view-sidebar.page to /build/shotwell-git/pkg/shotwell-git/usr/share/help/de/shotwell
Installing help/el/edit-adjustments.page to /build/shotwell-git/pkg/shotwell-git/usr/share/help/el/shotwell
Installing help/el/edit-crop.page to /build/shotwell-git/pkg/shotwell-git/usr/share/help/el/shotwell
Installing help/el/edit-date-time.page to /build/shotwell-git/pkg/shotwell-git/usr/share/help/el/shotwell
Installing help/el/edit-enhance.page to /build/shotwell-git/pkg/shotwell-git/usr/share/help/el/shotwell
Installing help/el/edit-external.page to /build/shotwell-git/pkg/shotwell-git/usr/share/help/el/shotwell
Installing help/el/edit-nondestructive.page to /build/shotwell-git/pkg/shotwell-git/usr/share/help/el/shotwell
Installing help/el/edit-redeye.page to /build/shotwell-git/pkg/shotwell-git/usr/share/help/el/shotwell
Installing help/el/edit-rotate.page to /build/shotwell-git/pkg/shotwell-git/usr/share/help/el/shotwell
Installing help/el/edit-straighten.page to /build/shotwell-git/pkg/shotwell-git/usr/share/help/el/shotwell
Installing help/el/edit-undo.page to /build/shotwell-git/pkg/shotwell-git/usr/share/help/el/shotwell
Installing help/el/formats.page to /build/shotwell-git/pkg/shotwell-git/usr/share/help/el/shotwell
Installing help/el/import-camera.page to /build/shotwell-git/pkg/shotwell-git/usr/share/help/el/shotwell
Installing help/el/import-file.page to /build/shotwell-git/pkg/shotwell-git/usr/share/help/el/shotwell
Installing help/el/import-memorycard.page to /build/shotwell-git/pkg/shotwell-git/usr/share/help/el/shotwell
Installing help/el/index.page to /build/shotwell-git/pkg/shotwell-git/usr/share/help/el/shotwell
Installing help/el/organize-event.page to /build/shotwell-git/pkg/shotwell-git/usr/share/help/el/shotwell
Installing help/el/organize-flag.page to /build/shotwell-git/pkg/shotwell-git/usr/share/help/el/shotwell
Installing help/el/organize-rating.page to /build/shotwell-git/pkg/shotwell-git/usr/share/help/el/shotwell
Installing help/el/organize-remove.page to /build/shotwell-git/pkg/shotwell-git/usr/share/help/el/shotwell
Installing help/el/organize-search.page to /build/shotwell-git/pkg/shotwell-git/usr/share/help/el/shotwell
Installing help/el/organize-tag.page to /build/shotwell-git/pkg/shotwell-git/usr/share/help/el/shotwell
Installing help/el/organize-title.page to /build/shotwell-git/pkg/shotwell-git/usr/share/help/el/shotwell
Installing help/el/other-files.page to /build/shotwell-git/pkg/shotwell-git/usr/share/help/el/shotwell
Installing help/el/other-missing.page to /build/shotwell-git/pkg/shotwell-git/usr/share/help/el/shotwell
Installing help/el/other-multiple.page to /build/shotwell-git/pkg/shotwell-git/usr/share/help/el/shotwell
Installing help/el/other-plugins.page to /build/shotwell-git/pkg/shotwell-git/usr/share/help/el/shotwell
Installing help/el/privacy-policy.page to /build/shotwell-git/pkg/shotwell-git/usr/share/help/el/shotwell
Installing help/el/raw.page to /build/shotwell-git/pkg/shotwell-git/usr/share/help/el/shotwell
Installing help/el/running.page to /build/shotwell-git/pkg/shotwell-git/usr/share/help/el/shotwell
Installing help/el/share-background.page to /build/shotwell-git/pkg/shotwell-git/usr/share/help/el/shotwell
Installing help/el/share-export.page to /build/shotwell-git/pkg/shotwell-git/usr/share/help/el/shotwell
Installing help/el/share-print.page to /build/shotwell-git/pkg/shotwell-git/usr/share/help/el/shotwell
Installing help/el/share-send.page to /build/shotwell-git/pkg/shotwell-git/usr/share/help/el/shotwell
Installing help/el/share-slideshow.page to /build/shotwell-git/pkg/shotwell-git/usr/share/help/el/shotwell
Installing help/el/share-upload.page to /build/shotwell-git/pkg/shotwell-git/usr/share/help/el/shotwell
Installing help/el/view-displaying.page to /build/shotwell-git/pkg/shotwell-git/usr/share/help/el/shotwell
Installing help/el/view-information.page to /build/shotwell-git/pkg/shotwell-git/usr/share/help/el/shotwell
Installing help/el/view-sidebar.page to /build/shotwell-git/pkg/shotwell-git/usr/share/help/el/shotwell
Installing help/es/edit-adjustments.page to /build/shotwell-git/pkg/shotwell-git/usr/share/help/es/shotwell
Installing help/es/edit-crop.page to /build/shotwell-git/pkg/shotwell-git/usr/share/help/es/shotwell
Installing help/es/edit-date-time.page to /build/shotwell-git/pkg/shotwell-git/usr/share/help/es/shotwell
Installing help/es/edit-enhance.page to /build/shotwell-git/pkg/shotwell-git/usr/share/help/es/shotwell
Installing help/es/edit-external.page to /build/shotwell-git/pkg/shotwell-git/usr/share/help/es/shotwell
Installing help/es/edit-nondestructive.page to /build/shotwell-git/pkg/shotwell-git/usr/share/help/es/shotwell
Installing help/es/edit-redeye.page to /build/shotwell-git/pkg/shotwell-git/usr/share/help/es/shotwell
Installing help/es/edit-rotate.page to /build/shotwell-git/pkg/shotwell-git/usr/share/help/es/shotwell
Installing help/es/edit-straighten.page to /build/shotwell-git/pkg/shotwell-git/usr/share/help/es/shotwell
Installing help/es/edit-undo.page to /build/shotwell-git/pkg/shotwell-git/usr/share/help/es/shotwell
Installing help/es/formats.page to /build/shotwell-git/pkg/shotwell-git/usr/share/help/es/shotwell
Installing help/es/import-camera.page to /build/shotwell-git/pkg/shotwell-git/usr/share/help/es/shotwell
Installing help/es/import-file.page to /build/shotwell-git/pkg/shotwell-git/usr/share/help/es/shotwell
Installing help/es/import-memorycard.page to /build/shotwell-git/pkg/shotwell-git/usr/share/help/es/shotwell
Installing help/es/index.page to /build/shotwell-git/pkg/shotwell-git/usr/share/help/es/shotwell
Installing help/es/organize-event.page to /build/shotwell-git/pkg/shotwell-git/usr/share/help/es/shotwell
Installing help/es/organize-flag.page to /build/shotwell-git/pkg/shotwell-git/usr/share/help/es/shotwell
Installing help/es/organize-rating.page to /build/shotwell-git/pkg/shotwell-git/usr/share/help/es/shotwell
Installing help/es/organize-remove.page to /build/shotwell-git/pkg/shotwell-git/usr/share/help/es/shotwell
Installing help/es/organize-search.page to /build/shotwell-git/pkg/shotwell-git/usr/share/help/es/shotwell
Installing help/es/organize-tag.page to /build/shotwell-git/pkg/shotwell-git/usr/share/help/es/shotwell
Installing help/es/organize-title.page to /build/shotwell-git/pkg/shotwell-git/usr/share/help/es/shotwell
Installing help/es/other-files.page to /build/shotwell-git/pkg/shotwell-git/usr/share/help/es/shotwell
Installing help/es/other-missing.page to /build/shotwell-git/pkg/shotwell-git/usr/share/help/es/shotwell
Installing help/es/other-multiple.page to /build/shotwell-git/pkg/shotwell-git/usr/share/help/es/shotwell
Installing help/es/other-plugins.page to /build/shotwell-git/pkg/shotwell-git/usr/share/help/es/shotwell
Installing help/es/privacy-policy.page to /build/shotwell-git/pkg/shotwell-git/usr/share/help/es/shotwell
Installing help/es/raw.page to /build/shotwell-git/pkg/shotwell-git/usr/share/help/es/shotwell
Installing help/es/running.page to /build/shotwell-git/pkg/shotwell-git/usr/share/help/es/shotwell
Installing help/es/share-background.page to /build/shotwell-git/pkg/shotwell-git/usr/share/help/es/shotwell
Installing help/es/share-export.page to /build/shotwell-git/pkg/shotwell-git/usr/share/help/es/shotwell
Installing help/es/share-print.page to /build/shotwell-git/pkg/shotwell-git/usr/share/help/es/shotwell
Installing help/es/share-send.page to /build/shotwell-git/pkg/shotwell-git/usr/share/help/es/shotwell
Installing help/es/share-slideshow.page to /build/shotwell-git/pkg/shotwell-git/usr/share/help/es/shotwell
Installing help/es/share-upload.page to /build/shotwell-git/pkg/shotwell-git/usr/share/help/es/shotwell
Installing help/es/view-displaying.page to /build/shotwell-git/pkg/shotwell-git/usr/share/help/es/shotwell
Installing help/es/view-information.page to /build/shotwell-git/pkg/shotwell-git/usr/share/help/es/shotwell
Installing help/es/view-sidebar.page to /build/shotwell-git/pkg/shotwell-git/usr/share/help/es/shotwell
Installing help/fr/edit-adjustments.page to /build/shotwell-git/pkg/shotwell-git/usr/share/help/fr/shotwell
Installing help/fr/edit-crop.page to /build/shotwell-git/pkg/shotwell-git/usr/share/help/fr/shotwell
Installing help/fr/edit-date-time.page to /build/shotwell-git/pkg/shotwell-git/usr/share/help/fr/shotwell
Installing help/fr/edit-enhance.page to /build/shotwell-git/pkg/shotwell-git/usr/share/help/fr/shotwell
Installing help/fr/edit-external.page to /build/shotwell-git/pkg/shotwell-git/usr/share/help/fr/shotwell
Installing help/fr/edit-nondestructive.page to /build/shotwell-git/pkg/shotwell-git/usr/share/help/fr/shotwell
Installing help/fr/edit-redeye.page to /build/shotwell-git/pkg/shotwell-git/usr/share/help/fr/shotwell
Installing help/fr/edit-rotate.page to /build/shotwell-git/pkg/shotwell-git/usr/share/help/fr/shotwell
Installing help/fr/edit-straighten.page to /build/shotwell-git/pkg/shotwell-git/usr/share/help/fr/shotwell
Installing help/fr/edit-undo.page to /build/shotwell-git/pkg/shotwell-git/usr/share/help/fr/shotwell
Installing help/fr/formats.page to /build/shotwell-git/pkg/shotwell-git/usr/share/help/fr/shotwell
Installing help/fr/import-camera.page to /build/shotwell-git/pkg/shotwell-git/usr/share/help/fr/shotwell
Installing help/fr/import-file.page to /build/shotwell-git/pkg/shotwell-git/usr/share/help/fr/shotwell
Installing help/fr/import-memorycard.page to /build/shotwell-git/pkg/shotwell-git/usr/share/help/fr/shotwell
Installing help/fr/index.page to /build/shotwell-git/pkg/shotwell-git/usr/share/help/fr/shotwell
Installing help/fr/organize-event.page to /build/shotwell-git/pkg/shotwell-git/usr/share/help/fr/shotwell
Installing help/fr/organize-flag.page to /build/shotwell-git/pkg/shotwell-git/usr/share/help/fr/shotwell
Installing help/fr/organize-rating.page to /build/shotwell-git/pkg/shotwell-git/usr/share/help/fr/shotwell
Installing help/fr/organize-remove.page to /build/shotwell-git/pkg/shotwell-git/usr/share/help/fr/shotwell
Installing help/fr/organize-search.page to /build/shotwell-git/pkg/shotwell-git/usr/share/help/fr/shotwell
Installing help/fr/organize-tag.page to /build/shotwell-git/pkg/shotwell-git/usr/share/help/fr/shotwell
Installing help/fr/organize-title.page to /build/shotwell-git/pkg/shotwell-git/usr/share/help/fr/shotwell
Installing help/fr/other-files.page to /build/shotwell-git/pkg/shotwell-git/usr/share/help/fr/shotwell
Installing help/fr/other-missing.page to /build/shotwell-git/pkg/shotwell-git/usr/share/help/fr/shotwell
Installing help/fr/other-multiple.page to /build/shotwell-git/pkg/shotwell-git/usr/share/help/fr/shotwell
Installing help/fr/other-plugins.page to /build/shotwell-git/pkg/shotwell-git/usr/share/help/fr/shotwell
Installing help/fr/privacy-policy.page to /build/shotwell-git/pkg/shotwell-git/usr/share/help/fr/shotwell
Installing help/fr/raw.page to /build/shotwell-git/pkg/shotwell-git/usr/share/help/fr/shotwell
Installing help/fr/running.page to /build/shotwell-git/pkg/shotwell-git/usr/share/help/fr/shotwell
Installing help/fr/share-background.page to /build/shotwell-git/pkg/shotwell-git/usr/share/help/fr/shotwell
Installing help/fr/share-export.page to /build/shotwell-git/pkg/shotwell-git/usr/share/help/fr/shotwell
Installing help/fr/share-print.page to /build/shotwell-git/pkg/shotwell-git/usr/share/help/fr/shotwell
Installing help/fr/share-send.page to /build/shotwell-git/pkg/shotwell-git/usr/share/help/fr/shotwell
Installing help/fr/share-slideshow.page to /build/shotwell-git/pkg/shotwell-git/usr/share/help/fr/shotwell
Installing help/fr/share-upload.page to /build/shotwell-git/pkg/shotwell-git/usr/share/help/fr/shotwell
Installing help/fr/view-displaying.page to /build/shotwell-git/pkg/shotwell-git/usr/share/help/fr/shotwell
Installing help/fr/view-information.page to /build/shotwell-git/pkg/shotwell-git/usr/share/help/fr/shotwell
Installing help/fr/view-sidebar.page to /build/shotwell-git/pkg/shotwell-git/usr/share/help/fr/shotwell
Installing help/hu/edit-adjustments.page to /build/shotwell-git/pkg/shotwell-git/usr/share/help/hu/shotwell
Installing help/hu/edit-crop.page to /build/shotwell-git/pkg/shotwell-git/usr/share/help/hu/shotwell
Installing help/hu/edit-date-time.page to /build/shotwell-git/pkg/shotwell-git/usr/share/help/hu/shotwell
Installing help/hu/edit-enhance.page to /build/shotwell-git/pkg/shotwell-git/usr/share/help/hu/shotwell
Installing help/hu/edit-external.page to /build/shotwell-git/pkg/shotwell-git/usr/share/help/hu/shotwell
Installing help/hu/edit-nondestructive.page to /build/shotwell-git/pkg/shotwell-git/usr/share/help/hu/shotwell
Installing help/hu/edit-redeye.page to /build/shotwell-git/pkg/shotwell-git/usr/share/help/hu/shotwell
Installing help/hu/edit-rotate.page to /build/shotwell-git/pkg/shotwell-git/usr/share/help/hu/shotwell
Installing help/hu/edit-straighten.page to /build/shotwell-git/pkg/shotwell-git/usr/share/help/hu/shotwell
Installing help/hu/edit-undo.page to /build/shotwell-git/pkg/shotwell-git/usr/share/help/hu/shotwell
Installing help/hu/formats.page to /build/shotwell-git/pkg/shotwell-git/usr/share/help/hu/shotwell
Installing help/hu/import-camera.page to /build/shotwell-git/pkg/shotwell-git/usr/share/help/hu/shotwell
Installing help/hu/import-file.page to /build/shotwell-git/pkg/shotwell-git/usr/share/help/hu/shotwell
Installing help/hu/import-memorycard.page to /build/shotwell-git/pkg/shotwell-git/usr/share/help/hu/shotwell
Installing help/hu/index.page to /build/shotwell-git/pkg/shotwell-git/usr/share/help/hu/shotwell
Installing help/hu/organize-event.page to /build/shotwell-git/pkg/shotwell-git/usr/share/help/hu/shotwell
Installing help/hu/organize-flag.page to /build/shotwell-git/pkg/shotwell-git/usr/share/help/hu/shotwell
Installing help/hu/organize-rating.page to /build/shotwell-git/pkg/shotwell-git/usr/share/help/hu/shotwell
Installing help/hu/organize-remove.page to /build/shotwell-git/pkg/shotwell-git/usr/share/help/hu/shotwell
Installing help/hu/organize-search.page to /build/shotwell-git/pkg/shotwell-git/usr/share/help/hu/shotwell
Installing help/hu/organize-tag.page to /build/shotwell-git/pkg/shotwell-git/usr/share/help/hu/shotwell
Installing help/hu/organize-title.page to /build/shotwell-git/pkg/shotwell-git/usr/share/help/hu/shotwell
Installing help/hu/other-files.page to /build/shotwell-git/pkg/shotwell-git/usr/share/help/hu/shotwell
Installing help/hu/other-missing.page to /build/shotwell-git/pkg/shotwell-git/usr/share/help/hu/shotwell
Installing help/hu/other-multiple.page to /build/shotwell-git/pkg/shotwell-git/usr/share/help/hu/shotwell
Installing help/hu/other-plugins.page to /build/shotwell-git/pkg/shotwell-git/usr/share/help/hu/shotwell
Installing help/hu/privacy-policy.page to /build/shotwell-git/pkg/shotwell-git/usr/share/help/hu/shotwell
Installing help/hu/raw.page to /build/shotwell-git/pkg/shotwell-git/usr/share/help/hu/shotwell
Installing help/hu/running.page to /build/shotwell-git/pkg/shotwell-git/usr/share/help/hu/shotwell
Installing help/hu/share-background.page to /build/shotwell-git/pkg/shotwell-git/usr/share/help/hu/shotwell
Installing help/hu/share-export.page to /build/shotwell-git/pkg/shotwell-git/usr/share/help/hu/shotwell
Installing help/hu/share-print.page to /build/shotwell-git/pkg/shotwell-git/usr/share/help/hu/shotwell
Installing help/hu/share-send.page to /build/shotwell-git/pkg/shotwell-git/usr/share/help/hu/shotwell
Installing help/hu/share-slideshow.page to /build/shotwell-git/pkg/shotwell-git/usr/share/help/hu/shotwell
Installing help/hu/share-upload.page to /build/shotwell-git/pkg/shotwell-git/usr/share/help/hu/shotwell
Installing help/hu/view-displaying.page to /build/shotwell-git/pkg/shotwell-git/usr/share/help/hu/shotwell
Installing help/hu/view-information.page to /build/shotwell-git/pkg/shotwell-git/usr/share/help/hu/shotwell
Installing help/hu/view-sidebar.page to /build/shotwell-git/pkg/shotwell-git/usr/share/help/hu/shotwell
Installing help/id/edit-adjustments.page to /build/shotwell-git/pkg/shotwell-git/usr/share/help/id/shotwell
Installing help/id/edit-crop.page to /build/shotwell-git/pkg/shotwell-git/usr/share/help/id/shotwell
Installing help/id/edit-date-time.page to /build/shotwell-git/pkg/shotwell-git/usr/share/help/id/shotwell
Installing help/id/edit-enhance.page to /build/shotwell-git/pkg/shotwell-git/usr/share/help/id/shotwell
Installing help/id/edit-external.page to /build/shotwell-git/pkg/shotwell-git/usr/share/help/id/shotwell
Installing help/id/edit-nondestructive.page to /build/shotwell-git/pkg/shotwell-git/usr/share/help/id/shotwell
Installing help/id/edit-redeye.page to /build/shotwell-git/pkg/shotwell-git/usr/share/help/id/shotwell
Installing help/id/edit-rotate.page to /build/shotwell-git/pkg/shotwell-git/usr/share/help/id/shotwell
Installing help/id/edit-straighten.page to /build/shotwell-git/pkg/shotwell-git/usr/share/help/id/shotwell
Installing help/id/edit-undo.page to /build/shotwell-git/pkg/shotwell-git/usr/share/help/id/shotwell
Installing help/id/formats.page to /build/shotwell-git/pkg/shotwell-git/usr/share/help/id/shotwell
Installing help/id/import-camera.page to /build/shotwell-git/pkg/shotwell-git/usr/share/help/id/shotwell
Installing help/id/import-file.page to /build/shotwell-git/pkg/shotwell-git/usr/share/help/id/shotwell
Installing help/id/import-memorycard.page to /build/shotwell-git/pkg/shotwell-git/usr/share/help/id/shotwell
Installing help/id/index.page to /build/shotwell-git/pkg/shotwell-git/usr/share/help/id/shotwell
Installing help/id/organize-event.page to /build/shotwell-git/pkg/shotwell-git/usr/share/help/id/shotwell
Installing help/id/organize-flag.page to /build/shotwell-git/pkg/shotwell-git/usr/share/help/id/shotwell
Installing help/id/organize-rating.page to /build/shotwell-git/pkg/shotwell-git/usr/share/help/id/shotwell
Installing help/id/organize-remove.page to /build/shotwell-git/pkg/shotwell-git/usr/share/help/id/shotwell
Installing help/id/organize-search.page to /build/shotwell-git/pkg/shotwell-git/usr/share/help/id/shotwell
Installing help/id/organize-tag.page to /build/shotwell-git/pkg/shotwell-git/usr/share/help/id/shotwell
Installing help/id/organize-title.page to /build/shotwell-git/pkg/shotwell-git/usr/share/help/id/shotwell
Installing help/id/other-files.page to /build/shotwell-git/pkg/shotwell-git/usr/share/help/id/shotwell
Installing help/id/other-missing.page to /build/shotwell-git/pkg/shotwell-git/usr/share/help/id/shotwell
Installing help/id/other-multiple.page to /build/shotwell-git/pkg/shotwell-git/usr/share/help/id/shotwell
Installing help/id/other-plugins.page to /build/shotwell-git/pkg/shotwell-git/usr/share/help/id/shotwell
Installing help/id/privacy-policy.page to /build/shotwell-git/pkg/shotwell-git/usr/share/help/id/shotwell
Installing help/id/raw.page to /build/shotwell-git/pkg/shotwell-git/usr/share/help/id/shotwell
Installing help/id/running.page to /build/shotwell-git/pkg/shotwell-git/usr/share/help/id/shotwell
Installing help/id/share-background.page to /build/shotwell-git/pkg/shotwell-git/usr/share/help/id/shotwell
Installing help/id/share-export.page to /build/shotwell-git/pkg/shotwell-git/usr/share/help/id/shotwell
Installing help/id/share-print.page to /build/shotwell-git/pkg/shotwell-git/usr/share/help/id/shotwell
Installing help/id/share-send.page to /build/shotwell-git/pkg/shotwell-git/usr/share/help/id/shotwell
Installing help/id/share-slideshow.page to /build/shotwell-git/pkg/shotwell-git/usr/share/help/id/shotwell
Installing help/id/share-upload.page to /build/shotwell-git/pkg/shotwell-git/usr/share/help/id/shotwell
Installing help/id/view-displaying.page to /build/shotwell-git/pkg/shotwell-git/usr/share/help/id/shotwell
Installing help/id/view-information.page to /build/shotwell-git/pkg/shotwell-git/usr/share/help/id/shotwell
Installing help/id/view-sidebar.page to /build/shotwell-git/pkg/shotwell-git/usr/share/help/id/shotwell
Installing help/kk/edit-adjustments.page to /build/shotwell-git/pkg/shotwell-git/usr/share/help/kk/shotwell
Installing help/kk/edit-crop.page to /build/shotwell-git/pkg/shotwell-git/usr/share/help/kk/shotwell
Installing help/kk/edit-date-time.page to /build/shotwell-git/pkg/shotwell-git/usr/share/help/kk/shotwell
Installing help/kk/edit-enhance.page to /build/shotwell-git/pkg/shotwell-git/usr/share/help/kk/shotwell
Installing help/kk/edit-external.page to /build/shotwell-git/pkg/shotwell-git/usr/share/help/kk/shotwell
Installing help/kk/edit-nondestructive.page to /build/shotwell-git/pkg/shotwell-git/usr/share/help/kk/shotwell
Installing help/kk/edit-redeye.page to /build/shotwell-git/pkg/shotwell-git/usr/share/help/kk/shotwell
Installing help/kk/edit-rotate.page to /build/shotwell-git/pkg/shotwell-git/usr/share/help/kk/shotwell
Installing help/kk/edit-straighten.page to /build/shotwell-git/pkg/shotwell-git/usr/share/help/kk/shotwell
Installing help/kk/edit-undo.page to /build/shotwell-git/pkg/shotwell-git/usr/share/help/kk/shotwell
Installing help/kk/formats.page to /build/shotwell-git/pkg/shotwell-git/usr/share/help/kk/shotwell
Installing help/kk/import-camera.page to /build/shotwell-git/pkg/shotwell-git/usr/share/help/kk/shotwell
Installing help/kk/import-file.page to /build/shotwell-git/pkg/shotwell-git/usr/share/help/kk/shotwell
Installing help/kk/import-memorycard.page to /build/shotwell-git/pkg/shotwell-git/usr/share/help/kk/shotwell
Installing help/kk/index.page to /build/shotwell-git/pkg/shotwell-git/usr/share/help/kk/shotwell
Installing help/kk/organize-event.page to /build/shotwell-git/pkg/shotwell-git/usr/share/help/kk/shotwell
Installing help/kk/organize-flag.page to /build/shotwell-git/pkg/shotwell-git/usr/share/help/kk/shotwell
Installing help/kk/organize-rating.page to /build/shotwell-git/pkg/shotwell-git/usr/share/help/kk/shotwell
Installing help/kk/organize-remove.page to /build/shotwell-git/pkg/shotwell-git/usr/share/help/kk/shotwell
Installing help/kk/organize-search.page to /build/shotwell-git/pkg/shotwell-git/usr/share/help/kk/shotwell
Installing help/kk/organize-tag.page to /build/shotwell-git/pkg/shotwell-git/usr/share/help/kk/shotwell
Installing help/kk/organize-title.page to /build/shotwell-git/pkg/shotwell-git/usr/share/help/kk/shotwell
Installing help/kk/other-files.page to /build/shotwell-git/pkg/shotwell-git/usr/share/help/kk/shotwell
Installing help/kk/other-missing.page to /build/shotwell-git/pkg/shotwell-git/usr/share/help/kk/shotwell
Installing help/kk/other-multiple.page to /build/shotwell-git/pkg/shotwell-git/usr/share/help/kk/shotwell
Installing help/kk/other-plugins.page to /build/shotwell-git/pkg/shotwell-git/usr/share/help/kk/shotwell
Installing help/kk/privacy-policy.page to /build/shotwell-git/pkg/shotwell-git/usr/share/help/kk/shotwell
Installing help/kk/raw.page to /build/shotwell-git/pkg/shotwell-git/usr/share/help/kk/shotwell
Installing help/kk/running.page to /build/shotwell-git/pkg/shotwell-git/usr/share/help/kk/shotwell
Installing help/kk/share-background.page to /build/shotwell-git/pkg/shotwell-git/usr/share/help/kk/shotwell
Installing help/kk/share-export.page to /build/shotwell-git/pkg/shotwell-git/usr/share/help/kk/shotwell
Installing help/kk/share-print.page to /build/shotwell-git/pkg/shotwell-git/usr/share/help/kk/shotwell
Installing help/kk/share-send.page to /build/shotwell-git/pkg/shotwell-git/usr/share/help/kk/shotwell
Installing help/kk/share-slideshow.page to /build/shotwell-git/pkg/shotwell-git/usr/share/help/kk/shotwell
Installing help/kk/share-upload.page to /build/shotwell-git/pkg/shotwell-git/usr/share/help/kk/shotwell
Installing help/kk/view-displaying.page to /build/shotwell-git/pkg/shotwell-git/usr/share/help/kk/shotwell
Installing help/kk/view-information.page to /build/shotwell-git/pkg/shotwell-git/usr/share/help/kk/shotwell
Installing help/kk/view-sidebar.page to /build/shotwell-git/pkg/shotwell-git/usr/share/help/kk/shotwell
Installing help/lv/edit-adjustments.page to /build/shotwell-git/pkg/shotwell-git/usr/share/help/lv/shotwell
Installing help/lv/edit-crop.page to /build/shotwell-git/pkg/shotwell-git/usr/share/help/lv/shotwell
Installing help/lv/edit-date-time.page to /build/shotwell-git/pkg/shotwell-git/usr/share/help/lv/shotwell
Installing help/lv/edit-enhance.page to /build/shotwell-git/pkg/shotwell-git/usr/share/help/lv/shotwell
Installing help/lv/edit-external.page to /build/shotwell-git/pkg/shotwell-git/usr/share/help/lv/shotwell
Installing help/lv/edit-nondestructive.page to /build/shotwell-git/pkg/shotwell-git/usr/share/help/lv/shotwell
Installing help/lv/edit-redeye.page to /build/shotwell-git/pkg/shotwell-git/usr/share/help/lv/shotwell
Installing help/lv/edit-rotate.page to /build/shotwell-git/pkg/shotwell-git/usr/share/help/lv/shotwell
Installing help/lv/edit-straighten.page to /build/shotwell-git/pkg/shotwell-git/usr/share/help/lv/shotwell
Installing help/lv/edit-undo.page to /build/shotwell-git/pkg/shotwell-git/usr/share/help/lv/shotwell
Installing help/lv/formats.page to /build/shotwell-git/pkg/shotwell-git/usr/share/help/lv/shotwell
Installing help/lv/import-camera.page to /build/shotwell-git/pkg/shotwell-git/usr/share/help/lv/shotwell
Installing help/lv/import-file.page to /build/shotwell-git/pkg/shotwell-git/usr/share/help/lv/shotwell
Installing help/lv/import-memorycard.page to /build/shotwell-git/pkg/shotwell-git/usr/share/help/lv/shotwell
Installing help/lv/index.page to /build/shotwell-git/pkg/shotwell-git/usr/share/help/lv/shotwell
Installing help/lv/organize-event.page to /build/shotwell-git/pkg/shotwell-git/usr/share/help/lv/shotwell
Installing help/lv/organize-flag.page to /build/shotwell-git/pkg/shotwell-git/usr/share/help/lv/shotwell
Installing help/lv/organize-rating.page to /build/shotwell-git/pkg/shotwell-git/usr/share/help/lv/shotwell
Installing help/lv/organize-remove.page to /build/shotwell-git/pkg/shotwell-git/usr/share/help/lv/shotwell
Installing help/lv/organize-search.page to /build/shotwell-git/pkg/shotwell-git/usr/share/help/lv/shotwell
Installing help/lv/organize-tag.page to /build/shotwell-git/pkg/shotwell-git/usr/share/help/lv/shotwell
Installing help/lv/organize-title.page to /build/shotwell-git/pkg/shotwell-git/usr/share/help/lv/shotwell
Installing help/lv/other-files.page to /build/shotwell-git/pkg/shotwell-git/usr/share/help/lv/shotwell
Installing help/lv/other-missing.page to /build/shotwell-git/pkg/shotwell-git/usr/share/help/lv/shotwell
Installing help/lv/other-multiple.page to /build/shotwell-git/pkg/shotwell-git/usr/share/help/lv/shotwell
Installing help/lv/other-plugins.page to /build/shotwell-git/pkg/shotwell-git/usr/share/help/lv/shotwell
Installing help/lv/privacy-policy.page to /build/shotwell-git/pkg/shotwell-git/usr/share/help/lv/shotwell
Installing help/lv/raw.page to /build/shotwell-git/pkg/shotwell-git/usr/share/help/lv/shotwell
Installing help/lv/running.page to /build/shotwell-git/pkg/shotwell-git/usr/share/help/lv/shotwell
Installing help/lv/share-background.page to /build/shotwell-git/pkg/shotwell-git/usr/share/help/lv/shotwell
Installing help/lv/share-export.page to /build/shotwell-git/pkg/shotwell-git/usr/share/help/lv/shotwell
Installing help/lv/share-print.page to /build/shotwell-git/pkg/shotwell-git/usr/share/help/lv/shotwell
Installing help/lv/share-send.page to /build/shotwell-git/pkg/shotwell-git/usr/share/help/lv/shotwell
Installing help/lv/share-slideshow.page to /build/shotwell-git/pkg/shotwell-git/usr/share/help/lv/shotwell
Installing help/lv/share-upload.page to /build/shotwell-git/pkg/shotwell-git/usr/share/help/lv/shotwell
Installing help/lv/view-displaying.page to /build/shotwell-git/pkg/shotwell-git/usr/share/help/lv/shotwell
Installing help/lv/view-information.page to /build/shotwell-git/pkg/shotwell-git/usr/share/help/lv/shotwell
Installing help/lv/view-sidebar.page to /build/shotwell-git/pkg/shotwell-git/usr/share/help/lv/shotwell
Installing help/pt_BR/edit-adjustments.page to /build/shotwell-git/pkg/shotwell-git/usr/share/help/pt_BR/shotwell
Installing help/pt_BR/edit-crop.page to /build/shotwell-git/pkg/shotwell-git/usr/share/help/pt_BR/shotwell
Installing help/pt_BR/edit-date-time.page to /build/shotwell-git/pkg/shotwell-git/usr/share/help/pt_BR/shotwell
Installing help/pt_BR/edit-enhance.page to /build/shotwell-git/pkg/shotwell-git/usr/share/help/pt_BR/shotwell
Installing help/pt_BR/edit-external.page to /build/shotwell-git/pkg/shotwell-git/usr/share/help/pt_BR/shotwell
Installing help/pt_BR/edit-nondestructive.page to /build/shotwell-git/pkg/shotwell-git/usr/share/help/pt_BR/shotwell
Installing help/pt_BR/edit-redeye.page to /build/shotwell-git/pkg/shotwell-git/usr/share/help/pt_BR/shotwell
Installing help/pt_BR/edit-rotate.page to /build/shotwell-git/pkg/shotwell-git/usr/share/help/pt_BR/shotwell
Installing help/pt_BR/edit-straighten.page to /build/shotwell-git/pkg/shotwell-git/usr/share/help/pt_BR/shotwell
Installing help/pt_BR/edit-undo.page to /build/shotwell-git/pkg/shotwell-git/usr/share/help/pt_BR/shotwell
Installing help/pt_BR/formats.page to /build/shotwell-git/pkg/shotwell-git/usr/share/help/pt_BR/shotwell
Installing help/pt_BR/import-camera.page to /build/shotwell-git/pkg/shotwell-git/usr/share/help/pt_BR/shotwell
Installing help/pt_BR/import-file.page to /build/shotwell-git/pkg/shotwell-git/usr/share/help/pt_BR/shotwell
Installing help/pt_BR/import-memorycard.page to /build/shotwell-git/pkg/shotwell-git/usr/share/help/pt_BR/shotwell
Installing help/pt_BR/index.page to /build/shotwell-git/pkg/shotwell-git/usr/share/help/pt_BR/shotwell
Installing help/pt_BR/organize-event.page to /build/shotwell-git/pkg/shotwell-git/usr/share/help/pt_BR/shotwell
Installing help/pt_BR/organize-flag.page to /build/shotwell-git/pkg/shotwell-git/usr/share/help/pt_BR/shotwell
Installing help/pt_BR/organize-rating.page to /build/shotwell-git/pkg/shotwell-git/usr/share/help/pt_BR/shotwell
Installing help/pt_BR/organize-remove.page to /build/shotwell-git/pkg/shotwell-git/usr/share/help/pt_BR/shotwell
Installing help/pt_BR/organize-search.page to /build/shotwell-git/pkg/shotwell-git/usr/share/help/pt_BR/shotwell
Installing help/pt_BR/organize-tag.page to /build/shotwell-git/pkg/shotwell-git/usr/share/help/pt_BR/shotwell
Installing help/pt_BR/organize-title.page to /build/shotwell-git/pkg/shotwell-git/usr/share/help/pt_BR/shotwell
Installing help/pt_BR/other-files.page to /build/shotwell-git/pkg/shotwell-git/usr/share/help/pt_BR/shotwell
Installing help/pt_BR/other-missing.page to /build/shotwell-git/pkg/shotwell-git/usr/share/help/pt_BR/shotwell
Installing help/pt_BR/other-multiple.page to /build/shotwell-git/pkg/shotwell-git/usr/share/help/pt_BR/shotwell
Installing help/pt_BR/other-plugins.page to /build/shotwell-git/pkg/shotwell-git/usr/share/help/pt_BR/shotwell
Installing help/pt_BR/privacy-policy.page to /build/shotwell-git/pkg/shotwell-git/usr/share/help/pt_BR/shotwell
Installing help/pt_BR/raw.page to /build/shotwell-git/pkg/shotwell-git/usr/share/help/pt_BR/shotwell
Installing help/pt_BR/running.page to /build/shotwell-git/pkg/shotwell-git/usr/share/help/pt_BR/shotwell
Installing help/pt_BR/share-background.page to /build/shotwell-git/pkg/shotwell-git/usr/share/help/pt_BR/shotwell
Installing help/pt_BR/share-export.page to /build/shotwell-git/pkg/shotwell-git/usr/share/help/pt_BR/shotwell
Installing help/pt_BR/share-print.page to /build/shotwell-git/pkg/shotwell-git/usr/share/help/pt_BR/shotwell
Installing help/pt_BR/share-send.page to /build/shotwell-git/pkg/shotwell-git/usr/share/help/pt_BR/shotwell
Installing help/pt_BR/share-slideshow.page to /build/shotwell-git/pkg/shotwell-git/usr/share/help/pt_BR/shotwell
Installing help/pt_BR/share-upload.page to /build/shotwell-git/pkg/shotwell-git/usr/share/help/pt_BR/shotwell
Installing help/pt_BR/view-displaying.page to /build/shotwell-git/pkg/shotwell-git/usr/share/help/pt_BR/shotwell
Installing help/pt_BR/view-information.page to /build/shotwell-git/pkg/shotwell-git/usr/share/help/pt_BR/shotwell
Installing help/pt_BR/view-sidebar.page to /build/shotwell-git/pkg/shotwell-git/usr/share/help/pt_BR/shotwell
Installing help/ru/edit-adjustments.page to /build/shotwell-git/pkg/shotwell-git/usr/share/help/ru/shotwell
Installing help/ru/edit-crop.page to /build/shotwell-git/pkg/shotwell-git/usr/share/help/ru/shotwell
Installing help/ru/edit-date-time.page to /build/shotwell-git/pkg/shotwell-git/usr/share/help/ru/shotwell
Installing help/ru/edit-enhance.page to /build/shotwell-git/pkg/shotwell-git/usr/share/help/ru/shotwell
Installing help/ru/edit-external.page to /build/shotwell-git/pkg/shotwell-git/usr/share/help/ru/shotwell
Installing help/ru/edit-nondestructive.page to /build/shotwell-git/pkg/shotwell-git/usr/share/help/ru/shotwell
Installing help/ru/edit-redeye.page to /build/shotwell-git/pkg/shotwell-git/usr/share/help/ru/shotwell
Installing help/ru/edit-rotate.page to /build/shotwell-git/pkg/shotwell-git/usr/share/help/ru/shotwell
Installing help/ru/edit-straighten.page to /build/shotwell-git/pkg/shotwell-git/usr/share/help/ru/shotwell
Installing help/ru/edit-undo.page to /build/shotwell-git/pkg/shotwell-git/usr/share/help/ru/shotwell
Installing help/ru/formats.page to /build/shotwell-git/pkg/shotwell-git/usr/share/help/ru/shotwell
Installing help/ru/import-camera.page to /build/shotwell-git/pkg/shotwell-git/usr/share/help/ru/shotwell
Installing help/ru/import-file.page to /build/shotwell-git/pkg/shotwell-git/usr/share/help/ru/shotwell
Installing help/ru/import-memorycard.page to /build/shotwell-git/pkg/shotwell-git/usr/share/help/ru/shotwell
Installing help/ru/index.page to /build/shotwell-git/pkg/shotwell-git/usr/share/help/ru/shotwell
Installing help/ru/organize-event.page to /build/shotwell-git/pkg/shotwell-git/usr/share/help/ru/shotwell
Installing help/ru/organize-flag.page to /build/shotwell-git/pkg/shotwell-git/usr/share/help/ru/shotwell
Installing help/ru/organize-rating.page to /build/shotwell-git/pkg/shotwell-git/usr/share/help/ru/shotwell
Installing help/ru/organize-remove.page to /build/shotwell-git/pkg/shotwell-git/usr/share/help/ru/shotwell
Installing help/ru/organize-search.page to /build/shotwell-git/pkg/shotwell-git/usr/share/help/ru/shotwell
Installing help/ru/organize-tag.page to /build/shotwell-git/pkg/shotwell-git/usr/share/help/ru/shotwell
Installing help/ru/organize-title.page to /build/shotwell-git/pkg/shotwell-git/usr/share/help/ru/shotwell
Installing help/ru/other-files.page to /build/shotwell-git/pkg/shotwell-git/usr/share/help/ru/shotwell
Installing help/ru/other-missing.page to /build/shotwell-git/pkg/shotwell-git/usr/share/help/ru/shotwell
Installing help/ru/other-multiple.page to /build/shotwell-git/pkg/shotwell-git/usr/share/help/ru/shotwell
Installing help/ru/other-plugins.page to /build/shotwell-git/pkg/shotwell-git/usr/share/help/ru/shotwell
Installing help/ru/privacy-policy.page to /build/shotwell-git/pkg/shotwell-git/usr/share/help/ru/shotwell
Installing help/ru/raw.page to /build/shotwell-git/pkg/shotwell-git/usr/share/help/ru/shotwell
Installing help/ru/running.page to /build/shotwell-git/pkg/shotwell-git/usr/share/help/ru/shotwell
Installing help/ru/share-background.page to /build/shotwell-git/pkg/shotwell-git/usr/share/help/ru/shotwell
Installing help/ru/share-export.page to /build/shotwell-git/pkg/shotwell-git/usr/share/help/ru/shotwell
Installing help/ru/share-print.page to /build/shotwell-git/pkg/shotwell-git/usr/share/help/ru/shotwell
Installing help/ru/share-send.page to /build/shotwell-git/pkg/shotwell-git/usr/share/help/ru/shotwell
Installing help/ru/share-slideshow.page to /build/shotwell-git/pkg/shotwell-git/usr/share/help/ru/shotwell
Installing help/ru/share-upload.page to /build/shotwell-git/pkg/shotwell-git/usr/share/help/ru/shotwell
Installing help/ru/view-displaying.page to /build/shotwell-git/pkg/shotwell-git/usr/share/help/ru/shotwell
Installing help/ru/view-information.page to /build/shotwell-git/pkg/shotwell-git/usr/share/help/ru/shotwell
Installing help/ru/view-sidebar.page to /build/shotwell-git/pkg/shotwell-git/usr/share/help/ru/shotwell
Installing help/sr/edit-adjustments.page to /build/shotwell-git/pkg/shotwell-git/usr/share/help/sr/shotwell
Installing help/sr/edit-crop.page to /build/shotwell-git/pkg/shotwell-git/usr/share/help/sr/shotwell
Installing help/sr/edit-date-time.page to /build/shotwell-git/pkg/shotwell-git/usr/share/help/sr/shotwell
Installing help/sr/edit-enhance.page to /build/shotwell-git/pkg/shotwell-git/usr/share/help/sr/shotwell
Installing help/sr/edit-external.page to /build/shotwell-git/pkg/shotwell-git/usr/share/help/sr/shotwell
Installing help/sr/edit-nondestructive.page to /build/shotwell-git/pkg/shotwell-git/usr/share/help/sr/shotwell
Installing help/sr/edit-redeye.page to /build/shotwell-git/pkg/shotwell-git/usr/share/help/sr/shotwell
Installing help/sr/edit-rotate.page to /build/shotwell-git/pkg/shotwell-git/usr/share/help/sr/shotwell
Installing help/sr/edit-straighten.page to /build/shotwell-git/pkg/shotwell-git/usr/share/help/sr/shotwell
Installing help/sr/edit-undo.page to /build/shotwell-git/pkg/shotwell-git/usr/share/help/sr/shotwell
Installing help/sr/formats.page to /build/shotwell-git/pkg/shotwell-git/usr/share/help/sr/shotwell
Installing help/sr/import-camera.page to /build/shotwell-git/pkg/shotwell-git/usr/share/help/sr/shotwell
Installing help/sr/import-file.page to /build/shotwell-git/pkg/shotwell-git/usr/share/help/sr/shotwell
Installing help/sr/import-memorycard.page to /build/shotwell-git/pkg/shotwell-git/usr/share/help/sr/shotwell
Installing help/sr/index.page to /build/shotwell-git/pkg/shotwell-git/usr/share/help/sr/shotwell
Installing help/sr/organize-event.page to /build/shotwell-git/pkg/shotwell-git/usr/share/help/sr/shotwell
Installing help/sr/organize-flag.page to /build/shotwell-git/pkg/shotwell-git/usr/share/help/sr/shotwell
Installing help/sr/organize-rating.page to /build/shotwell-git/pkg/shotwell-git/usr/share/help/sr/shotwell
Installing help/sr/organize-remove.page to /build/shotwell-git/pkg/shotwell-git/usr/share/help/sr/shotwell
Installing help/sr/organize-search.page to /build/shotwell-git/pkg/shotwell-git/usr/share/help/sr/shotwell
Installing help/sr/organize-tag.page to /build/shotwell-git/pkg/shotwell-git/usr/share/help/sr/shotwell
Installing help/sr/organize-title.page to /build/shotwell-git/pkg/shotwell-git/usr/share/help/sr/shotwell
Installing help/sr/other-files.page to /build/shotwell-git/pkg/shotwell-git/usr/share/help/sr/shotwell
Installing help/sr/other-missing.page to /build/shotwell-git/pkg/shotwell-git/usr/share/help/sr/shotwell
Installing help/sr/other-multiple.page to /build/shotwell-git/pkg/shotwell-git/usr/share/help/sr/shotwell
Installing help/sr/other-plugins.page to /build/shotwell-git/pkg/shotwell-git/usr/share/help/sr/shotwell
Installing help/sr/privacy-policy.page to /build/shotwell-git/pkg/shotwell-git/usr/share/help/sr/shotwell
Installing help/sr/raw.page to /build/shotwell-git/pkg/shotwell-git/usr/share/help/sr/shotwell
Installing help/sr/running.page to /build/shotwell-git/pkg/shotwell-git/usr/share/help/sr/shotwell
Installing help/sr/share-background.page to /build/shotwell-git/pkg/shotwell-git/usr/share/help/sr/shotwell
Installing help/sr/share-export.page to /build/shotwell-git/pkg/shotwell-git/usr/share/help/sr/shotwell
Installing help/sr/share-print.page to /build/shotwell-git/pkg/shotwell-git/usr/share/help/sr/shotwell
Installing help/sr/share-send.page to /build/shotwell-git/pkg/shotwell-git/usr/share/help/sr/shotwell
Installing help/sr/share-slideshow.page to /build/shotwell-git/pkg/shotwell-git/usr/share/help/sr/shotwell
Installing help/sr/share-upload.page to /build/shotwell-git/pkg/shotwell-git/usr/share/help/sr/shotwell
Installing help/sr/view-displaying.page to /build/shotwell-git/pkg/shotwell-git/usr/share/help/sr/shotwell
Installing help/sr/view-information.page to /build/shotwell-git/pkg/shotwell-git/usr/share/help/sr/shotwell
Installing help/sr/view-sidebar.page to /build/shotwell-git/pkg/shotwell-git/usr/share/help/sr/shotwell
Installing help/sv/edit-adjustments.page to /build/shotwell-git/pkg/shotwell-git/usr/share/help/sv/shotwell
Installing help/sv/edit-crop.page to /build/shotwell-git/pkg/shotwell-git/usr/share/help/sv/shotwell
Installing help/sv/edit-date-time.page to /build/shotwell-git/pkg/shotwell-git/usr/share/help/sv/shotwell
Installing help/sv/edit-enhance.page to /build/shotwell-git/pkg/shotwell-git/usr/share/help/sv/shotwell
Installing help/sv/edit-external.page to /build/shotwell-git/pkg/shotwell-git/usr/share/help/sv/shotwell
Installing help/sv/edit-nondestructive.page to /build/shotwell-git/pkg/shotwell-git/usr/share/help/sv/shotwell
Installing help/sv/edit-redeye.page to /build/shotwell-git/pkg/shotwell-git/usr/share/help/sv/shotwell
Installing help/sv/edit-rotate.page to /build/shotwell-git/pkg/shotwell-git/usr/share/help/sv/shotwell
Installing help/sv/edit-straighten.page to /build/shotwell-git/pkg/shotwell-git/usr/share/help/sv/shotwell
Installing help/sv/edit-undo.page to /build/shotwell-git/pkg/shotwell-git/usr/share/help/sv/shotwell
Installing help/sv/formats.page to /build/shotwell-git/pkg/shotwell-git/usr/share/help/sv/shotwell
Installing help/sv/import-camera.page to /build/shotwell-git/pkg/shotwell-git/usr/share/help/sv/shotwell
Installing help/sv/import-file.page to /build/shotwell-git/pkg/shotwell-git/usr/share/help/sv/shotwell
Installing help/sv/import-memorycard.page to /build/shotwell-git/pkg/shotwell-git/usr/share/help/sv/shotwell
Installing help/sv/index.page to /build/shotwell-git/pkg/shotwell-git/usr/share/help/sv/shotwell
Installing help/sv/organize-event.page to /build/shotwell-git/pkg/shotwell-git/usr/share/help/sv/shotwell
Installing help/sv/organize-flag.page to /build/shotwell-git/pkg/shotwell-git/usr/share/help/sv/shotwell
Installing help/sv/organize-rating.page to /build/shotwell-git/pkg/shotwell-git/usr/share/help/sv/shotwell
Installing help/sv/organize-remove.page to /build/shotwell-git/pkg/shotwell-git/usr/share/help/sv/shotwell
Installing help/sv/organize-search.page to /build/shotwell-git/pkg/shotwell-git/usr/share/help/sv/shotwell
Installing help/sv/organize-tag.page to /build/shotwell-git/pkg/shotwell-git/usr/share/help/sv/shotwell
Installing help/sv/organize-title.page to /build/shotwell-git/pkg/shotwell-git/usr/share/help/sv/shotwell
Installing help/sv/other-files.page to /build/shotwell-git/pkg/shotwell-git/usr/share/help/sv/shotwell
Installing help/sv/other-missing.page to /build/shotwell-git/pkg/shotwell-git/usr/share/help/sv/shotwell
Installing help/sv/other-multiple.page to /build/shotwell-git/pkg/shotwell-git/usr/share/help/sv/shotwell
Installing help/sv/other-plugins.page to /build/shotwell-git/pkg/shotwell-git/usr/share/help/sv/shotwell
Installing help/sv/privacy-policy.page to /build/shotwell-git/pkg/shotwell-git/usr/share/help/sv/shotwell
Installing help/sv/raw.page to /build/shotwell-git/pkg/shotwell-git/usr/share/help/sv/shotwell
Installing help/sv/running.page to /build/shotwell-git/pkg/shotwell-git/usr/share/help/sv/shotwell
Installing help/sv/share-background.page to /build/shotwell-git/pkg/shotwell-git/usr/share/help/sv/shotwell
Installing help/sv/share-export.page to /build/shotwell-git/pkg/shotwell-git/usr/share/help/sv/shotwell
Installing help/sv/share-print.page to /build/shotwell-git/pkg/shotwell-git/usr/share/help/sv/shotwell
Installing help/sv/share-send.page to /build/shotwell-git/pkg/shotwell-git/usr/share/help/sv/shotwell
Installing help/sv/share-slideshow.page to /build/shotwell-git/pkg/shotwell-git/usr/share/help/sv/shotwell
Installing help/sv/share-upload.page to /build/shotwell-git/pkg/shotwell-git/usr/share/help/sv/shotwell
Installing help/sv/view-displaying.page to /build/shotwell-git/pkg/shotwell-git/usr/share/help/sv/shotwell
Installing help/sv/view-information.page to /build/shotwell-git/pkg/shotwell-git/usr/share/help/sv/shotwell
Installing help/sv/view-sidebar.page to /build/shotwell-git/pkg/shotwell-git/usr/share/help/sv/shotwell
Installing help/uk/edit-adjustments.page to /build/shotwell-git/pkg/shotwell-git/usr/share/help/uk/shotwell
Installing help/uk/edit-crop.page to /build/shotwell-git/pkg/shotwell-git/usr/share/help/uk/shotwell
Installing help/uk/edit-date-time.page to /build/shotwell-git/pkg/shotwell-git/usr/share/help/uk/shotwell
Installing help/uk/edit-enhance.page to /build/shotwell-git/pkg/shotwell-git/usr/share/help/uk/shotwell
Installing help/uk/edit-external.page to /build/shotwell-git/pkg/shotwell-git/usr/share/help/uk/shotwell
Installing help/uk/edit-nondestructive.page to /build/shotwell-git/pkg/shotwell-git/usr/share/help/uk/shotwell
Installing help/uk/edit-redeye.page to /build/shotwell-git/pkg/shotwell-git/usr/share/help/uk/shotwell
Installing help/uk/edit-rotate.page to /build/shotwell-git/pkg/shotwell-git/usr/share/help/uk/shotwell
Installing help/uk/edit-straighten.page to /build/shotwell-git/pkg/shotwell-git/usr/share/help/uk/shotwell
Installing help/uk/edit-undo.page to /build/shotwell-git/pkg/shotwell-git/usr/share/help/uk/shotwell
Installing help/uk/formats.page to /build/shotwell-git/pkg/shotwell-git/usr/share/help/uk/shotwell
Installing help/uk/import-camera.page to /build/shotwell-git/pkg/shotwell-git/usr/share/help/uk/shotwell
Installing help/uk/import-file.page to /build/shotwell-git/pkg/shotwell-git/usr/share/help/uk/shotwell
Installing help/uk/import-memorycard.page to /build/shotwell-git/pkg/shotwell-git/usr/share/help/uk/shotwell
Installing help/uk/index.page to /build/shotwell-git/pkg/shotwell-git/usr/share/help/uk/shotwell
Installing help/uk/organize-event.page to /build/shotwell-git/pkg/shotwell-git/usr/share/help/uk/shotwell
Installing help/uk/organize-flag.page to /build/shotwell-git/pkg/shotwell-git/usr/share/help/uk/shotwell
Installing help/uk/organize-rating.page to /build/shotwell-git/pkg/shotwell-git/usr/share/help/uk/shotwell
Installing help/uk/organize-remove.page to /build/shotwell-git/pkg/shotwell-git/usr/share/help/uk/shotwell
Installing help/uk/organize-search.page to /build/shotwell-git/pkg/shotwell-git/usr/share/help/uk/shotwell
Installing help/uk/organize-tag.page to /build/shotwell-git/pkg/shotwell-git/usr/share/help/uk/shotwell
Installing help/uk/organize-title.page to /build/shotwell-git/pkg/shotwell-git/usr/share/help/uk/shotwell
Installing help/uk/other-files.page to /build/shotwell-git/pkg/shotwell-git/usr/share/help/uk/shotwell
Installing help/uk/other-missing.page to /build/shotwell-git/pkg/shotwell-git/usr/share/help/uk/shotwell
Installing help/uk/other-multiple.page to /build/shotwell-git/pkg/shotwell-git/usr/share/help/uk/shotwell
Installing help/uk/other-plugins.page to /build/shotwell-git/pkg/shotwell-git/usr/share/help/uk/shotwell
Installing help/uk/privacy-policy.page to /build/shotwell-git/pkg/shotwell-git/usr/share/help/uk/shotwell
Installing help/uk/raw.page to /build/shotwell-git/pkg/shotwell-git/usr/share/help/uk/shotwell
Installing help/uk/running.page to /build/shotwell-git/pkg/shotwell-git/usr/share/help/uk/shotwell
Installing help/uk/share-background.page to /build/shotwell-git/pkg/shotwell-git/usr/share/help/uk/shotwell
Installing help/uk/share-export.page to /build/shotwell-git/pkg/shotwell-git/usr/share/help/uk/shotwell
Installing help/uk/share-print.page to /build/shotwell-git/pkg/shotwell-git/usr/share/help/uk/shotwell
Installing help/uk/share-send.page to /build/shotwell-git/pkg/shotwell-git/usr/share/help/uk/shotwell
Installing help/uk/share-slideshow.page to /build/shotwell-git/pkg/shotwell-git/usr/share/help/uk/shotwell
Installing help/uk/share-upload.page to /build/shotwell-git/pkg/shotwell-git/usr/share/help/uk/shotwell
Installing help/uk/view-displaying.page to /build/shotwell-git/pkg/shotwell-git/usr/share/help/uk/shotwell
Installing help/uk/view-information.page to /build/shotwell-git/pkg/shotwell-git/usr/share/help/uk/shotwell
Installing help/uk/view-sidebar.page to /build/shotwell-git/pkg/shotwell-git/usr/share/help/uk/shotwell
Installing thumbnailer/shotwell-video-thumbnailer to /build/shotwell-git/pkg/shotwell-git/usr/lib/shotwell
Installing /build/shotwell-git/src/shotwell/help/shotwell.1 to /build/shotwell-git/pkg/shotwell-git/usr/share/man/man1
Installing /build/shotwell-git/src/shotwell/data/apport/shotwell.py to /build/shotwell-git/pkg/shotwell-git/usr/share/apport/package-hooks
Installing /build/shotwell-git/src/shotwell/data/gsettings/org.gnome.shotwell-extras.gschema.xml to /build/shotwell-git/pkg/shotwell-git/usr/share/glib-2.0/schemas
Installing /build/shotwell-git/src/shotwell/data/gsettings/org.gnome.shotwell.gschema.xml to /build/shotwell-git/pkg/shotwell-git/usr/share/glib-2.0/schemas
Installing /build/shotwell-git/src/shotwell/data/gsettings/org.yorba.shotwell-extras.gschema.xml to /build/shotwell-git/pkg/shotwell-git/usr/share/glib-2.0/schemas
Installing /build/shotwell-git/src/shotwell/data/gsettings/org.yorba.shotwell.gschema.xml to /build/shotwell-git/pkg/shotwell-git/usr/share/glib-2.0/schemas
Installing /build/shotwell-git/src/shotwell/help/C/edit-adjustments.page to /build/shotwell-git/pkg/shotwell-git/usr/share/help/C/shotwell
Installing /build/shotwell-git/src/shotwell/help/C/edit-crop.page to /build/shotwell-git/pkg/shotwell-git/usr/share/help/C/shotwell
Installing /build/shotwell-git/src/shotwell/help/C/edit-date-time.page to /build/shotwell-git/pkg/shotwell-git/usr/share/help/C/shotwell
Installing /build/shotwell-git/src/shotwell/help/C/edit-enhance.page to /build/shotwell-git/pkg/shotwell-git/usr/share/help/C/shotwell
Installing /build/shotwell-git/src/shotwell/help/C/edit-external.page to /build/shotwell-git/pkg/shotwell-git/usr/share/help/C/shotwell
Installing /build/shotwell-git/src/shotwell/help/C/edit-nondestructive.page to /build/shotwell-git/pkg/shotwell-git/usr/share/help/C/shotwell
Installing /build/shotwell-git/src/shotwell/help/C/edit-redeye.page to /build/shotwell-git/pkg/shotwell-git/usr/share/help/C/shotwell
Installing /build/shotwell-git/src/shotwell/help/C/edit-rotate.page to /build/shotwell-git/pkg/shotwell-git/usr/share/help/C/shotwell
Installing /build/shotwell-git/src/shotwell/help/C/edit-straighten.page to /build/shotwell-git/pkg/shotwell-git/usr/share/help/C/shotwell
Installing /build/shotwell-git/src/shotwell/help/C/edit-undo.page to /build/shotwell-git/pkg/shotwell-git/usr/share/help/C/shotwell
Installing /build/shotwell-git/src/shotwell/help/C/formats.page to /build/shotwell-git/pkg/shotwell-git/usr/share/help/C/shotwell
Installing /build/shotwell-git/src/shotwell/help/C/import-camera.page to /build/shotwell-git/pkg/shotwell-git/usr/share/help/C/shotwell
Installing /build/shotwell-git/src/shotwell/help/C/import-file.page to /build/shotwell-git/pkg/shotwell-git/usr/share/help/C/shotwell
Installing /build/shotwell-git/src/shotwell/help/C/import-memorycard.page to /build/shotwell-git/pkg/shotwell-git/usr/share/help/C/shotwell
Installing /build/shotwell-git/src/shotwell/help/C/index.page to /build/shotwell-git/pkg/shotwell-git/usr/share/help/C/shotwell
Installing /build/shotwell-git/src/shotwell/help/C/organize-event.page to /build/shotwell-git/pkg/shotwell-git/usr/share/help/C/shotwell
Installing /build/shotwell-git/src/shotwell/help/C/organize-flag.page to /build/shotwell-git/pkg/shotwell-git/usr/share/help/C/shotwell
Installing /build/shotwell-git/src/shotwell/help/C/organize-rating.page to /build/shotwell-git/pkg/shotwell-git/usr/share/help/C/shotwell
Installing /build/shotwell-git/src/shotwell/help/C/organize-remove.page to /build/shotwell-git/pkg/shotwell-git/usr/share/help/C/shotwell
Installing /build/shotwell-git/src/shotwell/help/C/organize-search.page to /build/shotwell-git/pkg/shotwell-git/usr/share/help/C/shotwell
Installing /build/shotwell-git/src/shotwell/help/C/organize-tag.page to /build/shotwell-git/pkg/shotwell-git/usr/share/help/C/shotwell
Installing /build/shotwell-git/src/shotwell/help/C/organize-title.page to /build/shotwell-git/pkg/shotwell-git/usr/share/help/C/shotwell
Installing /build/shotwell-git/src/shotwell/help/C/other-files.page to /build/shotwell-git/pkg/shotwell-git/usr/share/help/C/shotwell
Installing /build/shotwell-git/src/shotwell/help/C/other-missing.page to /build/shotwell-git/pkg/shotwell-git/usr/share/help/C/shotwell
Installing /build/shotwell-git/src/shotwell/help/C/other-multiple.page to /build/shotwell-git/pkg/shotwell-git/usr/share/help/C/shotwell
Installing /build/shotwell-git/src/shotwell/help/C/other-plugins.page to /build/shotwell-git/pkg/shotwell-git/usr/share/help/C/shotwell
Installing /build/shotwell-git/src/shotwell/help/C/privacy-policy.page to /build/shotwell-git/pkg/shotwell-git/usr/share/help/C/shotwell
Installing /build/shotwell-git/src/shotwell/help/C/raw.page to /build/shotwell-git/pkg/shotwell-git/usr/share/help/C/shotwell
Installing /build/shotwell-git/src/shotwell/help/C/running.page to /build/shotwell-git/pkg/shotwell-git/usr/share/help/C/shotwell
Installing /build/shotwell-git/src/shotwell/help/C/share-background.page to /build/shotwell-git/pkg/shotwell-git/usr/share/help/C/shotwell
Installing /build/shotwell-git/src/shotwell/help/C/share-export.page to /build/shotwell-git/pkg/shotwell-git/usr/share/help/C/shotwell
Installing /build/shotwell-git/src/shotwell/help/C/share-print.page to /build/shotwell-git/pkg/shotwell-git/usr/share/help/C/shotwell
Installing /build/shotwell-git/src/shotwell/help/C/share-send.page to /build/shotwell-git/pkg/shotwell-git/usr/share/help/C/shotwell
Installing /build/shotwell-git/src/shotwell/help/C/share-slideshow.page to /build/shotwell-git/pkg/shotwell-git/usr/share/help/C/shotwell
Installing /build/shotwell-git/src/shotwell/help/C/share-upload.page to /build/shotwell-git/pkg/shotwell-git/usr/share/help/C/shotwell
Installing /build/shotwell-git/src/shotwell/help/C/view-displaying.page to /build/shotwell-git/pkg/shotwell-git/usr/share/help/C/shotwell
Installing /build/shotwell-git/src/shotwell/help/C/view-information.page to /build/shotwell-git/pkg/shotwell-git/usr/share/help/C/shotwell
Installing /build/shotwell-git/src/shotwell/help/C/view-sidebar.page to /build/shotwell-git/pkg/shotwell-git/usr/share/help/C/shotwell
Installing /build/shotwell-git/src/shotwell/help/C/figures/Shotwell.svg to /build/shotwell-git/pkg/shotwell-git/usr/share/help/C/shotwell/figures
Installing /build/shotwell-git/src/shotwell/help/C/figures/trash_process.png to /build/shotwell-git/pkg/shotwell-git/usr/share/help/C/shotwell/figures
Installing /build/shotwell-git/src/shotwell/help/C/figures/crop_thirds.jpg to /build/shotwell-git/pkg/shotwell-git/usr/share/help/C/shotwell/figures
Installing /build/shotwell-git/src/shotwell/help/C/figures/trash_process.svg to /build/shotwell-git/pkg/shotwell-git/usr/share/help/C/shotwell/figures
Installing /build/shotwell-git/src/shotwell/help/de/figures/trash_process.png to /build/shotwell-git/pkg/shotwell-git/usr/share/help/de/shotwell/figures
Installing /build/shotwell-git/src/shotwell/help/lv/figures/trash_process.png to /build/shotwell-git/pkg/shotwell-git/usr/share/help/lv/shotwell/figures
Installing /build/shotwell-git/src/shotwell/help/pt_BR/figures/trash_process.png to /build/shotwell-git/pkg/shotwell-git/usr/share/help/pt_BR/shotwell/figures
Installing /build/shotwell-git/src/shotwell/help/sv/figures/trash_process.png to /build/shotwell-git/pkg/shotwell-git/usr/share/help/sv/shotwell/figures
Installing /build/shotwell-git/src/shotwell/settings-migrator/shotwell-settings-migrator to /build/shotwell-git/pkg/shotwell-git/usr/lib/shotwell
Installing symlink pointing to libshotwell-plugin-dev-1.0.so.0.33 to /build/shotwell-git/pkg/shotwell-git/usr/lib/libshotwell-plugin-dev-1.0.so.0
Installing symlink pointing to libshotwell-plugin-dev-1.0.so.0 to /build/shotwell-git/pkg/shotwell-git/usr/lib/libshotwell-plugin-dev-1.0.so
Installing symlink pointing to libshotwell-plugin-common.so.0.33 to /build/shotwell-git/pkg/shotwell-git/usr/lib/libshotwell-plugin-common.so.0
Installing symlink pointing to libshotwell-plugin-common.so.0 to /build/shotwell-git/pkg/shotwell-git/usr/lib/libshotwell-plugin-common.so
Installing symlink pointing to libshotwell-authenticator.so.0.33 to /build/shotwell-git/pkg/shotwell-git/usr/lib/libshotwell-authenticator.so.0
Installing symlink pointing to libshotwell-authenticator.so.0 to /build/shotwell-git/pkg/shotwell-git/usr/lib/libshotwell-authenticator.so
Installing symlink pointing to ../../../C/shotwell/figures/Shotwell.svg to /build/shotwell-git/pkg/shotwell-git/usr/share/help/ca/shotwell/figures/Shotwell.svg
Installing symlink pointing to ../../../C/shotwell/figures/trash_process.png to /build/shotwell-git/pkg/shotwell-git/usr/share/help/ca/shotwell/figures/trash_process.png
Installing symlink pointing to ../../../C/shotwell/figures/crop_thirds.jpg to /build/shotwell-git/pkg/shotwell-git/usr/share/help/ca/shotwell/figures/crop_thirds.jpg
Installing symlink pointing to ../../../C/shotwell/figures/trash_process.svg to /build/shotwell-git/pkg/shotwell-git/usr/share/help/ca/shotwell/figures/trash_process.svg
Installing symlink pointing to ../../../C/shotwell/figures/Shotwell.svg to /build/shotwell-git/pkg/shotwell-git/usr/share/help/cs/shotwell/figures/Shotwell.svg
Installing symlink pointing to ../../../C/shotwell/figures/trash_process.png to /build/shotwell-git/pkg/shotwell-git/usr/share/help/cs/shotwell/figures/trash_process.png
Installing symlink pointing to ../../../C/shotwell/figures/crop_thirds.jpg to /build/shotwell-git/pkg/shotwell-git/usr/share/help/cs/shotwell/figures/crop_thirds.jpg
Installing symlink pointing to ../../../C/shotwell/figures/trash_process.svg to /build/shotwell-git/pkg/shotwell-git/usr/share/help/cs/shotwell/figures/trash_process.svg
Installing symlink pointing to ../../../C/shotwell/figures/Shotwell.svg to /build/shotwell-git/pkg/shotwell-git/usr/share/help/de/shotwell/figures/Shotwell.svg
Installing symlink pointing to ../../../C/shotwell/figures/crop_thirds.jpg to /build/shotwell-git/pkg/shotwell-git/usr/share/help/de/shotwell/figures/crop_thirds.jpg
Installing symlink pointing to ../../../C/shotwell/figures/trash_process.svg to /build/shotwell-git/pkg/shotwell-git/usr/share/help/de/shotwell/figures/trash_process.svg
Installing symlink pointing to ../../../C/shotwell/figures/Shotwell.svg to /build/shotwell-git/pkg/shotwell-git/usr/share/help/el/shotwell/figures/Shotwell.svg
Installing symlink pointing to ../../../C/shotwell/figures/trash_process.png to /build/shotwell-git/pkg/shotwell-git/usr/share/help/el/shotwell/figures/trash_process.png
Installing symlink pointing to ../../../C/shotwell/figures/crop_thirds.jpg to /build/shotwell-git/pkg/shotwell-git/usr/share/help/el/shotwell/figures/crop_thirds.jpg
Installing symlink pointing to ../../../C/shotwell/figures/trash_process.svg to /build/shotwell-git/pkg/shotwell-git/usr/share/help/el/shotwell/figures/trash_process.svg
Installing symlink pointing to ../../../C/shotwell/figures/Shotwell.svg to /build/shotwell-git/pkg/shotwell-git/usr/share/help/es/shotwell/figures/Shotwell.svg
Installing symlink pointing to ../../../C/shotwell/figures/trash_process.png to /build/shotwell-git/pkg/shotwell-git/usr/share/help/es/shotwell/figures/trash_process.png
Installing symlink pointing to ../../../C/shotwell/figures/crop_thirds.jpg to /build/shotwell-git/pkg/shotwell-git/usr/share/help/es/shotwell/figures/crop_thirds.jpg
Installing symlink pointing to ../../../C/shotwell/figures/trash_process.svg to /build/shotwell-git/pkg/shotwell-git/usr/share/help/es/shotwell/figures/trash_process.svg
Installing symlink pointing to ../../../C/shotwell/figures/Shotwell.svg to /build/shotwell-git/pkg/shotwell-git/usr/share/help/fr/shotwell/figures/Shotwell.svg
Installing symlink pointing to ../../../C/shotwell/figures/trash_process.png to /build/shotwell-git/pkg/shotwell-git/usr/share/help/fr/shotwell/figures/trash_process.png
Installing symlink pointing to ../../../C/shotwell/figures/crop_thirds.jpg to /build/shotwell-git/pkg/shotwell-git/usr/share/help/fr/shotwell/figures/crop_thirds.jpg
Installing symlink pointing to ../../../C/shotwell/figures/trash_process.svg to /build/shotwell-git/pkg/shotwell-git/usr/share/help/fr/shotwell/figures/trash_process.svg
Installing symlink pointing to ../../../C/shotwell/figures/Shotwell.svg to /build/shotwell-git/pkg/shotwell-git/usr/share/help/hu/shotwell/figures/Shotwell.svg
Installing symlink pointing to ../../../C/shotwell/figures/trash_process.png to /build/shotwell-git/pkg/shotwell-git/usr/share/help/hu/shotwell/figures/trash_process.png
Installing symlink pointing to ../../../C/shotwell/figures/crop_thirds.jpg to /build/shotwell-git/pkg/shotwell-git/usr/share/help/hu/shotwell/figures/crop_thirds.jpg
Installing symlink pointing to ../../../C/shotwell/figures/trash_process.svg to /build/shotwell-git/pkg/shotwell-git/usr/share/help/hu/shotwell/figures/trash_process.svg
Installing symlink pointing to ../../../C/shotwell/figures/Shotwell.svg to /build/shotwell-git/pkg/shotwell-git/usr/share/help/id/shotwell/figures/Shotwell.svg
Installing symlink pointing to ../../../C/shotwell/figures/trash_process.png to /build/shotwell-git/pkg/shotwell-git/usr/share/help/id/shotwell/figures/trash_process.png
Installing symlink pointing to ../../../C/shotwell/figures/crop_thirds.jpg to /build/shotwell-git/pkg/shotwell-git/usr/share/help/id/shotwell/figures/crop_thirds.jpg
Installing symlink pointing to ../../../C/shotwell/figures/trash_process.svg to /build/shotwell-git/pkg/shotwell-git/usr/share/help/id/shotwell/figures/trash_process.svg
Installing symlink pointing to ../../../C/shotwell/figures/Shotwell.svg to /build/shotwell-git/pkg/shotwell-git/usr/share/help/kk/shotwell/figures/Shotwell.svg
Installing symlink pointing to ../../../C/shotwell/figures/trash_process.png to /build/shotwell-git/pkg/shotwell-git/usr/share/help/kk/shotwell/figures/trash_process.png
Installing symlink pointing to ../../../C/shotwell/figures/crop_thirds.jpg to /build/shotwell-git/pkg/shotwell-git/usr/share/help/kk/shotwell/figures/crop_thirds.jpg
Installing symlink pointing to ../../../C/shotwell/figures/trash_process.svg to /build/shotwell-git/pkg/shotwell-git/usr/share/help/kk/shotwell/figures/trash_process.svg
Installing symlink pointing to ../../../C/shotwell/figures/Shotwell.svg to /build/shotwell-git/pkg/shotwell-git/usr/share/help/lv/shotwell/figures/Shotwell.svg
Installing symlink pointing to ../../../C/shotwell/figures/crop_thirds.jpg to /build/shotwell-git/pkg/shotwell-git/usr/share/help/lv/shotwell/figures/crop_thirds.jpg
Installing symlink pointing to ../../../C/shotwell/figures/trash_process.svg to /build/shotwell-git/pkg/shotwell-git/usr/share/help/lv/shotwell/figures/trash_process.svg
Installing symlink pointing to ../../../C/shotwell/figures/Shotwell.svg to /build/shotwell-git/pkg/shotwell-git/usr/share/help/pt_BR/shotwell/figures/Shotwell.svg
Installing symlink pointing to ../../../C/shotwell/figures/crop_thirds.jpg to /build/shotwell-git/pkg/shotwell-git/usr/share/help/pt_BR/shotwell/figures/crop_thirds.jpg
Installing symlink pointing to ../../../C/shotwell/figures/trash_process.svg to /build/shotwell-git/pkg/shotwell-git/usr/share/help/pt_BR/shotwell/figures/trash_process.svg
Installing symlink pointing to ../../../C/shotwell/figures/Shotwell.svg to /build/shotwell-git/pkg/shotwell-git/usr/share/help/ru/shotwell/figures/Shotwell.svg
Installing symlink pointing to ../../../C/shotwell/figures/trash_process.png to /build/shotwell-git/pkg/shotwell-git/usr/share/help/ru/shotwell/figures/trash_process.png
Installing symlink pointing to ../../../C/shotwell/figures/crop_thirds.jpg to /build/shotwell-git/pkg/shotwell-git/usr/share/help/ru/shotwell/figures/crop_thirds.jpg
Installing symlink pointing to ../../../C/shotwell/figures/trash_process.svg to /build/shotwell-git/pkg/shotwell-git/usr/share/help/ru/shotwell/figures/trash_process.svg
Installing symlink pointing to ../../../C/shotwell/figures/Shotwell.svg to /build/shotwell-git/pkg/shotwell-git/usr/share/help/sr/shotwell/figures/Shotwell.svg
Installing symlink pointing to ../../../C/shotwell/figures/trash_process.png to /build/shotwell-git/pkg/shotwell-git/usr/share/help/sr/shotwell/figures/trash_process.png
Installing symlink pointing to ../../../C/shotwell/figures/crop_thirds.jpg to /build/shotwell-git/pkg/shotwell-git/usr/share/help/sr/shotwell/figures/crop_thirds.jpg
Installing symlink pointing to ../../../C/shotwell/figures/trash_process.svg to /build/shotwell-git/pkg/shotwell-git/usr/share/help/sr/shotwell/figures/trash_process.svg
Installing symlink pointing to ../../../C/shotwell/figures/Shotwell.svg to /build/shotwell-git/pkg/shotwell-git/usr/share/help/sv/shotwell/figures/Shotwell.svg
Installing symlink pointing to ../../../C/shotwell/figures/crop_thirds.jpg to /build/shotwell-git/pkg/shotwell-git/usr/share/help/sv/shotwell/figures/crop_thirds.jpg
Installing symlink pointing to ../../../C/shotwell/figures/trash_process.svg to /build/shotwell-git/pkg/shotwell-git/usr/share/help/sv/shotwell/figures/trash_process.svg
Installing symlink pointing to ../../../C/shotwell/figures/Shotwell.svg to /build/shotwell-git/pkg/shotwell-git/usr/share/help/uk/shotwell/figures/Shotwell.svg
Installing symlink pointing to ../../../C/shotwell/figures/trash_process.png to /build/shotwell-git/pkg/shotwell-git/usr/share/help/uk/shotwell/figures/trash_process.png
Installing symlink pointing to ../../../C/shotwell/figures/crop_thirds.jpg to /build/shotwell-git/pkg/shotwell-git/usr/share/help/uk/shotwell/figures/crop_thirds.jpg
Installing symlink pointing to ../../../C/shotwell/figures/trash_process.svg to /build/shotwell-git/pkg/shotwell-git/usr/share/help/uk/shotwell/figures/trash_process.svg
Skipping custom install script because DESTDIR is set '/usr/bin/glib-compile-schemas /usr/share/glib-2.0/schemas'
Skipping custom install script because DESTDIR is set '/usr/bin/gtk4-update-icon-cache -q -t -f /usr/share/icons/hicolor'
Skipping custom install script because DESTDIR is set '/usr/bin/update-desktop-database -q /usr/share/applications'
