Submodule 'subprojects/labwc' (https://github.com/singularityos-lab/labwc.git) registered for path 'subprojects/labwc'
Submodule 'subprojects/libsingularity' (https://github.com/singularityos-lab/libsingularity.git) registered for path 'subprojects/libsingularity'
Submodule 'subprojects/singularity-calculator' (https://github.com/singularityos-lab/singularity-calculator.git) registered for path 'subprojects/singularity-calculator'
Submodule 'subprojects/singularity-calendar' (https://github.com/singularityos-lab/singularity-calendar.git) registered for path 'subprojects/singularity-calendar'
Submodule 'subprojects/singularity-demo' (https://github.com/singularityos-lab/singularity-demo.git) registered for path 'subprojects/singularity-demo'
Submodule 'subprojects/singularity-edit' (https://github.com/singularityos-lab/singularity-edit.git) registered for path 'subprojects/singularity-edit'
Submodule 'subprojects/singularity-files' (https://github.com/singularityos-lab/singularity-files.git) registered for path 'subprojects/singularity-files'
Submodule 'subprojects/singularity-gestures' (https://github.com/singularityos-lab/singularity-gestures.git) registered for path 'subprojects/singularity-gestures'
Submodule 'subprojects/singularity-git' (https://github.com/singularityos-lab/singularity-git.git) registered for path 'subprojects/singularity-git'
Submodule 'subprojects/singularity-greeter' (https://github.com/singularityos-lab/singularity-greeter.git) registered for path 'subprojects/singularity-greeter'
Submodule 'subprojects/singularity-installer' (https://github.com/singularityos-lab/singularity-installer.git) registered for path 'subprojects/singularity-installer'
Submodule 'subprojects/singularity-keyring' (https://github.com/singularityos-lab/singularity-keyring.git) registered for path 'subprojects/singularity-keyring'
Submodule 'subprojects/singularity-leafs' (https://github.com/singularityos-lab/singularity-leafs.git) registered for path 'subprojects/singularity-leafs'
Submodule 'subprojects/singularity-loginui' (https://github.com/singularityos-lab/singularity-loginui.git) registered for path 'subprojects/singularity-loginui'
Submodule 'subprojects/singularity-monitor' (https://github.com/singularityos-lab/singularity-monitor.git) registered for path 'subprojects/singularity-monitor'
Submodule 'subprojects/singularity-music' (https://github.com/singularityos-lab/singularity-music.git) registered for path 'subprojects/singularity-music'
Submodule 'subprojects/singularity-photos' (https://github.com/singularityos-lab/singularity-photos.git) registered for path 'subprojects/singularity-photos'
Submodule 'subprojects/singularity-plugins' (https://github.com/singularityos-lab/singularity-plugins.git) registered for path 'subprojects/singularity-plugins'
Submodule 'subprojects/singularity-polkit-agent' (https://github.com/singularityos-lab/singularity-polkit-agent.git) registered for path 'subprojects/singularity-polkit-agent'
Submodule 'subprojects/singularity-session' (https://github.com/singularityos-lab/singularity-session.git) registered for path 'subprojects/singularity-session'
Submodule 'subprojects/singularity-shell' (https://github.com/singularityos-lab/singularity-shell.git) registered for path 'subprojects/singularity-shell'
Submodule 'subprojects/singularity-store' (https://github.com/singularityos-lab/singularity-store.git) registered for path 'subprojects/singularity-store'
Submodule 'subprojects/singularity-themes' (https://github.com/singularityos-lab/singularity-themes.git) registered for path 'subprojects/singularity-themes'
Submodule 'subprojects/singularity-videos' (https://github.com/singularityos-lab/singularity-videos.git) registered for path 'subprojects/singularity-videos'
Submodule 'subprojects/singularity-wallpapers' (https://github.com/singularityos-lab/singularity-wallpapers.git) registered for path 'subprojects/singularity-wallpapers'
Submodule 'subprojects/singularity-widgets' (https://github.com/singularityos-lab/singularity-widgets.git) registered for path 'subprojects/singularity-widgets'
Submodule 'subprojects/singularity-write' (https://github.com/singularityos-lab/singularity-write.git) registered for path 'subprojects/singularity-write'
Submodule 'subprojects/xdg-desktop-portal-singularity' (https://github.com/singularityos-lab/xdg-desktop-portal-singularity.git) registered for path 'subprojects/xdg-desktop-portal-singularity'
Cloning into '/build/singularity-desktop-git/src/singularity-desktop/subprojects/labwc'...
Cloning into '/build/singularity-desktop-git/src/singularity-desktop/subprojects/libsingularity'...
Cloning into '/build/singularity-desktop-git/src/singularity-desktop/subprojects/singularity-calculator'...
Cloning into '/build/singularity-desktop-git/src/singularity-desktop/subprojects/singularity-calendar'...
Cloning into '/build/singularity-desktop-git/src/singularity-desktop/subprojects/singularity-demo'...
Cloning into '/build/singularity-desktop-git/src/singularity-desktop/subprojects/singularity-edit'...
Cloning into '/build/singularity-desktop-git/src/singularity-desktop/subprojects/singularity-files'...
Cloning into '/build/singularity-desktop-git/src/singularity-desktop/subprojects/singularity-gestures'...
Cloning into '/build/singularity-desktop-git/src/singularity-desktop/subprojects/singularity-git'...
Cloning into '/build/singularity-desktop-git/src/singularity-desktop/subprojects/singularity-greeter'...
Cloning into '/build/singularity-desktop-git/src/singularity-desktop/subprojects/singularity-installer'...
Cloning into '/build/singularity-desktop-git/src/singularity-desktop/subprojects/singularity-keyring'...
Cloning into '/build/singularity-desktop-git/src/singularity-desktop/subprojects/singularity-leafs'...
Cloning into '/build/singularity-desktop-git/src/singularity-desktop/subprojects/singularity-loginui'...
Cloning into '/build/singularity-desktop-git/src/singularity-desktop/subprojects/singularity-monitor'...
Cloning into '/build/singularity-desktop-git/src/singularity-desktop/subprojects/singularity-music'...
Cloning into '/build/singularity-desktop-git/src/singularity-desktop/subprojects/singularity-photos'...
Cloning into '/build/singularity-desktop-git/src/singularity-desktop/subprojects/singularity-plugins'...
Cloning into '/build/singularity-desktop-git/src/singularity-desktop/subprojects/singularity-polkit-agent'...
Cloning into '/build/singularity-desktop-git/src/singularity-desktop/subprojects/singularity-session'...
Cloning into '/build/singularity-desktop-git/src/singularity-desktop/subprojects/singularity-shell'...
Cloning into '/build/singularity-desktop-git/src/singularity-desktop/subprojects/singularity-store'...
Cloning into '/build/singularity-desktop-git/src/singularity-desktop/subprojects/singularity-themes'...
Cloning into '/build/singularity-desktop-git/src/singularity-desktop/subprojects/singularity-videos'...
Cloning into '/build/singularity-desktop-git/src/singularity-desktop/subprojects/singularity-wallpapers'...
Cloning into '/build/singularity-desktop-git/src/singularity-desktop/subprojects/singularity-widgets'...
Cloning into '/build/singularity-desktop-git/src/singularity-desktop/subprojects/singularity-write'...
Cloning into '/build/singularity-desktop-git/src/singularity-desktop/subprojects/xdg-desktop-portal-singularity'...
Submodule path 'subprojects/labwc': checked out '7c6273a05545f10e8b7737a8de3c9d71ff3e743e'
Submodule path 'subprojects/libsingularity': checked out '1d9a11165d18611f9deaff2c8ec1feabb97641a5'
Submodule path 'subprojects/singularity-calculator': checked out 'e471dcb4435e0e6d1d34e15d42eb122428101ec3'
Submodule path 'subprojects/singularity-calendar': checked out '7ac227ff607a16226f13755b622d38c3a14df277'
Submodule path 'subprojects/singularity-demo': checked out '584a882e8a00ad2f269d84cc05238b66935463f6'
Submodule path 'subprojects/singularity-edit': checked out 'eb9188f0a0d4a7184a5a3ad38784df5f4bbe3b5a'
Submodule path 'subprojects/singularity-files': checked out '39b64ab2951e5e4eac69472d889574c9af120ac1'
Submodule path 'subprojects/singularity-gestures': checked out '51da49beae4dceea0d294a3a34f171f3464a0e05'
Submodule path 'subprojects/singularity-git': checked out 'be8b49c311efe7ccb7aaaaed7dad1a302d07ab27'
Submodule path 'subprojects/singularity-greeter': checked out '0e640e8e9a49b7e719378755a57924c76aaa5431'
Submodule path 'subprojects/singularity-installer': checked out '064e32134f8a03a965a1df92ea586d711725946e'
Submodule path 'subprojects/singularity-keyring': checked out '8a07a277da3c46d4b5f4f92586e37e6fbd6862b9'
Submodule path 'subprojects/singularity-leafs': checked out 'f47a83128d42260ba9b7062d2502d9d18d1eebed'
Submodule path 'subprojects/singularity-loginui': checked out '16723e374881d6578aa227e3662df9658cf1e505'
Submodule path 'subprojects/singularity-monitor': checked out 'bcdfb22da7843c69fa1d3f793aa81bbdaeb9f762'
Submodule path 'subprojects/singularity-music': checked out '81fe90ede1bb48cb489db5c8cecdb850d26cde7e'
Submodule path 'subprojects/singularity-photos': checked out '423c0fddb80ee3c3456243eacd80f2ccd33897b6'
Submodule path 'subprojects/singularity-plugins': checked out '5e9e4cfd81c5133fa02f3767c130b1b31b5fdd8e'
Submodule path 'subprojects/singularity-polkit-agent': checked out 'e34803144245d1454ec956a4d339ae3201b5991e'
Submodule path 'subprojects/singularity-session': checked out '210a1492d94cb8e332d89b4d9a3530ecf599dccd'
Submodule path 'subprojects/singularity-shell': checked out '51dc9c33cb04bde6c66a21639a70982ab944468c'
Submodule path 'subprojects/singularity-store': checked out '7e3e9a27508008e4f1faaf5b911e8edb291f84d9'
Submodule path 'subprojects/singularity-themes': checked out 'accf087ba7809069b448d3dd949a10880123982c'
Submodule path 'subprojects/singularity-videos': checked out '7655cdb318f87364110e88f7eab655207945df74'
Submodule path 'subprojects/singularity-wallpapers': checked out '537b04e4bcac7fc226ad77e9ce34da05733e00bc'
Submodule path 'subprojects/singularity-widgets': checked out 'ffa4f4fd84718649caa974b07642d770839a7e67'
Submodule path 'subprojects/singularity-write': checked out '9e2d6981829a64cb69d0ee00d86d688deb3ce339'
Submodule path 'subprojects/xdg-desktop-portal-singularity': checked out '3b22e1d7a1d92b9ac69cf61ec32066d3d7ca5f34'
