go: downloading github.com/mirkobrombin/go-cli-builder/v2 v2.0.5
go: downloading github.com/mirkobrombin/go-foundation v0.2.0
The Meson build system
Version: 1.12.0
Source dir: /build/singularity-desktop-git/src/singularity-desktop
Build dir: /build/singularity-desktop-git/src/singularity-desktop/build
Build type: native build
Project name: singularity-desktop
Project version: 0.1.0
C compiler for the host machine: cc (gcc 16.2.1 "cc (GCC) 16.2.1 20260810")
C linker for the host machine: cc ld.bfd 2.47
Vala compiler for the host machine: valac (valac 0.56.19)
Host machine cpu family: x86_64
Host machine cpu: x86_64
Program msgfmt found: YES (/usr/bin/msgfmt)
Program msginit found: YES (/usr/bin/msginit)
Program msgmerge found: YES (/usr/bin/msgmerge)
Program xgettext found: YES (/usr/bin/xgettext)

Executing subproject libsingularity for machine: host 

libsingularity| Project name: libsingularity
libsingularity| Project version: 0.1.0
libsingularity| C compiler for the host machine: cc (gcc 16.2.1 "cc (GCC) 16.2.1 20260810")
libsingularity| C linker for the host machine: cc ld.bfd 2.47
libsingularity| Vala compiler for the host machine: valac (valac 0.56.19)
libsingularity| Found pkg-config: YES (/usr/bin/pkg-config) 3.0.7
libsingularity| Run-time dependency gtk4 found: YES 4.22.5
libsingularity| Run-time dependency wayland-client found: YES 1.26.0
libsingularity| Run-time dependency gee-0.8 found: YES 0.20.8
libsingularity| Run-time dependency json-glib-1.0 found: YES 1.10.8
libsingularity| Run-time dependency libpeas-2 found: YES 2.2.1
libsingularity| Run-time dependency gmodule-2.0 found: YES 2.88.3
libsingularity| Run-time dependency libsoup-3.0 found: YES 3.6.6
libsingularity| Run-time dependency gtksourceview-5 found: YES 5.20.0
libsingularity| Run-time dependency gobject-introspection-1.0 found: YES 1.86.0
libsingularity| Library m found: YES
libsingularity| Run-time dependency gtk4-layer-shell-0 found: YES 1.3.0
libsingularity| Program wayland-scanner found: YES (/usr/bin/wayland-scanner)
libsingularity| Found pkg-config: YES (/usr/bin/pkg-config) 3.0.7
libsingularity| Run-time dependency gio-2.0 found: YES 2.88.3
libsingularity| Program /usr/bin/glib-compile-resources found: YES (/usr/bin/glib-compile-resources)
libsingularity| Program g-ir-compiler found: YES (/usr/bin/g-ir-compiler)
libsingularity| Found pkg-config: YES (/usr/bin/pkg-config) 3.0.7
libsingularity| Dependency gio-2.0 for host machine found: YES 2.88.3 (cached)
libsingularity| Run-time dependency gio-unix-2.0 found: YES 2.88.3
libsingularity| Run-time dependency libpulse found: YES 17.0-98-gb096
libsingularity| Run-time dependency libpulse-mainloop-glib found: YES 17.0-98-gb096
libsingularity| Run-time dependency gudev-1.0 found: YES 238
libsingularity| Run-time dependency upower-glib found: YES 1.91.3
libsingularity| Run-time dependency libnm found: YES 1.58.1
libsingularity| Dependency libsoup-3.0 for host machine found: YES 3.6.6 (cached)
libsingularity| Program sassc found: YES (/usr/bin/sassc)
libsingularity| Program python3 found: YES (/usr/bin/python3)
libsingularity| Build targets in project: 20
libsingularity| NOTICE: Future-deprecated features used:
libsingularity| * 1.11.0: {'passing more than one argument to install_dir'}
libsingularity| Subproject libsingularity finished.


Executing subproject singularity-loginui for machine: host 

singularity-loginui| Project name: singularity-loginui
singularity-loginui| Project version: 0.1.0
singularity-loginui| C compiler for the host machine: cc (gcc 16.2.1 "cc (GCC) 16.2.1 20260810")
singularity-loginui| C linker for the host machine: cc ld.bfd 2.47
singularity-loginui| Run-time dependency cairo found: YES 1.18.4
singularity-loginui| Run-time dependency pangocairo found: YES 1.58.2
singularity-loginui| Run-time dependency gdk-pixbuf-2.0 found: YES 2.44.7
singularity-loginui| Dependency wayland-client for host machine found: YES 1.26.0 (cached)
singularity-loginui| Library m found: YES
singularity-loginui| Build targets in project: 22
singularity-loginui| Subproject singularity-loginui finished.


Executing subproject singularity-gestures for machine: host 

singularity-gestures| Project name: singularity-gestures
singularity-gestures| Project version: 0.1.0
singularity-gestures| C compiler for the host machine: cc (gcc 16.2.1 "cc (GCC) 16.2.1 20260810")
singularity-gestures| C linker for the host machine: cc ld.bfd 2.47
singularity-gestures| C++ compiler for the host machine: c++ (gcc 16.2.1 "c++ (GCC) 16.2.1 20260810")
singularity-gestures| C++ linker for the host machine: c++ ld.bfd 2.47
singularity-gestures| sdl2-config found: NO
singularity-gestures| Did not find CMake 'cmake'
singularity-gestures| Found CMake: NO
singularity-gestures| Run-time dependency sdl2 found: NO  (tried pkg-config and config-tool)

subprojects/singularity-gestures/meson.build:13:10: ERROR: Dependency "sdl2" not found (tried pkg-config and config-tool)

A full log can be found at /build/singularity-desktop-git/src/singularity-desktop/build/meson-logs/meson-log.txt
[1m[31m==> ERROR:(B[m[1m A failure occurred in build().(B[m
[1m    Aborting...(B[m
