     GEN               .defs.mk.make[2]: warning: -j1 forced in submake: resetting jobserver mode.
.
Package cups was not found in the pkg-config search path.
Package cups was not found in the pkg-config search path.
Perhaps you should add the directory containing `cups.pc'
to the PKG_CONFIG_PATH environment variable
Perhaps you should add the directory containing `cups.pc'
Package 'cups' not found
to the PKG_CONFIG_PATH environment variable
Package 'cups' not found
Package cups was not found in the pkg-config search path.
Perhaps you should add the directory containing `cups.pc'
to the PKG_CONFIG_PATH environment variable
Package 'cups' not found
Package cups was not found in the pkg-config search path.
Perhaps you should add the directory containing `cups.pc'
to the PKG_CONFIG_PATH environment variable
Package 'cups' not found
Package cups was not found in the pkg-config search path.
Perhaps you should add the directory containing `cups.pc'
to the PKG_CONFIG_PATH environment variable
Package 'cups' not found
Package cups was not found in the pkg-config search path.
Perhaps you should add the directory containing `cups.pc'
to the PKG_CONFIG_PATH environment variable
Package 'cups' not found
Package cups was not found in the pkg-config search path.
Perhaps you should add the directory containing `cups.pc'
to the PKG_CONFIG_PATH environment variable
Package 'cups' not found
Package cups was not found in the pkg-config search path.
Perhaps you should add the directory containing `cups.pc'
to the PKG_CONFIG_PATH environment variable
Package 'cups' not found
Package cups was not found in the pkg-config search path.
Perhaps you should add the directory containing `cups.pc'
to the PKG_CONFIG_PATH environment variable
Package 'cups' not found
Package cups was not found in the pkg-config search path.
Perhaps you should add the directory containing `cups.pc'
to the PKG_CONFIG_PATH environment variable
Package 'cups' not found
Package cups was not found in the pkg-config search path.
Perhaps you should add the directory containing `cups.pc'
to the PKG_CONFIG_PATH environment variable
Package 'cups' not found
Package cups was not found in the pkg-config search path.
Perhaps you should add the directory containing `cups.pc'
to the PKG_CONFIG_PATH environment variable
Package 'cups' not found
Package cups was not found in the pkg-config search path.
Perhaps you should add the directory containing `cups.pc'
to the PKG_CONFIG_PATH environment variable
Package 'cups' not found
Package cups was not found in the pkg-config search path.
Perhaps you should add the directory containing `cups.pc'
to the PKG_CONFIG_PATH environment variable
Package 'cups' not found
Package cups was not found in the pkg-config search path.
Perhaps you should add the directory containing `cups.pc'
to the PKG_CONFIG_PATH environment variable
Package 'cups' not found
Package cups was not found in the pkg-config search path.
Perhaps you should add the directory containing `cups.pc'
to the PKG_CONFIG_PATH environment variable
Package 'cups' not found
Package cups was not found in the pkg-config search path.
Perhaps you should add the directory containing `cups.pc'
to the PKG_CONFIG_PATH environment variable
Package 'cups' not found
Package cups was not found in the pkg-config search path.
Perhaps you should add the directory containing `cups.pc'
to the PKG_CONFIG_PATH environment variable
Package 'cups' not found
Package cups was not found in the pkg-config search path.
Perhaps you should add the directory containing `cups.pc'
to the PKG_CONFIG_PATH environment variable
Package 'cups' not found
Package cups was not found in the pkg-config search path.
Perhaps you should add the directory containing `cups.pc'
to the PKG_CONFIG_PATH environment variable
Package 'cups' not found
Package cups was not found in the pkg-config search path.
Perhaps you should add the directory containing `cups.pc'
to the PKG_CONFIG_PATH environment variable
Package 'cups' not found
Package cups was not found in the pkg-config search path.
Perhaps you should add the directory containing `cups.pc'
to the PKG_CONFIG_PATH environment variable
Package 'cups' not found
./compile.sh samsung.drv.in drv
./compile.sh dell.drv.in drv
./compile.sh xerox.drv.in drv
./compile.sh lexmark.drv.in drv
./compile.sh toshiba.drv.in drv
./compile.sh hp.drv.in drv
 +---------------------------------------------+
 |      COMPILATION PARAMETERS SUMMARY         |
 +---------------------------------------------+
 |      THREADS     =  enabled                 |
 |      THREADS Nr  =        2                 |
 |      CACHESIZE   =       30                 |
 |      JBIG        =  enabled                 |
 |      BLACK OPTIM =  enabled                 |
 |      DRV ONLY    =  enabled                 |
 +---------------------------------------------+
 (Do a "make clean" before updating these values)

     CXX               src/rastertoqpdl.cpp
     CXX               src/request.cpp
     CXX               src/printer.cpp
     CXX               src/qpdl.cpp
     CXX               src/document.cpp
     CXX               src/core.cpp
Package cups was not found in the pkg-config search path.
Perhaps you should add the directory containing `cups.pc'
to the PKG_CONFIG_PATH environment variable
Package 'cups' not found
     CXX               src/compress.cpp
Package cups was not found in the pkg-config search path.
Perhaps you should add the directory containing `cups.pc'
to the PKG_CONFIG_PATH environment variable
Package 'cups' not found
     CXX               src/algorithm.cpp
Package cups was not found in the pkg-config search path.
Perhaps you should add the directory containing `cups.pc'
to the PKG_CONFIG_PATH environment variable
Package 'cups' not found
     CXX               src/ppdfile.cpp
Package cups was not found in the pkg-config search path.
Perhaps you should add the directory containing `cups.pc'
to the PKG_CONFIG_PATH environment variable
Package 'cups' not found
     CXX               src/page.cpp
Package cups was not found in the pkg-config search path.
Perhaps you should add the directory containing `cups.pc'
to the PKG_CONFIG_PATH environment variable
Package 'cups' not found
     CXX               src/colors.cpp
Package cups was not found in the pkg-config search path.
Perhaps you should add the directory containing `cups.pc'
to the PKG_CONFIG_PATH environment variable
Package 'cups' not found
     CXX               src/band.cpp
Package cups was not found in the pkg-config search path.
Perhaps you should add the directory containing `cups.pc'
to the PKG_CONFIG_PATH environment variable
Package 'cups' not found
Package cups was not found in the pkg-config search path.
Perhaps you should add the directory containing `cups.pc'
to the PKG_CONFIG_PATH environment variable
Package 'cups' not found
     CXX               src/bandplane.cpp
Package cups was not found in the pkg-config search path.
Perhaps you should add the directory containing `cups.pc'
to the PKG_CONFIG_PATH environment variable
Package 'cups' not found
     CXX               src/cache.cpp
     CXX               src/rendering.cpp
Package cups was not found in the pkg-config search path.
Perhaps you should add the directory containing `cups.pc'
to the PKG_CONFIG_PATH environment variable
Package 'cups' not found
     CXX               src/semaphore.cpp
Package cups was not found in the pkg-config search path.
Perhaps you should add the directory containing `cups.pc'
to the PKG_CONFIG_PATH environment variable
Package 'cups' not found
Package cups was not found in the pkg-config search path.
Perhaps you should add the directory containing `cups.pc'
to the PKG_CONFIG_PATH environment variable
Package 'cups' not found
     CXX               src/algo0x0d.cpp
     CXX               src/algo0x0e.cpp
     CXX               src/algo0x11.cpp
Package cups was not found in the pkg-config search path.
Package cups was not found in the pkg-config search path.
Perhaps you should add the directory containing `cups.pc'
to the PKG_CONFIG_PATH environment variable
Perhaps you should add the directory containing `cups.pc'
Package 'cups' not found
to the PKG_CONFIG_PATH environment variable
Package 'cups' not found
Package cups was not found in the pkg-config search path.
Perhaps you should add the directory containing `cups.pc'
to the PKG_CONFIG_PATH environment variable
Package 'cups' not found
     CXX               src/algo0x13.cpp
Package cups was not found in the pkg-config search path.
Perhaps you should add the directory containing `cups.pc'
to the PKG_CONFIG_PATH environment variable
Package 'cups' not found
     CXX               src/algo0x15.cpp
Package cups was not found in the pkg-config search path.
Perhaps you should add the directory containing `cups.pc'
to the PKG_CONFIG_PATH environment variable
Package 'cups' not found
Package cups was not found in the pkg-config search path.
Perhaps you should add the directory containing `cups.pc'
to the PKG_CONFIG_PATH environment variable
Package 'cups' not found
     CXX               src/pstoqpdl.cpp
Package cups was not found in the pkg-config search path.
Perhaps you should add the directory containing `cups.pc'
to the PKG_CONFIG_PATH environment variable
Package 'cups' not found
Package cups was not found in the pkg-config search path.
Perhaps you should add the directory containing `cups.pc'
to the PKG_CONFIG_PATH environment variable
Package 'cups' not found
Package cups was not found in the pkg-config search path.
Perhaps you should add the directory containing `cups.pc'
to the PKG_CONFIG_PATH environment variable
Package 'cups' not found
Package cups was not found in the pkg-config search path.
Perhaps you should add the directory containing `cups.pc'
to the PKG_CONFIG_PATH environment variable
Package 'cups' not found
src/bandplane.cpp: In member function ‘bool BandPlane::swapToDisk(int)’:
src/bandplane.cpp:68:10: warning: ignoring return value of ‘ssize_t write(int, const void*, size_t)’ declared with attribute ‘warn_unused_result’ [-Wunused-result]
   68 |     write(fd, &_colorNr, sizeof(_colorNr));
      |     ~~~~~^~~~~~~~~~~~~~~~~~~~~~~~~~~~~~~~~
src/bandplane.cpp:69:10: warning: ignoring return value of ‘ssize_t write(int, const void*, size_t)’ declared with attribute ‘warn_unused_result’ [-Wunused-result]
   69 |     write(fd, &_size, sizeof(_size));
      |     ~~~~~^~~~~~~~~~~~~~~~~~~~~~~~~~~
src/bandplane.cpp:70:10: warning: ignoring return value of ‘ssize_t write(int, const void*, size_t)’ declared with attribute ‘warn_unused_result’ [-Wunused-result]
   70 |     write(fd, _data, _size);
      |     ~~~~~^~~~~~~~~~~~~~~~~~
src/bandplane.cpp:71:10: warning: ignoring return value of ‘ssize_t write(int, const void*, size_t)’ declared with attribute ‘warn_unused_result’ [-Wunused-result]
   71 |     write(fd, &_checksum, sizeof(_checksum));
      |     ~~~~~^~~~~~~~~~~~~~~~~~~~~~~~~~~~~~~~~~~
src/bandplane.cpp:72:10: warning: ignoring return value of ‘ssize_t write(int, const void*, size_t)’ declared with attribute ‘warn_unused_result’ [-Wunused-result]
   72 |     write(fd, &_endian, sizeof(_endian));
      |     ~~~~~^~~~~~~~~~~~~~~~~~~~~~~~~~~~~~~
src/bandplane.cpp:73:10: warning: ignoring return value of ‘ssize_t write(int, const void*, size_t)’ declared with attribute ‘warn_unused_result’ [-Wunused-result]
   73 |     write(fd, &_compression, sizeof(_compression));
      |     ~~~~~^~~~~~~~~~~~~~~~~~~~~~~~~~~~~~~~~~~~~~~~~
src/bandplane.cpp: In static member function ‘static BandPlane* BandPlane::restoreIntoMemory(int)’:
src/bandplane.cpp:83:9: warning: ignoring return value of ‘ssize_t read(int, void*, size_t)’ declared with attribute ‘warn_unused_result’ [-Wunused-result]
   83 |     read(fd, &plane->_colorNr, sizeof(plane->_colorNr));
      |     ~~~~^~~~~~~~~~~~~~~~~~~~~~~~~~~~~~~~~~~~~~~~~~~~~~~
src/bandplane.cpp:84:9: warning: ignoring return value of ‘ssize_t read(int, void*, size_t)’ declared with attribute ‘warn_unused_result’ [-Wunused-result]
   84 |     read(fd, &plane->_size, sizeof(plane->_size));
      |     ~~~~^~~~~~~~~~~~~~~~~~~~~~~~~~~~~~~~~~~~~~~~~
src/bandplane.cpp:86:9: warning: ignoring return value of ‘ssize_t read(int, void*, size_t)’ declared with attribute ‘warn_unused_result’ [-Wunused-result]
   86 |     read(fd, data, plane->_size);
      |     ~~~~^~~~~~~~~~~~~~~~~~~~~~~~
src/bandplane.cpp:88:9: warning: ignoring return value of ‘ssize_t read(int, void*, size_t)’ declared with attribute ‘warn_unused_result’ [-Wunused-result]
   88 |     read(fd, &plane->_checksum, sizeof(plane->_checksum));
      |     ~~~~^~~~~~~~~~~~~~~~~~~~~~~~~~~~~~~~~~~~~~~~~~~~~~~~~
src/bandplane.cpp:89:9: warning: ignoring return value of ‘ssize_t read(int, void*, size_t)’ declared with attribute ‘warn_unused_result’ [-Wunused-result]
   89 |     read(fd, &plane->_endian, sizeof(plane->_endian));
      |     ~~~~^~~~~~~~~~~~~~~~~~~~~~~~~~~~~~~~~~~~~~~~~~~~~
src/bandplane.cpp:90:9: warning: ignoring return value of ‘ssize_t read(int, void*, size_t)’ declared with attribute ‘warn_unused_result’ [-Wunused-result]
   90 |     read(fd, &plane->_compression, sizeof(plane->_compression));
      |     ~~~~^~~~~~~~~~~~~~~~~~~~~~~~~~~~~~~~~~~~~~~~~~~~~~~~~~~~~~~
src/band.cpp: In member function ‘bool Band::swapToDisk(int)’:
src/band.cpp:74:10: warning: ignoring return value of ‘ssize_t write(int, const void*, size_t)’ declared with attribute ‘warn_unused_result’ [-Wunused-result]
   74 |     write(fd, &_bandNr, sizeof(_bandNr));
      |     ~~~~~^~~~~~~~~~~~~~~~~~~~~~~~~~~~~~~
src/band.cpp:75:10: warning: ignoring return value of ‘ssize_t write(int, const void*, size_t)’ declared with attribute ‘warn_unused_result’ [-Wunused-result]
   75 |     write(fd, &_colors, sizeof(_colors));
      |     ~~~~~^~~~~~~~~~~~~~~~~~~~~~~~~~~~~~~
src/band.cpp:76:10: warning: ignoring return value of ‘ssize_t write(int, const void*, size_t)’ declared with attribute ‘warn_unused_result’ [-Wunused-result]
   76 |     write(fd, &_width, sizeof(_width));
      |     ~~~~~^~~~~~~~~~~~~~~~~~~~~~~~~~~~~
src/band.cpp:77:10: warning: ignoring return value of ‘ssize_t write(int, const void*, size_t)’ declared with attribute ‘warn_unused_result’ [-Wunused-result]
   77 |     write(fd, &_height, sizeof(_height));
      |     ~~~~~^~~~~~~~~~~~~~~~~~~~~~~~~~~~~~~
src/band.cpp: In static member function ‘static Band* Band::restoreIntoMemory(int)’:
src/band.cpp:90:9: warning: ignoring return value of ‘ssize_t read(int, void*, size_t)’ declared with attribute ‘warn_unused_result’ [-Wunused-result]
   90 |     read(fd, &band->_bandNr, sizeof(band->_bandNr));
      |     ~~~~^~~~~~~~~~~~~~~~~~~~~~~~~~~~~~~~~~~~~~~~~~~
src/band.cpp:91:9: warning: ignoring return value of ‘ssize_t read(int, void*, size_t)’ declared with attribute ‘warn_unused_result’ [-Wunused-result]
   91 |     read(fd, &colors, sizeof(colors));
      |     ~~~~^~~~~~~~~~~~~~~~~~~~~~~~~~~~~
src/band.cpp:92:9: warning: ignoring return value of ‘ssize_t read(int, void*, size_t)’ declared with attribute ‘warn_unused_result’ [-Wunused-result]
   92 |     read(fd, &band->_width, sizeof(band->_width));
      |     ~~~~^~~~~~~~~~~~~~~~~~~~~~~~~~~~~~~~~~~~~~~~~
src/band.cpp:93:9: warning: ignoring return value of ‘ssize_t read(int, void*, size_t)’ declared with attribute ‘warn_unused_result’ [-Wunused-result]
   93 |     read(fd, &band->_height, sizeof(band->_height));
      |     ~~~~^~~~~~~~~~~~~~~~~~~~~~~~~~~~~~~~~~~~~~~~~~~
src/page.cpp: In member function ‘bool Page::swapToDisk(int)’:
src/page.cpp:134:10: warning: ignoring return value of ‘ssize_t write(int, const void*, size_t)’ declared with attribute ‘warn_unused_result’ [-Wunused-result]
  134 |     write(fd, &_xResolution, sizeof(_xResolution));
      |     ~~~~~^~~~~~~~~~~~~~~~~~~~~~~~~~~~~~~~~~~~~~~~~
src/page.cpp:135:10: warning: ignoring return value of ‘ssize_t write(int, const void*, size_t)’ declared with attribute ‘warn_unused_result’ [-Wunused-result]
  135 |     write(fd, &_yResolution, sizeof(_yResolution));
      |     ~~~~~^~~~~~~~~~~~~~~~~~~~~~~~~~~~~~~~~~~~~~~~~
src/page.cpp:136:10: warning: ignoring return value of ‘ssize_t write(int, const void*, size_t)’ declared with attribute ‘warn_unused_result’ [-Wunused-result]
  136 |     write(fd, &_width, sizeof(_width));
      |     ~~~~~^~~~~~~~~~~~~~~~~~~~~~~~~~~~~
src/page.cpp:137:10: warning: ignoring return value of ‘ssize_t write(int, const void*, size_t)’ declared with attribute ‘warn_unused_result’ [-Wunused-result]
  137 |     write(fd, &_height, sizeof(_height));
      |     ~~~~~^~~~~~~~~~~~~~~~~~~~~~~~~~~~~~~
src/page.cpp:138:10: warning: ignoring return value of ‘ssize_t write(int, const void*, size_t)’ declared with attribute ‘warn_unused_result’ [-Wunused-result]
  138 |     write(fd, &_colors, sizeof(_colors));
      |     ~~~~~^~~~~~~~~~~~~~~~~~~~~~~~~~~~~~~
src/page.cpp:139:10: warning: ignoring return value of ‘ssize_t write(int, const void*, size_t)’ declared with attribute ‘warn_unused_result’ [-Wunused-result]
  139 |     write(fd, &_pageNr, sizeof(_pageNr));
      |     ~~~~~^~~~~~~~~~~~~~~~~~~~~~~~~~~~~~~
src/page.cpp:140:10: warning: ignoring return value of ‘ssize_t write(int, const void*, size_t)’ declared with attribute ‘warn_unused_result’ [-Wunused-result]
  140 |     write(fd, &_copiesNr, sizeof(_copiesNr));
      |     ~~~~~^~~~~~~~~~~~~~~~~~~~~~~~~~~~~~~~~~~
src/page.cpp:141:10: warning: ignoring return value of ‘ssize_t write(int, const void*, size_t)’ declared with attribute ‘warn_unused_result’ [-Wunused-result]
  141 |     write(fd, &_compression, sizeof(_compression));
      |     ~~~~~^~~~~~~~~~~~~~~~~~~~~~~~~~~~~~~~~~~~~~~~~
src/page.cpp:142:10: warning: ignoring return value of ‘ssize_t write(int, const void*, size_t)’ declared with attribute ‘warn_unused_result’ [-Wunused-result]
  142 |     write(fd, &_empty, sizeof(_empty));
      |     ~~~~~^~~~~~~~~~~~~~~~~~~~~~~~~~~~~
src/page.cpp:143:10: warning: ignoring return value of ‘ssize_t write(int, const void*, size_t)’ declared with attribute ‘warn_unused_result’ [-Wunused-result]
  143 |     write(fd, &_bandsNr, sizeof(_bandsNr));
      |     ~~~~~^~~~~~~~~~~~~~~~~~~~~~~~~~~~~~~~~
src/page.cpp:147:14: warning: ignoring return value of ‘ssize_t write(int, const void*, size_t)’ declared with attribute ‘warn_unused_result’ [-Wunused-result]
  147 |         write(fd, _bih, 20);
      |         ~~~~~^~~~~~~~~~~~~~
src/page.cpp: In static member function ‘static Page* Page::restoreIntoMemory(int)’:
src/page.cpp:163:9: warning: ignoring return value of ‘ssize_t read(int, void*, size_t)’ declared with attribute ‘warn_unused_result’ [-Wunused-result]
  163 |     read(fd, &page->_xResolution, sizeof(page->_xResolution));
      |     ~~~~^~~~~~~~~~~~~~~~~~~~~~~~~~~~~~~~~~~~~~~~~~~~~~~~~~~~~
src/page.cpp:164:9: warning: ignoring return value of ‘ssize_t read(int, void*, size_t)’ declared with attribute ‘warn_unused_result’ [-Wunused-result]
  164 |     read(fd, &page->_yResolution, sizeof(page->_yResolution));
      |     ~~~~^~~~~~~~~~~~~~~~~~~~~~~~~~~~~~~~~~~~~~~~~~~~~~~~~~~~~
src/page.cpp:165:9: warning: ignoring return value of ‘ssize_t read(int, void*, size_t)’ declared with attribute ‘warn_unused_result’ [-Wunused-result]
  165 |     read(fd, &page->_width, sizeof(page->_width));
      |     ~~~~^~~~~~~~~~~~~~~~~~~~~~~~~~~~~~~~~~~~~~~~~
src/page.cpp:166:9: warning: ignoring return value of ‘ssize_t read(int, void*, size_t)’ declared with attribute ‘warn_unused_result’ [-Wunused-result]
  166 |     read(fd, &page->_height, sizeof(page->_height));
      |     ~~~~^~~~~~~~~~~~~~~~~~~~~~~~~~~~~~~~~~~~~~~~~~~
src/page.cpp:167:9: warning: ignoring return value of ‘ssize_t read(int, void*, size_t)’ declared with attribute ‘warn_unused_result’ [-Wunused-result]
  167 |     read(fd, &page->_colors, sizeof(page->_colors));
      |     ~~~~^~~~~~~~~~~~~~~~~~~~~~~~~~~~~~~~~~~~~~~~~~~
src/page.cpp:168:9: warning: ignoring return value of ‘ssize_t read(int, void*, size_t)’ declared with attribute ‘warn_unused_result’ [-Wunused-result]
  168 |     read(fd, &page->_pageNr, sizeof(page->_pageNr));
      |     ~~~~^~~~~~~~~~~~~~~~~~~~~~~~~~~~~~~~~~~~~~~~~~~
src/page.cpp:169:9: warning: ignoring return value of ‘ssize_t read(int, void*, size_t)’ declared with attribute ‘warn_unused_result’ [-Wunused-result]
  169 |     read(fd, &page->_copiesNr, sizeof(page->_copiesNr));
      |     ~~~~^~~~~~~~~~~~~~~~~~~~~~~~~~~~~~~~~~~~~~~~~~~~~~~
src/page.cpp:170:9: warning: ignoring return value of ‘ssize_t read(int, void*, size_t)’ declared with attribute ‘warn_unused_result’ [-Wunused-result]
  170 |     read(fd, &page->_compression, sizeof(page->_compression));
      |     ~~~~^~~~~~~~~~~~~~~~~~~~~~~~~~~~~~~~~~~~~~~~~~~~~~~~~~~~~
src/page.cpp:171:9: warning: ignoring return value of ‘ssize_t read(int, void*, size_t)’ declared with attribute ‘warn_unused_result’ [-Wunused-result]
  171 |     read(fd, &page->_empty, sizeof(page->_empty));
      |     ~~~~^~~~~~~~~~~~~~~~~~~~~~~~~~~~~~~~~~~~~~~~~
src/page.cpp:172:9: warning: ignoring return value of ‘ssize_t read(int, void*, size_t)’ declared with attribute ‘warn_unused_result’ [-Wunused-result]
  172 |     read(fd, &nr, sizeof(nr));
      |     ~~~~^~~~~~~~~~~~~~~~~~~~~
src/page.cpp:177:13: warning: ignoring return value of ‘ssize_t read(int, void*, size_t)’ declared with attribute ‘warn_unused_result’ [-Wunused-result]
  177 |         read(fd, bih, 20);
      |         ~~~~^~~~~~~~~~~~~
src/ppdfile.cpp: In member function ‘bool PPDFile::open(const char*, const char*, const char*)’:
src/ppdfile.cpp:63:23: warning: ‘ppd_file_t* ppdOpenFile(const char*)’ is deprecated: Use cupsCopyDestInfo and friends instead. [-Wdeprecated-declarations]
   63 |     _ppd = ppdOpenFile(file);
      |            ~~~~~~~~~~~^~~~~~
In file included from include/ppdfile.h:24,
                 from src/ppdfile.cpp:21:
/usr/include/cups/ppd.h:390:26: note: declared here
  390 | extern ppd_file_t       *ppdOpenFile(const char *filename) _CUPS_DEPRECATED_1_6_MSG("Use cupsCopyDestInfo and friends instead.");
      |                          ^~~~~~~~~~~
src/ppdfile.cpp:70:20: warning: ‘void ppdMarkDefaults(ppd_file_t*)’ is deprecated: Use cupsCopyDestInfo and friends instead. [-Wdeprecated-declarations]
   70 |     ppdMarkDefaults(_ppd);
      |     ~~~~~~~~~~~~~~~^~~~~~
/usr/include/cups/ppd.h:385:25: note: declared here
  385 | extern void             ppdMarkDefaults(ppd_file_t *ppd) _CUPS_DEPRECATED_1_6_MSG("Use cupsCopyDestInfo and friends instead.");
      |                         ^~~~~~~~~~~~~~~
src/ppdfile.cpp:72:20: warning: ‘int cupsMarkOptions(ppd_file_t*, int, cups_option_t*)’ is deprecated: Use cupsCopyDestInfo and friends instead. [-Wdeprecated-declarations]
   72 |     cupsMarkOptions(_ppd, nr, options);
      |     ~~~~~~~~~~~~~~~^~~~~~~~~~~~~~~~~~~
/usr/include/cups/ppd.h:363:25: note: declared here
  363 | extern int              cupsMarkOptions(ppd_file_t *ppd, int num_options, cups_option_t *options) _CUPS_DEPRECATED_1_6_MSG("Use cupsCopyDestInfo and friends instead.");
      |                         ^~~~~~~~~~~~~~~
src/ppdfile.cpp:80:17: warning: ‘void ppdClose(ppd_file_t*)’ is deprecated: Use cupsCopyDestInfo and friends instead. [-Wdeprecated-declarations]
   80 |         ppdClose(_ppd);
      |         ~~~~~~~~^~~~~~
/usr/include/cups/ppd.h:365:25: note: declared here
  365 | extern void             ppdClose(ppd_file_t *ppd) _CUPS_DEPRECATED_1_6_MSG("Use cupsCopyDestInfo and friends instead.");
      |                         ^~~~~~~~
src/ppdfile.cpp:87:17: warning: ‘void ppdClose(ppd_file_t*)’ is deprecated: Use cupsCopyDestInfo and friends instead. [-Wdeprecated-declarations]
   87 |         ppdClose(_ppd);
      |         ~~~~~~~~^~~~~~
/usr/include/cups/ppd.h:365:25: note: declared here
  365 | extern void             ppdClose(ppd_file_t *ppd) _CUPS_DEPRECATED_1_6_MSG("Use cupsCopyDestInfo and friends instead.");
      |                         ^~~~~~~~
src/ppdfile.cpp: In member function ‘void PPDFile::close()’:
src/ppdfile.cpp:99:13: warning: ‘void ppdClose(ppd_file_t*)’ is deprecated: Use cupsCopyDestInfo and friends instead. [-Wdeprecated-declarations]
   99 |     ppdClose(_ppd);
      |     ~~~~~~~~^~~~~~
/usr/include/cups/ppd.h:365:25: note: declared here
  365 | extern void             ppdClose(ppd_file_t *ppd) _CUPS_DEPRECATED_1_6_MSG("Use cupsCopyDestInfo and friends instead.");
      |                         ^~~~~~~~
src/ppdfile.cpp: In member function ‘PPDValue PPDFile::get(const char*, const char*)’:
src/ppdfile.cpp:121:27: warning: ‘ppd_attr_t* ppdFindAttr(ppd_file_t*, const char*, const char*)’ is deprecated: Use cupsCopyDestInfo and friends instead. [-Wdeprecated-declarations]
  121 |         attr = ppdFindAttr(_ppd, name, NULL);
      |                ~~~~~~~~~~~^~~~~~~~~~~~~~~~~~
/usr/include/cups/ppd.h:400:26: note: declared here
  400 | extern ppd_attr_t       *ppdFindAttr(ppd_file_t *ppd, const char *name,
      |                          ^~~~~~~~~~~
src/ppdfile.cpp:123:27: warning: ‘ppd_attr_t* ppdFindAttr(ppd_file_t*, const char*, const char*)’ is deprecated: Use cupsCopyDestInfo and friends instead. [-Wdeprecated-declarations]
  123 |         attr = ppdFindAttr(_ppd, opt, name);
      |                ~~~~~~~~~~~^~~~~~~~~~~~~~~~~
/usr/include/cups/ppd.h:400:26: note: declared here
  400 | extern ppd_attr_t       *ppdFindAttr(ppd_file_t *ppd, const char *name,
      |                          ^~~~~~~~~~~
src/ppdfile.cpp:126:37: warning: ‘ppd_choice_t* ppdFindMarkedChoice(ppd_file_t*, const char*)’ is deprecated: Use cupsCopyDestInfo and friends instead. [-Wdeprecated-declarations]
  126 |         choice = ppdFindMarkedChoice(_ppd, name);
      |                  ~~~~~~~~~~~~~~~~~~~^~~~~~~~~~~~
/usr/include/cups/ppd.h:378:26: note: declared here
  378 | extern ppd_choice_t     *ppdFindMarkedChoice(ppd_file_t *ppd,
      |                          ^~~~~~~~~~~~~~~~~~~
src/ppdfile.cpp: In member function ‘PPDValue PPDFile::getPageSize(const char*)’:
src/ppdfile.cpp:140:26: warning: ‘ppd_size_t* ppdPageSize(ppd_file_t*, const char*)’ is deprecated: Use cupsCopyDestInfo and friends instead. [-Wdeprecated-declarations]
  140 |     if (!(s = ppdPageSize(_ppd, name)))
      |               ~~~~~~~~~~~^~~~~~~~~~~~
/usr/include/cups/ppd.h:393:26: note: declared here
  393 | extern ppd_size_t       *ppdPageSize(ppd_file_t *ppd, const char *name)
      |                          ^~~~~~~~~~~
src/cache.cpp: In function ‘void* _cacheControllerThread(void*)’:
src/cache.cpp:245:25: warning: ‘~’ on an expression of type ‘bool’ [-Wbool-operation]
  245 |             whatToDo = ~whatToDo;
      |                         ^~~~~~~~
src/cache.cpp:245:25: note: did you mean to use logical not (‘!’)?
src/pstoqpdl.cpp: In function ‘int main(int, char**)’:
src/pstoqpdl.cpp:183:17: warning: variable ‘jobid’ set but not used [-Wunused-but-set-variable=]
  183 |     const char *jobid, *user, *title, *options, *ppdFile, *file;
      |                 ^~~~~
src/pstoqpdl.cpp:183:25: warning: variable ‘user’ set but not used [-Wunused-but-set-variable=]
  183 |     const char *jobid, *user, *title, *options, *ppdFile, *file;
      |                         ^~~~
src/pstoqpdl.cpp:183:32: warning: variable ‘title’ set but not used [-Wunused-but-set-variable=]
  183 |     const char *jobid, *user, *title, *options, *ppdFile, *file;
      |                                ^~~~~
src/pstoqpdl.cpp:185:19: warning: variable ‘copies’ set but not used [-Wunused-but-set-variable=]
  185 |     unsigned long copies;
      |                   ^~~~~~
src/pstoqpdl.cpp:245:18: warning: ignoring return value of ‘char* fgets(char*, int, FILE*)’ declared with attribute ‘warn_unused_result’ [-Wunused-result]
  245 |             fgets((char *)&buffer, sizeof(buffer), stdin);
      |             ~~~~~^~~~~~~~~~~~~~~~~~~~~~~~~~~~~~~~~~~~~~~~
     LINK              optimized/pstoqpdl
Package cups was not found in the pkg-config search path.
Perhaps you should add the directory containing `cups.pc'
to the PKG_CONFIG_PATH environment variable
Package 'cups' not found
src/compress.cpp: In function ‘bool _compressBandedJBIGPage(const Request&, Page*)’:
src/compress.cpp:362:34: warning: comparison of integer expressions of different signedness: ‘unsigned int’ and ‘int’ [-Wsign-compare]
  362 |         for (unsigned int i=0; i < page->colorsNr() - 1; i++)
      |                                ~~^~~~~~~~~~~~~~~~~~~~~~
src/document.cpp: In member function ‘Page* Document::getNextRawPage(const Request&)’:
src/document.cpp:84:30: warning: ‘unsigned int cupsRasterReadHeader(cups_raster_t*, cups_page_header_t*)’ is deprecated: Use cupsRasterReadHeader2 instead. [-Wdeprecated-declarations]
   84 |     if (!cupsRasterReadHeader(_raster, &header) || !header.cupsBytesPerLine ||
      |          ~~~~~~~~~~~~~~~~~~~~^~~~~~~~~~~~~~~~~~
In file included from include/document.h:24,
                 from src/document.cpp:21:
/usr/include/cups/raster.h:378:25: note: declared here
  378 | extern unsigned         cupsRasterReadHeader(cups_raster_t *r, cups_page_header_t *h) _CUPS_DEPRECATED_MSG("Use cupsRasterReadHeader2 instead.") _CUPS_PUBLIC;
      |                         ^~~~~~~~~~~~~~~~~~~~
     LINK              optimized/rastertoqpdl
Package cups was not found in the pkg-config search path.
Perhaps you should add the directory containing `cups.pc'
to the PKG_CONFIG_PATH environment variable
Package 'cups' not found
/usr/bin/ld: /tmp/cc4swADt.ltrans0.ltrans.o: in function `PPDFile::~PPDFile()':
/build/splix-git/src/splix/src/ppdfile.cpp:99:(.text+0x5d): undefined reference to `ppdClose'
/usr/bin/ld: /tmp/cc4swADt.ltrans0.ltrans.o: in function `PPDFile::~PPDFile()':
/build/splix-git/src/splix/src/ppdfile.cpp:99:(.text+0x95): undefined reference to `ppdClose'
/usr/bin/ld: /tmp/cc4swADt.ltrans0.ltrans.o: in function `PPDFile::get(char const*, char const*)':
/build/splix-git/src/splix/src/ppdfile.cpp:123:(.text+0x144): undefined reference to `ppdFindAttr'
/usr/bin/ld: /build/splix-git/src/splix/src/ppdfile.cpp:121:(.text+0x186): undefined reference to `ppdFindAttr'
/usr/bin/ld: /build/splix-git/src/splix/src/ppdfile.cpp:126:(.text+0x1b5): undefined reference to `ppdFindMarkedChoice'
/usr/bin/ld: /tmp/cc4swADt.ltrans0.ltrans.o: in function `main':
/build/splix-git/src/splix/src/ppdfile.cpp:63:(.text.startup+0xe0): undefined reference to `ppdOpenFile'
/usr/bin/ld: /tmp/cc4swADt.ltrans0.ltrans.o:/build/splix-git/src/splix/src/ppdfile.cpp:70:(.text.startup+0xfc): undefined reference to `ppdMarkDefaults'
/usr/bin/ld: /tmp/cc4swADt.ltrans0.ltrans.o:/build/splix-git/src/splix/src/ppdfile.cpp:71:(.text.startup+0x10e): undefined reference to `cupsParseOptions'
/usr/bin/ld: /tmp/cc4swADt.ltrans0.ltrans.o:/build/splix-git/src/splix/src/ppdfile.cpp:72:(.text.startup+0x123): undefined reference to `cupsMarkOptions'
/usr/bin/ld: /tmp/cc4swADt.ltrans0.ltrans.o:/build/splix-git/src/splix/src/ppdfile.cpp:73:(.text.startup+0x133): undefined reference to `cupsFreeOptions'
/usr/bin/ld: /tmp/cc4swADt.ltrans0.ltrans.o: in function `main':
/build/splix-git/src/splix/src/ppdfile.cpp:99:(.text.startup+0x340): undefined reference to `ppdClose'
/usr/bin/ld: /tmp/cc4swADt.ltrans0.ltrans.o:/build/splix-git/src/splix/src/ppdfile.cpp:87:(.text.startup+0x471): undefined reference to `ppdClose'
collect2: error: ld returned 1 exit status
make: *** [rules.mk:14: optimized/pstoqpdl] Error 1
make: *** Waiting for unfinished jobs....
src/qpdl.cpp: In function ‘_renderBand’:
src/qpdl.cpp:250:54: warning: writing 4 bytes into a region of size 0 [-Wstringop-overflow=]
  250 |                         *(uint32_t*)(&header + size) = (uint32_t)plane->
      |                                                      ^
src/qpdl.cpp:135:19: note: at offset 128 into destination object ‘header’ of size 32
  135 |     unsigned char header[0x20] __attribute__((aligned(4)));
      |                   ^
src/qpdl.cpp:252:58: warning: writing 4 bytes into a region of size 0 [-Wstringop-overflow=]
  252 |                         *(uint32_t*)(&header + size + 4) = (uint32_t)state;
      |                                                          ^
src/qpdl.cpp:135:19: note: at offset 256 into destination object ‘header’ of size 32
  135 |     unsigned char header[0x20] __attribute__((aligned(4)));
      |                   ^
/usr/bin/ld: /tmp/cc0Q69LE.ltrans0.ltrans.o: undefined reference to symbol 'ppdOpenFile'
/usr/bin/ld: /usr/lib/libcups.so.2: error adding symbols: DSO missing from command line
collect2: error: ld returned 1 exit status
make: *** [rules.mk:9: optimized/rastertoqpdl] Error 1
[1m[31m==> ERROR:(B[m[1m A failure occurred in build().(B[m
[1m    Aborting...(B[m
