running install
running install_lib
creating /build/uniconvertor/pkg/uniconvertor/usr
creating /build/uniconvertor/pkg/uniconvertor/usr/lib
creating /build/uniconvertor/pkg/uniconvertor/usr/lib/uniconvertor-2.0rc5
creating /build/uniconvertor/pkg/uniconvertor/usr/lib/uniconvertor-2.0rc5/uc2
copying build/lib.linux-x86_64-2.7/uc2/app_palettes.pyc -> /build/uniconvertor/pkg/uniconvertor/usr/lib/uniconvertor-2.0rc5/uc2
copying build/lib.linux-x86_64-2.7/uc2/__init__.py -> /build/uniconvertor/pkg/uniconvertor/usr/lib/uniconvertor-2.0rc5/uc2
copying build/lib.linux-x86_64-2.7/uc2/uc2const.py -> /build/uniconvertor/pkg/uniconvertor/usr/lib/uniconvertor-2.0rc5/uc2
creating /build/uniconvertor/pkg/uniconvertor/usr/lib/uniconvertor-2.0rc5/uc2/libgeom
copying build/lib.linux-x86_64-2.7/uc2/libgeom/shaping.py -> /build/uniconvertor/pkg/uniconvertor/usr/lib/uniconvertor-2.0rc5/uc2/libgeom
copying build/lib.linux-x86_64-2.7/uc2/libgeom/flattering.pyc -> /build/uniconvertor/pkg/uniconvertor/usr/lib/uniconvertor-2.0rc5/uc2/libgeom
copying build/lib.linux-x86_64-2.7/uc2/libgeom/flattering.py -> /build/uniconvertor/pkg/uniconvertor/usr/lib/uniconvertor-2.0rc5/uc2/libgeom
copying build/lib.linux-x86_64-2.7/uc2/libgeom/__init__.py -> /build/uniconvertor/pkg/uniconvertor/usr/lib/uniconvertor-2.0rc5/uc2/libgeom
copying build/lib.linux-x86_64-2.7/uc2/libgeom/objs.py -> /build/uniconvertor/pkg/uniconvertor/usr/lib/uniconvertor-2.0rc5/uc2/libgeom
copying build/lib.linux-x86_64-2.7/uc2/libgeom/bezier_ops.pyc -> /build/uniconvertor/pkg/uniconvertor/usr/lib/uniconvertor-2.0rc5/uc2/libgeom
copying build/lib.linux-x86_64-2.7/uc2/libgeom/trafo.py -> /build/uniconvertor/pkg/uniconvertor/usr/lib/uniconvertor-2.0rc5/uc2/libgeom
copying build/lib.linux-x86_64-2.7/uc2/libgeom/contour.pyc -> /build/uniconvertor/pkg/uniconvertor/usr/lib/uniconvertor-2.0rc5/uc2/libgeom
copying build/lib.linux-x86_64-2.7/uc2/libgeom/bezier_ops.py -> /build/uniconvertor/pkg/uniconvertor/usr/lib/uniconvertor-2.0rc5/uc2/libgeom
copying build/lib.linux-x86_64-2.7/uc2/libgeom/cwrap.pyc -> /build/uniconvertor/pkg/uniconvertor/usr/lib/uniconvertor-2.0rc5/uc2/libgeom
copying build/lib.linux-x86_64-2.7/uc2/libgeom/objs.pyc -> /build/uniconvertor/pkg/uniconvertor/usr/lib/uniconvertor-2.0rc5/uc2/libgeom
copying build/lib.linux-x86_64-2.7/uc2/libgeom/bbox.pyc -> /build/uniconvertor/pkg/uniconvertor/usr/lib/uniconvertor-2.0rc5/uc2/libgeom
copying build/lib.linux-x86_64-2.7/uc2/libgeom/text_on_path.pyc -> /build/uniconvertor/pkg/uniconvertor/usr/lib/uniconvertor-2.0rc5/uc2/libgeom
copying build/lib.linux-x86_64-2.7/uc2/libgeom/points.pyc -> /build/uniconvertor/pkg/uniconvertor/usr/lib/uniconvertor-2.0rc5/uc2/libgeom
copying build/lib.linux-x86_64-2.7/uc2/libgeom/bbox.py -> /build/uniconvertor/pkg/uniconvertor/usr/lib/uniconvertor-2.0rc5/uc2/libgeom
copying build/lib.linux-x86_64-2.7/uc2/libgeom/shaping.pyc -> /build/uniconvertor/pkg/uniconvertor/usr/lib/uniconvertor-2.0rc5/uc2/libgeom
copying build/lib.linux-x86_64-2.7/uc2/libgeom/__init__.pyc -> /build/uniconvertor/pkg/uniconvertor/usr/lib/uniconvertor-2.0rc5/uc2/libgeom
copying build/lib.linux-x86_64-2.7/uc2/libgeom/cwrap.py -> /build/uniconvertor/pkg/uniconvertor/usr/lib/uniconvertor-2.0rc5/uc2/libgeom
copying build/lib.linux-x86_64-2.7/uc2/libgeom/contour.py -> /build/uniconvertor/pkg/uniconvertor/usr/lib/uniconvertor-2.0rc5/uc2/libgeom
copying build/lib.linux-x86_64-2.7/uc2/libgeom/text_on_path.py -> /build/uniconvertor/pkg/uniconvertor/usr/lib/uniconvertor-2.0rc5/uc2/libgeom
copying build/lib.linux-x86_64-2.7/uc2/libgeom/trafo.pyc -> /build/uniconvertor/pkg/uniconvertor/usr/lib/uniconvertor-2.0rc5/uc2/libgeom
copying build/lib.linux-x86_64-2.7/uc2/libgeom/points.py -> /build/uniconvertor/pkg/uniconvertor/usr/lib/uniconvertor-2.0rc5/uc2/libgeom
copying build/lib.linux-x86_64-2.7/uc2/events.py -> /build/uniconvertor/pkg/uniconvertor/usr/lib/uniconvertor-2.0rc5/uc2
copying build/lib.linux-x86_64-2.7/uc2/application.py -> /build/uniconvertor/pkg/uniconvertor/usr/lib/uniconvertor-2.0rc5/uc2
copying build/lib.linux-x86_64-2.7/uc2/uc2conf.pyc -> /build/uniconvertor/pkg/uniconvertor/usr/lib/uniconvertor-2.0rc5/uc2
copying build/lib.linux-x86_64-2.7/uc2/sk2const.pyc -> /build/uniconvertor/pkg/uniconvertor/usr/lib/uniconvertor-2.0rc5/uc2
copying build/lib.linux-x86_64-2.7/uc2/app_palettes.py -> /build/uniconvertor/pkg/uniconvertor/usr/lib/uniconvertor-2.0rc5/uc2
creating /build/uniconvertor/pkg/uniconvertor/usr/lib/uniconvertor-2.0rc5/uc2/libtrace
copying build/lib.linux-x86_64-2.7/uc2/libtrace/__init__.py -> /build/uniconvertor/pkg/uniconvertor/usr/lib/uniconvertor-2.0rc5/uc2/libtrace
copying build/lib.linux-x86_64-2.7/uc2/libtrace/__init__.pyc -> /build/uniconvertor/pkg/uniconvertor/usr/lib/uniconvertor-2.0rc5/uc2/libtrace
copying build/lib.linux-x86_64-2.7/uc2/uc2conf.py -> /build/uniconvertor/pkg/uniconvertor/usr/lib/uniconvertor-2.0rc5/uc2
creating /build/uniconvertor/pkg/uniconvertor/usr/lib/uniconvertor-2.0rc5/uc2/libpango
copying build/lib.linux-x86_64-2.7/uc2/libpango/paths.py -> /build/uniconvertor/pkg/uniconvertor/usr/lib/uniconvertor-2.0rc5/uc2/libpango
copying build/lib.linux-x86_64-2.7/uc2/libpango/core.pyc -> /build/uniconvertor/pkg/uniconvertor/usr/lib/uniconvertor-2.0rc5/uc2/libpango
copying build/lib.linux-x86_64-2.7/uc2/libpango/__init__.py -> /build/uniconvertor/pkg/uniconvertor/usr/lib/uniconvertor-2.0rc5/uc2/libpango
copying build/lib.linux-x86_64-2.7/uc2/libpango/fonts.py -> /build/uniconvertor/pkg/uniconvertor/usr/lib/uniconvertor-2.0rc5/uc2/libpango
copying build/lib.linux-x86_64-2.7/uc2/libpango/markup.py -> /build/uniconvertor/pkg/uniconvertor/usr/lib/uniconvertor-2.0rc5/uc2/libpango
copying build/lib.linux-x86_64-2.7/uc2/libpango/fonts.pyc -> /build/uniconvertor/pkg/uniconvertor/usr/lib/uniconvertor-2.0rc5/uc2/libpango
copying build/lib.linux-x86_64-2.7/uc2/libpango/paths.pyc -> /build/uniconvertor/pkg/uniconvertor/usr/lib/uniconvertor-2.0rc5/uc2/libpango
copying build/lib.linux-x86_64-2.7/uc2/libpango/_libpango.so -> /build/uniconvertor/pkg/uniconvertor/usr/lib/uniconvertor-2.0rc5/uc2/libpango
copying build/lib.linux-x86_64-2.7/uc2/libpango/langs.pyc -> /build/uniconvertor/pkg/uniconvertor/usr/lib/uniconvertor-2.0rc5/uc2/libpango
copying build/lib.linux-x86_64-2.7/uc2/libpango/core.py -> /build/uniconvertor/pkg/uniconvertor/usr/lib/uniconvertor-2.0rc5/uc2/libpango
copying build/lib.linux-x86_64-2.7/uc2/libpango/__init__.pyc -> /build/uniconvertor/pkg/uniconvertor/usr/lib/uniconvertor-2.0rc5/uc2/libpango
copying build/lib.linux-x86_64-2.7/uc2/libpango/markup.pyc -> /build/uniconvertor/pkg/uniconvertor/usr/lib/uniconvertor-2.0rc5/uc2/libpango
copying build/lib.linux-x86_64-2.7/uc2/libpango/langs.py -> /build/uniconvertor/pkg/uniconvertor/usr/lib/uniconvertor-2.0rc5/uc2/libpango
copying build/lib.linux-x86_64-2.7/uc2/application.pyc -> /build/uniconvertor/pkg/uniconvertor/usr/lib/uniconvertor-2.0rc5/uc2
copying build/lib.linux-x86_64-2.7/uc2/msgconst.py -> /build/uniconvertor/pkg/uniconvertor/usr/lib/uniconvertor-2.0rc5/uc2
copying build/lib.linux-x86_64-2.7/uc2/msgconst.pyc -> /build/uniconvertor/pkg/uniconvertor/usr/lib/uniconvertor-2.0rc5/uc2
copying build/lib.linux-x86_64-2.7/uc2/events.pyc -> /build/uniconvertor/pkg/uniconvertor/usr/lib/uniconvertor-2.0rc5/uc2
creating /build/uniconvertor/pkg/uniconvertor/usr/lib/uniconvertor-2.0rc5/uc2/libcairo
copying build/lib.linux-x86_64-2.7/uc2/libcairo/__init__.py -> /build/uniconvertor/pkg/uniconvertor/usr/lib/uniconvertor-2.0rc5/uc2/libcairo
copying build/lib.linux-x86_64-2.7/uc2/libcairo/_libcairo.so -> /build/uniconvertor/pkg/uniconvertor/usr/lib/uniconvertor-2.0rc5/uc2/libcairo
copying build/lib.linux-x86_64-2.7/uc2/libcairo/__init__.pyc -> /build/uniconvertor/pkg/uniconvertor/usr/lib/uniconvertor-2.0rc5/uc2/libcairo
copying build/lib.linux-x86_64-2.7/uc2/app_cms.pyc -> /build/uniconvertor/pkg/uniconvertor/usr/lib/uniconvertor-2.0rc5/uc2
copying build/lib.linux-x86_64-2.7/uc2/__init__.pyc -> /build/uniconvertor/pkg/uniconvertor/usr/lib/uniconvertor-2.0rc5/uc2
creating /build/uniconvertor/pkg/uniconvertor/usr/lib/uniconvertor-2.0rc5/uc2/cms
copying build/lib.linux-x86_64-2.7/uc2/cms/__init__.py -> /build/uniconvertor/pkg/uniconvertor/usr/lib/uniconvertor-2.0rc5/uc2/cms
copying build/lib.linux-x86_64-2.7/uc2/cms/gray_profile_rc.py -> /build/uniconvertor/pkg/uniconvertor/usr/lib/uniconvertor-2.0rc5/uc2/cms
copying build/lib.linux-x86_64-2.7/uc2/cms/cmyk_profile_rc.pyc -> /build/uniconvertor/pkg/uniconvertor/usr/lib/uniconvertor-2.0rc5/uc2/cms
copying build/lib.linux-x86_64-2.7/uc2/cms/libcms.pyc -> /build/uniconvertor/pkg/uniconvertor/usr/lib/uniconvertor-2.0rc5/uc2/cms
copying build/lib.linux-x86_64-2.7/uc2/cms/lab_profile_rc.pyc -> /build/uniconvertor/pkg/uniconvertor/usr/lib/uniconvertor-2.0rc5/uc2/cms
copying build/lib.linux-x86_64-2.7/uc2/cms/display_profile_rc.py -> /build/uniconvertor/pkg/uniconvertor/usr/lib/uniconvertor-2.0rc5/uc2/cms
copying build/lib.linux-x86_64-2.7/uc2/cms/cmyk_profile_rc.py -> /build/uniconvertor/pkg/uniconvertor/usr/lib/uniconvertor-2.0rc5/uc2/cms
copying build/lib.linux-x86_64-2.7/uc2/cms/gray_profile_rc.pyc -> /build/uniconvertor/pkg/uniconvertor/usr/lib/uniconvertor-2.0rc5/uc2/cms
copying build/lib.linux-x86_64-2.7/uc2/cms/srgb_profile_rc.pyc -> /build/uniconvertor/pkg/uniconvertor/usr/lib/uniconvertor-2.0rc5/uc2/cms
copying build/lib.linux-x86_64-2.7/uc2/cms/srgb_profile_rc.py -> /build/uniconvertor/pkg/uniconvertor/usr/lib/uniconvertor-2.0rc5/uc2/cms
copying build/lib.linux-x86_64-2.7/uc2/cms/_cms.so -> /build/uniconvertor/pkg/uniconvertor/usr/lib/uniconvertor-2.0rc5/uc2/cms
copying build/lib.linux-x86_64-2.7/uc2/cms/__init__.pyc -> /build/uniconvertor/pkg/uniconvertor/usr/lib/uniconvertor-2.0rc5/uc2/cms
copying build/lib.linux-x86_64-2.7/uc2/cms/libcms.py -> /build/uniconvertor/pkg/uniconvertor/usr/lib/uniconvertor-2.0rc5/uc2/cms
copying build/lib.linux-x86_64-2.7/uc2/cms/display_profile_rc.pyc -> /build/uniconvertor/pkg/uniconvertor/usr/lib/uniconvertor-2.0rc5/uc2/cms
copying build/lib.linux-x86_64-2.7/uc2/cms/lab_profile_rc.py -> /build/uniconvertor/pkg/uniconvertor/usr/lib/uniconvertor-2.0rc5/uc2/cms
creating /build/uniconvertor/pkg/uniconvertor/usr/lib/uniconvertor-2.0rc5/uc2/cmds
copying build/lib.linux-x86_64-2.7/uc2/cmds/configure.py -> /build/uniconvertor/pkg/uniconvertor/usr/lib/uniconvertor-2.0rc5/uc2/cmds
copying build/lib.linux-x86_64-2.7/uc2/cmds/parts.pyc -> /build/uniconvertor/pkg/uniconvertor/usr/lib/uniconvertor-2.0rc5/uc2/cmds
copying build/lib.linux-x86_64-2.7/uc2/cmds/help.py -> /build/uniconvertor/pkg/uniconvertor/usr/lib/uniconvertor-2.0rc5/uc2/cmds
copying build/lib.linux-x86_64-2.7/uc2/cmds/__init__.py -> /build/uniconvertor/pkg/uniconvertor/usr/lib/uniconvertor-2.0rc5/uc2/cmds
copying build/lib.linux-x86_64-2.7/uc2/cmds/translate.py -> /build/uniconvertor/pkg/uniconvertor/usr/lib/uniconvertor-2.0rc5/uc2/cmds
copying build/lib.linux-x86_64-2.7/uc2/cmds/help.pyc -> /build/uniconvertor/pkg/uniconvertor/usr/lib/uniconvertor-2.0rc5/uc2/cmds
copying build/lib.linux-x86_64-2.7/uc2/cmds/__init__.pyc -> /build/uniconvertor/pkg/uniconvertor/usr/lib/uniconvertor-2.0rc5/uc2/cmds
copying build/lib.linux-x86_64-2.7/uc2/cmds/translate.pyc -> /build/uniconvertor/pkg/uniconvertor/usr/lib/uniconvertor-2.0rc5/uc2/cmds
copying build/lib.linux-x86_64-2.7/uc2/cmds/const.pyc -> /build/uniconvertor/pkg/uniconvertor/usr/lib/uniconvertor-2.0rc5/uc2/cmds
copying build/lib.linux-x86_64-2.7/uc2/cmds/const.py -> /build/uniconvertor/pkg/uniconvertor/usr/lib/uniconvertor-2.0rc5/uc2/cmds
copying build/lib.linux-x86_64-2.7/uc2/cmds/configure.pyc -> /build/uniconvertor/pkg/uniconvertor/usr/lib/uniconvertor-2.0rc5/uc2/cmds
copying build/lib.linux-x86_64-2.7/uc2/cmds/parts.py -> /build/uniconvertor/pkg/uniconvertor/usr/lib/uniconvertor-2.0rc5/uc2/cmds
creating /build/uniconvertor/pkg/uniconvertor/usr/lib/uniconvertor-2.0rc5/uc2/formats
creating /build/uniconvertor/pkg/uniconvertor/usr/lib/uniconvertor-2.0rc5/uc2/formats/sk1
copying build/lib.linux-x86_64-2.7/uc2/formats/sk1/sk1_filters.py -> /build/uniconvertor/pkg/uniconvertor/usr/lib/uniconvertor-2.0rc5/uc2/formats/sk1
copying build/lib.linux-x86_64-2.7/uc2/formats/sk1/sk1_utils.pyc -> /build/uniconvertor/pkg/uniconvertor/usr/lib/uniconvertor-2.0rc5/uc2/formats/sk1
copying build/lib.linux-x86_64-2.7/uc2/formats/sk1/__init__.py -> /build/uniconvertor/pkg/uniconvertor/usr/lib/uniconvertor-2.0rc5/uc2/formats/sk1
copying build/lib.linux-x86_64-2.7/uc2/formats/sk1/sk1_const.pyc -> /build/uniconvertor/pkg/uniconvertor/usr/lib/uniconvertor-2.0rc5/uc2/formats/sk1
copying build/lib.linux-x86_64-2.7/uc2/formats/sk1/presenter.py -> /build/uniconvertor/pkg/uniconvertor/usr/lib/uniconvertor-2.0rc5/uc2/formats/sk1
copying build/lib.linux-x86_64-2.7/uc2/formats/sk1/sk1_const.py -> /build/uniconvertor/pkg/uniconvertor/usr/lib/uniconvertor-2.0rc5/uc2/formats/sk1
copying build/lib.linux-x86_64-2.7/uc2/formats/sk1/presenter.pyc -> /build/uniconvertor/pkg/uniconvertor/usr/lib/uniconvertor-2.0rc5/uc2/formats/sk1
copying build/lib.linux-x86_64-2.7/uc2/formats/sk1/sk1_loaders.pyc -> /build/uniconvertor/pkg/uniconvertor/usr/lib/uniconvertor-2.0rc5/uc2/formats/sk1
copying build/lib.linux-x86_64-2.7/uc2/formats/sk1/sk1_utils.py -> /build/uniconvertor/pkg/uniconvertor/usr/lib/uniconvertor-2.0rc5/uc2/formats/sk1
copying build/lib.linux-x86_64-2.7/uc2/formats/sk1/sk1_translators.py -> /build/uniconvertor/pkg/uniconvertor/usr/lib/uniconvertor-2.0rc5/uc2/formats/sk1
copying build/lib.linux-x86_64-2.7/uc2/formats/sk1/sk1_config.py -> /build/uniconvertor/pkg/uniconvertor/usr/lib/uniconvertor-2.0rc5/uc2/formats/sk1
copying build/lib.linux-x86_64-2.7/uc2/formats/sk1/methods.pyc -> /build/uniconvertor/pkg/uniconvertor/usr/lib/uniconvertor-2.0rc5/uc2/formats/sk1
copying build/lib.linux-x86_64-2.7/uc2/formats/sk1/sk1_translators.pyc -> /build/uniconvertor/pkg/uniconvertor/usr/lib/uniconvertor-2.0rc5/uc2/formats/sk1
copying build/lib.linux-x86_64-2.7/uc2/formats/sk1/__init__.pyc -> /build/uniconvertor/pkg/uniconvertor/usr/lib/uniconvertor-2.0rc5/uc2/formats/sk1
copying build/lib.linux-x86_64-2.7/uc2/formats/sk1/model.py -> /build/uniconvertor/pkg/uniconvertor/usr/lib/uniconvertor-2.0rc5/uc2/formats/sk1
copying build/lib.linux-x86_64-2.7/uc2/formats/sk1/sk1_filters.pyc -> /build/uniconvertor/pkg/uniconvertor/usr/lib/uniconvertor-2.0rc5/uc2/formats/sk1
copying build/lib.linux-x86_64-2.7/uc2/formats/sk1/model.pyc -> /build/uniconvertor/pkg/uniconvertor/usr/lib/uniconvertor-2.0rc5/uc2/formats/sk1
copying build/lib.linux-x86_64-2.7/uc2/formats/sk1/sk1_config.pyc -> /build/uniconvertor/pkg/uniconvertor/usr/lib/uniconvertor-2.0rc5/uc2/formats/sk1
copying build/lib.linux-x86_64-2.7/uc2/formats/sk1/methods.py -> /build/uniconvertor/pkg/uniconvertor/usr/lib/uniconvertor-2.0rc5/uc2/formats/sk1
copying build/lib.linux-x86_64-2.7/uc2/formats/sk1/sk1_loaders.py -> /build/uniconvertor/pkg/uniconvertor/usr/lib/uniconvertor-2.0rc5/uc2/formats/sk1
copying build/lib.linux-x86_64-2.7/uc2/formats/__init__.py -> /build/uniconvertor/pkg/uniconvertor/usr/lib/uniconvertor-2.0rc5/uc2/formats
creating /build/uniconvertor/pkg/uniconvertor/usr/lib/uniconvertor-2.0rc5/uc2/formats/aco
copying build/lib.linux-x86_64-2.7/uc2/formats/aco/aco_model.pyc -> /build/uniconvertor/pkg/uniconvertor/usr/lib/uniconvertor-2.0rc5/uc2/formats/aco
copying build/lib.linux-x86_64-2.7/uc2/formats/aco/__init__.py -> /build/uniconvertor/pkg/uniconvertor/usr/lib/uniconvertor-2.0rc5/uc2/formats/aco
copying build/lib.linux-x86_64-2.7/uc2/formats/aco/aco_presenter.py -> /build/uniconvertor/pkg/uniconvertor/usr/lib/uniconvertor-2.0rc5/uc2/formats/aco
copying build/lib.linux-x86_64-2.7/uc2/formats/aco/aco_filters.py -> /build/uniconvertor/pkg/uniconvertor/usr/lib/uniconvertor-2.0rc5/uc2/formats/aco
copying build/lib.linux-x86_64-2.7/uc2/formats/aco/aco_model.py -> /build/uniconvertor/pkg/uniconvertor/usr/lib/uniconvertor-2.0rc5/uc2/formats/aco
copying build/lib.linux-x86_64-2.7/uc2/formats/aco/aco_config.py -> /build/uniconvertor/pkg/uniconvertor/usr/lib/uniconvertor-2.0rc5/uc2/formats/aco
copying build/lib.linux-x86_64-2.7/uc2/formats/aco/aco_config.pyc -> /build/uniconvertor/pkg/uniconvertor/usr/lib/uniconvertor-2.0rc5/uc2/formats/aco
copying build/lib.linux-x86_64-2.7/uc2/formats/aco/aco_const.pyc -> /build/uniconvertor/pkg/uniconvertor/usr/lib/uniconvertor-2.0rc5/uc2/formats/aco
copying build/lib.linux-x86_64-2.7/uc2/formats/aco/aco_presenter.pyc -> /build/uniconvertor/pkg/uniconvertor/usr/lib/uniconvertor-2.0rc5/uc2/formats/aco
copying build/lib.linux-x86_64-2.7/uc2/formats/aco/__init__.pyc -> /build/uniconvertor/pkg/uniconvertor/usr/lib/uniconvertor-2.0rc5/uc2/formats/aco
copying build/lib.linux-x86_64-2.7/uc2/formats/aco/aco_const.py -> /build/uniconvertor/pkg/uniconvertor/usr/lib/uniconvertor-2.0rc5/uc2/formats/aco
copying build/lib.linux-x86_64-2.7/uc2/formats/aco/aco_filters.pyc -> /build/uniconvertor/pkg/uniconvertor/usr/lib/uniconvertor-2.0rc5/uc2/formats/aco
creating /build/uniconvertor/pkg/uniconvertor/usr/lib/uniconvertor-2.0rc5/uc2/formats/svgz
copying build/lib.linux-x86_64-2.7/uc2/formats/svgz/__init__.py -> /build/uniconvertor/pkg/uniconvertor/usr/lib/uniconvertor-2.0rc5/uc2/formats/svgz
copying build/lib.linux-x86_64-2.7/uc2/formats/svgz/__init__.pyc -> /build/uniconvertor/pkg/uniconvertor/usr/lib/uniconvertor-2.0rc5/uc2/formats/svgz
creating /build/uniconvertor/pkg/uniconvertor/usr/lib/uniconvertor-2.0rc5/uc2/formats/jcw
copying build/lib.linux-x86_64-2.7/uc2/formats/jcw/__init__.py -> /build/uniconvertor/pkg/uniconvertor/usr/lib/uniconvertor-2.0rc5/uc2/formats/jcw
copying build/lib.linux-x86_64-2.7/uc2/formats/jcw/jcw_const.pyc -> /build/uniconvertor/pkg/uniconvertor/usr/lib/uniconvertor-2.0rc5/uc2/formats/jcw
copying build/lib.linux-x86_64-2.7/uc2/formats/jcw/jcw_model.py -> /build/uniconvertor/pkg/uniconvertor/usr/lib/uniconvertor-2.0rc5/uc2/formats/jcw
copying build/lib.linux-x86_64-2.7/uc2/formats/jcw/jcw_const.py -> /build/uniconvertor/pkg/uniconvertor/usr/lib/uniconvertor-2.0rc5/uc2/formats/jcw
copying build/lib.linux-x86_64-2.7/uc2/formats/jcw/jcw_filters.pyc -> /build/uniconvertor/pkg/uniconvertor/usr/lib/uniconvertor-2.0rc5/uc2/formats/jcw
copying build/lib.linux-x86_64-2.7/uc2/formats/jcw/jcw_model.pyc -> /build/uniconvertor/pkg/uniconvertor/usr/lib/uniconvertor-2.0rc5/uc2/formats/jcw
copying build/lib.linux-x86_64-2.7/uc2/formats/jcw/__init__.pyc -> /build/uniconvertor/pkg/uniconvertor/usr/lib/uniconvertor-2.0rc5/uc2/formats/jcw
copying build/lib.linux-x86_64-2.7/uc2/formats/jcw/jcw_utils.pyc -> /build/uniconvertor/pkg/uniconvertor/usr/lib/uniconvertor-2.0rc5/uc2/formats/jcw
copying build/lib.linux-x86_64-2.7/uc2/formats/jcw/jcw_config.pyc -> /build/uniconvertor/pkg/uniconvertor/usr/lib/uniconvertor-2.0rc5/uc2/formats/jcw
copying build/lib.linux-x86_64-2.7/uc2/formats/jcw/jcw_config.py -> /build/uniconvertor/pkg/uniconvertor/usr/lib/uniconvertor-2.0rc5/uc2/formats/jcw
copying build/lib.linux-x86_64-2.7/uc2/formats/jcw/jcw_filters.py -> /build/uniconvertor/pkg/uniconvertor/usr/lib/uniconvertor-2.0rc5/uc2/formats/jcw
copying build/lib.linux-x86_64-2.7/uc2/formats/jcw/jcw_utils.py -> /build/uniconvertor/pkg/uniconvertor/usr/lib/uniconvertor-2.0rc5/uc2/formats/jcw
copying build/lib.linux-x86_64-2.7/uc2/formats/jcw/jcw_presenter.py -> /build/uniconvertor/pkg/uniconvertor/usr/lib/uniconvertor-2.0rc5/uc2/formats/jcw
copying build/lib.linux-x86_64-2.7/uc2/formats/jcw/jcw_presenter.pyc -> /build/uniconvertor/pkg/uniconvertor/usr/lib/uniconvertor-2.0rc5/uc2/formats/jcw
creating /build/uniconvertor/pkg/uniconvertor/usr/lib/uniconvertor-2.0rc5/uc2/formats/scribus_pal
copying build/lib.linux-x86_64-2.7/uc2/formats/scribus_pal/__init__.py -> /build/uniconvertor/pkg/uniconvertor/usr/lib/uniconvertor-2.0rc5/uc2/formats/scribus_pal
copying build/lib.linux-x86_64-2.7/uc2/formats/scribus_pal/scribus_pal_presenter.py -> /build/uniconvertor/pkg/uniconvertor/usr/lib/uniconvertor-2.0rc5/uc2/formats/scribus_pal
copying build/lib.linux-x86_64-2.7/uc2/formats/scribus_pal/scribus_pal_filters.py -> /build/uniconvertor/pkg/uniconvertor/usr/lib/uniconvertor-2.0rc5/uc2/formats/scribus_pal
copying build/lib.linux-x86_64-2.7/uc2/formats/scribus_pal/scribus_pal_config.pyc -> /build/uniconvertor/pkg/uniconvertor/usr/lib/uniconvertor-2.0rc5/uc2/formats/scribus_pal
copying build/lib.linux-x86_64-2.7/uc2/formats/scribus_pal/scribus_pal_presenter.pyc -> /build/uniconvertor/pkg/uniconvertor/usr/lib/uniconvertor-2.0rc5/uc2/formats/scribus_pal
copying build/lib.linux-x86_64-2.7/uc2/formats/scribus_pal/scribus_pal_config.py -> /build/uniconvertor/pkg/uniconvertor/usr/lib/uniconvertor-2.0rc5/uc2/formats/scribus_pal
copying build/lib.linux-x86_64-2.7/uc2/formats/scribus_pal/scribus_pal_filters.pyc -> /build/uniconvertor/pkg/uniconvertor/usr/lib/uniconvertor-2.0rc5/uc2/formats/scribus_pal
copying build/lib.linux-x86_64-2.7/uc2/formats/scribus_pal/scribus_pal_model.py -> /build/uniconvertor/pkg/uniconvertor/usr/lib/uniconvertor-2.0rc5/uc2/formats/scribus_pal
copying build/lib.linux-x86_64-2.7/uc2/formats/scribus_pal/__init__.pyc -> /build/uniconvertor/pkg/uniconvertor/usr/lib/uniconvertor-2.0rc5/uc2/formats/scribus_pal
copying build/lib.linux-x86_64-2.7/uc2/formats/scribus_pal/scribus_pal_model.pyc -> /build/uniconvertor/pkg/uniconvertor/usr/lib/uniconvertor-2.0rc5/uc2/formats/scribus_pal
creating /build/uniconvertor/pkg/uniconvertor/usr/lib/uniconvertor-2.0rc5/uc2/formats/ccx
copying build/lib.linux-x86_64-2.7/uc2/formats/ccx/__init__.py -> /build/uniconvertor/pkg/uniconvertor/usr/lib/uniconvertor-2.0rc5/uc2/formats/ccx
copying build/lib.linux-x86_64-2.7/uc2/formats/ccx/__init__.pyc -> /build/uniconvertor/pkg/uniconvertor/usr/lib/uniconvertor-2.0rc5/uc2/formats/ccx
creating /build/uniconvertor/pkg/uniconvertor/usr/lib/uniconvertor-2.0rc5/uc2/formats/corel_pal
copying build/lib.linux-x86_64-2.7/uc2/formats/corel_pal/__init__.py -> /build/uniconvertor/pkg/uniconvertor/usr/lib/uniconvertor-2.0rc5/uc2/formats/corel_pal
copying build/lib.linux-x86_64-2.7/uc2/formats/corel_pal/corel_pal_config.py -> /build/uniconvertor/pkg/uniconvertor/usr/lib/uniconvertor-2.0rc5/uc2/formats/corel_pal
copying build/lib.linux-x86_64-2.7/uc2/formats/corel_pal/corel_pal_methods.pyc -> /build/uniconvertor/pkg/uniconvertor/usr/lib/uniconvertor-2.0rc5/uc2/formats/corel_pal
copying build/lib.linux-x86_64-2.7/uc2/formats/corel_pal/corel_pal_presenter.py -> /build/uniconvertor/pkg/uniconvertor/usr/lib/uniconvertor-2.0rc5/uc2/formats/corel_pal
copying build/lib.linux-x86_64-2.7/uc2/formats/corel_pal/corel_pal_presenter.pyc -> /build/uniconvertor/pkg/uniconvertor/usr/lib/uniconvertor-2.0rc5/uc2/formats/corel_pal
copying build/lib.linux-x86_64-2.7/uc2/formats/corel_pal/corel_pal_config.pyc -> /build/uniconvertor/pkg/uniconvertor/usr/lib/uniconvertor-2.0rc5/uc2/formats/corel_pal
copying build/lib.linux-x86_64-2.7/uc2/formats/corel_pal/__init__.pyc -> /build/uniconvertor/pkg/uniconvertor/usr/lib/uniconvertor-2.0rc5/uc2/formats/corel_pal
copying build/lib.linux-x86_64-2.7/uc2/formats/corel_pal/corel_pal_methods.py -> /build/uniconvertor/pkg/uniconvertor/usr/lib/uniconvertor-2.0rc5/uc2/formats/corel_pal
creating /build/uniconvertor/pkg/uniconvertor/usr/lib/uniconvertor-2.0rc5/uc2/formats/skp
copying build/lib.linux-x86_64-2.7/uc2/formats/skp/__init__.py -> /build/uniconvertor/pkg/uniconvertor/usr/lib/uniconvertor-2.0rc5/uc2/formats/skp
copying build/lib.linux-x86_64-2.7/uc2/formats/skp/skp_config.py -> /build/uniconvertor/pkg/uniconvertor/usr/lib/uniconvertor-2.0rc5/uc2/formats/skp
copying build/lib.linux-x86_64-2.7/uc2/formats/skp/skp_filters.py -> /build/uniconvertor/pkg/uniconvertor/usr/lib/uniconvertor-2.0rc5/uc2/formats/skp
copying build/lib.linux-x86_64-2.7/uc2/formats/skp/skp_filters.pyc -> /build/uniconvertor/pkg/uniconvertor/usr/lib/uniconvertor-2.0rc5/uc2/formats/skp
copying build/lib.linux-x86_64-2.7/uc2/formats/skp/skp_const.py -> /build/uniconvertor/pkg/uniconvertor/usr/lib/uniconvertor-2.0rc5/uc2/formats/skp
copying build/lib.linux-x86_64-2.7/uc2/formats/skp/skp_model.py -> /build/uniconvertor/pkg/uniconvertor/usr/lib/uniconvertor-2.0rc5/uc2/formats/skp
copying build/lib.linux-x86_64-2.7/uc2/formats/skp/skp_presenter.pyc -> /build/uniconvertor/pkg/uniconvertor/usr/lib/uniconvertor-2.0rc5/uc2/formats/skp
copying build/lib.linux-x86_64-2.7/uc2/formats/skp/skp_const.pyc -> /build/uniconvertor/pkg/uniconvertor/usr/lib/uniconvertor-2.0rc5/uc2/formats/skp
copying build/lib.linux-x86_64-2.7/uc2/formats/skp/skp_model.pyc -> /build/uniconvertor/pkg/uniconvertor/usr/lib/uniconvertor-2.0rc5/uc2/formats/skp
copying build/lib.linux-x86_64-2.7/uc2/formats/skp/__init__.pyc -> /build/uniconvertor/pkg/uniconvertor/usr/lib/uniconvertor-2.0rc5/uc2/formats/skp
copying build/lib.linux-x86_64-2.7/uc2/formats/skp/skp_presenter.py -> /build/uniconvertor/pkg/uniconvertor/usr/lib/uniconvertor-2.0rc5/uc2/formats/skp
copying build/lib.linux-x86_64-2.7/uc2/formats/skp/skp_config.pyc -> /build/uniconvertor/pkg/uniconvertor/usr/lib/uniconvertor-2.0rc5/uc2/formats/skp
creating /build/uniconvertor/pkg/uniconvertor/usr/lib/uniconvertor-2.0rc5/uc2/formats/sk2
copying build/lib.linux-x86_64-2.7/uc2/formats/sk2/__init__.py -> /build/uniconvertor/pkg/uniconvertor/usr/lib/uniconvertor-2.0rc5/uc2/formats/sk2
copying build/lib.linux-x86_64-2.7/uc2/formats/sk2/sk2_presenter.py -> /build/uniconvertor/pkg/uniconvertor/usr/lib/uniconvertor-2.0rc5/uc2/formats/sk2
copying build/lib.linux-x86_64-2.7/uc2/formats/sk2/sk2_cids.pyc -> /build/uniconvertor/pkg/uniconvertor/usr/lib/uniconvertor-2.0rc5/uc2/formats/sk2
copying build/lib.linux-x86_64-2.7/uc2/formats/sk2/sk2_methods.py -> /build/uniconvertor/pkg/uniconvertor/usr/lib/uniconvertor-2.0rc5/uc2/formats/sk2
copying build/lib.linux-x86_64-2.7/uc2/formats/sk2/sk2_model.pyc -> /build/uniconvertor/pkg/uniconvertor/usr/lib/uniconvertor-2.0rc5/uc2/formats/sk2
copying build/lib.linux-x86_64-2.7/uc2/formats/sk2/sk2_cms.py -> /build/uniconvertor/pkg/uniconvertor/usr/lib/uniconvertor-2.0rc5/uc2/formats/sk2
copying build/lib.linux-x86_64-2.7/uc2/formats/sk2/sk2_filters.py -> /build/uniconvertor/pkg/uniconvertor/usr/lib/uniconvertor-2.0rc5/uc2/formats/sk2
copying build/lib.linux-x86_64-2.7/uc2/formats/sk2/arrows.pyc -> /build/uniconvertor/pkg/uniconvertor/usr/lib/uniconvertor-2.0rc5/uc2/formats/sk2
copying build/lib.linux-x86_64-2.7/uc2/formats/sk2/sk2_config.py -> /build/uniconvertor/pkg/uniconvertor/usr/lib/uniconvertor-2.0rc5/uc2/formats/sk2
copying build/lib.linux-x86_64-2.7/uc2/formats/sk2/sk2_cids.py -> /build/uniconvertor/pkg/uniconvertor/usr/lib/uniconvertor-2.0rc5/uc2/formats/sk2
copying build/lib.linux-x86_64-2.7/uc2/formats/sk2/sk2_model.py -> /build/uniconvertor/pkg/uniconvertor/usr/lib/uniconvertor-2.0rc5/uc2/formats/sk2
copying build/lib.linux-x86_64-2.7/uc2/formats/sk2/sk2_presenter.pyc -> /build/uniconvertor/pkg/uniconvertor/usr/lib/uniconvertor-2.0rc5/uc2/formats/sk2
copying build/lib.linux-x86_64-2.7/uc2/formats/sk2/sk2_config.pyc -> /build/uniconvertor/pkg/uniconvertor/usr/lib/uniconvertor-2.0rc5/uc2/formats/sk2
copying build/lib.linux-x86_64-2.7/uc2/formats/sk2/sk2_cms.pyc -> /build/uniconvertor/pkg/uniconvertor/usr/lib/uniconvertor-2.0rc5/uc2/formats/sk2
copying build/lib.linux-x86_64-2.7/uc2/formats/sk2/sk2_methods.pyc -> /build/uniconvertor/pkg/uniconvertor/usr/lib/uniconvertor-2.0rc5/uc2/formats/sk2
copying build/lib.linux-x86_64-2.7/uc2/formats/sk2/crenderer.pyc -> /build/uniconvertor/pkg/uniconvertor/usr/lib/uniconvertor-2.0rc5/uc2/formats/sk2
copying build/lib.linux-x86_64-2.7/uc2/formats/sk2/__init__.pyc -> /build/uniconvertor/pkg/uniconvertor/usr/lib/uniconvertor-2.0rc5/uc2/formats/sk2
copying build/lib.linux-x86_64-2.7/uc2/formats/sk2/crenderer.py -> /build/uniconvertor/pkg/uniconvertor/usr/lib/uniconvertor-2.0rc5/uc2/formats/sk2
copying build/lib.linux-x86_64-2.7/uc2/formats/sk2/sk2_filters.pyc -> /build/uniconvertor/pkg/uniconvertor/usr/lib/uniconvertor-2.0rc5/uc2/formats/sk2
copying build/lib.linux-x86_64-2.7/uc2/formats/sk2/arrows.py -> /build/uniconvertor/pkg/uniconvertor/usr/lib/uniconvertor-2.0rc5/uc2/formats/sk2
copying build/lib.linux-x86_64-2.7/uc2/formats/generic.pyc -> /build/uniconvertor/pkg/uniconvertor/usr/lib/uniconvertor-2.0rc5/uc2/formats
creating /build/uniconvertor/pkg/uniconvertor/usr/lib/uniconvertor-2.0rc5/uc2/formats/gpl
copying build/lib.linux-x86_64-2.7/uc2/formats/gpl/gpl_presenter.py -> /build/uniconvertor/pkg/uniconvertor/usr/lib/uniconvertor-2.0rc5/uc2/formats/gpl
copying build/lib.linux-x86_64-2.7/uc2/formats/gpl/__init__.py -> /build/uniconvertor/pkg/uniconvertor/usr/lib/uniconvertor-2.0rc5/uc2/formats/gpl
copying build/lib.linux-x86_64-2.7/uc2/formats/gpl/gpl_config.pyc -> /build/uniconvertor/pkg/uniconvertor/usr/lib/uniconvertor-2.0rc5/uc2/formats/gpl
copying build/lib.linux-x86_64-2.7/uc2/formats/gpl/gpl_config.py -> /build/uniconvertor/pkg/uniconvertor/usr/lib/uniconvertor-2.0rc5/uc2/formats/gpl
copying build/lib.linux-x86_64-2.7/uc2/formats/gpl/gpl_model.pyc -> /build/uniconvertor/pkg/uniconvertor/usr/lib/uniconvertor-2.0rc5/uc2/formats/gpl
copying build/lib.linux-x86_64-2.7/uc2/formats/gpl/gpl_const.pyc -> /build/uniconvertor/pkg/uniconvertor/usr/lib/uniconvertor-2.0rc5/uc2/formats/gpl
copying build/lib.linux-x86_64-2.7/uc2/formats/gpl/gpl_filters.py -> /build/uniconvertor/pkg/uniconvertor/usr/lib/uniconvertor-2.0rc5/uc2/formats/gpl
copying build/lib.linux-x86_64-2.7/uc2/formats/gpl/gpl_presenter.pyc -> /build/uniconvertor/pkg/uniconvertor/usr/lib/uniconvertor-2.0rc5/uc2/formats/gpl
copying build/lib.linux-x86_64-2.7/uc2/formats/gpl/gpl_const.py -> /build/uniconvertor/pkg/uniconvertor/usr/lib/uniconvertor-2.0rc5/uc2/formats/gpl
copying build/lib.linux-x86_64-2.7/uc2/formats/gpl/__init__.pyc -> /build/uniconvertor/pkg/uniconvertor/usr/lib/uniconvertor-2.0rc5/uc2/formats/gpl
copying build/lib.linux-x86_64-2.7/uc2/formats/gpl/gpl_model.py -> /build/uniconvertor/pkg/uniconvertor/usr/lib/uniconvertor-2.0rc5/uc2/formats/gpl
copying build/lib.linux-x86_64-2.7/uc2/formats/gpl/gpl_filters.pyc -> /build/uniconvertor/pkg/uniconvertor/usr/lib/uniconvertor-2.0rc5/uc2/formats/gpl
creating /build/uniconvertor/pkg/uniconvertor/usr/lib/uniconvertor-2.0rc5/uc2/formats/cdrz
copying build/lib.linux-x86_64-2.7/uc2/formats/cdrz/__init__.py -> /build/uniconvertor/pkg/uniconvertor/usr/lib/uniconvertor-2.0rc5/uc2/formats/cdrz
copying build/lib.linux-x86_64-2.7/uc2/formats/cdrz/cdrz_filters.py -> /build/uniconvertor/pkg/uniconvertor/usr/lib/uniconvertor-2.0rc5/uc2/formats/cdrz
copying build/lib.linux-x86_64-2.7/uc2/formats/cdrz/presenter.py -> /build/uniconvertor/pkg/uniconvertor/usr/lib/uniconvertor-2.0rc5/uc2/formats/cdrz
copying build/lib.linux-x86_64-2.7/uc2/formats/cdrz/presenter.pyc -> /build/uniconvertor/pkg/uniconvertor/usr/lib/uniconvertor-2.0rc5/uc2/formats/cdrz
copying build/lib.linux-x86_64-2.7/uc2/formats/cdrz/cdrz_config.pyc -> /build/uniconvertor/pkg/uniconvertor/usr/lib/uniconvertor-2.0rc5/uc2/formats/cdrz
copying build/lib.linux-x86_64-2.7/uc2/formats/cdrz/cdrz_filters.pyc -> /build/uniconvertor/pkg/uniconvertor/usr/lib/uniconvertor-2.0rc5/uc2/formats/cdrz
copying build/lib.linux-x86_64-2.7/uc2/formats/cdrz/__init__.pyc -> /build/uniconvertor/pkg/uniconvertor/usr/lib/uniconvertor-2.0rc5/uc2/formats/cdrz
copying build/lib.linux-x86_64-2.7/uc2/formats/cdrz/model.py -> /build/uniconvertor/pkg/uniconvertor/usr/lib/uniconvertor-2.0rc5/uc2/formats/cdrz
copying build/lib.linux-x86_64-2.7/uc2/formats/cdrz/model.pyc -> /build/uniconvertor/pkg/uniconvertor/usr/lib/uniconvertor-2.0rc5/uc2/formats/cdrz
copying build/lib.linux-x86_64-2.7/uc2/formats/cdrz/cdrz_config.py -> /build/uniconvertor/pkg/uniconvertor/usr/lib/uniconvertor-2.0rc5/uc2/formats/cdrz
copying build/lib.linux-x86_64-2.7/uc2/formats/cdrz/const.pyc -> /build/uniconvertor/pkg/uniconvertor/usr/lib/uniconvertor-2.0rc5/uc2/formats/cdrz
copying build/lib.linux-x86_64-2.7/uc2/formats/cdrz/cdrz_translators.pyc -> /build/uniconvertor/pkg/uniconvertor/usr/lib/uniconvertor-2.0rc5/uc2/formats/cdrz
copying build/lib.linux-x86_64-2.7/uc2/formats/cdrz/cdrz_translators.py -> /build/uniconvertor/pkg/uniconvertor/usr/lib/uniconvertor-2.0rc5/uc2/formats/cdrz
copying build/lib.linux-x86_64-2.7/uc2/formats/cdrz/const.py -> /build/uniconvertor/pkg/uniconvertor/usr/lib/uniconvertor-2.0rc5/uc2/formats/cdrz
creating /build/uniconvertor/pkg/uniconvertor/usr/lib/uniconvertor-2.0rc5/uc2/formats/cpl
copying build/lib.linux-x86_64-2.7/uc2/formats/cpl/__init__.py -> /build/uniconvertor/pkg/uniconvertor/usr/lib/uniconvertor-2.0rc5/uc2/formats/cpl
copying build/lib.linux-x86_64-2.7/uc2/formats/cpl/cpl_presenter.pyc -> /build/uniconvertor/pkg/uniconvertor/usr/lib/uniconvertor-2.0rc5/uc2/formats/cpl
copying build/lib.linux-x86_64-2.7/uc2/formats/cpl/cpl_presenter.py -> /build/uniconvertor/pkg/uniconvertor/usr/lib/uniconvertor-2.0rc5/uc2/formats/cpl
copying build/lib.linux-x86_64-2.7/uc2/formats/cpl/cpl_const.pyc -> /build/uniconvertor/pkg/uniconvertor/usr/lib/uniconvertor-2.0rc5/uc2/formats/cpl
copying build/lib.linux-x86_64-2.7/uc2/formats/cpl/cpl_const.py -> /build/uniconvertor/pkg/uniconvertor/usr/lib/uniconvertor-2.0rc5/uc2/formats/cpl
copying build/lib.linux-x86_64-2.7/uc2/formats/cpl/cpl_model.py -> /build/uniconvertor/pkg/uniconvertor/usr/lib/uniconvertor-2.0rc5/uc2/formats/cpl
copying build/lib.linux-x86_64-2.7/uc2/formats/cpl/cpl_filters.py -> /build/uniconvertor/pkg/uniconvertor/usr/lib/uniconvertor-2.0rc5/uc2/formats/cpl
copying build/lib.linux-x86_64-2.7/uc2/formats/cpl/cpl_filters.pyc -> /build/uniconvertor/pkg/uniconvertor/usr/lib/uniconvertor-2.0rc5/uc2/formats/cpl
copying build/lib.linux-x86_64-2.7/uc2/formats/cpl/cpl_config.pyc -> /build/uniconvertor/pkg/uniconvertor/usr/lib/uniconvertor-2.0rc5/uc2/formats/cpl
copying build/lib.linux-x86_64-2.7/uc2/formats/cpl/__init__.pyc -> /build/uniconvertor/pkg/uniconvertor/usr/lib/uniconvertor-2.0rc5/uc2/formats/cpl
copying build/lib.linux-x86_64-2.7/uc2/formats/cpl/cpl_model.pyc -> /build/uniconvertor/pkg/uniconvertor/usr/lib/uniconvertor-2.0rc5/uc2/formats/cpl
copying build/lib.linux-x86_64-2.7/uc2/formats/cpl/cpl_config.py -> /build/uniconvertor/pkg/uniconvertor/usr/lib/uniconvertor-2.0rc5/uc2/formats/cpl
copying build/lib.linux-x86_64-2.7/uc2/formats/generic_filters.py -> /build/uniconvertor/pkg/uniconvertor/usr/lib/uniconvertor-2.0rc5/uc2/formats
creating /build/uniconvertor/pkg/uniconvertor/usr/lib/uniconvertor-2.0rc5/uc2/formats/fig
copying build/lib.linux-x86_64-2.7/uc2/formats/fig/fig_filters.pyc -> /build/uniconvertor/pkg/uniconvertor/usr/lib/uniconvertor-2.0rc5/uc2/formats/fig
copying build/lib.linux-x86_64-2.7/uc2/formats/fig/__init__.py -> /build/uniconvertor/pkg/uniconvertor/usr/lib/uniconvertor-2.0rc5/uc2/formats/fig
copying build/lib.linux-x86_64-2.7/uc2/formats/fig/fig_translators.py -> /build/uniconvertor/pkg/uniconvertor/usr/lib/uniconvertor-2.0rc5/uc2/formats/fig
copying build/lib.linux-x86_64-2.7/uc2/formats/fig/figlib.pyc -> /build/uniconvertor/pkg/uniconvertor/usr/lib/uniconvertor-2.0rc5/uc2/formats/fig
copying build/lib.linux-x86_64-2.7/uc2/formats/fig/fig_presenter.py -> /build/uniconvertor/pkg/uniconvertor/usr/lib/uniconvertor-2.0rc5/uc2/formats/fig
copying build/lib.linux-x86_64-2.7/uc2/formats/fig/fig_colors.py -> /build/uniconvertor/pkg/uniconvertor/usr/lib/uniconvertor-2.0rc5/uc2/formats/fig
copying build/lib.linux-x86_64-2.7/uc2/formats/fig/fig_methods.py -> /build/uniconvertor/pkg/uniconvertor/usr/lib/uniconvertor-2.0rc5/uc2/formats/fig
copying build/lib.linux-x86_64-2.7/uc2/formats/fig/fig_patterns.py -> /build/uniconvertor/pkg/uniconvertor/usr/lib/uniconvertor-2.0rc5/uc2/formats/fig
copying build/lib.linux-x86_64-2.7/uc2/formats/fig/fig_translators.pyc -> /build/uniconvertor/pkg/uniconvertor/usr/lib/uniconvertor-2.0rc5/uc2/formats/fig
copying build/lib.linux-x86_64-2.7/uc2/formats/fig/trafolib.py -> /build/uniconvertor/pkg/uniconvertor/usr/lib/uniconvertor-2.0rc5/uc2/formats/fig
copying build/lib.linux-x86_64-2.7/uc2/formats/fig/fig_presenter.pyc -> /build/uniconvertor/pkg/uniconvertor/usr/lib/uniconvertor-2.0rc5/uc2/formats/fig
copying build/lib.linux-x86_64-2.7/uc2/formats/fig/fig_filters.py -> /build/uniconvertor/pkg/uniconvertor/usr/lib/uniconvertor-2.0rc5/uc2/formats/fig
copying build/lib.linux-x86_64-2.7/uc2/formats/fig/fig_config.pyc -> /build/uniconvertor/pkg/uniconvertor/usr/lib/uniconvertor-2.0rc5/uc2/formats/fig
copying build/lib.linux-x86_64-2.7/uc2/formats/fig/fig_config.py -> /build/uniconvertor/pkg/uniconvertor/usr/lib/uniconvertor-2.0rc5/uc2/formats/fig
copying build/lib.linux-x86_64-2.7/uc2/formats/fig/trafolib.pyc -> /build/uniconvertor/pkg/uniconvertor/usr/lib/uniconvertor-2.0rc5/uc2/formats/fig
copying build/lib.linux-x86_64-2.7/uc2/formats/fig/figlib.py -> /build/uniconvertor/pkg/uniconvertor/usr/lib/uniconvertor-2.0rc5/uc2/formats/fig
copying build/lib.linux-x86_64-2.7/uc2/formats/fig/fig_model.py -> /build/uniconvertor/pkg/uniconvertor/usr/lib/uniconvertor-2.0rc5/uc2/formats/fig
copying build/lib.linux-x86_64-2.7/uc2/formats/fig/fig_colors.pyc -> /build/uniconvertor/pkg/uniconvertor/usr/lib/uniconvertor-2.0rc5/uc2/formats/fig
copying build/lib.linux-x86_64-2.7/uc2/formats/fig/crenderer.pyc -> /build/uniconvertor/pkg/uniconvertor/usr/lib/uniconvertor-2.0rc5/uc2/formats/fig
copying build/lib.linux-x86_64-2.7/uc2/formats/fig/__init__.pyc -> /build/uniconvertor/pkg/uniconvertor/usr/lib/uniconvertor-2.0rc5/uc2/formats/fig
copying build/lib.linux-x86_64-2.7/uc2/formats/fig/fig_const.py -> /build/uniconvertor/pkg/uniconvertor/usr/lib/uniconvertor-2.0rc5/uc2/formats/fig
copying build/lib.linux-x86_64-2.7/uc2/formats/fig/fig_patterns.pyc -> /build/uniconvertor/pkg/uniconvertor/usr/lib/uniconvertor-2.0rc5/uc2/formats/fig
copying build/lib.linux-x86_64-2.7/uc2/formats/fig/fig_methods.pyc -> /build/uniconvertor/pkg/uniconvertor/usr/lib/uniconvertor-2.0rc5/uc2/formats/fig
copying build/lib.linux-x86_64-2.7/uc2/formats/fig/crenderer.py -> /build/uniconvertor/pkg/uniconvertor/usr/lib/uniconvertor-2.0rc5/uc2/formats/fig
copying build/lib.linux-x86_64-2.7/uc2/formats/fig/fig_model.pyc -> /build/uniconvertor/pkg/uniconvertor/usr/lib/uniconvertor-2.0rc5/uc2/formats/fig
copying build/lib.linux-x86_64-2.7/uc2/formats/fig/fig_const.pyc -> /build/uniconvertor/pkg/uniconvertor/usr/lib/uniconvertor-2.0rc5/uc2/formats/fig
creating /build/uniconvertor/pkg/uniconvertor/usr/lib/uniconvertor-2.0rc5/uc2/formats/dst
copying build/lib.linux-x86_64-2.7/uc2/formats/dst/__init__.py -> /build/uniconvertor/pkg/uniconvertor/usr/lib/uniconvertor-2.0rc5/uc2/formats/dst
copying build/lib.linux-x86_64-2.7/uc2/formats/dst/dst_config.py -> /build/uniconvertor/pkg/uniconvertor/usr/lib/uniconvertor-2.0rc5/uc2/formats/dst
copying build/lib.linux-x86_64-2.7/uc2/formats/dst/dst_presenter.py -> /build/uniconvertor/pkg/uniconvertor/usr/lib/uniconvertor-2.0rc5/uc2/formats/dst
copying build/lib.linux-x86_64-2.7/uc2/formats/dst/dst_const.pyc -> /build/uniconvertor/pkg/uniconvertor/usr/lib/uniconvertor-2.0rc5/uc2/formats/dst
copying build/lib.linux-x86_64-2.7/uc2/formats/dst/dst_model.pyc -> /build/uniconvertor/pkg/uniconvertor/usr/lib/uniconvertor-2.0rc5/uc2/formats/dst
copying build/lib.linux-x86_64-2.7/uc2/formats/dst/dst_from_sk2.pyc -> /build/uniconvertor/pkg/uniconvertor/usr/lib/uniconvertor-2.0rc5/uc2/formats/dst
copying build/lib.linux-x86_64-2.7/uc2/formats/dst/dst_datatype.py -> /build/uniconvertor/pkg/uniconvertor/usr/lib/uniconvertor-2.0rc5/uc2/formats/dst
copying build/lib.linux-x86_64-2.7/uc2/formats/dst/dst_from_sk2.py -> /build/uniconvertor/pkg/uniconvertor/usr/lib/uniconvertor-2.0rc5/uc2/formats/dst
copying build/lib.linux-x86_64-2.7/uc2/formats/dst/dst_to_sk2.py -> /build/uniconvertor/pkg/uniconvertor/usr/lib/uniconvertor-2.0rc5/uc2/formats/dst
copying build/lib.linux-x86_64-2.7/uc2/formats/dst/dst_filters.py -> /build/uniconvertor/pkg/uniconvertor/usr/lib/uniconvertor-2.0rc5/uc2/formats/dst
copying build/lib.linux-x86_64-2.7/uc2/formats/dst/dst_colors.pyc -> /build/uniconvertor/pkg/uniconvertor/usr/lib/uniconvertor-2.0rc5/uc2/formats/dst
copying build/lib.linux-x86_64-2.7/uc2/formats/dst/dst_const.py -> /build/uniconvertor/pkg/uniconvertor/usr/lib/uniconvertor-2.0rc5/uc2/formats/dst
copying build/lib.linux-x86_64-2.7/uc2/formats/dst/dst_filters.pyc -> /build/uniconvertor/pkg/uniconvertor/usr/lib/uniconvertor-2.0rc5/uc2/formats/dst
copying build/lib.linux-x86_64-2.7/uc2/formats/dst/__init__.pyc -> /build/uniconvertor/pkg/uniconvertor/usr/lib/uniconvertor-2.0rc5/uc2/formats/dst
copying build/lib.linux-x86_64-2.7/uc2/formats/dst/dst_datatype.pyc -> /build/uniconvertor/pkg/uniconvertor/usr/lib/uniconvertor-2.0rc5/uc2/formats/dst
copying build/lib.linux-x86_64-2.7/uc2/formats/dst/dst_to_sk2.pyc -> /build/uniconvertor/pkg/uniconvertor/usr/lib/uniconvertor-2.0rc5/uc2/formats/dst
copying build/lib.linux-x86_64-2.7/uc2/formats/dst/dst_model.py -> /build/uniconvertor/pkg/uniconvertor/usr/lib/uniconvertor-2.0rc5/uc2/formats/dst
copying build/lib.linux-x86_64-2.7/uc2/formats/dst/dst_presenter.pyc -> /build/uniconvertor/pkg/uniconvertor/usr/lib/uniconvertor-2.0rc5/uc2/formats/dst
copying build/lib.linux-x86_64-2.7/uc2/formats/dst/dst_colors.py -> /build/uniconvertor/pkg/uniconvertor/usr/lib/uniconvertor-2.0rc5/uc2/formats/dst
copying build/lib.linux-x86_64-2.7/uc2/formats/dst/dst_config.pyc -> /build/uniconvertor/pkg/uniconvertor/usr/lib/uniconvertor-2.0rc5/uc2/formats/dst
creating /build/uniconvertor/pkg/uniconvertor/usr/lib/uniconvertor-2.0rc5/uc2/formats/edr_pal
copying build/lib.linux-x86_64-2.7/uc2/formats/edr_pal/__init__.py -> /build/uniconvertor/pkg/uniconvertor/usr/lib/uniconvertor-2.0rc5/uc2/formats/edr_pal
copying build/lib.linux-x86_64-2.7/uc2/formats/edr_pal/edr_filters.pyc -> /build/uniconvertor/pkg/uniconvertor/usr/lib/uniconvertor-2.0rc5/uc2/formats/edr_pal
copying build/lib.linux-x86_64-2.7/uc2/formats/edr_pal/edr_presenter.pyc -> /build/uniconvertor/pkg/uniconvertor/usr/lib/uniconvertor-2.0rc5/uc2/formats/edr_pal
copying build/lib.linux-x86_64-2.7/uc2/formats/edr_pal/edr_model.py -> /build/uniconvertor/pkg/uniconvertor/usr/lib/uniconvertor-2.0rc5/uc2/formats/edr_pal
copying build/lib.linux-x86_64-2.7/uc2/formats/edr_pal/__init__.pyc -> /build/uniconvertor/pkg/uniconvertor/usr/lib/uniconvertor-2.0rc5/uc2/formats/edr_pal
copying build/lib.linux-x86_64-2.7/uc2/formats/edr_pal/edr_model.pyc -> /build/uniconvertor/pkg/uniconvertor/usr/lib/uniconvertor-2.0rc5/uc2/formats/edr_pal
copying build/lib.linux-x86_64-2.7/uc2/formats/edr_pal/edr_filters.py -> /build/uniconvertor/pkg/uniconvertor/usr/lib/uniconvertor-2.0rc5/uc2/formats/edr_pal
copying build/lib.linux-x86_64-2.7/uc2/formats/edr_pal/edr_presenter.py -> /build/uniconvertor/pkg/uniconvertor/usr/lib/uniconvertor-2.0rc5/uc2/formats/edr_pal
creating /build/uniconvertor/pkg/uniconvertor/usr/lib/uniconvertor-2.0rc5/uc2/formats/plt
copying build/lib.linux-x86_64-2.7/uc2/formats/plt/plt_const.pyc -> /build/uniconvertor/pkg/uniconvertor/usr/lib/uniconvertor-2.0rc5/uc2/formats/plt
copying build/lib.linux-x86_64-2.7/uc2/formats/plt/plt_translators.py -> /build/uniconvertor/pkg/uniconvertor/usr/lib/uniconvertor-2.0rc5/uc2/formats/plt
copying build/lib.linux-x86_64-2.7/uc2/formats/plt/__init__.py -> /build/uniconvertor/pkg/uniconvertor/usr/lib/uniconvertor-2.0rc5/uc2/formats/plt
copying build/lib.linux-x86_64-2.7/uc2/formats/plt/plt_presenter.py -> /build/uniconvertor/pkg/uniconvertor/usr/lib/uniconvertor-2.0rc5/uc2/formats/plt
copying build/lib.linux-x86_64-2.7/uc2/formats/plt/plt_config.pyc -> /build/uniconvertor/pkg/uniconvertor/usr/lib/uniconvertor-2.0rc5/uc2/formats/plt
copying build/lib.linux-x86_64-2.7/uc2/formats/plt/plt_presenter.pyc -> /build/uniconvertor/pkg/uniconvertor/usr/lib/uniconvertor-2.0rc5/uc2/formats/plt
copying build/lib.linux-x86_64-2.7/uc2/formats/plt/plt_translators.pyc -> /build/uniconvertor/pkg/uniconvertor/usr/lib/uniconvertor-2.0rc5/uc2/formats/plt
copying build/lib.linux-x86_64-2.7/uc2/formats/plt/plt_model.pyc -> /build/uniconvertor/pkg/uniconvertor/usr/lib/uniconvertor-2.0rc5/uc2/formats/plt
copying build/lib.linux-x86_64-2.7/uc2/formats/plt/plt_model.py -> /build/uniconvertor/pkg/uniconvertor/usr/lib/uniconvertor-2.0rc5/uc2/formats/plt
copying build/lib.linux-x86_64-2.7/uc2/formats/plt/plt_filters.pyc -> /build/uniconvertor/pkg/uniconvertor/usr/lib/uniconvertor-2.0rc5/uc2/formats/plt
copying build/lib.linux-x86_64-2.7/uc2/formats/plt/plt_config.py -> /build/uniconvertor/pkg/uniconvertor/usr/lib/uniconvertor-2.0rc5/uc2/formats/plt
copying build/lib.linux-x86_64-2.7/uc2/formats/plt/__init__.pyc -> /build/uniconvertor/pkg/uniconvertor/usr/lib/uniconvertor-2.0rc5/uc2/formats/plt
copying build/lib.linux-x86_64-2.7/uc2/formats/plt/plt_filters.py -> /build/uniconvertor/pkg/uniconvertor/usr/lib/uniconvertor-2.0rc5/uc2/formats/plt
copying build/lib.linux-x86_64-2.7/uc2/formats/plt/plt_const.py -> /build/uniconvertor/pkg/uniconvertor/usr/lib/uniconvertor-2.0rc5/uc2/formats/plt
creating /build/uniconvertor/pkg/uniconvertor/usr/lib/uniconvertor-2.0rc5/uc2/formats/pes
copying build/lib.linux-x86_64-2.7/uc2/formats/pes/pes_filters.py -> /build/uniconvertor/pkg/uniconvertor/usr/lib/uniconvertor-2.0rc5/uc2/formats/pes
copying build/lib.linux-x86_64-2.7/uc2/formats/pes/__init__.py -> /build/uniconvertor/pkg/uniconvertor/usr/lib/uniconvertor-2.0rc5/uc2/formats/pes
copying build/lib.linux-x86_64-2.7/uc2/formats/pes/pes_const.py -> /build/uniconvertor/pkg/uniconvertor/usr/lib/uniconvertor-2.0rc5/uc2/formats/pes
copying build/lib.linux-x86_64-2.7/uc2/formats/pes/pes_colors.pyc -> /build/uniconvertor/pkg/uniconvertor/usr/lib/uniconvertor-2.0rc5/uc2/formats/pes
copying build/lib.linux-x86_64-2.7/uc2/formats/pes/pes_filters.pyc -> /build/uniconvertor/pkg/uniconvertor/usr/lib/uniconvertor-2.0rc5/uc2/formats/pes
copying build/lib.linux-x86_64-2.7/uc2/formats/pes/pes_translators.py -> /build/uniconvertor/pkg/uniconvertor/usr/lib/uniconvertor-2.0rc5/uc2/formats/pes
copying build/lib.linux-x86_64-2.7/uc2/formats/pes/pes_colors.py -> /build/uniconvertor/pkg/uniconvertor/usr/lib/uniconvertor-2.0rc5/uc2/formats/pes
copying build/lib.linux-x86_64-2.7/uc2/formats/pes/pes_datatype.pyc -> /build/uniconvertor/pkg/uniconvertor/usr/lib/uniconvertor-2.0rc5/uc2/formats/pes
copying build/lib.linux-x86_64-2.7/uc2/formats/pes/pes_presenter.pyc -> /build/uniconvertor/pkg/uniconvertor/usr/lib/uniconvertor-2.0rc5/uc2/formats/pes
copying build/lib.linux-x86_64-2.7/uc2/formats/pes/pes_const.pyc -> /build/uniconvertor/pkg/uniconvertor/usr/lib/uniconvertor-2.0rc5/uc2/formats/pes
copying build/lib.linux-x86_64-2.7/uc2/formats/pes/pes_presenter.py -> /build/uniconvertor/pkg/uniconvertor/usr/lib/uniconvertor-2.0rc5/uc2/formats/pes
copying build/lib.linux-x86_64-2.7/uc2/formats/pes/pes_model.pyc -> /build/uniconvertor/pkg/uniconvertor/usr/lib/uniconvertor-2.0rc5/uc2/formats/pes
copying build/lib.linux-x86_64-2.7/uc2/formats/pes/__init__.pyc -> /build/uniconvertor/pkg/uniconvertor/usr/lib/uniconvertor-2.0rc5/uc2/formats/pes
copying build/lib.linux-x86_64-2.7/uc2/formats/pes/pes_model.py -> /build/uniconvertor/pkg/uniconvertor/usr/lib/uniconvertor-2.0rc5/uc2/formats/pes
copying build/lib.linux-x86_64-2.7/uc2/formats/pes/pes_translators.pyc -> /build/uniconvertor/pkg/uniconvertor/usr/lib/uniconvertor-2.0rc5/uc2/formats/pes
copying build/lib.linux-x86_64-2.7/uc2/formats/pes/pes_config.pyc -> /build/uniconvertor/pkg/uniconvertor/usr/lib/uniconvertor-2.0rc5/uc2/formats/pes
copying build/lib.linux-x86_64-2.7/uc2/formats/pes/pes_config.py -> /build/uniconvertor/pkg/uniconvertor/usr/lib/uniconvertor-2.0rc5/uc2/formats/pes
copying build/lib.linux-x86_64-2.7/uc2/formats/pes/pes_datatype.py -> /build/uniconvertor/pkg/uniconvertor/usr/lib/uniconvertor-2.0rc5/uc2/formats/pes
creating /build/uniconvertor/pkg/uniconvertor/usr/lib/uniconvertor-2.0rc5/uc2/formats/svg
copying build/lib.linux-x86_64-2.7/uc2/formats/svg/svg_presenter.pyc -> /build/uniconvertor/pkg/uniconvertor/usr/lib/uniconvertor-2.0rc5/uc2/formats/svg
copying build/lib.linux-x86_64-2.7/uc2/formats/svg/__init__.py -> /build/uniconvertor/pkg/uniconvertor/usr/lib/uniconvertor-2.0rc5/uc2/formats/svg
copying build/lib.linux-x86_64-2.7/uc2/formats/svg/svg_methods.py -> /build/uniconvertor/pkg/uniconvertor/usr/lib/uniconvertor-2.0rc5/uc2/formats/svg
copying build/lib.linux-x86_64-2.7/uc2/formats/svg/svg_const.py -> /build/uniconvertor/pkg/uniconvertor/usr/lib/uniconvertor-2.0rc5/uc2/formats/svg
copying build/lib.linux-x86_64-2.7/uc2/formats/svg/svg_config.py -> /build/uniconvertor/pkg/uniconvertor/usr/lib/uniconvertor-2.0rc5/uc2/formats/svg
copying build/lib.linux-x86_64-2.7/uc2/formats/svg/svg_config.pyc -> /build/uniconvertor/pkg/uniconvertor/usr/lib/uniconvertor-2.0rc5/uc2/formats/svg
copying build/lib.linux-x86_64-2.7/uc2/formats/svg/svg_utils.py -> /build/uniconvertor/pkg/uniconvertor/usr/lib/uniconvertor-2.0rc5/uc2/formats/svg
copying build/lib.linux-x86_64-2.7/uc2/formats/svg/svg_utils.pyc -> /build/uniconvertor/pkg/uniconvertor/usr/lib/uniconvertor-2.0rc5/uc2/formats/svg
copying build/lib.linux-x86_64-2.7/uc2/formats/svg/svg_const.pyc -> /build/uniconvertor/pkg/uniconvertor/usr/lib/uniconvertor-2.0rc5/uc2/formats/svg
copying build/lib.linux-x86_64-2.7/uc2/formats/svg/svg_colors.py -> /build/uniconvertor/pkg/uniconvertor/usr/lib/uniconvertor-2.0rc5/uc2/formats/svg
copying build/lib.linux-x86_64-2.7/uc2/formats/svg/svg_methods.pyc -> /build/uniconvertor/pkg/uniconvertor/usr/lib/uniconvertor-2.0rc5/uc2/formats/svg
copying build/lib.linux-x86_64-2.7/uc2/formats/svg/svg_presenter.py -> /build/uniconvertor/pkg/uniconvertor/usr/lib/uniconvertor-2.0rc5/uc2/formats/svg
copying build/lib.linux-x86_64-2.7/uc2/formats/svg/__init__.pyc -> /build/uniconvertor/pkg/uniconvertor/usr/lib/uniconvertor-2.0rc5/uc2/formats/svg
copying build/lib.linux-x86_64-2.7/uc2/formats/svg/svg_translators.pyc -> /build/uniconvertor/pkg/uniconvertor/usr/lib/uniconvertor-2.0rc5/uc2/formats/svg
copying build/lib.linux-x86_64-2.7/uc2/formats/svg/svg_translators.py -> /build/uniconvertor/pkg/uniconvertor/usr/lib/uniconvertor-2.0rc5/uc2/formats/svg
copying build/lib.linux-x86_64-2.7/uc2/formats/svg/svg_colors.pyc -> /build/uniconvertor/pkg/uniconvertor/usr/lib/uniconvertor-2.0rc5/uc2/formats/svg
creating /build/uniconvertor/pkg/uniconvertor/usr/lib/uniconvertor-2.0rc5/uc2/formats/pdf
copying build/lib.linux-x86_64-2.7/uc2/formats/pdf/pdf_filters.py -> /build/uniconvertor/pkg/uniconvertor/usr/lib/uniconvertor-2.0rc5/uc2/formats/pdf
copying build/lib.linux-x86_64-2.7/uc2/formats/pdf/__init__.py -> /build/uniconvertor/pkg/uniconvertor/usr/lib/uniconvertor-2.0rc5/uc2/formats/pdf
copying build/lib.linux-x86_64-2.7/uc2/formats/pdf/pdfgen.py -> /build/uniconvertor/pkg/uniconvertor/usr/lib/uniconvertor-2.0rc5/uc2/formats/pdf
copying build/lib.linux-x86_64-2.7/uc2/formats/pdf/pdfgen.pyc -> /build/uniconvertor/pkg/uniconvertor/usr/lib/uniconvertor-2.0rc5/uc2/formats/pdf
copying build/lib.linux-x86_64-2.7/uc2/formats/pdf/pdfconst.py -> /build/uniconvertor/pkg/uniconvertor/usr/lib/uniconvertor-2.0rc5/uc2/formats/pdf
copying build/lib.linux-x86_64-2.7/uc2/formats/pdf/pdf_filters.pyc -> /build/uniconvertor/pkg/uniconvertor/usr/lib/uniconvertor-2.0rc5/uc2/formats/pdf
copying build/lib.linux-x86_64-2.7/uc2/formats/pdf/__init__.pyc -> /build/uniconvertor/pkg/uniconvertor/usr/lib/uniconvertor-2.0rc5/uc2/formats/pdf
copying build/lib.linux-x86_64-2.7/uc2/formats/pdf/pdfconst.pyc -> /build/uniconvertor/pkg/uniconvertor/usr/lib/uniconvertor-2.0rc5/uc2/formats/pdf
creating /build/uniconvertor/pkg/uniconvertor/usr/lib/uniconvertor-2.0rc5/uc2/formats/cdr
copying build/lib.linux-x86_64-2.7/uc2/formats/cdr/__init__.py -> /build/uniconvertor/pkg/uniconvertor/usr/lib/uniconvertor-2.0rc5/uc2/formats/cdr
copying build/lib.linux-x86_64-2.7/uc2/formats/cdr/cdr_config.py -> /build/uniconvertor/pkg/uniconvertor/usr/lib/uniconvertor-2.0rc5/uc2/formats/cdr
copying build/lib.linux-x86_64-2.7/uc2/formats/cdr/cdr_translators.pyc -> /build/uniconvertor/pkg/uniconvertor/usr/lib/uniconvertor-2.0rc5/uc2/formats/cdr
copying build/lib.linux-x86_64-2.7/uc2/formats/cdr/cdr_const.py -> /build/uniconvertor/pkg/uniconvertor/usr/lib/uniconvertor-2.0rc5/uc2/formats/cdr
copying build/lib.linux-x86_64-2.7/uc2/formats/cdr/cdr_filters.pyc -> /build/uniconvertor/pkg/uniconvertor/usr/lib/uniconvertor-2.0rc5/uc2/formats/cdr
copying build/lib.linux-x86_64-2.7/uc2/formats/cdr/cdr_utils.pyc -> /build/uniconvertor/pkg/uniconvertor/usr/lib/uniconvertor-2.0rc5/uc2/formats/cdr
copying build/lib.linux-x86_64-2.7/uc2/formats/cdr/cdr_utils.py -> /build/uniconvertor/pkg/uniconvertor/usr/lib/uniconvertor-2.0rc5/uc2/formats/cdr
copying build/lib.linux-x86_64-2.7/uc2/formats/cdr/cdr_filters.py -> /build/uniconvertor/pkg/uniconvertor/usr/lib/uniconvertor-2.0rc5/uc2/formats/cdr
copying build/lib.linux-x86_64-2.7/uc2/formats/cdr/cdr_model.pyc -> /build/uniconvertor/pkg/uniconvertor/usr/lib/uniconvertor-2.0rc5/uc2/formats/cdr
copying build/lib.linux-x86_64-2.7/uc2/formats/cdr/__init__.pyc -> /build/uniconvertor/pkg/uniconvertor/usr/lib/uniconvertor-2.0rc5/uc2/formats/cdr
copying build/lib.linux-x86_64-2.7/uc2/formats/cdr/cdr_const.pyc -> /build/uniconvertor/pkg/uniconvertor/usr/lib/uniconvertor-2.0rc5/uc2/formats/cdr
copying build/lib.linux-x86_64-2.7/uc2/formats/cdr/cdr_model.py -> /build/uniconvertor/pkg/uniconvertor/usr/lib/uniconvertor-2.0rc5/uc2/formats/cdr
copying build/lib.linux-x86_64-2.7/uc2/formats/cdr/cdr_presenter.py -> /build/uniconvertor/pkg/uniconvertor/usr/lib/uniconvertor-2.0rc5/uc2/formats/cdr
copying build/lib.linux-x86_64-2.7/uc2/formats/cdr/cdr_presenter.pyc -> /build/uniconvertor/pkg/uniconvertor/usr/lib/uniconvertor-2.0rc5/uc2/formats/cdr
copying build/lib.linux-x86_64-2.7/uc2/formats/cdr/cdr_config.pyc -> /build/uniconvertor/pkg/uniconvertor/usr/lib/uniconvertor-2.0rc5/uc2/formats/cdr
copying build/lib.linux-x86_64-2.7/uc2/formats/cdr/cdr_translators.py -> /build/uniconvertor/pkg/uniconvertor/usr/lib/uniconvertor-2.0rc5/uc2/formats/cdr
copying build/lib.linux-x86_64-2.7/uc2/formats/generic_filters.pyc -> /build/uniconvertor/pkg/uniconvertor/usr/lib/uniconvertor-2.0rc5/uc2/formats
creating /build/uniconvertor/pkg/uniconvertor/usr/lib/uniconvertor-2.0rc5/uc2/formats/soc
copying build/lib.linux-x86_64-2.7/uc2/formats/soc/__init__.py -> /build/uniconvertor/pkg/uniconvertor/usr/lib/uniconvertor-2.0rc5/uc2/formats/soc
copying build/lib.linux-x86_64-2.7/uc2/formats/soc/soc_model.py -> /build/uniconvertor/pkg/uniconvertor/usr/lib/uniconvertor-2.0rc5/uc2/formats/soc
copying build/lib.linux-x86_64-2.7/uc2/formats/soc/soc_config.pyc -> /build/uniconvertor/pkg/uniconvertor/usr/lib/uniconvertor-2.0rc5/uc2/formats/soc
copying build/lib.linux-x86_64-2.7/uc2/formats/soc/soc_presenter.pyc -> /build/uniconvertor/pkg/uniconvertor/usr/lib/uniconvertor-2.0rc5/uc2/formats/soc
copying build/lib.linux-x86_64-2.7/uc2/formats/soc/soc_presenter.py -> /build/uniconvertor/pkg/uniconvertor/usr/lib/uniconvertor-2.0rc5/uc2/formats/soc
copying build/lib.linux-x86_64-2.7/uc2/formats/soc/soc_const.pyc -> /build/uniconvertor/pkg/uniconvertor/usr/lib/uniconvertor-2.0rc5/uc2/formats/soc
copying build/lib.linux-x86_64-2.7/uc2/formats/soc/soc_filters.py -> /build/uniconvertor/pkg/uniconvertor/usr/lib/uniconvertor-2.0rc5/uc2/formats/soc
copying build/lib.linux-x86_64-2.7/uc2/formats/soc/soc_const.py -> /build/uniconvertor/pkg/uniconvertor/usr/lib/uniconvertor-2.0rc5/uc2/formats/soc
copying build/lib.linux-x86_64-2.7/uc2/formats/soc/soc_filters.pyc -> /build/uniconvertor/pkg/uniconvertor/usr/lib/uniconvertor-2.0rc5/uc2/formats/soc
copying build/lib.linux-x86_64-2.7/uc2/formats/soc/soc_config.py -> /build/uniconvertor/pkg/uniconvertor/usr/lib/uniconvertor-2.0rc5/uc2/formats/soc
copying build/lib.linux-x86_64-2.7/uc2/formats/soc/__init__.pyc -> /build/uniconvertor/pkg/uniconvertor/usr/lib/uniconvertor-2.0rc5/uc2/formats/soc
copying build/lib.linux-x86_64-2.7/uc2/formats/soc/soc_model.pyc -> /build/uniconvertor/pkg/uniconvertor/usr/lib/uniconvertor-2.0rc5/uc2/formats/soc
creating /build/uniconvertor/pkg/uniconvertor/usr/lib/uniconvertor-2.0rc5/uc2/formats/ase
copying build/lib.linux-x86_64-2.7/uc2/formats/ase/ase_config.pyc -> /build/uniconvertor/pkg/uniconvertor/usr/lib/uniconvertor-2.0rc5/uc2/formats/ase
copying build/lib.linux-x86_64-2.7/uc2/formats/ase/__init__.py -> /build/uniconvertor/pkg/uniconvertor/usr/lib/uniconvertor-2.0rc5/uc2/formats/ase
copying build/lib.linux-x86_64-2.7/uc2/formats/ase/ase_const.pyc -> /build/uniconvertor/pkg/uniconvertor/usr/lib/uniconvertor-2.0rc5/uc2/formats/ase
copying build/lib.linux-x86_64-2.7/uc2/formats/ase/ase_model.py -> /build/uniconvertor/pkg/uniconvertor/usr/lib/uniconvertor-2.0rc5/uc2/formats/ase
copying build/lib.linux-x86_64-2.7/uc2/formats/ase/ase_model.pyc -> /build/uniconvertor/pkg/uniconvertor/usr/lib/uniconvertor-2.0rc5/uc2/formats/ase
copying build/lib.linux-x86_64-2.7/uc2/formats/ase/ase_filters.pyc -> /build/uniconvertor/pkg/uniconvertor/usr/lib/uniconvertor-2.0rc5/uc2/formats/ase
copying build/lib.linux-x86_64-2.7/uc2/formats/ase/ase_presenter.py -> /build/uniconvertor/pkg/uniconvertor/usr/lib/uniconvertor-2.0rc5/uc2/formats/ase
copying build/lib.linux-x86_64-2.7/uc2/formats/ase/ase_config.py -> /build/uniconvertor/pkg/uniconvertor/usr/lib/uniconvertor-2.0rc5/uc2/formats/ase
copying build/lib.linux-x86_64-2.7/uc2/formats/ase/ase_const.py -> /build/uniconvertor/pkg/uniconvertor/usr/lib/uniconvertor-2.0rc5/uc2/formats/ase
copying build/lib.linux-x86_64-2.7/uc2/formats/ase/__init__.pyc -> /build/uniconvertor/pkg/uniconvertor/usr/lib/uniconvertor-2.0rc5/uc2/formats/ase
copying build/lib.linux-x86_64-2.7/uc2/formats/ase/ase_presenter.pyc -> /build/uniconvertor/pkg/uniconvertor/usr/lib/uniconvertor-2.0rc5/uc2/formats/ase
copying build/lib.linux-x86_64-2.7/uc2/formats/ase/ase_filters.py -> /build/uniconvertor/pkg/uniconvertor/usr/lib/uniconvertor-2.0rc5/uc2/formats/ase
creating /build/uniconvertor/pkg/uniconvertor/usr/lib/uniconvertor-2.0rc5/uc2/formats/cmx
copying build/lib.linux-x86_64-2.7/uc2/formats/cmx/cmx_config.py -> /build/uniconvertor/pkg/uniconvertor/usr/lib/uniconvertor-2.0rc5/uc2/formats/cmx
copying build/lib.linux-x86_64-2.7/uc2/formats/cmx/cmx_model.py -> /build/uniconvertor/pkg/uniconvertor/usr/lib/uniconvertor-2.0rc5/uc2/formats/cmx
copying build/lib.linux-x86_64-2.7/uc2/formats/cmx/__init__.py -> /build/uniconvertor/pkg/uniconvertor/usr/lib/uniconvertor-2.0rc5/uc2/formats/cmx
copying build/lib.linux-x86_64-2.7/uc2/formats/cmx/cmx_const.py -> /build/uniconvertor/pkg/uniconvertor/usr/lib/uniconvertor-2.0rc5/uc2/formats/cmx
copying build/lib.linux-x86_64-2.7/uc2/formats/cmx/cmx_instr.py -> /build/uniconvertor/pkg/uniconvertor/usr/lib/uniconvertor-2.0rc5/uc2/formats/cmx
copying build/lib.linux-x86_64-2.7/uc2/formats/cmx/cmx_presenter.py -> /build/uniconvertor/pkg/uniconvertor/usr/lib/uniconvertor-2.0rc5/uc2/formats/cmx
copying build/lib.linux-x86_64-2.7/uc2/formats/cmx/cmx_filters.pyc -> /build/uniconvertor/pkg/uniconvertor/usr/lib/uniconvertor-2.0rc5/uc2/formats/cmx
copying build/lib.linux-x86_64-2.7/uc2/formats/cmx/cmx_model.pyc -> /build/uniconvertor/pkg/uniconvertor/usr/lib/uniconvertor-2.0rc5/uc2/formats/cmx
copying build/lib.linux-x86_64-2.7/uc2/formats/cmx/cmx_instr.pyc -> /build/uniconvertor/pkg/uniconvertor/usr/lib/uniconvertor-2.0rc5/uc2/formats/cmx
copying build/lib.linux-x86_64-2.7/uc2/formats/cmx/cmx_const.pyc -> /build/uniconvertor/pkg/uniconvertor/usr/lib/uniconvertor-2.0rc5/uc2/formats/cmx
copying build/lib.linux-x86_64-2.7/uc2/formats/cmx/cmx_from_sk2.py -> /build/uniconvertor/pkg/uniconvertor/usr/lib/uniconvertor-2.0rc5/uc2/formats/cmx
copying build/lib.linux-x86_64-2.7/uc2/formats/cmx/cmx_presenter.pyc -> /build/uniconvertor/pkg/uniconvertor/usr/lib/uniconvertor-2.0rc5/uc2/formats/cmx
copying build/lib.linux-x86_64-2.7/uc2/formats/cmx/cmx_to_sk2.pyc -> /build/uniconvertor/pkg/uniconvertor/usr/lib/uniconvertor-2.0rc5/uc2/formats/cmx
copying build/lib.linux-x86_64-2.7/uc2/formats/cmx/cmx_filters.py -> /build/uniconvertor/pkg/uniconvertor/usr/lib/uniconvertor-2.0rc5/uc2/formats/cmx
copying build/lib.linux-x86_64-2.7/uc2/formats/cmx/__init__.pyc -> /build/uniconvertor/pkg/uniconvertor/usr/lib/uniconvertor-2.0rc5/uc2/formats/cmx
copying build/lib.linux-x86_64-2.7/uc2/formats/cmx/cmx_to_sk2.py -> /build/uniconvertor/pkg/uniconvertor/usr/lib/uniconvertor-2.0rc5/uc2/formats/cmx
copying build/lib.linux-x86_64-2.7/uc2/formats/cmx/cmx_from_sk2.pyc -> /build/uniconvertor/pkg/uniconvertor/usr/lib/uniconvertor-2.0rc5/uc2/formats/cmx
copying build/lib.linux-x86_64-2.7/uc2/formats/cmx/cmx_config.pyc -> /build/uniconvertor/pkg/uniconvertor/usr/lib/uniconvertor-2.0rc5/uc2/formats/cmx
creating /build/uniconvertor/pkg/uniconvertor/usr/lib/uniconvertor-2.0rc5/uc2/formats/xml_
copying build/lib.linux-x86_64-2.7/uc2/formats/xml_/__init__.py -> /build/uniconvertor/pkg/uniconvertor/usr/lib/uniconvertor-2.0rc5/uc2/formats/xml_
copying build/lib.linux-x86_64-2.7/uc2/formats/xml_/xml_presenter.py -> /build/uniconvertor/pkg/uniconvertor/usr/lib/uniconvertor-2.0rc5/uc2/formats/xml_
copying build/lib.linux-x86_64-2.7/uc2/formats/xml_/xml_model.pyc -> /build/uniconvertor/pkg/uniconvertor/usr/lib/uniconvertor-2.0rc5/uc2/formats/xml_
copying build/lib.linux-x86_64-2.7/uc2/formats/xml_/xml_config.pyc -> /build/uniconvertor/pkg/uniconvertor/usr/lib/uniconvertor-2.0rc5/uc2/formats/xml_
copying build/lib.linux-x86_64-2.7/uc2/formats/xml_/xml_model.py -> /build/uniconvertor/pkg/uniconvertor/usr/lib/uniconvertor-2.0rc5/uc2/formats/xml_
copying build/lib.linux-x86_64-2.7/uc2/formats/xml_/xml_filters.pyc -> /build/uniconvertor/pkg/uniconvertor/usr/lib/uniconvertor-2.0rc5/uc2/formats/xml_
copying build/lib.linux-x86_64-2.7/uc2/formats/xml_/xml_config.py -> /build/uniconvertor/pkg/uniconvertor/usr/lib/uniconvertor-2.0rc5/uc2/formats/xml_
copying build/lib.linux-x86_64-2.7/uc2/formats/xml_/xml_presenter.pyc -> /build/uniconvertor/pkg/uniconvertor/usr/lib/uniconvertor-2.0rc5/uc2/formats/xml_
copying build/lib.linux-x86_64-2.7/uc2/formats/xml_/__init__.pyc -> /build/uniconvertor/pkg/uniconvertor/usr/lib/uniconvertor-2.0rc5/uc2/formats/xml_
copying build/lib.linux-x86_64-2.7/uc2/formats/xml_/xml_filters.py -> /build/uniconvertor/pkg/uniconvertor/usr/lib/uniconvertor-2.0rc5/uc2/formats/xml_
creating /build/uniconvertor/pkg/uniconvertor/usr/lib/uniconvertor-2.0rc5/uc2/formats/wmf
copying build/lib.linux-x86_64-2.7/uc2/formats/wmf/wmf_const.pyc -> /build/uniconvertor/pkg/uniconvertor/usr/lib/uniconvertor-2.0rc5/uc2/formats/wmf
copying build/lib.linux-x86_64-2.7/uc2/formats/wmf/__init__.py -> /build/uniconvertor/pkg/uniconvertor/usr/lib/uniconvertor-2.0rc5/uc2/formats/wmf
copying build/lib.linux-x86_64-2.7/uc2/formats/wmf/wmf_hatches.pyc -> /build/uniconvertor/pkg/uniconvertor/usr/lib/uniconvertor-2.0rc5/uc2/formats/wmf
copying build/lib.linux-x86_64-2.7/uc2/formats/wmf/wmf_presenter.py -> /build/uniconvertor/pkg/uniconvertor/usr/lib/uniconvertor-2.0rc5/uc2/formats/wmf
copying build/lib.linux-x86_64-2.7/uc2/formats/wmf/wmf_config.pyc -> /build/uniconvertor/pkg/uniconvertor/usr/lib/uniconvertor-2.0rc5/uc2/formats/wmf
copying build/lib.linux-x86_64-2.7/uc2/formats/wmf/wmf_filters.py -> /build/uniconvertor/pkg/uniconvertor/usr/lib/uniconvertor-2.0rc5/uc2/formats/wmf
copying build/lib.linux-x86_64-2.7/uc2/formats/wmf/wmf_config.py -> /build/uniconvertor/pkg/uniconvertor/usr/lib/uniconvertor-2.0rc5/uc2/formats/wmf
copying build/lib.linux-x86_64-2.7/uc2/formats/wmf/wmf_model.py -> /build/uniconvertor/pkg/uniconvertor/usr/lib/uniconvertor-2.0rc5/uc2/formats/wmf
copying build/lib.linux-x86_64-2.7/uc2/formats/wmf/wmf_translators.pyc -> /build/uniconvertor/pkg/uniconvertor/usr/lib/uniconvertor-2.0rc5/uc2/formats/wmf
copying build/lib.linux-x86_64-2.7/uc2/formats/wmf/wmf_utils.pyc -> /build/uniconvertor/pkg/uniconvertor/usr/lib/uniconvertor-2.0rc5/uc2/formats/wmf
copying build/lib.linux-x86_64-2.7/uc2/formats/wmf/wmf_translators.py -> /build/uniconvertor/pkg/uniconvertor/usr/lib/uniconvertor-2.0rc5/uc2/formats/wmf
copying build/lib.linux-x86_64-2.7/uc2/formats/wmf/wmf_model.pyc -> /build/uniconvertor/pkg/uniconvertor/usr/lib/uniconvertor-2.0rc5/uc2/formats/wmf
copying build/lib.linux-x86_64-2.7/uc2/formats/wmf/__init__.pyc -> /build/uniconvertor/pkg/uniconvertor/usr/lib/uniconvertor-2.0rc5/uc2/formats/wmf
copying build/lib.linux-x86_64-2.7/uc2/formats/wmf/wmf_presenter.pyc -> /build/uniconvertor/pkg/uniconvertor/usr/lib/uniconvertor-2.0rc5/uc2/formats/wmf
copying build/lib.linux-x86_64-2.7/uc2/formats/wmf/wmf_hatches.py -> /build/uniconvertor/pkg/uniconvertor/usr/lib/uniconvertor-2.0rc5/uc2/formats/wmf
copying build/lib.linux-x86_64-2.7/uc2/formats/wmf/wmf_const.py -> /build/uniconvertor/pkg/uniconvertor/usr/lib/uniconvertor-2.0rc5/uc2/formats/wmf
copying build/lib.linux-x86_64-2.7/uc2/formats/wmf/wmf_filters.pyc -> /build/uniconvertor/pkg/uniconvertor/usr/lib/uniconvertor-2.0rc5/uc2/formats/wmf
copying build/lib.linux-x86_64-2.7/uc2/formats/wmf/wmf_utils.py -> /build/uniconvertor/pkg/uniconvertor/usr/lib/uniconvertor-2.0rc5/uc2/formats/wmf
creating /build/uniconvertor/pkg/uniconvertor/usr/lib/uniconvertor-2.0rc5/uc2/formats/pdxf
copying build/lib.linux-x86_64-2.7/uc2/formats/pdxf/pdxf_cms.pyc -> /build/uniconvertor/pkg/uniconvertor/usr/lib/uniconvertor-2.0rc5/uc2/formats/pdxf
copying build/lib.linux-x86_64-2.7/uc2/formats/pdxf/pdxf_config.pyc -> /build/uniconvertor/pkg/uniconvertor/usr/lib/uniconvertor-2.0rc5/uc2/formats/pdxf
copying build/lib.linux-x86_64-2.7/uc2/formats/pdxf/__init__.py -> /build/uniconvertor/pkg/uniconvertor/usr/lib/uniconvertor-2.0rc5/uc2/formats/pdxf
copying build/lib.linux-x86_64-2.7/uc2/formats/pdxf/resmngr.py -> /build/uniconvertor/pkg/uniconvertor/usr/lib/uniconvertor-2.0rc5/uc2/formats/pdxf
copying build/lib.linux-x86_64-2.7/uc2/formats/pdxf/presenter.py -> /build/uniconvertor/pkg/uniconvertor/usr/lib/uniconvertor-2.0rc5/uc2/formats/pdxf
copying build/lib.linux-x86_64-2.7/uc2/formats/pdxf/presenter.pyc -> /build/uniconvertor/pkg/uniconvertor/usr/lib/uniconvertor-2.0rc5/uc2/formats/pdxf
copying build/lib.linux-x86_64-2.7/uc2/formats/pdxf/pdxf_filters.pyc -> /build/uniconvertor/pkg/uniconvertor/usr/lib/uniconvertor-2.0rc5/uc2/formats/pdxf
copying build/lib.linux-x86_64-2.7/uc2/formats/pdxf/methods.pyc -> /build/uniconvertor/pkg/uniconvertor/usr/lib/uniconvertor-2.0rc5/uc2/formats/pdxf
copying build/lib.linux-x86_64-2.7/uc2/formats/pdxf/pdxf_cms.py -> /build/uniconvertor/pkg/uniconvertor/usr/lib/uniconvertor-2.0rc5/uc2/formats/pdxf
copying build/lib.linux-x86_64-2.7/uc2/formats/pdxf/crenderer.pyc -> /build/uniconvertor/pkg/uniconvertor/usr/lib/uniconvertor-2.0rc5/uc2/formats/pdxf
copying build/lib.linux-x86_64-2.7/uc2/formats/pdxf/pdxf_config.py -> /build/uniconvertor/pkg/uniconvertor/usr/lib/uniconvertor-2.0rc5/uc2/formats/pdxf
copying build/lib.linux-x86_64-2.7/uc2/formats/pdxf/__init__.pyc -> /build/uniconvertor/pkg/uniconvertor/usr/lib/uniconvertor-2.0rc5/uc2/formats/pdxf
copying build/lib.linux-x86_64-2.7/uc2/formats/pdxf/model.py -> /build/uniconvertor/pkg/uniconvertor/usr/lib/uniconvertor-2.0rc5/uc2/formats/pdxf
copying build/lib.linux-x86_64-2.7/uc2/formats/pdxf/model.pyc -> /build/uniconvertor/pkg/uniconvertor/usr/lib/uniconvertor-2.0rc5/uc2/formats/pdxf
copying build/lib.linux-x86_64-2.7/uc2/formats/pdxf/crenderer.py -> /build/uniconvertor/pkg/uniconvertor/usr/lib/uniconvertor-2.0rc5/uc2/formats/pdxf
copying build/lib.linux-x86_64-2.7/uc2/formats/pdxf/const.pyc -> /build/uniconvertor/pkg/uniconvertor/usr/lib/uniconvertor-2.0rc5/uc2/formats/pdxf
copying build/lib.linux-x86_64-2.7/uc2/formats/pdxf/methods.py -> /build/uniconvertor/pkg/uniconvertor/usr/lib/uniconvertor-2.0rc5/uc2/formats/pdxf
copying build/lib.linux-x86_64-2.7/uc2/formats/pdxf/pdxf_filters.py -> /build/uniconvertor/pkg/uniconvertor/usr/lib/uniconvertor-2.0rc5/uc2/formats/pdxf
copying build/lib.linux-x86_64-2.7/uc2/formats/pdxf/const.py -> /build/uniconvertor/pkg/uniconvertor/usr/lib/uniconvertor-2.0rc5/uc2/formats/pdxf
copying build/lib.linux-x86_64-2.7/uc2/formats/pdxf/resmngr.pyc -> /build/uniconvertor/pkg/uniconvertor/usr/lib/uniconvertor-2.0rc5/uc2/formats/pdxf
creating /build/uniconvertor/pkg/uniconvertor/usr/lib/uniconvertor-2.0rc5/uc2/formats/sk
copying build/lib.linux-x86_64-2.7/uc2/formats/sk/__init__.py -> /build/uniconvertor/pkg/uniconvertor/usr/lib/uniconvertor-2.0rc5/uc2/formats/sk
copying build/lib.linux-x86_64-2.7/uc2/formats/sk/sk_model.py -> /build/uniconvertor/pkg/uniconvertor/usr/lib/uniconvertor-2.0rc5/uc2/formats/sk
copying build/lib.linux-x86_64-2.7/uc2/formats/sk/sk_filters.py -> /build/uniconvertor/pkg/uniconvertor/usr/lib/uniconvertor-2.0rc5/uc2/formats/sk
copying build/lib.linux-x86_64-2.7/uc2/formats/sk/sk_filters.pyc -> /build/uniconvertor/pkg/uniconvertor/usr/lib/uniconvertor-2.0rc5/uc2/formats/sk
copying build/lib.linux-x86_64-2.7/uc2/formats/sk/sk_translators.py -> /build/uniconvertor/pkg/uniconvertor/usr/lib/uniconvertor-2.0rc5/uc2/formats/sk
copying build/lib.linux-x86_64-2.7/uc2/formats/sk/sk_methods.pyc -> /build/uniconvertor/pkg/uniconvertor/usr/lib/uniconvertor-2.0rc5/uc2/formats/sk
copying build/lib.linux-x86_64-2.7/uc2/formats/sk/sk_presenter.pyc -> /build/uniconvertor/pkg/uniconvertor/usr/lib/uniconvertor-2.0rc5/uc2/formats/sk
copying build/lib.linux-x86_64-2.7/uc2/formats/sk/sk_config.py -> /build/uniconvertor/pkg/uniconvertor/usr/lib/uniconvertor-2.0rc5/uc2/formats/sk
copying build/lib.linux-x86_64-2.7/uc2/formats/sk/sk_translators.pyc -> /build/uniconvertor/pkg/uniconvertor/usr/lib/uniconvertor-2.0rc5/uc2/formats/sk
copying build/lib.linux-x86_64-2.7/uc2/formats/sk/sk_const.py -> /build/uniconvertor/pkg/uniconvertor/usr/lib/uniconvertor-2.0rc5/uc2/formats/sk
copying build/lib.linux-x86_64-2.7/uc2/formats/sk/sk_model.pyc -> /build/uniconvertor/pkg/uniconvertor/usr/lib/uniconvertor-2.0rc5/uc2/formats/sk
copying build/lib.linux-x86_64-2.7/uc2/formats/sk/__init__.pyc -> /build/uniconvertor/pkg/uniconvertor/usr/lib/uniconvertor-2.0rc5/uc2/formats/sk
copying build/lib.linux-x86_64-2.7/uc2/formats/sk/sk_presenter.py -> /build/uniconvertor/pkg/uniconvertor/usr/lib/uniconvertor-2.0rc5/uc2/formats/sk
copying build/lib.linux-x86_64-2.7/uc2/formats/sk/sk_config.pyc -> /build/uniconvertor/pkg/uniconvertor/usr/lib/uniconvertor-2.0rc5/uc2/formats/sk
copying build/lib.linux-x86_64-2.7/uc2/formats/sk/sk_methods.py -> /build/uniconvertor/pkg/uniconvertor/usr/lib/uniconvertor-2.0rc5/uc2/formats/sk
copying build/lib.linux-x86_64-2.7/uc2/formats/sk/sk_const.pyc -> /build/uniconvertor/pkg/uniconvertor/usr/lib/uniconvertor-2.0rc5/uc2/formats/sk
copying build/lib.linux-x86_64-2.7/uc2/formats/generic.py -> /build/uniconvertor/pkg/uniconvertor/usr/lib/uniconvertor-2.0rc5/uc2/formats
creating /build/uniconvertor/pkg/uniconvertor/usr/lib/uniconvertor-2.0rc5/uc2/formats/riff
copying build/lib.linux-x86_64-2.7/uc2/formats/riff/__init__.py -> /build/uniconvertor/pkg/uniconvertor/usr/lib/uniconvertor-2.0rc5/uc2/formats/riff
copying build/lib.linux-x86_64-2.7/uc2/formats/riff/riff_filters.pyc -> /build/uniconvertor/pkg/uniconvertor/usr/lib/uniconvertor-2.0rc5/uc2/formats/riff
copying build/lib.linux-x86_64-2.7/uc2/formats/riff/presenter.py -> /build/uniconvertor/pkg/uniconvertor/usr/lib/uniconvertor-2.0rc5/uc2/formats/riff
copying build/lib.linux-x86_64-2.7/uc2/formats/riff/presenter.pyc -> /build/uniconvertor/pkg/uniconvertor/usr/lib/uniconvertor-2.0rc5/uc2/formats/riff
copying build/lib.linux-x86_64-2.7/uc2/formats/riff/riff_config.pyc -> /build/uniconvertor/pkg/uniconvertor/usr/lib/uniconvertor-2.0rc5/uc2/formats/riff
copying build/lib.linux-x86_64-2.7/uc2/formats/riff/stub.pyc -> /build/uniconvertor/pkg/uniconvertor/usr/lib/uniconvertor-2.0rc5/uc2/formats/riff
copying build/lib.linux-x86_64-2.7/uc2/formats/riff/riff_filters.py -> /build/uniconvertor/pkg/uniconvertor/usr/lib/uniconvertor-2.0rc5/uc2/formats/riff
copying build/lib.linux-x86_64-2.7/uc2/formats/riff/stub.py -> /build/uniconvertor/pkg/uniconvertor/usr/lib/uniconvertor-2.0rc5/uc2/formats/riff
copying build/lib.linux-x86_64-2.7/uc2/formats/riff/__init__.pyc -> /build/uniconvertor/pkg/uniconvertor/usr/lib/uniconvertor-2.0rc5/uc2/formats/riff
copying build/lib.linux-x86_64-2.7/uc2/formats/riff/model.py -> /build/uniconvertor/pkg/uniconvertor/usr/lib/uniconvertor-2.0rc5/uc2/formats/riff
copying build/lib.linux-x86_64-2.7/uc2/formats/riff/model.pyc -> /build/uniconvertor/pkg/uniconvertor/usr/lib/uniconvertor-2.0rc5/uc2/formats/riff
copying build/lib.linux-x86_64-2.7/uc2/formats/riff/riff_config.py -> /build/uniconvertor/pkg/uniconvertor/usr/lib/uniconvertor-2.0rc5/uc2/formats/riff
copying build/lib.linux-x86_64-2.7/uc2/formats/__init__.pyc -> /build/uniconvertor/pkg/uniconvertor/usr/lib/uniconvertor-2.0rc5/uc2/formats
creating /build/uniconvertor/pkg/uniconvertor/usr/lib/uniconvertor-2.0rc5/uc2/formats/xar
copying build/lib.linux-x86_64-2.7/uc2/formats/xar/xar_config.pyc -> /build/uniconvertor/pkg/uniconvertor/usr/lib/uniconvertor-2.0rc5/uc2/formats/xar
copying build/lib.linux-x86_64-2.7/uc2/formats/xar/__init__.py -> /build/uniconvertor/pkg/uniconvertor/usr/lib/uniconvertor-2.0rc5/uc2/formats/xar
copying build/lib.linux-x86_64-2.7/uc2/formats/xar/zipio.pyc -> /build/uniconvertor/pkg/uniconvertor/usr/lib/uniconvertor-2.0rc5/uc2/formats/xar
copying build/lib.linux-x86_64-2.7/uc2/formats/xar/xar_model.pyc -> /build/uniconvertor/pkg/uniconvertor/usr/lib/uniconvertor-2.0rc5/uc2/formats/xar
copying build/lib.linux-x86_64-2.7/uc2/formats/xar/xar_method.pyc -> /build/uniconvertor/pkg/uniconvertor/usr/lib/uniconvertor-2.0rc5/uc2/formats/xar
copying build/lib.linux-x86_64-2.7/uc2/formats/xar/xar_config.py -> /build/uniconvertor/pkg/uniconvertor/usr/lib/uniconvertor-2.0rc5/uc2/formats/xar
copying build/lib.linux-x86_64-2.7/uc2/formats/xar/xar_const.pyc -> /build/uniconvertor/pkg/uniconvertor/usr/lib/uniconvertor-2.0rc5/uc2/formats/xar
copying build/lib.linux-x86_64-2.7/uc2/formats/xar/xar_datatype.py -> /build/uniconvertor/pkg/uniconvertor/usr/lib/uniconvertor-2.0rc5/uc2/formats/xar
copying build/lib.linux-x86_64-2.7/uc2/formats/xar/xar_method.py -> /build/uniconvertor/pkg/uniconvertor/usr/lib/uniconvertor-2.0rc5/uc2/formats/xar
copying build/lib.linux-x86_64-2.7/uc2/formats/xar/xar_filters.py -> /build/uniconvertor/pkg/uniconvertor/usr/lib/uniconvertor-2.0rc5/uc2/formats/xar
copying build/lib.linux-x86_64-2.7/uc2/formats/xar/__init__.pyc -> /build/uniconvertor/pkg/uniconvertor/usr/lib/uniconvertor-2.0rc5/uc2/formats/xar
copying build/lib.linux-x86_64-2.7/uc2/formats/xar/xar_presenter.py -> /build/uniconvertor/pkg/uniconvertor/usr/lib/uniconvertor-2.0rc5/uc2/formats/xar
copying build/lib.linux-x86_64-2.7/uc2/formats/xar/xar_presenter.pyc -> /build/uniconvertor/pkg/uniconvertor/usr/lib/uniconvertor-2.0rc5/uc2/formats/xar
copying build/lib.linux-x86_64-2.7/uc2/formats/xar/xar_model.py -> /build/uniconvertor/pkg/uniconvertor/usr/lib/uniconvertor-2.0rc5/uc2/formats/xar
copying build/lib.linux-x86_64-2.7/uc2/formats/xar/zipio.py -> /build/uniconvertor/pkg/uniconvertor/usr/lib/uniconvertor-2.0rc5/uc2/formats/xar
copying build/lib.linux-x86_64-2.7/uc2/formats/xar/xar_const.py -> /build/uniconvertor/pkg/uniconvertor/usr/lib/uniconvertor-2.0rc5/uc2/formats/xar
copying build/lib.linux-x86_64-2.7/uc2/formats/xar/xar_filters.pyc -> /build/uniconvertor/pkg/uniconvertor/usr/lib/uniconvertor-2.0rc5/uc2/formats/xar
copying build/lib.linux-x86_64-2.7/uc2/formats/xar/xar_datatype.pyc -> /build/uniconvertor/pkg/uniconvertor/usr/lib/uniconvertor-2.0rc5/uc2/formats/xar
copying build/lib.linux-x86_64-2.7/uc2/formats/xar/xar_translators.pyc -> /build/uniconvertor/pkg/uniconvertor/usr/lib/uniconvertor-2.0rc5/uc2/formats/xar
copying build/lib.linux-x86_64-2.7/uc2/formats/xar/xar_translators.py -> /build/uniconvertor/pkg/uniconvertor/usr/lib/uniconvertor-2.0rc5/uc2/formats/xar
creating /build/uniconvertor/pkg/uniconvertor/usr/lib/uniconvertor-2.0rc5/uc2/formats/md
copying build/lib.linux-x86_64-2.7/uc2/formats/md/md_presenter.py -> /build/uniconvertor/pkg/uniconvertor/usr/lib/uniconvertor-2.0rc5/uc2/formats/md
copying build/lib.linux-x86_64-2.7/uc2/formats/md/__init__.py -> /build/uniconvertor/pkg/uniconvertor/usr/lib/uniconvertor-2.0rc5/uc2/formats/md
copying build/lib.linux-x86_64-2.7/uc2/formats/md/md_model.py -> /build/uniconvertor/pkg/uniconvertor/usr/lib/uniconvertor-2.0rc5/uc2/formats/md
copying build/lib.linux-x86_64-2.7/uc2/formats/md/md_model.pyc -> /build/uniconvertor/pkg/uniconvertor/usr/lib/uniconvertor-2.0rc5/uc2/formats/md
copying build/lib.linux-x86_64-2.7/uc2/formats/md/md_presenter.pyc -> /build/uniconvertor/pkg/uniconvertor/usr/lib/uniconvertor-2.0rc5/uc2/formats/md
copying build/lib.linux-x86_64-2.7/uc2/formats/md/__init__.pyc -> /build/uniconvertor/pkg/uniconvertor/usr/lib/uniconvertor-2.0rc5/uc2/formats/md
copying build/lib.linux-x86_64-2.7/uc2/formats/fallback.pyc -> /build/uniconvertor/pkg/uniconvertor/usr/lib/uniconvertor-2.0rc5/uc2/formats
creating /build/uniconvertor/pkg/uniconvertor/usr/lib/uniconvertor-2.0rc5/uc2/formats/cgm
copying build/lib.linux-x86_64-2.7/uc2/formats/cgm/cgm_config.pyc -> /build/uniconvertor/pkg/uniconvertor/usr/lib/uniconvertor-2.0rc5/uc2/formats/cgm
copying build/lib.linux-x86_64-2.7/uc2/formats/cgm/cgm_const.py -> /build/uniconvertor/pkg/uniconvertor/usr/lib/uniconvertor-2.0rc5/uc2/formats/cgm
copying build/lib.linux-x86_64-2.7/uc2/formats/cgm/__init__.py -> /build/uniconvertor/pkg/uniconvertor/usr/lib/uniconvertor-2.0rc5/uc2/formats/cgm
copying build/lib.linux-x86_64-2.7/uc2/formats/cgm/cgm_filters.pyc -> /build/uniconvertor/pkg/uniconvertor/usr/lib/uniconvertor-2.0rc5/uc2/formats/cgm
copying build/lib.linux-x86_64-2.7/uc2/formats/cgm/cgm_to_sk2.py -> /build/uniconvertor/pkg/uniconvertor/usr/lib/uniconvertor-2.0rc5/uc2/formats/cgm
copying build/lib.linux-x86_64-2.7/uc2/formats/cgm/cgm_model.py -> /build/uniconvertor/pkg/uniconvertor/usr/lib/uniconvertor-2.0rc5/uc2/formats/cgm
copying build/lib.linux-x86_64-2.7/uc2/formats/cgm/cgm_utils.pyc -> /build/uniconvertor/pkg/uniconvertor/usr/lib/uniconvertor-2.0rc5/uc2/formats/cgm
copying build/lib.linux-x86_64-2.7/uc2/formats/cgm/cgm_filters.py -> /build/uniconvertor/pkg/uniconvertor/usr/lib/uniconvertor-2.0rc5/uc2/formats/cgm
copying build/lib.linux-x86_64-2.7/uc2/formats/cgm/cgm_from_sk2.pyc -> /build/uniconvertor/pkg/uniconvertor/usr/lib/uniconvertor-2.0rc5/uc2/formats/cgm
copying build/lib.linux-x86_64-2.7/uc2/formats/cgm/cgm_const.pyc -> /build/uniconvertor/pkg/uniconvertor/usr/lib/uniconvertor-2.0rc5/uc2/formats/cgm
copying build/lib.linux-x86_64-2.7/uc2/formats/cgm/cgm_presenter.pyc -> /build/uniconvertor/pkg/uniconvertor/usr/lib/uniconvertor-2.0rc5/uc2/formats/cgm
copying build/lib.linux-x86_64-2.7/uc2/formats/cgm/cgm_from_sk2.py -> /build/uniconvertor/pkg/uniconvertor/usr/lib/uniconvertor-2.0rc5/uc2/formats/cgm
copying build/lib.linux-x86_64-2.7/uc2/formats/cgm/__init__.pyc -> /build/uniconvertor/pkg/uniconvertor/usr/lib/uniconvertor-2.0rc5/uc2/formats/cgm
copying build/lib.linux-x86_64-2.7/uc2/formats/cgm/cgm_config.py -> /build/uniconvertor/pkg/uniconvertor/usr/lib/uniconvertor-2.0rc5/uc2/formats/cgm
copying build/lib.linux-x86_64-2.7/uc2/formats/cgm/cgm_model.pyc -> /build/uniconvertor/pkg/uniconvertor/usr/lib/uniconvertor-2.0rc5/uc2/formats/cgm
copying build/lib.linux-x86_64-2.7/uc2/formats/cgm/cgm_utils.py -> /build/uniconvertor/pkg/uniconvertor/usr/lib/uniconvertor-2.0rc5/uc2/formats/cgm
copying build/lib.linux-x86_64-2.7/uc2/formats/cgm/cgm_presenter.py -> /build/uniconvertor/pkg/uniconvertor/usr/lib/uniconvertor-2.0rc5/uc2/formats/cgm
copying build/lib.linux-x86_64-2.7/uc2/formats/cgm/cgm_to_sk2.pyc -> /build/uniconvertor/pkg/uniconvertor/usr/lib/uniconvertor-2.0rc5/uc2/formats/cgm
copying build/lib.linux-x86_64-2.7/uc2/formats/fallback.py -> /build/uniconvertor/pkg/uniconvertor/usr/lib/uniconvertor-2.0rc5/uc2/formats
creating /build/uniconvertor/pkg/uniconvertor/usr/lib/uniconvertor-2.0rc5/uc2/formats/png
copying build/lib.linux-x86_64-2.7/uc2/formats/png/__init__.py -> /build/uniconvertor/pkg/uniconvertor/usr/lib/uniconvertor-2.0rc5/uc2/formats/png
copying build/lib.linux-x86_64-2.7/uc2/formats/png/__init__.pyc -> /build/uniconvertor/pkg/uniconvertor/usr/lib/uniconvertor-2.0rc5/uc2/formats/png
copying build/lib.linux-x86_64-2.7/uc2/sk2const.py -> /build/uniconvertor/pkg/uniconvertor/usr/lib/uniconvertor-2.0rc5/uc2
creating /build/uniconvertor/pkg/uniconvertor/usr/lib/uniconvertor-2.0rc5/uc2/utils
copying build/lib.linux-x86_64-2.7/uc2/utils/__init__.py -> /build/uniconvertor/pkg/uniconvertor/usr/lib/uniconvertor-2.0rc5/uc2/utils
copying build/lib.linux-x86_64-2.7/uc2/utils/translator.pyc -> /build/uniconvertor/pkg/uniconvertor/usr/lib/uniconvertor-2.0rc5/uc2/utils
copying build/lib.linux-x86_64-2.7/uc2/utils/mixutils.py -> /build/uniconvertor/pkg/uniconvertor/usr/lib/uniconvertor-2.0rc5/uc2/utils
copying build/lib.linux-x86_64-2.7/uc2/utils/system.pyc -> /build/uniconvertor/pkg/uniconvertor/usr/lib/uniconvertor-2.0rc5/uc2/utils
copying build/lib.linux-x86_64-2.7/uc2/utils/fsutils.py -> /build/uniconvertor/pkg/uniconvertor/usr/lib/uniconvertor-2.0rc5/uc2/utils
copying build/lib.linux-x86_64-2.7/uc2/utils/sconfig.py -> /build/uniconvertor/pkg/uniconvertor/usr/lib/uniconvertor-2.0rc5/uc2/utils
copying build/lib.linux-x86_64-2.7/uc2/utils/mixutils.pyc -> /build/uniconvertor/pkg/uniconvertor/usr/lib/uniconvertor-2.0rc5/uc2/utils
copying build/lib.linux-x86_64-2.7/uc2/utils/translator.py -> /build/uniconvertor/pkg/uniconvertor/usr/lib/uniconvertor-2.0rc5/uc2/utils
copying build/lib.linux-x86_64-2.7/uc2/utils/system.py -> /build/uniconvertor/pkg/uniconvertor/usr/lib/uniconvertor-2.0rc5/uc2/utils
copying build/lib.linux-x86_64-2.7/uc2/utils/fsutils.pyc -> /build/uniconvertor/pkg/uniconvertor/usr/lib/uniconvertor-2.0rc5/uc2/utils
copying build/lib.linux-x86_64-2.7/uc2/utils/msw_utils.pyc -> /build/uniconvertor/pkg/uniconvertor/usr/lib/uniconvertor-2.0rc5/uc2/utils
copying build/lib.linux-x86_64-2.7/uc2/utils/msw_utils.py -> /build/uniconvertor/pkg/uniconvertor/usr/lib/uniconvertor-2.0rc5/uc2/utils
copying build/lib.linux-x86_64-2.7/uc2/utils/__init__.pyc -> /build/uniconvertor/pkg/uniconvertor/usr/lib/uniconvertor-2.0rc5/uc2/utils
copying build/lib.linux-x86_64-2.7/uc2/utils/config.pyc -> /build/uniconvertor/pkg/uniconvertor/usr/lib/uniconvertor-2.0rc5/uc2/utils
copying build/lib.linux-x86_64-2.7/uc2/utils/config.py -> /build/uniconvertor/pkg/uniconvertor/usr/lib/uniconvertor-2.0rc5/uc2/utils
copying build/lib.linux-x86_64-2.7/uc2/utils/sconfig.pyc -> /build/uniconvertor/pkg/uniconvertor/usr/lib/uniconvertor-2.0rc5/uc2/utils
copying build/lib.linux-x86_64-2.7/uc2/uc2const.pyc -> /build/uniconvertor/pkg/uniconvertor/usr/lib/uniconvertor-2.0rc5/uc2
creating /build/uniconvertor/pkg/uniconvertor/usr/lib/uniconvertor-2.0rc5/uc2/libimg
copying build/lib.linux-x86_64-2.7/uc2/libimg/_libimg.so -> /build/uniconvertor/pkg/uniconvertor/usr/lib/uniconvertor-2.0rc5/uc2/libimg
copying build/lib.linux-x86_64-2.7/uc2/libimg/__init__.py -> /build/uniconvertor/pkg/uniconvertor/usr/lib/uniconvertor-2.0rc5/uc2/libimg
copying build/lib.linux-x86_64-2.7/uc2/libimg/handlers.pyc -> /build/uniconvertor/pkg/uniconvertor/usr/lib/uniconvertor-2.0rc5/uc2/libimg
copying build/lib.linux-x86_64-2.7/uc2/libimg/handlers.py -> /build/uniconvertor/pkg/uniconvertor/usr/lib/uniconvertor-2.0rc5/uc2/libimg
copying build/lib.linux-x86_64-2.7/uc2/libimg/__init__.pyc -> /build/uniconvertor/pkg/uniconvertor/usr/lib/uniconvertor-2.0rc5/uc2/libimg
copying build/lib.linux-x86_64-2.7/uc2/libimg/magickwand.pyc -> /build/uniconvertor/pkg/uniconvertor/usr/lib/uniconvertor-2.0rc5/uc2/libimg
copying build/lib.linux-x86_64-2.7/uc2/libimg/magickwand.py -> /build/uniconvertor/pkg/uniconvertor/usr/lib/uniconvertor-2.0rc5/uc2/libimg
copying build/lib.linux-x86_64-2.7/uc2/app_cms.py -> /build/uniconvertor/pkg/uniconvertor/usr/lib/uniconvertor-2.0rc5/uc2
writing byte-compilation script '/tmp/tmpJKo_u7.py'
/usr/bin/python2 -O /tmp/tmpJKo_u7.py
removing /tmp/tmpJKo_u7.py
running install_scripts
creating /build/uniconvertor/pkg/uniconvertor/usr/bin
copying build/scripts-2.7/uniconvertor -> /build/uniconvertor/pkg/uniconvertor/usr/bin
copying build/scripts-2.7/uc2 -> /build/uniconvertor/pkg/uniconvertor/usr/bin
changing mode of /build/uniconvertor/pkg/uniconvertor/usr/bin/uniconvertor to 755
changing mode of /build/uniconvertor/pkg/uniconvertor/usr/bin/uc2 to 755
running install_data
copying LICENSE -> /build/uniconvertor/pkg/uniconvertor/usr/lib/uniconvertor-2.0rc5
running install_egg_info
Writing /build/uniconvertor/pkg/uniconvertor/usr/lib/uniconvertor-2.0rc5/uniconvertor-2.0rc5-py2.7.egg-info
