running build
running build_py
creating build
creating build/lib.linux-x86_64-2.7
creating build/lib.linux-x86_64-2.7/uc2
creating build/lib.linux-x86_64-2.7/uc2/cmds
copying src/uc2/cmds/configure.py -> build/lib.linux-x86_64-2.7/uc2/cmds
copying src/uc2/cmds/help.py -> build/lib.linux-x86_64-2.7/uc2/cmds
copying src/uc2/cmds/__init__.py -> build/lib.linux-x86_64-2.7/uc2/cmds
copying src/uc2/cmds/translate.py -> build/lib.linux-x86_64-2.7/uc2/cmds
copying src/uc2/cmds/const.py -> build/lib.linux-x86_64-2.7/uc2/cmds
copying src/uc2/cmds/parts.py -> build/lib.linux-x86_64-2.7/uc2/cmds
creating build/lib.linux-x86_64-2.7/uc2/cms
copying src/uc2/cms/__init__.py -> build/lib.linux-x86_64-2.7/uc2/cms
copying src/uc2/cms/gray_profile_rc.py -> build/lib.linux-x86_64-2.7/uc2/cms
copying src/uc2/cms/display_profile_rc.py -> build/lib.linux-x86_64-2.7/uc2/cms
copying src/uc2/cms/cmyk_profile_rc.py -> build/lib.linux-x86_64-2.7/uc2/cms
copying src/uc2/cms/srgb_profile_rc.py -> build/lib.linux-x86_64-2.7/uc2/cms
copying src/uc2/cms/libcms.py -> build/lib.linux-x86_64-2.7/uc2/cms
copying src/uc2/cms/lab_profile_rc.py -> build/lib.linux-x86_64-2.7/uc2/cms
creating build/lib.linux-x86_64-2.7/uc2/formats
copying src/uc2/formats/__init__.py -> build/lib.linux-x86_64-2.7/uc2/formats
copying src/uc2/formats/generic_filters.py -> build/lib.linux-x86_64-2.7/uc2/formats
copying src/uc2/formats/generic.py -> build/lib.linux-x86_64-2.7/uc2/formats
copying src/uc2/formats/fallback.py -> build/lib.linux-x86_64-2.7/uc2/formats
creating build/lib.linux-x86_64-2.7/uc2/formats/aco
copying src/uc2/formats/aco/__init__.py -> build/lib.linux-x86_64-2.7/uc2/formats/aco
copying src/uc2/formats/aco/aco_presenter.py -> build/lib.linux-x86_64-2.7/uc2/formats/aco
copying src/uc2/formats/aco/aco_filters.py -> build/lib.linux-x86_64-2.7/uc2/formats/aco
copying src/uc2/formats/aco/aco_model.py -> build/lib.linux-x86_64-2.7/uc2/formats/aco
copying src/uc2/formats/aco/aco_config.py -> build/lib.linux-x86_64-2.7/uc2/formats/aco
copying src/uc2/formats/aco/aco_const.py -> build/lib.linux-x86_64-2.7/uc2/formats/aco
creating build/lib.linux-x86_64-2.7/uc2/formats/ase
copying src/uc2/formats/ase/__init__.py -> build/lib.linux-x86_64-2.7/uc2/formats/ase
copying src/uc2/formats/ase/ase_model.py -> build/lib.linux-x86_64-2.7/uc2/formats/ase
copying src/uc2/formats/ase/ase_presenter.py -> build/lib.linux-x86_64-2.7/uc2/formats/ase
copying src/uc2/formats/ase/ase_config.py -> build/lib.linux-x86_64-2.7/uc2/formats/ase
copying src/uc2/formats/ase/ase_const.py -> build/lib.linux-x86_64-2.7/uc2/formats/ase
copying src/uc2/formats/ase/ase_filters.py -> build/lib.linux-x86_64-2.7/uc2/formats/ase
creating build/lib.linux-x86_64-2.7/uc2/formats/ccx
copying src/uc2/formats/ccx/__init__.py -> build/lib.linux-x86_64-2.7/uc2/formats/ccx
creating build/lib.linux-x86_64-2.7/uc2/formats/cdr
copying src/uc2/formats/cdr/__init__.py -> build/lib.linux-x86_64-2.7/uc2/formats/cdr
copying src/uc2/formats/cdr/cdr_config.py -> build/lib.linux-x86_64-2.7/uc2/formats/cdr
copying src/uc2/formats/cdr/cdr_const.py -> build/lib.linux-x86_64-2.7/uc2/formats/cdr
copying src/uc2/formats/cdr/cdr_utils.py -> build/lib.linux-x86_64-2.7/uc2/formats/cdr
copying src/uc2/formats/cdr/cdr_filters.py -> build/lib.linux-x86_64-2.7/uc2/formats/cdr
copying src/uc2/formats/cdr/cdr_model.py -> build/lib.linux-x86_64-2.7/uc2/formats/cdr
copying src/uc2/formats/cdr/cdr_presenter.py -> build/lib.linux-x86_64-2.7/uc2/formats/cdr
copying src/uc2/formats/cdr/cdr_translators.py -> build/lib.linux-x86_64-2.7/uc2/formats/cdr
creating build/lib.linux-x86_64-2.7/uc2/formats/cdrz
copying src/uc2/formats/cdrz/__init__.py -> build/lib.linux-x86_64-2.7/uc2/formats/cdrz
copying src/uc2/formats/cdrz/cdrz_filters.py -> build/lib.linux-x86_64-2.7/uc2/formats/cdrz
copying src/uc2/formats/cdrz/presenter.py -> build/lib.linux-x86_64-2.7/uc2/formats/cdrz
copying src/uc2/formats/cdrz/model.py -> build/lib.linux-x86_64-2.7/uc2/formats/cdrz
copying src/uc2/formats/cdrz/cdrz_config.py -> build/lib.linux-x86_64-2.7/uc2/formats/cdrz
copying src/uc2/formats/cdrz/cdrz_translators.py -> build/lib.linux-x86_64-2.7/uc2/formats/cdrz
copying src/uc2/formats/cdrz/const.py -> build/lib.linux-x86_64-2.7/uc2/formats/cdrz
creating build/lib.linux-x86_64-2.7/uc2/formats/cgm
copying src/uc2/formats/cgm/cgm_const.py -> build/lib.linux-x86_64-2.7/uc2/formats/cgm
copying src/uc2/formats/cgm/__init__.py -> build/lib.linux-x86_64-2.7/uc2/formats/cgm
copying src/uc2/formats/cgm/cgm_to_sk2.py -> build/lib.linux-x86_64-2.7/uc2/formats/cgm
copying src/uc2/formats/cgm/cgm_model.py -> build/lib.linux-x86_64-2.7/uc2/formats/cgm
copying src/uc2/formats/cgm/cgm_filters.py -> build/lib.linux-x86_64-2.7/uc2/formats/cgm
copying src/uc2/formats/cgm/cgm_from_sk2.py -> build/lib.linux-x86_64-2.7/uc2/formats/cgm
copying src/uc2/formats/cgm/cgm_config.py -> build/lib.linux-x86_64-2.7/uc2/formats/cgm
copying src/uc2/formats/cgm/cgm_utils.py -> build/lib.linux-x86_64-2.7/uc2/formats/cgm
copying src/uc2/formats/cgm/cgm_presenter.py -> build/lib.linux-x86_64-2.7/uc2/formats/cgm
creating build/lib.linux-x86_64-2.7/uc2/formats/cmx
copying src/uc2/formats/cmx/cmx_config.py -> build/lib.linux-x86_64-2.7/uc2/formats/cmx
copying src/uc2/formats/cmx/cmx_model.py -> build/lib.linux-x86_64-2.7/uc2/formats/cmx
copying src/uc2/formats/cmx/__init__.py -> build/lib.linux-x86_64-2.7/uc2/formats/cmx
copying src/uc2/formats/cmx/cmx_const.py -> build/lib.linux-x86_64-2.7/uc2/formats/cmx
copying src/uc2/formats/cmx/cmx_instr.py -> build/lib.linux-x86_64-2.7/uc2/formats/cmx
copying src/uc2/formats/cmx/cmx_presenter.py -> build/lib.linux-x86_64-2.7/uc2/formats/cmx
copying src/uc2/formats/cmx/cmx_from_sk2.py -> build/lib.linux-x86_64-2.7/uc2/formats/cmx
copying src/uc2/formats/cmx/cmx_filters.py -> build/lib.linux-x86_64-2.7/uc2/formats/cmx
copying src/uc2/formats/cmx/cmx_to_sk2.py -> build/lib.linux-x86_64-2.7/uc2/formats/cmx
creating build/lib.linux-x86_64-2.7/uc2/formats/corel_pal
copying src/uc2/formats/corel_pal/__init__.py -> build/lib.linux-x86_64-2.7/uc2/formats/corel_pal
copying src/uc2/formats/corel_pal/corel_pal_config.py -> build/lib.linux-x86_64-2.7/uc2/formats/corel_pal
copying src/uc2/formats/corel_pal/corel_pal_presenter.py -> build/lib.linux-x86_64-2.7/uc2/formats/corel_pal
copying src/uc2/formats/corel_pal/corel_pal_methods.py -> build/lib.linux-x86_64-2.7/uc2/formats/corel_pal
creating build/lib.linux-x86_64-2.7/uc2/formats/cpl
copying src/uc2/formats/cpl/__init__.py -> build/lib.linux-x86_64-2.7/uc2/formats/cpl
copying src/uc2/formats/cpl/cpl_presenter.py -> build/lib.linux-x86_64-2.7/uc2/formats/cpl
copying src/uc2/formats/cpl/cpl_const.py -> build/lib.linux-x86_64-2.7/uc2/formats/cpl
copying src/uc2/formats/cpl/cpl_model.py -> build/lib.linux-x86_64-2.7/uc2/formats/cpl
copying src/uc2/formats/cpl/cpl_filters.py -> build/lib.linux-x86_64-2.7/uc2/formats/cpl
copying src/uc2/formats/cpl/cpl_config.py -> build/lib.linux-x86_64-2.7/uc2/formats/cpl
creating build/lib.linux-x86_64-2.7/uc2/formats/dst
copying src/uc2/formats/dst/__init__.py -> build/lib.linux-x86_64-2.7/uc2/formats/dst
copying src/uc2/formats/dst/dst_config.py -> build/lib.linux-x86_64-2.7/uc2/formats/dst
copying src/uc2/formats/dst/dst_presenter.py -> build/lib.linux-x86_64-2.7/uc2/formats/dst
copying src/uc2/formats/dst/dst_datatype.py -> build/lib.linux-x86_64-2.7/uc2/formats/dst
copying src/uc2/formats/dst/dst_from_sk2.py -> build/lib.linux-x86_64-2.7/uc2/formats/dst
copying src/uc2/formats/dst/dst_to_sk2.py -> build/lib.linux-x86_64-2.7/uc2/formats/dst
copying src/uc2/formats/dst/dst_filters.py -> build/lib.linux-x86_64-2.7/uc2/formats/dst
copying src/uc2/formats/dst/dst_const.py -> build/lib.linux-x86_64-2.7/uc2/formats/dst
copying src/uc2/formats/dst/dst_model.py -> build/lib.linux-x86_64-2.7/uc2/formats/dst
copying src/uc2/formats/dst/dst_colors.py -> build/lib.linux-x86_64-2.7/uc2/formats/dst
creating build/lib.linux-x86_64-2.7/uc2/formats/edr_pal
copying src/uc2/formats/edr_pal/__init__.py -> build/lib.linux-x86_64-2.7/uc2/formats/edr_pal
copying src/uc2/formats/edr_pal/edr_model.py -> build/lib.linux-x86_64-2.7/uc2/formats/edr_pal
copying src/uc2/formats/edr_pal/edr_filters.py -> build/lib.linux-x86_64-2.7/uc2/formats/edr_pal
copying src/uc2/formats/edr_pal/edr_presenter.py -> build/lib.linux-x86_64-2.7/uc2/formats/edr_pal
creating build/lib.linux-x86_64-2.7/uc2/formats/fig
copying src/uc2/formats/fig/__init__.py -> build/lib.linux-x86_64-2.7/uc2/formats/fig
copying src/uc2/formats/fig/fig_translators.py -> build/lib.linux-x86_64-2.7/uc2/formats/fig
copying src/uc2/formats/fig/fig_presenter.py -> build/lib.linux-x86_64-2.7/uc2/formats/fig
copying src/uc2/formats/fig/fig_colors.py -> build/lib.linux-x86_64-2.7/uc2/formats/fig
copying src/uc2/formats/fig/fig_methods.py -> build/lib.linux-x86_64-2.7/uc2/formats/fig
copying src/uc2/formats/fig/fig_patterns.py -> build/lib.linux-x86_64-2.7/uc2/formats/fig
copying src/uc2/formats/fig/trafolib.py -> build/lib.linux-x86_64-2.7/uc2/formats/fig
copying src/uc2/formats/fig/fig_filters.py -> build/lib.linux-x86_64-2.7/uc2/formats/fig
copying src/uc2/formats/fig/fig_config.py -> build/lib.linux-x86_64-2.7/uc2/formats/fig
copying src/uc2/formats/fig/figlib.py -> build/lib.linux-x86_64-2.7/uc2/formats/fig
copying src/uc2/formats/fig/fig_model.py -> build/lib.linux-x86_64-2.7/uc2/formats/fig
copying src/uc2/formats/fig/fig_const.py -> build/lib.linux-x86_64-2.7/uc2/formats/fig
copying src/uc2/formats/fig/crenderer.py -> build/lib.linux-x86_64-2.7/uc2/formats/fig
creating build/lib.linux-x86_64-2.7/uc2/formats/gpl
copying src/uc2/formats/gpl/gpl_presenter.py -> build/lib.linux-x86_64-2.7/uc2/formats/gpl
copying src/uc2/formats/gpl/__init__.py -> build/lib.linux-x86_64-2.7/uc2/formats/gpl
copying src/uc2/formats/gpl/gpl_config.py -> build/lib.linux-x86_64-2.7/uc2/formats/gpl
copying src/uc2/formats/gpl/gpl_filters.py -> build/lib.linux-x86_64-2.7/uc2/formats/gpl
copying src/uc2/formats/gpl/gpl_const.py -> build/lib.linux-x86_64-2.7/uc2/formats/gpl
copying src/uc2/formats/gpl/gpl_model.py -> build/lib.linux-x86_64-2.7/uc2/formats/gpl
creating build/lib.linux-x86_64-2.7/uc2/formats/jcw
copying src/uc2/formats/jcw/__init__.py -> build/lib.linux-x86_64-2.7/uc2/formats/jcw
copying src/uc2/formats/jcw/jcw_model.py -> build/lib.linux-x86_64-2.7/uc2/formats/jcw
copying src/uc2/formats/jcw/jcw_const.py -> build/lib.linux-x86_64-2.7/uc2/formats/jcw
copying src/uc2/formats/jcw/jcw_config.py -> build/lib.linux-x86_64-2.7/uc2/formats/jcw
copying src/uc2/formats/jcw/jcw_filters.py -> build/lib.linux-x86_64-2.7/uc2/formats/jcw
copying src/uc2/formats/jcw/jcw_utils.py -> build/lib.linux-x86_64-2.7/uc2/formats/jcw
copying src/uc2/formats/jcw/jcw_presenter.py -> build/lib.linux-x86_64-2.7/uc2/formats/jcw
creating build/lib.linux-x86_64-2.7/uc2/formats/md
copying src/uc2/formats/md/md_presenter.py -> build/lib.linux-x86_64-2.7/uc2/formats/md
copying src/uc2/formats/md/__init__.py -> build/lib.linux-x86_64-2.7/uc2/formats/md
copying src/uc2/formats/md/md_model.py -> build/lib.linux-x86_64-2.7/uc2/formats/md
creating build/lib.linux-x86_64-2.7/uc2/formats/pdf
copying src/uc2/formats/pdf/pdf_filters.py -> build/lib.linux-x86_64-2.7/uc2/formats/pdf
copying src/uc2/formats/pdf/__init__.py -> build/lib.linux-x86_64-2.7/uc2/formats/pdf
copying src/uc2/formats/pdf/pdfgen.py -> build/lib.linux-x86_64-2.7/uc2/formats/pdf
copying src/uc2/formats/pdf/pdfconst.py -> build/lib.linux-x86_64-2.7/uc2/formats/pdf
creating build/lib.linux-x86_64-2.7/uc2/formats/pdxf
copying src/uc2/formats/pdxf/__init__.py -> build/lib.linux-x86_64-2.7/uc2/formats/pdxf
copying src/uc2/formats/pdxf/resmngr.py -> build/lib.linux-x86_64-2.7/uc2/formats/pdxf
copying src/uc2/formats/pdxf/presenter.py -> build/lib.linux-x86_64-2.7/uc2/formats/pdxf
copying src/uc2/formats/pdxf/pdxf_cms.py -> build/lib.linux-x86_64-2.7/uc2/formats/pdxf
copying src/uc2/formats/pdxf/pdxf_config.py -> build/lib.linux-x86_64-2.7/uc2/formats/pdxf
copying src/uc2/formats/pdxf/model.py -> build/lib.linux-x86_64-2.7/uc2/formats/pdxf
copying src/uc2/formats/pdxf/crenderer.py -> build/lib.linux-x86_64-2.7/uc2/formats/pdxf
copying src/uc2/formats/pdxf/methods.py -> build/lib.linux-x86_64-2.7/uc2/formats/pdxf
copying src/uc2/formats/pdxf/pdxf_filters.py -> build/lib.linux-x86_64-2.7/uc2/formats/pdxf
copying src/uc2/formats/pdxf/const.py -> build/lib.linux-x86_64-2.7/uc2/formats/pdxf
creating build/lib.linux-x86_64-2.7/uc2/formats/pes
copying src/uc2/formats/pes/pes_filters.py -> build/lib.linux-x86_64-2.7/uc2/formats/pes
copying src/uc2/formats/pes/__init__.py -> build/lib.linux-x86_64-2.7/uc2/formats/pes
copying src/uc2/formats/pes/pes_const.py -> build/lib.linux-x86_64-2.7/uc2/formats/pes
copying src/uc2/formats/pes/pes_translators.py -> build/lib.linux-x86_64-2.7/uc2/formats/pes
copying src/uc2/formats/pes/pes_colors.py -> build/lib.linux-x86_64-2.7/uc2/formats/pes
copying src/uc2/formats/pes/pes_presenter.py -> build/lib.linux-x86_64-2.7/uc2/formats/pes
copying src/uc2/formats/pes/pes_model.py -> build/lib.linux-x86_64-2.7/uc2/formats/pes
copying src/uc2/formats/pes/pes_config.py -> build/lib.linux-x86_64-2.7/uc2/formats/pes
copying src/uc2/formats/pes/pes_datatype.py -> build/lib.linux-x86_64-2.7/uc2/formats/pes
creating build/lib.linux-x86_64-2.7/uc2/formats/plt
copying src/uc2/formats/plt/plt_translators.py -> build/lib.linux-x86_64-2.7/uc2/formats/plt
copying src/uc2/formats/plt/__init__.py -> build/lib.linux-x86_64-2.7/uc2/formats/plt
copying src/uc2/formats/plt/plt_presenter.py -> build/lib.linux-x86_64-2.7/uc2/formats/plt
copying src/uc2/formats/plt/plt_model.py -> build/lib.linux-x86_64-2.7/uc2/formats/plt
copying src/uc2/formats/plt/plt_config.py -> build/lib.linux-x86_64-2.7/uc2/formats/plt
copying src/uc2/formats/plt/plt_filters.py -> build/lib.linux-x86_64-2.7/uc2/formats/plt
copying src/uc2/formats/plt/plt_const.py -> build/lib.linux-x86_64-2.7/uc2/formats/plt
creating build/lib.linux-x86_64-2.7/uc2/formats/png
copying src/uc2/formats/png/__init__.py -> build/lib.linux-x86_64-2.7/uc2/formats/png
creating build/lib.linux-x86_64-2.7/uc2/formats/riff
copying src/uc2/formats/riff/__init__.py -> build/lib.linux-x86_64-2.7/uc2/formats/riff
copying src/uc2/formats/riff/presenter.py -> build/lib.linux-x86_64-2.7/uc2/formats/riff
copying src/uc2/formats/riff/riff_filters.py -> build/lib.linux-x86_64-2.7/uc2/formats/riff
copying src/uc2/formats/riff/stub.py -> build/lib.linux-x86_64-2.7/uc2/formats/riff
copying src/uc2/formats/riff/model.py -> build/lib.linux-x86_64-2.7/uc2/formats/riff
copying src/uc2/formats/riff/riff_config.py -> build/lib.linux-x86_64-2.7/uc2/formats/riff
creating build/lib.linux-x86_64-2.7/uc2/formats/scribus_pal
copying src/uc2/formats/scribus_pal/__init__.py -> build/lib.linux-x86_64-2.7/uc2/formats/scribus_pal
copying src/uc2/formats/scribus_pal/scribus_pal_presenter.py -> build/lib.linux-x86_64-2.7/uc2/formats/scribus_pal
copying src/uc2/formats/scribus_pal/scribus_pal_filters.py -> build/lib.linux-x86_64-2.7/uc2/formats/scribus_pal
copying src/uc2/formats/scribus_pal/scribus_pal_config.py -> build/lib.linux-x86_64-2.7/uc2/formats/scribus_pal
copying src/uc2/formats/scribus_pal/scribus_pal_model.py -> build/lib.linux-x86_64-2.7/uc2/formats/scribus_pal
creating build/lib.linux-x86_64-2.7/uc2/formats/sk
copying src/uc2/formats/sk/__init__.py -> build/lib.linux-x86_64-2.7/uc2/formats/sk
copying src/uc2/formats/sk/sk_model.py -> build/lib.linux-x86_64-2.7/uc2/formats/sk
copying src/uc2/formats/sk/sk_filters.py -> build/lib.linux-x86_64-2.7/uc2/formats/sk
copying src/uc2/formats/sk/sk_translators.py -> build/lib.linux-x86_64-2.7/uc2/formats/sk
copying src/uc2/formats/sk/sk_config.py -> build/lib.linux-x86_64-2.7/uc2/formats/sk
copying src/uc2/formats/sk/sk_const.py -> build/lib.linux-x86_64-2.7/uc2/formats/sk
copying src/uc2/formats/sk/sk_presenter.py -> build/lib.linux-x86_64-2.7/uc2/formats/sk
copying src/uc2/formats/sk/sk_methods.py -> build/lib.linux-x86_64-2.7/uc2/formats/sk
creating build/lib.linux-x86_64-2.7/uc2/formats/sk1
copying src/uc2/formats/sk1/sk1_filters.py -> build/lib.linux-x86_64-2.7/uc2/formats/sk1
copying src/uc2/formats/sk1/__init__.py -> build/lib.linux-x86_64-2.7/uc2/formats/sk1
copying src/uc2/formats/sk1/presenter.py -> build/lib.linux-x86_64-2.7/uc2/formats/sk1
copying src/uc2/formats/sk1/sk1_const.py -> build/lib.linux-x86_64-2.7/uc2/formats/sk1
copying src/uc2/formats/sk1/sk1_utils.py -> build/lib.linux-x86_64-2.7/uc2/formats/sk1
copying src/uc2/formats/sk1/sk1_translators.py -> build/lib.linux-x86_64-2.7/uc2/formats/sk1
copying src/uc2/formats/sk1/sk1_config.py -> build/lib.linux-x86_64-2.7/uc2/formats/sk1
copying src/uc2/formats/sk1/model.py -> build/lib.linux-x86_64-2.7/uc2/formats/sk1
copying src/uc2/formats/sk1/methods.py -> build/lib.linux-x86_64-2.7/uc2/formats/sk1
copying src/uc2/formats/sk1/sk1_loaders.py -> build/lib.linux-x86_64-2.7/uc2/formats/sk1
creating build/lib.linux-x86_64-2.7/uc2/formats/sk2
copying src/uc2/formats/sk2/__init__.py -> build/lib.linux-x86_64-2.7/uc2/formats/sk2
copying src/uc2/formats/sk2/sk2_presenter.py -> build/lib.linux-x86_64-2.7/uc2/formats/sk2
copying src/uc2/formats/sk2/sk2_methods.py -> build/lib.linux-x86_64-2.7/uc2/formats/sk2
copying src/uc2/formats/sk2/sk2_cms.py -> build/lib.linux-x86_64-2.7/uc2/formats/sk2
copying src/uc2/formats/sk2/sk2_filters.py -> build/lib.linux-x86_64-2.7/uc2/formats/sk2
copying src/uc2/formats/sk2/sk2_config.py -> build/lib.linux-x86_64-2.7/uc2/formats/sk2
copying src/uc2/formats/sk2/sk2_cids.py -> build/lib.linux-x86_64-2.7/uc2/formats/sk2
copying src/uc2/formats/sk2/sk2_model.py -> build/lib.linux-x86_64-2.7/uc2/formats/sk2
copying src/uc2/formats/sk2/crenderer.py -> build/lib.linux-x86_64-2.7/uc2/formats/sk2
copying src/uc2/formats/sk2/arrows.py -> build/lib.linux-x86_64-2.7/uc2/formats/sk2
creating build/lib.linux-x86_64-2.7/uc2/formats/skp
copying src/uc2/formats/skp/__init__.py -> build/lib.linux-x86_64-2.7/uc2/formats/skp
copying src/uc2/formats/skp/skp_config.py -> build/lib.linux-x86_64-2.7/uc2/formats/skp
copying src/uc2/formats/skp/skp_filters.py -> build/lib.linux-x86_64-2.7/uc2/formats/skp
copying src/uc2/formats/skp/skp_const.py -> build/lib.linux-x86_64-2.7/uc2/formats/skp
copying src/uc2/formats/skp/skp_model.py -> build/lib.linux-x86_64-2.7/uc2/formats/skp
copying src/uc2/formats/skp/skp_presenter.py -> build/lib.linux-x86_64-2.7/uc2/formats/skp
creating build/lib.linux-x86_64-2.7/uc2/formats/soc
copying src/uc2/formats/soc/__init__.py -> build/lib.linux-x86_64-2.7/uc2/formats/soc
copying src/uc2/formats/soc/soc_model.py -> build/lib.linux-x86_64-2.7/uc2/formats/soc
copying src/uc2/formats/soc/soc_presenter.py -> build/lib.linux-x86_64-2.7/uc2/formats/soc
copying src/uc2/formats/soc/soc_filters.py -> build/lib.linux-x86_64-2.7/uc2/formats/soc
copying src/uc2/formats/soc/soc_const.py -> build/lib.linux-x86_64-2.7/uc2/formats/soc
copying src/uc2/formats/soc/soc_config.py -> build/lib.linux-x86_64-2.7/uc2/formats/soc
creating build/lib.linux-x86_64-2.7/uc2/formats/svg
copying src/uc2/formats/svg/__init__.py -> build/lib.linux-x86_64-2.7/uc2/formats/svg
copying src/uc2/formats/svg/svg_methods.py -> build/lib.linux-x86_64-2.7/uc2/formats/svg
copying src/uc2/formats/svg/svg_const.py -> build/lib.linux-x86_64-2.7/uc2/formats/svg
copying src/uc2/formats/svg/svg_config.py -> build/lib.linux-x86_64-2.7/uc2/formats/svg
copying src/uc2/formats/svg/svg_utils.py -> build/lib.linux-x86_64-2.7/uc2/formats/svg
copying src/uc2/formats/svg/svg_colors.py -> build/lib.linux-x86_64-2.7/uc2/formats/svg
copying src/uc2/formats/svg/svg_presenter.py -> build/lib.linux-x86_64-2.7/uc2/formats/svg
copying src/uc2/formats/svg/svg_translators.py -> build/lib.linux-x86_64-2.7/uc2/formats/svg
creating build/lib.linux-x86_64-2.7/uc2/formats/svgz
copying src/uc2/formats/svgz/__init__.py -> build/lib.linux-x86_64-2.7/uc2/formats/svgz
creating build/lib.linux-x86_64-2.7/uc2/formats/wmf
copying src/uc2/formats/wmf/__init__.py -> build/lib.linux-x86_64-2.7/uc2/formats/wmf
copying src/uc2/formats/wmf/wmf_presenter.py -> build/lib.linux-x86_64-2.7/uc2/formats/wmf
copying src/uc2/formats/wmf/wmf_filters.py -> build/lib.linux-x86_64-2.7/uc2/formats/wmf
copying src/uc2/formats/wmf/wmf_config.py -> build/lib.linux-x86_64-2.7/uc2/formats/wmf
copying src/uc2/formats/wmf/wmf_model.py -> build/lib.linux-x86_64-2.7/uc2/formats/wmf
copying src/uc2/formats/wmf/wmf_translators.py -> build/lib.linux-x86_64-2.7/uc2/formats/wmf
copying src/uc2/formats/wmf/wmf_hatches.py -> build/lib.linux-x86_64-2.7/uc2/formats/wmf
copying src/uc2/formats/wmf/wmf_const.py -> build/lib.linux-x86_64-2.7/uc2/formats/wmf
copying src/uc2/formats/wmf/wmf_utils.py -> build/lib.linux-x86_64-2.7/uc2/formats/wmf
creating build/lib.linux-x86_64-2.7/uc2/formats/xar
copying src/uc2/formats/xar/__init__.py -> build/lib.linux-x86_64-2.7/uc2/formats/xar
copying src/uc2/formats/xar/xar_config.py -> build/lib.linux-x86_64-2.7/uc2/formats/xar
copying src/uc2/formats/xar/xar_datatype.py -> build/lib.linux-x86_64-2.7/uc2/formats/xar
copying src/uc2/formats/xar/xar_method.py -> build/lib.linux-x86_64-2.7/uc2/formats/xar
copying src/uc2/formats/xar/xar_filters.py -> build/lib.linux-x86_64-2.7/uc2/formats/xar
copying src/uc2/formats/xar/xar_presenter.py -> build/lib.linux-x86_64-2.7/uc2/formats/xar
copying src/uc2/formats/xar/xar_model.py -> build/lib.linux-x86_64-2.7/uc2/formats/xar
copying src/uc2/formats/xar/zipio.py -> build/lib.linux-x86_64-2.7/uc2/formats/xar
copying src/uc2/formats/xar/xar_const.py -> build/lib.linux-x86_64-2.7/uc2/formats/xar
copying src/uc2/formats/xar/xar_translators.py -> build/lib.linux-x86_64-2.7/uc2/formats/xar
creating build/lib.linux-x86_64-2.7/uc2/formats/xml_
copying src/uc2/formats/xml_/__init__.py -> build/lib.linux-x86_64-2.7/uc2/formats/xml_
copying src/uc2/formats/xml_/xml_presenter.py -> build/lib.linux-x86_64-2.7/uc2/formats/xml_
copying src/uc2/formats/xml_/xml_model.py -> build/lib.linux-x86_64-2.7/uc2/formats/xml_
copying src/uc2/formats/xml_/xml_config.py -> build/lib.linux-x86_64-2.7/uc2/formats/xml_
copying src/uc2/formats/xml_/xml_filters.py -> build/lib.linux-x86_64-2.7/uc2/formats/xml_
creating build/lib.linux-x86_64-2.7/uc2/libcairo
copying src/uc2/libcairo/__init__.py -> build/lib.linux-x86_64-2.7/uc2/libcairo
creating build/lib.linux-x86_64-2.7/uc2/libgeom
copying src/uc2/libgeom/shaping.py -> build/lib.linux-x86_64-2.7/uc2/libgeom
copying src/uc2/libgeom/flattering.py -> build/lib.linux-x86_64-2.7/uc2/libgeom
copying src/uc2/libgeom/__init__.py -> build/lib.linux-x86_64-2.7/uc2/libgeom
copying src/uc2/libgeom/objs.py -> build/lib.linux-x86_64-2.7/uc2/libgeom
copying src/uc2/libgeom/trafo.py -> build/lib.linux-x86_64-2.7/uc2/libgeom
copying src/uc2/libgeom/bezier_ops.py -> build/lib.linux-x86_64-2.7/uc2/libgeom
copying src/uc2/libgeom/bbox.py -> build/lib.linux-x86_64-2.7/uc2/libgeom
copying src/uc2/libgeom/cwrap.py -> build/lib.linux-x86_64-2.7/uc2/libgeom
copying src/uc2/libgeom/contour.py -> build/lib.linux-x86_64-2.7/uc2/libgeom
copying src/uc2/libgeom/text_on_path.py -> build/lib.linux-x86_64-2.7/uc2/libgeom
copying src/uc2/libgeom/points.py -> build/lib.linux-x86_64-2.7/uc2/libgeom
creating build/lib.linux-x86_64-2.7/uc2/libimg
copying src/uc2/libimg/__init__.py -> build/lib.linux-x86_64-2.7/uc2/libimg
copying src/uc2/libimg/handlers.py -> build/lib.linux-x86_64-2.7/uc2/libimg
copying src/uc2/libimg/magickwand.py -> build/lib.linux-x86_64-2.7/uc2/libimg
creating build/lib.linux-x86_64-2.7/uc2/libpango
copying src/uc2/libpango/paths.py -> build/lib.linux-x86_64-2.7/uc2/libpango
copying src/uc2/libpango/__init__.py -> build/lib.linux-x86_64-2.7/uc2/libpango
copying src/uc2/libpango/fonts.py -> build/lib.linux-x86_64-2.7/uc2/libpango
copying src/uc2/libpango/markup.py -> build/lib.linux-x86_64-2.7/uc2/libpango
copying src/uc2/libpango/core.py -> build/lib.linux-x86_64-2.7/uc2/libpango
copying src/uc2/libpango/langs.py -> build/lib.linux-x86_64-2.7/uc2/libpango
creating build/lib.linux-x86_64-2.7/uc2/libtrace
copying src/uc2/libtrace/__init__.py -> build/lib.linux-x86_64-2.7/uc2/libtrace
creating build/lib.linux-x86_64-2.7/uc2/utils
copying src/uc2/utils/__init__.py -> build/lib.linux-x86_64-2.7/uc2/utils
copying src/uc2/utils/mixutils.py -> build/lib.linux-x86_64-2.7/uc2/utils
copying src/uc2/utils/fsutils.py -> build/lib.linux-x86_64-2.7/uc2/utils
copying src/uc2/utils/sconfig.py -> build/lib.linux-x86_64-2.7/uc2/utils
copying src/uc2/utils/translator.py -> build/lib.linux-x86_64-2.7/uc2/utils
copying src/uc2/utils/system.py -> build/lib.linux-x86_64-2.7/uc2/utils
copying src/uc2/utils/msw_utils.py -> build/lib.linux-x86_64-2.7/uc2/utils
copying src/uc2/utils/config.py -> build/lib.linux-x86_64-2.7/uc2/utils
copying src/uc2/__init__.py -> build/lib.linux-x86_64-2.7/uc2
copying src/uc2/uc2const.py -> build/lib.linux-x86_64-2.7/uc2
copying src/uc2/events.py -> build/lib.linux-x86_64-2.7/uc2
copying src/uc2/application.py -> build/lib.linux-x86_64-2.7/uc2
copying src/uc2/app_palettes.py -> build/lib.linux-x86_64-2.7/uc2
copying src/uc2/uc2conf.py -> build/lib.linux-x86_64-2.7/uc2
copying src/uc2/msgconst.py -> build/lib.linux-x86_64-2.7/uc2
copying src/uc2/sk2const.py -> build/lib.linux-x86_64-2.7/uc2
copying src/uc2/app_cms.py -> build/lib.linux-x86_64-2.7/uc2
running build_ext
building 'uc2.libcairo._libcairo' extension
creating build/temp.linux-x86_64-2.7
creating build/temp.linux-x86_64-2.7/src
creating build/temp.linux-x86_64-2.7/src/uc2
creating build/temp.linux-x86_64-2.7/src/uc2/libcairo
gcc -fno-strict-aliasing -march=x86-64 -mtune=generic -O2 -pipe -fno-plt -fexceptions -Wp,-D_FORTIFY_SOURCE=2 -Wformat -Werror=format-security -fstack-clash-protection -fcf-protection -g -ffile-prefix-map=/build/python2/src=/usr/src/debug/python2 -flto=auto -DNDEBUG -march=x86-64 -mtune=generic -O2 -pipe -fno-plt -fexceptions -Wp,-D_FORTIFY_SOURCE=2 -Wformat -Werror=format-security -fstack-clash-protection -fcf-protection -g -ffile-prefix-map=/build/python2/src=/usr/src/debug/python2 -flto=auto -march=x86-64 -mtune=generic -O2 -pipe -fno-plt -fexceptions -Wp,-D_FORTIFY_SOURCE=3 -Wformat -Werror=format-security -fstack-clash-protection -fcf-protection -fno-omit-frame-pointer -mno-omit-leaf-frame-pointer -g -ffile-prefix-map=/build/uniconvertor/src=/usr/src/debug/uniconvertor -flto=auto -fPIC -DMAJOR_VERSION=1 -DMINOR_VERSION=0 -I/usr/include/pycairo -I/usr/include/cairo -I/usr/include/freetype2 -I/usr/include/libpng16 -I/usr/include/pixman-1 -I/usr/include/python2.7 -c src/uc2/libcairo/_libcairo.c -o build/temp.linux-x86_64-2.7/src/uc2/libcairo/_libcairo.o
<command-line>: warning: ‘_FORTIFY_SOURCE’ redefined
<command-line>: note: this is the location of the previous definition
gcc -shared -Wl,-O1,--sort-common,--as-needed,-z,relro,-z,now -flto=auto -L/usr/lib/openssl-1.1 -Wl,-O1 -Wl,--sort-common -Wl,--as-needed -Wl,-z,relro -Wl,-z,now -Wl,-z,pack-relative-relocs -flto=auto -march=x86-64 -mtune=generic -O2 -pipe -fno-plt -fexceptions -Wp,-D_FORTIFY_SOURCE=3 -Wformat -Werror=format-security -fstack-clash-protection -fcf-protection -fno-omit-frame-pointer -mno-omit-leaf-frame-pointer -g -ffile-prefix-map=/build/uniconvertor/src=/usr/src/debug/uniconvertor -flto=auto build/temp.linux-x86_64-2.7/src/uc2/libcairo/_libcairo.o -L/usr/lib -lcairo -lpython2.7 -o build/lib.linux-x86_64-2.7/uc2/libcairo/_libcairo.so
building 'uc2.cms._cms' extension
creating build/temp.linux-x86_64-2.7/src/uc2/cms
gcc -fno-strict-aliasing -march=x86-64 -mtune=generic -O2 -pipe -fno-plt -fexceptions -Wp,-D_FORTIFY_SOURCE=2 -Wformat -Werror=format-security -fstack-clash-protection -fcf-protection -g -ffile-prefix-map=/build/python2/src=/usr/src/debug/python2 -flto=auto -DNDEBUG -march=x86-64 -mtune=generic -O2 -pipe -fno-plt -fexceptions -Wp,-D_FORTIFY_SOURCE=2 -Wformat -Werror=format-security -fstack-clash-protection -fcf-protection -g -ffile-prefix-map=/build/python2/src=/usr/src/debug/python2 -flto=auto -march=x86-64 -mtune=generic -O2 -pipe -fno-plt -fexceptions -Wp,-D_FORTIFY_SOURCE=3 -Wformat -Werror=format-security -fstack-clash-protection -fcf-protection -fno-omit-frame-pointer -mno-omit-leaf-frame-pointer -g -ffile-prefix-map=/build/uniconvertor/src=/usr/src/debug/uniconvertor -flto=auto -fPIC -DMAJOR_VERSION=1 -DMINOR_VERSION=0 -I/usr/include -I/usr/include/python2.7 -c src/uc2/cms/_cms2.c -o build/temp.linux-x86_64-2.7/src/uc2/cms/_cms2.o -Wall
<command-line>: warning: ‘_FORTIFY_SOURCE’ redefined
<command-line>: note: this is the location of the previous definition
gcc -shared -Wl,-O1,--sort-common,--as-needed,-z,relro,-z,now -flto=auto -L/usr/lib/openssl-1.1 -Wl,-O1 -Wl,--sort-common -Wl,--as-needed -Wl,-z,relro -Wl,-z,now -Wl,-z,pack-relative-relocs -flto=auto -march=x86-64 -mtune=generic -O2 -pipe -fno-plt -fexceptions -Wp,-D_FORTIFY_SOURCE=3 -Wformat -Werror=format-security -fstack-clash-protection -fcf-protection -fno-omit-frame-pointer -mno-omit-leaf-frame-pointer -g -ffile-prefix-map=/build/uniconvertor/src=/usr/src/debug/uniconvertor -flto=auto build/temp.linux-x86_64-2.7/src/uc2/cms/_cms2.o -L/usr/lib -llcms2 -lpython2.7 -o build/lib.linux-x86_64-2.7/uc2/cms/_cms.so
building 'uc2.libpango._libpango' extension
creating build/temp.linux-x86_64-2.7/src/uc2/libpango
gcc -fno-strict-aliasing -march=x86-64 -mtune=generic -O2 -pipe -fno-plt -fexceptions -Wp,-D_FORTIFY_SOURCE=2 -Wformat -Werror=format-security -fstack-clash-protection -fcf-protection -g -ffile-prefix-map=/build/python2/src=/usr/src/debug/python2 -flto=auto -DNDEBUG -march=x86-64 -mtune=generic -O2 -pipe -fno-plt -fexceptions -Wp,-D_FORTIFY_SOURCE=2 -Wformat -Werror=format-security -fstack-clash-protection -fcf-protection -g -ffile-prefix-map=/build/python2/src=/usr/src/debug/python2 -flto=auto -march=x86-64 -mtune=generic -O2 -pipe -fno-plt -fexceptions -Wp,-D_FORTIFY_SOURCE=3 -Wformat -Werror=format-security -fstack-clash-protection -fcf-protection -fno-omit-frame-pointer -mno-omit-leaf-frame-pointer -g -ffile-prefix-map=/build/uniconvertor/src=/usr/src/debug/uniconvertor -flto=auto -fPIC -DMAJOR_VERSION=1 -DMINOR_VERSION=0 -I/usr/include/pango-1.0 -I/usr/include/cairo -I/usr/include/pixman-1 -I/usr/include/libmount -I/usr/include/blkid -I/usr/include/fribidi -I/usr/include/harfbuzz -I/usr/include/freetype2 -I/usr/include/libpng16 -I/usr/include/glib-2.0 -I/usr/lib/glib-2.0/include -I/usr/include/sysprof-6 -I/usr/include/pycairo -I/usr/include/python2.7 -c src/uc2/libpango/_libpango.c -o build/temp.linux-x86_64-2.7/src/uc2/libpango/_libpango.o
<command-line>: warning: ‘_FORTIFY_SOURCE’ redefined
<command-line>: note: this is the location of the previous definition
src/uc2/libpango/_libpango.c: In function ‘pango_GetLayoutClusterPos’:
src/uc2/libpango/_libpango.c:546:9: warning: ‘pango_find_base_dir’ is deprecated [-Wdeprecated-declarations]
  546 |         dir = pango_find_base_dir(pango_layout_get_text(layout),-1);
      |         ^~~
In file included from /usr/include/pango-1.0/pango/pango-types.h:239,
                 from /usr/include/pango-1.0/pango/pango-font.h:26,
                 from /usr/include/pango-1.0/pango/pango-attributes.h:25,
                 from /usr/include/pango-1.0/pango/pango.h:25,
                 from src/uc2/libpango/_libpango.c:20:
/usr/include/pango-1.0/pango/pango-bidi-type.h:107:16: note: declared here
  107 | PangoDirection pango_find_base_dir          (const gchar *text,
      |                ^~~~~~~~~~~~~~~~~~~
gcc -shared -Wl,-O1,--sort-common,--as-needed,-z,relro,-z,now -flto=auto -L/usr/lib/openssl-1.1 -Wl,-O1 -Wl,--sort-common -Wl,--as-needed -Wl,-z,relro -Wl,-z,now -Wl,-z,pack-relative-relocs -flto=auto -march=x86-64 -mtune=generic -O2 -pipe -fno-plt -fexceptions -Wp,-D_FORTIFY_SOURCE=3 -Wformat -Werror=format-security -fstack-clash-protection -fcf-protection -fno-omit-frame-pointer -mno-omit-leaf-frame-pointer -g -ffile-prefix-map=/build/uniconvertor/src=/usr/src/debug/uniconvertor -flto=auto build/temp.linux-x86_64-2.7/src/uc2/libpango/_libpango.o -L/usr/lib -lpangocairo-1.0 -lpango-1.0 -lcairo -lharfbuzz -lgobject-2.0 -lglib-2.0 -lpython2.7 -o build/lib.linux-x86_64-2.7/uc2/libpango/_libpango.so
building 'uc2.libimg._libimg' extension
creating build/temp.linux-x86_64-2.7/src/uc2/libimg
gcc -fno-strict-aliasing -march=x86-64 -mtune=generic -O2 -pipe -fno-plt -fexceptions -Wp,-D_FORTIFY_SOURCE=2 -Wformat -Werror=format-security -fstack-clash-protection -fcf-protection -g -ffile-prefix-map=/build/python2/src=/usr/src/debug/python2 -flto=auto -DNDEBUG -march=x86-64 -mtune=generic -O2 -pipe -fno-plt -fexceptions -Wp,-D_FORTIFY_SOURCE=2 -Wformat -Werror=format-security -fstack-clash-protection -fcf-protection -g -ffile-prefix-map=/build/python2/src=/usr/src/debug/python2 -flto=auto -march=x86-64 -mtune=generic -O2 -pipe -fno-plt -fexceptions -Wp,-D_FORTIFY_SOURCE=3 -Wformat -Werror=format-security -fstack-clash-protection -fcf-protection -fno-omit-frame-pointer -mno-omit-leaf-frame-pointer -g -ffile-prefix-map=/build/uniconvertor/src=/usr/src/debug/uniconvertor -flto=auto -fPIC -DMAJOR_VERSION=1 -DMINOR_VERSION=0 -I/usr/include/ImageMagick-7 -I/usr/include/python2.7 -c src/uc2/libimg/_libimg7.c -o build/temp.linux-x86_64-2.7/src/uc2/libimg/_libimg7.o -fopenmp -DMAGICKCORE_HDRI_ENABLE=1 -DMAGICKCORE_QUANTUM_DEPTH=16 -DMAGICKCORE_CHANNEL_MASK_DEPTH=32
<command-line>: warning: ‘_FORTIFY_SOURCE’ redefined
<command-line>: note: this is the location of the previous definition
gcc -shared -Wl,-O1,--sort-common,--as-needed,-z,relro,-z,now -flto=auto -L/usr/lib/openssl-1.1 -Wl,-O1 -Wl,--sort-common -Wl,--as-needed -Wl,-z,relro -Wl,-z,now -Wl,-z,pack-relative-relocs -flto=auto -march=x86-64 -mtune=generic -O2 -pipe -fno-plt -fexceptions -Wp,-D_FORTIFY_SOURCE=3 -Wformat -Werror=format-security -fstack-clash-protection -fcf-protection -fno-omit-frame-pointer -mno-omit-leaf-frame-pointer -g -ffile-prefix-map=/build/uniconvertor/src=/usr/src/debug/uniconvertor -flto=auto build/temp.linux-x86_64-2.7/src/uc2/libimg/_libimg7.o -L/usr/lib -lMagickWand-7.Q16HDRI -lMagickCore-7.Q16HDRI -lpython2.7 -o build/lib.linux-x86_64-2.7/uc2/libimg/_libimg.so
running build_scripts
creating build/scripts-2.7
copying and adjusting src/script/uniconvertor -> build/scripts-2.7
copying and adjusting src/script/uc2 -> build/scripts-2.7
changing mode of build/scripts-2.7/uniconvertor from 644 to 755
changing mode of build/scripts-2.7/uc2 from 644 to 755
