Upscaler has no wrap files
+ exec meson setup --prefix /usr --libexecdir lib --sbindir bin --buildtype plain --auto-features enabled --wrap-mode nodownload -D b_pie=true -D python.bytecompile=1 Upscaler build
The Meson build system
Version: 1.11.2
Source dir: /build/upscaler/src/Upscaler
Build dir: /build/upscaler/src/build
Build type: native build
Project name: upscaler
Project version: 1.6.4
Host machine cpu family: x86_64
Host machine cpu: x86_64
Configuring io.gitlab.theevilskeleton.Upscaler.desktop.in using configuration
Program msgfmt found: YES (/usr/bin/msgfmt)
Program desktop-file-validate found: YES (/usr/bin/desktop-file-validate)
Configuring io.gitlab.theevilskeleton.Upscaler.metainfo.xml.in using configuration
Program appstreamcli found: YES (/usr/bin/appstreamcli)
Program glib-compile-schemas found: YES (/usr/bin/glib-compile-schemas)
Program blueprint-compiler found: YES (/usr/bin/blueprint-compiler)
Program python3 found: YES (/usr/bin/python3)
Configuring upscaler using configuration
Configuring __init__.py using configuration
Configuring upscaler.gresource.xml using configuration
Found pkg-config: YES (/usr/bin/pkg-config) 3.0.4
Build-time dependency gio-2.0 found: YES 2.88.2
Program /usr/bin/glib-compile-resources found: YES (/usr/bin/glib-compile-resources)
Program msginit found: YES (/usr/bin/msginit)
Program msgmerge found: YES (/usr/bin/msgmerge)
Program xgettext found: YES (/usr/bin/xgettext)
Dependency gio-2.0 for build machine found: YES 2.88.2 (cached)
Program /usr/bin/glib-compile-schemas found: YES (/usr/bin/glib-compile-schemas)
Program gtk4-update-icon-cache found: YES (/usr/bin/gtk4-update-icon-cache)
Program update-desktop-database found: YES (/usr/bin/update-desktop-database)
Build targets in project: 22

upscaler 1.6.4

  User defined options
    auto_features     : enabled
    b_pie             : true
    buildtype         : plain
    libexecdir        : lib
    prefix            : /usr
    python.bytecompile: 1
    sbindir           : bin
    wrap_mode         : nodownload

Found ninja-1.13.2 at /usr/bin/ninja
Generating targets:   0%|          | 0/22 eta ?                                               Writing build.ninja:   0%|          | 0/50 eta ?                                                ninja: Entering directory `/build/upscaler/src/build'
[1/19] Building translation po/id/LC_MESSAGES/upscaler-id.mo
[2/19] Building translation po/bg/LC_MESSAGES/upscaler-bg.mo
[3/19] Building translation po/de/LC_MESSAGES/upscaler-de.mo
[4/19] Building translation po/es/LC_MESSAGES/upscaler-es.mo
[5/19] Building translation po/fa_IR/LC_MESSAGES/upscaler-fa_IR.mo
[6/19] Building translation po/fr/LC_MESSAGES/upscaler-fr.mo
[7/19] Building translation po/it/LC_MESSAGES/upscaler-it.mo
[8/19] Building translation po/kw/LC_MESSAGES/upscaler-kw.mo
[9/19] Building translation po/nl/LC_MESSAGES/upscaler-nl.mo
[10/19] Building translation po/pt_BR/LC_MESSAGES/upscaler-pt_BR.mo
[11/19] Building translation po/ru/LC_MESSAGES/upscaler-ru.mo
[12/19] Building translation po/sv/LC_MESSAGES/upscaler-sv.mo
[13/19] Building translation po/tr/LC_MESSAGES/upscaler-tr.mo
[14/19] Building translation po/vi/LC_MESSAGES/upscaler-vi.mo
[15/19] Building translation po/uk/LC_MESSAGES/upscaler-uk.mo
[16/19] Merging translations for data/io.gitlab.theevilskeleton.Upscaler.desktop
[17/19] Merging translations for data/io.gitlab.theevilskeleton.Upscaler.metainfo.xml
[18/19] Generating upscaler/blueprints with a custom command
[19/19] Generating upscaler/upscaler_gresource with a custom command
INFO: autodetecting backend as ninja
INFO: calculating backend command to run: /usr/bin/ninja -C /build/upscaler/src/build
