make apps
make[1]: Entering directory '/build/ustreamer/src/ustreamer-build'
make -C src
make[2]: Entering directory '/build/ustreamer/src/ustreamer-build/src'
make[2]: Nothing to be done for 'all'.
make[2]: Leaving directory '/build/ustreamer/src/ustreamer-build/src'
for i in src/*.bin; do \
	test ! -x $i || ln -sf $i `basename $i .bin`; \
done
make[1]: Leaving directory '/build/ustreamer/src/ustreamer-build'
make python
make[1]: Entering directory '/build/ustreamer/src/ustreamer-build'
make -C python
make[2]: Entering directory '/build/ustreamer/src/ustreamer-build/python'
== PY_BUILD ustreamer-*.so
rm -rf root
* Building wheel...
running bdist_wheel
running build
running build_ext
installing to build/bdist.linux-x86_64/wheel
running install
running install_lib
creating build/bdist.linux-x86_64/wheel
copying build/lib.linux-x86_64-cpython-314/ustreamer.cpython-314-x86_64-linux-gnu.so -> build/bdist.linux-x86_64/wheel/.
running install_egg_info
running egg_info
writing ustreamer.egg-info/PKG-INFO
writing dependency_links to ustreamer.egg-info/dependency_links.txt
writing top-level names to ustreamer.egg-info/top_level.txt
reading manifest file 'ustreamer.egg-info/SOURCES.txt'
reading manifest template 'MANIFEST.in'
writing manifest file 'ustreamer.egg-info/SOURCES.txt'
Copying ustreamer.egg-info to build/bdist.linux-x86_64/wheel/./ustreamer-6.65-py3.14.egg-info
running install_scripts
creating build/bdist.linux-x86_64/wheel/ustreamer-6.65.dist-info/WHEEL
creating '/build/ustreamer/src/ustreamer-build/python/dist/.tmp-xd011pvw/ustreamer-6.65-cp314-cp314-linux_x86_64.whl' and adding 'build/bdist.linux-x86_64/wheel' to it
adding 'ustreamer.cpython-314-x86_64-linux-gnu.so'
adding 'ustreamer-6.65.dist-info/METADATA'
adding 'ustreamer-6.65.dist-info/WHEEL'
adding 'ustreamer-6.65.dist-info/top_level.txt'
adding 'ustreamer-6.65.dist-info/RECORD'
removing build/bdist.linux-x86_64/wheel
Successfully built ustreamer-6.65-cp314-cp314-linux_x86_64.whl
make[2]: Leaving directory '/build/ustreamer/src/ustreamer-build/python'
make[1]: Leaving directory '/build/ustreamer/src/ustreamer-build'
make -C src install
make[1]: Entering directory '/build/ustreamer/src/ustreamer-build/src'
mkdir -p /build/ustreamer/pkg/ustreamer/usr/bin
for i in ustreamer ustreamer-dump; do \
	install -m755 $i.bin /build/ustreamer/pkg/ustreamer/usr/bin/$i; \
done
make[1]: Leaving directory '/build/ustreamer/src/ustreamer-build/src'
make -C python install
make[1]: Entering directory '/build/ustreamer/src/ustreamer-build/python'
python3 -m installer --prefix=/usr --destdir=/build/ustreamer/pkg/ustreamer dist/*.whl
make[1]: Leaving directory '/build/ustreamer/src/ustreamer-build/python'
mkdir -p /build/ustreamer/pkg/ustreamer/usr/share/man/man1
for man in ustreamer-dump.1 ustreamer.1; do \
	install -m644 man/$man /build/ustreamer/pkg/ustreamer/usr/share/man/man1/$man; \
	gzip -f /build/ustreamer/pkg/ustreamer/usr/share/man/man1/$man; \
done
