-- CMAKE_SOURCE_DIR = /build/vegastrike-engine/src/Vega-Strike-Engine-Source/engine
-- GIT_ROOT_DIR = /build/vegastrike-engine/src/Vega-Strike-Engine-Source/engine/..
-- The CXX compiler identification is GNU 16.2.1
-- The C compiler identification is GNU 16.2.1
-- Detecting CXX compiler ABI info
-- Detecting CXX compiler ABI info - done
-- Check for working CXX compiler: /usr/bin/c++ - skipped
-- Detecting CXX compile features
-- Detecting CXX compile features - done
-- Detecting C compiler ABI info
-- Detecting C compiler ABI info - done
-- Check for working C compiler: /usr/bin/cc - skipped
-- Detecting C compile features
-- Detecting C compile features - done
== Vega Strike Version: 0.9.1-f648e2c99
-- Looking for pow
-- Looking for pow - not found
-- Looking for pow
-- Looking for pow - found
** Build Type: Release
** OpenGL_GL_PREFERENCE: 
-- Always using preferred PIE logic now
!! Enabling Position Independent Executables/Shared Libraries (NOT RECOMMENDED on Ubuntu/Mint) !!
-- Found Python3: /usr/bin/python3.14 (found suitable version "3.14.7", required range is "3.7...<3.15") found components: Development Interpreter Development.Module Development.Embed
-- Python library : /usr/lib/libpython3.14.so (3.14.7)
-- Python include dir : /usr/include/python3.14
-- Always using system Boost now
-- Found Boost: /usr/lib/cmake/Boost-1.91.0/BoostConfig.cmake (found version "1.91.0") found components: python314 log log_setup date_time filesystem thread chrono atomic program_options
-- Found System Boost version : 1.91.0
** Boost_LIBRARIES: Boost::python;Boost::log;Boost::log_setup;Boost::date_time;Boost::filesystem;Boost::thread;Boost::chrono;Boost::atomic;Boost::program_options
-- Found OpenGL: /usr/lib/libOpenGL.so
++ OpenGL found
-- Path to glext.h: /usr/include/GL/glext.h
-- Path to gl.h: /usr/include/GL/gl.h
-- Path to glu.h: /usr/include/GL/glu.h
-- Found GLUT: /usr/lib/libglut.so
++ GLUT found : /usr/lib/libglut.so;/usr/lib/libXi.so
-- Path to glut.h: /usr/include/GL/glut.h
-- Found OpenAL: /usr/lib/libopenal.so
++ Found OpenAL
++ SDL2 Found
-- Found Vorbis: /usr/lib/libvorbis.so;/usr/lib/libvorbisfile.so;/usr/lib/libogg.so
-- Found JPEG: /usr/lib/libjpeg.so (found version "80")
-- Found ZLIB: /usr/lib/libz.so (found version "1.3.2")
-- Found PNG: /usr/lib/libpng.so (found version "1.6.58")
-- Found EXPAT: /usr/lib/libexpat.so (found version "2.8.3")
-- FFMPEG disabled
-- Ogre disabled
-- Looking for wchar.h
-- Looking for wchar.h - found
-- Looking for float.h
-- Looking for float.h - found
-- Looking for wctype.h
-- Looking for wctype.h - found
-- Looking for inttypes.h
-- Looking for inttypes.h - found
-- Looking for zlib.h
-- Looking for zlib.h - found
-- Looking for math.h
-- Looking for math.h - found
-- Looking for C++ include tr1/unordered_map
-- Looking for C++ include tr1/unordered_map - found
-- Looking for gettimeofday
-- Looking for gettimeofday - found
-- Looking for isnan
-- Looking for isnan - found
-- Looking for finite
-- Looking for finite - found
-- Looking for sys/stat.h
-- Looking for sys/stat.h - found
-- Looking for lstat
-- Looking for lstat - found
-- Looking for GLX_ARB_get_proc_address
-- Looking for GLX_ARB_get_proc_address - found
-- Found GTK3_GTK: /usr/lib/libgtk-3.so
-- Found Boost: /usr/lib/cmake/Boost-1.91.0/BoostConfig.cmake (found version "1.91.0") found components: program_options
-- Compiling vega-meshtool without OgreMesh support: Ogre not found
Always using preferred method now to install doc files
Always using preferred method now to install man pages
-- Configuring Packaging for Linux
-- Configuring Unit Tests
-- Found Threads: TRUE
-- Configuring done (6.3s)
-- Generating done (0.1s)
-- Build files have been written to: /build/vegastrike-engine/src/build
[  0%] Building CXX object objconv/CMakeFiles/vs-buildenv-asteroidgen.dir/asteroidgen.cpp.o
[  0%] Building CXX object setup/CMakeFiles/vegasettings.dir/src/c/setup.cpp.o
[  0%] Building CXX object CMakeFiles/vegastrike-OPcollide.dir/src/cmd/collide2/Ice/IceAABB.cpp.o
[  0%] Building CXX object objconv/CMakeFiles/vs-buildenv-replace.dir/replace.cpp.o
[  0%] Building CXX object objconv/CMakeFiles/vega-meshtool.dir/mesher/from_obj.cpp.o
[  0%] Building CXX object objconv/CMakeFiles/vs-buildenv-trisort.dir/trisort.cpp.o
[  0%] Building CXX object setup/CMakeFiles/vegasettings.dir/src/include/display_gtk.cpp.o
[  0%] Building CXX object CMakeFiles/vegastrike-OPcollide.dir/src/cmd/collide2/Ice/IceContainer.cpp.o
[  1%] Building CXX object setup/CMakeFiles/vegasettings.dir/src/include/central.cpp.o
[  1%] Building CXX object objconv/CMakeFiles/vega-meshtool.dir/mesher/from_BFXM.cpp.o
[  1%] Building CXX object setup/CMakeFiles/vegasettings.dir/src/include/file.cpp.o
[  1%] Building CXX object CMakeFiles/vegastrike-OPcollide.dir/src/cmd/collide2/Ice/IceMatrix3x3.cpp.o
[  1%] Building CXX object setup/CMakeFiles/vegasettings.dir/src/include/display_dialog.cpp.o
[  2%] Building CXX object objconv/CMakeFiles/vega-meshtool.dir/mesher/Converter.cpp.o
[  4%] Building CXX object CMakeFiles/vegastrike-OPcollide.dir/src/cmd/collide2/Ice/IceIndexedTriangle.cpp.o
[  4%] Building CXX object CMakeFiles/vegastrike-testing.dir/src/abstract_config.cpp.o
[  4%] Building CXX object CMakeFiles/vegastrike-OPcollide.dir/src/cmd/collide2/Ice/IceHPoint.cpp.o
[  5%] Building CXX object CMakeFiles/vegastrike-engine_com.dir/src/vs_logging.cpp.o
[  5%] Building CXX object _deps/googletest-build/googletest/CMakeFiles/gtest.dir/src/gtest-all.cc.o
[  5%] Building CXX object setup/CMakeFiles/vegasettings.dir/src/include/general.cpp.o
[  5%] Building CXX object CMakeFiles/vegastrike-testing.dir/src/configuration/configuration.cpp.o
[  5%] Linking CXX executable vs-buildenv-replace
[  5%] Building CXX object CMakeFiles/vegastrike-testing.dir/src/configuration/game_config.cpp.o
[  6%] Linking CXX executable vs-buildenv-asteroidgen
[  6%] Building CXX object objconv/CMakeFiles/vega-meshtool.dir/mesher/main.cpp.o
[  6%] Building CXX object CMakeFiles/vegastrike-engine_com.dir/src/abstract_config.cpp.o
[  7%] Linking CXX executable vs-buildenv-trisort
[  8%] Building CXX object setup/CMakeFiles/vegasettings.dir/__/src/common/common.cpp.o
[  8%] Built target vs-buildenv-replace
[  8%] Building CXX object CMakeFiles/vegastrike-engine_com.dir/src/configuration/configuration.cpp.o
[  8%] Building CXX object CMakeFiles/vegastrike-testing.dir/src/damage/damageable_layer.cpp.o
[  8%] Building CXX object CMakeFiles/vegastrike-OPcollide.dir/src/cmd/collide2/Ice/IceMatrix4x4.cpp.o
[  8%] Building CXX object CMakeFiles/vegastrike-OPcollide.dir/src/cmd/collide2/Ice/IceOBB.cpp.o
[  8%] Building CXX object CMakeFiles/vegastrike-engine_com.dir/src/configuration/game_config.cpp.o
[  8%] Building CXX object objconv/CMakeFiles/vega-meshtool.dir/mesher/to_obj.cpp.o
[  8%] Building CXX object CMakeFiles/vegastrike-testing.dir/src/damage/damageable_object.cpp.o
[  8%] Building CXX object CMakeFiles/vegastrike-OPcollide.dir/src/cmd/collide2/Ice/IcePlane.cpp.o
[  9%] Building CXX object objconv/CMakeFiles/vega-meshtool.dir/mesher/to_OgreMesh.cpp.o
[  9%] Building CXX object objconv/CMakeFiles/vega-meshtool.dir/mesher/to_BFXM.cpp.o
[  9%] Building CXX object objconv/CMakeFiles/vega-meshtool.dir/mesher/Modules/Convert.cpp.o
[  9%] Building CXX object objconv/CMakeFiles/vega-meshtool.dir/mesher/Modules/OldSyntax.cpp.o
[  9%] Building CXX object CMakeFiles/vegastrike-engine_com.dir/src/damage/damageable_layer.cpp.o
[ 10%] Building CXX object CMakeFiles/vegastrike-testing.dir/src/damage/health.cpp.o
[ 10%] Built target vs-buildenv-asteroidgen
[ 10%] Building CXX object CMakeFiles/vegastrike-testing.dir/src/resource/resource.cpp.o
[ 11%] Building CXX object CMakeFiles/vegastrike-engine_com.dir/src/damage/damageable_object.cpp.o
[ 11%] Building CXX object CMakeFiles/vegastrike-testing.dir/src/resource/store.cpp.o
[ 11%] Built target vs-buildenv-trisort
[ 11%] Building CXX object objconv/CMakeFiles/vega-meshtool.dir/mesher/Modules/Dims.cpp.o
[ 11%] Building CXX object CMakeFiles/vegastrike-engine_com.dir/src/damage/health.cpp.o
[ 11%] Building CXX object CMakeFiles/vegastrike-testing.dir/src/resource/product.cpp.o
[ 12%] Building CXX object CMakeFiles/vegastrike-OPcollide.dir/src/cmd/collide2/Ice/IcePoint.cpp.o
[ 13%] Building CXX object objconv/CMakeFiles/vega-meshtool.dir/mesher/Modules/BFXM_to_Wavefront.cpp.o
[ 13%] Building CXX object objconv/CMakeFiles/vega-meshtool.dir/mesher/Modules/BFXM_to_XMesh.cpp.o
[ 13%] Building CXX object CMakeFiles/vegastrike-testing.dir/src/resource/cargo.cpp.o
[ 13%] Building CXX object CMakeFiles/vegastrike-OPcollide.dir/src/cmd/collide2/Ice/IceRandom.cpp.o
[ 13%] Building CXX object objconv/CMakeFiles/vega-meshtool.dir/mesher/Modules/XMesh_to_BFXM.cpp.o
[ 14%] Building CXX object CMakeFiles/vegastrike-testing.dir/src/resource/manifest.cpp.o
[ 14%] Linking CXX executable vegasettings
[ 14%] Building CXX object CMakeFiles/vegastrike-engine_com.dir/src/resource/resource.cpp.o
[ 14%] Building CXX object CMakeFiles/vegastrike-OPcollide.dir/src/cmd/collide2/Ice/IceRay.cpp.o
[ 14%] Building CXX object objconv/CMakeFiles/vega-meshtool.dir/mesher/Modules/XMesh_to_Ogre.cpp.o
[ 14%] Building CXX object CMakeFiles/vegastrike-engine_com.dir/src/resource/store.cpp.o
[ 14%] Building CXX object objconv/CMakeFiles/vega-meshtool.dir/mesher/Modules/Wavefront_to_BFXM.cpp.o
[ 14%] Building CXX object CMakeFiles/vegastrike-OPcollide.dir/src/cmd/collide2/Ice/IceRevisitedRadix.cpp.o
[ 14%] Building CXX object CMakeFiles/vegastrike-testing.dir/src/cmd/json.cpp.o
[ 15%] Building CXX object objconv/CMakeFiles/vega-meshtool.dir/__/src/hashtable.cpp.o
[ 15%] Building CXX object CMakeFiles/vegastrike-OPcollide.dir/src/cmd/collide2/Ice/IceSegment.cpp.o
[ 16%] Building CXX object CMakeFiles/vegastrike-OPcollide.dir/src/cmd/collide2/Ice/IceTriangle.cpp.o
[ 16%] Building CXX object CMakeFiles/vegastrike-testing.dir/src/cmd/alphacurve.cpp.o
[ 16%] Building CXX object objconv/CMakeFiles/vega-meshtool.dir/__/src/xml_support.cpp.o
[ 16%] Building CXX object CMakeFiles/vegastrike-testing.dir/src/cmd/carrier.cpp.o
[ 16%] Building CXX object CMakeFiles/vegastrike-engine_com.dir/src/resource/product.cpp.o
[ 16%] Building CXX object CMakeFiles/vegastrike-OPcollide.dir/src/cmd/collide2/Ice/IceUtils.cpp.o
[ 16%] Building CXX object CMakeFiles/vegastrike-testing.dir/src/cmd/collection.cpp.o
[ 17%] Building CXX object CMakeFiles/vegastrike-testing.dir/src/cmd/collide_map.cpp.o
[ 18%] Building CXX object CMakeFiles/vegastrike-engine_com.dir/src/resource/cargo.cpp.o
[ 18%] Building CXX object CMakeFiles/vegastrike-OPcollide.dir/src/cmd/collide2/csgeom2/opbox.cpp.o
[ 18%] Building CXX object CMakeFiles/vegastrike-testing.dir/src/cmd/collide.cpp.o
[ 18%] Building CXX object CMakeFiles/vegastrike-engine_com.dir/src/resource/manifest.cpp.o
[ 18%] Building CXX object CMakeFiles/vegastrike-OPcollide.dir/src/cmd/collide2/csgeom2/opmatrix3.cpp.o
[ 18%] Building CXX object CMakeFiles/vegastrike-engine_com.dir/src/cmd/json.cpp.o
[ 18%] Building CXX object CMakeFiles/vegastrike-OPcollide.dir/src/cmd/collide2/csgeom2/opvector3.cpp.o
[ 18%] Building CXX object CMakeFiles/vegastrike-testing.dir/src/cmd/container.cpp.o
[ 18%] Building CXX object CMakeFiles/vegastrike-engine_com.dir/src/cmd/ai/aggressive.cpp.o
[ 18%] Linking CXX executable vega-meshtool
[ 18%] Building CXX object CMakeFiles/vegastrike-testing.dir/src/cmd/csv.cpp.o
[ 19%] Building CXX object CMakeFiles/vegastrike-engine_com.dir/src/cmd/ai/autodocking.cpp.o
[ 19%] Building CXX object CMakeFiles/vegastrike-engine_com.dir/src/cmd/ai/comm_ai.cpp.o
[ 20%] Building CXX object CMakeFiles/vegastrike-OPcollide.dir/src/cmd/collide2/OPC_AABBCollider.cpp.o
[ 20%] Built target vegasettings
[ 20%] Building CXX object CMakeFiles/vegastrike-testing.dir/src/cmd/mount.cpp.o
[ 20%] Building CXX object CMakeFiles/vegastrike-OPcollide.dir/src/cmd/collide2/OPC_AABBTree.cpp.o
[ 20%] Linking CXX static library ../../../lib/libgtest.a
[ 20%] Building CXX object CMakeFiles/vegastrike-OPcollide.dir/src/cmd/collide2/OPC_BaseModel.cpp.o
[ 20%] Built target gtest
[ 20%] Building CXX object CMakeFiles/vegastrike-OPcollide.dir/src/cmd/collide2/OPC_BoxPruning.cpp.o
[ 20%] Building CXX object CMakeFiles/vegastrike-OPcollide.dir/src/cmd/collide2/OPC_Collider.cpp.o
[ 21%] Building CXX object CMakeFiles/vegastrike-OPcollide.dir/src/cmd/collide2/OPC_Common.cpp.o
[ 21%] Building CXX object CMakeFiles/vegastrike-OPcollide.dir/src/cmd/collide2/OPC_HybridModel.cpp.o
[ 21%] Building CXX object CMakeFiles/vegastrike-OPcollide.dir/src/cmd/collide2/OPC_LSSCollider.cpp.o
[ 21%] Building CXX object CMakeFiles/vegastrike-engine_com.dir/src/cmd/ai/communication_xml.cpp.o
[ 22%] Building CXX object CMakeFiles/vegastrike-testing.dir/src/cmd/armed.cpp.o
[ 22%] Building CXX object _deps/googletest-build/googletest/CMakeFiles/gtest_main.dir/src/gtest_main.cc.o
[ 22%] Building CXX object CMakeFiles/vegastrike-engine_com.dir/src/cmd/ai/communication.cpp.o
[ 22%] Building CXX object CMakeFiles/vegastrike-OPcollide.dir/src/cmd/collide2/OPC_MeshInterface.cpp.o
[ 22%] Building CXX object CMakeFiles/vegastrike-OPcollide.dir/src/cmd/collide2/OPC_Model.cpp.o
[ 22%] Building CXX object CMakeFiles/vegastrike-testing.dir/src/cmd/audible.cpp.o
[ 22%] Building CXX object _deps/googletest-build/googlemock/CMakeFiles/gmock.dir/src/gmock-all.cc.o
[ 22%] Building CXX object CMakeFiles/vegastrike-engine_com.dir/src/cmd/ai/docking.cpp.o
[ 23%] Building CXX object CMakeFiles/vegastrike-OPcollide.dir/src/cmd/collide2/OPC_OBBCollider.cpp.o
[ 24%] Building CXX object CMakeFiles/vegastrike-engine_com.dir/src/cmd/ai/event_xml.cpp.o
[ 24%] Building CXX object CMakeFiles/vegastrike-OPcollide.dir/src/cmd/collide2/OPC_OptimizedTree.cpp.o
[ 24%] Linking CXX static library ../../../lib/libgtest_main.a
[ 24%] Built target gtest_main
[ 24%] Building CXX object CMakeFiles/vegastrike-engine_com.dir/src/cmd/ai/fire.cpp.o
[ 24%] Building CXX object CMakeFiles/vegastrike-testing.dir/src/cmd/jump_capable.cpp.o
[ 24%] Building CXX object CMakeFiles/vegastrike-OPcollide.dir/src/cmd/collide2/OPC_Picking.cpp.o
[ 24%] Building CXX object CMakeFiles/vegastrike-engine_com.dir/src/cmd/ai/fireall.cpp.o
[ 24%] Building CXX object CMakeFiles/vegastrike-OPcollide.dir/src/cmd/collide2/OPC_PlanesCollider.cpp.o
[ 25%] Building CXX object CMakeFiles/vegastrike-OPcollide.dir/src/cmd/collide2/OPC_RayCollider.cpp.o
[ 25%] Building CXX object CMakeFiles/vegastrike-engine_com.dir/src/cmd/ai/flybywire.cpp.o
[ 25%] Building CXX object CMakeFiles/vegastrike-engine_com.dir/src/cmd/ai/hard_coded_scripts.cpp.o
[ 25%] Built target vega-meshtool
[ 25%] Building CXX object CMakeFiles/vegastrike-testing.dir/src/cmd/role_bitmask.cpp.o
[ 25%] Linking CXX static library ../../../lib/libgmock.a
[ 25%] Built target gmock
[ 26%] Building CXX object CMakeFiles/vegastrike-testing.dir/src/cmd/unit_collide.cpp.o
[ 26%] Building CXX object CMakeFiles/vegastrike-OPcollide.dir/src/cmd/collide2/OPC_SphereCollider.cpp.o
[ 27%] Building CXX object CMakeFiles/vegastrike-engine_com.dir/src/cmd/ai/ikarus.cpp.o
[ 27%] Building CXX object CMakeFiles/vegastrike-engine_com.dir/src/cmd/ai/missionscript.cpp.o
[ 27%] Building CXX object CMakeFiles/vegastrike-engine_com.dir/src/cmd/ai/navigation.cpp.o
[ 27%] Building CXX object _deps/googletest-build/googlemock/CMakeFiles/gmock_main.dir/src/gmock_main.cc.o
[ 27%] Building CXX object CMakeFiles/vegastrike-OPcollide.dir/src/cmd/collide2/OPC_SweepAndPrune.cpp.o
[ 27%] Building CXX object CMakeFiles/vegastrike-OPcollide.dir/src/cmd/collide2/OPC_TreeBuilders.cpp.o
[ 27%] Building CXX object CMakeFiles/vegastrike-testing.dir/src/cmd/unit_const_cache.cpp.o
[ 28%] Linking CXX static library ../../../lib/libgmock_main.a
[ 28%] Built target gmock_main
[ 28%] Building CXX object CMakeFiles/vegastrike-testing.dir/src/cmd/unit_csv.cpp.o
[ 28%] Building CXX object CMakeFiles/vegastrike-OPcollide.dir/src/cmd/collide2/OPC_TreeCollider.cpp.o
[ 28%] Building CXX object CMakeFiles/vegastrike-engine_com.dir/src/cmd/ai/order_comm.cpp.o
[ 28%] Building CXX object CMakeFiles/vegastrike-engine_com.dir/src/cmd/ai/order.cpp.o
[ 28%] Building CXX object CMakeFiles/vegastrike-testing.dir/src/cmd/unit_csv_factory.cpp.o
[ 29%] Building CXX object CMakeFiles/vegastrike-engine_com.dir/src/cmd/ai/script.cpp.o
[ 30%] Building CXX object CMakeFiles/vegastrike-OPcollide.dir/src/cmd/collide2/OPC_VolumeCollider.cpp.o
[ 30%] Building CXX object CMakeFiles/vegastrike-testing.dir/src/cmd/unit_json_factory.cpp.o
[ 30%] Building CXX object CMakeFiles/vegastrike-engine_com.dir/src/cmd/ai/tactics.cpp.o
[ 30%] Building CXX object CMakeFiles/vegastrike-OPcollide.dir/src/cmd/collide2/CSopcodecollider.cpp.o
[ 31%] Building CXX object CMakeFiles/vegastrike-testing.dir/src/cmd/unit_optimize_factory.cpp.o
[ 31%] Building CXX object CMakeFiles/vegastrike-engine_com.dir/src/cmd/ai/turretai.cpp.o
[ 31%] Building CXX object CMakeFiles/vegastrike-testing.dir/src/cmd/unit_functions_generic.cpp.o
[ 31%] Building CXX object CMakeFiles/vegastrike-engine_com.dir/src/cmd/ai/warpto.cpp.o
[ 31%] Building CXX object CMakeFiles/vegastrike-testing.dir/src/cmd/unit_generic.cpp.o
[ 31%] Building CXX object CMakeFiles/vegastrike-engine_com.dir/src/cmd/ai/flykeyboard_generic.cpp.o
[ 31%] Building CXX object CMakeFiles/vegastrike-testing.dir/src/cmd/upgradeable_unit.cpp.o
[ 32%] Building CXX object CMakeFiles/vegastrike-engine_com.dir/src/cmd/alphacurve.cpp.o
[ 32%] Building CXX object CMakeFiles/vegastrike-testing.dir/src/cmd/fg_util.cpp.o
[ 32%] Building CXX object CMakeFiles/vegastrike-engine_com.dir/src/cmd/carrier.cpp.o
[ 32%] Building CXX object CMakeFiles/vegastrike-engine_com.dir/src/cmd/collection.cpp.o
[ 32%] Building CXX object CMakeFiles/vegastrike-engine_com.dir/src/cmd/collide_map.cpp.o
[ 33%] Building CXX object CMakeFiles/vegastrike-testing.dir/src/cmd/unit_util_generic.cpp.o
[ 33%] Building CXX object CMakeFiles/vegastrike-testing.dir/src/cmd/unit_xml.cpp.o
[ 33%] Building CXX object CMakeFiles/vegastrike-engine_com.dir/src/cmd/collide.cpp.o
[ 33%] Building CXX object CMakeFiles/vegastrike-testing.dir/src/cmd/engineVersion.cpp.o
[ 34%] Building CXX object CMakeFiles/vegastrike-engine_com.dir/src/cmd/container.cpp.o
[ 34%] Building CXX object CMakeFiles/vegastrike-engine_com.dir/src/cmd/csv.cpp.o
[ 34%] Linking CXX static library libvegastrike-OPcollide.a
[ 34%] Building CXX object CMakeFiles/vegastrike-engine_com.dir/src/cmd/mount.cpp.o
[ 34%] Built target vegastrike-OPcollide
[ 34%] Building CXX object CMakeFiles/vegastrike-testing.dir/src/cmd/collision.cpp.o
[ 34%] Building CXX object CMakeFiles/vegastrike-engine_com.dir/src/cmd/armed.cpp.o
[ 34%] Building CXX object CMakeFiles/vegastrike-testing.dir/src/cmd/damageable.cpp.o
[ 34%] Building CXX object CMakeFiles/vegastrike-engine_com.dir/src/cmd/audible.cpp.o
[ 35%] Building CXX object CMakeFiles/vegastrike-testing.dir/src/cmd/drawable.cpp.o
[ 36%] Building CXX object CMakeFiles/vegastrike-engine_com.dir/src/cmd/jump_capable.cpp.o
[ 36%] Building CXX object CMakeFiles/vegastrike-engine_com.dir/src/cmd/role_bitmask.cpp.o
[ 36%] Building CXX object CMakeFiles/vegastrike-testing.dir/src/cmd/movable.cpp.o
[ 36%] Building CXX object CMakeFiles/vegastrike-engine_com.dir/src/cmd/unit_collide.cpp.o
[ 36%] Building CXX object CMakeFiles/vegastrike-testing.dir/src/cmd/computer.cpp.o
[ 36%] Building CXX object CMakeFiles/vegastrike-engine_com.dir/src/cmd/unit_const_cache.cpp.o
[ 36%] Building CXX object CMakeFiles/vegastrike-testing.dir/src/cmd/intelligent.cpp.o
[ 36%] Building CXX object CMakeFiles/vegastrike-engine_com.dir/src/cmd/unit_csv.cpp.o
[ 37%] Building CXX object CMakeFiles/vegastrike-engine_com.dir/src/cmd/unit_csv_factory.cpp.o
[ 37%] Building CXX object CMakeFiles/vegastrike-engine_com.dir/src/cmd/unit_json_factory.cpp.o
[ 37%] Building CXX object CMakeFiles/vegastrike-testing.dir/src/cmd/energetic.cpp.o
[ 37%] Building CXX object CMakeFiles/vegastrike-engine_com.dir/src/cmd/unit_optimize_factory.cpp.o
[ 38%] Building CXX object CMakeFiles/vegastrike-testing.dir/src/cmd/cloak.cpp.o
[ 38%] Building CXX object CMakeFiles/vegastrike-engine_com.dir/src/cmd/unit_functions_generic.cpp.o
[ 39%] Building CXX object CMakeFiles/vegastrike-engine_com.dir/src/cmd/unit_generic.cpp.o
[ 39%] Building CXX object CMakeFiles/vegastrike-testing.dir/src/cmd/planetary_orbit.cpp.o
[ 39%] Building CXX object CMakeFiles/vegastrike-engine_com.dir/src/cmd/upgradeable_unit.cpp.o
[ 39%] Building CXX object CMakeFiles/vegastrike-engine_com.dir/src/cmd/fg_util.cpp.o
[ 39%] Building CXX object CMakeFiles/vegastrike-engine_com.dir/src/cmd/unit_util_generic.cpp.o
[ 39%] Building CXX object CMakeFiles/vegastrike-testing.dir/src/cmd/weapon_factory.cpp.o
[ 39%] Building CXX object CMakeFiles/vegastrike-testing.dir/src/cmd/weapon_info.cpp.o
[ 39%] Building CXX object CMakeFiles/vegastrike-testing.dir/src/cmd/mount_size.cpp.o
[ 39%] Building CXX object CMakeFiles/vegastrike-engine_com.dir/src/cmd/unit_xml.cpp.o
[ 40%] Building CXX object CMakeFiles/vegastrike-testing.dir/src/cmd/weapon_type.cpp.o
[ 40%] Building CXX object CMakeFiles/vegastrike-testing.dir/src/vega_py_run.cpp.o
[ 40%] Building CXX object CMakeFiles/vegastrike-testing.dir/src/vs_logging.cpp.o
[ 41%] Building CXX object CMakeFiles/vegastrike-engine_com.dir/src/cmd/engineVersion.cpp.o
[ 41%] Building CXX object CMakeFiles/vegastrike-engine_com.dir/src/cmd/collision.cpp.o
[ 41%] Building CXX object CMakeFiles/vegastrike-engine_com.dir/src/cmd/damageable.cpp.o
[ 41%] Building CXX object CMakeFiles/vegastrike-engine_com.dir/src/cmd/drawable.cpp.o
[ 41%] Building CXX object CMakeFiles/vegastrike-engine_com.dir/src/cmd/movable.cpp.o
[ 42%] Building CXX object CMakeFiles/vegastrike-engine_com.dir/src/cmd/intelligent.cpp.o
[ 42%] Building CXX object CMakeFiles/vegastrike-engine_com.dir/src/cmd/computer.cpp.o
[ 42%] Building CXX object CMakeFiles/vegastrike-engine_com.dir/src/cmd/energetic.cpp.o
[ 42%] Building CXX object CMakeFiles/vegastrike-engine_com.dir/src/cmd/cloak.cpp.o
[ 42%] Building CXX object CMakeFiles/vegastrike-engine_com.dir/src/cmd/planetary_orbit.cpp.o
[ 43%] Building CXX object CMakeFiles/vegastrike-engine_com.dir/src/cmd/weapon_factory.cpp.o
[ 43%] Building CXX object CMakeFiles/vegastrike-engine_com.dir/src/cmd/weapon_info.cpp.o
[ 43%] Building CXX object CMakeFiles/vegastrike-engine_com.dir/src/cmd/mount_size.cpp.o
[ 43%] Building CXX object CMakeFiles/vegastrike-engine_com.dir/src/cmd/weapon_type.cpp.o
[ 43%] Building CXX object CMakeFiles/vegastrike-engine_com.dir/src/vega_py_run.cpp.o
[ 44%] Building CXX object CMakeFiles/vegastrike-engine_com.dir/src/python/init.cpp.o
[ 44%] Building CXX object CMakeFiles/vegastrike-engine_com.dir/src/python/python_compile.cpp.o
[ 44%] Building CXX object CMakeFiles/vegastrike-engine_com.dir/src/python/unit_exports.cpp.o
[ 44%] Building CXX object CMakeFiles/vegastrike-engine_com.dir/src/python/unit_exports1.cpp.o
[ 44%] Linking CXX static library libvegastrike-testing.a
[ 44%] Building CXX object CMakeFiles/vegastrike-engine_com.dir/src/python/unit_exports2.cpp.o
[ 45%] Building CXX object CMakeFiles/vegastrike-engine_com.dir/src/python/unit_exports3.cpp.o
[ 45%] Built target vegastrike-testing
[ 45%] Building CXX object CMakeFiles/vegastrike-engine_com.dir/src/python/unit_method_defs.cpp.o
[ 45%] Building CXX object CMakeFiles/vegastrike-engine_com.dir/src/python/unit_wrapper.cpp.o
[ 45%] Building CXX object CMakeFiles/vegastrike-engine_com.dir/src/python/universe_util_export.cpp.o
[ 45%] Building CXX object CMakeFiles/Vega_Strike_tests.dir/src/cmd/tests/csv_tests.cpp.o
[ 45%] Building CXX object CMakeFiles/vegastrike-engine_com.dir/src/atmospheric_fog_mesh.cpp.o
[ 45%] Building CXX object CMakeFiles/Vega_Strike_tests.dir/src/cmd/tests/json_tests.cpp.o
[ 46%] Building CXX object CMakeFiles/vegastrike-engine_com.dir/src/configxml.cpp.o
[ 46%] Building CXX object CMakeFiles/Vega_Strike_tests.dir/src/configuration/tests/configuration_tests.cpp.o
[ 46%] Building CXX object CMakeFiles/vegastrike-engine_com.dir/src/easydom.cpp.o
[ 46%] Building CXX object CMakeFiles/vegastrike-engine_com.dir/src/endianness.cpp.o
[ 46%] Building CXX object CMakeFiles/Vega_Strike_tests.dir/src/damage/tests/health_tests.cpp.o
[ 46%] Building CXX object CMakeFiles/vegastrike-engine_com.dir/src/macosx_math.cpp.o
[ 47%] Building CXX object CMakeFiles/Vega_Strike_tests.dir/src/damage/tests/layer_tests.cpp.o
[ 48%] Building CXX object CMakeFiles/vegastrike-engine_com.dir/src/faction_generic.cpp.o
[ 48%] Building CXX object CMakeFiles/Vega_Strike_tests.dir/src/damage/tests/object_tests.cpp.o
[ 48%] Building CXX object CMakeFiles/vegastrike-engine_com.dir/src/faction_util_generic.cpp.o
[ 48%] Building CXX object CMakeFiles/vegastrike-engine_com.dir/src/galaxy.cpp.o
[ 48%] Building CXX object CMakeFiles/Vega_Strike_tests.dir/src/resource/tests/buy_sell.cpp.o
[ 48%] Building CXX object CMakeFiles/vegastrike-engine_com.dir/src/galaxy_gen.cpp.o
[ 48%] Building CXX object CMakeFiles/Vega_Strike_tests.dir/src/resource/tests/resource_test.cpp.o
[ 48%] Building CXX object CMakeFiles/vegastrike-engine_com.dir/src/galaxy_xml.cpp.o
[ 48%] Building CXX object CMakeFiles/Vega_Strike_tests.dir/src/resource/tests/manifest_tests.cpp.o
[ 49%] Building CXX object CMakeFiles/Vega_Strike_tests.dir/src/exit_unit_tests.cpp.o
[ 50%] Building CXX object CMakeFiles/vegastrike-engine_com.dir/src/galaxy_utils.cpp.o
[ 50%] Building CXX object CMakeFiles/vegastrike-engine_com.dir/src/hashtable.cpp.o
[ 50%] Building CXX object CMakeFiles/vegastrike-engine_com.dir/src/lin_time.cpp.o
[ 50%] Building CXX object CMakeFiles/vegastrike-engine_com.dir/src/load_mission.cpp.o
[ 50%] Building CXX object CMakeFiles/vegastrike-engine_com.dir/src/pk3.cpp.o
[ 51%] Building CXX object CMakeFiles/vegastrike-engine_com.dir/src/posh.cpp.o
[ 51%] Building CXX object CMakeFiles/vegastrike-engine_com.dir/src/savegame.cpp.o
[ 51%] Building CXX object CMakeFiles/vegastrike-engine_com.dir/src/system_factory.cpp.o
[ 51%] Building CXX object CMakeFiles/vegastrike-engine_com.dir/src/star_system_generic.cpp.o
[ 51%] Building CXX object CMakeFiles/vegastrike-engine_com.dir/src/star_system_xml.cpp.o
[ 52%] Building CXX object CMakeFiles/vegastrike-engine_com.dir/src/stardate.cpp.o
[ 52%] Building CXX object CMakeFiles/vegastrike-engine_com.dir/src/universe_util_generic.cpp.o
[ 52%] Building CXX object CMakeFiles/vegastrike-engine_com.dir/src/universe_globals.cpp.o
[ 52%] Building CXX object CMakeFiles/vegastrike-engine_com.dir/src/vs_globals.cpp.o
[ 52%] Building CXX object CMakeFiles/vegastrike-engine_com.dir/src/vsfilesystem.cpp.o
[ 53%] Building CXX object CMakeFiles/vegastrike-engine_com.dir/src/xml_serializer.cpp.o
[ 53%] Building CXX object CMakeFiles/vegastrike-engine_com.dir/src/xml_support.cpp.o
[ 53%] Building CXX object CMakeFiles/vegastrike-engine_com.dir/src/XMLDocument.cpp.o
[ 53%] Building CXX object CMakeFiles/vegastrike-engine_com.dir/src/options.cpp.o
[ 53%] Building CXX object CMakeFiles/vegastrike-engine_com.dir/src/cmd/script/director_generic.cpp.o
[ 53%] Linking CXX executable Vega_Strike_tests
[ 54%] Building CXX object CMakeFiles/vegastrike-engine_com.dir/src/cmd/script/mission_script.cpp.o
[ 54%] Building CXX object CMakeFiles/vegastrike-engine_com.dir/src/cmd/script/mission.cpp.o
[ 54%] Building CXX object CMakeFiles/vegastrike-engine_com.dir/src/cmd/script/msgcenter.cpp.o
[ 54%] Building CXX object CMakeFiles/vegastrike-engine_com.dir/src/cmd/script/pythonmission.cpp.o
[ 54%] Building CXX object CMakeFiles/vegastrike-engine_com.dir/src/cmd/script/script_call_olist.cpp.o
[ 55%] Building CXX object CMakeFiles/vegastrike-engine_com.dir/src/cmd/script/script_call_omap.cpp.o
[ 55%] Building CXX object CMakeFiles/vegastrike-engine_com.dir/src/cmd/script/script_call_order.cpp.o
[ 55%] Building CXX object CMakeFiles/vegastrike-engine_com.dir/src/cmd/script/script_call_string.cpp.o
[ 55%] Building CXX object CMakeFiles/vegastrike-engine_com.dir/src/cmd/script/script_call_unit_generic.cpp.o
[ 55%] Building CXX object CMakeFiles/vegastrike-engine_com.dir/src/cmd/script/script_callbacks.cpp.o
[ 56%] Building CXX object CMakeFiles/vegastrike-engine_com.dir/src/cmd/script/script_expression.cpp.o
[ 56%] Building CXX object CMakeFiles/vegastrike-engine_com.dir/src/cmd/script/script_generic.cpp.o
[ 56%] Building CXX object CMakeFiles/vegastrike-engine_com.dir/src/cmd/script/script_statement.cpp.o
[ 56%] Building CXX object CMakeFiles/vegastrike-engine_com.dir/src/cmd/script/script_util.cpp.o
[ 57%] Building CXX object CMakeFiles/vegastrike-engine_com.dir/src/cmd/script/script_variables.cpp.o
[ 57%] Building CXX object CMakeFiles/vegastrike-engine_com.dir/src/gfx/texture_manager.cpp.o
[ 57%] Building CXX object CMakeFiles/vegastrike-engine_com.dir/src/gfx/boltdrawmanager.cpp.o
[ 57%] Building CXX object CMakeFiles/vegastrike-engine_com.dir/src/gfx/cockpit_generic.cpp.o
[ 57%] Building CXX object CMakeFiles/vegastrike-engine_com.dir/src/gfx/lerp.cpp.o
[ 58%] Building CXX object CMakeFiles/vegastrike-engine_com.dir/src/gfx/matrix.cpp.o
[ 58%] Building CXX object CMakeFiles/vegastrike-engine_com.dir/src/gfx/mesh_bxm.cpp.o
[ 58%] Building CXX object CMakeFiles/vegastrike-engine_com.dir/src/gfx/mesh_poly.cpp.o
[ 58%] Building CXX object CMakeFiles/vegastrike-engine_com.dir/src/gfx/mesh_xml.cpp.o
[ 58%] Building CXX object CMakeFiles/vegastrike-engine_com.dir/src/gfx/mesh.cpp.o
[ 59%] Building CXX object CMakeFiles/vegastrike-engine_com.dir/src/gfx/quaternion.cpp.o
[ 59%] Building CXX object CMakeFiles/vegastrike-engine_com.dir/src/gfx/soundcontainer_generic.cpp.o
[ 59%] Building CXX object CMakeFiles/vegastrike-engine_com.dir/src/gfx/sphere_generic.cpp.o
[ 59%] Building CXX object CMakeFiles/vegastrike-engine_com.dir/src/gfx/tvector.cpp.o
[ 59%] Built target Vega_Strike_tests
[ 59%] Linking CXX static library libvegastrike-engine_com.a
[ 59%] Built target vegastrike-engine_com
[ 59%] Building CXX object CMakeFiles/vegastrike-engine.dir/src/gui/control.cpp.o
[ 60%] Building CXX object CMakeFiles/vegastrike-engine.dir/src/gui/eventmanager.cpp.o
[ 60%] Building CXX object CMakeFiles/vegastrike-engine.dir/src/gui/groupcontrol.cpp.o
[ 60%] Building CXX object CMakeFiles/vegastrike-engine.dir/src/gui/font.cpp.o
[ 60%] Building CXX object CMakeFiles/vegastrike-engine.dir/src/gui/eventresponder.cpp.o
[ 60%] Building CXX object CMakeFiles/vegastrike-engine.dir/src/gui/button.cpp.o
[ 61%] Building CXX object CMakeFiles/vegastrike-engine.dir/src/gui/guitexture.cpp.o
[ 61%] Building CXX object CMakeFiles/vegastrike-engine.dir/src/gui/glut_support.cpp.o
[ 61%] Building CXX object CMakeFiles/vegastrike-engine.dir/src/gui/guidefs.cpp.o
[ 61%] Building CXX object CMakeFiles/vegastrike-engine.dir/src/gui/modaldialog.cpp.o
[ 61%] Building CXX object CMakeFiles/vegastrike-engine.dir/src/gui/newbutton.cpp.o
[ 62%] Building CXX object CMakeFiles/vegastrike-engine.dir/src/gui/picker.cpp.o
[ 62%] Building CXX object CMakeFiles/vegastrike-engine.dir/src/gui/painttext.cpp.o
[ 62%] Building CXX object CMakeFiles/vegastrike-engine.dir/src/gui/simplepicker.cpp.o
[ 62%] Building CXX object CMakeFiles/vegastrike-engine.dir/src/gui/scroller.cpp.o
[ 62%] Building CXX object CMakeFiles/vegastrike-engine.dir/src/gui/slider.cpp.o
[ 63%] Building CXX object CMakeFiles/vegastrike-engine.dir/src/gui/text_area.cpp.o
[ 63%] Building CXX object CMakeFiles/vegastrike-engine.dir/src/gui/textinputdisplay.cpp.o
[ 63%] Building CXX object CMakeFiles/vegastrike-engine.dir/src/gui/window.cpp.o
[ 63%] Building CXX object CMakeFiles/vegastrike-engine.dir/src/gui/staticdisplay.cpp.o
[ 63%] Building CXX object CMakeFiles/vegastrike-engine.dir/src/gui/windowcontroller.cpp.o
[ 63%] Building CXX object CMakeFiles/vegastrike-engine.dir/src/cg_global.cpp.o
[ 64%] Building CXX object CMakeFiles/vegastrike-engine.dir/src/command.cpp.o
[ 64%] Building CXX object CMakeFiles/vegastrike-engine.dir/src/config_xml.cpp.o
[ 64%] Building CXX object CMakeFiles/vegastrike-engine.dir/src/debug_vs.cpp.o
[ 64%] Building CXX object CMakeFiles/vegastrike-engine.dir/src/faction_util.cpp.o
[ 64%] Building CXX object CMakeFiles/vegastrike-engine.dir/src/force_feedback.cpp.o
[ 65%] Building CXX object CMakeFiles/vegastrike-engine.dir/src/gfxlib_struct.cpp.o
[ 65%] Building CXX object CMakeFiles/vegastrike-engine.dir/src/gamemenu.cpp.o
[ 65%] Building CXX object CMakeFiles/vegastrike-engine.dir/src/in_joystick.cpp.o
[ 65%] Building CXX object CMakeFiles/vegastrike-engine.dir/src/in_kb.cpp.o
[ 66%] Building CXX object CMakeFiles/vegastrike-engine.dir/src/sdl_key_converter.cpp.o
[ 66%] Building CXX object CMakeFiles/vegastrike-engine.dir/src/in_main.cpp.o
[ 66%] Building CXX object CMakeFiles/vegastrike-engine.dir/src/in_mouse.cpp.o
[ 66%] Building CXX object CMakeFiles/vegastrike-engine.dir/src/in_sdl.cpp.o
[ 66%] Building CXX object CMakeFiles/vegastrike-engine.dir/src/main_loop.cpp.o
[ 67%] Building CXX object CMakeFiles/vegastrike-engine.dir/src/physics.cpp.o
[ 67%] Building CXX object CMakeFiles/vegastrike-engine.dir/src/rendertext.cpp.o
[ 67%] Building CXX object CMakeFiles/vegastrike-engine.dir/src/star_system_jump.cpp.o
[ 67%] Building CXX object CMakeFiles/vegastrike-engine.dir/src/ship_commands.cpp.o
[ 67%] Building CXX object CMakeFiles/vegastrike-engine.dir/src/star_system.cpp.o
[ 68%] Building CXX object CMakeFiles/vegastrike-engine.dir/src/universe_util.cpp.o
[ 68%] Building CXX object CMakeFiles/vegastrike-engine.dir/src/universe.cpp.o
[ 68%] Building CXX object CMakeFiles/vegastrike-engine.dir/src/gfx/ani_texture.cpp.o
[ 68%] Building CXX object CMakeFiles/vegastrike-engine.dir/src/gfx/animation.cpp.o
[ 68%] Building CXX object CMakeFiles/vegastrike-engine.dir/src/gfx/aux_logo.cpp.o
[ 69%] Building CXX object CMakeFiles/vegastrike-engine.dir/src/gfx/aux_palette.cpp.o
[ 69%] Building CXX object CMakeFiles/vegastrike-engine.dir/src/gfx/aux_texture.cpp.o
[ 69%] Building CXX object CMakeFiles/vegastrike-engine.dir/src/gfx/background.cpp.o
[ 69%] Building CXX object CMakeFiles/vegastrike-engine.dir/src/gfx/camera.cpp.o
[ 69%] Building CXX object CMakeFiles/vegastrike-engine.dir/src/gfx/cockpit_xml.cpp.o
[ 70%] Building CXX object CMakeFiles/vegastrike-engine.dir/src/gfx/cockpit.cpp.o
[ 70%] Building CXX object CMakeFiles/vegastrike-engine.dir/src/gfx/cockpit_gfx.cpp.o
[ 70%] Building CXX object CMakeFiles/vegastrike-engine.dir/src/gfx/cockpit_gfx_utils.cpp.o
[ 70%] Building CXX object CMakeFiles/vegastrike-engine.dir/src/gfx/coord_select.cpp.o
[ 70%] Building CXX object CMakeFiles/vegastrike-engine.dir/src/gfx/env_map_gent.cpp.o
[ 71%] Building CXX object CMakeFiles/vegastrike-engine.dir/src/gfx/gauge.cpp.o
[ 71%] Building CXX object CMakeFiles/vegastrike-engine.dir/src/gfx/halo_system.cpp.o
[ 71%] Building CXX object CMakeFiles/vegastrike-engine.dir/src/gfx/halo.cpp.o
[ 71%] Building CXX object CMakeFiles/vegastrike-engine.dir/src/gfx/hud.cpp.o
[ 71%] Building CXX object CMakeFiles/vegastrike-engine.dir/src/gfx/jpeg_memory.cpp.o
[ 72%] Building CXX object CMakeFiles/vegastrike-engine.dir/src/gfx/loc_select.cpp.o
[ 72%] Building CXX object CMakeFiles/vegastrike-engine.dir/src/gfx/masks.cpp.o
[ 72%] Building CXX object CMakeFiles/vegastrike-engine.dir/src/gfx/mesh_bin.cpp.o
[ 72%] Building CXX object CMakeFiles/vegastrike-engine.dir/src/gfx/mesh_fx.cpp.o
[ 73%] Building CXX object CMakeFiles/vegastrike-engine.dir/src/gfx/mesh_gfx.cpp.o
[ 73%] Building CXX object CMakeFiles/vegastrike-engine.dir/src/gfx/nav/criteria_xml.cpp.o
[ 73%] Building CXX object CMakeFiles/vegastrike-engine.dir/src/gfx/nav/criteria.cpp.o
[ 73%] Building CXX object CMakeFiles/vegastrike-engine.dir/src/gfx/nav/drawgalaxy.cpp.o
[ 73%] Building CXX object CMakeFiles/vegastrike-engine.dir/src/gfx/nav/drawlist.cpp.o
[ 74%] Building CXX object CMakeFiles/vegastrike-engine.dir/src/gfx/nav/drawsystem.cpp.o
[ 74%] Building CXX object CMakeFiles/vegastrike-engine.dir/src/gfx/nav/navcomputer.cpp.o
[ 74%] Building CXX object CMakeFiles/vegastrike-engine.dir/src/gfx/nav/navgetxmldata.cpp.o
[ 74%] Building CXX object CMakeFiles/vegastrike-engine.dir/src/gfx/nav/navpath.cpp.o
[ 74%] Building CXX object CMakeFiles/vegastrike-engine.dir/src/gfx/nav/navscreen.cpp.o
[ 75%] Building CXX object CMakeFiles/vegastrike-engine.dir/src/gfx/nav/navscreenoccupied.cpp.o
[ 75%] Building CXX object CMakeFiles/vegastrike-engine.dir/src/gfx/radar/bubble_display.cpp.o
[ 75%] Building CXX object CMakeFiles/vegastrike-engine.dir/src/gfx/radar/dual_display.cpp.o
[ 75%] Building CXX object CMakeFiles/vegastrike-engine.dir/src/gfx/radar/plane_display.cpp.o
[ 75%] Building CXX object CMakeFiles/vegastrike-engine.dir/src/gfx/radar/radar.cpp.o
[ 76%] Building CXX object CMakeFiles/vegastrike-engine.dir/src/gfx/radar/sensor.cpp.o
[ 76%] Building CXX object CMakeFiles/vegastrike-engine.dir/src/gfx/radar/sphere_display.cpp.o
[ 76%] Building CXX object CMakeFiles/vegastrike-engine.dir/src/gfx/radar/track.cpp.o
[ 76%] Building CXX object CMakeFiles/vegastrike-engine.dir/src/gfx/radar/viewarea.cpp.o
[ 76%] Building CXX object CMakeFiles/vegastrike-engine.dir/src/gfx/particle.cpp.o
[ 77%] Building CXX object CMakeFiles/vegastrike-engine.dir/src/gfx/pipelined_texture.cpp.o
[ 77%] Building CXX object CMakeFiles/vegastrike-engine.dir/src/gfx/quadsquare_cull.cpp.o
[ 77%] Building CXX object CMakeFiles/vegastrike-engine.dir/src/gfx/quadsquare_render.cpp.o
[ 77%] Building CXX object CMakeFiles/vegastrike-engine.dir/src/gfx/quadsquare_update.cpp.o
[ 77%] Building CXX object CMakeFiles/vegastrike-engine.dir/src/gfx/quadsquare.cpp.o
[ 78%] Building CXX object CMakeFiles/vegastrike-engine.dir/src/gfx/quadtree_xml.cpp.o
[ 78%] Building CXX object CMakeFiles/vegastrike-engine.dir/src/gfx/quadtree.cpp.o
[ 78%] Building CXX object CMakeFiles/vegastrike-engine.dir/src/gfx/ring.cpp.o
[ 78%] Building CXX object CMakeFiles/vegastrike-engine.dir/src/gfx/occlusion.cpp.o
[ 78%] Building CXX object CMakeFiles/vegastrike-engine.dir/src/gfx/screenshot.cpp.o
[ 79%] Building CXX object CMakeFiles/vegastrike-engine.dir/src/gfx/soundcontainer.cpp.o
[ 79%] Building CXX object CMakeFiles/vegastrike-engine.dir/src/gfx/soundcontainer_aldrv.cpp.o
[ 79%] Building CXX object CMakeFiles/vegastrike-engine.dir/src/gfx/sphere.cpp.o
[ 79%] Building CXX object CMakeFiles/vegastrike-engine.dir/src/gfx/sprite.cpp.o
[ 80%] Building CXX object CMakeFiles/vegastrike-engine.dir/src/gfx/star.cpp.o
[ 80%] Building CXX object CMakeFiles/vegastrike-engine.dir/src/gfx/stream_texture.cpp.o
[ 80%] Building CXX object CMakeFiles/vegastrike-engine.dir/src/gfx/technique.cpp.o
[ 80%] Building CXX object CMakeFiles/vegastrike-engine.dir/src/gfx/pass.cpp.o
[ 80%] Building CXX object CMakeFiles/vegastrike-engine.dir/src/gfx/tex_transform.cpp.o
[ 81%] Building CXX object CMakeFiles/vegastrike-engine.dir/src/gfx/vdu.cpp.o
[ 81%] Building CXX object CMakeFiles/vegastrike-engine.dir/src/gfx/vid_file.cpp.o
[ 81%] Building CXX object CMakeFiles/vegastrike-engine.dir/src/ffmpeg_init.cpp.o
[ 81%] Building CXX object CMakeFiles/vegastrike-engine.dir/src/gfx/vsbox.cpp.o
[ 81%] Building CXX object CMakeFiles/vegastrike-engine.dir/src/gfx/vsimage.cpp.o
[ 82%] Building CXX object CMakeFiles/vegastrike-engine.dir/src/gfx/warptrail.cpp.o
[ 82%] Building CXX object CMakeFiles/vegastrike-engine.dir/src/audio/CodecRegistry.cpp.o
[ 82%] Building CXX object CMakeFiles/vegastrike-engine.dir/src/audio/Listener.cpp.o
[ 82%] Building CXX object CMakeFiles/vegastrike-engine.dir/src/audio/RenderableListener.cpp.o
[ 82%] Building CXX object CMakeFiles/vegastrike-engine.dir/src/audio/RenderableSource.cpp.o
[ 83%] Building CXX object CMakeFiles/vegastrike-engine.dir/src/audio/Renderer.cpp.o
[ 83%] Building CXX object CMakeFiles/vegastrike-engine.dir/src/audio/Scene.cpp.o
[ 83%] Building CXX object CMakeFiles/vegastrike-engine.dir/src/audio/SceneManager.cpp.o
[ 83%] Building CXX object CMakeFiles/vegastrike-engine.dir/src/audio/SimpleScene.cpp.o
[ 83%] Building CXX object CMakeFiles/vegastrike-engine.dir/src/audio/SimpleSound.cpp.o
[ 84%] Building CXX object CMakeFiles/vegastrike-engine.dir/src/audio/SimpleSource.cpp.o
[ 84%] Building CXX object CMakeFiles/vegastrike-engine.dir/src/audio/SoundBuffer.cpp.o
[ 84%] Building CXX object CMakeFiles/vegastrike-engine.dir/src/audio/Sound.cpp.o
[ 84%] Building CXX object CMakeFiles/vegastrike-engine.dir/src/audio/Source.cpp.o
[ 84%] Building CXX object CMakeFiles/vegastrike-engine.dir/src/audio/SourceTemplate.cpp.o
[ 85%] Building CXX object CMakeFiles/vegastrike-engine.dir/src/audio/Stream.cpp.o
[ 85%] Building CXX object CMakeFiles/vegastrike-engine.dir/src/audio/test.cpp.o
[ 85%] Building CXX object CMakeFiles/vegastrike-engine.dir/src/audio/utils.cpp.o
[ 85%] Building CXX object CMakeFiles/vegastrike-engine.dir/src/audio/codecs/Codec.cpp.o
[ 85%] Building CXX object CMakeFiles/vegastrike-engine.dir/src/audio/codecs/FFCodec.cpp.o
[ 86%] Building CXX object CMakeFiles/vegastrike-engine.dir/src/audio/codecs/FFStream.cpp.o
[ 86%] Building CXX object CMakeFiles/vegastrike-engine.dir/src/audio/codecs/OggCodec.cpp.o
[ 86%] Building CXX object CMakeFiles/vegastrike-engine.dir/src/audio/codecs/OggData.cpp.o
[ 86%] Building CXX object CMakeFiles/vegastrike-engine.dir/src/audio/codecs/OggStream.cpp.o
[ 86%] Building CXX object CMakeFiles/vegastrike-engine.dir/src/audio/renderers/OpenAL/OpenALHelpers.cpp.o
[ 87%] Building CXX object CMakeFiles/vegastrike-engine.dir/src/audio/renderers/OpenAL/OpenALRenderableListener.cpp.o
[ 87%] Building CXX object CMakeFiles/vegastrike-engine.dir/src/audio/renderers/OpenAL/OpenALRenderableSource.cpp.o
[ 87%] Building CXX object CMakeFiles/vegastrike-engine.dir/src/audio/renderers/OpenAL/OpenALRenderableStreamingSource.cpp.o
[ 87%] Building CXX object CMakeFiles/vegastrike-engine.dir/src/audio/renderers/OpenAL/OpenALRenderer.cpp.o
[ 87%] Building CXX object CMakeFiles/vegastrike-engine.dir/src/audio/renderers/OpenAL/OpenALSimpleSound.cpp.o
[ 88%] Building CXX object CMakeFiles/vegastrike-engine.dir/src/audio/renderers/OpenAL/OpenALStreamingSound.cpp.o
[ 88%] Building CXX object CMakeFiles/vegastrike-engine.dir/src/aldrv/al_globals.cpp.o
[ 88%] Building CXX object CMakeFiles/vegastrike-engine.dir/src/aldrv/al_init.cpp.o
[ 88%] Building CXX object CMakeFiles/vegastrike-engine.dir/src/aldrv/al_listen.cpp.o
[ 89%] Building CXX object CMakeFiles/vegastrike-engine.dir/src/aldrv/al_sound.cpp.o
[ 89%] Building CXX object CMakeFiles/vegastrike-engine.dir/src/cmd/ai/firekeyboard.cpp.o
[ 89%] Building CXX object CMakeFiles/vegastrike-engine.dir/src/cmd/ai/flyjoystick.cpp.o
[ 89%] Building CXX object CMakeFiles/vegastrike-engine.dir/src/cmd/ai/flykeyboard.cpp.o
[ 89%] Building CXX object CMakeFiles/vegastrike-engine.dir/src/cmd/asteroid.cpp.o
[ 90%] Building CXX object CMakeFiles/vegastrike-engine.dir/src/cmd/atmosphere.cpp.o
[ 90%] Building CXX object CMakeFiles/vegastrike-engine.dir/src/cmd/base_init.cpp.o
[ 90%] Building CXX object CMakeFiles/vegastrike-engine.dir/src/cmd/base_interface.cpp.o
[ 90%] Building CXX object CMakeFiles/vegastrike-engine.dir/src/cmd/base_util.cpp.o
[ 90%] Building CXX object CMakeFiles/vegastrike-engine.dir/src/cmd/base_write_python.cpp.o
[ 91%] Building CXX object CMakeFiles/vegastrike-engine.dir/src/cmd/base_write_xml.cpp.o
[ 91%] Building CXX object CMakeFiles/vegastrike-engine.dir/src/cmd/base_xml.cpp.o
[ 91%] Building CXX object CMakeFiles/vegastrike-engine.dir/src/cmd/basecomputer.cpp.o
[ 91%] Building CXX object CMakeFiles/vegastrike-engine.dir/src/cmd/beam.cpp.o
[ 91%] Building CXX object CMakeFiles/vegastrike-engine.dir/src/cmd/bolt.cpp.o
[ 92%] Building CXX object CMakeFiles/vegastrike-engine.dir/src/cmd/briefing.cpp.o
[ 92%] Building CXX object CMakeFiles/vegastrike-engine.dir/src/cmd/building.cpp.o
[ 92%] Building CXX object CMakeFiles/vegastrike-engine.dir/src/cmd/click_list.cpp.o
[ 92%] Building CXX object CMakeFiles/vegastrike-engine.dir/src/cmd/cont_terrain.cpp.o
[ 92%] Building CXX object CMakeFiles/vegastrike-engine.dir/src/cmd/missile.cpp.o
[ 93%] Building CXX object CMakeFiles/vegastrike-engine.dir/src/cmd/music.cpp.o
[ 93%] Building CXX object CMakeFiles/vegastrike-engine.dir/src/cmd/nebula.cpp.o
[ 93%] Building CXX object CMakeFiles/vegastrike-engine.dir/src/cmd/planet.cpp.o
[ 93%] Building CXX object CMakeFiles/vegastrike-engine.dir/src/cmd/ship.cpp.o
[ 93%] Building CXX object CMakeFiles/vegastrike-engine.dir/src/cmd/script/c_alike/c_alike.tab.cpp.o
[ 94%] Building CXX object CMakeFiles/vegastrike-engine.dir/src/cmd/script/c_alike/lex.yy.cpp.o
[ 94%] Building CXX object CMakeFiles/vegastrike-engine.dir/src/cmd/script/director.cpp.o
[ 94%] Building CXX object CMakeFiles/vegastrike-engine.dir/src/cmd/script/flightgroup.cpp.o
[ 94%] Building CXX object CMakeFiles/vegastrike-engine.dir/src/cmd/script/script_call_briefing.cpp.o
[ 94%] Building CXX object CMakeFiles/vegastrike-engine.dir/src/cmd/script/script_call_unit.cpp.o
[ 95%] Building CXX object CMakeFiles/vegastrike-engine.dir/src/cmd/terrain.cpp.o
[ 95%] Building CXX object CMakeFiles/vegastrike-engine.dir/src/cmd/unit_functions.cpp.o
[ 95%] Building CXX object CMakeFiles/vegastrike-engine.dir/src/cmd/unit_util.cpp.o
[ 95%] Building CXX object CMakeFiles/vegastrike-engine.dir/src/cmd/faction_xml.cpp.o
[ 96%] Building CXX object CMakeFiles/vegastrike-engine.dir/src/cmd/faction_factory.cpp.o
[ 96%] Building CXX object CMakeFiles/vegastrike-engine.dir/src/cmd/pilot.cpp.o
[ 96%] Building CXX object CMakeFiles/vegastrike-engine.dir/src/cmd/images.cpp.o
[ 96%] Building CXX object CMakeFiles/vegastrike-engine.dir/src/cmd/turret.cpp.o
[ 96%] Building CXX object CMakeFiles/vegastrike-engine.dir/src/gldrv/gl_program.cpp.o
[ 97%] Building CXX object CMakeFiles/vegastrike-engine.dir/src/gldrv/gl_clip.cpp.o
[ 97%] Building CXX object CMakeFiles/vegastrike-engine.dir/src/gldrv/gl_fog.cpp.o
[ 97%] Building CXX object CMakeFiles/vegastrike-engine.dir/src/gldrv/gl_globals.cpp.o
[ 97%] Building CXX object CMakeFiles/vegastrike-engine.dir/src/gldrv/gl_init.cpp.o
[ 97%] Building CXX object CMakeFiles/vegastrike-engine.dir/src/gldrv/gl_light_pick.cpp.o
[ 98%] Building CXX object CMakeFiles/vegastrike-engine.dir/src/gldrv/gl_light_state.cpp.o
[ 98%] Building CXX object CMakeFiles/vegastrike-engine.dir/src/gldrv/gl_light.cpp.o
[ 98%] Building CXX object CMakeFiles/vegastrike-engine.dir/src/gldrv/gl_material.cpp.o
[ 98%] Building CXX object CMakeFiles/vegastrike-engine.dir/src/gldrv/gl_matrix.cpp.o
[ 98%] Building CXX object CMakeFiles/vegastrike-engine.dir/src/gldrv/gl_misc.cpp.o
[ 99%] Building CXX object CMakeFiles/vegastrike-engine.dir/src/gldrv/gl_quad_list.cpp.o
[ 99%] Building CXX object CMakeFiles/vegastrike-engine.dir/src/gldrv/gl_sphere_list.cpp.o
[ 99%] Building CXX object CMakeFiles/vegastrike-engine.dir/src/gldrv/gl_state.cpp.o
[ 99%] Building CXX object CMakeFiles/vegastrike-engine.dir/src/gldrv/sdds.cpp.o
[ 99%] Building CXX object CMakeFiles/vegastrike-engine.dir/src/gldrv/gl_texture.cpp.o
[100%] Building CXX object CMakeFiles/vegastrike-engine.dir/src/gldrv/gl_vertex_list.cpp.o
[100%] Building CXX object CMakeFiles/vegastrike-engine.dir/src/gldrv/winsys.cpp.o
[100%] Building CXX object CMakeFiles/vegastrike-engine.dir/src/main.cpp.o
[100%] Building CXX object CMakeFiles/vegastrike-engine.dir/src/python/briefing_wrapper.cpp.o
[100%] Linking CXX executable vegastrike-engine
[100%] Built target vegastrike-engine
