autoreconf: export WARNINGS=
autoreconf: Entering directory '.'
autoreconf: running: autopoint --force
Copying file ABOUT-NLS
Copying file po/Makevars.template
Copying file po/Rules-quot
Copying file po/boldquot.sed
Copying file po/en@boldquot.header
Copying file po/en@quot.header
Copying file po/insert-header.sin
Copying file po/quot.sed
Copying file po/remove-potcdate.sin
autoreconf: running: aclocal --force 
configure.ac:737: warning: macro 'AM_GNU_GETTEXT_VERSION' not found in library
configure.ac:738: warning: macro 'AM_GNU_GETTEXT' not found in library
configure.ac:743: warning: macro 'AM_ICONV' not found in library
autoreconf: configure.ac: tracing
autoreconf: running: libtoolize --copy --force
libtoolize: putting auxiliary files in AC_CONFIG_AUX_DIR, 'autotools'.
libtoolize: copying file 'autotools/ltmain.sh'
libtoolize: putting macros in AC_CONFIG_MACRO_DIRS, 'm4'.
libtoolize: copying file 'm4/libtool.m4'
libtoolize: copying file 'm4/ltoptions.m4'
libtoolize: copying file 'm4/ltsugar.m4'
libtoolize: copying file 'm4/ltversion.m4'
libtoolize: copying file 'm4/lt~obsolete.m4'
libtoolize: Consider adding '-I m4' to ACLOCAL_AMFLAGS in Makefile.am.
autoreconf: configure.ac: not using Intltool
autoreconf: configure.ac: not using Gtkdoc
autoreconf: configure.ac: not running autopoint a second time
autoreconf: running: aclocal --force 
configure.ac:737: warning: macro 'AM_GNU_GETTEXT_VERSION' not found in library
configure.ac:738: warning: macro 'AM_GNU_GETTEXT' not found in library
configure.ac:743: warning: macro 'AM_ICONV' not found in library
autoreconf: running: /usr/bin/autoconf --force
autoreconf: running: /usr/bin/autoheader --force
autoreconf: running: automake --add-missing --copy --force-missing
configure.ac:58: installing 'autotools/compile'
configure.ac:45: installing 'autotools/config.guess'
configure.ac:45: installing 'autotools/config.sub'
configure.ac:49: installing 'autotools/install-sh'
configure.ac:49: installing 'autotools/missing'
parallel-tests: installing 'autotools/test-driver'
bin/Makefile.am: installing 'autotools/depcomp'
configure.ac: installing 'autotools/ylwrap'
autoreconf: 'autotools/config.sub' is updated
autoreconf: 'autotools/config.guess' is updated
autoreconf: configure.ac: not running make: --make not given
autoreconf: Leaving directory '.'
Successfully bootstrapped
autoreconf: export WARNINGS=
autoreconf: Entering directory '.'
autoreconf: configure.ac: not running autopoint: --install not given
autoreconf: running: aclocal --force 
configure.ac:737: warning: macro 'AM_GNU_GETTEXT_VERSION' not found in library
configure.ac:738: warning: macro 'AM_GNU_GETTEXT' not found in library
configure.ac:743: warning: macro 'AM_ICONV' not found in library
autoreconf: configure.ac: tracing
autoreconf: configure.ac: not running libtoolize: --install not given
autoreconf: configure.ac: not using Intltool
autoreconf: configure.ac: not using Gtkdoc
autoreconf: configure.ac: not running autopoint: --install not given
autoreconf: running: /usr/bin/autoconf --force
autoreconf: running: /usr/bin/autoheader --force
autoreconf: running: automake --force-missing
autoreconf: configure.ac: not running make: --make not given
autoreconf: Leaving directory '.'
