-- The CXX compiler identification is GNU 16.2.1
-- The C compiler identification is GNU 16.2.1
-- Detecting CXX compiler ABI info
-- Detecting CXX compiler ABI info - done
-- Check for working CXX compiler: /usr/bin/c++ - skipped
-- Detecting CXX compile features
-- Detecting CXX compile features - done
-- Detecting C compiler ABI info
-- Detecting C compiler ABI info - done
-- Check for working C compiler: /usr/bin/cc - skipped
-- Detecting C compile features
-- Detecting C compile features - done
-- Looking for C++ include filesystem
-- Looking for C++ include filesystem - found
-- Performing Test CXX_FILESYSTEM_NO_LINK_NEEDED
-- Performing Test CXX_FILESYSTEM_NO_LINK_NEEDED - Success
-- Performing Test CMAKE_HAVE_LIBC_PTHREAD
-- Performing Test CMAKE_HAVE_LIBC_PTHREAD - Success
-- Found Threads: TRUE
-- Looking for mmap
-- Looking for mmap - found
-- Looking for C++ include pwd.h
-- Looking for C++ include pwd.h - found
-- Performing Test HAVE_FFI_CALL
-- Performing Test HAVE_FFI_CALL - Success
-- Found FFI: /usr/lib/libffi.so
-- Looking for histedit.h
-- Looking for histedit.h - found
-- Found LibEdit: /usr/include (found version "2.11")
-- Found ZLIB: /usr/lib/libz.so (found version "1.3.2")
-- Found LibXml2: /usr/lib/libxml2.so (found version "2.15.4")
-- Found CURL: /usr/lib/libcurl.so (found version "8.22.0")
-- Linker detection: GNU ld
-- Performing Test LLVM_LINKER_SUPPORTS_B_SYMBOLIC_FUNCTIONS
-- Performing Test LLVM_LINKER_SUPPORTS_B_SYMBOLIC_FUNCTIONS - Success
-- Performing Test SUPPORT_EXCLUDE_LIBS
-- Performing Test SUPPORT_EXCLUDE_LIBS - Success
-- spdlog found
-- The ASM compiler identification is GNU
-- Found assembler: /usr/bin/cc
-- Configuring done (2.5s)
-- Generating done (0.0s)
-- Build files have been written to: /build/wasmedge/src/wasmedge/build
ninja: Entering directory `build'
[1/129] Building CXX object lib/system/CMakeFiles/wasmedgeSystem.dir/mmap.cpp.o
[2/129] Building CXX object lib/system/CMakeFiles/wasmedgeSystem.dir/path.cpp.o
[3/129] Building CXX object lib/common/CMakeFiles/wasmedgeCommon.dir/hexstr.cpp.o
[4/129] Building CXX object lib/system/CMakeFiles/wasmedgeSystem.dir/allocator.cpp.o
[5/129] Building CXX object lib/common/CMakeFiles/wasmedgeCommon.dir/spdlog.cpp.o
[6/129] Building CXX object lib/common/CMakeFiles/wasmedgeCommon.dir/hash.cpp.o
[7/129] Building CXX object lib/common/CMakeFiles/wasmedgeCommon.dir/errinfo.cpp.o
[8/129] Building CXX object lib/loader/CMakeFiles/wasmedgeLoaderFileMgr.dir/filemgr.cpp.o
[9/129] Linking CXX static library lib/common/libwasmedgeCommon.a
[10/129] Building CXX object lib/po/CMakeFiles/wasmedgePO.dir/argument_parser.cpp.o
[11/129] Linking CXX static library lib/po/libwasmedgePO.a
[12/129] Building CXX object lib/loader/CMakeFiles/wasmedgeLoaderFileMgr.dir/shared_library.cpp.o
[13/129] Building CXX object lib/loader/CMakeFiles/wasmedgeLoaderFileMgr.dir/aot_section.cpp.o
[14/129] Building CXX object lib/llvm/CMakeFiles/wasmedgeLLVM.dir/data.cpp.o
[15/129] Building CXX object lib/loader/CMakeFiles/wasmedgeLoader.dir/ast/component/component_sort.cpp.o
[16/129] Building CXX object lib/loader/CMakeFiles/wasmedgeLoader.dir/ast/component/component_canonical.cpp.o
[17/129] Building CXX object lib/system/CMakeFiles/wasmedgeSystem.dir/fault.cpp.o
[18/129] Building CXX object lib/loader/CMakeFiles/wasmedgeLoader.dir/ast/component/component_alias.cpp.o
[19/129] Building CXX object lib/llvm/CMakeFiles/wasmedgeLLVM.dir/jit.cpp.o
[20/129] Building CXX object lib/loader/CMakeFiles/wasmedgeLoader.dir/ast/component/component_instance.cpp.o
[21/129] Building CXX object lib/llvm/CMakeFiles/wasmedgeLLVM.dir/codegen.cpp.o
[22/129] Building CXX object lib/loader/CMakeFiles/wasmedgeLoader.dir/ast/component/component_start.cpp.o
[23/129] Building CXX object lib/loader/CMakeFiles/wasmedgeLoader.dir/ast/component/component.cpp.o
[24/129] Building CXX object lib/loader/CMakeFiles/wasmedgeLoader.dir/ast/component/component_export.cpp.o
[25/129] Building CXX object lib/system/CMakeFiles/wasmedgeSystem.dir/stacktrace.cpp.o
[26/129] Linking CXX static library lib/system/libwasmedgeSystem.a
[27/129] Linking CXX static library lib/loader/libwasmedgeLoaderFileMgr.a
[28/129] Building CXX object lib/loader/CMakeFiles/wasmedgeLoader.dir/ast/component/component_descriptor.cpp.o
[29/129] Building CXX object lib/loader/CMakeFiles/wasmedgeLoader.dir/ast/component/component_declarator.cpp.o
[30/129] Building CXX object lib/loader/CMakeFiles/wasmedgeLoader.dir/ast/component/component_import.cpp.o
[31/129] Building CXX object lib/plugin/wasi_logging/CMakeFiles/wasmedgePluginWasiLogging.dir/func.cpp.o
[32/129] Building CXX object lib/loader/CMakeFiles/wasmedgeLoader.dir/ast/component/component_section.cpp.o
[33/129] Building CXX object lib/loader/CMakeFiles/wasmedgeLoader.dir/ast/component/component_valtype.cpp.o
[34/129] Building CXX object lib/loader/CMakeFiles/wasmedgeLoader.dir/ast/component/component_type.cpp.o
[35/129] Building CXX object lib/loader/CMakeFiles/wasmedgeLoader.dir/ast/description.cpp.o
[36/129] Building CXX object lib/loader/CMakeFiles/wasmedgeLoader.dir/ast/module.cpp.o
[37/129] Building CXX object lib/plugin/wasi_logging/CMakeFiles/wasmedgePluginWasiLogging.dir/module.cpp.o
[38/129] Building CXX object lib/validator/CMakeFiles/wasmedgeValidator.dir/component_name.cpp.o
[39/129] Linking CXX static library lib/plugin/wasi_logging/libwasmedgePluginWasiLogging.a
[40/129] Building CXX object lib/loader/CMakeFiles/wasmedgeLoader.dir/serialize/serial_description.cpp.o
[41/129] Building CXX object lib/loader/CMakeFiles/wasmedgeLoader.dir/ast/segment.cpp.o
[42/129] Building CXX object lib/loader/CMakeFiles/wasmedgeLoader.dir/serialize/serial_expression.cpp.o
[43/129] Building CXX object lib/loader/CMakeFiles/wasmedgeLoader.dir/serialize/serial_instruction.cpp.o
[44/129] Building CXX object lib/llvm/CMakeFiles/wasmedgeLLVM.dir/compiler.cpp.o
[45/129] Building CXX object lib/loader/CMakeFiles/wasmedgeLoader.dir/serialize/serial_segment.cpp.o
[46/129] Building CXX object lib/loader/CMakeFiles/wasmedgeLoader.dir/ast/section.cpp.o
[47/129] Building CXX object lib/loader/CMakeFiles/wasmedgeLoader.dir/serialize/serial_type.cpp.o
[48/129] Building CXX object lib/loader/CMakeFiles/wasmedgeLoader.dir/ast/expression.cpp.o
[49/129] Building CXX object lib/loader/CMakeFiles/wasmedgeLoader.dir/ast/type.cpp.o
[50/129] Building CXX object lib/loader/CMakeFiles/wasmedgeLoader.dir/serialize/serial_module.cpp.o
[51/129] Building CXX object lib/loader/CMakeFiles/wasmedgeLoader.dir/serialize/serial_section.cpp.o
[52/129] Building CXX object lib/loader/CMakeFiles/wasmedgeLoader.dir/ast/instruction.cpp.o
[53/129] Building CXX object lib/validator/CMakeFiles/wasmedgeValidator.dir/component_context.cpp.o
[54/129] Building CXX object lib/plugin/CMakeFiles/wasmedgePlugin.dir/plugin.cpp.o
[55/129] Building CXX object lib/loader/CMakeFiles/wasmedgeLoader.dir/loader.cpp.o
[56/129] Building CXX object lib/validator/CMakeFiles/wasmedgeValidator.dir/formchecker.cpp.o
[57/129] Building CXX object lib/validator/CMakeFiles/wasmedgeValidator.dir/validator.cpp.o
[58/129] Building CXX object lib/validator/CMakeFiles/wasmedgeValidator.dir/component_validator.cpp.o
[59/129] Building CXX object lib/executor/CMakeFiles/wasmedgeExecutor.dir/instantiate/function.cpp.o
[60/129] Building CXX object lib/executor/CMakeFiles/wasmedgeExecutor.dir/instantiate/global.cpp.o
[61/129] Building CXX object lib/executor/CMakeFiles/wasmedgeExecutor.dir/instantiate/table.cpp.o
[62/129] Building CXX object lib/executor/CMakeFiles/wasmedgeExecutor.dir/instantiate/memory.cpp.o
[63/129] Building CXX object lib/executor/CMakeFiles/wasmedgeExecutor.dir/instantiate/import.cpp.o
[64/129] Building CXX object lib/executor/CMakeFiles/wasmedgeExecutor.dir/instantiate/data.cpp.o
[65/129] Building CXX object lib/executor/CMakeFiles/wasmedgeExecutor.dir/instantiate/tag.cpp.o
[66/129] Building CXX object lib/executor/CMakeFiles/wasmedgeExecutor.dir/instantiate/export.cpp.o
[67/129] Building CXX object lib/executor/CMakeFiles/wasmedgeExecutor.dir/instantiate/elem.cpp.o
[68/129] Building CXX object lib/executor/CMakeFiles/wasmedgeExecutor.dir/instantiate/component/component_import.cpp.o
[69/129] Building CXX object lib/executor/CMakeFiles/wasmedgeExecutor.dir/instantiate/component/component_export.cpp.o
[70/129] Building CXX object lib/executor/CMakeFiles/wasmedgeExecutor.dir/instantiate/module.cpp.o
[71/129] Building CXX object lib/executor/CMakeFiles/wasmedgeExecutor.dir/instantiate/component/component_alias.cpp.o
[72/129] Building CXX object lib/executor/CMakeFiles/wasmedgeExecutor.dir/instantiate/component/component_canon.cpp.o
[73/129] Linking CXX static library lib/llvm/libwasmedgeLLVM.a
[74/129] Building CXX object lib/executor/CMakeFiles/wasmedgeExecutor.dir/instantiate/component/component_type.cpp.o
[75/129] Linking CXX static library lib/plugin/libwasmedgePlugin.a
[76/129] Linking CXX static library lib/validator/libwasmedgeValidator.a
[77/129] Building CXX object lib/executor/CMakeFiles/wasmedgeExecutor.dir/instantiate/component/component.cpp.o
[78/129] Building C object thirdparty/blake3/CMakeFiles/utilBlake3.dir/blake3.c.o
[79/129] Linking CXX static library lib/loader/libwasmedgeLoader.a
[80/129] Building ASM object thirdparty/blake3/CMakeFiles/utilBlake3.dir/blake3_avx2_x86-64_unix.S.o
[81/129] Building ASM object thirdparty/blake3/CMakeFiles/utilBlake3.dir/blake3_avx512_x86-64_unix.S.o
[82/129] Building C object thirdparty/blake3/CMakeFiles/utilBlake3.dir/blake3_portable.c.o
[83/129] Building ASM object thirdparty/blake3/CMakeFiles/utilBlake3.dir/blake3_sse2_x86-64_unix.S.o
[84/129] Building ASM object thirdparty/blake3/CMakeFiles/utilBlake3.dir/blake3_sse41_x86-64_unix.S.o
[85/129] Building CXX object lib/executor/CMakeFiles/wasmedgeExecutor.dir/instantiate/component/component_module.cpp.o
[86/129] Building CXX object lib/host/wasi/CMakeFiles/wasmedgeHostModuleWasi.dir/vinode.cpp.o
[87/129] Building CXX object lib/executor/CMakeFiles/wasmedgeExecutor.dir/instantiate/component/component_start.cpp.o
[88/129] Building CXX object lib/driver/CMakeFiles/wasmedgeDriver.dir/fuzzTool.cpp.o
[89/129] Building CXX object lib/driver/CMakeFiles/wasmedgeDriver.dir/fuzzPO.cpp.o
[90/129] Building CXX object lib/executor/CMakeFiles/wasmedgeExecutor.dir/instantiate/component/component_instance.cpp.o
[91/129] Building CXX object lib/host/wasi/CMakeFiles/wasmedgeHostModuleWasi.dir/environ.cpp.o
[92/129] Building CXX object lib/host/wasi/CMakeFiles/wasmedgeHostModuleWasi.dir/clock-linux.cpp.o
[93/129] Building CXX object tools/wasmedge/CMakeFiles/wasmedgec.dir/wasmedgec.cpp.o
[94/129] Building C object thirdparty/blake3/CMakeFiles/utilBlake3.dir/blake3_dispatch.c.o
[95/129] Building CXX object tools/wasmedge/CMakeFiles/wasmedge.dir/wasmedge.cpp.o
[96/129] Building CXX object lib/executor/CMakeFiles/wasmedgeExecutor.dir/engine/proxy.cpp.o
[97/129] Linking C static library thirdparty/blake3/libutilBlake3.a
[98/129] Building CXX object lib/executor/CMakeFiles/wasmedgeExecutor.dir/engine/tableInstr.cpp.o
[99/129] Building CXX object lib/host/wasi/CMakeFiles/wasmedgeHostModuleWasi.dir/vfs_io.cpp.o
[100/129] Building CXX object lib/executor/CMakeFiles/wasmedgeExecutor.dir/engine/controlInstr.cpp.o
[101/129] Building CXX object lib/host/wasi/CMakeFiles/wasmedgeHostModuleWasi.dir/environ-linux.cpp.o
[102/129] Building CXX object lib/aot/CMakeFiles/wasmedgeAOT.dir/cache.cpp.o
[103/129] Building CXX object lib/executor/CMakeFiles/wasmedgeExecutor.dir/engine/variableInstr.cpp.o
[104/129] Building CXX object lib/aot/CMakeFiles/wasmedgeAOT.dir/blake3.cpp.o
[105/129] Linking CXX static library lib/aot/libwasmedgeAOT.a
[106/129] Building CXX object lib/executor/CMakeFiles/wasmedgeExecutor.dir/engine/threadInstr.cpp.o
[107/129] Building CXX object lib/api/CMakeFiles/wasmedge_shared.dir/wasmedge_compat.cpp.o
[108/129] Building CXX object lib/executor/CMakeFiles/wasmedgeExecutor.dir/engine/memoryInstr.cpp.o
[109/129] Building CXX object lib/host/wasi/CMakeFiles/wasmedgeHostModuleWasi.dir/inode-linux.cpp.o
[110/129] Building CXX object lib/executor/CMakeFiles/wasmedgeExecutor.dir/coredump.cpp.o
[111/129] Building CXX object lib/executor/CMakeFiles/wasmedgeExecutor.dir/engine/refInstr.cpp.o
[112/129] Building CXX object lib/executor/CMakeFiles/wasmedgeExecutor.dir/helper.cpp.o
[113/129] Building CXX object lib/executor/CMakeFiles/wasmedgeExecutor.dir/executor.cpp.o
[114/129] Building CXX object lib/driver/CMakeFiles/wasmedgeDriver.dir/compilerTool.cpp.o
[115/129] Building CXX object lib/executor/CMakeFiles/wasmedgeExecutor.dir/engine/engine.cpp.o
[116/129] Linking CXX static library lib/executor/libwasmedgeExecutor.a
[117/129] Building CXX object lib/driver/CMakeFiles/wasmedgeDriver.dir/uniTool.cpp.o
[118/129] Building CXX object lib/host/wasi/CMakeFiles/wasmedgeHostModuleWasi.dir/wasifunc.cpp.o
[119/129] Building CXX object lib/driver/CMakeFiles/wasmedgeDriver.dir/runtimeTool.cpp.o
[120/129] Building CXX object lib/host/wasi/CMakeFiles/wasmedgeHostModuleWasi.dir/wasimodule.cpp.o
[121/129] Linking CXX static library lib/host/wasi/libwasmedgeHostModuleWasi.a
[122/129] Building CXX object lib/api/CMakeFiles/wasmedgeCAPI.dir/wasmedge.cpp.o
[123/129] Building CXX object lib/vm/CMakeFiles/wasmedgeVM.dir/vm.cpp.o
[124/129] Linking CXX static library lib/vm/libwasmedgeVM.a
[125/129] Linking CXX static library lib/driver/libwasmedgeDriver.a
[126/129] Linking CXX shared library lib/api/libwasmedge.so.0.1.1
[127/129] Creating library symlink lib/api/libwasmedge.so.0 lib/api/libwasmedge.so
[128/129] Linking CXX executable tools/wasmedge/wasmedge
[129/129] Linking CXX executable tools/wasmedge/wasmedgec
