The no-dev option is deprecated.  Use -Wno-author instead.
-- The C compiler identification is GNU 16.2.1
-- The CXX compiler identification is GNU 16.2.1
-- Detecting C compiler ABI info
-- Detecting C compiler ABI info - done
-- Check for working C compiler: /usr/bin/cc - skipped
-- Detecting C compile features
-- Detecting C compile features - done
-- Detecting CXX compiler ABI info
-- Detecting CXX compiler ABI info - done
-- Check for working CXX compiler: /usr/bin/c++ - skipped
-- Detecting CXX compile features
-- Detecting CXX compile features - done
-- Found PkgConfig: /usr/bin/pkg-config (found version "3.0.7")
-- Performing Test HAVE_W_GNU_VARIADIC_MACROS
-- Performing Test HAVE_W_GNU_VARIADIC_MACROS - Failed
-- Looking for INSTANTIATE_TEST_SUITE_P
-- Looking for INSTANTIATE_TEST_SUITE_P - found
-- Found Boost: /usr/lib/cmake/Boost-1.92.0/BoostConfig.cmake (found version "1.92.0")
-- Found GTest: /usr/lib/cmake/GTest/GTestConfig.cmake (found version "1.18.0")
-- Checking for module 'wayland-client'
--   Found wayland-client, version 1.26.0
-- Checking for module 'wayland-server'
--   Found wayland-server, version 1.26.0
-- Checking for module 'wayland-scanner'
--   Found wayland-scanner, version 1.26.0
-- Found wayland-scanner version 1.26.0, using private-code mode
-- Configuring done (3.9s)
-- Generating done (0.1s)
-- Build files have been written to: /build/wlcs/src/build
[  0%] Generating generated/fractional-scale-v1.c
[  0%] Generating generated/gtk-primary-selection.c
[  0%] Generating generated/gtk-primary-selection-client.h
[  0%] Generating generated/xdg-shell.c
[  0%] Generating generated/xdg-shell.c
[  0%] Generating generated/gtk-primary-selection-client.h
[  1%] Generating generated/fractional-scale-v1-client.h
[  1%] Generating generated/xdg-shell.c
[  1%] Generating generated/xdg-shell.c
[  2%] Generating generated/fractional-scale-v1-client.h
[  3%] Generating generated/fractional-scale-v1-client.h
[  4%] Generating generated/fractional-scale-v1-client.h
[  4%] Generating generated/input-method-unstable-v1-client.h
[  4%] Generating generated/fractional-scale-v1.c
[  4%] Generating generated/gtk-primary-selection.c
[  4%] Generating generated/fractional-scale-v1.c
[  4%] Generating generated/input-method-unstable-v1-client.h
[  4%] Generating generated/fractional-scale-v1.c
[  4%] Generating generated/input-method-unstable-v1.c
[  4%] Building C object CMakeFiles/test_c_compile.dir/src/test_c_compile.c.o
[  5%] Generating generated/input-method-unstable-v2-client.h
[  5%] Generating generated/gtk-primary-selection-client.h
[  5%] Generating generated/gtk-primary-selection-client.h
[  5%] Generating generated/input-method-unstable-v2.c
[  5%] Generating generated/input-method-unstable-v1-client.h
[  5%] Generating generated/pointer-constraints-unstable-v1.c
[  5%] Generating generated/pointer-constraints-unstable-v1-client.h
[  5%] Generating generated/gtk-primary-selection.c
[  5%] Generating generated/input-method-unstable-v1.c
[  5%] Generating generated/input-method-unstable-v1.c
[  5%] Generating generated/input-method-unstable-v2.c
[  5%] Generating generated/input-method-unstable-v1.c
[  5%] Generating generated/input-method-unstable-v2.c
[  5%] Generating generated/pointer-constraints-unstable-v1.c
[  6%] Generating generated/input-method-unstable-v2-client.h
[  7%] Generating generated/input-method-unstable-v2-client.h
[  7%] Generating generated/pointer-constraints-unstable-v1-client.h
[  8%] Generating generated/input-method-unstable-v2-client.h
[  8%] Generating generated/input-method-unstable-v1-client.h
[  8%] Generating generated/input-method-unstable-v2.c
[  9%] Generating generated/primary-selection-unstable-v1-client.h
[  9%] Generating generated/primary-selection-unstable-v1.c
[  9%] Generating generated/pointer-constraints-unstable-v1-client.h
[ 10%] Generating generated/relative-pointer-unstable-v1-client.h
[ 11%] Generating generated/relative-pointer-unstable-v1-client.h
[ 11%] Generating generated/relative-pointer-unstable-v1.c
[ 11%] Generating generated/primary-selection-unstable-v1.c
[ 12%] Generating generated/relative-pointer-unstable-v1-client.h
[ 13%] Generating generated/primary-selection-unstable-v1-client.h
[ 14%] Generating generated/primary-selection-unstable-v1-client.h
[ 13%] Generating generated/relative-pointer-unstable-v1.c
[ 15%] Generating generated/primary-selection-unstable-v1-client.h
[ 15%] Generating generated/text-input-unstable-v2-client.h
[ 15%] Generating generated/relative-pointer-unstable-v1.c
[ 15%] Generating generated/text-input-unstable-v2-client.h
[ 15%] Generating generated/primary-selection-unstable-v1.c
[ 15%] Generating generated/text-input-unstable-v2-client.h
[ 15%] Generating generated/text-input-unstable-v2.c
[ 15%] Generating generated/text-input-unstable-v2.c
[ 16%] Generating generated/text-input-unstable-v3-client.h
[ 17%] Generating generated/text-input-unstable-v3-client.h
[ 17%] Generating generated/primary-selection-unstable-v1.c
[ 18%] Generating generated/text-input-unstable-v3-client.h
[ 18%] Generating generated/viewporter-client.h
[ 18%] Generating generated/text-input-unstable-v2.c
[ 18%] Generating generated/text-input-unstable-v3.c
[ 18%] Generating generated/text-input-unstable-v3.c
[ 18%] Generating generated/text-input-unstable-v2.c
[ 18%] Generating generated/text-input-unstable-v3.c
[ 18%] Generating generated/text-input-unstable-v3.c
[ 19%] Generating generated/text-input-unstable-v3-client.h
[ 19%] Generating generated/text-input-unstable-v2-client.h
[ 19%] Generating generated/wayland-client.h
[ 19%] Generating generated/viewporter.c
[ 19%] Generating generated/viewporter-client.h
[ 19%] Generating generated/viewporter-client.h
[ 19%] Generating generated/viewporter.c
[ 19%] Generating generated/viewporter-client.h
[ 19%] Generating generated/wayland-client.h
[ 19%] Generating generated/viewporter.c
[ 19%] Generating generated/wayland.c
[ 19%] Generating generated/wayland.c
[ 19%] Generating generated/wayland-client.h
[ 20%] Generating generated/wlr-foreign-toplevel-management-unstable-v1-client.h
[ 20%] Generating generated/wayland.c
[ 20%] Generating generated/wayland-client.h
[ 21%] Generating generated/wlr-foreign-toplevel-management-unstable-v1-client.h
[ 22%] Generating generated/wlr-foreign-toplevel-management-unstable-v1-client.h
[ 22%] Generating generated/wlr-foreign-toplevel-management-unstable-v1.c
[ 22%] Generating generated/viewporter.c
[ 23%] Generating generated/wlr-foreign-toplevel-management-unstable-v1-client.h
[ 23%] Generating generated/wayland.c
[ 24%] Generating generated/wlr-layer-shell-unstable-v1-client.h
[ 24%] Generating generated/wlr-foreign-toplevel-management-unstable-v1.c
[ 25%] Generating generated/wlr-layer-shell-unstable-v1-client.h
[ 25%] Generating generated/wlr-foreign-toplevel-management-unstable-v1.c
[ 27%] Generating generated/wlr-layer-shell-unstable-v1-client.h
[ 27%] Generating generated/wlr-layer-shell-unstable-v1-client.h
[ 27%] Generating generated/wlr-layer-shell-unstable-v1.c
[ 27%] Generating generated/wlr-virtual-pointer-unstable-v1-client.h
[ 27%] Generating generated/wlr-layer-shell-unstable-v1.c
[ 27%] Generating generated/wlr-layer-shell-unstable-v1.c
[ 27%] Generating generated/wlr-foreign-toplevel-management-unstable-v1.c
[ 27%] Generating generated/wlr-virtual-pointer-unstable-v1-client.h
[ 27%] Generating generated/wlr-layer-shell-unstable-v1.c
[ 27%] Generating generated/wlr-virtual-pointer-unstable-v1-client.h
[ 28%] Generating generated/xdg-decoration-unstable-v1-client.h
[ 28%] Built target test_c_compile
[ 28%] Generating generated/wlr-virtual-pointer-unstable-v1.c
[ 27%] Generating generated/wlr-virtual-pointer-unstable-v1.c
[ 28%] Generating generated/wlr-virtual-pointer-unstable-v1.c
[ 28%] Generating generated/xdg-decoration-unstable-v1.c
[ 28%] Generating generated/wlr-virtual-pointer-unstable-v1-client.h
[ 28%] Generating generated/wlr-virtual-pointer-unstable-v1.c
[ 29%] Generating generated/xdg-decoration-unstable-v1-client.h
[ 30%] Generating generated/xdg-decoration-unstable-v1-client.h
[ 30%] Generating generated/xdg-output-unstable-v1-client.h
[ 30%] Generating generated/xdg-output-unstable-v1-client.h
[ 31%] Generating generated/xdg-output-unstable-v1.c
[ 31%] Generating generated/xdg-decoration-unstable-v1-client.h
[ 31%] Generating generated/xdg-output-unstable-v1-client.h
[ 31%] Generating generated/xdg-output-unstable-v1.c
[ 31%] Generating generated/xdg-shell-client.h
[ 31%] Generating generated/xdg-decoration-unstable-v1.c
[ 31%] Generating generated/xdg-shell-unstable-v6.c
[ 31%] Generating generated/xdg-decoration-unstable-v1.c
[ 31%] Generating generated/xdg-decoration-unstable-v1.c
[ 31%] Generating generated/xdg-shell-client.h
[ 32%] Generating generated/xdg-shell-unstable-v6-client.h
[ 33%] Generating generated/xdg-shell-unstable-v6-client.h
[ 34%] Generating generated/xdg-shell-unstable-v6-client.h
[ 34%] Generating generated/xdg-output-unstable-v1.c
[ 34%] Generating generated/xdg-output-unstable-v1.c
[ 34%] Generating generated/xdg-shell-unstable-v6.c
[ 34%] Generating generated/xdg-output-unstable-v1-client.h
[ 34%] Generating generated/xdg-shell-client.h
[ 34%] Generating generated/xdg-shell-client.h
[ 34%] Generating generated/xdg-shell-unstable-v6.c
[ 35%] Generating generated/xdg-shell-unstable-v6-client.h
[ 35%] Generating generated/xdg-shell-unstable-v6.c
[ 35%] Building CXX object CMakeFiles/wlcs.asan.dir/src/gtk_primary_selection.cpp.o
[ 35%] Building CXX object CMakeFiles/wlcs.asan.dir/src/xdg_shell_v6.cpp.o
[ 35%] Building CXX object CMakeFiles/wlcs.asan.dir/src/helpers.cpp.o
[ 35%] Building CXX object CMakeFiles/wlcs.asan.dir/src/layer_shell_v1.cpp.o
[ 35%] Building CXX object CMakeFiles/wlcs.asan.dir/src/pointer_constraints_unstable_v1.cpp.o
[ 35%] Building CXX object CMakeFiles/wlcs.asan.dir/src/xdg_shell_stable.cpp.o
[ 36%] Building CXX object CMakeFiles/wlcs.asan.dir/src/surface_builder.cpp.o
[ 36%] Building CXX object CMakeFiles/wlcs.asan.dir/src/shared_library.cpp.o
[ 36%] Building CXX object CMakeFiles/wlcs.asan.dir/src/xdg_output_v1.cpp.o
[ 36%] Building CXX object CMakeFiles/wlcs.asan.dir/src/version_specifier.cpp.o
[ 36%] Building CXX object CMakeFiles/wlcs.asan.dir/src/data_device.cpp.o
[ 37%] Building CXX object CMakeFiles/wlcs.asan.dir/src/xfail_supporting_test_listener.cpp.o
[ 37%] Building CXX object CMakeFiles/wlcs.asan.dir/src/primary_selection.cpp.o
[ 39%] Building CXX object CMakeFiles/wlcs.asan.dir/src/in_process_server.cpp.o
[ 39%] Building CXX object CMakeFiles/wlcs.dir/src/data_device.cpp.o
[ 39%] Building CXX object CMakeFiles/wlcs.asan.dir/src/main.cpp.o
[ 39%] Building CXX object CMakeFiles/wlcs.asan.dir/src/relative_pointer_unstable_v1.cpp.o
[ 39%] Building CXX object CMakeFiles/wlcs.asan.dir/src/input_method.cpp.o
[ 39%] Building CXX object CMakeFiles/wlcs.ubsan.dir/src/data_device.cpp.o
[ 39%] Building CXX object CMakeFiles/wlcs.tsan.dir/src/data_device.cpp.o
[ 39%] Building CXX object CMakeFiles/wlcs.asan.dir/src/xdg_decoration_unstable_v1.cpp.o
[ 39%] Building CXX object CMakeFiles/wlcs.ubsan.dir/src/gtk_primary_selection.cpp.o
[ 39%] Building CXX object CMakeFiles/wlcs.dir/src/gtk_primary_selection.cpp.o
[ 39%] Building C object CMakeFiles/wlcs.asan.dir/generated/gtk-primary-selection.c.o
[ 39%] Building CXX object CMakeFiles/wlcs.tsan.dir/src/gtk_primary_selection.cpp.o
[ 40%] Building C object CMakeFiles/wlcs.asan.dir/generated/primary-selection-unstable-v1.c.o
[ 40%] Building CXX object CMakeFiles/wlcs.tsan.dir/src/helpers.cpp.o
[ 40%] Building C object CMakeFiles/wlcs.asan.dir/generated/wayland.c.o
[ 40%] Building C object CMakeFiles/wlcs.asan.dir/generated/xdg-shell-unstable-v6.c.o
[ 40%] Building CXX object CMakeFiles/wlcs.ubsan.dir/src/helpers.cpp.o
[ 41%] Building CXX object CMakeFiles/wlcs.ubsan.dir/src/in_process_server.cpp.o
[ 41%] Building CXX object CMakeFiles/wlcs.ubsan.dir/src/xdg_shell_v6.cpp.o
[ 41%] Building CXX object CMakeFiles/wlcs.ubsan.dir/src/xdg_shell_stable.cpp.o
[ 42%] Building CXX object CMakeFiles/wlcs.tsan.dir/src/in_process_server.cpp.o
[ 42%] Building CXX object CMakeFiles/wlcs.dir/src/helpers.cpp.o
[ 42%] Building C object CMakeFiles/wlcs.asan.dir/generated/xdg-shell.c.o
[ 43%] Building C object CMakeFiles/wlcs.asan.dir/generated/wlr-layer-shell-unstable-v1.c.o
[ 44%] Building CXX object CMakeFiles/wlcs.dir/src/in_process_server.cpp.o
[ 44%] Building CXX object CMakeFiles/wlcs.ubsan.dir/src/layer_shell_v1.cpp.o
[ 45%] Building CXX object CMakeFiles/wlcs.ubsan.dir/src/main.cpp.o
[ 45%] Building CXX object CMakeFiles/wlcs.tsan.dir/src/xdg_shell_v6.cpp.o
[ 45%] Building CXX object CMakeFiles/wlcs.tsan.dir/src/xdg_shell_stable.cpp.o
[ 45%] Building CXX object CMakeFiles/wlcs.tsan.dir/src/layer_shell_v1.cpp.o
[ 45%] Building C object CMakeFiles/wlcs.asan.dir/generated/xdg-output-unstable-v1.c.o
[ 45%] Building C object CMakeFiles/wlcs.asan.dir/generated/wlr-foreign-toplevel-management-unstable-v1.c.o
[ 46%] Building CXX object CMakeFiles/wlcs.tsan.dir/src/main.cpp.o
[ 46%] Building CXX object CMakeFiles/wlcs.tsan.dir/src/pointer_constraints_unstable_v1.cpp.o
[ 46%] Building CXX object CMakeFiles/wlcs.dir/src/xdg_shell_v6.cpp.o
[ 46%] Building C object CMakeFiles/wlcs.asan.dir/generated/pointer-constraints-unstable-v1.c.o
[ 46%] Building CXX object CMakeFiles/wlcs.dir/src/xdg_shell_stable.cpp.o
[ 46%] Building CXX object CMakeFiles/wlcs.dir/src/layer_shell_v1.cpp.o
[ 47%] Building C object CMakeFiles/wlcs.asan.dir/generated/relative-pointer-unstable-v1.c.o
[ 47%] Building CXX object CMakeFiles/wlcs.tsan.dir/src/primary_selection.cpp.o
[ 47%] Building CXX object CMakeFiles/wlcs.ubsan.dir/src/pointer_constraints_unstable_v1.cpp.o
[ 47%] Building C object CMakeFiles/wlcs.asan.dir/generated/text-input-unstable-v2.c.o
[ 48%] Building CXX object CMakeFiles/wlcs.dir/src/main.cpp.o
[ 48%] Building CXX object CMakeFiles/wlcs.tsan.dir/src/shared_library.cpp.o
[ 48%] Building C object CMakeFiles/wlcs.asan.dir/generated/text-input-unstable-v3.c.o
[ 48%] Building C object CMakeFiles/wlcs.asan.dir/generated/input-method-unstable-v1.c.o
[ 49%] Building C object CMakeFiles/wlcs.asan.dir/generated/input-method-unstable-v2.c.o
[ 50%] Building CXX object CMakeFiles/wlcs.tsan.dir/src/relative_pointer_unstable_v1.cpp.o
[ 50%] Building CXX object CMakeFiles/wlcs.ubsan.dir/src/primary_selection.cpp.o
[ 50%] Building CXX object CMakeFiles/wlcs.dir/src/pointer_constraints_unstable_v1.cpp.o
[ 50%] Building C object CMakeFiles/wlcs.asan.dir/generated/wlr-virtual-pointer-unstable-v1.c.o
[ 50%] Building CXX object CMakeFiles/wlcs.ubsan.dir/src/shared_library.cpp.o
[ 50%] Building CXX object CMakeFiles/wlcs.dir/src/primary_selection.cpp.o
[ 50%] Building CXX object CMakeFiles/wlcs.tsan.dir/src/xfail_supporting_test_listener.cpp.o
[ 50%] Building CXX object CMakeFiles/wlcs.tsan.dir/src/xdg_output_v1.cpp.o
[ 50%] Building CXX object CMakeFiles/wlcs.tsan.dir/src/version_specifier.cpp.o
[ 50%] Building CXX object CMakeFiles/wlcs.dir/src/shared_library.cpp.o
[ 51%] Building CXX object CMakeFiles/wlcs.tsan.dir/src/surface_builder.cpp.o
[ 51%] Building C object CMakeFiles/wlcs.asan.dir/generated/xdg-decoration-unstable-v1.c.o
[ 51%] Building C object CMakeFiles/wlcs.asan.dir/generated/viewporter.c.o
[ 52%] Building CXX object CMakeFiles/wlcs.ubsan.dir/src/relative_pointer_unstable_v1.cpp.o
[ 52%] Building CXX object CMakeFiles/wlcs.tsan.dir/src/input_method.cpp.o
[ 52%] Building CXX object CMakeFiles/wlcs.tsan.dir/src/xdg_decoration_unstable_v1.cpp.o
[ 52%] Building C object CMakeFiles/wlcs.tsan.dir/generated/gtk-primary-selection.c.o
[ 53%] Building C object CMakeFiles/wlcs.tsan.dir/generated/primary-selection-unstable-v1.c.o
[ 54%] Building C object CMakeFiles/wlcs.asan.dir/generated/fractional-scale-v1.c.o
[ 55%] Building CXX object CMakeFiles/wlcs.dir/src/relative_pointer_unstable_v1.cpp.o
[ 55%] Building CXX object CMakeFiles/wlcs.ubsan.dir/src/xfail_supporting_test_listener.cpp.o
[ 55%] Building CXX object CMakeFiles/wlcs.asan.dir/tests/test_bad_buffer.cpp.o
[ 55%] Building CXX object CMakeFiles/wlcs.dir/src/xfail_supporting_test_listener.cpp.o
[ 55%] Building CXX object CMakeFiles/wlcs.dir/src/xdg_output_v1.cpp.o
[ 55%] Building CXX object CMakeFiles/wlcs.ubsan.dir/src/xdg_output_v1.cpp.o
[ 55%] Building C object CMakeFiles/wlcs.tsan.dir/generated/wayland.c.o
[ 55%] Building CXX object CMakeFiles/wlcs.asan.dir/tests/pointer_constraints.cpp.o
[ 55%] Building CXX object CMakeFiles/wlcs.dir/src/version_specifier.cpp.o
[ 56%] Building CXX object CMakeFiles/wlcs.dir/src/surface_builder.cpp.o
[ 56%] Building C object CMakeFiles/wlcs.tsan.dir/generated/xdg-shell-unstable-v6.c.o
[ 56%] Building CXX object CMakeFiles/wlcs.asan.dir/tests/copy_cut_paste.cpp.o
[ 56%] Building CXX object CMakeFiles/wlcs.ubsan.dir/src/version_specifier.cpp.o
[ 56%] Building C object CMakeFiles/wlcs.tsan.dir/generated/xdg-shell.c.o
[ 57%] Building CXX object CMakeFiles/wlcs.dir/src/input_method.cpp.o
[ 57%] Building CXX object CMakeFiles/wlcs.asan.dir/tests/gtk_primary_selection.cpp.o
[ 57%] Building CXX object CMakeFiles/wlcs.asan.dir/tests/test_surface_events.cpp.o
[ 57%] Building CXX object CMakeFiles/wlcs.asan.dir/tests/touches.cpp.o
[ 57%] Building CXX object CMakeFiles/wlcs.dir/src/xdg_decoration_unstable_v1.cpp.o
[ 57%] Building C object CMakeFiles/wlcs.dir/generated/gtk-primary-selection.c.o
[ 57%] Building CXX object CMakeFiles/wlcs.asan.dir/tests/wl_output.cpp.o
[ 58%] Building CXX object CMakeFiles/wlcs.ubsan.dir/src/surface_builder.cpp.o
[ 59%] Building C object CMakeFiles/wlcs.dir/generated/primary-selection-unstable-v1.c.o
[ 60%] Building C object CMakeFiles/wlcs.tsan.dir/generated/wlr-layer-shell-unstable-v1.c.o
[ 60%] Building C object CMakeFiles/wlcs.tsan.dir/generated/xdg-output-unstable-v1.c.o
[ 61%] Building CXX object CMakeFiles/wlcs.asan.dir/tests/surface_input_regions.cpp.o
/build/wlcs/src/wlcs-1.8.1/tests/copy_cut_paste.cpp: In member function ‘virtual void CopyCutPaste_given_source_has_offered_when_sink_gets_focus_it_sees_offer_Test::TestBody()’:
/build/wlcs/src/wlcs-1.8.1/tests/copy_cut_paste.cpp:111:25: error: ‘typename std::decay<_Tp>::type testing::Invoke(FunctionImpl&&) [with FunctionImpl = CopyCutPaste_given_source_has_offered_when_sink_gets_focus_it_sees_offer_Test::TestBody()::<lambda(wl_data_device*, wl_data_offer*)>; typename std::decay<_Tp>::type = CopyCutPaste_given_source_has_offered_when_sink_gets_focus_it_sees_offer_Test::TestBody()::<lambda(wl_data_device*, wl_data_offer*)>]’ is deprecated: Actions can now be implicitly constructed from callables. No need to create wrapper objects using Invoke(). [-Werror=deprecated-declarations]
  111 |         .WillOnce(Invoke([&](struct wl_data_device*, struct wl_data_offer* id)
      |                   ~~~~~~^~~~~~~~~~~~~~~~~~~~~~~~~~~~~~~~~~~~~~~~~~~~~~~~~~~~~~
  112 |         { mdol.listen_to(id); }));
      |         ~~~~~~~~~~~~~~~~~~~~~~~~
In file included from /usr/include/gmock/gmock.h:56,
                 from /build/wlcs/src/wlcs-1.8.1/tests/copy_cut_paste.cpp:25:
/usr/include/gmock/gmock-actions.h:2042:41: note: declared here
 2042 | typename std::decay<FunctionImpl>::type Invoke(FunctionImpl&& function_impl) {
      |                                         ^~~~~~
/build/wlcs/src/wlcs-1.8.1/tests/copy_cut_paste.cpp: In member function ‘virtual void CopyCutPaste_given_sink_has_focus_when_source_makes_offer_sink_sees_offer_Test::TestBody()’:
/build/wlcs/src/wlcs-1.8.1/tests/copy_cut_paste.cpp:123:25: error: ‘typename std::decay<_Tp>::type testing::Invoke(FunctionImpl&&) [with FunctionImpl = CopyCutPaste_given_sink_has_focus_when_source_makes_offer_sink_sees_offer_Test::TestBody()::<lambda(wl_data_device*, wl_data_offer*)>; typename std::decay<_Tp>::type = CopyCutPaste_given_sink_has_focus_when_source_makes_offer_sink_sees_offer_Test::TestBody()::<lambda(wl_data_device*, wl_data_offer*)>]’ is deprecated: Actions can now be implicitly constructed from callables. No need to create wrapper objects using Invoke(). [-Werror=deprecated-declarations]
  123 |         .WillOnce(Invoke([&](struct wl_data_device*, struct wl_data_offer* id)
      |                   ~~~~~~^~~~~~~~~~~~~~~~~~~~~~~~~~~~~~~~~~~~~~~~~~~~~~~~~~~~~~
  124 |         { mdol.listen_to(id); }));
      |         ~~~~~~~~~~~~~~~~~~~~~~~~
/usr/include/gmock/gmock-actions.h:2042:41: note: declared here
 2042 | typename std::decay<FunctionImpl>::type Invoke(FunctionImpl&& function_impl) {
      |                                         ^~~~~~
[ 61%] Building C object CMakeFiles/wlcs.dir/generated/wayland.c.o
[ 61%] Building CXX object CMakeFiles/wlcs.ubsan.dir/src/input_method.cpp.o
[ 61%] Building CXX object CMakeFiles/wlcs.asan.dir/tests/frame_submission.cpp.o
[ 61%] Building C object CMakeFiles/wlcs.tsan.dir/generated/wlr-foreign-toplevel-management-unstable-v1.c.o
[ 61%] Building C object CMakeFiles/wlcs.dir/generated/xdg-shell-unstable-v6.c.o
[ 61%] Building CXX object CMakeFiles/wlcs.ubsan.dir/src/xdg_decoration_unstable_v1.cpp.o
[ 61%] Building C object CMakeFiles/wlcs.dir/generated/xdg-shell.c.o
[ 61%] Building CXX object CMakeFiles/wlcs.asan.dir/tests/primary_selection.cpp.o
[ 61%] Building C object CMakeFiles/wlcs.ubsan.dir/generated/gtk-primary-selection.c.o
[ 61%] Building C object CMakeFiles/wlcs.tsan.dir/generated/pointer-constraints-unstable-v1.c.o
[ 62%] Building C object CMakeFiles/wlcs.dir/generated/wlr-layer-shell-unstable-v1.c.o
[ 63%] Building C object CMakeFiles/wlcs.tsan.dir/generated/relative-pointer-unstable-v1.c.o
[ 64%] Building CXX object CMakeFiles/wlcs.asan.dir/tests/relative_pointer.cpp.o
[ 64%] Building C object CMakeFiles/wlcs.ubsan.dir/generated/primary-selection-unstable-v1.c.o
[ 64%] Building C object CMakeFiles/wlcs.tsan.dir/generated/text-input-unstable-v2.c.o
[ 64%] Building C object CMakeFiles/wlcs.dir/generated/xdg-output-unstable-v1.c.o
[ 64%] Building C object CMakeFiles/wlcs.ubsan.dir/generated/wayland.c.o
[ 64%] Building C object CMakeFiles/wlcs.ubsan.dir/generated/xdg-shell-unstable-v6.c.o
[ 64%] Building C object CMakeFiles/wlcs.tsan.dir/generated/text-input-unstable-v3.c.o
/build/wlcs/src/wlcs-1.8.1/tests/gtk_primary_selection.cpp: In member function ‘virtual void GtkPrimarySelection_sink_can_listen_Test::TestBody()’:
/build/wlcs/src/wlcs-1.8.1/tests/gtk_primary_selection.cpp:166:25: error: ‘typename std::decay<_Tp>::type testing::Invoke(FunctionImpl&&) [with FunctionImpl = GtkPrimarySelection_sink_can_listen_Test::TestBody()::<lambda(auto:43*, auto:44*)>; typename std::decay<_Tp>::type = GtkPrimarySelection_sink_can_listen_Test::TestBody()::<lambda(auto:43*, auto:44*)>]’ is deprecated: Actions can now be implicitly constructed from callables. No need to create wrapper objects using Invoke(). [-Werror=deprecated-declarations]
  166 |         .WillOnce(Invoke([&](auto*, auto* id) { offer_listener.listen_to(id); }));
      |                   ~~~~~~^~~~~~~~~~~~~~~~~~~~~~~~~~~~~~~~~~~~~~~~~~~~~~~~~~~~~~~~
In file included from /usr/include/gmock/gmock.h:56,
                 from /build/wlcs/src/wlcs-1.8.1/tests/gtk_primary_selection.cpp:24:
/usr/include/gmock/gmock-actions.h:2042:41: note: declared here
 2042 | typename std::decay<FunctionImpl>::type Invoke(FunctionImpl&& function_impl) {
      |                                         ^~~~~~
[ 65%] Building CXX object CMakeFiles/wlcs.asan.dir/tests/subsurfaces.cpp.o
/build/wlcs/src/wlcs-1.8.1/tests/gtk_primary_selection.cpp: In member function ‘virtual void GtkPrimarySelection_source_sees_request_Test::TestBody()’:
/build/wlcs/src/wlcs-1.8.1/tests/gtk_primary_selection.cpp:204:31: error: ‘typename std::decay<_Tp>::type testing::Invoke(FunctionImpl&&) [with FunctionImpl = GtkPrimarySelection_source_sees_request_Test::TestBody()::<lambda(auto:45*, auto:46*, int)>; typename std::decay<_Tp>::type = GtkPrimarySelection_source_sees_request_Test::TestBody()::<lambda(auto:45*, auto:46*, int)>]’ is deprecated: Actions can now be implicitly constructed from callables. No need to create wrapper objects using Invoke(). [-Werror=deprecated-declarations]
  204 |         .WillRepeatedly(Invoke([&](auto*, auto*, int fd) { close(fd); }));
      |                         ~~~~~~^~~~~~~~~~~~~~~~~~~~~~~~~~~~~~~~~~~~~~~~~~
/usr/include/gmock/gmock-actions.h:2042:41: note: declared here
 2042 | typename std::decay<FunctionImpl>::type Invoke(FunctionImpl&& function_impl) {
      |                                         ^~~~~~
[ 65%] Building C object CMakeFiles/wlcs.ubsan.dir/generated/xdg-shell.c.o
[ 65%] Building C object CMakeFiles/wlcs.dir/generated/wlr-foreign-toplevel-management-unstable-v1.c.o
[ 65%] Building C object CMakeFiles/wlcs.tsan.dir/generated/input-method-unstable-v1.c.o
[ 65%] Building C object CMakeFiles/wlcs.dir/generated/pointer-constraints-unstable-v1.c.o
[ 66%] Building C object CMakeFiles/wlcs.dir/generated/relative-pointer-unstable-v1.c.o
[ 67%] Building C object CMakeFiles/wlcs.tsan.dir/generated/input-method-unstable-v2.c.o
[ 67%] Building C object CMakeFiles/wlcs.tsan.dir/generated/wlr-virtual-pointer-unstable-v1.c.o
[ 68%] Building C object CMakeFiles/wlcs.ubsan.dir/generated/wlr-layer-shell-unstable-v1.c.o
[ 68%] Building CXX object CMakeFiles/wlcs.asan.dir/tests/xdg_surface_v6.cpp.o
[ 68%] Building C object CMakeFiles/wlcs.tsan.dir/generated/xdg-decoration-unstable-v1.c.o
[ 68%] Building CXX object CMakeFiles/wlcs.asan.dir/tests/xdg_toplevel_v6.cpp.o
[ 68%] Building C object CMakeFiles/wlcs.tsan.dir/generated/viewporter.c.o
[ 69%] Building C object CMakeFiles/wlcs.tsan.dir/generated/fractional-scale-v1.c.o
[ 69%] Building CXX object CMakeFiles/wlcs.tsan.dir/tests/test_bad_buffer.cpp.o
[ 69%] Building CXX object CMakeFiles/wlcs.tsan.dir/tests/pointer_constraints.cpp.o
[ 69%] Building C object CMakeFiles/wlcs.dir/generated/text-input-unstable-v2.c.o
[ 69%] Building C object CMakeFiles/wlcs.ubsan.dir/generated/xdg-output-unstable-v1.c.o
[ 69%] Building C object CMakeFiles/wlcs.ubsan.dir/generated/wlr-foreign-toplevel-management-unstable-v1.c.o
[ 69%] Building C object CMakeFiles/wlcs.dir/generated/text-input-unstable-v3.c.o
[ 69%] Building CXX object CMakeFiles/wlcs.asan.dir/tests/xdg_surface_stable.cpp.o
[ 69%] Building C object CMakeFiles/wlcs.dir/generated/input-method-unstable-v1.c.o
[ 70%] Building C object CMakeFiles/wlcs.dir/generated/input-method-unstable-v2.c.o
cc1plus: all warnings being treated as errors
[ 70%] Building C object CMakeFiles/wlcs.dir/generated/wlr-virtual-pointer-unstable-v1.c.o
make[2]: *** [CMakeFiles/wlcs.asan.dir/build.make:755: CMakeFiles/wlcs.asan.dir/tests/copy_cut_paste.cpp.o] Error 1
make[2]: *** Waiting for unfinished jobs....
[ 70%] Building CXX object CMakeFiles/wlcs.tsan.dir/tests/copy_cut_paste.cpp.o
[ 71%] Building CXX object CMakeFiles/wlcs.tsan.dir/tests/gtk_primary_selection.cpp.o
[ 71%] Building C object CMakeFiles/wlcs.ubsan.dir/generated/pointer-constraints-unstable-v1.c.o
/build/wlcs/src/wlcs-1.8.1/tests/primary_selection.cpp: In member function ‘virtual void PrimarySelection_sink_can_listen_Test::TestBody()’:
/build/wlcs/src/wlcs-1.8.1/tests/primary_selection.cpp:167:25: error: ‘typename std::decay<_Tp>::type testing::Invoke(FunctionImpl&&) [with FunctionImpl = PrimarySelection_sink_can_listen_Test::TestBody()::<lambda(auto:43*, auto:44*)>; typename std::decay<_Tp>::type = PrimarySelection_sink_can_listen_Test::TestBody()::<lambda(auto:43*, auto:44*)>]’ is deprecated: Actions can now be implicitly constructed from callables. No need to create wrapper objects using Invoke(). [-Werror=deprecated-declarations]
  167 |         .WillOnce(Invoke([&](auto*, auto* id) { offer_listener.listen_to(id); }));
      |                   ~~~~~~^~~~~~~~~~~~~~~~~~~~~~~~~~~~~~~~~~~~~~~~~~~~~~~~~~~~~~~~
In file included from /usr/include/gmock/gmock.h:56,
                 from /build/wlcs/src/wlcs-1.8.1/tests/primary_selection.cpp:24:
/usr/include/gmock/gmock-actions.h:2042:41: note: declared here
 2042 | typename std::decay<FunctionImpl>::type Invoke(FunctionImpl&& function_impl) {
      |                                         ^~~~~~
/build/wlcs/src/wlcs-1.8.1/tests/primary_selection.cpp: In member function ‘virtual void PrimarySelection_source_sees_request_Test::TestBody()’:
/build/wlcs/src/wlcs-1.8.1/tests/primary_selection.cpp:205:31: error: ‘typename std::decay<_Tp>::type testing::Invoke(FunctionImpl&&) [with FunctionImpl = PrimarySelection_source_sees_request_Test::TestBody()::<lambda(auto:45*, auto:46*, int)>; typename std::decay<_Tp>::type = PrimarySelection_source_sees_request_Test::TestBody()::<lambda(auto:45*, auto:46*, int)>]’ is deprecated: Actions can now be implicitly constructed from callables. No need to create wrapper objects using Invoke(). [-Werror=deprecated-declarations]
  205 |         .WillRepeatedly(Invoke([&](auto*, auto*, int fd) { close(fd); }));
      |                         ~~~~~~^~~~~~~~~~~~~~~~~~~~~~~~~~~~~~~~~~~~~~~~~~
/usr/include/gmock/gmock-actions.h:2042:41: note: declared here
 2042 | typename std::decay<FunctionImpl>::type Invoke(FunctionImpl&& function_impl) {
      |                                         ^~~~~~
[ 71%] Building C object CMakeFiles/wlcs.dir/generated/xdg-decoration-unstable-v1.c.o
[ 72%] Building C object CMakeFiles/wlcs.ubsan.dir/generated/relative-pointer-unstable-v1.c.o
[ 72%] Building C object CMakeFiles/wlcs.dir/generated/viewporter.c.o
[ 72%] Building CXX object CMakeFiles/wlcs.tsan.dir/tests/test_surface_events.cpp.o
[ 73%] Building C object CMakeFiles/wlcs.dir/generated/fractional-scale-v1.c.o
[ 73%] Building CXX object CMakeFiles/wlcs.dir/tests/test_bad_buffer.cpp.o
[ 73%] Building C object CMakeFiles/wlcs.ubsan.dir/generated/text-input-unstable-v2.c.o
[ 73%] Building C object CMakeFiles/wlcs.ubsan.dir/generated/text-input-unstable-v3.c.o
cc1plus: all warnings being treated as errors
make[2]: *** [CMakeFiles/wlcs.asan.dir/build.make:769: CMakeFiles/wlcs.asan.dir/tests/gtk_primary_selection.cpp.o] Error 1
[ 73%] Building CXX object CMakeFiles/wlcs.tsan.dir/tests/touches.cpp.o
[ 73%] Building C object CMakeFiles/wlcs.ubsan.dir/generated/input-method-unstable-v1.c.o
[ 73%] Building CXX object CMakeFiles/wlcs.dir/tests/pointer_constraints.cpp.o
[ 73%] Building CXX object CMakeFiles/wlcs.tsan.dir/tests/wl_output.cpp.o
[ 74%] Building C object CMakeFiles/wlcs.ubsan.dir/generated/input-method-unstable-v2.c.o
[ 74%] Building C object CMakeFiles/wlcs.ubsan.dir/generated/wlr-virtual-pointer-unstable-v1.c.o
[ 75%] Building CXX object CMakeFiles/wlcs.tsan.dir/tests/surface_input_regions.cpp.o
[ 75%] Building CXX object CMakeFiles/wlcs.tsan.dir/tests/frame_submission.cpp.o
[ 75%] Building C object CMakeFiles/wlcs.ubsan.dir/generated/xdg-decoration-unstable-v1.c.o
[ 75%] Building C object CMakeFiles/wlcs.ubsan.dir/generated/viewporter.c.o
[ 75%] Building CXX object CMakeFiles/wlcs.tsan.dir/tests/primary_selection.cpp.o
[ 76%] Building C object CMakeFiles/wlcs.ubsan.dir/generated/fractional-scale-v1.c.o
[ 76%] Building CXX object CMakeFiles/wlcs.ubsan.dir/tests/test_bad_buffer.cpp.o
/build/wlcs/src/wlcs-1.8.1/tests/gtk_primary_selection.cpp: In member function ‘virtual void GtkPrimarySelection_sink_can_listen_Test::TestBody()’:
/build/wlcs/src/wlcs-1.8.1/tests/gtk_primary_selection.cpp:166:25: error: ‘typename std::decay<_Tp>::type testing::Invoke(FunctionImpl&&) [with FunctionImpl = GtkPrimarySelection_sink_can_listen_Test::TestBody()::<lambda(auto:43*, auto:44*)>; typename std::decay<_Tp>::type = GtkPrimarySelection_sink_can_listen_Test::TestBody()::<lambda(auto:43*, auto:44*)>]’ is deprecated: Actions can now be implicitly constructed from callables. No need to create wrapper objects using Invoke(). [-Werror=deprecated-declarations]
  166 |         .WillOnce(Invoke([&](auto*, auto* id) { offer_listener.listen_to(id); }));
      |                   ~~~~~~^~~~~~~~~~~~~~~~~~~~~~~~~~~~~~~~~~~~~~~~~~~~~~~~~~~~~~~~
In file included from /usr/include/gmock/gmock.h:56,
                 from /build/wlcs/src/wlcs-1.8.1/tests/gtk_primary_selection.cpp:24:
/usr/include/gmock/gmock-actions.h:2042:41: note: declared here
 2042 | typename std::decay<FunctionImpl>::type Invoke(FunctionImpl&& function_impl) {
      |                                         ^~~~~~
/build/wlcs/src/wlcs-1.8.1/tests/gtk_primary_selection.cpp: In member function ‘virtual void GtkPrimarySelection_source_sees_request_Test::TestBody()’:
/build/wlcs/src/wlcs-1.8.1/tests/gtk_primary_selection.cpp:204:31: error: ‘typename std::decay<_Tp>::type testing::Invoke(FunctionImpl&&) [with FunctionImpl = GtkPrimarySelection_source_sees_request_Test::TestBody()::<lambda(auto:45*, auto:46*, int)>; typename std::decay<_Tp>::type = GtkPrimarySelection_source_sees_request_Test::TestBody()::<lambda(auto:45*, auto:46*, int)>]’ is deprecated: Actions can now be implicitly constructed from callables. No need to create wrapper objects using Invoke(). [-Werror=deprecated-declarations]
  204 |         .WillRepeatedly(Invoke([&](auto*, auto*, int fd) { close(fd); }));
      |                         ~~~~~~^~~~~~~~~~~~~~~~~~~~~~~~~~~~~~~~~~~~~~~~~~
/usr/include/gmock/gmock-actions.h:2042:41: note: declared here
 2042 | typename std::decay<FunctionImpl>::type Invoke(FunctionImpl&& function_impl) {
      |                                         ^~~~~~
/build/wlcs/src/wlcs-1.8.1/tests/copy_cut_paste.cpp: In member function ‘virtual void CopyCutPaste_given_source_has_offered_when_sink_gets_focus_it_sees_offer_Test::TestBody()’:
/build/wlcs/src/wlcs-1.8.1/tests/copy_cut_paste.cpp:111:25: error: ‘typename std::decay<_Tp>::type testing::Invoke(FunctionImpl&&) [with FunctionImpl = CopyCutPaste_given_source_has_offered_when_sink_gets_focus_it_sees_offer_Test::TestBody()::<lambda(wl_data_device*, wl_data_offer*)>; typename std::decay<_Tp>::type = CopyCutPaste_given_source_has_offered_when_sink_gets_focus_it_sees_offer_Test::TestBody()::<lambda(wl_data_device*, wl_data_offer*)>]’ is deprecated: Actions can now be implicitly constructed from callables. No need to create wrapper objects using Invoke(). [-Werror=deprecated-declarations]
  111 |         .WillOnce(Invoke([&](struct wl_data_device*, struct wl_data_offer* id)
      |                   ~~~~~~^~~~~~~~~~~~~~~~~~~~~~~~~~~~~~~~~~~~~~~~~~~~~~~~~~~~~~
  112 |         { mdol.listen_to(id); }));
      |         ~~~~~~~~~~~~~~~~~~~~~~~~
In file included from /usr/include/gmock/gmock.h:56,
                 from /build/wlcs/src/wlcs-1.8.1/tests/copy_cut_paste.cpp:25:
/usr/include/gmock/gmock-actions.h:2042:41: note: declared here
 2042 | typename std::decay<FunctionImpl>::type Invoke(FunctionImpl&& function_impl) {
      |                                         ^~~~~~
/build/wlcs/src/wlcs-1.8.1/tests/copy_cut_paste.cpp: In member function ‘virtual void CopyCutPaste_given_sink_has_focus_when_source_makes_offer_sink_sees_offer_Test::TestBody()’:
/build/wlcs/src/wlcs-1.8.1/tests/copy_cut_paste.cpp:123:25: error: ‘typename std::decay<_Tp>::type testing::Invoke(FunctionImpl&&) [with FunctionImpl = CopyCutPaste_given_sink_has_focus_when_source_makes_offer_sink_sees_offer_Test::TestBody()::<lambda(wl_data_device*, wl_data_offer*)>; typename std::decay<_Tp>::type = CopyCutPaste_given_sink_has_focus_when_source_makes_offer_sink_sees_offer_Test::TestBody()::<lambda(wl_data_device*, wl_data_offer*)>]’ is deprecated: Actions can now be implicitly constructed from callables. No need to create wrapper objects using Invoke(). [-Werror=deprecated-declarations]
  123 |         .WillOnce(Invoke([&](struct wl_data_device*, struct wl_data_offer* id)
      |                   ~~~~~~^~~~~~~~~~~~~~~~~~~~~~~~~~~~~~~~~~~~~~~~~~~~~~~~~~~~~~
  124 |         { mdol.listen_to(id); }));
      |         ~~~~~~~~~~~~~~~~~~~~~~~~
/usr/include/gmock/gmock-actions.h:2042:41: note: declared here
 2042 | typename std::decay<FunctionImpl>::type Invoke(FunctionImpl&& function_impl) {
      |                                         ^~~~~~
[ 76%] Building CXX object CMakeFiles/wlcs.dir/tests/copy_cut_paste.cpp.o
[ 76%] Building CXX object CMakeFiles/wlcs.tsan.dir/tests/relative_pointer.cpp.o
[ 77%] Building CXX object CMakeFiles/wlcs.dir/tests/gtk_primary_selection.cpp.o
[ 77%] Building CXX object CMakeFiles/wlcs.dir/tests/test_surface_events.cpp.o
cc1plus: all warnings being treated as errors
make[2]: *** [CMakeFiles/wlcs.asan.dir/build.make:853: CMakeFiles/wlcs.asan.dir/tests/primary_selection.cpp.o] Error 1
[ 77%] Building CXX object CMakeFiles/wlcs.ubsan.dir/tests/pointer_constraints.cpp.o
[ 78%] Building CXX object CMakeFiles/wlcs.tsan.dir/tests/subsurfaces.cpp.o
[ 78%] Building CXX object CMakeFiles/wlcs.ubsan.dir/tests/copy_cut_paste.cpp.o
/build/wlcs/src/wlcs-1.8.1/tests/primary_selection.cpp: In member function ‘virtual void PrimarySelection_sink_can_listen_Test::TestBody()’:
/build/wlcs/src/wlcs-1.8.1/tests/primary_selection.cpp:167:25: error: ‘typename std::decay<_Tp>::type testing::Invoke(FunctionImpl&&) [with FunctionImpl = PrimarySelection_sink_can_listen_Test::TestBody()::<lambda(auto:43*, auto:44*)>; typename std::decay<_Tp>::type = PrimarySelection_sink_can_listen_Test::TestBody()::<lambda(auto:43*, auto:44*)>]’ is deprecated: Actions can now be implicitly constructed from callables. No need to create wrapper objects using Invoke(). [-Werror=deprecated-declarations]
  167 |         .WillOnce(Invoke([&](auto*, auto* id) { offer_listener.listen_to(id); }));
      |                   ~~~~~~^~~~~~~~~~~~~~~~~~~~~~~~~~~~~~~~~~~~~~~~~~~~~~~~~~~~~~~~
In file included from /usr/include/gmock/gmock.h:56,
                 from /build/wlcs/src/wlcs-1.8.1/tests/primary_selection.cpp:24:
/usr/include/gmock/gmock-actions.h:2042:41: note: declared here
 2042 | typename std::decay<FunctionImpl>::type Invoke(FunctionImpl&& function_impl) {
      |                                         ^~~~~~
/build/wlcs/src/wlcs-1.8.1/tests/primary_selection.cpp: In member function ‘virtual void PrimarySelection_source_sees_request_Test::TestBody()’:
/build/wlcs/src/wlcs-1.8.1/tests/primary_selection.cpp:205:31: error: ‘typename std::decay<_Tp>::type testing::Invoke(FunctionImpl&&) [with FunctionImpl = PrimarySelection_source_sees_request_Test::TestBody()::<lambda(auto:45*, auto:46*, int)>; typename std::decay<_Tp>::type = PrimarySelection_source_sees_request_Test::TestBody()::<lambda(auto:45*, auto:46*, int)>]’ is deprecated: Actions can now be implicitly constructed from callables. No need to create wrapper objects using Invoke(). [-Werror=deprecated-declarations]
  205 |         .WillRepeatedly(Invoke([&](auto*, auto*, int fd) { close(fd); }));
      |                         ~~~~~~^~~~~~~~~~~~~~~~~~~~~~~~~~~~~~~~~~~~~~~~~~
/usr/include/gmock/gmock-actions.h:2042:41: note: declared here
 2042 | typename std::decay<FunctionImpl>::type Invoke(FunctionImpl&& function_impl) {
      |                                         ^~~~~~
[ 78%] Building CXX object CMakeFiles/wlcs.tsan.dir/tests/xdg_surface_v6.cpp.o
[ 78%] Building CXX object CMakeFiles/wlcs.tsan.dir/tests/xdg_toplevel_v6.cpp.o
cc1plus: all warnings being treated as errors
make[2]: *** [CMakeFiles/wlcs.tsan.dir/build.make:755: CMakeFiles/wlcs.tsan.dir/tests/copy_cut_paste.cpp.o] Error 1
make[2]: *** Waiting for unfinished jobs....
[ 78%] Building CXX object CMakeFiles/wlcs.dir/tests/touches.cpp.o
/build/wlcs/src/wlcs-1.8.1/tests/copy_cut_paste.cpp: In member function ‘virtual void CopyCutPaste_given_source_has_offered_when_sink_gets_focus_it_sees_offer_Test::TestBody()’:
/build/wlcs/src/wlcs-1.8.1/tests/copy_cut_paste.cpp:111:25: error: ‘typename std::decay<_Tp>::type testing::Invoke(FunctionImpl&&) [with FunctionImpl = CopyCutPaste_given_source_has_offered_when_sink_gets_focus_it_sees_offer_Test::TestBody()::<lambda(wl_data_device*, wl_data_offer*)>; typename std::decay<_Tp>::type = CopyCutPaste_given_source_has_offered_when_sink_gets_focus_it_sees_offer_Test::TestBody()::<lambda(wl_data_device*, wl_data_offer*)>]’ is deprecated: Actions can now be implicitly constructed from callables. No need to create wrapper objects using Invoke(). [-Werror=deprecated-declarations]
  111 |         .WillOnce(Invoke([&](struct wl_data_device*, struct wl_data_offer* id)
      |                   ~~~~~~^~~~~~~~~~~~~~~~~~~~~~~~~~~~~~~~~~~~~~~~~~~~~~~~~~~~~~
  112 |         { mdol.listen_to(id); }));
      |         ~~~~~~~~~~~~~~~~~~~~~~~~
In file included from /usr/include/gmock/gmock.h:56,
                 from /build/wlcs/src/wlcs-1.8.1/tests/copy_cut_paste.cpp:25:
/usr/include/gmock/gmock-actions.h:2042:41: note: declared here
 2042 | typename std::decay<FunctionImpl>::type Invoke(FunctionImpl&& function_impl) {
      |                                         ^~~~~~
/build/wlcs/src/wlcs-1.8.1/tests/copy_cut_paste.cpp: In member function ‘virtual void CopyCutPaste_given_sink_has_focus_when_source_makes_offer_sink_sees_offer_Test::TestBody()’:
/build/wlcs/src/wlcs-1.8.1/tests/copy_cut_paste.cpp:123:25: error: ‘typename std::decay<_Tp>::type testing::Invoke(FunctionImpl&&) [with FunctionImpl = CopyCutPaste_given_sink_has_focus_when_source_makes_offer_sink_sees_offer_Test::TestBody()::<lambda(wl_data_device*, wl_data_offer*)>; typename std::decay<_Tp>::type = CopyCutPaste_given_sink_has_focus_when_source_makes_offer_sink_sees_offer_Test::TestBody()::<lambda(wl_data_device*, wl_data_offer*)>]’ is deprecated: Actions can now be implicitly constructed from callables. No need to create wrapper objects using Invoke(). [-Werror=deprecated-declarations]
  123 |         .WillOnce(Invoke([&](struct wl_data_device*, struct wl_data_offer* id)
      |                   ~~~~~~^~~~~~~~~~~~~~~~~~~~~~~~~~~~~~~~~~~~~~~~~~~~~~~~~~~~~~
  124 |         { mdol.listen_to(id); }));
      |         ~~~~~~~~~~~~~~~~~~~~~~~~
/usr/include/gmock/gmock-actions.h:2042:41: note: declared here
 2042 | typename std::decay<FunctionImpl>::type Invoke(FunctionImpl&& function_impl) {
      |                                         ^~~~~~
/build/wlcs/src/wlcs-1.8.1/tests/gtk_primary_selection.cpp: In member function ‘virtual void GtkPrimarySelection_sink_can_listen_Test::TestBody()’:
/build/wlcs/src/wlcs-1.8.1/tests/gtk_primary_selection.cpp:166:25: error: ‘typename std::decay<_Tp>::type testing::Invoke(FunctionImpl&&) [with FunctionImpl = GtkPrimarySelection_sink_can_listen_Test::TestBody()::<lambda(auto:43*, auto:44*)>; typename std::decay<_Tp>::type = GtkPrimarySelection_sink_can_listen_Test::TestBody()::<lambda(auto:43*, auto:44*)>]’ is deprecated: Actions can now be implicitly constructed from callables. No need to create wrapper objects using Invoke(). [-Werror=deprecated-declarations]
  166 |         .WillOnce(Invoke([&](auto*, auto* id) { offer_listener.listen_to(id); }));
      |                   ~~~~~~^~~~~~~~~~~~~~~~~~~~~~~~~~~~~~~~~~~~~~~~~~~~~~~~~~~~~~~~
In file included from /usr/include/gmock/gmock.h:56,
                 from /build/wlcs/src/wlcs-1.8.1/tests/gtk_primary_selection.cpp:24:
/usr/include/gmock/gmock-actions.h:2042:41: note: declared here
 2042 | typename std::decay<FunctionImpl>::type Invoke(FunctionImpl&& function_impl) {
      |                                         ^~~~~~
/build/wlcs/src/wlcs-1.8.1/tests/gtk_primary_selection.cpp: In member function ‘virtual void GtkPrimarySelection_source_sees_request_Test::TestBody()’:
/build/wlcs/src/wlcs-1.8.1/tests/gtk_primary_selection.cpp:204:31: error: ‘typename std::decay<_Tp>::type testing::Invoke(FunctionImpl&&) [with FunctionImpl = GtkPrimarySelection_source_sees_request_Test::TestBody()::<lambda(auto:45*, auto:46*, int)>; typename std::decay<_Tp>::type = GtkPrimarySelection_source_sees_request_Test::TestBody()::<lambda(auto:45*, auto:46*, int)>]’ is deprecated: Actions can now be implicitly constructed from callables. No need to create wrapper objects using Invoke(). [-Werror=deprecated-declarations]
  204 |         .WillRepeatedly(Invoke([&](auto*, auto*, int fd) { close(fd); }));
      |                         ~~~~~~^~~~~~~~~~~~~~~~~~~~~~~~~~~~~~~~~~~~~~~~~~
/usr/include/gmock/gmock-actions.h:2042:41: note: declared here
 2042 | typename std::decay<FunctionImpl>::type Invoke(FunctionImpl&& function_impl) {
      |                                         ^~~~~~
[ 78%] Building CXX object CMakeFiles/wlcs.dir/tests/wl_output.cpp.o
make[1]: *** [CMakeFiles/Makefile2:196: CMakeFiles/wlcs.asan.dir/all] Error 2
make[1]: *** Waiting for unfinished jobs....
[ 79%] Building CXX object CMakeFiles/wlcs.ubsan.dir/tests/gtk_primary_selection.cpp.o
[ 80%] Building CXX object CMakeFiles/wlcs.dir/tests/surface_input_regions.cpp.o
cc1plus: all warnings being treated as errors
make[2]: *** [CMakeFiles/wlcs.tsan.dir/build.make:769: CMakeFiles/wlcs.tsan.dir/tests/gtk_primary_selection.cpp.o] Error 1
[ 80%] Building CXX object CMakeFiles/wlcs.dir/tests/frame_submission.cpp.o
[ 80%] Building CXX object CMakeFiles/wlcs.dir/tests/primary_selection.cpp.o
[ 80%] Building CXX object CMakeFiles/wlcs.dir/tests/relative_pointer.cpp.o
[ 81%] Building CXX object CMakeFiles/wlcs.dir/tests/subsurfaces.cpp.o
/build/wlcs/src/wlcs-1.8.1/tests/copy_cut_paste.cpp: In member function ‘virtual void CopyCutPaste_given_source_has_offered_when_sink_gets_focus_it_sees_offer_Test::TestBody()’:
/build/wlcs/src/wlcs-1.8.1/tests/copy_cut_paste.cpp:111:25: error: ‘typename std::decay<_Tp>::type testing::Invoke(FunctionImpl&&) [with FunctionImpl = CopyCutPaste_given_source_has_offered_when_sink_gets_focus_it_sees_offer_Test::TestBody()::<lambda(wl_data_device*, wl_data_offer*)>; typename std::decay<_Tp>::type = CopyCutPaste_given_source_has_offered_when_sink_gets_focus_it_sees_offer_Test::TestBody()::<lambda(wl_data_device*, wl_data_offer*)>]’ is deprecated: Actions can now be implicitly constructed from callables. No need to create wrapper objects using Invoke(). [-Werror=deprecated-declarations]
  111 |         .WillOnce(Invoke([&](struct wl_data_device*, struct wl_data_offer* id)
      |                   ~~~~~~^~~~~~~~~~~~~~~~~~~~~~~~~~~~~~~~~~~~~~~~~~~~~~~~~~~~~~
  112 |         { mdol.listen_to(id); }));
      |         ~~~~~~~~~~~~~~~~~~~~~~~~
In file included from /usr/include/gmock/gmock.h:56,
                 from /build/wlcs/src/wlcs-1.8.1/tests/copy_cut_paste.cpp:25:
/usr/include/gmock/gmock-actions.h:2042:41: note: declared here
 2042 | typename std::decay<FunctionImpl>::type Invoke(FunctionImpl&& function_impl) {
      |                                         ^~~~~~
/build/wlcs/src/wlcs-1.8.1/tests/copy_cut_paste.cpp: In member function ‘virtual void CopyCutPaste_given_sink_has_focus_when_source_makes_offer_sink_sees_offer_Test::TestBody()’:
/build/wlcs/src/wlcs-1.8.1/tests/copy_cut_paste.cpp:123:25: error: ‘typename std::decay<_Tp>::type testing::Invoke(FunctionImpl&&) [with FunctionImpl = CopyCutPaste_given_sink_has_focus_when_source_makes_offer_sink_sees_offer_Test::TestBody()::<lambda(wl_data_device*, wl_data_offer*)>; typename std::decay<_Tp>::type = CopyCutPaste_given_sink_has_focus_when_source_makes_offer_sink_sees_offer_Test::TestBody()::<lambda(wl_data_device*, wl_data_offer*)>]’ is deprecated: Actions can now be implicitly constructed from callables. No need to create wrapper objects using Invoke(). [-Werror=deprecated-declarations]
  123 |         .WillOnce(Invoke([&](struct wl_data_device*, struct wl_data_offer* id)
      |                   ~~~~~~^~~~~~~~~~~~~~~~~~~~~~~~~~~~~~~~~~~~~~~~~~~~~~~~~~~~~~
  124 |         { mdol.listen_to(id); }));
      |         ~~~~~~~~~~~~~~~~~~~~~~~~
/usr/include/gmock/gmock-actions.h:2042:41: note: declared here
 2042 | typename std::decay<FunctionImpl>::type Invoke(FunctionImpl&& function_impl) {
      |                                         ^~~~~~
[ 81%] Building CXX object CMakeFiles/wlcs.dir/tests/xdg_surface_v6.cpp.o
[ 81%] Building CXX object CMakeFiles/wlcs.ubsan.dir/tests/test_surface_events.cpp.o
cc1plus: all warnings being treated as errors
make[2]: *** [CMakeFiles/wlcs.tsan.dir/build.make:853: CMakeFiles/wlcs.tsan.dir/tests/primary_selection.cpp.o] Error 1
[ 81%] Building CXX object CMakeFiles/wlcs.dir/tests/xdg_toplevel_v6.cpp.o
cc1plus: all warnings being treated as errors
make[2]: *** [CMakeFiles/wlcs.dir/build.make:755: CMakeFiles/wlcs.dir/tests/copy_cut_paste.cpp.o] Error 1
make[2]: *** Waiting for unfinished jobs....
[ 81%] Building CXX object CMakeFiles/wlcs.ubsan.dir/tests/touches.cpp.o
/build/wlcs/src/wlcs-1.8.1/tests/gtk_primary_selection.cpp: In member function ‘virtual void GtkPrimarySelection_sink_can_listen_Test::TestBody()’:
/build/wlcs/src/wlcs-1.8.1/tests/gtk_primary_selection.cpp:166:25: error: ‘typename std::decay<_Tp>::type testing::Invoke(FunctionImpl&&) [with FunctionImpl = GtkPrimarySelection_sink_can_listen_Test::TestBody()::<lambda(auto:43*, auto:44*)>; typename std::decay<_Tp>::type = GtkPrimarySelection_sink_can_listen_Test::TestBody()::<lambda(auto:43*, auto:44*)>]’ is deprecated: Actions can now be implicitly constructed from callables. No need to create wrapper objects using Invoke(). [-Werror=deprecated-declarations]
  166 |         .WillOnce(Invoke([&](auto*, auto* id) { offer_listener.listen_to(id); }));
      |                   ~~~~~~^~~~~~~~~~~~~~~~~~~~~~~~~~~~~~~~~~~~~~~~~~~~~~~~~~~~~~~~
In file included from /usr/include/gmock/gmock.h:56,
                 from /build/wlcs/src/wlcs-1.8.1/tests/gtk_primary_selection.cpp:24:
/usr/include/gmock/gmock-actions.h:2042:41: note: declared here
 2042 | typename std::decay<FunctionImpl>::type Invoke(FunctionImpl&& function_impl) {
      |                                         ^~~~~~
/build/wlcs/src/wlcs-1.8.1/tests/gtk_primary_selection.cpp: In member function ‘virtual void GtkPrimarySelection_source_sees_request_Test::TestBody()’:
/build/wlcs/src/wlcs-1.8.1/tests/gtk_primary_selection.cpp:204:31: error: ‘typename std::decay<_Tp>::type testing::Invoke(FunctionImpl&&) [with FunctionImpl = GtkPrimarySelection_source_sees_request_Test::TestBody()::<lambda(auto:45*, auto:46*, int)>; typename std::decay<_Tp>::type = GtkPrimarySelection_source_sees_request_Test::TestBody()::<lambda(auto:45*, auto:46*, int)>]’ is deprecated: Actions can now be implicitly constructed from callables. No need to create wrapper objects using Invoke(). [-Werror=deprecated-declarations]
  204 |         .WillRepeatedly(Invoke([&](auto*, auto*, int fd) { close(fd); }));
      |                         ~~~~~~^~~~~~~~~~~~~~~~~~~~~~~~~~~~~~~~~~~~~~~~~~
/usr/include/gmock/gmock-actions.h:2042:41: note: declared here
 2042 | typename std::decay<FunctionImpl>::type Invoke(FunctionImpl&& function_impl) {
      |                                         ^~~~~~
[ 81%] Building CXX object CMakeFiles/wlcs.ubsan.dir/tests/wl_output.cpp.o
cc1plus: all warnings being treated as errors
make[2]: *** [CMakeFiles/wlcs.dir/build.make:769: CMakeFiles/wlcs.dir/tests/gtk_primary_selection.cpp.o] Error 1
[ 82%] Building CXX object CMakeFiles/wlcs.ubsan.dir/tests/surface_input_regions.cpp.o
[ 82%] Building CXX object CMakeFiles/wlcs.ubsan.dir/tests/frame_submission.cpp.o
/build/wlcs/src/wlcs-1.8.1/tests/primary_selection.cpp: In member function ‘virtual void PrimarySelection_sink_can_listen_Test::TestBody()’:
/build/wlcs/src/wlcs-1.8.1/tests/primary_selection.cpp:167:25: error: ‘typename std::decay<_Tp>::type testing::Invoke(FunctionImpl&&) [with FunctionImpl = PrimarySelection_sink_can_listen_Test::TestBody()::<lambda(auto:43*, auto:44*)>; typename std::decay<_Tp>::type = PrimarySelection_sink_can_listen_Test::TestBody()::<lambda(auto:43*, auto:44*)>]’ is deprecated: Actions can now be implicitly constructed from callables. No need to create wrapper objects using Invoke(). [-Werror=deprecated-declarations]
  167 |         .WillOnce(Invoke([&](auto*, auto* id) { offer_listener.listen_to(id); }));
      |                   ~~~~~~^~~~~~~~~~~~~~~~~~~~~~~~~~~~~~~~~~~~~~~~~~~~~~~~~~~~~~~~
In file included from /usr/include/gmock/gmock.h:56,
                 from /build/wlcs/src/wlcs-1.8.1/tests/primary_selection.cpp:24:
/usr/include/gmock/gmock-actions.h:2042:41: note: declared here
 2042 | typename std::decay<FunctionImpl>::type Invoke(FunctionImpl&& function_impl) {
      |                                         ^~~~~~
/build/wlcs/src/wlcs-1.8.1/tests/primary_selection.cpp: In member function ‘virtual void PrimarySelection_source_sees_request_Test::TestBody()’:
/build/wlcs/src/wlcs-1.8.1/tests/primary_selection.cpp:205:31: error: ‘typename std::decay<_Tp>::type testing::Invoke(FunctionImpl&&) [with FunctionImpl = PrimarySelection_source_sees_request_Test::TestBody()::<lambda(auto:45*, auto:46*, int)>; typename std::decay<_Tp>::type = PrimarySelection_source_sees_request_Test::TestBody()::<lambda(auto:45*, auto:46*, int)>]’ is deprecated: Actions can now be implicitly constructed from callables. No need to create wrapper objects using Invoke(). [-Werror=deprecated-declarations]
  205 |         .WillRepeatedly(Invoke([&](auto*, auto*, int fd) { close(fd); }));
      |                         ~~~~~~^~~~~~~~~~~~~~~~~~~~~~~~~~~~~~~~~~~~~~~~~~
/usr/include/gmock/gmock-actions.h:2042:41: note: declared here
 2042 | typename std::decay<FunctionImpl>::type Invoke(FunctionImpl&& function_impl) {
      |                                         ^~~~~~
[ 82%] Building CXX object CMakeFiles/wlcs.ubsan.dir/tests/primary_selection.cpp.o
[ 82%] Building CXX object CMakeFiles/wlcs.ubsan.dir/tests/relative_pointer.cpp.o
[ 83%] Building CXX object CMakeFiles/wlcs.ubsan.dir/tests/subsurfaces.cpp.o
[ 83%] Building CXX object CMakeFiles/wlcs.ubsan.dir/tests/xdg_surface_v6.cpp.o
cc1plus: all warnings being treated as errors
make[2]: *** [CMakeFiles/wlcs.ubsan.dir/build.make:755: CMakeFiles/wlcs.ubsan.dir/tests/copy_cut_paste.cpp.o] Error 1
make[2]: *** Waiting for unfinished jobs....
make[1]: *** [CMakeFiles/Makefile2:228: CMakeFiles/wlcs.tsan.dir/all] Error 2
/build/wlcs/src/wlcs-1.8.1/tests/primary_selection.cpp: In member function ‘virtual void PrimarySelection_sink_can_listen_Test::TestBody()’:
/build/wlcs/src/wlcs-1.8.1/tests/primary_selection.cpp:167:25: error: ‘typename std::decay<_Tp>::type testing::Invoke(FunctionImpl&&) [with FunctionImpl = PrimarySelection_sink_can_listen_Test::TestBody()::<lambda(auto:43*, auto:44*)>; typename std::decay<_Tp>::type = PrimarySelection_sink_can_listen_Test::TestBody()::<lambda(auto:43*, auto:44*)>]’ is deprecated: Actions can now be implicitly constructed from callables. No need to create wrapper objects using Invoke(). [-Werror=deprecated-declarations]
  167 |         .WillOnce(Invoke([&](auto*, auto* id) { offer_listener.listen_to(id); }));
      |                   ~~~~~~^~~~~~~~~~~~~~~~~~~~~~~~~~~~~~~~~~~~~~~~~~~~~~~~~~~~~~~~
In file included from /usr/include/gmock/gmock.h:56,
                 from /build/wlcs/src/wlcs-1.8.1/tests/primary_selection.cpp:24:
/usr/include/gmock/gmock-actions.h:2042:41: note: declared here
 2042 | typename std::decay<FunctionImpl>::type Invoke(FunctionImpl&& function_impl) {
      |                                         ^~~~~~
/build/wlcs/src/wlcs-1.8.1/tests/primary_selection.cpp: In member function ‘virtual void PrimarySelection_source_sees_request_Test::TestBody()’:
/build/wlcs/src/wlcs-1.8.1/tests/primary_selection.cpp:205:31: error: ‘typename std::decay<_Tp>::type testing::Invoke(FunctionImpl&&) [with FunctionImpl = PrimarySelection_source_sees_request_Test::TestBody()::<lambda(auto:45*, auto:46*, int)>; typename std::decay<_Tp>::type = PrimarySelection_source_sees_request_Test::TestBody()::<lambda(auto:45*, auto:46*, int)>]’ is deprecated: Actions can now be implicitly constructed from callables. No need to create wrapper objects using Invoke(). [-Werror=deprecated-declarations]
  205 |         .WillRepeatedly(Invoke([&](auto*, auto*, int fd) { close(fd); }));
      |                         ~~~~~~^~~~~~~~~~~~~~~~~~~~~~~~~~~~~~~~~~~~~~~~~~
/usr/include/gmock/gmock-actions.h:2042:41: note: declared here
 2042 | typename std::decay<FunctionImpl>::type Invoke(FunctionImpl&& function_impl) {
      |                                         ^~~~~~
cc1plus: all warnings being treated as errors
cc1plus: all warnings being treated as errors
make[2]: *** [CMakeFiles/wlcs.dir/build.make:853: CMakeFiles/wlcs.dir/tests/primary_selection.cpp.o] Error 1
make[2]: *** [CMakeFiles/wlcs.ubsan.dir/build.make:769: CMakeFiles/wlcs.ubsan.dir/tests/gtk_primary_selection.cpp.o] Error 1
make[1]: *** [CMakeFiles/Makefile2:164: CMakeFiles/wlcs.dir/all] Error 2
cc1plus: all warnings being treated as errors
make[2]: *** [CMakeFiles/wlcs.ubsan.dir/build.make:853: CMakeFiles/wlcs.ubsan.dir/tests/primary_selection.cpp.o] Error 1
make[1]: *** [CMakeFiles/Makefile2:260: CMakeFiles/wlcs.ubsan.dir/all] Error 2
make: *** [Makefile:136: all] Error 2
[1m[31m==> ERROR:(B[m[1m A failure occurred in build().(B[m
[1m    Aborting...(B[m
