wxgtk-git-debug W: Directory (usr/src/debug/wxgtk-git/build-gtk3/utils) is empty
wxgtk-git-debug W: Directory (usr/src/debug/wxgtk-git/build-gtk3/libs/gl) is empty
wxgtk-git-debug W: Directory (usr/src/debug/wxgtk-git/build-qt6/libs/html) is empty
wxgtk-git-debug W: Directory (usr/src/debug/wxgtk-git/build-qt6/libs/core) is empty
wxgtk-git-debug W: Directory (usr/src/debug/wxgtk-git/build-qt6/libs/media) is empty
wxgtk-git-debug W: Directory (usr/src/debug/wxgtk-git/build-gtk3/libs/propgrid) is empty
wxgtk-git-debug W: Directory (usr/src/debug/wxgtk-git/build-qt6/libs/stc) is empty
wxgtk-git-debug W: Directory (usr/src/debug/wxgtk-git/build-gtk3/libs/richtext) is empty
wxgtk-git-debug W: Directory (usr/src/debug/wxgtk-git/build-gtk3/libs/xrc) is empty
wxgtk-git-debug W: Directory (usr/src/debug/wxgtk-git/build-qt6/libs/aui) is empty
wxgtk-git-debug W: Directory (usr/src/debug/wxgtk-git/build-qt6/libs/propgrid) is empty
wxgtk-git-debug W: Directory (usr/src/debug/wxgtk-git/build-qt6/libs/richtext) is empty
wxgtk-git-debug W: Directory (usr/src/debug/wxgtk-git/build-gtk3/libs/stc) is empty
wxgtk-git-debug W: Directory (usr/src/debug/wxgtk-git/build-gtk3/libs/html) is empty
wxgtk-git-debug W: Directory (usr/src/debug/wxgtk-git/build-gtk3/libs/core) is empty
wxgtk-git-debug W: Directory (usr/src/debug/wxgtk-git/build-gtk3/libs/base) is empty
wxgtk-git-debug W: Directory (usr/src/debug/wxgtk-git/build-qt6/libs/ribbon) is empty
wxgtk-git-debug W: Directory (usr/src/debug/wxgtk-git/build-gtk3/libs/media) is empty
wxgtk-git-debug W: Directory (usr/src/debug/wxgtk-git/build-qt6/libs/adv) is empty
wxgtk-git-debug W: Directory (usr/src/debug/wxgtk-git/build-gtk3/libs/aui) is empty
wxgtk-git-debug W: Directory (usr/src/debug/wxgtk-git/build-qt6/libs/qa) is empty
wxgtk-git-debug W: Directory (usr/src/debug/wxgtk-git/build-gtk3/libs/qa) is empty
wxgtk-git-debug W: Directory (usr/src/debug/wxgtk-git/build-gtk3/libs/net) is empty
wxgtk-git-debug W: Directory (usr/src/debug/wxgtk-git/build-gtk3/libs/ribbon) is empty
wxgtk-git-debug W: Directory (usr/src/debug/wxgtk-git/build-gtk3/libs/webview) is empty
wxgtk-git-debug W: Directory (usr/src/debug/wxgtk-git/build-qt6/libs/xrc) is empty
wxgtk-git-debug W: Directory (usr/src/debug/wxgtk-git/build-gtk3/libs/xml) is empty
wxgtk-git-debug W: Directory (usr/src/debug/wxgtk-git/build-qt6/libs/gl) is empty
wxgtk-git-debug W: Directory (usr/src/debug/wxgtk-git/build-gtk3/libs/adv) is empty
