Test project /build/yacreader-poppler/src/build
    Start 1: concurrent_queue_test
1/9 Test #1: concurrent_queue_test ............   Passed    1.12 sec
    Start 2: compressed_archive_test
2/9 Test #2: compressed_archive_test ..........   Passed    0.01 sec
    Start 3: continuous_view_model_test
3/9 Test #3: continuous_view_model_test .......   Passed    0.01 sec
    Start 4: pdf_render_size_test
4/9 Test #4: pdf_render_size_test .............   Passed    0.01 sec
    Start 5: folder_rename_test
5/9 Test #5: folder_rename_test ...............   Passed    0.04 sec
    Start 6: epub_page_index_test
6/9 Test #6: epub_page_index_test .............   Passed    0.01 sec
    Start 7: comic_files_manager_test
7/9 Test #7: comic_files_manager_test .........   Passed    0.02 sec
    Start 8: organize_files_test
8/9 Test #8: organize_files_test ..............   Passed    0.02 sec
    Start 9: yacreader_libraries_test
9/9 Test #9: yacreader_libraries_test .........   Passed    0.02 sec

100% tests passed out of 9

Total Test time (real) =   1.26 sec
