-- Install configuration: "None"
-- Installing: /build/yacreader-poppler/pkg/yacreader-poppler/usr/bin/YACReaderLibrary
-- Set non-toolchain portion of runtime path of "/build/yacreader-poppler/pkg/yacreader-poppler/usr/bin/YACReaderLibrary" to "$ORIGIN:$ORIGIN/../lib"
-- Installing: /build/yacreader-poppler/pkg/yacreader-poppler/usr/share/man/man1/YACReaderLibrary.1
-- Installing: /build/yacreader-poppler/pkg/yacreader-poppler/usr/share/applications/YACReaderLibrary.desktop
-- Installing: /build/yacreader-poppler/pkg/yacreader-poppler/usr/share/icons/hicolor/scalable/apps/YACReaderLibrary.svg
-- Installing: /build/yacreader-poppler/pkg/yacreader-poppler/usr/share/yacreader/server
-- Installing: /build/yacreader-poppler/pkg/yacreader-poppler/usr/share/yacreader/server/docroot
-- Installing: /build/yacreader-poppler/pkg/yacreader-poppler/usr/share/yacreader/server/docroot/images
-- Installing: /build/yacreader-poppler/pkg/yacreader-poppler/usr/share/yacreader/server/docroot/images/webui
-- Installing: /build/yacreader-poppler/pkg/yacreader-poppler/usr/share/yacreader/server/docroot/images/webui/YACLibraryServer.svg
-- Installing: /build/yacreader-poppler/pkg/yacreader-poppler/usr/share/yacreader/server/docroot/images/webui/app-store-badge.svg
-- Installing: /build/yacreader-poppler/pkg/yacreader-poppler/usr/share/yacreader/server/docroot/images/webui/google-play-badge.png
-- Installing: /build/yacreader-poppler/pkg/yacreader-poppler/usr/share/yacreader/server/docroot/css
-- Installing: /build/yacreader-poppler/pkg/yacreader-poppler/usr/share/yacreader/server/docroot/css/webui.css
-- Installing: /build/yacreader-poppler/pkg/yacreader-poppler/usr/share/yacreader/server/docroot/js
-- Installing: /build/yacreader-poppler/pkg/yacreader-poppler/usr/share/yacreader/server/docroot/js/webui.js
-- Installing: /build/yacreader-poppler/pkg/yacreader-poppler/usr/bin/YACReader
-- Set non-toolchain portion of runtime path of "/build/yacreader-poppler/pkg/yacreader-poppler/usr/bin/YACReader" to "$ORIGIN:$ORIGIN/../lib"
-- Installing: /build/yacreader-poppler/pkg/yacreader-poppler/usr/share/man/man1/YACReader.1
-- Installing: /build/yacreader-poppler/pkg/yacreader-poppler/usr/share/applications/YACReader.desktop
-- Installing: /build/yacreader-poppler/pkg/yacreader-poppler/usr/share/icons/hicolor/scalable/apps/YACReader.svg
-- Installing: /build/yacreader-poppler/pkg/yacreader-poppler/usr/bin/YACReaderLibraryServer
-- Set non-toolchain portion of runtime path of "/build/yacreader-poppler/pkg/yacreader-poppler/usr/bin/YACReaderLibraryServer" to "$ORIGIN:$ORIGIN/../lib"
-- Installing: /build/yacreader-poppler/pkg/yacreader-poppler/usr/lib/systemd/user/yacreaderlibraryserver.service
