-- The C compiler identification is GNU 16.1.1
-- The CXX compiler identification is GNU 16.1.1
-- Detecting C compiler ABI info
-- Detecting C compiler ABI info - done
-- Check for working C compiler: /usr/bin/cc - skipped
-- Detecting C compile features
-- Detecting C compile features - done
-- Detecting CXX compiler ABI info
-- Detecting CXX compiler ABI info - done
-- Check for working CXX compiler: /usr/bin/c++ - skipped
-- Detecting CXX compile features
-- Detecting CXX compile features - done
-- Performing Test CMAKE_HAVE_LIBC_PTHREAD
-- Performing Test CMAKE_HAVE_LIBC_PTHREAD - Success
-- Found Threads: TRUE
-- Found OpenGL: /usr/lib/libOpenGL.so
-- Found WrapOpenGL: TRUE
-- Found WrapVulkanHeaders: /usr/include
-- Performing Test HAVE_STDATOMIC
-- Performing Test HAVE_STDATOMIC - Success
-- Found WrapAtomic: TRUE
-- Taglib found: -L/usr/lib -ltag -lz
-- Performing Test COMPLEX_TAGLIB_FILENAME
-- Performing Test COMPLEX_TAGLIB_FILENAME - Failed
-- Found Htmlcxx include path: /usr/include
-- Found Htmlcxx library path:/usr/lib/libhtmlcxx.so
-- Audio Engines
-- Audio Engine Vlc: OFF [use cmake .. -DENABLE_VLC=ON/OFF]
-- Audio Engine Mpv: OFF [use cmake .. -DENABLE_MPV=ON/OFF]
-- Audio Engine Phonon: OFF [use cmake .. -DENABLE_PHONON=ON/OFF]
-- Audio Engine QtMultimedia: ON [use cmake .. -DENABLE_QTMULTIMEDIA=ON/OFF]
-- Shortcuts: ON [use cmake .. -DENABLE_SHORTCUTS=ON/OFF]
-- Found X11: /usr/include
-- Looking for XOpenDisplay in /usr/lib/libX11.so;/usr/lib/libXext.so
-- Looking for XOpenDisplay in /usr/lib/libX11.so;/usr/lib/libXext.so - found
-- Looking for gethostbyname
-- Looking for gethostbyname - found
-- Looking for connect
-- Looking for connect - found
-- Looking for remove
-- Looking for remove - found
-- Looking for shmat
-- Looking for shmat - found
-- Looking for IceConnectionNumber in ICE
-- Looking for IceConnectionNumber in ICE - found
-- Found XKB: /usr/lib/libxkbcommon.so (found suitable version "1.13.2", minimum required is "0.9.0")
CMake Warning at /usr/lib/cmake/Qt6/QtPublicDependencyHelpers.cmake:339 (message):
  This project is using headers of the GuiPrivate module and will therefore
  be tied to this specific Qt module build version.  Running this project
  against other versions of the Qt modules may crash at any arbitrary point.
  This is not a bug, but a result of using Qt internals.  You have been
  warned!

  You can disable this warning by setting QT_NO_PRIVATE_MODULE_WARNING to ON.
Call Stack (most recent call first):
  /usr/lib/cmake/Qt6GuiPrivate/Qt6GuiPrivateConfig.cmake:58 (_qt_internal_show_private_module_warning)
  /usr/lib/cmake/Qt6/Qt6Config.cmake:263 (find_package)
  src/shortcuts/CMakeLists.txt:35 (find_package)


-- Configuring done (2.8s)
-- Generating done (0.1s)
-- Build files have been written to: /build/yarock/src/build
[  0%] Built target yarock_shortcuts_autogen_timestamp_deps
[  1%] Automatic MOC and UIC for target yarock_shortcuts
[  1%] Built target yarock_shortcuts_autogen
[  2%] Generating moc_globalshortcut.cpp
[  2%] Building CXX object src/shortcuts/CMakeFiles/yarock_shortcuts.dir/globalshortcut.cpp.o
[  3%] Building CXX object src/shortcuts/CMakeFiles/yarock_shortcuts.dir/globalshortcut_x11.cpp.o
[  4%] Building CXX object src/shortcuts/CMakeFiles/yarock_shortcuts.dir/yarock_shortcuts_autogen/mocs_compilation.cpp.o
[  4%] Building CXX object src/shortcuts/CMakeFiles/yarock_shortcuts.dir/moc_globalshortcut.cpp.o
[  5%] Linking CXX static library libyarock_shortcuts.a
[  5%] Built target yarock_shortcuts
[  5%] Built target yarock_autogen_timestamp_deps
[  5%] Automatic MOC and UIC for target yarock
[  5%] Built target yarock_autogen
[  5%] Generating mpris2Player.cpp, mpris2Player.h
[  5%] Generating yarock_zh_CN.qm
[  6%] Generating yarock_de.qm
[  7%] Generating qrc_yarock.cpp
[  7%] Generating mpris2Root.cpp, mpris2Root.h
[  8%] Generating yarock_TR.qm
[  8%] Generating yarock_en.qm
[  5%] Generating yarock_fr.qm
[ 11%] Generating yarock_id.qm
[ 11%] Generating yarock_gl.qm
[ 11%] Generating yarock_cs.qm
[ 11%] Generating yarock_lt.qm
[ 12%] Generating yarock_ja.qm
[ 13%] Generating yarock_pt.qm
[ 14%] Generating yarock_es.qm
[ 14%] Generating yarock_it.qm
[ 14%] Generating yarock_pl.qm
[ 14%] Generating yarock_hr_HR.qm
[ 15%] Generating yarock_ro.qm
[ 15%] Generating yarock_pt_BR.qm
Updating '/build/yarock/src/build/yarock_zh_CN.qm'...
    Generated 435 translation(s) (421 finished and 14 unfinished)
    Ignored 22 untranslated source text(s)
Updating '/build/yarock/src/build/yarock_TR.qm'...
    Generated 444 translation(s) (434 finished and 10 unfinished)
    Ignored 13 untranslated source text(s)
Updating '/build/yarock/src/build/yarock_fr.qm'...
    Generated 457 translation(s) (457 finished and 0 unfinished)
Updating '/build/yarock/src/build/yarock_en.qm'...
    Generated 395 translation(s) (352 finished and 43 unfinished)
    Ignored 62 untranslated source text(s)
Updating '/build/yarock/src/build/yarock_de.qm'...
    Generated 444 translation(s) (434 finished and 10 unfinished)
    Ignored 13 untranslated source text(s)
Updating '/build/yarock/src/build/yarock_id.qm'...
    Generated 444 translation(s) (434 finished and 10 unfinished)
    Ignored 13 untranslated source text(s)
Updating '/build/yarock/src/build/yarock_gl.qm'...
    Generated 119 translation(s) (69 finished and 50 unfinished)
    Ignored 338 untranslated source text(s)
Updating '/build/yarock/src/build/yarock_es.qm'...
    Generated 171 translation(s) (75 finished and 96 unfinished)
    Ignored 286 untranslated source text(s)
Updating '/build/yarock/src/build/yarock_cs.qm'...
    Generated 444 translation(s) (434 finished and 10 unfinished)
    Ignored 13 untranslated source text(s)
Updating '/build/yarock/src/build/yarock_it.qm'...
    Generated 363 translation(s) (325 finished and 38 unfinished)
    Ignored 94 untranslated source text(s)
Updating '/build/yarock/src/build/yarock_lt.qm'...
    Generated 401 translation(s) (386 finished and 15 unfinished)
    Ignored 56 untranslated source text(s)
Updating '/build/yarock/src/build/yarock_hr_HR.qm'...
    Generated 214 translation(s) (145 finished and 69 unfinished)
    Ignored 243 untranslated source text(s)
Updating '/build/yarock/src/build/yarock_pl.qm'...
    Generated 86 translation(s) (43 finished and 43 unfinished)
    Ignored 371 untranslated source text(s)
Updating '/build/yarock/src/build/yarock_ja.qm'...
    Generated 391 translation(s) (352 finished and 39 unfinished)
    Ignored 66 untranslated source text(s)
Updating '/build/yarock/src/build/yarock_pt.qm'...
    Generated 435 translation(s) (421 finished and 14 unfinished)
    Ignored 22 untranslated source text(s)
Updating '/build/yarock/src/build/yarock_pt_BR.qm'...
    Generated 249 translation(s) (153 finished and 96 unfinished)
    Ignored 208 untranslated source text(s)
Updating '/build/yarock/src/build/yarock_ro.qm'...
    Generated 393 translation(s) (352 finished and 41 unfinished)
    Ignored 64 untranslated source text(s)
[ 15%] Generating yarock_ru.qm
[ 17%] Generating yarock_tr_TR.qm
[ 17%] Generating yarock_ru@petr1708.qm
[ 18%] Generating yarock_sr.qm
[ 18%] Generating yarock_sv.qm
Updating '/build/yarock/src/build/yarock_ru@petr1708.qm'...
    Generated 388 translation(s) (345 finished and 43 unfinished)
    Ignored 69 untranslated source text(s)
[ 20%] Generating moc_mpris2Player.cpp
[ 20%] Generating moc_mpris2Root.cpp
Updating '/build/yarock/src/build/yarock_ru.qm'...
    Generated 444 translation(s) (434 finished and 10 unfinished)
    Ignored 13 untranslated source text(s)
Updating '/build/yarock/src/build/yarock_tr_TR.qm'...
    Generated 395 translation(s) (352 finished and 43 unfinished)
    Ignored 62 untranslated source text(s)
Updating '/build/yarock/src/build/yarock_sv.qm'...
    Generated 435 translation(s) (421 finished and 14 unfinished)
    Ignored 22 untranslated source text(s)
Updating '/build/yarock/src/build/yarock_sr.qm'...
    Generated 394 translation(s) (352 finished and 42 unfinished)
    Ignored 63 untranslated source text(s)
[ 24%] Building CXX object CMakeFiles/yarock.dir/src/commandlineoptions.cpp.o
[ 24%] Building CXX object CMakeFiles/yarock.dir/src/shortcuts_manager.cpp.o
[ 24%] Building CXX object CMakeFiles/yarock.dir/src/global_actions.cpp.o
[ 24%] Building CXX object CMakeFiles/yarock.dir/src/settings.cpp.o
[ 25%] Building CXX object CMakeFiles/yarock.dir/src/threadmanager.cpp.o
[ 26%] Building CXX object CMakeFiles/yarock.dir/src/mainwindow.cpp.o
[ 26%] Building CXX object CMakeFiles/yarock.dir/src/debug.cpp.o
[ 26%] Building CXX object CMakeFiles/yarock.dir/yarock_autogen/mocs_compilation.cpp.o
[ 26%] Building CXX object CMakeFiles/yarock.dir/src/networkaccess.cpp.o
[ 26%] Building CXX object CMakeFiles/yarock.dir/src/starter.cpp.o
[ 26%] Building CXX object CMakeFiles/yarock.dir/src/utilities.cpp.o
[ 27%] Building CXX object CMakeFiles/yarock.dir/src/core/database/databasebuilder.cpp.o
[ 27%] Building CXX object CMakeFiles/yarock.dir/src/main.cpp.o
[ 28%] Building CXX object CMakeFiles/yarock.dir/src/core/database/database.cpp.o
[ 29%] Building CXX object CMakeFiles/yarock.dir/src/systray.cpp.o
[ 29%] Building CXX object CMakeFiles/yarock.dir/src/core/database/database_cmd.cpp.o
[ 30%] Building CXX object CMakeFiles/yarock.dir/src/core/history/histomanager.cpp.o
[ 30%] Building CXX object CMakeFiles/yarock.dir/src/core/mediaitem/mediaitem.cpp.o
[ 31%] Building CXX object CMakeFiles/yarock.dir/src/core/mediaitem/mediamimedata.cpp.o
[ 31%] Building CXX object CMakeFiles/yarock.dir/src/iconmanager.cpp.o
In file included from /build/yarock/src/Yarock-1.5.2/src/settings.cpp:21:
/build/yarock/src/Yarock-1.5.2/src/infosystem/services/service_lyrics.h:17: warning: header guard ‘_SERVICE_LYRICS_H_’ followed by ‘#define’ of a different macro [-Wheader-guard]
   17 | #ifndef _SERVICE_LYRICS_H_
/build/yarock/src/Yarock-1.5.2/src/infosystem/services/service_lyrics.h:18: note: ‘_SERVICE_LYRICS_H’ is defined here; did you mean ‘_SERVICE_LYRICS_H_’?
   18 | #define _SERVICE_LYRICS_H
In file included from /build/yarock/src/build/yarock_autogen/SYZXOUAOU4/moc_service_lyrics.cpp:9,
                 from /build/yarock/src/build/yarock_autogen/mocs_compilation.cpp:16:
/build/yarock/src/build/yarock_autogen/SYZXOUAOU4/../../../Yarock-1.5.2/src/infosystem/services/service_lyrics.h:17: warning: header guard ‘_SERVICE_LYRICS_H_’ followed by ‘#define’ of a different macro [-Wheader-guard]
   17 | #ifndef _SERVICE_LYRICS_H_
/build/yarock/src/build/yarock_autogen/SYZXOUAOU4/../../../Yarock-1.5.2/src/infosystem/services/service_lyrics.h:18: note: ‘_SERVICE_LYRICS_H’ is defined here; did you mean ‘_SERVICE_LYRICS_H_’?
   18 | #define _SERVICE_LYRICS_H
[ 31%] Building CXX object CMakeFiles/yarock.dir/src/core/mediaitem/playlist_parser.cpp.o
[ 32%] Building CXX object CMakeFiles/yarock.dir/src/core/mediaitem/tag.cpp.o
[ 32%] Building CXX object CMakeFiles/yarock.dir/src/core/mediasearch/media_search.cpp.o
[ 33%] Building CXX object CMakeFiles/yarock.dir/src/core/mediasearch/media_search_engine.cpp.o
[ 33%] Building CXX object CMakeFiles/yarock.dir/src/core/mediasearch/search_query.cpp.o
[ 34%] Building CXX object CMakeFiles/yarock.dir/src/core/mediasearch/search_query_widget.cpp.o
[ 34%] Building CXX object CMakeFiles/yarock.dir/src/core/player/engine.cpp.o
[ 35%] Building CXX object CMakeFiles/yarock.dir/src/core/player/engine_base.cpp.o
[ 36%] Building CXX object CMakeFiles/yarock.dir/src/covers/covercache.cpp.o
[ 36%] Building CXX object CMakeFiles/yarock.dir/src/dbus/dbusnotification.cpp.o
[ 37%] Building CXX object CMakeFiles/yarock.dir/src/dbus/mpris_manager.cpp.o
[ 37%] Building CXX object CMakeFiles/yarock.dir/src/dbus/mpris2.cpp.o
[ 38%] Building CXX object CMakeFiles/yarock.dir/src/models/local/local_track_model.cpp.o
[ 38%] Building CXX object CMakeFiles/yarock.dir/src/models/local/local_track_populator.cpp.o
[ 39%] Building CXX object CMakeFiles/yarock.dir/src/models/local/histo_model.cpp.o
[ 39%] Building CXX object CMakeFiles/yarock.dir/src/models/local/local_playlist_model.cpp.o
[ 40%] Building CXX object CMakeFiles/yarock.dir/src/models/local/local_playlist_populator.cpp.o
[ 41%] Building CXX object CMakeFiles/yarock.dir/src/models/stream/service_base.cpp.o
[ 41%] Building CXX object CMakeFiles/yarock.dir/src/models/stream/service_dirble.cpp.o
[ 42%] Building CXX object CMakeFiles/yarock.dir/src/models/stream/service_favorite.cpp.o
[ 42%] Building CXX object CMakeFiles/yarock.dir/src/models/stream/service_radionomy.cpp.o
[ 43%] Building CXX object CMakeFiles/yarock.dir/src/models/stream/service_tunein.cpp.o
[ 43%] Building CXX object CMakeFiles/yarock.dir/src/models/stream/stream_model.cpp.o
[ 44%] Building CXX object CMakeFiles/yarock.dir/src/models/filesystem/file_model.cpp.o
[ 44%] Building CXX object CMakeFiles/yarock.dir/src/online/lastfm.cpp.o
/build/yarock/src/Yarock-1.5.2/src/models/local/local_track_populator.cpp: In member function ‘virtual void LocalTrackPopulator::run()’:
/build/yarock/src/Yarock-1.5.2/src/models/local/local_track_populator.cpp:70:9: warning: variable ‘_progress’ set but not used [-Wunused-but-set-variable=]
   70 |     int _progress    = 0;
      |         ^~~~~~~~~
[ 45%] Building CXX object CMakeFiles/yarock.dir/src/playqueue/playqueue_base.cpp.o
[ 45%] Building CXX object CMakeFiles/yarock.dir/src/playqueue/playlistdbwriter.cpp.o
[ 46%] Building CXX object CMakeFiles/yarock.dir/src/playqueue/playqueue_model.cpp.o
[ 47%] Building CXX object CMakeFiles/yarock.dir/src/playqueue/playqueue_proxymodel.cpp.o
[ 47%] Building CXX object CMakeFiles/yarock.dir/src/playqueue/playlistpopulator.cpp.o
In file included from /build/yarock/src/build/yarock_autogen/D55UFIASD5/../../../Yarock-1.5.2/src/playqueue/playlistview.h:21,
                 from /build/yarock/src/build/yarock_autogen/D55UFIASD5/moc_playlistview.cpp:9,
                 from /build/yarock/src/build/yarock_autogen/mocs_compilation.cpp:38:
/build/yarock/src/build/yarock_autogen/D55UFIASD5/../../../Yarock-1.5.2/src/playqueue/playqueue_model.h:38:7: warning: defining ‘PlayqueueModel’, which previously failed to be complete in a SFINAE context [-Wsfinae-incomplete=]
   38 | class PlayqueueModel : public QAbstractListModel, public PlayqueueBase
      |       ^~~~~~~~~~~~~~
In file included from /usr/include/qt6/QtCore/qobject.h:19,
                 from /usr/include/qt6/QtCore/QObject:1,
                 from /build/yarock/src/build/yarock_autogen/GK43SQADPL/../../../Yarock-1.5.2/src/core/database/database.h:21,
                 from /build/yarock/src/build/yarock_autogen/GK43SQADPL/moc_database.cpp:9,
                 from /build/yarock/src/build/yarock_autogen/mocs_compilation.cpp:2:
/usr/include/qt6/QtCore/qmetatype.h:344:64: note: here.  Use ‘-Wsfinae-incomplete=2’ for a diagnostic at that point
  344 |         static auto check(U *) -> std::integral_constant<bool, sizeof(U) != 0>;
      |                                                                ^~~~~~~~~
[ 48%] Building CXX object CMakeFiles/yarock.dir/src/playqueue/playlistview.cpp.o
[ 48%] Building CXX object CMakeFiles/yarock.dir/src/playqueue/playlistwidget.cpp.o
[ 49%] Building CXX object CMakeFiles/yarock.dir/src/playqueue/playlistwriter.cpp.o
[ 49%] Building CXX object CMakeFiles/yarock.dir/src/playqueue/task_manager.cpp.o
[ 50%] Building CXX object CMakeFiles/yarock.dir/src/playqueue/virtual_playqueue.cpp.o
[ 50%] Building CXX object CMakeFiles/yarock.dir/src/smartplaylist/smartplaylist.cpp.o
[ 51%] Building CXX object CMakeFiles/yarock.dir/src/views/browser_view.cpp.o
[ 52%] Building CXX object CMakeFiles/yarock.dir/src/views/item_button.cpp.o
[ 52%] Building CXX object CMakeFiles/yarock.dir/src/views/item_common.cpp.o
[ 53%] Building CXX object CMakeFiles/yarock.dir/src/views/item_menu.cpp.o
[ 53%] Building CXX object CMakeFiles/yarock.dir/src/views/scene_base.cpp.o
[ 54%] Building CXX object CMakeFiles/yarock.dir/src/views/about/about_scene.cpp.o
[ 54%] Building CXX object CMakeFiles/yarock.dir/src/views/local/qpixmapfilter.cpp.o
[ 55%] Building CXX object CMakeFiles/yarock.dir/src/views/local/local_item.cpp.o
[ 55%] Building CXX object CMakeFiles/yarock.dir/src/views/local/local_scene.cpp.o
[ 56%] Building CXX object CMakeFiles/yarock.dir/src/views/local/local_scene_dashboard.cpp.o
[ 56%] Building CXX object CMakeFiles/yarock.dir/src/views/local/local_scene_playing.cpp.o
[ 57%] Building CXX object CMakeFiles/yarock.dir/src/views/local/local_scene_playqueue.cpp.o
[ 58%] Building CXX object CMakeFiles/yarock.dir/src/views/context/context_item.cpp.o
[ 58%] Building CXX object CMakeFiles/yarock.dir/src/views/context/context_widget.cpp.o
[ 59%] Building CXX object CMakeFiles/yarock.dir/src/views/context/context_scene.cpp.o
[ 59%] Building CXX object CMakeFiles/yarock.dir/src/views/context/lyricseditor.cpp.o
[ 60%] Building CXX object CMakeFiles/yarock.dir/src/views/stream/stream_item.cpp.o
[ 60%] Building CXX object CMakeFiles/yarock.dir/src/views/stream/stream_scene.cpp.o
[ 61%] Building CXX object CMakeFiles/yarock.dir/src/views/stream/stream_loader.cpp.o
[ 61%] Building CXX object CMakeFiles/yarock.dir/src/views/filesystem/file_scene.cpp.o
[ 62%] Building CXX object CMakeFiles/yarock.dir/src/views/filesystem/file_graphicitem.cpp.o
[ 62%] Building CXX object CMakeFiles/yarock.dir/src/views/settings/settings_scene.cpp.o
[ 63%] Building CXX object CMakeFiles/yarock.dir/src/views/settings/settings_widget.cpp.o
[ 64%] Building CXX object CMakeFiles/yarock.dir/src/views/settings/addfolder_widget.cpp.o
In file included from /build/yarock/src/Yarock-1.5.2/src/views/settings/settings_widget.cpp:27:
/build/yarock/src/Yarock-1.5.2/src/infosystem/services/service_lyrics.h:17: warning: header guard ‘_SERVICE_LYRICS_H_’ followed by ‘#define’ of a different macro [-Wheader-guard]
   17 | #ifndef _SERVICE_LYRICS_H_
/build/yarock/src/Yarock-1.5.2/src/infosystem/services/service_lyrics.h:18: note: ‘_SERVICE_LYRICS_H’ is defined here; did you mean ‘_SERVICE_LYRICS_H_’?
   18 | #define _SERVICE_LYRICS_H
[ 64%] Building CXX object CMakeFiles/yarock.dir/src/widgets/dialogs/dialog_base.cpp.o
/build/yarock/src/Yarock-1.5.2/src/views/context/lyricseditor.cpp: In member function ‘void LyricsEditor::saveLyrics()’:
/build/yarock/src/Yarock-1.5.2/src/views/context/lyricseditor.cpp:122:20: warning: ignoring return value of ‘virtual bool QFile::open(QIODeviceBase::OpenMode)’, declared with attribute ‘nodiscard’ [-Wunused-result]
  122 |     lyricsFile.open(QIODevice::WriteOnly | QIODevice::Text);
      |     ~~~~~~~~~~~~~~~^~~~~~~~~~~~~~~~~~~~~~~~~~~~~~~~~~~~~~~~
In file included from /usr/include/qt6/QtCore/QFile:1,
                 from /build/yarock/src/Yarock-1.5.2/src/views/context/lyricseditor.cpp:28:
/usr/include/qt6/QtCore/qfile.h:264:32: note: declared here
  264 |     QFILE_MAYBE_NODISCARD bool open(OpenMode flags) override;
      |                                ^~~~
[ 65%] Building CXX object CMakeFiles/yarock.dir/src/widgets/dialogs/database_add.cpp.o
[ 65%] Building CXX object CMakeFiles/yarock.dir/src/widgets/dialogs/addstreamdialog.cpp.o
[ 66%] Building CXX object CMakeFiles/yarock.dir/src/widgets/dialogs/database_operation.cpp.o
[ 66%] Building CXX object CMakeFiles/yarock.dir/src/widgets/dialogs/shortcutdialog.cpp.o
[ 67%] Building CXX object CMakeFiles/yarock.dir/src/widgets/dialogs/filedialog.cpp.o
/build/yarock/src/Yarock-1.5.2/src/views/local/local_scene.cpp: In member function ‘void LocalScene::populatePlaylistOverviewScene()’:
/build/yarock/src/Yarock-1.5.2/src/views/local/local_scene.cpp:863:9: warning: variable ‘idx’ set but not used [-Wunused-but-set-variable=]
  863 |     int idx    = 0;
      |         ^~~
/build/yarock/src/Yarock-1.5.2/src/views/local/local_scene.cpp: In member function ‘void LocalScene::populatePlaylistSmartScene()’:
/build/yarock/src/Yarock-1.5.2/src/views/local/local_scene.cpp:989:9: warning: variable ‘idx’ set but not used [-Wunused-but-set-variable=]
  989 |     int idx = 0;
      |         ^~~
[ 67%] Building CXX object CMakeFiles/yarock.dir/src/widgets/editors/editor_album.cpp.o
[ 68%] Building CXX object CMakeFiles/yarock.dir/src/widgets/editors/editor_artist.cpp.o
[ 69%] Building CXX object CMakeFiles/yarock.dir/src/widgets/editors/editor_track.cpp.o
[ 69%] Building CXX object CMakeFiles/yarock.dir/src/widgets/editors/editor_stream.cpp.o
[ 70%] Building CXX object CMakeFiles/yarock.dir/src/widgets/editors/editor_common.cpp.o
[ 70%] Building CXX object CMakeFiles/yarock.dir/src/widgets/editors/editor_playlist.cpp.o
[ 71%] Building CXX object CMakeFiles/yarock.dir/src/widgets/editors/editor_smart.cpp.o
[ 71%] Building CXX object CMakeFiles/yarock.dir/src/widgets/editors/editor_search.cpp.o
[ 72%] Building CXX object CMakeFiles/yarock.dir/src/widgets/main/centralwidget.cpp.o
[ 72%] Building CXX object CMakeFiles/yarock.dir/src/widgets/main/main_right.cpp.o
[ 73%] Building CXX object CMakeFiles/yarock.dir/src/widgets/main/main_left.cpp.o
[ 73%] Building CXX object CMakeFiles/yarock.dir/src/widgets/main/menumodel.cpp.o
[ 74%] Building CXX object CMakeFiles/yarock.dir/src/widgets/main/menuwidget.cpp.o
[ 75%] Building CXX object CMakeFiles/yarock.dir/src/widgets/main/menubar.cpp.o
[ 75%] Building CXX object CMakeFiles/yarock.dir/src/widgets/playertoolbar/audiocontrols.cpp.o
[ 76%] Building CXX object CMakeFiles/yarock.dir/src/widgets/playertoolbar/playertoolbarbase.cpp.o
[ 76%] Building CXX object CMakeFiles/yarock.dir/src/widgets/playertoolbar/playertoolbarcompact.cpp.o
[ 77%] Building CXX object CMakeFiles/yarock.dir/src/widgets/playertoolbar/playertoolbarfull.cpp.o
[ 77%] Building CXX object CMakeFiles/yarock.dir/src/widgets/playertoolbar/volumebutton.cpp.o
[ 78%] Building CXX object CMakeFiles/yarock.dir/src/widgets/playertoolbar/seekslider.cpp.o
[ 78%] Building CXX object CMakeFiles/yarock.dir/src/widgets/playertoolbar/seeksliderpopup.cpp.o
[ 79%] Building CXX object CMakeFiles/yarock.dir/src/widgets/popupcompleter/popup_item.cpp.o
[ 80%] Building CXX object CMakeFiles/yarock.dir/src/widgets/popupcompleter/popup_model.cpp.o
[ 80%] Building CXX object CMakeFiles/yarock.dir/src/widgets/popupcompleter/popup_view.cpp.o
[ 81%] Building CXX object CMakeFiles/yarock.dir/src/widgets/popupcompleter/search_popup.cpp.o
[ 81%] Building CXX object CMakeFiles/yarock.dir/src/widgets/customsplitter.cpp.o
[ 82%] Building CXX object CMakeFiles/yarock.dir/src/widgets/equalizer/equalizer_dialog.cpp.o
[ 82%] Building CXX object CMakeFiles/yarock.dir/src/widgets/equalizer/equalizer_preset.cpp.o
[ 83%] Building CXX object CMakeFiles/yarock.dir/src/widgets/equalizer/equalizer_slider.cpp.o
[ 83%] Building CXX object CMakeFiles/yarock.dir/src/widgets/exlineedit.cpp.o
[ 84%] Building CXX object CMakeFiles/yarock.dir/src/widgets/header_widget.cpp.o
[ 84%] Building CXX object CMakeFiles/yarock.dir/src/widgets/iconloader.cpp.o
[ 85%] Building CXX object CMakeFiles/yarock.dir/src/widgets/minimalwidget.cpp.o
[ 86%] Building CXX object CMakeFiles/yarock.dir/src/widgets/ratingwidget.cpp.o
[ 86%] Building CXX object CMakeFiles/yarock.dir/src/widgets/searchline_edit.cpp.o
[ 87%] Building CXX object CMakeFiles/yarock.dir/src/widgets/statusmanager.cpp.o
[ 87%] Building CXX object CMakeFiles/yarock.dir/src/widgets/spacer.cpp.o
[ 88%] Building CXX object CMakeFiles/yarock.dir/src/widgets/sort_widget.cpp.o
[ 88%] Building CXX object CMakeFiles/yarock.dir/src/widgets/tagwidget.cpp.o
[ 89%] Building CXX object CMakeFiles/yarock.dir/src/infosystem/info_service.cpp.o
[ 89%] Building CXX object CMakeFiles/yarock.dir/src/infosystem/info_system.cpp.o
[ 90%] Building CXX object CMakeFiles/yarock.dir/src/infosystem/info_system_worker.cpp.o
[ 91%] Building CXX object CMakeFiles/yarock.dir/src/infosystem/services/service_discogs.cpp.o
[ 91%] Building CXX object CMakeFiles/yarock.dir/src/infosystem/services/service_lastfm.cpp.o
In file included from /build/yarock/src/Yarock-1.5.2/src/infosystem/info_system_worker.cpp:23:
/build/yarock/src/Yarock-1.5.2/src/infosystem/services/service_lyrics.h:17: warning: header guard ‘_SERVICE_LYRICS_H_’ followed by ‘#define’ of a different macro [-Wheader-guard]
   17 | #ifndef _SERVICE_LYRICS_H_
/build/yarock/src/Yarock-1.5.2/src/infosystem/services/service_lyrics.h:18: note: ‘_SERVICE_LYRICS_H’ is defined here; did you mean ‘_SERVICE_LYRICS_H_’?
   18 | #define _SERVICE_LYRICS_H
[ 92%] Building CXX object CMakeFiles/yarock.dir/src/infosystem/services/service_musicbrainz.cpp.o
[ 92%] Building CXX object CMakeFiles/yarock.dir/src/infosystem/services/service_lyrics.cpp.o
[ 93%] Building CXX object CMakeFiles/yarock.dir/src/infosystem/services/service_spotify.cpp.o
[ 93%] Building CXX object CMakeFiles/yarock.dir/src/infosystem/services/ultimatelyricsprovider.cpp.o
In file included from /build/yarock/src/Yarock-1.5.2/src/infosystem/services/service_lyrics.cpp:2:
/build/yarock/src/Yarock-1.5.2/src/infosystem/services/service_lyrics.h:17: warning: header guard ‘_SERVICE_LYRICS_H_’ followed by ‘#define’ of a different macro [-Wheader-guard]
   17 | #ifndef _SERVICE_LYRICS_H_
/build/yarock/src/Yarock-1.5.2/src/infosystem/services/service_lyrics.h:18: note: ‘_SERVICE_LYRICS_H’ is defined here; did you mean ‘_SERVICE_LYRICS_H_’?
   18 | #define _SERVICE_LYRICS_H
[ 94%] Building CXX object CMakeFiles/yarock.dir/src/infosystem/services/ultimatelyricsreader.cpp.o
[ 94%] Building CXX object CMakeFiles/yarock.dir/src/infosystem/tasks/tagsearch.cpp.o
[ 95%] Building CXX object CMakeFiles/yarock.dir/mpris2Player.cpp.o
[ 95%] Building CXX object CMakeFiles/yarock.dir/mpris2Root.cpp.o
[ 96%] Building CXX object CMakeFiles/yarock.dir/qrc_yarock.cpp.o
[ 97%] Linking CXX executable yarock
[ 98%] Built target yarock
[ 98%] Built target engineqtmultimedia_autogen_timestamp_deps
[ 98%] Automatic MOC and UIC for target engineqtmultimedia
[ 98%] Built target engineqtmultimedia_autogen
[ 99%] Building CXX object src/core/player/qtmultimedia/CMakeFiles/engineqtmultimedia.dir/engine_qtmultimedia.cpp.o
[ 99%] Building CXX object src/core/player/qtmultimedia/CMakeFiles/engineqtmultimedia.dir/engineqtmultimedia_autogen/mocs_compilation.cpp.o
[100%] Linking CXX shared library ../../../../lib/libengineqtmultimedia.so
[100%] Built target engineqtmultimedia
